(Jan 08 2017 00:49:17,  410308 sec) TelemetryInit()      Profile 76. (Apf9i FwRev: 012811)
(Jan 08 2017 00:56:10,  410722 sec) AirSystem()          Battery [188cnt, 14.6V]  Current [71cnt, 28.6mA]  Barometer [127cnt, 6.8"Hg]  Run-Time [47s]
(Jan 08 2017 00:57:19,  410790 sec) GpsServices()        GPS almanac is current.
(Jan 08 2017 00:57:19,  410790 sec) GpsServices()        Initiating GPS fix acquisition.
(Jan 08 2017 00:57:37,  410808 sec) gga()                $GPGGA,005700,1222.1705,N,08308.5375,E,0,00,,,M,,M,,*58
(Jan 08 2017 00:57:43,  410815 sec) gga()                $GPGGA,005710,1222.1705,N,08308.5375,E,0,00,,,M,,M,,*59
(Jan 08 2017 00:57:53,  410825 sec) gga()                $GPGGA,005720,1222.1705,N,08308.5375,E,0,00,,,M,,M,,*5A
(Jan 08 2017 00:58:03,  410835 sec) gga()                $GPGGA,005730,1222.1705,N,08308.5375,E,0,00,,,M,,M,,*5B
(Jan 08 2017 00:58:10,  410841 sec) gga()                $GPGGA,005730,1222.1705,N,08308.5375,E,0,00,,,M,,M,,*5B
(Jan 08 2017 00:58:16,  410847 sec) gga()                $GPGGA,005740,1222.1705,N,08308.5375,E,0,00,,,M,,M,,*5C
(Jan 08 2017 00:58:23,  410855 sec) gga()                $GPGGA,005750,1222.1705,N,08308.5375,E,0,00,,,M,,M,,*5D
(Jan 08 2017 00:58:52,  410883 sec) gga()                $GPGGA,005800,1215.7289,N,08316.3632,E,1,10,0.8,-8.3,M,-86.4,M,,*4C
(Jan 08 2017 00:58:52,  410883 sec) GpsServices()        Profile 76 GPS fix obtained in 93 seconds.
(Jan 08 2017 00:58:52,  410884 sec) GpsServices()                  lon     lat mm/dd/yyyy hhmmss nsat
(Jan 08 2017 00:58:52,  410884 sec) GpsServices()        Fix:   83.273  12.262 01/08/2017 005800   10
(Jan 08 2017 00:59:22,  410913 sec) gga()                $GPGGA,005830,1215.7302,N,08316.3594,E,1,10,0.8,-8.4,M,-86.4,M,,*45
(Jan 08 2017 00:59:27,  410919 sec) gga()                $GPGGA,005900,1215.7331,N,08316.3555,E,1,11,0.8,-8.3,M,-86.4,M,,*4C
(Jan 08 2017 00:59:28,  410919 sec) GpsServices()        APF9 RTC skew (28s) OK.
(Jan 08 2017 00:59:28,  410919 sec) LogNmeaSentences()   ,60,148,49,18,26,249,44,20,58,326,47,21,12,305,41*70
(Jan 08 2017 00:59:28,  410920 sec) LogNmeaSentences()   $GPGSV,3,3,11,24,11,173,39,25,40,246,43,29,47,340,47*48
(Jan 08 2017 00:59:28,  410920 sec) LogNmeaSentences()   $PGRMT,GPS 15x-L software ver. 3.90,,,,,,,,*7D
(Jan 08 2017 00:59:37,  410929 sec) LogNmeaSentences()   $GPRMC,005910,A,1215.7341,N,08316.3546,E,000.0,018.7,080117,001.6,W*61
(Jan 08 2017 00:59:38,  410929 sec) LogNmeaSentences()   $GPGGA,005910,1215.7341,N,08316.3546,E,1,11,0.8,-8.1,M,-86.4,M,,*4A
(Jan 08 2017 00:59:38,  410930 sec) LogNmeaSentences()   $GPGSA,A,3,02,05,12,13,15,18,20,21,24,25,29,,1.1,0.8,0.8*32
(Jan 08 2017 00:59:38,  410930 sec) LogNmeaSentences()   $GPGSV,3,1,11,02,20,069,40,05,25,029,45,12,33,195,46,13,46,089,45*74
(Jan 08 2017 00:59:39,  410930 sec) LogNmeaSentences()   $GPGSV,3,2,11,15,60,148,46,18,26,249,44,20,58,326,48,21,12,305,42*73
(Jan 08 2017 00:59:39,  410931 sec) LogNmeaSentences()   $GPGSV,3,3,11,24,11,173,38,25,40,246,45,29,47,340,48*40
(Jan 08 2017 00:59:47,  410939 sec) LogNmeaSentences()   $GPRMC,005920,A,1215.7351,N,08316.3533,E,000.5,285.4,080117,001.6,W*61
(Jan 08 2017 00:59:48,  410939 sec) LogNmeaSentences()   $GPGGA,005920,1215.7351,N,08316.3533,E,1,11,0.8,-8.4,M,-86.4,M,,*4F
(Jan 08 2017 00:59:48,  410940 sec) LogNmeaSentences()   $GPGSA,A,3,02,05,12,13,15,18,20,21,24,25,29,,1.1,0.8,0.8*32
(Jan 08 2017 00:59:48,  410940 sec) LogNmeaSentences()   $GPGSV,3,1,11,02,20,069,44,05,25,029,45,12,33,195,47,13,46,089,48*7C
(Jan 08 2017 00:59:49,  410940 sec) LogNmeaSentences()   $GPGSV,3,2,11,15,61,148,48,18,26,249,44,20,58,326,47,21,12,305,41*70
(Jan 08 2017 00:59:49,  410941 sec) LogNmeaSentences()   $GPGSV,3,3,11,24,11,173,41,25,40,246,44,29,47,340,47*40
(Jan 08 2017 00:59:57,  410949 sec) LogNmeaSentences()   $GPRMC,005930,A,1215.7360,N,08316.3526,E,001.6,296.7,080117,001.6,W*65
(Jan 08 2017 00:59:58,  410949 sec) LogNmeaSentences()   $GPGGA,005930,1215.7360,N,08316.3526,E,1,11,0.8,-8.6,M,-86.4,M,,*4A
(Jan 08 2017 00:59:58,  410950 sec) LogNmeaSentences()   $GPGSA,A,3,02,05,12,13,15,18,20,21,24,25,29,,1.1,0.8,0.8*32
(Jan 08 2017 00:59:58,  410950 sec) LogNmeaSentences()   $GPGSV,3,1,11,02,20,069,43,05,25,029,43,12,33,195,47,13,46,089,48*7D
(Jan 08 2017 00:59:59,  410950 sec) GpsServices()        GPS services complete.
(Jan 08 2017 01:00:39,  410991 sec) CLogin()             Connecting to primary host.
(Jan 08 2017 01:00:57,  411008 sec) CLogin()             Connection 1 established in 18 seconds.
(Jan 08 2017 01:01:10,  411022 sec) login()              Login successful.
(Jan 08 2017 01:01:15,  411027 sec) CLogin()             Logged in to host.  [Login required 18 seconds]
(Jan 08 2017 01:01:24,  411035 sec) RxConfig()           Downloading "mission.cfg" from host.
(Jan 08 2017 01:01:26,  411037 sec) Rx()                 Initiating transfer. [0x43]
(Jan 08 2017 01:01:30,  411042 sec) RxStartByte()        Sync errors encountered: 468
(Jan 08 2017 01:01:33,  411044 sec) Rx()                 Pad character [0x1a] found in ascii mode - truncating packet.
(Jan 08 2017 01:01:38,  411049 sec) Rx()                 Received EOT - transfer complete. [1 packets, 1024 bytes, 12 sec, 85.3 bps]
(Jan 08 2017 01:01:38,  411049 sec) RxConfig()           Download successful.
(Jan 08 2017 01:01:52,  411063 sec) WriteVitals()        Writing vitals to "7546.076.msg".
(Jan 08 2017 01:02:03,  411074 sec) UpLoadFile()         Uploading "7546.076.msg" to host as "7546.076.msg".
(Jan 08 2017 01:02:04,  411076 sec) Tx()                 CRC negotiation successful. [16-bit CRC]
(Jan 08 2017 01:04:29,  411220 sec) Tx()                 Transmission completed successfully [24 packets, 24550 bytes, 143 sec, 171.9 bps]
(Jan 08 2017 01:04:29,  411221 sec) UpLoadFile()         Upload successful.
(Jan 08 2017 01:04:37,  411229 sec) UpLoadFile()         Uploading "7546.076.log" to host as "7546.076.log".
(Jan 08 2017 01:04:42,  411233 sec) Tx()                 CRC negotiation successful. [16-bit CRC]
(Jan 08 2017 01:06:07,  411319 sec) TxPacket()           NAK received - resending packet. [PktNum=0x0d]
(Jan 08 2017 01:06:07,  411319 sec) TxPacket()           Packet xmit history: [00000001] (0:ok, 1:fail).
(Jan 08 2017 01:06:35,  411347 sec) TxPacket()           NAK received - resending packet. [PktNum=0x11]
(Jan 08 2017 01:06:36,  411347 sec) TxPacket()           Packet xmit history: [00100001] (0:ok, 1:fail).
(Jan 08 2017 01:06:51,  411363 sec) TxPacket()           NAK received - resending packet. [PktNum=0x12]
(Jan 08 2017 01:06:51,  411363 sec) TxPacket()           Packet xmit history: [10000101] (0:ok, 1:fail).
(Jan 08 2017 01:07:05,  411376 sec) TxPacket()           NAK received - resending packet. [PktNum=0x13]
(Jan 08 2017 01:07:05,  411376 sec) TxPacket()           Packet xmit history: [00010101] (0:ok, 1:fail).
(Jan 08 2017 01:07:21,  411393 sec) TxPacket()           NAK received - resending packet. [PktNum=0x15]
(Jan 08 2017 01:07:22,  411393 sec) TxPacket()           Packet xmit history: [10101001] (0:ok, 1:fail).
(Jan 08 2017 01:08:02,  411434 sec) Tx()                 Transmission completed successfully [27 packets, 27088 bytes, 199 sec, 138.9 bps]
(Jan 08 2017 01:08:03,  411434 sec) UpLoadFile()         Upload successful.
(Jan 08 2017 01:08:09,  411440 sec) UpLoad()             Files successfully uploaded: 2
(Jan 08 2017 01:08:09,  411440 sec) UpLoad()             Upload complete.
(Jan 08 2017 01:08:13,  411444 sec) logout()             Log-out successful.
(Jan 08 2017 01:08:14,  411445 sec) Telemetry()          Telemetry cycle complete: PrfId=76 ConnectionAttempts=1  Connections=1
(Jan 08 2017 01:08:14,  411446 sec) TelemetryTerminate() Parsing new mission configuration.
(Jan 08 2017 01:08:16,  411447 sec) configure()          Parsing configurators in "mission.cfg".
(Jan 08 2017 01:08:19,  411451 sec) configure()             TelemetryRetry(15)      [0x7BBC] [TelemetryRetry(15)].
(Jan 08 2017 01:08:20,  411451 sec) configure()          Configuration CRCs and syntax OK.
(Jan 08 2017 01:08:20,  411451 sec) ConfigSupervisor()   Configuration accepted.
(Jan 08 2017 01:08:20,  411451 sec) TelemetryTerminate() Reconditioning the file system.
(Jan 08 2017 01:08:30,       7 sec) DescentInit()        Deep profile 77 initiated at mission-time 411454sec.
(Jan 08 2017 01:08:32,      10 sec) DescentInit()        Surface pressure: -0.3dbars.
(Jan 08 2017 01:08:37,      15 sec) PistonMoveAbsWTO()    177->050 176 175 174 173 172 171 170 169 168 167 166 165 164 163 162 161 160 159 158 157 156 155 154 153 152 151 150 149 148 147 146 145 144 143 142 141 140 139 138 137 136 135 134 133 132 131 130 129 128 127 126 125 124 123 122 121 120 119 118 117 116 115 114 113 112 111 110 109 108 107 106 105 104 103 102 101 100 099 098 097 096 095 094 093 092 091 090 089 088 087 086 085 084 083 082 081 080 079 078 077 076 075 074 073 072 071 070 069 068 067 066 065 064 063 062 061 060 059 058 057 056 055 054 053 052 051 050 [658sec, 14.2Volts, 0.153Amps, CPT:658sec]
(Jan 08 2017 01:19:36,     673 sec) PistonMoveAbsWTO()    050->000 049 048 047 046 045 044 043 042 041 040 039 038 037 036 035 034 033 032 031 030 029 028 027 026 025 024 023 022 021 020 019 018 017 016 015 014 013 012 011 010 009 [213sec, 14.3Volts, 0.145Amps, CPT:871sec]
(Jan 08 2017 01:23:18,     896 sec) Descent()            Pressure: 78.0
(Jan 08 2017 02:08:26,    3604 sec) Descent()            Pressure: 391.2
(Jan 08 2017 03:08:26,    7204 sec) Descent()            Pressure: 852.0
(Jan 08 2017 03:08:26,    7204 sec) PistonMoveAbsWTO()    009->050 010 011 012 013 014 015 016 017 018 019 020 021 022 023 024 025 026 027 028 029 030 031 032 033 034 035 036 037 038 039 040 041 042 043 044 045 046 047 048 049 050 [236sec, 13.6Volts, 0.411Amps, CPT:1107sec]
(Jan 08 2017 04:08:26,   10804 sec) Descent()            Pressure: 894.1
(Jan 08 2017 05:08:26,   14404 sec) Descent()            Pressure: 932.5
(Jan 08 2017 06:08:26,   18004 sec) Descent()            Pressure: 948.4
(Jan 08 2017 06:08:26,   18004 sec) ParkInit()           
(Jan 08 2017 08:08:55,   25233 sec) Park()               ParkPOutOfBand[-3, 965.5 dbars]: retract piston.
(Jan 08 2017 08:08:56,   25234 sec) PistonMoveAbsWTO()    050->049 049 [1sec, 14.0Volts, 0.125Amps, CPT:1108sec]
(Jan 08 2017 11:08:55,   36033 sec) Park()               ParkPOutOfBand[-3, 985.9 dbars]: retract piston.
(Jan 08 2017 11:08:56,   36034 sec) PistonMoveAbsWTO()    049->048 048 [5sec, 14.0Volts, 0.113Amps, CPT:1113sec]
(Jan 08 2017 14:08:55,   46833 sec) Park()               ParkPOutOfBand[3, 1024.2 dbars]: extend piston.
(Jan 08 2017 14:08:56,   46834 sec) PistonMoveAbsWTO()    048->049 049 [2sec, 13.6Volts, 0.463Amps, CPT:1115sec]
(Jan 08 2017 17:08:55,   57633 sec) Park()               ParkPOutOfBand[3, 1014.5 dbars]: extend piston.
(Jan 08 2017 17:08:56,   57634 sec) PistonMoveAbsWTO()    049->050 050 [6sec, 13.4Volts, 0.471Amps, CPT:1121sec]
(Jan 11 2017 01:08:56,  259234 sec) Park()               ParkPOutOfBand[3, 1011.2 dbars]: extend piston.
(Jan 11 2017 01:08:57,  259234 sec) PistonMoveAbsWTO()    050->051 051 [7sec, 13.2Volts, 0.471Amps, CPT:1128sec]
(Jan 11 2017 04:08:56,  270034 sec) Park()               ParkPOutOfBand[-3, 973.5 dbars]: retract piston.
(Jan 11 2017 04:08:57,  270034 sec) PistonMoveAbsWTO()    051->050 050 [3sec, 13.9Volts, 0.105Amps, CPT:1131sec]
(Jan 11 2017 07:08:56,  280834 sec) Park()               ParkPOutOfBand[-3, 987.2 dbars]: retract piston.
(Jan 11 2017 07:08:57,  280834 sec) PistonMoveAbsWTO()    050->049 049 [6sec, 13.9Volts, 0.117Amps, CPT:1137sec]
(Jan 11 2017 10:08:56,  291634 sec) Park()               ParkPOutOfBand[3, 1023.4 dbars]: extend piston.
(Jan 11 2017 10:08:57,  291634 sec) PistonMoveAbsWTO()    049->050 050 [3sec, 13.6Volts, 0.471Amps, CPT:1140sec]
(Jan 11 2017 13:08:56,  302434 sec) Park()               ParkPOutOfBand[3, 1013.7 dbars]: extend piston.
(Jan 11 2017 13:08:57,  302434 sec) PistonMoveAbsWTO()    050->051 051 [8sec, 13.3Volts, 0.471Amps, CPT:1148sec]
(Jan 11 2017 16:08:56,  313234 sec) Park()               ParkPOutOfBand[-3, 973.7 dbars]: retract piston.
(Jan 11 2017 16:08:57,  313234 sec) PistonMoveAbsWTO()    051->050 050 [3sec, 13.8Volts, 0.109Amps, CPT:1151sec]
(Jan 11 2017 19:08:56,  324034 sec) Park()               ParkPOutOfBand[-3, 986.4 dbars]: retract piston.
(Jan 11 2017 19:08:57,  324034 sec) PistonMoveAbsWTO()    050->049 049 [6sec, 13.9Volts, 0.125Amps, CPT:1157sec]
(Jan 11 2017 22:08:58,  334836 sec) Park()               ParkPOutOfBand[3, 1019.8 dbars]: extend piston.
(Jan 11 2017 22:08:58,  334836 sec) PistonMoveAbsWTO()    049->050 050 [2sec, 13.6Volts, 0.463Amps, CPT:1159sec]
(Jan 12 2017 01:08:58,  345636 sec) Park()               ParkPOutOfBand[3, 1012.9 dbars]: extend piston.
(Jan 12 2017 01:08:58,  345636 sec) PistonMoveAbsWTO()    050->051 051 [7sec, 13.3Volts, 0.471Amps, CPT:1166sec]
(Jan 12 2017 04:08:58,  356436 sec) Park()               ParkPOutOfBand[-3, 984.0 dbars]: retract piston.
(Jan 12 2017 04:08:58,  356436 sec) PistonMoveAbsWTO()    051->050 050 [2sec, 14.0Volts, 0.121Amps, CPT:1168sec]
(Jan 12 2017 09:08:47,  374425 sec) CtdPower()           [  993.43,  6.9378, 34.9604]
(Jan 12 2017 09:08:48,  374425 sec) CtdPower()           CTD Power consumption [184VCnt 9ACnt]: 14.263Volts * 0.036Amps = 0.52Watts.
(Jan 12 2017 09:08:48,  374426 sec) ParkTerminate()      Piston Position:50 Vacuum:80 Vq:195 Aq:4 Vsbe:184 Asbe:9
(Jan 12 2017 09:09:15,  374453 sec) ParkTerminate()      PTS: 992.8dbars 6.9357C 34.9612PSU
(Jan 12 2017 09:09:16,  374454 sec) GoDeepInit()         Moving piston.
(Jan 12 2017 09:09:16,  374454 sec) PistonMoveAbsWTO()    050->012 049 048 047 046 045 044 043 042 041 040 039 038 037 036 035 034 033 032 031 030 029 028 027 026 025 024 023 022 021 020 019 018 017 016 015 014 013 012 [199sec, 14.0Volts, 0.097Amps, CPT:1367sec]
(Jan 12 2017 14:08:26,  392404 sec) ProfileInit()        PrfId:077  Pressure:1992.9dbar  pTable[1]:1950dbar
(Jan 12 2017 14:09:56,  392493 sec) Sbe41cpStartCP()     Continuous profile started.
(Jan 12 2017 14:09:56,  392494 sec) PistonMoveAbsWTO()    012->034 013 014 015 016 017 [30sec, 12.9Volts, 0.846Amps, CPT:1397sec]
(Jan 12 2017 14:10:37,  392535 sec) PistonMoveAbsWTO()    017->034 018 019 020 021 [30sec, 12.7Volts, 0.834Amps, CPT:1427sec]
(Jan 12 2017 14:11:18,  392576 sec) PistonMoveAbsWTO()    021->034 022 023 024 025 [30sec, 12.6Volts, 0.842Amps, CPT:1457sec]
(Jan 12 2017 14:11:59,  392617 sec) PistonMoveAbsWTO()    025->034 026 027 028 029 030 [30sec, 12.6Volts, 0.810Amps, CPT:1487sec]
(Jan 12 2017 14:12:40,  392658 sec) PistonMoveAbsWTO()    030->034 031 032 033 034 [29sec, 12.4Volts, 0.802Amps, CPT:1516sec]
(Jan 12 2017 15:04:05,  395743 sec) AscentControlAgent() Bouyancy nudge to 44 (v=0.073dbar/sec).
(Jan 12 2017 15:04:05,  395743 sec) PistonMoveAbsWTO()    034->044 035 036 037 038 [30sec, 13.2Volts, 0.717Amps, CPT:1546sec]
(Jan 12 2017 15:04:45,  395783 sec) PistonMoveAbsWTO()    038->044 039 040 041 042 043 [30sec, 13.0Volts, 0.681Amps, CPT:1576sec]
(Jan 12 2017 15:05:25,  395823 sec) PistonMoveAbsWTO()    043->044 044 [6sec, 12.9Volts, 0.717Amps, CPT:1582sec]
(Jan 12 2017 15:51:25,  398583 sec) AscentControlAgent() Bouyancy nudge to 54 (v=0.077dbar/sec).
(Jan 12 2017 15:51:25,  398583 sec) PistonMoveAbsWTO()    044->054 045 046 047 048 [30sec, 13.3Volts, 0.629Amps, CPT:1612sec]
(Jan 12 2017 15:52:05,  398623 sec) PistonMoveAbsWTO()    048->054 049 050 051 052 053 [30sec, 13.1Volts, 0.625Amps, CPT:1642sec]
(Jan 12 2017 15:52:45,  398663 sec) PistonMoveAbsWTO()    053->054 054 [5sec, 13.1Volts, 0.621Amps, CPT:1647sec]
(Jan 12 2017 16:43:51,  401729 sec) AscentControlAgent() Bouyancy nudge to 64 (v=0.077dbar/sec).
(Jan 12 2017 16:43:51,  401729 sec) PistonMoveAbsWTO()    054->064 055 056 057 058 059 [30sec, 13.5Volts, 0.548Amps, CPT:1677sec]
(Jan 12 2017 16:44:31,  401769 sec) PistonMoveAbsWTO()    059->064 060 061 062 063 [30sec, 13.3Volts, 0.548Amps, CPT:1707sec]
(Jan 12 2017 16:45:12,  401810 sec) PistonMoveAbsWTO()    063->064 064 [1sec, 13.3Volts, 0.548Amps, CPT:1708sec]
(Jan 12 2017 17:36:13,  404871 sec) AscentControlAgent() Bouyancy nudge to 74 (v=0.078dbar/sec).
(Jan 12 2017 17:36:13,  404871 sec) PistonMoveAbsWTO()    064->074 065 066 067 068 069 [30sec, 13.6Volts, 0.447Amps, CPT:1738sec]
(Jan 12 2017 17:36:53,  404911 sec) PistonMoveAbsWTO()    069->074 070 071 072 073 074 [30sec, 13.5Volts, 0.447Amps, CPT:1768sec]
(Jan 12 2017 19:29:35,  411673 sec) AscentControlAgent() Bouyancy nudge to 84 (v=0.059dbar/sec).
(Jan 12 2017 19:29:35,  411673 sec) PistonMoveAbsWTO()    074->084 075 076 077 078 079 [30sec, 14.0Volts, 0.218Amps, CPT:1798sec]
(Jan 12 2017 19:30:15,  411713 sec) PistonMoveAbsWTO()    079->084 080 081 082 083 084 [24sec, 14.0Volts, 0.210Amps, CPT:1822sec]
(Jan 12 2017 19:35:46,  412044 sec) AscentControlAgent() Bouyancy nudge to 94 (v=0.072dbar/sec).
(Jan 12 2017 19:35:46,  412044 sec) PistonMoveAbsWTO()    084->094 085 086 087 088 089 [30sec, 14.0Volts, 0.214Amps, CPT:1852sec]
(Jan 12 2017 19:36:26,  412084 sec) PistonMoveAbsWTO()    089->094 090 091 092 093 094 [25sec, 14.0Volts, 0.210Amps, CPT:1877sec]
(Jan 12 2017 19:41:57,  412415 sec) AscentControlAgent() Bouyancy nudge to 104 (v=0.076dbar/sec).
(Jan 12 2017 19:41:57,  412415 sec) PistonMoveAbsWTO()    094->104 095 096 097 098 099 [30sec, 14.0Volts, 0.210Amps, CPT:1907sec]
(Jan 12 2017 19:42:37,  412455 sec) PistonMoveAbsWTO()    099->104 100 101 102 103 104 [26sec, 14.0Volts, 0.197Amps, CPT:1933sec]
(Jan 12 2017 19:48:09,  412787 sec) AscentControlAgent() Bouyancy nudge to 114 (v=0.053dbar/sec).
(Jan 12 2017 19:48:09,  412787 sec) PistonMoveAbsWTO()    104->114 105 106 107 108 109 [30sec, 14.0Volts, 0.197Amps, CPT:1963sec]
(Jan 12 2017 19:48:49,  412827 sec) PistonMoveAbsWTO()    109->114 110 111 112 113 114 [24sec, 14.0Volts, 0.197Amps, CPT:1987sec]
(Jan 12 2017 19:54:20,  413158 sec) AscentControlAgent() Bouyancy nudge to 124 (v=0.025dbar/sec).
(Jan 12 2017 19:54:20,  413158 sec) PistonMoveAbsWTO()    114->124 115 116 117 118 119 [30sec, 14.0Volts, 0.193Amps, CPT:2017sec]
(Jan 12 2017 19:55:00,  413198 sec) PistonMoveAbsWTO()    119->124 120 121 122 123 124 [24sec, 14.0Volts, 0.185Amps, CPT:2041sec]
(Jan 12 2017 19:59:26,  413464 sec) AscentControlAgent() Bouyancy nudge to 134 (v=0.021dbar/sec).
(Jan 12 2017 19:59:26,  413464 sec) PistonMoveAbsWTO()    124->134 125 126 127 128 129 [30sec, 14.0Volts, 0.185Amps, CPT:2071sec]
(Jan 12 2017 20:00:06,  413504 sec) PistonMoveAbsWTO()    129->134 130 131 132 133 134 [24sec, 14.0Volts, 0.189Amps, CPT:2095sec]
(Jan 12 2017 20:04:33,  413771 sec) AscentControlAgent() Bouyancy nudge to 144 (v=0.010dbar/sec).
(Jan 12 2017 20:04:33,  413771 sec) PistonMoveAbsWTO()    134->144 135 136 137 138 139 [30sec, 14.0Volts, 0.189Amps, CPT:2125sec]
(Jan 12 2017 20:05:13,  413811 sec) PistonMoveAbsWTO()    139->144 140 141 142 143 144 [24sec, 14.0Volts, 0.197Amps, CPT:2149sec]
(Jan 12 2017 20:09:39,  414077 sec) AscentControlAgent() Bouyancy nudge to 154 (v=0.005dbar/sec).
(Jan 12 2017 20:09:39,  414077 sec) PistonMoveAbsWTO()    144->154 145 146 147 148 149 [30sec, 14.1Volts, 0.193Amps, CPT:2179sec]
(Jan 12 2017 20:10:19,  414117 sec) PistonMoveAbsWTO()    149->154 150 151 152 153 154 [24sec, 14.1Volts, 0.189Amps, CPT:2203sec]
(Jan 12 2017 20:14:45,  414383 sec) AscentControlAgent() Bouyancy nudge to 164 (v=0.064dbar/sec).
(Jan 12 2017 20:14:45,  414383 sec) PistonMoveAbsWTO()    154->164 155 156 [15sec, 14.1Volts, 0.185Amps, CPT:2218sec]
(Jan 12 2017 20:15:10,  414408 sec) PistonMoveAbsWTO()    156->164 157 158 159 [15sec, 14.1Volts, 0.185Amps, CPT:2233sec]
(Jan 12 2017 20:15:35,  414433 sec) PistonMoveAbsWTO()    159->164 160 161 162 [15sec, 14.1Volts, 0.185Amps, CPT:2248sec]
(Jan 12 2017 20:16:00,  414458 sec) PistonMoveAbsWTO()    162->164 163 164 [10sec, 14.1Volts, 0.181Amps, CPT:2258sec]
(Jan 12 2017 20:16:53,  414511 sec) SurfaceDetect()      SurfacePressure:-0.3dbars Pressure:3.6dbars PistonPosition:164
(Jan 12 2017 20:16:54,  414512 sec) Sbe41cpStopCP()      Continuous profile stopped.
(Jan 12 2017 20:17:00,  414518 sec) PistonMoveAbsWTO()    164->186 165 166 167 168 169 170 171 172 173 174 175 176 177 178 179 180 181 182 183 184 185 186 [118sec, 14.1Volts, 0.153Amps, CPT:2376sec]
(Jan 12 2017 20:19:07,  414644 sec) sbe41cp.c:chat()     Expected string [S>] not received.
(Jan 12 2017 20:24:00,  414938 sec) Sbe41cpBinAverage()  Finished averaging 22049 samples in 289 seconds.
(Jan 12 2017 20:24:05,  414943 sec) Sbe41cpUploadCP()    Sbe41cpSerNo[7258] NSample[22049] NBin[998]
(Jan 12 2017 20:25:52,  415050 sec) Sbe41cpUploadCP()    Continuous profile uploaded [998 lines].

<EOT>
