(Dec 15 2016 01:04:03,  414965 sec) TelemetryInit()      Profile 71. (Apf9i FwRev: 012811)
(Dec 15 2016 01:10:53,  415374 sec) AirSystem()          Battery [188cnt, 14.6V]  Current [71cnt, 28.6mA]  Barometer [126cnt, 6.5"Hg]  Run-Time [45s]
(Dec 15 2016 01:11:37,  415418 sec) GpsServices()        GPS almanac is current.
(Dec 15 2016 01:11:37,  415418 sec) GpsServices()        Initiating GPS fix acquisition.
(Dec 15 2016 01:11:51,  415432 sec) gga()                $GPGGA,011120,1203.9301,N,08243.7011,E,0,00,,,M,,M,,*5F
(Dec 15 2016 01:12:08,  415449 sec) gga()                $GPGGA,011140,1203.9301,N,08243.7011,E,0,00,,,M,,M,,*59
(Dec 15 2016 01:12:18,  415459 sec) gga()                $GPGGA,011150,1203.9301,N,08243.7011,E,0,00,,,M,,M,,*58
(Dec 15 2016 01:12:46,  415488 sec) gga()                $GPGGA,011200,1154.5864,N,08244.5690,E,1,08,0.8,0.9,M,-88.6,M,,*6C
(Dec 15 2016 01:12:46,  415488 sec) GpsServices()        Profile 71 GPS fix obtained in 69 seconds.
(Dec 15 2016 01:12:46,  415488 sec) GpsServices()                  lon     lat mm/dd/yyyy hhmmss nsat
(Dec 15 2016 01:12:46,  415488 sec) GpsServices()        Fix:   82.743  11.910 12/15/2016 011200    8
(Dec 15 2016 01:13:16,  415518 sec) gga()                $GPGGA,011230,1154.5837,N,08244.5670,E,1,08,0.8,-4.9,M,-88.6,M,,*4E
(Dec 15 2016 01:13:22,  415523 sec) gga()                $GPGGA,011300,1154.5815,N,08244.5659,E,1,09,0.8,-3.3,M,-88.6,M,,*4B
(Dec 15 2016 01:13:22,  415523 sec) GpsServices()        APF9 RTC skew (22s) OK.
(Dec 15 2016 01:13:22,  415524 sec) LogNmeaSentences()   139,46,15,27,178,46,17,05,121,42,18,01,223,38*78
(Dec 15 2016 01:13:22,  415524 sec) LogNmeaSentences()   $GPGSV,3,3,12,19,16,111,41,20,56,242,49,21,02,273,33,24,12,205,42*7A
(Dec 15 2016 01:13:23,  415524 sec) LogNmeaSentences()   $PGRMT,GPS 15x-L software ver. 3.90,,,,,,,,*7D
(Dec 15 2016 01:13:32,  415533 sec) LogNmeaSentences()   $GPRMC,011310,A,1154.5808,N,08244.5657,E,000.4,212.2,151216,001.6,W*69
(Dec 15 2016 01:13:32,  415534 sec) LogNmeaSentences()   $GPGGA,011310,1154.5808,N,08244.5657,E,1,09,0.8,-3.7,M,-88.6,M,,*4C
(Dec 15 2016 01:13:32,  415534 sec) LogNmeaSentences()   $GPGSA,A,3,02,05,,12,13,15,17,,19,20,,24,1.1,0.8,0.8*3A
(Dec 15 2016 01:13:33,  415534 sec) LogNmeaSentences()   $GPGSV,3,1,12,02,28,032,41,05,61,021,47,06,04,060,27,12,66,243,49*7C
(Dec 15 2016 01:13:33,  415535 sec) LogNmeaSentences()   $GPGSV,3,2,12,13,31,139,45,15,27,178,46,17,05,121,38,18,01,223,21*7E
(Dec 15 2016 01:13:33,  415535 sec) LogNmeaSentences()   $GPGSV,3,3,12,19,16,111,42,20,56,242,48,21,02,273,33,24,12,205,42*78
(Dec 15 2016 01:13:42,  415543 sec) LogNmeaSentences()   $GPRMC,011320,A,1154.5801,N,08244.5654,E,001.0,019.9,151216,001.6,W*67
(Dec 15 2016 01:13:42,  415544 sec) LogNmeaSentences()   $GPGGA,011320,1154.5801,N,08244.5654,E,1,09,0.8,-3.5,M,-88.6,M,,*47
(Dec 15 2016 01:13:42,  415544 sec) LogNmeaSentences()   $GPGSA,A,3,02,05,,12,13,15,17,,19,20,,24,1.1,0.8,0.8*3A
(Dec 15 2016 01:13:43,  415544 sec) LogNmeaSentences()   $GPGSV,3,1,12,02,28,032,45,05,61,021,48,06,04,060,35,12,66,243,48*75
(Dec 15 2016 01:13:43,  415545 sec) LogNmeaSentences()   $GPGSV,3,2,12,13,31,138,45,15,27,178,44,17,05,121,40,18,01,223,22*71
(Dec 15 2016 01:13:43,  415545 sec) LogNmeaSentences()   $GPGSV,3,3,12,19,16,111,43,20,56,243,46,21,02,273,29,24,12,205,42*7D
(Dec 15 2016 01:13:51,  415553 sec) LogNmeaSentences()   $GPRMC,011330,A,1154.5790,N,08244.5650,E,000.8,185.2,151216,001.6,W*63
(Dec 15 2016 01:13:52,  415554 sec) LogNmeaSentences()   $GPGGA,011330,1154.5790,N,08244.5650,E,1,09,0.8,-2.8,M,-88.6,M,,*49
(Dec 15 2016 01:13:52,  415554 sec) LogNmeaSentences()   $GPGSA,A,3,02,05,,12,13,15,17,,19,20,,24,1.1,0.8,0.8*3A
(Dec 15 2016 01:13:53,  415554 sec) GpsServices()        GPS services complete.
(Dec 15 2016 01:14:33,  415595 sec) CLogin()             Connecting to primary host.
(Dec 15 2016 01:15:35,  415656 sec) chat()               Expected string [CONNECT] not received.
(Dec 15 2016 01:15:35,  415656 sec) modem_connect()      Modem command [AT+CBST=71,0,1;DT0088160000573] failed.
(Dec 15 2016 01:16:36,  415717 sec) chat()               Expected string [CONNECT] not received.
(Dec 15 2016 01:16:36,  415717 sec) modem_connect()      Modem command [AT+CBST=71,0,1;DT0088160000573] failed.
(Dec 15 2016 01:16:36,  415717 sec) connect()            Aborted after 2 failed attempts.
(Dec 15 2016 01:16:36,  415718 sec) CLogin()             Attempt to connect to primary host failed after 2 tries.  Connecting to alternate host.
(Dec 15 2016 01:17:37,  415778 sec) chat()               Expected string [CONNECT] not received.
(Dec 15 2016 01:17:37,  415778 sec) modem_connect()      Modem command [AT+CBST=7.0,1;DT0013016366303] failed.
(Dec 15 2016 01:18:38,  415839 sec) chat()               Expected string [CONNECT] not received.
(Dec 15 2016 01:18:38,  415839 sec) modem_connect()      Modem command [AT+CBST=7.0,1;DT0013016366303] failed.
(Dec 15 2016 01:18:38,  415839 sec) connect()            Aborted after 2 failed attempts.
(Dec 15 2016 01:18:38,  415840 sec) CLogin()             Attempt to connect to primary and alternate hosts failed - aborting.
(Dec 15 2016 01:18:38,  415840 sec) DownLoadMissionCfg() Connect/login failed.  Mission configuration not downloaded from remote host.
(Dec 15 2016 01:18:44,  415845 sec) CLogin()             Connecting to primary host.
(Dec 15 2016 01:18:54,  415856 sec) CLogin()             Connection 1 established in 10 seconds.
(Dec 15 2016 01:19:10,  415871 sec) login()              Login successful.
(Dec 15 2016 01:19:13,  415875 sec) CLogin()             Logged in to host.  [Login required 19 seconds]
(Dec 15 2016 01:19:23,  415885 sec) RxConfig()           Downloading "mission.cfg" from host.
(Dec 15 2016 01:19:26,  415887 sec) Rx()                 Initiating transfer. [0x43]
(Dec 15 2016 01:19:28,  415890 sec) RxStartByte()        Sync errors encountered: 671
(Dec 15 2016 01:19:31,  415893 sec) Rx()                 Pad character [0x1a] found in ascii mode - truncating packet.
(Dec 15 2016 01:19:36,  415897 sec) Rx()                 Received EOT - transfer complete. [1 packets, 1024 bytes, 10 sec, 102.4 bps]
(Dec 15 2016 01:19:36,  415897 sec) RxConfig()           Download successful.
(Dec 15 2016 01:19:50,  415911 sec) WriteVitals()        Writing vitals to "7546.071.msg".
(Dec 15 2016 01:19:58,  415919 sec) UpLoadFile()         Uploading "7546.071.msg" to host as "7546.071.msg".
(Dec 15 2016 01:20:00,  415922 sec) Tx()                 CRC negotiation successful. [16-bit CRC]
(Dec 15 2016 01:20:03,  415924 sec) TxPacket()           Invalid response [0x65] - resending packet. [PktNum=0x01]
(Dec 15 2016 01:20:03,  415924 sec) TxPacket()           Packet xmit history: [01110001] (0:ok, 1:fail).
(Dec 15 2016 01:22:13,  416054 sec) Tx()                 Transmission completed successfully [25 packets, 24522 bytes, 132 sec, 187.2 bps]
(Dec 15 2016 01:22:13,  416054 sec) UpLoadFile()         Upload successful.
(Dec 15 2016 01:22:19,  416060 sec) UpLoadFile()         Uploading "7546.071.log" to host as "7546.071.log".
(Dec 15 2016 01:22:21,  416062 sec) Tx()                 CRC negotiation successful. [16-bit CRC]
(Dec 15 2016 01:24:43,  416204 sec) Tx()                 Transmission completed successfully [26 packets, 25748 bytes, 141 sec, 188.8 bps]
(Dec 15 2016 01:24:43,  416205 sec) UpLoadFile()         Upload successful.
(Dec 15 2016 01:24:49,  416211 sec) UpLoad()             Files successfully uploaded: 2
(Dec 15 2016 01:24:49,  416211 sec) UpLoad()             Upload complete.
(Dec 15 2016 01:24:57,  416218 sec) chat()               Expected string [logout] not received.
(Dec 15 2016 01:24:57,  416218 sec) logout()             Attempt to log-out failed.
(Dec 15 2016 01:24:57,  416218 sec) logout()             No carrier detected.
(Dec 15 2016 01:24:57,  416218 sec) Telemetry()          Telemetry cycle complete: PrfId=71 ConnectionAttempts=1  Connections=1
(Dec 15 2016 01:24:57,  416219 sec) TelemetryTerminate() Parsing new mission configuration.
(Dec 15 2016 01:24:59,  416220 sec) configure()          Parsing configurators in "mission.cfg".
(Dec 15 2016 01:25:03,  416224 sec) configure()             TelemetryRetry(15)      [0x7BBC] [TelemetryRetry(15)].
(Dec 15 2016 01:25:03,  416224 sec) configure()          Configuration CRCs and syntax OK.
(Dec 15 2016 01:25:03,  416225 sec) ConfigSupervisor()   Configuration accepted.
(Dec 15 2016 01:25:03,  416225 sec) TelemetryTerminate() Reconditioning the file system.
(Dec 15 2016 01:25:13,       6 sec) DescentInit()        Deep profile 72 initiated at mission-time 416228sec.
(Dec 15 2016 01:25:15,       9 sec) DescentInit()        Surface pressure: -0.3dbars.
(Dec 15 2016 01:25:20,      14 sec) PistonMoveAbsWTO()    196->050 195 194 193 192 191 190 189 188 187 186 185 184 183 182 181 180 179 178 177 176 175 174 173 172 171 170 169 168 167 166 165 164 163 162 161 160 159 158 157 156 155 154 153 152 151 150 149 148 147 146 145 144 143 142 141 140 139 138 137 136 135 134 133 132 131 130 129 128 127 126 125 124 123 122 121 120 119 118 117 116 115 114 113 112 111 110 109 108 107 106 105 104 103 102 101 100 099 098 097 096 095 094 093 092 091 090 089 088 087 086 085 084 083 082 081 080 079 078 077 076 075 074 073 072 071 070 069 068 067 066 065 064 063 062 061 060 059 058 057 056 055 054 053 052 051 050 [755sec, 14.3Volts, 0.153Amps, CPT:755sec]
(Dec 15 2016 01:37:56,     769 sec) PistonMoveAbsWTO()    050->000 049 048 047 046 045 044 043 042 041 040 039 038 037 036 035 034 033 032 031 030 029 028 027 026 025 024 023 022 021 020 019 018 017 016 015 014 013 012 011 010 009 [212sec, 14.3Volts, 0.145Amps, CPT:967sec]
(Dec 15 2016 01:41:37,     991 sec) Descent()            Pressure: 86.6
(Dec 15 2016 02:25:10,    3604 sec) Descent()            Pressure: 373.2
(Dec 15 2016 03:25:10,    7204 sec) Descent()            Pressure: 829.1
(Dec 15 2016 04:25:10,   10804 sec) Descent()            Pressure: 1257.5
(Dec 15 2016 04:25:11,   10804 sec) PistonMoveAbsWTO()    009->050 010 011 012 013 014 015 016 017 018 019 020 021 022 023 024 025 026 027 028 029 030 031 032 033 034 035 036 037 038 039 040 041 042 043 044 045 046 047 048 049 050 [251sec, 13.3Volts, 0.540Amps, CPT:1218sec]
(Dec 15 2016 05:25:10,   14404 sec) Descent()            Pressure: 1039.8
(Dec 15 2016 06:25:10,   18004 sec) Descent()            Pressure: 934.4
(Dec 15 2016 06:25:11,   18004 sec) ParkInit()           
(Dec 15 2016 08:25:39,   25233 sec) Park()               ParkPOutOfBand[-3, 931.1 dbars]: retract piston.
(Dec 15 2016 08:25:40,   25234 sec) PistonMoveAbsWTO()    050->049 049 [1sec, 14.0Volts, 0.113Amps, CPT:1219sec]
(Dec 15 2016 11:25:39,   36033 sec) Park()               ParkPOutOfBand[-3, 945.9 dbars]: retract piston.
(Dec 15 2016 11:25:40,   36034 sec) PistonMoveAbsWTO()    049->048 048 [5sec, 14.0Volts, 0.129Amps, CPT:1224sec]
(Dec 15 2016 14:25:40,   46833 sec) Park()               ParkPOutOfBand[-3, 988.7 dbars]: retract piston.
(Dec 15 2016 14:25:40,   46834 sec) PistonMoveAbsWTO()    048->047 047 [5sec, 14.0Volts, 0.121Amps, CPT:1229sec]
(Dec 15 2016 17:25:40,   57633 sec) Park()               ParkPOutOfBand[3, 1034.3 dbars]: extend piston.
(Dec 15 2016 17:25:40,   57634 sec) PistonMoveAbsWTO()    047->048 048 [2sec, 13.7Volts, 0.500Amps, CPT:1231sec]
(Dec 15 2016 20:25:40,   68433 sec) Park()               ParkPOutOfBand[3, 1033.8 dbars]: extend piston.
(Dec 15 2016 20:25:40,   68434 sec) PistonMoveAbsWTO()    048->049 049 [6sec, 13.6Volts, 0.475Amps, CPT:1237sec]
(Dec 15 2016 23:25:40,   79233 sec) Park()               ParkPOutOfBand[3, 1013.1 dbars]: extend piston.
(Dec 15 2016 23:25:40,   79234 sec) PistonMoveAbsWTO()    049->050 050 [6sec, 13.5Volts, 0.463Amps, CPT:1243sec]
(Dec 16 2016 02:25:40,   90033 sec) Park()               ParkPOutOfBand[-3, 981.6 dbars]: retract piston.
(Dec 16 2016 02:25:40,   90034 sec) PistonMoveAbsWTO()    050->049 049 [2sec, 13.9Volts, 0.133Amps, CPT:1245sec]
(Dec 17 2016 20:25:40,  241234 sec) Park()               ParkPOutOfBand[3, 1015.3 dbars]: extend piston.
(Dec 17 2016 20:25:41,  241234 sec) PistonMoveAbsWTO()    049->050 050 [3sec, 13.6Volts, 0.455Amps, CPT:1248sec]
(Dec 18 2016 00:25:40,  255634 sec) Park()               ParkPOutOfBand[3, 1010.7 dbars]: extend piston.
(Dec 18 2016 00:25:41,  255634 sec) PistonMoveAbsWTO()    050->051 051 [7sec, 13.3Volts, 0.475Amps, CPT:1255sec]
(Dec 18 2016 03:25:40,  266434 sec) Park()               ParkPOutOfBand[-3, 975.7 dbars]: retract piston.
(Dec 18 2016 03:25:41,  266434 sec) PistonMoveAbsWTO()    051->050 050 [3sec, 14.0Volts, 0.109Amps, CPT:1258sec]
(Dec 18 2016 06:25:40,  277234 sec) Park()               ParkPOutOfBand[-3, 981.1 dbars]: retract piston.
(Dec 18 2016 06:25:41,  277234 sec) PistonMoveAbsWTO()    050->049 049 [6sec, 13.9Volts, 0.117Amps, CPT:1264sec]
(Dec 19 2016 00:25:42,  342036 sec) Park()               ParkPOutOfBand[3, 1010.3 dbars]: extend piston.
(Dec 19 2016 00:25:42,  342036 sec) PistonMoveAbsWTO()    049->050 050 [2sec, 13.6Volts, 0.471Amps, CPT:1266sec]
(Dec 19 2016 09:25:31,  374425 sec) CtdPower()           [ 1006.66,  6.5481, 34.9471]
(Dec 19 2016 09:25:32,  374425 sec) CtdPower()           CTD Power consumption [184VCnt 9ACnt]: 14.263Volts * 0.036Amps = 0.52Watts.
(Dec 19 2016 09:25:32,  374426 sec) ParkTerminate()      Piston Position:50 Vacuum:80 Vq:195 Aq:4 Vsbe:184 Asbe:9
(Dec 19 2016 09:25:59,  374453 sec) ParkTerminate()      PTS: 1006.9dbars 6.5492C 34.9461PSU
(Dec 19 2016 09:26:00,  374454 sec) GoDeepInit()         Moving piston.
(Dec 19 2016 09:26:00,  374454 sec) PistonMoveAbsWTO()    050->011 049 048 047 046 045 044 043 042 041 040 039 038 037 036 035 034 033 032 031 030 029 028 027 026 025 024 023 022 021 020 019 018 017 016 015 014 013 012 011 [201sec, 14.0Volts, 0.097Amps, CPT:1467sec]
(Dec 19 2016 13:20:10,  388504 sec) GoDeep()             Sequence point detected at 2004.4dbar.
(Dec 19 2016 13:20:13,  388506 sec) ProfileInit()        PrfId:072  Pressure:2004.5dbar  pTable[0]:2000dbar
(Dec 19 2016 13:20:23,  388517 sec) PistonMoveAbsWTO()    011->033 012 013 014 015 [30sec, 12.9Volts, 0.798Amps, CPT:1497sec]
(Dec 19 2016 13:21:03,  388557 sec) PistonMoveAbsWTO()    015->033 016 017 018 019 020 [30sec, 12.8Volts, 0.794Amps, CPT:1527sec]
(Dec 19 2016 13:21:43,  388597 sec) PistonMoveAbsWTO()    020->033 021 022 023 024 [30sec, 12.6Volts, 0.786Amps, CPT:1557sec]
(Dec 19 2016 13:22:23,  388637 sec) PistonMoveAbsWTO()    024->033 025 026 027 028 [30sec, 12.6Volts, 0.790Amps, CPT:1587sec]
(Dec 19 2016 13:24:30,  388764 sec) Sbe41cpStartCP()     Continuous profile started.
(Dec 19 2016 13:24:30,  388764 sec) PistonMoveAbsWTO()    028->033 029 030 031 032 [30sec, 12.6Volts, 0.838Amps, CPT:1617sec]
(Dec 19 2016 13:25:11,  388804 sec) PistonMoveAbsWTO()    032->033 033 [3sec, 12.6Volts, 0.802Amps, CPT:1620sec]
(Dec 19 2016 14:16:11,  391865 sec) AscentControlAgent() Bouyancy nudge to 43 (v=0.074dbar/sec).
(Dec 19 2016 14:16:12,  391865 sec) PistonMoveAbsWTO()    033->043 034 035 036 037 [30sec, 13.2Volts, 0.725Amps, CPT:1650sec]
(Dec 19 2016 14:16:52,  391905 sec) PistonMoveAbsWTO()    037->043 038 039 040 041 042 [30sec, 13.0Volts, 0.713Amps, CPT:1680sec]
(Dec 19 2016 14:17:32,  391945 sec) PistonMoveAbsWTO()    042->043 043 [6sec, 12.9Volts, 0.705Amps, CPT:1686sec]
(Dec 19 2016 14:58:25,  394399 sec) AscentControlAgent() Bouyancy nudge to 53 (v=0.080dbar/sec).
(Dec 19 2016 14:58:26,  394399 sec) PistonMoveAbsWTO()    043->053 044 045 046 047 [30sec, 13.3Volts, 0.641Amps, CPT:1716sec]
(Dec 19 2016 14:59:06,  394439 sec) PistonMoveAbsWTO()    047->053 048 049 050 051 052 [30sec, 13.1Volts, 0.657Amps, CPT:1746sec]
(Dec 19 2016 14:59:46,  394479 sec) PistonMoveAbsWTO()    052->053 053 [5sec, 13.1Volts, 0.649Amps, CPT:1751sec]
(Dec 19 2016 15:40:39,  396933 sec) AscentControlAgent() Bouyancy nudge to 63 (v=0.077dbar/sec).
(Dec 19 2016 15:40:40,  396933 sec) PistonMoveAbsWTO()    053->063 054 055 056 057 [30sec, 13.4Volts, 0.576Amps, CPT:1781sec]
(Dec 19 2016 15:41:20,  396973 sec) PistonMoveAbsWTO()    057->063 058 059 060 061 062 [30sec, 13.3Volts, 0.560Amps, CPT:1811sec]
(Dec 19 2016 15:42:00,  397013 sec) PistonMoveAbsWTO()    062->063 063 [3sec, 13.3Volts, 0.552Amps, CPT:1814sec]
(Dec 19 2016 16:33:02,  400076 sec) AscentControlAgent() Bouyancy nudge to 73 (v=0.078dbar/sec).
(Dec 19 2016 16:33:03,  400076 sec) PistonMoveAbsWTO()    063->073 064 065 066 067 [30sec, 13.6Volts, 0.467Amps, CPT:1844sec]
(Dec 19 2016 16:33:43,  400116 sec) PistonMoveAbsWTO()    067->073 068 069 070 071 072 [30sec, 13.5Volts, 0.479Amps, CPT:1874sec]
(Dec 19 2016 16:34:23,  400156 sec) PistonMoveAbsWTO()    072->073 073 [1sec, 13.4Volts, 0.467Amps, CPT:1875sec]
(Dec 19 2016 18:41:54,  407808 sec) AscentControlAgent() Bouyancy nudge to 83 (v=0.052dbar/sec).
(Dec 19 2016 18:41:55,  407808 sec) PistonMoveAbsWTO()    073->083 074 075 076 077 078 [30sec, 14.0Volts, 0.218Amps, CPT:1905sec]
(Dec 19 2016 18:42:35,  407848 sec) PistonMoveAbsWTO()    078->083 079 080 081 082 083 [25sec, 14.0Volts, 0.210Amps, CPT:1930sec]
(Dec 19 2016 18:48:05,  408179 sec) AscentControlAgent() Bouyancy nudge to 93 (v=0.046dbar/sec).
(Dec 19 2016 18:48:06,  408179 sec) PistonMoveAbsWTO()    083->093 084 085 086 087 088 [30sec, 14.0Volts, 0.210Amps, CPT:1960sec]
(Dec 19 2016 18:48:46,  408219 sec) PistonMoveAbsWTO()    088->093 089 090 091 092 093 [25sec, 14.0Volts, 0.201Amps, CPT:1985sec]
(Dec 19 2016 18:54:17,  408551 sec) AscentControlAgent() Bouyancy nudge to 103 (v=0.060dbar/sec).
(Dec 19 2016 18:54:18,  408551 sec) PistonMoveAbsWTO()    093->103 094 095 096 097 098 [30sec, 14.0Volts, 0.201Amps, CPT:2015sec]
(Dec 19 2016 18:54:58,  408591 sec) PistonMoveAbsWTO()    098->103 099 100 101 102 103 [25sec, 14.0Volts, 0.197Amps, CPT:2040sec]
(Dec 19 2016 19:00:29,  408923 sec) AscentControlAgent() Bouyancy nudge to 113 (v=0.040dbar/sec).
(Dec 19 2016 19:00:30,  408923 sec) PistonMoveAbsWTO()    103->113 104 105 106 107 108 [30sec, 14.0Volts, 0.197Amps, CPT:2070sec]
(Dec 19 2016 19:01:10,  408963 sec) PistonMoveAbsWTO()    108->113 109 110 111 112 113 [25sec, 14.0Volts, 0.201Amps, CPT:2095sec]
(Dec 19 2016 19:06:40,  409294 sec) AscentControlAgent() Bouyancy nudge to 123 (v=0.033dbar/sec).
(Dec 19 2016 19:06:41,  409294 sec) PistonMoveAbsWTO()    113->123 114 115 116 117 118 [30sec, 14.0Volts, 0.201Amps, CPT:2125sec]
(Dec 19 2016 19:07:21,  409334 sec) PistonMoveAbsWTO()    118->123 119 120 121 122 123 [25sec, 14.0Volts, 0.193Amps, CPT:2150sec]
(Dec 19 2016 19:11:47,  409601 sec) AscentControlAgent() Bouyancy nudge to 133 (v=0.005dbar/sec).
(Dec 19 2016 19:11:48,  409601 sec) PistonMoveAbsWTO()    123->133 124 125 126 127 128 [30sec, 14.0Volts, 0.189Amps, CPT:2180sec]
(Dec 19 2016 19:12:28,  409641 sec) PistonMoveAbsWTO()    128->133 129 130 131 132 133 [24sec, 14.0Volts, 0.189Amps, CPT:2204sec]
(Dec 19 2016 19:16:53,  409907 sec) AscentControlAgent() Bouyancy nudge to 143 (v=0.014dbar/sec).
(Dec 19 2016 19:16:54,  409907 sec) PistonMoveAbsWTO()    133->143 134 135 136 137 138 [30sec, 14.1Volts, 0.185Amps, CPT:2234sec]
(Dec 19 2016 19:17:34,  409947 sec) PistonMoveAbsWTO()    138->143 139 140 141 142 143 [24sec, 14.0Volts, 0.189Amps, CPT:2258sec]
(Dec 19 2016 19:21:59,  410213 sec) AscentControlAgent() Bouyancy nudge to 153 (v=0.011dbar/sec).
(Dec 19 2016 19:22:00,  410213 sec) PistonMoveAbsWTO()    143->153 144 145 146 147 148 [30sec, 14.1Volts, 0.193Amps, CPT:2288sec]
(Dec 19 2016 19:22:40,  410253 sec) PistonMoveAbsWTO()    148->153 149 150 151 152 153 [25sec, 14.1Volts, 0.189Amps, CPT:2313sec]
(Dec 19 2016 19:27:06,  410520 sec) AscentControlAgent() Bouyancy nudge to 163 (v=0.058dbar/sec).
(Dec 19 2016 19:27:07,  410520 sec) PistonMoveAbsWTO()    153->163 154 155 156 157 158 [30sec, 14.1Volts, 0.189Amps, CPT:2343sec]
(Dec 19 2016 19:27:47,  410560 sec) PistonMoveAbsWTO()    158->163 159 160 161 [15sec, 14.1Volts, 0.181Amps, CPT:2358sec]
(Dec 19 2016 19:28:12,  410585 sec) PistonMoveAbsWTO()    161->163 162 163 [10sec, 14.1Volts, 0.185Amps, CPT:2368sec]
(Dec 19 2016 19:30:44,  410738 sec) SurfaceDetect()      SurfacePressure:-0.3dbars Pressure:3.5dbars PistonPosition:163
(Dec 19 2016 19:30:45,  410739 sec) Sbe41cpStopCP()      Continuous profile stopped.
(Dec 19 2016 19:30:51,  410745 sec) PistonMoveAbsWTO()    163->185 164 165 166 167 168 169 170 171 172 173 174 175 176 177 178 179 180 181 182 183 184 185 [116sec, 14.1Volts, 0.149Amps, CPT:2484sec]
(Dec 19 2016 19:32:57,  410870 sec) sbe41cp.c:chat()     Expected string [S>] not received.
(Dec 19 2016 19:37:49,  411163 sec) Sbe41cpBinAverage()  Finished averaging 22006 samples in 288 seconds.
(Dec 19 2016 19:37:54,  411168 sec) Sbe41cpUploadCP()    Sbe41cpSerNo[7258] NSample[22006] NBin[997]
(Dec 19 2016 19:39:41,  411275 sec) Sbe41cpUploadCP()    Continuous profile uploaded [997 lines].

<EOT>
