(Jan 27 2017 06:47:09,  409694 sec) TelemetryInit()      Profile 80. (Apf9i FwRev: 012811)
(Jan 27 2017 06:54:03,  410107 sec) AirSystem()          Battery [188cnt, 14.6V]  Current [71cnt, 28.6mA]  Barometer [126cnt, 6.5"Hg]  Run-Time [47s]
(Jan 27 2017 06:54:39,  410143 sec) GpsServices()        GPS almanac is current.
(Jan 27 2017 06:54:39,  410143 sec) GpsServices()        Initiating GPS fix acquisition.
(Jan 27 2017 06:54:49,  410153 sec) gga()                $GPGGA,065440,1200.7878,N,08301.5111,E,0,00,,,M,,M,,*53
(Jan 27 2017 06:54:59,  410163 sec) gga()                $GPGGA,065450,1200.7878,N,08301.5111,E,0,00,,,M,,M,,*52
(Jan 27 2017 06:55:06,  410170 sec) gga()                $GPGGA,065500,1200.7878,N,08301.5111,E,0,00,,,M,,M,,*56
(Jan 27 2017 06:55:12,  410176 sec) gga()                $GPGGA,065500,1200.7878,N,08301.5111,E,0,00,,,M,,M,,*56
(Jan 27 2017 06:55:19,  410183 sec) gga()                $GPGGA,065510,1200.7878,N,08301.5111,E,0,00,,,M,,M,,*57
(Jan 27 2017 06:55:44,  410208 sec) gga()                $GPGGA,065520,1200.2016,N,08246.4433,E,1,08,0.9,0.9,M,-88.3,M,,*6E
(Jan 27 2017 06:55:45,  410209 sec) GpsServices()        Profile 80 GPS fix obtained in 65 seconds.
(Jan 27 2017 06:55:45,  410209 sec) GpsServices()                  lon     lat mm/dd/yyyy hhmmss nsat
(Jan 27 2017 06:55:45,  410209 sec) GpsServices()        Fix:   82.774  12.003 01/27/2017 065520    8
(Jan 27 2017 06:56:14,  410238 sec) gga()                $GPGGA,065550,1200.2041,N,08246.4365,E,1,09,0.8,0.5,M,-88.3,M,,*63
(Jan 27 2017 06:56:20,  410244 sec) gga()                $GPGGA,065620,1200.2067,N,08246.4306,E,1,10,0.8,0.7,M,-88.3,M,,*6C
(Jan 27 2017 06:56:20,  410244 sec) GpsServices()        APF9 RTC skew (0s) OK.
(Jan 27 2017 06:56:20,  410245 sec) LogNmeaSentences()   9,184,40,18,24,124,41,22,14,324,39,25,17,056,37*7C
(Jan 27 2017 06:56:21,  410245 sec) LogNmeaSentences()   $GPGSV,3,3,12,26,41,160,45,27,07,206,36,31,66,355,48,32,28,035,42*78
(Jan 27 2017 06:56:30,  410254 sec) LogNmeaSentences()   $GPRMC,065630,A,1200.2064,N,08246.4276,E,001.2,320.8,270117,001.6,W*61
(Jan 27 2017 06:56:30,  410254 sec) LogNmeaSentences()   $GPGGA,065630,1200.2064,N,08246.4276,E,1,10,0.8,0.2,M,-88.3,M,,*6D
(Jan 27 2017 06:56:31,  410255 sec) LogNmeaSentences()   $GPGSA,A,3,01,10,11,14,16,18,,25,26,,31,32,1.1,0.8,0.8*39
(Jan 27 2017 06:56:31,  410255 sec) LogNmeaSentences()   $GPGSV,3,1,12,01,20,306,44,10,50,104,47,11,17,279,41,14,35,005,45*74
(Jan 27 2017 06:56:31,  410255 sec) LogNmeaSentences()   $GPGSV,3,2,12,16,19,184,41,18,24,124,42,22,14,324,41,25,17,056,39*7F
(Jan 27 2017 06:56:32,  410256 sec) LogNmeaSentences()   $GPGSV,3,3,12,26,41,160,45,27,07,206,38,31,66,355,46,32,28,035,44*7E
(Jan 27 2017 06:56:40,  410264 sec) LogNmeaSentences()   $GPRMC,065640,A,1200.2068,N,08246.4248,E,002.0,251.1,270117,001.6,W*68
(Jan 27 2017 06:56:40,  410264 sec) LogNmeaSentences()   $GPGGA,065640,1200.2068,N,08246.4248,E,1,10,0.8,-0.2,M,-88.3,M,,*46
(Jan 27 2017 06:56:41,  410265 sec) LogNmeaSentences()   $GPGSA,A,3,01,10,11,14,16,18,,25,26,,31,32,1.1,0.8,0.8*39
(Jan 27 2017 06:56:41,  410265 sec) LogNmeaSentences()   $GPGSV,3,1,12,01,20,306,43,10,50,104,46,11,17,279,41,14,35,006,40*74
(Jan 27 2017 06:56:41,  410265 sec) LogNmeaSentences()   $GPGSV,3,2,12,16,19,184,42,18,24,124,41,22,14,324,39,25,17,056,40*7E
(Jan 27 2017 06:56:42,  410266 sec) LogNmeaSentences()   $GPGSV,3,3,12,26,41,160,45,27,07,206,38,31,66,355,46,32,28,035,42*78
(Jan 27 2017 06:56:50,  410274 sec) LogNmeaSentences()   $GPRMC,065650,A,1200.2079,N,08246.4229,E,001.0,296.3,270117,001.6,W*64
(Jan 27 2017 06:56:50,  410274 sec) LogNmeaSentences()   $GPGGA,065650,1200.2079,N,08246.4229,E,1,12,0.7,-1.3,M,-88.3,M,,*4D
(Jan 27 2017 06:56:51,  410275 sec) LogNmeaSentences()   $GPGSA,A,3,01,10,11,14,16,18,22,25,26,27,31,32,1.1,0.7,0.8*33
(Jan 27 2017 06:56:51,  410275 sec) LogNmeaSentences()   $GPGSV,3,1,12,01,20,306,43,10,50,104,47,11,17,279,41,14,35,006,45*70
(Jan 27 2017 06:56:52,  410276 sec) LogNmeaSentences()   $GPGSV,3,2,12,16,19,184,40,18,23,124,42,22,14,324,41,25,17,056,42*75
(Jan 27 2017 06:56:52,  410276 sec) LogNmeaSentences()   $GPGSV,3,3,12,26,41,160,46,27,07,205,39,31,66,355,48,32,28,035,45*70
(Jan 27 2017 06:57:00,  410284 sec) LogNmeaSentences()   $GPRMC,065700,A,1200.2084,N,08246.4202,E,001.3,301.9,270117,001.6,W*6D
(Jan 27 2017 06:57:00,  410284 sec) LogNmeaSentences()   $GPGGA,065700,1200.2084,N,08246.4202,E,1,12,0.7,-1.2,M,-88.3,M,,*43
(Jan 27 2017 06:57:01,  410285 sec) LogNmeaSentences()   $GPGSA,A,3,01,10,11,14,16,18,22,25,26,27,31,32,1.1,0.7,0.8*33
(Jan 27 2017 06:57:01,  410285 sec) LogNmeaSentences()   $GPGSV,3,1,12,01,20,306,43,10,50,104,47,11,17,279,42,14,35,006,42*74
(Jan 27 2017 06:57:01,  410286 sec) LogNmeaSentences()   $GPGSV,3,2,12,16,19,184,43,18,23,124,42,22,14,324,41,25,17,056,36*75
(Jan 27 2017 06:57:02,  410286 sec) LogNmeaSentences()   $GPGSV,3,3,12,26,41,160,45,27,07,205,40,31,65,355,46,32,28,036,45*73
(Jan 27 2017 06:57:02,  410286 sec) LogNmeaSentences()   $PGRMT,GPS 15x-L software ver. 3.90,,,,,,,,*7D
(Jan 27 2017 06:57:02,  410286 sec) GpsServices()        GPS services complete.
(Jan 27 2017 06:58:31,  410375 sec) CLogin()             Connecting to primary host.
(Jan 27 2017 06:58:47,  410391 sec) CLogin()             Connection 1 established in 16 seconds.
(Jan 27 2017 06:58:57,  410401 sec) login()              Login successful.
(Jan 27 2017 06:59:02,  410407 sec) CLogin()             Logged in to host.  [Login required 15 seconds]
(Jan 27 2017 06:59:13,  410417 sec) RxConfig()           Downloading "mission.cfg" from host.
(Jan 27 2017 06:59:15,  410419 sec) Rx()                 Initiating transfer. [0x43]
(Jan 27 2017 06:59:26,  410430 sec) Rx()                 Re-initiating transfer. [0x43]
(Jan 27 2017 06:59:33,  410437 sec) Rx()                 Truncated packet received - retrying.
(Jan 27 2017 06:59:34,  410438 sec) RxStartByte()        Sync errors encountered: 161
(Jan 27 2017 06:59:40,  410444 sec) Rx()                 Pad character [0x1a] found in ascii mode - truncating packet.
(Jan 27 2017 06:59:45,  410449 sec) Rx()                 Received EOT - transfer complete. [1 packets, 1024 bytes, 19 sec, 53.9 bps]
(Jan 27 2017 06:59:45,  410449 sec) RxConfig()           Download successful.
(Jan 27 2017 06:59:59,  410463 sec) WriteVitals()        Writing vitals to "7546.080.msg".
(Jan 27 2017 07:00:07,  410471 sec) UpLoadFile()         Uploading "7546.080.msg" to host as "7546.080.msg".
(Jan 27 2017 07:00:10,  410474 sec) Tx()                 CRC negotiation successful. [16-bit CRC]
(Jan 27 2017 07:00:13,  410477 sec) TxPacket()           Invalid response [0x20] - resending packet. [PktNum=0x01]
(Jan 27 2017 07:00:13,  410477 sec) TxPacket()           Packet xmit history: [01110001] (0:ok, 1:fail).
(Jan 27 2017 07:00:17,  410481 sec) TxPacket()           NAK received - resending packet. [PktNum=0x01]
(Jan 27 2017 07:00:17,  410481 sec) TxPacket()           Packet xmit history: [11100011] (0:ok, 1:fail).
(Jan 27 2017 07:00:45,  410509 sec) TxPacket()           NAK received - resending packet. [PktNum=0x06]
(Jan 27 2017 07:00:45,  410509 sec) TxPacket()           Packet xmit history: [11000001] (0:ok, 1:fail).
(Jan 27 2017 07:01:01,  410525 sec) TxPacket()           NAK received - resending packet. [PktNum=0x08]
(Jan 27 2017 07:01:01,  410525 sec) TxPacket()           Packet xmit history: [00001001] (0:ok, 1:fail).
(Jan 27 2017 07:01:24,  410548 sec) TxPacket()           NAK received - resending packet. [PktNum=0x0b]
(Jan 27 2017 07:01:24,  410548 sec) TxPacket()           Packet xmit history: [10010001] (0:ok, 1:fail).
(Jan 27 2017 07:02:50,  410634 sec) Tx()                 Transmission completed successfully [25 packets, 24533 bytes, 158 sec, 156.4 bps]
(Jan 27 2017 07:02:50,  410634 sec) UpLoadFile()         Upload successful.
(Jan 27 2017 07:02:58,  410642 sec) UpLoadFile()         Uploading "7546.080.log" to host as "7546.080.log".
(Jan 27 2017 07:03:02,  410647 sec) Tx()                 CRC negotiation successful. [16-bit CRC]
(Jan 27 2017 07:03:10,  410654 sec) TxPacket()           NAK received - resending packet. [PktNum=0x01]
(Jan 27 2017 07:03:10,  410654 sec) TxPacket()           Packet xmit history: [00000001] (0:ok, 1:fail).
(Jan 27 2017 07:03:44,  410688 sec) TxPacket()           NAK received - resending packet. [PktNum=0x05]
(Jan 27 2017 07:03:44,  410688 sec) TxPacket()           Packet xmit history: [00100001] (0:ok, 1:fail).
(Jan 27 2017 07:03:50,  410694 sec) TxPacket()           NAK received - resending packet. [PktNum=0x05]
(Jan 27 2017 07:03:50,  410694 sec) TxPacket()           Packet xmit history: [01000011] (0:ok, 1:fail).
(Jan 27 2017 07:03:57,  410701 sec) TxPacket()           NAK received - resending packet. [PktNum=0x05]
(Jan 27 2017 07:03:57,  410701 sec) TxPacket()           Packet xmit history: [10000111] (0:ok, 1:fail).
(Jan 27 2017 07:04:01,  410705 sec) TxPacket()           NAK received - resending packet. [PktNum=0x05]
(Jan 27 2017 07:04:01,  410705 sec) TxPacket()           Packet xmit history: [00001111] (0:ok, 1:fail).
(Jan 27 2017 07:04:06,  410710 sec) TxPacket()           NAK received - resending packet. [PktNum=0x05]
(Jan 27 2017 07:04:06,  410710 sec) TxPacket()           Packet xmit history: [00011111] (0:ok, 1:fail).
(Jan 27 2017 07:04:10,  410714 sec) TxPacket()           NAK received - resending packet. [PktNum=0x05]
(Jan 27 2017 07:04:10,  410714 sec) TxPacket()           Packet xmit history: [00111111] (0:ok, 1:fail).
(Jan 27 2017 07:04:15,  410719 sec) TxPacket()           NAK received - resending packet. [PktNum=0x05]
(Jan 27 2017 07:04:15,  410719 sec) TxPacket()           Packet xmit history: [01111111] (0:ok, 1:fail).
(Jan 27 2017 07:04:22,  410727 sec) TxPacket()           NAK received - resending packet. [PktNum=0x05]
(Jan 27 2017 07:04:23,  410727 sec) TxPacket()           Packet xmit history: [11111111] (0:ok, 1:fail).
(Jan 27 2017 07:04:23,  410727 sec) TxPacket()           NAK received - resending packet. [PktNum=0x05]
(Jan 27 2017 07:04:23,  410727 sec) TxPacket()           Packet xmit history: [11111111] (0:ok, 1:fail).
(Jan 27 2017 07:04:33,  410737 sec) TxPacket()           Invalid response [0x63] - resending packet. [PktNum=0x05]
(Jan 27 2017 07:04:33,  410737 sec) TxPacket()           Packet xmit history: [11111111] (0:ok, 1:fail).
(Jan 27 2017 07:04:33,  410737 sec) TxPacket()           Exit status: -5
(Jan 27 2017 07:04:33,  410737 sec) Tx()                 Packet transmission failed - aborting transfer.
(Jan 27 2017 07:04:44,  410748 sec) UpLoadFile()         Upload failed.
(Jan 27 2017 07:05:00,  410764 sec) UpLoadFile()         Uploading "7546.080.log" to host as "7546.080.log".
(Jan 27 2017 07:06:00,  410824 sec) Tx()                 CRC negotiation failed - aborting transfer.
(Jan 27 2017 07:06:10,  410834 sec) UpLoadFile()         Upload failed.
(Jan 27 2017 07:06:10,  410834 sec) UpLoad()             Files successfully uploaded: 1
(Jan 27 2017 07:06:10,  410835 sec) UpLoad()             Aborting upload: Retry limit [2] exceeded. Upload incomplete.
(Jan 27 2017 07:06:14,  410839 sec) logout()             Log-out successful.
(Jan 27 2017 07:06:16,  410840 sec) Telemetry()          Telemetry cycle complete: PrfId=80 ConnectionAttempts=1  Connections=1
(Jan 27 2017 07:21:30,  411754 sec) AirSystem()          Air-bladder inflation by-passed. Barometer: [127cnt, 6.8"Hg].
(Jan 27 2017 07:22:03,  411787 sec) GpsServices()        GPS almanac is current.
(Jan 27 2017 07:22:03,  411787 sec) GpsServices()        Initiating GPS fix acquisition.
(Jan 27 2017 07:22:35,  411819 sec) gga()                $GPGGA,072210,1200.3157,N,08246.0457,E,1,12,0.7,-10.7,M,-88.3,M,,*78
(Jan 27 2017 07:22:35,  411819 sec) GpsServices()        Profile 80 GPS fix obtained in 32 seconds.
(Jan 27 2017 07:22:35,  411819 sec) GpsServices()                  lon     lat mm/dd/yyyy hhmmss nsat
(Jan 27 2017 07:22:35,  411819 sec) GpsServices()        Fix:   82.767  12.005 01/27/2017 072210   12
(Jan 27 2017 07:23:04,  411848 sec) gga()                $GPGGA,072240,1200.3191,N,08246.0381,E,1,11,0.7,-1.3,M,-88.3,M,,*4C
(Jan 27 2017 07:23:10,  411854 sec) gga()                $GPGGA,072310,1200.3217,N,08246.0299,E,1,12,0.7,-1.5,M,-88.3,M,,*48
(Jan 27 2017 07:23:10,  411854 sec) GpsServices()        APF9 RTC skew (0s) OK.
(Jan 27 2017 07:23:11,  411855 sec) LogNmeaSentences()   4,34,019,43,16,30,179,44,22,23,326,43,25,11,046,41*7C
(Jan 27 2017 07:23:11,  411855 sec) LogNmeaSentences()   $GPGSV,3,3,12,26,52,148,47,27,07,195,40,31,54,005,48,32,26,048,44*7F
(Jan 27 2017 07:23:20,  411864 sec) LogNmeaSentences()   $GPRMC,072320,A,1200.3225,N,08246.0276,E,001.0,291.7,270117,001.6,W*67
(Jan 27 2017 07:23:20,  411864 sec) LogNmeaSentences()   $GPGGA,072320,1200.3225,N,08246.0276,E,1,12,0.7,-1.4,M,-88.3,M,,*4A
(Jan 27 2017 07:23:21,  411865 sec) LogNmeaSentences()   $GPGSA,A,3,01,03,10,11,14,16,22,25,26,27,31,32,1.0,0.7,0.8*38
(Jan 27 2017 07:23:21,  411865 sec) LogNmeaSentences()   $GPGSV,3,1,12,01,25,294,45,03,07,324,41,10,43,121,46,11,18,267,42*7E
(Jan 27 2017 07:23:21,  411866 sec) LogNmeaSentences()   $GPGSV,3,2,12,14,34,019,43,16,30,179,43,22,23,326,44,25,11,046,40*7D
(Jan 27 2017 07:23:22,  411866 sec) LogNmeaSentences()   $GPGSV,3,3,12,26,52,148,45,27,07,195,39,31,53,005,47,32,26,048,43*7C
(Jan 27 2017 07:23:30,  411874 sec) LogNmeaSentences()   $GPRMC,072330,A,1200.3232,N,08246.0245,E,002.3,245.3,270117,001.6,W*6D
(Jan 27 2017 07:23:30,  411874 sec) LogNmeaSentences()   $GPGGA,072330,1200.3232,N,08246.0245,E,1,12,0.7,-1.7,M,-88.3,M,,*4E
(Jan 27 2017 07:23:31,  411875 sec) LogNmeaSentences()   $GPGSA,A,3,01,03,10,11,14,16,22,25,26,27,31,32,1.0,0.7,0.8*38
(Jan 27 2017 07:23:31,  411875 sec) LogNmeaSentences()   $GPGSV,3,1,12,01,25,294,45,03,07,324,42,10,43,121,45,11,18,266,44*79
(Jan 27 2017 07:23:31,  411876 sec) LogNmeaSentences()   $GPGSV,3,2,12,14,34,019,42,16,30,179,43,22,23,326,43,25,11,046,36*7A
(Jan 27 2017 07:23:32,  411876 sec) LogNmeaSentences()   $GPGSV,3,3,12,26,52,148,44,27,07,195,39,31,53,005,46,32,26,048,43*7C
(Jan 27 2017 07:23:40,  411884 sec) LogNmeaSentences()   $GPRMC,072340,A,1200.3239,N,08246.0222,E,000.5,142.7,270117,001.6,W*64
(Jan 27 2017 07:23:40,  411884 sec) LogNmeaSentences()   $GPGGA,072340,1200.3239,N,08246.0222,E,1,12,0.7,-3.1,M,-88.3,M,,*47
(Jan 27 2017 07:23:41,  411885 sec) LogNmeaSentences()   $GPGSA,A,3,01,03,10,11,14,16,22,25,26,27,31,32,1.0,0.7,0.8*38
(Jan 27 2017 07:23:41,  411885 sec) LogNmeaSentences()   $GPGSV,3,1,12,01,25,294,37,03,07,324,40,10,43,121,47,11,18,266,41*79
(Jan 27 2017 07:23:41,  411886 sec) LogNmeaSentences()   $GPGSV,3,2,12,14,34,019,43,16,30,178,44,22,24,326,42,25,11,046,40*7A
(Jan 27 2017 07:23:42,  411886 sec) LogNmeaSentences()   $GPGSV,3,3,12,26,52,148,46,27,07,195,39,31,53,005,45,32,26,048,47*79
(Jan 27 2017 07:23:50,  411894 sec) LogNmeaSentences()   $GPRMC,072350,A,1200.3247,N,08246.0192,E,001.0,326.5,270117,001.6,W*62
(Jan 27 2017 07:23:50,  411894 sec) LogNmeaSentences()   $GPGGA,072350,1200.3247,N,08246.0192,E,1,12,0.7,-3.3,M,-88.3,M,,*45
(Jan 27 2017 07:23:51,  411895 sec) LogNmeaSentences()   $GPGSA,A,3,01,03,10,11,14,16,22,25,26,27,31,32,1.0,0.7,0.8*38
(Jan 27 2017 07:23:51,  411895 sec) LogNmeaSentences()   $GPGSV,3,1,12,01,25,294,18,03,07,324,17,10,43,121,18,11,18,266,18*70
(Jan 27 2017 07:23:51,  411895 sec) LogNmeaSentences()   $GPGSV,3,2,12,14,34,019,18,16,30,178,17,22,24,326,19,25,11,046,17*7E
(Jan 27 2017 07:23:52,  411896 sec) LogNmeaSentences()   $GPGSV,3,3,12,26,52,148,18,27,07,195,17,31,53,005,18,32,26,048,18*7C
(Jan 27 2017 07:24:00,  411904 sec) LogNmeaSentences()   $GPRMC,072400,A,1200.3256,N,08246.0170,E,000.9,263.4,270117,001.6,W*65
(Jan 27 2017 07:24:00,  411904 sec) LogNmeaSentences()   $GPGGA,072400,1200.3256,N,08246.0170,E,1,12,0.7,-5.7,M,-88.3,M,,*49
(Jan 27 2017 07:24:01,  411905 sec) LogNmeaSentences()   $GPGSA,A,3,01,03,10,11,14,16,22,25,26,27,31,32,1.0,0.7,0.8*38
(Jan 27 2017 07:24:01,  411905 sec) LogNmeaSentences()   $GPGSV,3,1,12,01,25,294,44,03,08,325,41,10,43,121,45,11,18,266,39*7F
(Jan 27 2017 07:24:02,  411906 sec) LogNmeaSentences()   $GPGSV,3,2,12,14,34,019,45,16,30,178,44,22,24,326,43,25,11,046,42*7F
(Jan 27 2017 07:24:02,  411906 sec) LogNmeaSentences()   $GPGSV,3,3,12,26,52,148,45,27,07,195,40,31,53,005,49,32,26,048,45*7A
(Jan 27 2017 07:24:02,  411906 sec) LogNmeaSentences()   $PGRMT,GPS 15x-L software ver. 3.90,,,,,,,,*7D
(Jan 27 2017 07:24:02,  411907 sec) GpsServices()        GPS services complete.
(Jan 27 2017 07:24:35,  411939 sec) CLogin()             Connecting to primary host.
(Jan 27 2017 07:24:54,  411958 sec) CLogin()             Connection 2 established in 19 seconds.
(Jan 27 2017 07:25:07,  411971 sec) login()              Login successful.
(Jan 27 2017 07:25:10,  411974 sec) CLogin()             Logged in to host.  [Login required 16 seconds]
(Jan 27 2017 07:25:21,  411985 sec) RxConfig()           Downloading "mission.cfg" from host.
(Jan 27 2017 07:25:23,  411987 sec) Rx()                 Initiating transfer. [0x43]
(Jan 27 2017 07:25:33,  411997 sec) Rx()                 Truncated packet received - retrying.
(Jan 27 2017 07:25:34,  411998 sec) RxStartByte()        Sync errors encountered: 204
(Jan 27 2017 07:25:38,  412002 sec) Rx()                 Pad character [0x1a] found in ascii mode - truncating packet.
(Jan 27 2017 07:25:42,  412006 sec) Rx()                 Received EOT - transfer complete. [1 packets, 1024 bytes, 19 sec, 53.9 bps]
(Jan 27 2017 07:25:42,  412006 sec) RxConfig()           Download successful.
(Jan 27 2017 07:26:03,  412027 sec) UpLoadFile()         Uploading "7546.080.log" to host as "7546.080.log".
(Jan 27 2017 07:26:05,  412029 sec) Tx()                 CRC negotiation successful. [16-bit CRC]
(Jan 27 2017 07:26:07,  412031 sec) TxPacket()           Invalid response [0x31] - resending packet. [PktNum=0x01]
(Jan 27 2017 07:26:08,  412032 sec) TxPacket()           Packet xmit history: [01110001] (0:ok, 1:fail).
(Jan 27 2017 07:26:34,  412058 sec) TxPacket()           NAK received - resending packet. [PktNum=0x05]
(Jan 27 2017 07:26:34,  412058 sec) TxPacket()           Packet xmit history: [00100001] (0:ok, 1:fail).
(Jan 27 2017 07:26:38,  412062 sec) TxPacket()           NAK received - resending packet. [PktNum=0x05]
(Jan 27 2017 07:26:38,  412062 sec) TxPacket()           Packet xmit history: [01000011] (0:ok, 1:fail).
(Jan 27 2017 07:26:43,  412067 sec) TxPacket()           NAK received - resending packet. [PktNum=0x05]
(Jan 27 2017 07:26:43,  412067 sec) TxPacket()           Packet xmit history: [10000111] (0:ok, 1:fail).
(Jan 27 2017 07:26:54,  412078 sec) TxPacket()           NAK received - resending packet. [PktNum=0x06]
(Jan 27 2017 07:26:54,  412078 sec) TxPacket()           Packet xmit history: [00011101] (0:ok, 1:fail).
(Jan 27 2017 07:27:43,  412127 sec) TxPacket()           NAK received - resending packet. [PktNum=0x0f]
(Jan 27 2017 07:27:43,  412127 sec) TxPacket()           Packet xmit history: [00000001] (0:ok, 1:fail).
(Jan 27 2017 07:27:54,  412138 sec) TxPacket()           NAK received - resending packet. [PktNum=0x10]
(Jan 27 2017 07:27:54,  412138 sec) TxPacket()           Packet xmit history: [00000101] (0:ok, 1:fail).
(Jan 27 2017 07:28:11,  412155 sec) TxPacket()           NAK received - resending packet. [PktNum=0x12]
(Jan 27 2017 07:28:11,  412155 sec) TxPacket()           Packet xmit history: [00101001] (0:ok, 1:fail).
(Jan 27 2017 07:28:15,  412159 sec) TxPacket()           NAK received - resending packet. [PktNum=0x12]
(Jan 27 2017 07:28:15,  412159 sec) TxPacket()           Packet xmit history: [01010011] (0:ok, 1:fail).
(Jan 27 2017 07:28:46,  412190 sec) TxPacket()           NAK received - resending packet. [PktNum=0x17]
(Jan 27 2017 07:28:46,  412190 sec) TxPacket()           Packet xmit history: [11000001] (0:ok, 1:fail).
(Jan 27 2017 07:28:56,  412200 sec) TxPacket()           NAK received - resending packet. [PktNum=0x18]
(Jan 27 2017 07:28:56,  412200 sec) TxPacket()           Packet xmit history: [00000101] (0:ok, 1:fail).
(Jan 27 2017 07:29:05,  412209 sec) TxPacket()           NAK received - resending packet. [PktNum=0x19]
(Jan 27 2017 07:29:05,  412209 sec) TxPacket()           Packet xmit history: [00010101] (0:ok, 1:fail).
(Jan 27 2017 07:29:27,  412231 sec) TxPacket()           NAK received - resending packet. [PktNum=0x1c]
(Jan 27 2017 07:29:27,  412231 sec) TxPacket()           Packet xmit history: [01010001] (0:ok, 1:fail).
(Jan 27 2017 07:30:35,  412299 sec) TxPacket()           NAK received - resending packet. [PktNum=0x27]
(Jan 27 2017 07:30:35,  412299 sec) TxPacket()           Packet xmit history: [00000001] (0:ok, 1:fail).
(Jan 27 2017 07:30:48,  412312 sec) TxPacket()           NAK received - resending packet. [PktNum=0x28]
(Jan 27 2017 07:30:48,  412312 sec) TxPacket()           Packet xmit history: [00000101] (0:ok, 1:fail).
(Jan 27 2017 07:31:10,  412334 sec) TxPacket()           NAK received - resending packet. [PktNum=0x2b]
(Jan 27 2017 07:31:10,  412334 sec) TxPacket()           Packet xmit history: [01010001] (0:ok, 1:fail).
(Jan 27 2017 07:31:29,  412353 sec) Tx()                 Transmission completed successfully [45 packets, 40709 bytes, 323 sec, 128.8 bps]
(Jan 27 2017 07:31:29,  412353 sec) UpLoadFile()         Upload successful.
(Jan 27 2017 07:31:35,  412359 sec) UpLoad()             Files successfully uploaded: 1
(Jan 27 2017 07:31:35,  412359 sec) UpLoad()             Upload complete.
(Jan 27 2017 07:31:45,  412369 sec) chat()               Expected string [logout] not received.
(Jan 27 2017 07:31:45,  412369 sec) logout()             Attempt to log-out failed.
(Jan 27 2017 07:31:45,  412369 sec) logout()             No carrier detected.
(Jan 27 2017 07:31:45,  412369 sec) Telemetry()          Telemetry cycle complete: PrfId=80 ConnectionAttempts=2  Connections=2
(Jan 27 2017 07:31:45,  412369 sec) TelemetryTerminate() Parsing new mission configuration.
(Jan 27 2017 07:31:46,  412371 sec) configure()          Parsing configurators in "mission.cfg".
(Jan 27 2017 07:31:50,  412374 sec) configure()             TelemetryRetry(15)      [0x7BBC] [TelemetryRetry(15)].
(Jan 27 2017 07:31:51,  412375 sec) configure()          Configuration CRCs and syntax OK.
(Jan 27 2017 07:31:51,  412375 sec) ConfigSupervisor()   Configuration accepted.
(Jan 27 2017 07:31:51,  412375 sec) TelemetryTerminate() Reconditioning the file system.
(Jan 27 2017 07:32:03,       6 sec) DescentInit()        Deep profile 81 initiated at mission-time 412380sec.
(Jan 27 2017 07:32:05,       9 sec) DescentInit()        Surface pressure: -0.2dbars.
(Jan 27 2017 07:32:10,      14 sec) PistonMoveAbsWTO()    175->050 174 173 172 171 170 169 168 167 166 165 164 163 162 161 160 159 158 157 156 155 154 153 152 151 150 149 148 147 146 145 144 143 142 141 140 139 138 137 136 135 134 133 132 131 130 129 128 127 126 125 124 123 122 121 120 119 118 117 116 115 114 113 112 111 110 109 108 107 106 105 104 103 102 101 100 099 098 097 096 095 094 093 092 091 090 089 088 087 086 085 084 083 082 081 080 079 078 077 076 075 074 073 072 071 070 069 068 067 066 065 064 063 062 061 060 059 058 057 056 055 054 053 052 051 050 [643sec, 14.3Volts, 0.161Amps, CPT:643sec]
(Jan 27 2017 07:42:54,     657 sec) PistonMoveAbsWTO()    050->000 049 048 047 046 045 044 043 042 041 040 039 038 037 036 035 034 033 032 031 030 029 028 027 026 025 024 023 022 021 020 019 018 017 016 015 014 013 012 011 010 009 [211sec, 14.3Volts, 0.149Amps, CPT:854sec]
(Jan 27 2017 07:46:35,     879 sec) Descent()            Pressure: 81.1
(Jan 27 2017 08:32:00,    3604 sec) Descent()            Pressure: 398.9
(Jan 27 2017 09:32:00,    7204 sec) Descent()            Pressure: 870.8
(Jan 27 2017 09:32:00,    7204 sec) PistonMoveAbsWTO()    009->050 010 011 012 013 014 015 016 017 018 019 020 021 022 023 024 025 026 027 028 029 030 031 032 033 034 035 036 037 038 039 040 041 042 043 044 045 046 047 048 049 050 [237sec, 13.6Volts, 0.431Amps, CPT:1091sec]
(Jan 27 2017 10:32:00,   10804 sec) Descent()            Pressure: 862.1
(Jan 27 2017 11:32:00,   14404 sec) Descent()            Pressure: 877.1
(Jan 27 2017 12:32:00,   18004 sec) Descent()            Pressure: 893.0
(Jan 27 2017 12:32:00,   18004 sec) ParkInit()           
(Jan 27 2017 14:32:30,   25233 sec) Park()               ParkPOutOfBand[-3, 922.2 dbars]: retract piston.
(Jan 27 2017 14:32:30,   25234 sec) PistonMoveAbsWTO()    050->049 049 [1sec, 13.9Volts, 0.133Amps, CPT:1092sec]
(Jan 27 2017 17:32:30,   36033 sec) Park()               ParkPOutOfBand[-3, 954.5 dbars]: retract piston.
(Jan 27 2017 17:32:30,   36034 sec) PistonMoveAbsWTO()    049->048 048 [6sec, 13.9Volts, 0.125Amps, CPT:1098sec]
(Jan 28 2017 02:32:30,   68433 sec) Park()               ParkPOutOfBand[3, 1015.6 dbars]: extend piston.
(Jan 28 2017 02:32:30,   68434 sec) PistonMoveAbsWTO()    048->049 049 [2sec, 13.6Volts, 0.479Amps, CPT:1100sec]
(Jan 28 2017 07:32:30,   86433 sec) Park()               ParkPOutOfBand[3, 1011.0 dbars]: extend piston.
(Jan 28 2017 07:32:30,   86434 sec) PistonMoveAbsWTO()    049->050 050 [6sec, 13.3Volts, 0.459Amps, CPT:1106sec]
(Jan 28 2017 10:32:30,   97234 sec) Park()               ParkPOutOfBand[-3, 984.9 dbars]: retract piston.
(Jan 28 2017 10:32:30,   97234 sec) PistonMoveAbsWTO()    050->049 049 [2sec, 13.8Volts, 0.133Amps, CPT:1108sec]
(Jan 29 2017 08:32:30,  176434 sec) Park()               ParkPOutOfBand[3, 1011.3 dbars]: extend piston.
(Jan 29 2017 08:32:30,  176434 sec) PistonMoveAbsWTO()    049->050 050 [3sec, 13.6Volts, 0.467Amps, CPT:1111sec]
(Jan 30 2017 13:32:30,  280834 sec) Park()               ParkPOutOfBand[3, 1011.6 dbars]: extend piston.
(Jan 30 2017 13:32:31,  280834 sec) PistonMoveAbsWTO()    050->051 051 [8sec, 13.1Volts, 0.484Amps, CPT:1119sec]
(Jan 30 2017 16:32:30,  291634 sec) Park()               ParkPOutOfBand[-3, 977.3 dbars]: retract piston.
(Jan 30 2017 16:32:31,  291635 sec) PistonMoveAbsWTO()    051->050 050 [2sec, 13.8Volts, 0.125Amps, CPT:1121sec]
(Jan 30 2017 19:32:30,  302434 sec) Park()               ParkPOutOfBand[-3, 988.9 dbars]: retract piston.
(Jan 30 2017 19:32:31,  302435 sec) PistonMoveAbsWTO()    050->049 049 [5sec, 13.8Volts, 0.133Amps, CPT:1126sec]
(Jan 30 2017 22:32:30,  313234 sec) Park()               ParkPOutOfBand[3, 1016.8 dbars]: extend piston.
(Jan 30 2017 22:32:31,  313235 sec) PistonMoveAbsWTO()    049->050 050 [2sec, 13.6Volts, 0.471Amps, CPT:1128sec]
(Jan 31 2017 01:32:30,  324034 sec) Park()               ParkPOutOfBand[3, 1012.4 dbars]: extend piston.
(Jan 31 2017 01:32:31,  324035 sec) PistonMoveAbsWTO()    050->051 051 [7sec, 13.2Volts, 0.500Amps, CPT:1135sec]
(Jan 31 2017 04:32:32,  334836 sec) Park()               ParkPOutOfBand[-3, 978.0 dbars]: retract piston.
(Jan 31 2017 04:32:32,  334836 sec) PistonMoveAbsWTO()    051->050 050 [3sec, 13.8Volts, 0.113Amps, CPT:1138sec]
(Jan 31 2017 15:32:21,  374425 sec) CtdPower()           [  992.14,  6.8075, 34.9570]
(Jan 31 2017 15:32:22,  374425 sec) CtdPower()           CTD Power consumption [183VCnt 9ACnt]: 14.186Volts * 0.036Amps = 0.51Watts.
(Jan 31 2017 15:32:22,  374426 sec) ParkTerminate()      Piston Position:50 Vacuum:80 Vq:195 Aq:4 Vsbe:183 Asbe:9
(Jan 31 2017 15:32:49,  374453 sec) ParkTerminate()      PTS: 992.1dbars 6.8081C 34.9562PSU
(Jan 31 2017 15:32:50,  374454 sec) GoDeepInit()         Moving piston.
(Jan 31 2017 15:32:50,  374454 sec) PistonMoveAbsWTO()    050->012 049 048 047 046 045 044 043 042 041 040 039 038 037 036 035 034 033 032 031 030 029 028 027 026 025 024 023 022 021 020 019 018 017 016 015 014 013 012 [200sec, 14.0Volts, 0.105Amps, CPT:1338sec]
(Jan 31 2017 20:32:00,  392404 sec) ProfileInit()        PrfId:081  Pressure:1998.3dbar  pTable[1]:1950dbar
(Jan 31 2017 20:33:30,  392493 sec) Sbe41cpStartCP()     Continuous profile started.
(Jan 31 2017 20:33:30,  392494 sec) PistonMoveAbsWTO()    012->034 013 014 015 016 017 [30sec, 12.9Volts, 0.858Amps, CPT:1368sec]
(Jan 31 2017 20:34:11,  392535 sec) PistonMoveAbsWTO()    017->034 018 019 020 021 [30sec, 12.7Volts, 0.830Amps, CPT:1398sec]
(Jan 31 2017 20:34:52,  392576 sec) PistonMoveAbsWTO()    021->034 022 023 024 025 [30sec, 12.6Volts, 0.854Amps, CPT:1428sec]
(Jan 31 2017 20:35:33,  392617 sec) PistonMoveAbsWTO()    025->034 026 027 028 029 030 [30sec, 12.5Volts, 0.826Amps, CPT:1458sec]
(Jan 31 2017 20:36:14,  392658 sec) PistonMoveAbsWTO()    030->034 031 032 033 034 [29sec, 12.4Volts, 0.810Amps, CPT:1487sec]
(Jan 31 2017 21:22:33,  395437 sec) AscentControlAgent() Bouyancy nudge to 44 (v=0.077dbar/sec).
(Jan 31 2017 21:22:33,  395437 sec) PistonMoveAbsWTO()    034->044 035 036 037 038 [30sec, 13.2Volts, 0.721Amps, CPT:1517sec]
(Jan 31 2017 21:23:13,  395477 sec) PistonMoveAbsWTO()    038->044 039 040 041 042 043 [30sec, 12.9Volts, 0.737Amps, CPT:1547sec]
(Jan 31 2017 21:23:53,  395517 sec) PistonMoveAbsWTO()    043->044 044 [7sec, 12.9Volts, 0.705Amps, CPT:1554sec]
(Jan 31 2017 22:15:01,  398585 sec) AscentControlAgent() Bouyancy nudge to 54 (v=0.074dbar/sec).
(Jan 31 2017 22:15:01,  398585 sec) PistonMoveAbsWTO()    044->054 045 046 047 048 [30sec, 13.3Volts, 0.629Amps, CPT:1584sec]
(Jan 31 2017 22:15:41,  398625 sec) PistonMoveAbsWTO()    048->054 049 050 051 052 053 [30sec, 13.1Volts, 0.633Amps, CPT:1614sec]
(Jan 31 2017 22:16:21,  398665 sec) PistonMoveAbsWTO()    053->054 054 [5sec, 13.1Volts, 0.629Amps, CPT:1619sec]
(Jan 31 2017 23:02:20,  401424 sec) AscentControlAgent() Bouyancy nudge to 64 (v=0.078dbar/sec).
(Jan 31 2017 23:02:20,  401424 sec) PistonMoveAbsWTO()    054->064 055 056 057 058 [30sec, 13.4Volts, 0.560Amps, CPT:1649sec]
(Jan 31 2017 23:03:00,  401464 sec) PistonMoveAbsWTO()    058->064 059 060 061 062 063 [30sec, 13.3Volts, 0.584Amps, CPT:1679sec]
(Jan 31 2017 23:03:40,  401504 sec) PistonMoveAbsWTO()    063->064 064 [3sec, 13.3Volts, 0.544Amps, CPT:1682sec]
(Jan 31 2017 23:54:44,  404568 sec) AscentControlAgent() Bouyancy nudge to 74 (v=0.076dbar/sec).
(Jan 31 2017 23:54:44,  404568 sec) PistonMoveAbsWTO()    064->074 065 066 067 068 069 [30sec, 13.6Volts, 0.471Amps, CPT:1712sec]
(Jan 31 2017 23:55:24,  404608 sec) PistonMoveAbsWTO()    069->074 070 071 072 073 074 [30sec, 13.4Volts, 0.479Amps, CPT:1742sec]
(Feb 01 2017 01:48:06,  411370 sec) AscentControlAgent() Bouyancy nudge to 84 (v=0.063dbar/sec).
(Feb 01 2017 01:48:06,  411370 sec) PistonMoveAbsWTO()    074->084 075 076 077 078 079 [30sec, 14.0Volts, 0.230Amps, CPT:1772sec]
(Feb 01 2017 01:48:46,  411410 sec) PistonMoveAbsWTO()    079->084 080 081 082 083 084 [25sec, 14.0Volts, 0.222Amps, CPT:1797sec]
(Feb 01 2017 01:54:17,  411741 sec) AscentControlAgent() Bouyancy nudge to 94 (v=0.075dbar/sec).
(Feb 01 2017 01:54:17,  411741 sec) PistonMoveAbsWTO()    084->094 085 086 087 088 089 [30sec, 14.0Volts, 0.222Amps, CPT:1827sec]
(Feb 01 2017 01:54:57,  411781 sec) PistonMoveAbsWTO()    089->094 090 091 092 093 094 [25sec, 13.9Volts, 0.218Amps, CPT:1852sec]
(Feb 01 2017 02:00:28,  412112 sec) AscentControlAgent() Bouyancy nudge to 104 (v=0.074dbar/sec).
(Feb 01 2017 02:00:28,  412112 sec) PistonMoveAbsWTO()    094->104 095 096 097 098 099 [30sec, 14.0Volts, 0.210Amps, CPT:1882sec]
(Feb 01 2017 02:01:08,  412152 sec) PistonMoveAbsWTO()    099->104 100 101 102 103 104 [25sec, 14.0Volts, 0.218Amps, CPT:1907sec]
(Feb 01 2017 02:06:39,  412483 sec) AscentControlAgent() Bouyancy nudge to 114 (v=0.060dbar/sec).
(Feb 01 2017 02:06:39,  412483 sec) PistonMoveAbsWTO()    104->114 105 106 107 108 109 [30sec, 14.0Volts, 0.205Amps, CPT:1937sec]
(Feb 01 2017 02:07:19,  412523 sec) PistonMoveAbsWTO()    109->114 110 111 112 113 114 [24sec, 14.0Volts, 0.210Amps, CPT:1961sec]
(Feb 01 2017 02:12:50,  412854 sec) AscentControlAgent() Bouyancy nudge to 124 (v=0.011dbar/sec).
(Feb 01 2017 02:12:50,  412854 sec) PistonMoveAbsWTO()    114->124 115 116 117 118 119 [30sec, 14.0Volts, 0.214Amps, CPT:1991sec]
(Feb 01 2017 02:13:30,  412894 sec) PistonMoveAbsWTO()    119->124 120 121 122 123 124 [24sec, 14.0Volts, 0.201Amps, CPT:2015sec]
(Feb 01 2017 02:19:01,  413225 sec) AscentControlAgent() Bouyancy nudge to 134 (v=0.023dbar/sec).
(Feb 01 2017 02:19:01,  413225 sec) PistonMoveAbsWTO()    124->134 125 126 127 128 129 [30sec, 14.0Volts, 0.201Amps, CPT:2045sec]
(Feb 01 2017 02:19:41,  413265 sec) PistonMoveAbsWTO()    129->134 130 131 132 133 134 [24sec, 14.0Volts, 0.201Amps, CPT:2069sec]
(Feb 01 2017 02:25:12,  413596 sec) AscentControlAgent() Bouyancy nudge to 144 (v=0.050dbar/sec).
(Feb 01 2017 02:25:12,  413596 sec) PistonMoveAbsWTO()    134->144 135 136 137 138 139 [30sec, 14.1Volts, 0.201Amps, CPT:2099sec]
(Feb 01 2017 02:25:52,  413636 sec) PistonMoveAbsWTO()    139->144 140 141 142 143 144 [24sec, 14.0Volts, 0.193Amps, CPT:2123sec]
(Feb 01 2017 02:30:18,  413902 sec) AscentControlAgent() Bouyancy nudge to 154 (v=0.051dbar/sec).
(Feb 01 2017 02:30:18,  413902 sec) PistonMoveAbsWTO()    144->154 145 146 147 148 149 [30sec, 14.1Volts, 0.193Amps, CPT:2153sec]
(Feb 01 2017 02:30:58,  413942 sec) PistonMoveAbsWTO()    149->154 150 151 152 153 154 [24sec, 14.1Volts, 0.189Amps, CPT:2177sec]
(Feb 01 2017 02:35:24,  414208 sec) AscentControlAgent() Bouyancy nudge to 164 (v=0.071dbar/sec).
(Feb 01 2017 02:35:24,  414208 sec) PistonMoveAbsWTO()    154->164 155 156 [15sec, 14.1Volts, 0.181Amps, CPT:2192sec]
(Feb 01 2017 02:35:49,  414233 sec) PistonMoveAbsWTO()    156->164 157 158 159 [15sec, 14.1Volts, 0.185Amps, CPT:2207sec]
(Feb 01 2017 02:36:14,  414258 sec) PistonMoveAbsWTO()    159->164 160 161 162 [15sec, 14.1Volts, 0.185Amps, CPT:2222sec]
(Feb 01 2017 02:36:39,  414283 sec) PistonMoveAbsWTO()    162->164 163 164 [10sec, 14.1Volts, 0.185Amps, CPT:2232sec]
(Feb 01 2017 02:37:32,  414336 sec) SurfaceDetect()      SurfacePressure:-0.2dbars Pressure:2.8dbars PistonPosition:164
(Feb 01 2017 02:37:33,  414337 sec) Sbe41cpStopCP()      Continuous profile stopped.
(Feb 01 2017 02:37:39,  414343 sec) PistonMoveAbsWTO()    164->186 165 166 167 168 169 170 171 172 173 174 175 176 177 178 179 180 181 182 183 184 185 186 [118sec, 14.1Volts, 0.157Amps, CPT:2350sec]
(Feb 01 2017 02:39:45,  414468 sec) sbe41cp.c:chat()     Expected string [S>] not received.
(Feb 01 2017 02:44:35,  414759 sec) Sbe41cpBinAverage()  Finished averaging 21874 samples in 286 seconds.
(Feb 01 2017 02:44:40,  414764 sec) Sbe41cpUploadCP()    Sbe41cpSerNo[7258] NSample[21874] NBin[1000]
(Feb 01 2017 02:46:28,  414871 sec) Sbe41cpUploadCP()    Continuous profile uploaded [1000 lines].

<EOT>
