(Dec 24 2016 15:39:37,  414806 sec) TelemetryInit()      Profile 73. (Apf9i FwRev: 012811)
(Dec 24 2016 15:46:26,  415215 sec) AirSystem()          Battery [188cnt, 14.6V]  Current [72cnt, 29.0mA]  Barometer [126cnt, 6.5"Hg]  Run-Time [45s]
(Dec 24 2016 15:47:03,  415252 sec) GpsServices()        GPS almanac is current.
(Dec 24 2016 15:47:03,  415252 sec) GpsServices()        Initiating GPS fix acquisition.
(Dec 24 2016 15:47:13,  415262 sec) gga()                $GPGGA,154640,1204.3015,N,08251.9025,E,0,00,,,M,,M,,*5F
(Dec 24 2016 15:47:19,  415268 sec) gga()                $GPGGA,154640,1204.3015,N,08251.9025,E,0,00,,,M,,M,,*5F
(Dec 24 2016 15:47:25,  415274 sec) gga()                $GPGGA,154650,1204.3015,N,08251.9025,E,0,00,,,M,,M,,*5E
(Dec 24 2016 15:47:39,  415289 sec) gga()                $GPGGA,154710,1204.3015,N,08251.9025,E,0,00,,,M,,M,,*5B
(Dec 24 2016 15:47:49,  415299 sec) gga()                $GPGGA,154720,1204.3015,N,08251.9025,E,0,00,,,M,,M,,*58
(Dec 24 2016 15:47:59,  415309 sec) gga()                $GPGGA,154730,1204.3015,N,08251.9025,E,0,00,,,M,,M,,*59
(Dec 24 2016 15:48:28,  415337 sec) gga()                $GPGGA,154740,1217.7736,N,08255.8553,E,1,08,1.1,-3.1,M,-87.3,M,,*46
(Dec 24 2016 15:48:28,  415337 sec) GpsServices()        Profile 73 GPS fix obtained in 85 seconds.
(Dec 24 2016 15:48:28,  415337 sec) GpsServices()                  lon     lat mm/dd/yyyy hhmmss nsat
(Dec 24 2016 15:48:28,  415337 sec) GpsServices()        Fix:   82.931  12.296 12/24/2016 154740    8
(Dec 24 2016 15:48:58,  415367 sec) gga()                $GPGGA,154810,1217.7792,N,08255.8508,E,1,11,0.8,-2.7,M,-87.3,M,,*4B
(Dec 24 2016 15:49:03,  415373 sec) gga()                $GPGGA,154840,1217.7852,N,08255.8461,E,1,11,0.8,-3.9,M,-87.3,M,,*4C
(Dec 24 2016 15:49:04,  415373 sec) GpsServices()        APF9 RTC skew (24s) OK.
(Dec 24 2016 15:49:04,  415373 sec) LogNmeaSentences()   4,239,49,11,48,117,46,17,14,212,43,22,01,151,21*7F
(Dec 24 2016 15:49:04,  415373 sec) LogNmeaSentences()   $GPGSV,3,3,12,23,45,164,49,27,07,035,38,28,30,283,44,30,21,327,42*7B
(Dec 24 2016 15:49:13,  415383 sec) LogNmeaSentences()   $GPRMC,154850,A,1217.7870,N,08255.8445,E,001.5,299.3,241216,001.6,W*63
(Dec 24 2016 15:49:14,  415383 sec) LogNmeaSentences()   $GPGGA,154850,1217.7870,N,08255.8445,E,1,11,0.8,-3.8,M,-87.3,M,,*4A
(Dec 24 2016 15:49:14,  415383 sec) LogNmeaSentences()   $GPGSA,A,3,01,03,07,08,09,11,17,,23,27,28,30,1.1,0.8,0.8*3D
(Dec 24 2016 15:49:15,  415384 sec) LogNmeaSentences()   $GPGSV,3,1,12,01,27,137,44,03,06,166,38,07,42,359,45,08,46,037,46*75
(Dec 24 2016 15:49:15,  415384 sec) LogNmeaSentences()   $GPGSV,3,2,12,09,74,239,49,11,48,117,47,17,14,212,44,22,01,151,26*7E
(Dec 24 2016 15:49:15,  415384 sec) LogNmeaSentences()   $GPGSV,3,3,12,23,45,164,48,27,07,035,30,28,30,283,44,30,21,327,40*70
(Dec 24 2016 15:49:23,  415392 sec) LogNmeaSentences()   $GPRMC,154900,A,1217.7890,N,08255.8428,E,001.3,004.3,241216,001.6,W*62
(Dec 24 2016 15:49:24,  415393 sec) LogNmeaSentences()   $GPGGA,154900,1217.7890,N,08255.8428,E,1,11,0.8,-3.6,M,-87.3,M,,*45
(Dec 24 2016 15:49:24,  415393 sec) LogNmeaSentences()   $GPGSA,A,3,01,03,07,08,09,11,17,,23,27,28,30,1.1,0.8,0.8*3D
(Dec 24 2016 15:49:25,  415394 sec) LogNmeaSentences()   $GPGSV,3,1,12,01,27,136,43,03,06,166,30,07,42,359,47,08,46,037,46*79
(Dec 24 2016 15:49:25,  415394 sec) LogNmeaSentences()   $GPGSV,3,2,12,09,74,239,48,11,48,117,47,17,14,212,44,22,01,151,25*7C
(Dec 24 2016 15:49:25,  415394 sec) LogNmeaSentences()   $GPGSV,3,3,12,23,45,164,48,27,07,035,38,28,30,283,45,30,21,328,43*75
(Dec 24 2016 15:49:26,  415395 sec) LogNmeaSentences()   $PGRMT,GPS 15x-L software ver. 3.90,,,,,,,,*7D
(Dec 24 2016 15:49:33,  415402 sec) LogNmeaSentences()   $GPRMC,154910,A,1217.7906,N,08255.8415,E,000.0,324.0,241216,001.6,W*63
(Dec 24 2016 15:49:34,  415403 sec) LogNmeaSentences()   $GPGGA,154910,1217.7906,N,08255.8415,E,1,11,0.8,-3.6,M,-87.3,M,,*44
(Dec 24 2016 15:49:34,  415403 sec) LogNmeaSentences()   $GPGSA,A,3,01,03,07,08,09,11,17,,23,27,28,30,1.1,0.8,0.8*3D
(Dec 24 2016 15:49:35,  415404 sec) LogNmeaSentences()   $GPGSV,3,1,12,01,27,136,42,03,06,166,38,07,42,000,45,08,46,037,45*7E
(Dec 24 2016 15:49:35,  415404 sec) GpsServices()        GPS services complete.
(Dec 24 2016 15:50:23,  415452 sec) CLogin()             Connecting to primary host.
(Dec 24 2016 15:50:39,  415468 sec) CLogin()             Connection 1 established in 16 seconds.
(Dec 24 2016 15:51:13,  415502 sec) expect()             Attempt to read prompt string [Last login:] failed.
(Dec 24 2016 15:51:13,  415502 sec) login()              Login failed.
(Dec 24 2016 15:51:43,  415532 sec) expect()             Attempt to read prompt string [login:] failed.
(Dec 24 2016 15:51:43,  415532 sec) login()              Login prompt not received.
(Dec 24 2016 15:52:13,  415562 sec) expect()             Attempt to read prompt string [login:] failed.
(Dec 24 2016 15:52:13,  415562 sec) login()              Login prompt not received.
(Dec 24 2016 15:52:13,  415562 sec) CLogin()             Attempt to login to host failed.
(Dec 24 2016 15:52:13,  415562 sec) DownLoadMissionCfg() Connect/login failed.  Mission configuration not downloaded from remote host.
(Dec 24 2016 15:52:18,  415567 sec) CLogin()             Connecting to primary host.
(Dec 24 2016 15:52:35,  415584 sec) CLogin()             Connection 2 established in 17 seconds.
(Dec 24 2016 15:52:58,  415608 sec) login()              Login successful.
(Dec 24 2016 15:53:04,  415613 sec) chat()               Expected string [cmd>] not received.
(Dec 24 2016 15:53:04,  415613 sec) login()              Attempt to set the command prompt failed.
(Dec 24 2016 15:53:09,  415618 sec) chat()               Expected string [cmd>] not received.
(Dec 24 2016 15:53:09,  415618 sec) login()              Attempt to set the command prompt failed.
(Dec 24 2016 15:53:12,  415621 sec) CLogin()             Logged in to host.  [Login required 37 seconds]
(Dec 24 2016 15:53:19,  415629 sec) RxConfig()           Downloading "mission.cfg" from host.
(Dec 24 2016 15:53:22,  415631 sec) Rx()                 Initiating transfer. [0x43]
(Dec 24 2016 15:53:29,  415638 sec) RxStartByte()        Sync errors encountered: 299
(Dec 24 2016 15:53:30,  415639 sec) Rx()                 Pad character [0x1a] found in ascii mode - truncating packet.
(Dec 24 2016 15:53:37,  415646 sec) Rx()                 Received EOT - transfer complete. [1 packets, 1024 bytes, 15 sec, 68.3 bps]
(Dec 24 2016 15:53:37,  415646 sec) RxConfig()           Download successful.
(Dec 24 2016 15:53:51,  415660 sec) WriteVitals()        Writing vitals to "7546.073.msg".
(Dec 24 2016 15:53:59,  415668 sec) UpLoadFile()         Uploading "7546.073.msg" to host as "7546.073.msg".
(Dec 24 2016 15:54:03,  415673 sec) Tx()                 CRC negotiation successful. [16-bit CRC]
(Dec 24 2016 15:54:23,  415692 sec) TxPacket()           NAK received - resending packet. [PktNum=0x03]
(Dec 24 2016 15:54:23,  415692 sec) TxPacket()           Packet xmit history: [11000001] (0:ok, 1:fail).
(Dec 24 2016 15:54:51,  415721 sec) TxPacket()           NAK received - resending packet. [PktNum=0x07]
(Dec 24 2016 15:54:52,  415721 sec) TxPacket()           Packet xmit history: [00100001] (0:ok, 1:fail).
(Dec 24 2016 15:56:21,  415811 sec) TxPacket()           NAK received - resending packet. [PktNum=0x0d]
(Dec 24 2016 15:56:22,  415811 sec) TxPacket()           Packet xmit history: [10000001] (0:ok, 1:fail).
(Dec 24 2016 15:57:14,  415863 sec) TxPacket()           NAK received - resending packet. [PktNum=0x14]
(Dec 24 2016 15:57:14,  415863 sec) TxPacket()           Packet xmit history: [00000001] (0:ok, 1:fail).
(Dec 24 2016 15:57:30,  415880 sec) TxPacket()           NAK received - resending packet. [PktNum=0x15]
(Dec 24 2016 15:57:30,  415880 sec) TxPacket()           Packet xmit history: [00000101] (0:ok, 1:fail).
(Dec 24 2016 15:57:37,  415886 sec) TxPacket()           NAK received - resending packet. [PktNum=0x15]
(Dec 24 2016 15:57:37,  415886 sec) TxPacket()           Packet xmit history: [00001011] (0:ok, 1:fail).
(Dec 24 2016 15:57:51,  415901 sec) TxPacket()           NAK received - resending packet. [PktNum=0x16]
(Dec 24 2016 15:57:52,  415901 sec) TxPacket()           Packet xmit history: [00101101] (0:ok, 1:fail).
(Dec 24 2016 15:57:58,  415907 sec) TxPacket()           NAK received - resending packet. [PktNum=0x16]
(Dec 24 2016 15:57:58,  415907 sec) TxPacket()           Packet xmit history: [01011011] (0:ok, 1:fail).
(Dec 24 2016 15:58:33,  415942 sec) Tx()                 Transmission completed successfully [27 packets, 24549 bytes, 268 sec, 93.1 bps]
(Dec 24 2016 15:58:33,  415942 sec) UpLoadFile()         Upload successful.
(Dec 24 2016 15:58:39,  415948 sec) UpLoadFile()         Uploading "7546.073.log" to host as "7546.073.log".
(Dec 24 2016 15:58:41,  415950 sec) Tx()                 CRC negotiation successful. [16-bit CRC]
(Dec 24 2016 15:58:50,  415959 sec) TxPacket()           NAK received - resending packet. [PktNum=0x01]
(Dec 24 2016 15:58:50,  415959 sec) TxPacket()           Packet xmit history: [10000001] (0:ok, 1:fail).
(Dec 24 2016 15:59:17,  415986 sec) TxPacket()           NAK received - resending packet. [PktNum=0x04]
(Dec 24 2016 15:59:17,  415986 sec) TxPacket()           Packet xmit history: [00010001] (0:ok, 1:fail).
(Dec 24 2016 15:59:27,  415996 sec) TxPacket()           NAK received - resending packet. [PktNum=0x05]
(Dec 24 2016 15:59:27,  415996 sec) TxPacket()           Packet xmit history: [01000101] (0:ok, 1:fail).
(Dec 24 2016 15:59:56,  416025 sec) TxPacket()           NAK received - resending packet. [PktNum=0x09]
(Dec 24 2016 15:59:56,  416025 sec) TxPacket()           Packet xmit history: [10100001] (0:ok, 1:fail).
(Dec 24 2016 16:00:19,  416048 sec) TxPacket()           NAK received - resending packet. [PktNum=0x0c]
(Dec 24 2016 16:00:19,  416048 sec) TxPacket()           Packet xmit history: [00010001] (0:ok, 1:fail).
(Dec 24 2016 16:01:08,  416097 sec) TxPacket()           NAK received - resending packet. [PktNum=0x14]
(Dec 24 2016 16:01:08,  416097 sec) TxPacket()           Packet xmit history: [00000001] (0:ok, 1:fail).
(Dec 24 2016 16:01:56,  416145 sec) TxPacket()           NAK received - resending packet. [PktNum=0x1c]
(Dec 24 2016 16:01:56,  416145 sec) TxPacket()           Packet xmit history: [00000001] (0:ok, 1:fail).
(Dec 24 2016 16:02:12,  416161 sec) Tx()                 Transmission completed successfully [29 packets, 29098 bytes, 210 sec, 141.4 bps]
(Dec 24 2016 16:02:12,  416161 sec) UpLoadFile()         Upload successful.
(Dec 24 2016 16:02:18,  416167 sec) UpLoad()             Files successfully uploaded: 2
(Dec 24 2016 16:02:18,  416167 sec) UpLoad()             Upload complete.
(Dec 24 2016 16:02:25,  416174 sec) chat()               Expected string [logout] not received.
(Dec 24 2016 16:02:25,  416174 sec) logout()             Attempt to log-out failed.
(Dec 24 2016 16:02:30,  416179 sec) chat()               Expected string [cmd>] not received.
(Dec 24 2016 16:02:30,  416179 sec) logout()             Can't get command prompt.
(Dec 24 2016 16:02:35,  416184 sec) chat()               Expected string [logout] not received.
(Dec 24 2016 16:02:35,  416184 sec) logout()             Attempt to log-out failed.
(Dec 24 2016 16:02:35,  416184 sec) logout()             No carrier detected.
(Dec 24 2016 16:02:35,  416184 sec) Telemetry()          Telemetry cycle complete: PrfId=73 ConnectionAttempts=2  Connections=2
(Dec 24 2016 16:02:35,  416184 sec) TelemetryTerminate() Parsing new mission configuration.
(Dec 24 2016 16:02:37,  416186 sec) configure()          Parsing configurators in "mission.cfg".
(Dec 24 2016 16:02:41,  416190 sec) configure()             TelemetryRetry(15)      [0x7BBC] [TelemetryRetry(15)].
(Dec 24 2016 16:02:41,  416190 sec) configure()          Configuration CRCs and syntax OK.
(Dec 24 2016 16:02:41,  416190 sec) ConfigSupervisor()   Configuration accepted.
(Dec 24 2016 16:02:41,  416190 sec) TelemetryTerminate() Reconditioning the file system.
(Dec 24 2016 16:02:51,       7 sec) DescentInit()        Deep profile 74 initiated at mission-time 416193sec.
(Dec 24 2016 16:02:54,      10 sec) DescentInit()        Surface pressure: -0.3dbars.
(Dec 24 2016 16:02:59,      15 sec) PistonMoveAbsWTO()    186->050 185 184 183 182 181 180 179 178 177 176 175 174 173 172 171 170 169 168 167 166 165 164 163 162 161 160 159 158 157 156 155 154 153 152 151 150 149 148 147 146 145 144 143 142 141 140 139 138 137 136 135 134 133 132 131 130 129 128 127 126 125 124 123 122 121 120 119 118 117 116 115 114 113 112 111 110 109 108 107 106 105 104 103 102 101 100 099 098 097 096 095 094 093 092 091 090 089 088 087 086 085 084 083 082 081 080 079 078 077 076 075 074 073 072 071 070 069 068 067 066 065 064 063 062 061 060 059 058 057 056 055 054 053 052 051 050 [704sec, 14.3Volts, 0.149Amps, CPT:704sec]
(Dec 24 2016 16:14:43,     719 sec) PistonMoveAbsWTO()    050->000 049 048 047 046 045 044 043 042 041 040 039 038 037 036 035 034 033 032 031 030 029 028 027 026 025 024 023 022 021 020 019 018 017 016 015 014 013 012 011 010 009 [212sec, 14.3Volts, 0.145Amps, CPT:916sec]
(Dec 24 2016 16:18:26,     942 sec) Descent()            Pressure: 83.9
(Dec 24 2016 17:02:48,    3604 sec) Descent()            Pressure: 385.8
(Dec 24 2016 18:02:48,    7204 sec) Descent()            Pressure: 844.1
(Dec 24 2016 19:02:48,   10804 sec) Descent()            Pressure: 1278.4
(Dec 24 2016 19:02:48,   10804 sec) PistonMoveAbsWTO()    009->050 010 011 012 013 014 015 016 017 018 019 020 021 022 023 024 025 026 027 028 029 030 031 032 033 034 035 036 037 038 039 040 041 042 043 044 045 046 047 048 049 050 [252sec, 13.2Volts, 0.540Amps, CPT:1168sec]
(Dec 24 2016 20:02:48,   14404 sec) Descent()            Pressure: 1057.6
(Dec 24 2016 21:02:48,   18004 sec) Descent()            Pressure: 962.1
(Dec 24 2016 21:02:48,   18004 sec) ParkInit()           
(Dec 24 2016 23:03:17,   25233 sec) Park()               ParkPOutOfBand[-3, 952.8 dbars]: retract piston.
(Dec 24 2016 23:03:17,   25234 sec) PistonMoveAbsWTO()    050->049 049 [2sec, 14.0Volts, 0.125Amps, CPT:1170sec]
(Dec 25 2016 02:03:17,   36033 sec) Park()               ParkPOutOfBand[-3, 971.4 dbars]: retract piston.
(Dec 25 2016 02:03:17,   36034 sec) PistonMoveAbsWTO()    049->048 048 [5sec, 14.0Volts, 0.113Amps, CPT:1175sec]
(Dec 25 2016 09:03:17,   61233 sec) Park()               ParkPOutOfBand[3, 1016.8 dbars]: extend piston.
(Dec 25 2016 09:03:17,   61234 sec) PistonMoveAbsWTO()    048->049 049 [2sec, 13.6Volts, 0.471Amps, CPT:1177sec]
(Dec 25 2016 12:03:17,   72033 sec) Park()               ParkPOutOfBand[3, 1015.9 dbars]: extend piston.
(Dec 25 2016 12:03:18,   72034 sec) PistonMoveAbsWTO()    049->050 050 [6sec, 13.5Volts, 0.463Amps, CPT:1183sec]
(Dec 25 2016 16:03:17,   86433 sec) Park()               ParkPOutOfBand[-3, 977.4 dbars]: retract piston.
(Dec 25 2016 16:03:18,   86434 sec) PistonMoveAbsWTO()    050->049 049 [2sec, 13.9Volts, 0.121Amps, CPT:1185sec]
(Dec 27 2016 00:03:17,  201634 sec) Park()               ParkPOutOfBand[3, 1014.7 dbars]: extend piston.
(Dec 27 2016 00:03:18,  201634 sec) PistonMoveAbsWTO()    049->050 050 [3sec, 13.6Volts, 0.467Amps, CPT:1188sec]
(Dec 29 2016 00:03:09,  374425 sec) CtdPower()           [ 1008.92,  6.6332, 34.9499]
(Dec 29 2016 00:03:09,  374425 sec) CtdPower()           CTD Power consumption [184VCnt 9ACnt]: 14.263Volts * 0.036Amps = 0.52Watts.
(Dec 29 2016 00:03:09,  374426 sec) ParkTerminate()      Piston Position:50 Vacuum:80 Vq:195 Aq:4 Vsbe:184 Asbe:9
(Dec 29 2016 00:03:37,  374453 sec) ParkTerminate()      PTS: 1008.4dbars 6.6327C 34.9507PSU
(Dec 29 2016 00:03:37,  374454 sec) GoDeepInit()         Moving piston.
(Dec 29 2016 00:03:38,  374454 sec) PistonMoveAbsWTO()    050->011 049 048 047 046 045 044 043 042 041 040 039 038 037 036 035 034 033 032 031 030 029 028 027 026 025 024 023 022 021 020 019 018 017 016 015 014 013 012 011 [201sec, 14.0Volts, 0.093Amps, CPT:1389sec]
(Dec 29 2016 03:42:48,  387604 sec) GoDeep()             Sequence point detected at 2002.5dbar.
(Dec 29 2016 03:42:50,  387606 sec) ProfileInit()        PrfId:074  Pressure:2002.5dbar  pTable[0]:2000dbar
(Dec 29 2016 03:43:01,  387617 sec) PistonMoveAbsWTO()    011->033 012 013 014 015 [30sec, 12.9Volts, 0.806Amps, CPT:1419sec]
(Dec 29 2016 03:43:41,  387657 sec) PistonMoveAbsWTO()    015->033 016 017 018 019 020 [30sec, 12.8Volts, 0.814Amps, CPT:1449sec]
(Dec 29 2016 03:44:21,  387697 sec) PistonMoveAbsWTO()    020->033 021 022 023 024 [30sec, 12.6Volts, 0.778Amps, CPT:1479sec]
(Dec 29 2016 03:46:28,  387824 sec) Sbe41cpStartCP()     Continuous profile started.
(Dec 29 2016 03:46:28,  387824 sec) PistonMoveAbsWTO()    024->033 025 026 027 028 [30sec, 12.6Volts, 0.854Amps, CPT:1509sec]
(Dec 29 2016 03:47:08,  387864 sec) PistonMoveAbsWTO()    028->033 029 030 031 032 [30sec, 12.6Volts, 0.838Amps, CPT:1539sec]
(Dec 29 2016 03:47:48,  387904 sec) PistonMoveAbsWTO()    032->033 033 [3sec, 12.6Volts, 0.810Amps, CPT:1542sec]
(Dec 29 2016 04:38:49,  390965 sec) AscentControlAgent() Bouyancy nudge to 43 (v=0.076dbar/sec).
(Dec 29 2016 04:38:49,  390965 sec) PistonMoveAbsWTO()    033->043 034 035 036 037 [30sec, 13.2Volts, 0.713Amps, CPT:1572sec]
(Dec 29 2016 04:39:29,  391005 sec) PistonMoveAbsWTO()    037->043 038 039 040 041 042 [30sec, 13.0Volts, 0.697Amps, CPT:1602sec]
(Dec 29 2016 04:40:09,  391045 sec) PistonMoveAbsWTO()    042->043 043 [5sec, 12.9Volts, 0.713Amps, CPT:1607sec]
(Dec 29 2016 05:15:57,  393193 sec) AscentControlAgent() Bouyancy nudge to 53 (v=0.078dbar/sec).
(Dec 29 2016 05:15:57,  393193 sec) PistonMoveAbsWTO()    043->053 044 045 046 047 [30sec, 13.3Volts, 0.637Amps, CPT:1637sec]
(Dec 29 2016 05:16:37,  393233 sec) PistonMoveAbsWTO()    047->053 048 049 050 051 052 [30sec, 13.1Volts, 0.633Amps, CPT:1667sec]
(Dec 29 2016 05:17:17,  393273 sec) PistonMoveAbsWTO()    052->053 053 [5sec, 13.1Volts, 0.649Amps, CPT:1672sec]
(Dec 29 2016 06:03:17,  396033 sec) AscentControlAgent() Bouyancy nudge to 63 (v=0.078dbar/sec).
(Dec 29 2016 06:03:17,  396033 sec) PistonMoveAbsWTO()    053->063 054 055 056 057 [30sec, 13.4Volts, 0.576Amps, CPT:1702sec]
(Dec 29 2016 06:03:57,  396073 sec) PistonMoveAbsWTO()    057->063 058 059 060 061 062 [30sec, 13.3Volts, 0.560Amps, CPT:1732sec]
(Dec 29 2016 06:04:37,  396113 sec) PistonMoveAbsWTO()    062->063 063 [3sec, 13.3Volts, 0.548Amps, CPT:1735sec]
(Dec 29 2016 06:55:41,  399177 sec) AscentControlAgent() Bouyancy nudge to 73 (v=0.080dbar/sec).
(Dec 29 2016 06:55:41,  399177 sec) PistonMoveAbsWTO()    063->073 064 065 066 067 [30sec, 13.6Volts, 0.455Amps, CPT:1765sec]
(Dec 29 2016 06:56:21,  399217 sec) PistonMoveAbsWTO()    068->073 069 070 071 072 073 [30sec, 13.5Volts, 0.471Amps, CPT:1795sec]
(Dec 29 2016 08:59:15,  406591 sec) AscentControlAgent() Bouyancy nudge to 83 (v=0.033dbar/sec).
(Dec 29 2016 08:59:15,  406591 sec) PistonMoveAbsWTO()    073->083 074 075 076 077 078 [30sec, 14.0Volts, 0.218Amps, CPT:1825sec]
(Dec 29 2016 08:59:55,  406631 sec) PistonMoveAbsWTO()    078->083 079 080 081 082 083 [25sec, 14.0Volts, 0.214Amps, CPT:1850sec]
(Dec 29 2016 09:05:27,  406963 sec) AscentControlAgent() Bouyancy nudge to 93 (v=0.057dbar/sec).
(Dec 29 2016 09:05:27,  406963 sec) PistonMoveAbsWTO()    083->093 084 085 086 087 088 [30sec, 14.0Volts, 0.205Amps, CPT:1880sec]
(Dec 29 2016 09:06:07,  407003 sec) PistonMoveAbsWTO()    088->093 089 090 091 092 093 [25sec, 14.0Volts, 0.205Amps, CPT:1905sec]
(Dec 29 2016 09:11:39,  407335 sec) AscentControlAgent() Bouyancy nudge to 103 (v=0.065dbar/sec).
(Dec 29 2016 09:11:39,  407335 sec) PistonMoveAbsWTO()    093->103 094 095 096 097 098 [30sec, 14.0Volts, 0.205Amps, CPT:1935sec]
(Dec 29 2016 09:12:19,  407375 sec) PistonMoveAbsWTO()    098->103 099 100 101 102 103 [25sec, 14.0Volts, 0.205Amps, CPT:1960sec]
(Dec 29 2016 09:17:50,  407706 sec) AscentControlAgent() Bouyancy nudge to 113 (v=0.047dbar/sec).
(Dec 29 2016 09:17:50,  407706 sec) PistonMoveAbsWTO()    103->113 104 105 106 107 108 [30sec, 14.0Volts, 0.201Amps, CPT:1990sec]
(Dec 29 2016 09:18:30,  407746 sec) PistonMoveAbsWTO()    108->113 109 110 111 112 113 [25sec, 14.0Volts, 0.201Amps, CPT:2015sec]
(Dec 29 2016 09:24:01,  408077 sec) AscentControlAgent() Bouyancy nudge to 123 (v=0.027dbar/sec).
(Dec 29 2016 09:24:01,  408077 sec) PistonMoveAbsWTO()    113->123 114 115 116 117 118 [30sec, 14.1Volts, 0.197Amps, CPT:2045sec]
(Dec 29 2016 09:24:41,  408117 sec) PistonMoveAbsWTO()    118->123 119 120 121 122 123 [25sec, 14.0Volts, 0.193Amps, CPT:2070sec]
(Dec 29 2016 09:30:12,  408448 sec) AscentControlAgent() Bouyancy nudge to 133 (v=0.005dbar/sec).
(Dec 29 2016 09:30:12,  408448 sec) PistonMoveAbsWTO()    123->133 124 125 126 127 128 [30sec, 14.1Volts, 0.197Amps, CPT:2100sec]
(Dec 29 2016 09:30:52,  408488 sec) PistonMoveAbsWTO()    128->133 129 130 131 132 133 [24sec, 14.1Volts, 0.189Amps, CPT:2124sec]
(Dec 29 2016 09:36:22,  408818 sec) AscentControlAgent() Bouyancy nudge to 143 (v=0.005dbar/sec).
(Dec 29 2016 09:36:22,  408818 sec) PistonMoveAbsWTO()    133->143 134 135 136 137 138 [30sec, 14.1Volts, 0.189Amps, CPT:2154sec]
(Dec 29 2016 09:37:02,  408858 sec) PistonMoveAbsWTO()    138->143 139 140 141 142 143 [24sec, 14.1Volts, 0.193Amps, CPT:2178sec]
(Dec 29 2016 09:42:32,  409188 sec) AscentControlAgent() Bouyancy nudge to 153 (v=0.052dbar/sec).
(Dec 29 2016 09:42:32,  409188 sec) PistonMoveAbsWTO()    143->153 144 145 146 147 148 [30sec, 14.2Volts, 0.193Amps, CPT:2208sec]
(Dec 29 2016 09:43:12,  409228 sec) PistonMoveAbsWTO()    148->153 149 150 151 152 153 [24sec, 14.1Volts, 0.181Amps, CPT:2232sec]
(Dec 29 2016 09:48:41,  409557 sec) SurfaceDetect()      SurfacePressure:-0.3dbars Pressure:3.3dbars PistonPosition:153
(Dec 29 2016 09:48:42,  409558 sec) Sbe41cpStopCP()      Continuous profile stopped.
(Dec 29 2016 09:48:48,  409564 sec) PistonMoveAbsWTO()    153->175 154 155 156 157 158 159 160 161 162 163 164 165 166 167 168 169 170 171 172 173 174 175 [116sec, 14.2Volts, 0.149Amps, CPT:2348sec]
(Dec 29 2016 09:50:53,  409689 sec) sbe41cp.c:chat()     Expected string [S>] not received.
(Dec 29 2016 09:55:43,  409979 sec) Sbe41cpBinAverage()  Finished averaging 21765 samples in 286 seconds.
(Dec 29 2016 09:55:48,  409984 sec) Sbe41cpUploadCP()    Sbe41cpSerNo[7258] NSample[21765] NBin[998]
(Dec 29 2016 09:57:35,  410092 sec) Sbe41cpUploadCP()    Continuous profile uploaded [998 lines].

<EOT>
