(Jan 12 2016 00:08:45,   10418 sec) AirSystem()          Battery [195cnt, 15.1V]  Current [75cnt, 30.2mA]  Barometer [128cnt, 7.1"Hg]  Run-Time [3s]
(Jan 12 2016 00:09:25,   10457 sec) GpsServices()        GPS almanac is current.
(Jan 12 2016 00:09:25,   10458 sec) GpsServices()        Initiating GPS fix acquisition.
(Jan 12 2016 00:09:35,   10467 sec) gga()                $GPGGA,000910,1430.0590,N,08524.5716,E,0,00,,,M,,M,,*51
(Jan 12 2016 00:10:03,   10495 sec) gga()                $GPGGA,000920,1430.0923,N,08524.2807,E,1,10,0.8,-1.9,M,-77.4,M,,*44
(Jan 12 2016 00:10:03,   10495 sec) GpsServices()        Profile 0 GPS fix obtained in 38 seconds.
(Jan 12 2016 00:10:03,   10496 sec) GpsServices()                  lon     lat mm/dd/yyyy hhmmss nsat
(Jan 12 2016 00:10:03,   10496 sec) GpsServices()        Fix:   85.405  14.502 01/12/2016 000920   10
(Jan 12 2016 00:10:32,   10525 sec) gga()                $GPGGA,000950,1430.0931,N,08524.2724,E,1,10,0.8,-2.8,M,-77.4,M,,*4C
(Jan 12 2016 00:10:38,   10531 sec) gga()                $GPGGA,001020,1430.0940,N,08524.2650,E,1,10,0.8,-3.8,M,-77.4,M,,*46
(Jan 12 2016 00:10:38,   10531 sec) GpsServices()        APF9 RTC skew (18s) OK.
(Jan 12 2016 00:10:39,   10531 sec) LogNmeaSentences()   3,28,145,45,15,18,185,43,17,04,122,38,20,51,236,47*7D
(Jan 12 2016 00:10:39,   10531 sec) LogNmeaSentences()   $GPGSV,3,3,11,24,09,211,41,25,39,299,45,29,12,323,42*43
(Jan 12 2016 00:10:48,   10540 sec) LogNmeaSentences()   $GPRMC,001030,A,1430.0947,N,08524.2628,E,001.1,300.9,120116,001.3,W*62
(Jan 12 2016 00:10:48,   10541 sec) LogNmeaSentences()   $GPGGA,001030,1430.0947,N,08524.2628,E,1,10,0.8,-3.9,M,-77.4,M,,*4E
(Jan 12 2016 00:10:49,   10541 sec) LogNmeaSentences()   $GPGSA,A,3,02,05,06,12,13,15,,20,24,25,29,,1.1,0.8,0.7*31
(Jan 12 2016 00:10:49,   10542 sec) LogNmeaSentences()   $GPGSV,3,1,11,02,33,027,44,05,70,018,48,06,07,059,39,12,64,239,47*76
(Jan 12 2016 00:10:49,   10542 sec) LogNmeaSentences()   $GPGSV,3,2,11,13,28,145,44,15,18,185,36,17,04,122,36,20,51,236,47*70
(Jan 12 2016 00:10:50,   10542 sec) LogNmeaSentences()   $GPGSV,3,3,11,24,09,211,40,25,39,299,45,29,12,323,42*42
(Jan 12 2016 00:10:58,   10550 sec) LogNmeaSentences()   $GPRMC,001040,A,1430.0948,N,08524.2603,E,000.9,286.0,120116,001.3,W*6C
(Jan 12 2016 00:10:58,   10551 sec) LogNmeaSentences()   $GPGGA,001040,1430.0948,N,08524.2603,E,1,10,0.8,-4.6,M,-77.4,M,,*47
(Jan 12 2016 00:10:59,   10551 sec) LogNmeaSentences()   $GPGSA,A,3,02,05,06,12,13,15,,20,24,25,29,,1.1,0.8,0.7*31
(Jan 12 2016 00:10:59,   10552 sec) LogNmeaSentences()   $GPGSV,3,1,11,02,33,027,44,05,70,018,46,06,07,059,27,12,64,239,48*78
(Jan 12 2016 00:10:59,   10552 sec) LogNmeaSentences()   $GPGSV,3,2,11,13,28,144,45,15,18,185,45,17,03,122,34,20,51,236,47*71
(Jan 12 2016 00:11:00,   10552 sec) LogNmeaSentences()   $GPGSV,3,3,11,24,09,211,42,25,39,299,44,29,12,323,41*42
(Jan 12 2016 00:11:08,   10560 sec) LogNmeaSentences()   $GPRMC,001050,A,1430.0952,N,08524.2579,E,001.8,284.5,120116,001.3,W*6F
(Jan 12 2016 00:11:08,   10561 sec) LogNmeaSentences()   $GPGGA,001050,1430.0952,N,08524.2579,E,1,10,0.8,-4.9,M,-77.4,M,,*4C
(Jan 12 2016 00:11:09,   10561 sec) LogNmeaSentences()   $GPGSA,A,3,02,05,06,12,13,15,,20,24,25,29,,1.1,0.8,0.7*31
(Jan 12 2016 00:11:09,   10562 sec) LogNmeaSentences()   $GPGSV,3,1,11,02,33,027,44,05,70,018,48,06,07,059,38,12,64,239,48*78
(Jan 12 2016 00:11:09,   10562 sec) LogNmeaSentences()   $GPGSV,3,2,11,13,28,144,43,15,18,185,43,17,03,122,36,20,51,236,48*7C
(Jan 12 2016 00:11:10,   10562 sec) LogNmeaSentences()   $GPGSV,3,3,11,24,09,211,42,25,39,299,46,29,12,323,42*43
(Jan 12 2016 00:11:18,   10570 sec) LogNmeaSentences()   $GPRMC,001100,A,1430.0955,N,08524.2556,E,000.6,320.6,120116,001.3,W*62
(Jan 12 2016 00:11:18,   10571 sec) LogNmeaSentences()   $GPGGA,001100,1430.0955,N,08524.2556,E,1,10,0.8,-4.5,M,-77.4,M,,*4E
(Jan 12 2016 00:11:19,   10571 sec) LogNmeaSentences()   $GPGSA,A,3,02,05,06,12,13,15,,20,24,25,29,,1.1,0.8,0.7*31
(Jan 12 2016 00:11:19,   10572 sec) LogNmeaSentences()   $GPGSV,3,1,11,02,33,027,45,05,70,018,47,06,07,059,38,12,64,239,49*77
(Jan 12 2016 00:11:19,   10572 sec) LogNmeaSentences()   $GPGSV,3,2,11,13,28,144,46,15,18,185,45,17,03,122,39,20,51,236,48*70
(Jan 12 2016 00:11:20,   10572 sec) LogNmeaSentences()   $GPGSV,3,3,11,24,09,211,42,25,39,299,43,29,12,323,42*46
(Jan 12 2016 00:11:20,   10573 sec) LogNmeaSentences()   $PGRMT,GPS 15x-L software ver. 3.90,,,,,,,,*7D
(Jan 12 2016 00:11:20,   10573 sec) GpsServices()        GPS services complete.
(Jan 12 2016 00:11:53,   10606 sec) CLogin()             Connecting to primary host.
(Jan 12 2016 00:12:09,   10621 sec) CLogin()             Connection 1 established in 16 seconds.
(Jan 12 2016 00:12:25,   10637 sec) login()              Login successful.
(Jan 12 2016 00:12:30,   10643 sec) CLogin()             Logged in to host.  [Login required 21 seconds]
(Jan 12 2016 00:12:39,   10651 sec) RxConfig()           Downloading "mission.cfg" from host.
(Jan 12 2016 00:12:41,   10653 sec) Rx()                 Initiating transfer. [0x43]
(Jan 12 2016 00:12:46,   10658 sec) Rx()                 Truncated packet received - retrying.
(Jan 12 2016 00:12:49,   10661 sec) RxStartByte()        Sync errors encountered: 1017
(Jan 12 2016 00:12:52,   10664 sec) Rx()                 Truncated packet received - retrying.
(Jan 12 2016 00:12:53,   10666 sec) RxStartByte()        Sync errors encountered: 453
(Jan 12 2016 00:12:59,   10671 sec) Rx()                 Pad character [0x1a] found in ascii mode - truncating packet.
(Jan 12 2016 00:13:04,   10676 sec) Rx()                 Received EOT - transfer complete. [1 packets, 1024 bytes, 23 sec, 44.5 bps]
(Jan 12 2016 00:13:04,   10676 sec) RxConfig()           Download successful.
(Jan 12 2016 00:13:18,   10690 sec) WriteVitals()        Writing vitals to "7546.1601120008".
(Jan 12 2016 00:13:22,   10694 sec) UpLoadFile()         Uploading "7546.1601112347.log" to host as "7546.1601112347.log".
(Jan 12 2016 00:13:28,   10701 sec) Tx()                 CRC negotiation successful. [16-bit CRC]
(Jan 12 2016 00:13:53,   10725 sec) TxPacket()           NAK received - resending packet. [PktNum=0x04]
(Jan 12 2016 00:13:53,   10725 sec) TxPacket()           Packet xmit history: [10000001] (0:ok, 1:fail).
(Jan 12 2016 00:14:40,   10772 sec) Tx()                 Transmission completed successfully [10 packets, 9375 bytes, 71 sec, 144.2 bps]
(Jan 12 2016 00:14:40,   10772 sec) UpLoadFile()         Upload successful.
(Jan 12 2016 00:14:43,   10775 sec) UpLoadFile()         Uploading "7546.1601120008" to host as "7546.1601120008".
(Jan 12 2016 00:14:45,   10778 sec) Tx()                 CRC negotiation successful. [16-bit CRC]
(Jan 12 2016 00:14:48,   10780 sec) TxPacket()           Invalid response [0x30] - resending packet. [PktNum=0x01]
(Jan 12 2016 00:14:48,   10780 sec) TxPacket()           Packet xmit history: [00000001] (0:ok, 1:fail).
(Jan 12 2016 00:14:49,   10782 sec) TxPacket()           Invalid response [0x43] - resending packet. [PktNum=0x01]
(Jan 12 2016 00:14:49,   10782 sec) TxPacket()           Packet xmit history: [00000011] (0:ok, 1:fail).
(Jan 12 2016 00:14:54,   10787 sec) Tx()                 Transmission completed successfully [1 packets, 700 bytes, 8 sec, 128.0 bps]
(Jan 12 2016 00:14:55,   10787 sec) UpLoadFile()         Upload successful.
(Jan 12 2016 00:15:01,   10793 sec) UpLoad()             Files successfully uploaded: 2
(Jan 12 2016 00:15:01,   10793 sec) UpLoad()             Upload complete.
(Jan 12 2016 00:15:05,   10797 sec) logout()             Log-out successful.
(Jan 12 2016 00:15:06,   10798 sec) Telemetry()          Telemetry cycle complete: PrfId=0 ConnectionAttempts=1  Connections=1
(Jan 12 2016 00:15:08,   10800 sec) configure()          Parsing configurators in "mission.cfg".
(Jan 12 2016 00:15:12,   10804 sec) configure()             TelemetryRetry(15)      [0x7BBC] [TelemetryRetry(15)].
(Jan 12 2016 00:15:12,   10804 sec) configure()          Configuration CRCs and syntax OK.
(Jan 12 2016 00:15:12,   10804 sec) ConfigSupervisor()   Configuration accepted.
(Jan 12 2016 00:30:19,   11712 sec) Prelude()            Logging configuration and initiating telemetry.
(Jan 12 2016 00:30:19,   11712 sec) LogConfiguration()   Mission configuration for Apf9i FwRev 012811:
(Jan 12 2016 00:30:19,   11712 sec) LogConfiguration()      AscentTimeOut(540) [min]
(Jan 12 2016 00:30:19,   11712 sec) LogConfiguration()      AtDialCmd(AT+CBST=71,0,1;DT0088160000573) [primary]
(Jan 12 2016 00:30:20,   11712 sec) LogConfiguration()      AltDialCmd(AT+CBST=7.0,1;DT0013016366303) [alternate]
(Jan 12 2016 00:30:20,   11712 sec) LogConfiguration()      BuoyancyNudge(10) [count]
(Jan 12 2016 00:30:20,   11712 sec) LogConfiguration()      BuoyancyNudgeInitial(22) [count]
(Jan 12 2016 00:30:20,   11712 sec) LogConfiguration()      ConnectTimeOut(60) [sec]
(Jan 12 2016 00:30:20,   11712 sec) LogConfiguration()      CpActivationP(2000) [dbar]
(Jan 12 2016 00:30:20,   11713 sec) LogConfiguration()      DeepProfileDescentTime(300) [min]
(Jan 12 2016 00:30:20,   11713 sec) LogConfiguration()      DeepProfilePistonPos(16) [count]
(Jan 12 2016 00:30:20,   11713 sec) LogConfiguration()      DeepProfilePressure(2000) [dbar]
(Jan 12 2016 00:30:20,   11713 sec) LogConfiguration()      CompensatorHyperRetraction(254) [count]
(Jan 12 2016 00:30:21,   11713 sec) LogConfiguration()      DownTime(6540) [min]
(Jan 12 2016 00:30:21,   11713 sec) LogConfiguration()      FloatId(7546)
(Jan 12 2016 00:30:21,   11713 sec) LogConfiguration()      FullExtension(226) [count]
(Jan 12 2016 00:30:21,   11713 sec) LogConfiguration()      FullRetraction(9) [count]
(Jan 12 2016 00:30:21,   11713 sec) LogConfiguration()      MaxAirBladder(124) [count]
(Jan 12 2016 00:30:21,   11713 sec) LogConfiguration()      MaxLogKb(40) [KByte]
(Jan 12 2016 00:30:21,   11714 sec) LogConfiguration()      MissionPrelude(360) [min]
(Jan 12 2016 00:30:21,   11714 sec) LogConfiguration()      OkVacuum(96) [count]
(Jan 12 2016 00:30:21,   11714 sec) LogConfiguration()      PActivationPistonPosition(16) [count]
(Jan 12 2016 00:30:21,   11714 sec) LogConfiguration()      ParkDescentTime(300) [min]
(Jan 12 2016 00:30:22,   11714 sec) LogConfiguration()      ParkPistonPos(66) [count]
(Jan 12 2016 00:30:22,   11714 sec) LogConfiguration()      ParkPressure(1000) [dbar]
(Jan 12 2016 00:30:22,   11714 sec) LogConfiguration()      PnPCycleLen(1)
(Jan 12 2016 00:30:22,   11714 sec) LogConfiguration()      Pwd(0xb583)
(Jan 12 2016 00:30:22,   11714 sec) LogConfiguration()      TelemetryRetry(15) [min]
(Jan 12 2016 00:30:22,   11714 sec) LogConfiguration()      TimeOfDay(DISABLED) [min]
(Jan 12 2016 00:30:22,   11715 sec) LogConfiguration()      UpTime(660) [min]
(Jan 12 2016 00:30:22,   11715 sec) LogConfiguration()      User(f7546)
(Jan 12 2016 00:30:22,   11715 sec) LogConfiguration()      Verbosity(2)
(Jan 12 2016 00:30:22,   11715 sec) LogConfiguration()      DebugBits(0x0002)

<EOT>
