(Mar 06 2017 17:36:45,  414364 sec) TelemetryInit()      Profile 88. (Apf9i FwRev: 012811)
(Mar 06 2017 17:43:38,  414777 sec) AirSystem()          Battery [188cnt, 14.6V]  Current [72cnt, 29.0mA]  Barometer [127cnt, 6.8"Hg]  Run-Time [47s]
(Mar 06 2017 17:44:22,  414821 sec) GpsServices()        GPS almanac is current.
(Mar 06 2017 17:44:22,  414821 sec) GpsServices()        Initiating GPS fix acquisition.
(Mar 06 2017 17:44:38,  414837 sec) gga()                $GPGGA,174420,1012.8921,N,08148.1744,E,0,00,,,M,,M,,*5A
(Mar 06 2017 17:44:54,  414853 sec) gga()                $GPGGA,174440,1012.8921,N,08148.1744,E,0,00,,,M,,M,,*5C
(Mar 06 2017 17:45:04,  414863 sec) gga()                $GPGGA,174450,1012.8921,N,08148.1744,E,0,00,,,M,,M,,*5D
(Mar 06 2017 17:45:10,  414869 sec) gga()                $GPGGA,174500,1027.9157,N,08201.7793,E,1,10,0.8,3.3,M,-94.0,M,,*63
(Mar 06 2017 17:45:20,  414879 sec) gga()                $GPGGA,174510,1027.9186,N,08201.7834,E,1,10,0.8,2.9,M,-94.0,M,,*67
(Mar 06 2017 17:45:50,  414909 sec) GpsServices()        Profile 88 GPS fix obtained in 88 seconds.
(Mar 06 2017 17:45:51,  414910 sec) GpsServices()                  lon     lat mm/dd/yyyy hhmmss nsat
(Mar 06 2017 17:45:51,  414910 sec) GpsServices()        Fix:   82.030  10.465 03/06/2017 174520   10
(Mar 06 2017 17:46:22,  414941 sec) gga()                $GPGGA,174550,1027.9289,N,08201.7985,E,1,10,0.8,3.2,M,-94.0,M,,*6E
(Mar 06 2017 17:46:28,  414947 sec) gga()                $GPGGA,174620,1027.9372,N,08201.8099,E,1,10,0.8,1.8,M,-94.0,M,,*6C
(Mar 06 2017 17:46:28,  414947 sec) GpsServices()        APF9 RTC skew (8s) OK.
(Mar 06 2017 17:46:28,  414947 sec) LogNmeaSentences()   182,41,15,01,212,31,17,18,074,47,19,26,057,43*74
(Mar 06 2017 17:46:29,  414948 sec) LogNmeaSentences()   $GPGSV,3,3,11,20,17,210,40,24,28,256,44,28,13,140,41*4F
(Mar 06 2017 17:46:38,  414957 sec) LogNmeaSentences()   $GPRMC,174630,A,1027.9400,N,08201.8137,E,001.0,039.0,060317,001.8,W*6D
(Mar 06 2017 17:46:38,  414957 sec) LogNmeaSentences()   $GPGGA,174630,1027.9400,N,08201.8137,E,1,10,0.8,2.3,M,-94.0,M,,*62
(Mar 06 2017 17:46:39,  414958 sec) LogNmeaSentences()   $GPGSA,A,3,02,05,06,12,13,,17,19,20,24,28,,1.2,0.8,0.9*30
(Mar 06 2017 17:46:39,  414958 sec) LogNmeaSentences()   $GPGSV,3,1,11,02,49,340,47,05,61,175,48,06,25,024,44,12,38,332,50*75
(Mar 06 2017 17:46:39,  414958 sec) LogNmeaSentences()   $GPGSV,3,2,11,13,11,182,41,15,01,212,32,17,18,074,44,19,26,057,42*75
(Mar 06 2017 17:46:40,  414959 sec) LogNmeaSentences()   $GPGSV,3,3,11,20,17,210,40,24,28,256,45,28,13,140,40*4F
(Mar 06 2017 17:46:48,  414967 sec) LogNmeaSentences()   $GPRMC,174640,A,1027.9432,N,08201.8176,E,001.7,042.5,060317,001.8,W*60
(Mar 06 2017 17:46:48,  414967 sec) LogNmeaSentences()   $GPGGA,174640,1027.9432,N,08201.8176,E,1,10,0.8,2.3,M,-94.0,M,,*61
(Mar 06 2017 17:46:49,  414968 sec) LogNmeaSentences()   $GPGSA,A,3,02,05,06,12,13,,17,19,20,24,28,,1.2,0.8,0.9*30
(Mar 06 2017 17:46:49,  414968 sec) LogNmeaSentences()   $GPGSV,3,1,11,02,49,340,46,05,61,175,47,06,25,024,42,12,38,332,49*75
(Mar 06 2017 17:46:49,  414968 sec) LogNmeaSentences()   $GPGSV,3,2,11,13,11,182,42,15,01,212,35,17,18,074,42,19,26,057,40*75
(Mar 06 2017 17:46:50,  414969 sec) LogNmeaSentences()   $GPGSV,3,3,11,20,17,210,39,24,28,256,45,28,13,140,41*40
(Mar 06 2017 17:46:58,  414977 sec) LogNmeaSentences()   $GPRMC,174650,A,1027.9456,N,08201.8215,E,001.8,042.0,060317,001.8,W*6F
(Mar 06 2017 17:46:58,  414977 sec) LogNmeaSentences()   $GPGGA,174650,1027.9456,N,08201.8215,E,1,10,0.8,2.6,M,-94.0,M,,*61
(Mar 06 2017 17:46:59,  414978 sec) LogNmeaSentences()   $GPGSA,A,3,02,05,06,12,13,,17,19,20,24,28,,1.2,0.8,0.9*30
(Mar 06 2017 17:46:59,  414978 sec) LogNmeaSentences()   $GPGSV,3,1,11,02,49,340,47,05,61,175,48,06,25,024,44,12,39,332,47*72
(Mar 06 2017 17:46:59,  414978 sec) LogNmeaSentences()   $GPGSV,3,2,11,13,11,181,41,15,01,212,31,17,18,074,45,19,26,057,44*72
(Mar 06 2017 17:47:00,  414979 sec) LogNmeaSentences()   $GPGSV,3,3,11,20,17,210,39,24,28,256,44,28,13,140,40*40
(Mar 06 2017 17:47:08,  414987 sec) LogNmeaSentences()   $GPRMC,174700,A,1027.9481,N,08201.8250,E,001.6,044.7,060317,001.8,W*6F
(Mar 06 2017 17:47:08,  414987 sec) LogNmeaSentences()   $GPGGA,174700,1027.9481,N,08201.8250,E,1,10,0.8,2.6,M,-94.0,M,,*6E
(Mar 06 2017 17:47:09,  414988 sec) LogNmeaSentences()   $GPGSA,A,3,02,05,06,12,13,,17,19,20,24,28,,1.2,0.8,0.9*30
(Mar 06 2017 17:47:09,  414988 sec) LogNmeaSentences()   $GPGSV,3,1,11,02,49,340,47,05,61,175,48,06,25,024,44,12,39,332,49*7C
(Mar 06 2017 17:47:09,  414988 sec) LogNmeaSentences()   $GPGSV,3,2,11,13,11,181,40,15,01,212,32,17,18,074,46,19,26,057,44*73
(Mar 06 2017 17:47:10,  414989 sec) LogNmeaSentences()   $GPGSV,3,3,11,20,17,210,41,24,28,256,46,28,13,140,39*43
(Mar 06 2017 17:47:10,  414989 sec) LogNmeaSentences()   $PGRMT,GPS 15x-L software ver. 3.90,,,,,,,,*7D
(Mar 06 2017 17:47:10,  414989 sec) GpsServices()        GPS services complete.
(Mar 06 2017 17:47:51,  415030 sec) CLogin()             Connecting to primary host.
(Mar 06 2017 17:48:03,  415042 sec) CLogin()             Connection 1 established in 12 seconds.
(Mar 06 2017 17:48:17,  415056 sec) login()              Login successful.
(Mar 06 2017 17:48:20,  415059 sec) CLogin()             Logged in to host.  [Login required 17 seconds]
(Mar 06 2017 17:48:28,  415067 sec) RxConfig()           Downloading "mission.cfg" from host.
(Mar 06 2017 17:48:30,  415069 sec) Rx()                 Initiating transfer. [0x43]
(Mar 06 2017 17:48:37,  415076 sec) RxStartByte()        Sync errors encountered: 373
(Mar 06 2017 17:48:38,  415077 sec) Rx()                 Pad character [0x1a] found in ascii mode - truncating packet.
(Mar 06 2017 17:48:46,  415085 sec) Rx()                 Received EOT - transfer complete. [1 packets, 1024 bytes, 16 sec, 64.0 bps]
(Mar 06 2017 17:48:46,  415085 sec) RxConfig()           Download successful.
(Mar 06 2017 17:48:59,  415098 sec) WriteVitals()        Writing vitals to "7546.088.msg".
(Mar 06 2017 17:49:08,  415107 sec) UpLoadFile()         Uploading "7546.088.msg" to host as "7546.088.msg".
(Mar 06 2017 17:49:10,  415109 sec) Tx()                 CRC negotiation successful. [16-bit CRC]
(Mar 06 2017 17:51:23,  415242 sec) Tx()                 Transmission completed successfully [24 packets, 24444 bytes, 132 sec, 186.2 bps]
(Mar 06 2017 17:51:23,  415242 sec) UpLoadFile()         Upload successful.
(Mar 06 2017 17:51:29,  415248 sec) UpLoadFile()         Uploading "7546.088.log" to host as "7546.088.log".
(Mar 06 2017 17:51:31,  415250 sec) Tx()                 CRC negotiation successful. [16-bit CRC]
(Mar 06 2017 17:53:28,  415367 sec) TxPacket()           NAK received - resending packet. [PktNum=0x16]
(Mar 06 2017 17:53:28,  415367 sec) TxPacket()           Packet xmit history: [00000001] (0:ok, 1:fail).
(Mar 06 2017 17:54:20,  415419 sec) Tx()                 Transmission completed successfully [30 packets, 30055 bytes, 168 sec, 182.9 bps]
(Mar 06 2017 17:54:21,  415420 sec) UpLoadFile()         Upload successful.
(Mar 06 2017 17:54:27,  415426 sec) UpLoad()             Files successfully uploaded: 2
(Mar 06 2017 17:54:27,  415426 sec) UpLoad()             Upload complete.
(Mar 06 2017 17:54:31,  415430 sec) logout()             Log-out successful.
(Mar 06 2017 17:54:33,  415432 sec) Telemetry()          Telemetry cycle complete: PrfId=88 ConnectionAttempts=1  Connections=1
(Mar 06 2017 17:54:33,  415432 sec) TelemetryTerminate() Parsing new mission configuration.
(Mar 06 2017 17:54:34,  415433 sec) configure()          Parsing configurators in "mission.cfg".
(Mar 06 2017 17:54:38,  415437 sec) configure()             TelemetryRetry(15)      [0x7BBC] [TelemetryRetry(15)].
(Mar 06 2017 17:54:38,  415437 sec) configure()          Configuration CRCs and syntax OK.
(Mar 06 2017 17:54:39,  415438 sec) ConfigSupervisor()   Configuration accepted.
(Mar 06 2017 17:54:39,  415438 sec) TelemetryTerminate() Reconditioning the file system.
(Mar 06 2017 17:54:48,       6 sec) DescentInit()        Deep profile 89 initiated at mission-time 415441sec.
(Mar 06 2017 17:54:51,       9 sec) DescentInit()        Surface pressure: -0.2dbars.
(Mar 06 2017 17:54:56,      14 sec) PistonMoveAbsWTO()    177->050 176 175 174 173 172 171 170 169 168 167 166 165 164 163 162 161 160 159 158 157 156 155 154 153 152 151 150 149 148 147 146 145 144 143 142 141 140 139 138 137 136 135 134 133 132 131 130 129 128 127 126 125 124 123 122 121 120 119 118 117 116 115 114 113 112 111 110 109 108 107 106 105 104 103 102 101 100 099 098 097 096 095 094 093 092 091 090 089 088 087 086 085 084 083 082 081 080 079 078 077 076 075 074 073 072 071 070 069 068 067 066 065 064 063 062 061 060 059 058 057 056 055 054 053 052 051 050 [659sec, 14.2Volts, 0.165Amps, CPT:659sec]
(Mar 06 2017 18:05:55,     673 sec) PistonMoveAbsWTO()    050->000 049 048 047 046 045 044 043 042 041 040 039 038 037 036 035 034 033 032 031 030 029 028 027 026 025 024 023 022 021 020 019 018 017 016 015 014 013 012 011 010 009 [212sec, 14.2Volts, 0.157Amps, CPT:871sec]
(Mar 06 2017 18:09:38,     896 sec) Descent()            Pressure: 83.7
(Mar 06 2017 18:54:46,    3604 sec) Descent()            Pressure: 398.3
(Mar 06 2017 19:54:46,    7204 sec) Descent()            Pressure: 863.2
(Mar 06 2017 19:54:46,    7204 sec) PistonMoveAbsWTO()    009->050 010 011 012 013 014 015 016 017 018 019 020 021 022 023 024 025 026 027 028 029 030 031 032 033 034 035 036 037 038 039 040 041 042 043 044 045 046 047 048 049 050 [239sec, 13.5Volts, 0.427Amps, CPT:1110sec]
(Mar 06 2017 20:54:46,   10804 sec) Descent()            Pressure: 901.1
(Mar 06 2017 21:54:46,   14404 sec) Descent()            Pressure: 934.8
(Mar 06 2017 22:54:46,   18004 sec) Descent()            Pressure: 948.7
(Mar 06 2017 22:54:46,   18004 sec) ParkInit()           
(Mar 07 2017 00:55:15,   25233 sec) Park()               ParkPOutOfBand[-3, 968.5 dbars]: retract piston.
(Mar 07 2017 00:55:16,   25234 sec) PistonMoveAbsWTO()    050->049 049 [2sec, 13.8Volts, 0.137Amps, CPT:1112sec]
(Mar 07 2017 03:55:15,   36033 sec) Park()               ParkPOutOfBand[-3, 986.5 dbars]: retract piston.
(Mar 07 2017 03:55:16,   36034 sec) PistonMoveAbsWTO()    049->048 048 [5sec, 13.8Volts, 0.117Amps, CPT:1117sec]
(Mar 07 2017 06:55:15,   46833 sec) Park()               ParkPOutOfBand[3, 1019.4 dbars]: extend piston.
(Mar 07 2017 06:55:16,   46834 sec) PistonMoveAbsWTO()    048->049 049 [2sec, 13.6Volts, 0.471Amps, CPT:1119sec]
(Mar 07 2017 09:55:15,   57633 sec) Park()               ParkPOutOfBand[3, 1027.6 dbars]: extend piston.
(Mar 07 2017 09:55:16,   57634 sec) PistonMoveAbsWTO()    049->050 050 [6sec, 13.3Volts, 0.467Amps, CPT:1125sec]
(Mar 09 2017 00:55:16,  198034 sec) Park()               ParkPOutOfBand[3, 1016.7 dbars]: extend piston.
(Mar 09 2017 00:55:16,  198034 sec) PistonMoveAbsWTO()    050->051 051 [7sec, 12.9Volts, 0.467Amps, CPT:1132sec]
(Mar 09 2017 03:55:16,  208834 sec) Park()               ParkPOutOfBand[-3, 978.6 dbars]: retract piston.
(Mar 09 2017 03:55:16,  208834 sec) PistonMoveAbsWTO()    051->050 050 [3sec, 13.7Volts, 0.113Amps, CPT:1135sec]
(Mar 09 2017 06:55:16,  219634 sec) Park()               ParkPOutOfBand[-3, 979.6 dbars]: retract piston.
(Mar 09 2017 06:55:16,  219634 sec) PistonMoveAbsWTO()    050->049 049 [6sec, 13.7Volts, 0.121Amps, CPT:1141sec]
(Mar 09 2017 09:55:16,  230434 sec) Park()               ParkPOutOfBand[3, 1018.6 dbars]: extend piston.
(Mar 09 2017 09:55:16,  230434 sec) PistonMoveAbsWTO()    049->050 050 [3sec, 13.6Volts, 0.459Amps, CPT:1144sec]
(Mar 09 2017 12:55:16,  241234 sec) Park()               ParkPOutOfBand[3, 1019.6 dbars]: extend piston.
(Mar 09 2017 12:55:16,  241234 sec) PistonMoveAbsWTO()    050->051 051 [7sec, 13.0Volts, 0.475Amps, CPT:1151sec]
(Mar 09 2017 15:55:16,  252034 sec) Park()               ParkPOutOfBand[-3, 982.0 dbars]: retract piston.
(Mar 09 2017 15:55:16,  252034 sec) PistonMoveAbsWTO()    051->050 050 [3sec, 13.7Volts, 0.117Amps, CPT:1154sec]
(Mar 11 2017 01:55:07,  374425 sec) CtdPower()           [ 1004.16,  6.8431, 34.9595]
(Mar 11 2017 01:55:07,  374425 sec) CtdPower()           CTD Power consumption [183VCnt 9ACnt]: 14.186Volts * 0.036Amps = 0.51Watts.
(Mar 11 2017 01:55:08,  374426 sec) ParkTerminate()      Piston Position:50 Vacuum:80 Vq:195 Aq:4 Vsbe:183 Asbe:9
(Mar 11 2017 01:55:35,  374453 sec) ParkTerminate()      PTS: 1004.1dbars 6.8430C 34.9597PSU
(Mar 11 2017 01:55:36,  374454 sec) GoDeepInit()         Moving piston.
(Mar 11 2017 01:55:36,  374454 sec) PistonMoveAbsWTO()    050->012 049 048 047 046 045 044 043 042 041 040 039 038 037 036 035 034 033 032 031 030 029 028 027 026 025 024 023 022 021 020 019 018 017 016 015 014 013 012 [201sec, 13.9Volts, 0.089Amps, CPT:1355sec]
(Mar 11 2017 06:09:46,  389704 sec) GoDeep()             Sequence point detected at 2002.7dbar.
(Mar 11 2017 06:09:49,  389706 sec) ProfileInit()        PrfId:089  Pressure:2002.7dbar  pTable[0]:2000dbar
(Mar 11 2017 06:09:59,  389717 sec) PistonMoveAbsWTO()    012->034 013 014 015 016 [30sec, 12.9Volts, 0.794Amps, CPT:1385sec]
(Mar 11 2017 06:10:39,  389757 sec) PistonMoveAbsWTO()    017->034 018 019 020 021 [30sec, 12.8Volts, 0.802Amps, CPT:1415sec]
(Mar 11 2017 06:11:19,  389797 sec) PistonMoveAbsWTO()    021->034 022 023 024 025 [30sec, 12.6Volts, 0.814Amps, CPT:1445sec]
(Mar 11 2017 06:13:26,  389924 sec) Sbe41cpStartCP()     Continuous profile started.
(Mar 11 2017 06:13:26,  389924 sec) PistonMoveAbsWTO()    025->034 026 027 028 029 [30sec, 12.6Volts, 0.842Amps, CPT:1475sec]
(Mar 11 2017 06:14:06,  389964 sec) PistonMoveAbsWTO()    029->034 030 031 032 033 [30sec, 12.6Volts, 0.814Amps, CPT:1505sec]
(Mar 11 2017 06:14:46,  390004 sec) PistonMoveAbsWTO()    033->034 034 [3sec, 12.6Volts, 0.822Amps, CPT:1508sec]
(Mar 11 2017 07:05:47,  393065 sec) AscentControlAgent() Bouyancy nudge to 44 (v=0.078dbar/sec).
(Mar 11 2017 07:05:47,  393065 sec) PistonMoveAbsWTO()    034->044 035 036 037 038 [30sec, 13.1Volts, 0.733Amps, CPT:1538sec]
(Mar 11 2017 07:06:27,  393105 sec) PistonMoveAbsWTO()    038->044 039 040 041 042 043 [30sec, 12.9Volts, 0.717Amps, CPT:1568sec]
(Mar 11 2017 07:07:07,  393145 sec) PistonMoveAbsWTO()    043->044 044 [7sec, 12.9Volts, 0.717Amps, CPT:1575sec]
(Mar 11 2017 07:53:08,  395906 sec) AscentControlAgent() Bouyancy nudge to 54 (v=0.079dbar/sec).
(Mar 11 2017 07:53:08,  395906 sec) PistonMoveAbsWTO()    044->054 045 046 047 048 [30sec, 13.3Volts, 0.633Amps, CPT:1605sec]
(Mar 11 2017 07:53:48,  395946 sec) PistonMoveAbsWTO()    048->054 049 050 051 052 053 [30sec, 13.1Volts, 0.673Amps, CPT:1635sec]
(Mar 11 2017 07:54:28,  395986 sec) PistonMoveAbsWTO()    053->054 054 [5sec, 13.1Volts, 0.633Amps, CPT:1640sec]
(Mar 11 2017 08:40:28,  398746 sec) AscentControlAgent() Bouyancy nudge to 64 (v=0.078dbar/sec).
(Mar 11 2017 08:40:28,  398746 sec) PistonMoveAbsWTO()    054->064 055 056 057 058 [30sec, 13.4Volts, 0.540Amps, CPT:1670sec]
(Mar 11 2017 08:41:08,  398786 sec) PistonMoveAbsWTO()    058->064 059 060 061 062 063 [30sec, 13.2Volts, 0.584Amps, CPT:1700sec]
(Mar 11 2017 08:41:48,  398826 sec) PistonMoveAbsWTO()    063->064 064 [3sec, 13.2Volts, 0.544Amps, CPT:1703sec]
(Mar 11 2017 09:37:58,  402196 sec) AscentControlAgent() Bouyancy nudge to 74 (v=0.072dbar/sec).
(Mar 11 2017 09:37:58,  402196 sec) PistonMoveAbsWTO()    064->074 065 066 067 068 069 [30sec, 13.5Volts, 0.467Amps, CPT:1733sec]
(Mar 11 2017 09:38:38,  402236 sec) PistonMoveAbsWTO()    069->074 070 071 072 073 074 [30sec, 13.4Volts, 0.475Amps, CPT:1763sec]
(Mar 11 2017 11:31:20,  408998 sec) AscentControlAgent() Bouyancy nudge to 84 (v=0.063dbar/sec).
(Mar 11 2017 11:31:20,  408998 sec) PistonMoveAbsWTO()    074->084 075 076 077 078 079 [30sec, 14.0Volts, 0.238Amps, CPT:1793sec]
(Mar 11 2017 11:32:00,  409038 sec) PistonMoveAbsWTO()    079->084 080 081 082 083 084 [25sec, 13.9Volts, 0.230Amps, CPT:1818sec]
(Mar 11 2017 11:37:32,  409370 sec) AscentControlAgent() Bouyancy nudge to 94 (v=0.062dbar/sec).
(Mar 11 2017 11:37:32,  409370 sec) PistonMoveAbsWTO()    084->094 085 086 087 088 089 [30sec, 14.0Volts, 0.226Amps, CPT:1848sec]
(Mar 11 2017 11:38:12,  409410 sec) PistonMoveAbsWTO()    089->094 090 091 092 093 094 [26sec, 13.9Volts, 0.222Amps, CPT:1874sec]
(Mar 11 2017 11:48:50,  410048 sec) AscentControlAgent() Bouyancy nudge to 104 (v=0.066dbar/sec).
(Mar 11 2017 11:48:50,  410048 sec) PistonMoveAbsWTO()    094->104 095 096 097 098 099 [30sec, 14.0Volts, 0.210Amps, CPT:1904sec]
(Mar 11 2017 11:49:30,  410088 sec) PistonMoveAbsWTO()    099->104 100 101 102 103 104 [25sec, 14.0Volts, 0.210Amps, CPT:1929sec]
(Mar 11 2017 11:55:02,  410420 sec) AscentControlAgent() Bouyancy nudge to 114 (v=0.054dbar/sec).
(Mar 11 2017 11:55:02,  410420 sec) PistonMoveAbsWTO()    104->114 105 106 107 108 109 [30sec, 14.0Volts, 0.214Amps, CPT:1959sec]
(Mar 11 2017 11:55:42,  410460 sec) PistonMoveAbsWTO()    109->114 110 111 112 113 114 [25sec, 14.0Volts, 0.201Amps, CPT:1984sec]
(Mar 11 2017 12:01:13,  410791 sec) AscentControlAgent() Bouyancy nudge to 124 (v=0.018dbar/sec).
(Mar 11 2017 12:01:13,  410791 sec) PistonMoveAbsWTO()    114->124 115 116 117 118 119 [30sec, 14.0Volts, 0.205Amps, CPT:2014sec]
(Mar 11 2017 12:01:53,  410831 sec) PistonMoveAbsWTO()    119->124 120 121 122 123 124 [25sec, 14.0Volts, 0.197Amps, CPT:2039sec]
(Mar 11 2017 12:07:24,  411162 sec) AscentControlAgent() Bouyancy nudge to 134 (v=0.016dbar/sec).
(Mar 11 2017 12:07:24,  411162 sec) PistonMoveAbsWTO()    124->134 125 126 127 128 129 [30sec, 14.0Volts, 0.205Amps, CPT:2069sec]
(Mar 11 2017 12:08:04,  411202 sec) PistonMoveAbsWTO()    129->134 130 131 132 133 134 [25sec, 14.0Volts, 0.197Amps, CPT:2094sec]
(Mar 11 2017 12:13:35,  411533 sec) AscentControlAgent() Bouyancy nudge to 144 (v=0.039dbar/sec).
(Mar 11 2017 12:13:35,  411533 sec) PistonMoveAbsWTO()    134->144 135 136 137 138 139 [30sec, 14.1Volts, 0.197Amps, CPT:2124sec]
(Mar 11 2017 12:14:15,  411573 sec) PistonMoveAbsWTO()    139->144 140 141 142 143 144 [24sec, 14.0Volts, 0.197Amps, CPT:2148sec]
(Mar 11 2017 12:18:41,  411839 sec) AscentControlAgent() Bouyancy nudge to 154 (v=0.060dbar/sec).
(Mar 11 2017 12:18:41,  411839 sec) PistonMoveAbsWTO()    144->154 145 146 147 148 149 [30sec, 14.1Volts, 0.197Amps, CPT:2178sec]
(Mar 11 2017 12:19:21,  411879 sec) PistonMoveAbsWTO()    149->154 150 151 152 153 154 [23sec, 14.1Volts, 0.185Amps, CPT:2201sec]
(Mar 11 2017 12:23:37,  412135 sec) SurfaceDetect()      SurfacePressure:-0.2dbars Pressure:3.1dbars PistonPosition:154
(Mar 11 2017 12:23:38,  412136 sec) Sbe41cpStopCP()      Continuous profile stopped.
(Mar 11 2017 12:23:44,  412142 sec) PistonMoveAbsWTO()    154->176 155 156 157 158 159 160 161 162 163 164 165 166 167 168 169 170 171 172 173 174 175 176 [118sec, 14.1Volts, 0.157Amps, CPT:2319sec]
(Mar 11 2017 12:25:52,  412269 sec) sbe41cp.c:chat()     Expected string [S>] not received.
(Mar 11 2017 12:30:49,  412567 sec) Sbe41cpBinAverage()  Finished averaging 22243 samples in 293 seconds.
(Mar 11 2017 12:30:54,  412572 sec) Sbe41cpUploadCP()    Sbe41cpSerNo[7258] NSample[22243] NBin[998]
(Mar 11 2017 12:32:41,  412679 sec) Sbe41cpUploadCP()    Continuous profile uploaded [998 lines].

<EOT>
