(Feb 10 2016 14:45:25,  409881 sec) TelemetryInit()      Profile 7. (Apf9i FwRev: 012811)
(Feb 10 2016 14:52:10,  410286 sec) AirSystem()          Battery [190cnt, 14.7V]  Current [74cnt, 29.8mA]  Barometer [127cnt, 6.8"Hg]  Run-Time [43s]
(Feb 10 2016 14:52:38,  410313 sec) GpsServices()        GPS almanac is current.
(Feb 10 2016 14:52:38,  410314 sec) GpsServices()        Initiating GPS fix acquisition.
(Feb 10 2016 14:52:53,  410329 sec) gga()                $GPGGA,145220,1330.3522,N,08410.2164,E,0,00,,,M,,M,,*56
(Feb 10 2016 14:53:10,  410345 sec) gga()                $GPGGA,145240,1330.3522,N,08410.2164,E,0,00,,,M,,M,,*50
(Feb 10 2016 14:53:20,  410355 sec) gga()                $GPGGA,145250,1330.3522,N,08410.2164,E,0,00,,,M,,M,,*51
(Feb 10 2016 14:53:48,  410383 sec) gga()                $GPGGA,145300,1320.5990,N,08408.4453,E,1,10,0.8,-1.3,M,-82.1,M,,*46
(Feb 10 2016 14:53:48,  410384 sec) GpsServices()        Profile 7 GPS fix obtained in 70 seconds.
(Feb 10 2016 14:53:48,  410384 sec) GpsServices()                  lon     lat mm/dd/yyyy hhmmss nsat
(Feb 10 2016 14:53:48,  410384 sec) GpsServices()        Fix:   84.141  13.343 02/10/2016 145300   10
(Feb 10 2016 14:54:18,  410414 sec) gga()                $GPGGA,145330,1320.6001,N,08408.4491,E,1,09,0.8,-5.5,M,-82.1,M,,*43
(Feb 10 2016 14:54:24,  410419 sec) gga()                $GPGGA,145400,1320.6016,N,08408.4519,E,1,09,0.8,-6.1,M,-82.1,M,,*47
(Feb 10 2016 14:54:24,  410419 sec) GpsServices()        APF9 RTC skew (24s) OK.
(Feb 10 2016 14:54:24,  410420 sec) LogNmeaSentences()   41,09,39,191,45,11,46,064,47,13,04,319,38*7E
(Feb 10 2016 14:54:24,  410420 sec) LogNmeaSentences()   $GPGSV,3,3,12,17,48,239,49,19,27,227,43,23,13,163,40,28,30,318,45*79
(Feb 10 2016 14:54:25,  410420 sec) LogNmeaSentences()   $PGRMT,GPS 15x-L software ver. 3.90,,,,,,,,*7D
(Feb 10 2016 14:54:33,  410429 sec) LogNmeaSentences()   $GPRMC,145410,A,1320.6018,N,08408.4528,E,000.8,059.7,100216,001.4,W*63
(Feb 10 2016 14:54:34,  410430 sec) LogNmeaSentences()   $GPGGA,145410,1320.6018,N,08408.4528,E,1,09,0.8,-6.1,M,-82.1,M,,*4A
(Feb 10 2016 14:54:34,  410430 sec) LogNmeaSentences()   $GPGSA,A,3,01,,,07,08,09,11,,17,19,23,28,1.1,0.8,0.8*30
(Feb 10 2016 14:54:35,  410430 sec) LogNmeaSentences()   $GPGSV,3,1,12,01,42,095,44,03,01,138,25,06,01,203,27,07,66,044,47*7B
(Feb 10 2016 14:54:35,  410431 sec) LogNmeaSentences()   $GPGSV,3,2,12,08,11,035,40,09,39,190,46,11,46,064,45,13,04,319,39*7E
(Feb 10 2016 14:54:35,  410431 sec) LogNmeaSentences()   $GPGSV,3,3,12,17,48,239,48,19,27,227,44,23,13,163,44,28,30,318,44*7A
(Feb 10 2016 14:54:43,  410439 sec) LogNmeaSentences()   $GPRMC,145420,A,1320.6024,N,08408.4536,E,000.9,116.6,100216,001.4,W*6A
(Feb 10 2016 14:54:44,  410440 sec) LogNmeaSentences()   $GPGGA,145420,1320.6024,N,08408.4536,E,1,09,0.8,-6.3,M,-82.1,M,,*4B
(Feb 10 2016 14:54:44,  410440 sec) LogNmeaSentences()   $GPGSA,A,3,01,,,07,08,09,11,,17,19,23,28,1.1,0.8,0.8*30
(Feb 10 2016 14:54:45,  410440 sec) LogNmeaSentences()   $GPGSV,3,1,12,01,42,095,45,03,01,138,27,06,01,203,25,07,66,044,48*75
(Feb 10 2016 14:54:45,  410441 sec) LogNmeaSentences()   $GPGSV,3,2,12,08,11,035,42,09,39,190,46,11,46,064,46,13,04,319,38*7E
(Feb 10 2016 14:54:45,  410441 sec) LogNmeaSentences()   $GPGSV,3,3,12,17,48,240,47,19,27,228,45,23,13,163,43,28,30,318,44*72
(Feb 10 2016 14:54:53,  410449 sec) LogNmeaSentences()   $GPRMC,145430,A,1320.6028,N,08408.4548,E,000.6,019.2,100216,001.4,W*6B
(Feb 10 2016 14:54:54,  410450 sec) LogNmeaSentences()   $GPGGA,145430,1320.6028,N,08408.4548,E,1,09,0.8,-6.2,M,-82.1,M,,*4E
(Feb 10 2016 14:54:54,  410450 sec) LogNmeaSentences()   $GPGSA,A,3,01,,,07,08,09,11,,17,19,23,28,1.1,0.8,0.8*30
(Feb 10 2016 14:54:55,  410450 sec) GpsServices()        GPS services complete.
(Feb 10 2016 14:55:19,  410475 sec) CLogin()             Connecting to primary host.
(Feb 10 2016 14:55:33,  410488 sec) CLogin()             Connection 1 established in 14 seconds.
(Feb 10 2016 14:55:40,  410495 sec) login()              Login successful.
(Feb 10 2016 14:55:43,  410499 sec) CLogin()             Logged in to host.  [Login required 10 seconds]
(Feb 10 2016 14:55:51,  410507 sec) RxConfig()           Downloading "mission.cfg" from host.
(Feb 10 2016 14:55:53,  410509 sec) Rx()                 Initiating transfer. [0x43]
(Feb 10 2016 14:56:02,  410517 sec) Rx()                 Pad character [0x1a] found in ascii mode - truncating packet.
(Feb 10 2016 14:56:06,  410521 sec) Rx()                 Received EOT - transfer complete. [1 packets, 1024 bytes, 13 sec, 78.8 bps]
(Feb 10 2016 14:56:06,  410521 sec) RxConfig()           Download successful.
(Feb 10 2016 14:56:19,  410535 sec) WriteVitals()        Writing vitals to "7546.007.msg".
(Feb 10 2016 14:56:28,  410543 sec) UpLoadFile()         Uploading "7546.007.log" to host as "7546.007.log".
(Feb 10 2016 14:56:32,  410548 sec) Tx()                 CRC negotiation successful. [16-bit CRC]
(Feb 10 2016 14:56:43,  410559 sec) TxPacket()           NAK received - resending packet. [PktNum=0x01]
(Feb 10 2016 14:56:43,  410559 sec) TxPacket()           Packet xmit history: [01110001] (0:ok, 1:fail).
(Feb 10 2016 14:57:00,  410575 sec) TxPacket()           NAK received - resending packet. [PktNum=0x04]
(Feb 10 2016 14:57:00,  410575 sec) TxPacket()           Packet xmit history: [00010001] (0:ok, 1:fail).
(Feb 10 2016 14:57:22,  410597 sec) TxPacket()           NAK received - resending packet. [PktNum=0x07]
(Feb 10 2016 14:57:22,  410597 sec) TxPacket()           Packet xmit history: [00010001] (0:ok, 1:fail).
(Feb 10 2016 14:58:43,  410678 sec) TxPacket()           NAK received - resending packet. [PktNum=0x14]
(Feb 10 2016 14:58:43,  410678 sec) TxPacket()           Packet xmit history: [00000001] (0:ok, 1:fail).
(Feb 10 2016 14:59:22,  410717 sec) Tx()                 Transmission completed successfully [26 packets, 25514 bytes, 168 sec, 153.1 bps]
(Feb 10 2016 14:59:22,  410717 sec) UpLoadFile()         Upload successful.
(Feb 10 2016 14:59:27,  410723 sec) UpLoadFile()         Uploading "7546.007.msg" to host as "7546.007.msg".
(Feb 10 2016 14:59:32,  410727 sec) Tx()                 CRC negotiation successful. [16-bit CRC]
(Feb 10 2016 14:59:39,  410735 sec) TxPacket()           NAK received - resending packet. [PktNum=0x01]
(Feb 10 2016 14:59:40,  410735 sec) TxPacket()           Packet xmit history: [00000001] (0:ok, 1:fail).
(Feb 10 2016 15:00:38,  410794 sec) TxPacket()           NAK received - resending packet. [PktNum=0x0a]
(Feb 10 2016 15:00:38,  410794 sec) TxPacket()           Packet xmit history: [00000001] (0:ok, 1:fail).
(Feb 10 2016 15:01:35,  410850 sec) TxPacket()           NAK received - resending packet. [PktNum=0x12]
(Feb 10 2016 15:01:35,  410850 sec) TxPacket()           Packet xmit history: [00000001] (0:ok, 1:fail).
(Feb 10 2016 15:02:05,  410881 sec) TxPacket()           NAK received - resending packet. [PktNum=0x16]
(Feb 10 2016 15:02:05,  410881 sec) TxPacket()           Packet xmit history: [00100001] (0:ok, 1:fail).
(Feb 10 2016 15:02:10,  410885 sec) TxPacket()           NAK received - resending packet. [PktNum=0x16]
(Feb 10 2016 15:02:10,  410885 sec) TxPacket()           Packet xmit history: [01000011] (0:ok, 1:fail).
(Feb 10 2016 15:02:31,  410907 sec) Tx()                 Transmission completed successfully [24 packets, 24548 bytes, 178 sec, 138.1 bps]
(Feb 10 2016 15:02:32,  410907 sec) UpLoadFile()         Upload successful.
(Feb 10 2016 15:02:38,  410913 sec) UpLoad()             Files successfully uploaded: 2
(Feb 10 2016 15:02:38,  410914 sec) UpLoad()             Upload complete.
(Feb 10 2016 15:02:41,  410917 sec) logout()             Log-out successful.
(Feb 10 2016 15:02:43,  410918 sec) Telemetry()          Telemetry cycle complete: PrfId=7 ConnectionAttempts=1  Connections=1
(Feb 10 2016 15:02:43,  410919 sec) TelemetryTerminate() Parsing new mission configuration.
(Feb 10 2016 15:02:45,  410920 sec) configure()          Parsing configurators in "mission.cfg".
(Feb 10 2016 15:02:48,  410924 sec) configure()             TelemetryRetry(15)      [0x7BBC] [TelemetryRetry(15)].
(Feb 10 2016 15:02:49,  410924 sec) configure()          Configuration CRCs and syntax OK.
(Feb 10 2016 15:02:49,  410924 sec) ConfigSupervisor()   Configuration accepted.
(Feb 10 2016 15:02:49,  410925 sec) TelemetryTerminate() Reconditioning the file system.
(Feb 10 2016 15:02:59,       6 sec) DescentInit()        Deep profile 8 initiated at mission-time 410928sec.
(Feb 10 2016 15:03:01,       9 sec) DescentInit()        Surface pressure: 0.1dbars.
(Feb 10 2016 15:03:06,      14 sec) PistonMoveAbsWTO()    174->049 173 172 171 170 169 168 167 166 165 164 163 162 161 160 159 158 157 156 155 154 153 152 151 150 149 148 147 146 145 144 143 142 141 140 139 138 137 136 135 134 133 132 131 130 129 128 127 126 125 124 123 122 121 120 119 118 117 116 115 114 113 112 111 110 109 108 107 106 105 104 103 102 101 100 099 098 097 096 095 094 093 092 091 090 089 088 087 086 085 084 083 082 081 080 079 078 077 076 075 074 073 072 071 070 069 068 067 066 065 064 063 062 061 060 059 058 057 056 055 054 053 052 051 050 049 [640sec, 14.7Volts, 0.129Amps, CPT:640sec]
(Feb 10 2016 15:13:46,     654 sec) PistonMoveAbsWTO()    049->000 048 047 046 045 044 043 042 041 040 039 038 037 036 035 034 033 032 031 030 029 028 027 026 025 024 023 022 021 020 019 018 017 016 015 014 013 012 011 010 009 [204sec, 14.7Volts, 0.125Amps, CPT:844sec]
(Feb 10 2016 15:17:20,     868 sec) Descent()            Pressure: 87.4
(Feb 10 2016 16:02:56,    3604 sec) Descent()            Pressure: 408.9
(Feb 10 2016 17:02:56,    7204 sec) Descent()            Pressure: 863.8
(Feb 10 2016 17:02:57,    7204 sec) PistonMoveAbsWTO()    009->049 010 011 012 013 014 015 016 017 018 019 020 021 022 023 024 025 026 027 028 029 030 031 032 033 034 035 036 037 038 039 040 041 042 043 044 045 046 047 048 049 [219sec, 14.1Volts, 0.403Amps, CPT:1063sec]
(Feb 10 2016 18:02:56,   10804 sec) Descent()            Pressure: 898.2
(Feb 10 2016 19:02:56,   14404 sec) Descent()            Pressure: 926.9
(Feb 10 2016 20:02:56,   18004 sec) Descent()            Pressure: 942.2
(Feb 10 2016 20:02:57,   18004 sec) ParkInit()           
(Feb 10 2016 22:03:26,   25233 sec) Park()               ParkPOutOfBand[-3, 956.4 dbars]: retract piston.
(Feb 10 2016 22:03:26,   25234 sec) PistonMoveAbsWTO()    049->048 048 [1sec, 15.1Volts, 0.085Amps, CPT:1064sec]
(Feb 11 2016 01:03:26,   36033 sec) Park()               ParkPOutOfBand[-3, 979.6 dbars]: retract piston.
(Feb 11 2016 01:03:26,   36034 sec) PistonMoveAbsWTO()    048->047 047 [5sec, 15.1Volts, 0.093Amps, CPT:1069sec]
(Feb 11 2016 04:03:26,   46833 sec) Park()               ParkPOutOfBand[3, 1018.4 dbars]: extend piston.
(Feb 11 2016 04:03:26,   46834 sec) PistonMoveAbsWTO()    047->048 048 [2sec, 14.7Volts, 0.484Amps, CPT:1071sec]
(Feb 11 2016 12:03:26,   75633 sec) Park()               ParkPOutOfBand[3, 1014.0 dbars]: extend piston.
(Feb 11 2016 12:03:26,   75634 sec) PistonMoveAbsWTO()    048->049 049 [5sec, 14.7Volts, 0.459Amps, CPT:1076sec]
(Feb 13 2016 22:03:26,  284434 sec) Park()               ParkPOutOfBand[3, 1010.9 dbars]: extend piston.
(Feb 13 2016 22:03:27,  284434 sec) PistonMoveAbsWTO()    049->050 050 [6sec, 14.7Volts, 0.459Amps, CPT:1082sec]
(Feb 14 2016 01:03:26,  295234 sec) Park()               ParkPOutOfBand[-3, 984.9 dbars]: retract piston.
(Feb 14 2016 01:03:27,  295234 sec) PistonMoveAbsWTO()    050->049 049 [2sec, 15.0Volts, 0.101Amps, CPT:1084sec]
(Feb 14 2016 06:03:26,  313234 sec) Park()               ParkPOutOfBand[-3, 989.5 dbars]: retract piston.
(Feb 14 2016 06:03:27,  313234 sec) PistonMoveAbsWTO()    049->048 048 [6sec, 15.0Volts, 0.089Amps, CPT:1090sec]
(Feb 14 2016 09:03:26,  324034 sec) Park()               ParkPOutOfBand[3, 1019.9 dbars]: extend piston.
(Feb 14 2016 09:03:27,  324034 sec) PistonMoveAbsWTO()    048->049 049 [2sec, 14.7Volts, 0.479Amps, CPT:1092sec]
(Feb 14 2016 12:03:28,  334836 sec) Park()               ParkPOutOfBand[3, 1011.7 dbars]: extend piston.
(Feb 14 2016 12:03:28,  334836 sec) PistonMoveAbsWTO()    049->050 050 [7sec, 14.7Volts, 0.467Amps, CPT:1099sec]
(Feb 14 2016 15:03:28,  345636 sec) Park()               ParkPOutOfBand[-3, 978.4 dbars]: retract piston.
(Feb 14 2016 15:03:28,  345636 sec) PistonMoveAbsWTO()    050->049 049 [2sec, 15.0Volts, 0.097Amps, CPT:1101sec]
(Feb 14 2016 23:03:18,  374425 sec) CtdPower()           [  995.03,  6.8746, 34.9434]
(Feb 14 2016 23:03:18,  374425 sec) CtdPower()           CTD Power consumption [195VCnt 10ACnt]: 15.116Volts * 0.040Amps = 0.61Watts.
(Feb 14 2016 23:03:18,  374426 sec) ParkTerminate()      Piston Position:49 Vacuum:80 Vq:197 Aq:6 Vsbe:195 Asbe:10
(Feb 14 2016 23:03:46,  374453 sec) ParkTerminate()      PTS: 995.3dbars 6.8754C 34.9424PSU
(Feb 14 2016 23:03:46,  374454 sec) GoDeepInit()         Moving piston.
(Feb 14 2016 23:03:46,  374454 sec) PistonMoveAbsWTO()    049->011 048 047 046 045 044 043 042 041 040 039 038 037 036 035 034 033 032 031 030 029 028 027 026 025 024 023 022 021 020 019 018 017 016 015 014 013 012 011 [190sec, 14.8Volts, 0.060Amps, CPT:1291sec]
(Feb 15 2016 03:32:56,  390604 sec) GoDeep()             Sequence point detected at 2001.1dbar.
(Feb 15 2016 03:32:59,  390606 sec) ProfileInit()        PrfId:008  Pressure:2001.1dbar  pTable[0]:2000dbar
(Feb 15 2016 03:33:10,  390617 sec) PistonMoveAbsWTO()    011->033 012 013 014 015 016 [30sec, 14.2Volts, 0.745Amps, CPT:1321sec]
(Feb 15 2016 03:34:17,  390684 sec) Profile()            Sample 0 initiated at 2000.9dbars for bin 0 [2000dbars].  PTS: 2000.4dbars 2.7576C 34.7812PSU
(Feb 15 2016 03:34:17,  390685 sec) PistonMoveAbsWTO()    016->033 017 018 019 020 021 [30sec, 13.9Volts, 0.774Amps, CPT:1351sec]
(Feb 15 2016 03:36:24,  390812 sec) Sbe41cpStartCP()     Continuous profile started.
(Feb 15 2016 03:36:25,  390812 sec) PistonMoveAbsWTO()    021->033 022 023 024 025 [30sec, 13.6Volts, 0.782Amps, CPT:1381sec]
(Feb 15 2016 03:37:05,  390852 sec) PistonMoveAbsWTO()    025->033 026 027 028 029 030 [30sec, 13.6Volts, 0.786Amps, CPT:1411sec]
(Feb 15 2016 03:37:45,  390892 sec) PistonMoveAbsWTO()    030->033 031 032 033 [18sec, 13.5Volts, 0.774Amps, CPT:1429sec]
(Feb 15 2016 04:29:00,  393968 sec) AscentControlAgent() Bouyancy nudge to 43 (v=0.073dbar/sec).
(Feb 15 2016 04:29:01,  393968 sec) PistonMoveAbsWTO()    033->043 034 035 036 037 [30sec, 13.9Volts, 0.701Amps, CPT:1459sec]
(Feb 15 2016 04:29:41,  394008 sec) PistonMoveAbsWTO()    037->043 038 039 040 041 042 [30sec, 13.7Volts, 0.733Amps, CPT:1489sec]
(Feb 15 2016 04:30:21,  394048 sec) PistonMoveAbsWTO()    042->043 043 [3sec, 13.7Volts, 0.677Amps, CPT:1492sec]
(Feb 15 2016 05:11:11,  396499 sec) AscentControlAgent() Bouyancy nudge to 53 (v=0.072dbar/sec).
(Feb 15 2016 05:11:12,  396499 sec) PistonMoveAbsWTO()    043->053 044 045 046 047 [30sec, 14.0Volts, 0.604Amps, CPT:1522sec]
(Feb 15 2016 05:11:52,  396539 sec) PistonMoveAbsWTO()    047->053 048 049 050 051 052 [30sec, 13.8Volts, 0.616Amps, CPT:1552sec]
(Feb 15 2016 05:12:32,  396579 sec) PistonMoveAbsWTO()    052->053 053 [2sec, 13.8Volts, 0.608Amps, CPT:1554sec]
(Feb 15 2016 05:53:21,  399029 sec) AscentControlAgent() Bouyancy nudge to 63 (v=0.077dbar/sec).
(Feb 15 2016 05:53:22,  399029 sec) PistonMoveAbsWTO()    053->063 054 055 056 057 058 [30sec, 14.0Volts, 0.552Amps, CPT:1584sec]
(Feb 15 2016 05:54:02,  399069 sec) PistonMoveAbsWTO()    058->063 059 060 061 062 063 [29sec, 13.9Volts, 0.532Amps, CPT:1613sec]
(Feb 15 2016 07:05:55,  403383 sec) AscentControlAgent() Bouyancy nudge to 73 (v=0.069dbar/sec).
(Feb 15 2016 07:05:56,  403383 sec) PistonMoveAbsWTO()    063->073 064 065 066 067 068 [30sec, 14.2Volts, 0.419Amps, CPT:1643sec]
(Feb 15 2016 07:06:36,  403423 sec) PistonMoveAbsWTO()    068->073 069 070 071 072 073 [27sec, 14.0Volts, 0.411Amps, CPT:1670sec]
(Feb 15 2016 08:49:03,  409571 sec) AscentControlAgent() Bouyancy nudge to 83 (v=0.061dbar/sec).
(Feb 15 2016 08:49:04,  409571 sec) PistonMoveAbsWTO()    073->083 074 075 076 077 078 [30sec, 14.5Volts, 0.214Amps, CPT:1700sec]
(Feb 15 2016 08:49:44,  409611 sec) PistonMoveAbsWTO()    078->083 079 080 081 082 083 [23sec, 14.4Volts, 0.205Amps, CPT:1723sec]
(Feb 15 2016 08:55:12,  409940 sec) AscentControlAgent() Bouyancy nudge to 93 (v=0.058dbar/sec).
(Feb 15 2016 08:55:13,  409940 sec) PistonMoveAbsWTO()    083->093 084 085 086 087 088 [30sec, 14.5Volts, 0.210Amps, CPT:1753sec]
(Feb 15 2016 08:55:53,  409980 sec) PistonMoveAbsWTO()    088->093 089 090 091 092 093 [24sec, 14.4Volts, 0.201Amps, CPT:1777sec]
(Feb 15 2016 09:01:22,  410310 sec) AscentControlAgent() Bouyancy nudge to 103 (v=0.069dbar/sec).
(Feb 15 2016 09:01:23,  410310 sec) PistonMoveAbsWTO()    093->103 094 095 096 097 098 [30sec, 14.5Volts, 0.205Amps, CPT:1807sec]
(Feb 15 2016 09:02:03,  410350 sec) PistonMoveAbsWTO()    099->103 100 101 102 103 [22sec, 14.4Volts, 0.189Amps, CPT:1829sec]
(Feb 15 2016 09:07:31,  410679 sec) AscentControlAgent() Bouyancy nudge to 113 (v=0.054dbar/sec).
(Feb 15 2016 09:07:32,  410679 sec) PistonMoveAbsWTO()    103->113 104 105 106 107 108 [30sec, 14.5Volts, 0.185Amps, CPT:1859sec]
(Feb 15 2016 09:08:12,  410719 sec) PistonMoveAbsWTO()    108->113 109 110 111 112 113 [22sec, 14.4Volts, 0.189Amps, CPT:1881sec]
(Feb 15 2016 09:13:40,  411048 sec) AscentControlAgent() Bouyancy nudge to 123 (v=0.026dbar/sec).
(Feb 15 2016 09:13:41,  411048 sec) PistonMoveAbsWTO()    113->123 114 115 116 117 118 [30sec, 14.6Volts, 0.185Amps, CPT:1911sec]
(Feb 15 2016 09:14:21,  411088 sec) PistonMoveAbsWTO()    118->123 119 120 121 122 123 [22sec, 14.5Volts, 0.189Amps, CPT:1933sec]
(Feb 15 2016 09:19:49,  411417 sec) AscentControlAgent() Bouyancy nudge to 133 (v=0.013dbar/sec).
(Feb 15 2016 09:19:50,  411417 sec) PistonMoveAbsWTO()    123->133 124 125 126 127 128 [30sec, 14.6Volts, 0.181Amps, CPT:1963sec]
(Feb 15 2016 09:20:30,  411457 sec) PistonMoveAbsWTO()    128->133 129 130 131 132 133 [22sec, 14.5Volts, 0.181Amps, CPT:1985sec]
(Feb 15 2016 09:25:58,  411786 sec) AscentControlAgent() Bouyancy nudge to 143 (v=0.050dbar/sec).
(Feb 15 2016 09:25:59,  411786 sec) PistonMoveAbsWTO()    133->143 134 135 136 137 138 [30sec, 14.6Volts, 0.177Amps, CPT:2015sec]
(Feb 15 2016 09:26:39,  411826 sec) PistonMoveAbsWTO()    138->143 139 140 141 142 143 [22sec, 14.6Volts, 0.177Amps, CPT:2037sec]
(Feb 15 2016 09:37:08,  412456 sec) AscentControlAgent() Bouyancy nudge to 153 (v=0.078dbar/sec).
(Feb 15 2016 09:37:09,  412456 sec) PistonMoveAbsWTO()    143->153 144 145 [15sec, 14.7Volts, 0.165Amps, CPT:2052sec]
(Feb 15 2016 09:37:34,  412481 sec) PistonMoveAbsWTO()    145->153 146 147 148 [15sec, 14.7Volts, 0.165Amps, CPT:2067sec]
(Feb 15 2016 09:37:59,  412506 sec) PistonMoveAbsWTO()    148->153 149 150 151 [15sec, 14.7Volts, 0.157Amps, CPT:2082sec]
(Feb 15 2016 09:38:24,  412531 sec) PistonMoveAbsWTO()    151->153 152 153 [8sec, 14.7Volts, 0.161Amps, CPT:2090sec]
(Feb 15 2016 09:39:04,  412572 sec) SurfaceDetect()      SurfacePressure:0.1dbars Pressure:3.4dbars PistonPosition:153
(Feb 15 2016 09:39:05,  412573 sec) Sbe41cpStopCP()      Continuous profile stopped.
(Feb 15 2016 09:39:11,  412579 sec) PistonMoveAbsWTO()    153->175 154 155 156 157 158 159 160 161 162 163 164 165 166 167 168 169 170 171 172 173 174 175 [113sec, 14.6Volts, 0.133Amps, CPT:2203sec]
(Feb 15 2016 09:41:14,  412701 sec) sbe41cp.c:chat()     Expected string [S>] not received.
(Feb 15 2016 09:46:03,  412991 sec) Sbe41cpBinAverage()  Finished averaging 21792 samples in 285 seconds.
(Feb 15 2016 09:46:08,  412996 sec) Sbe41cpUploadCP()    Sbe41cpSerNo[7258] NSample[21792] NBin[998]
(Feb 15 2016 09:47:55,  413103 sec) Sbe41cpUploadCP()    Continuous profile uploaded [998 lines].

<EOT>
