(Mar 24 2016 19:57:39,  410555 sec) TelemetryInit()      Profile 16. (Apf9i FwRev: 012811)
(Mar 24 2016 20:04:24,  410960 sec) AirSystem()          Battery [190cnt, 14.7V]  Current [73cnt, 29.4mA]  Barometer [127cnt, 6.8"Hg]  Run-Time [43s]
(Mar 24 2016 20:04:53,  410988 sec) GpsServices()        GPS almanac is current.
(Mar 24 2016 20:04:53,  410988 sec) GpsServices()        Initiating GPS fix acquisition.
(Mar 24 2016 20:05:11,  411006 sec) gga()                $GPGGA,200500,1317.6795,N,08503.4587,E,0,00,,,M,,M,,*53
(Mar 24 2016 20:05:17,  411013 sec) gga()                $GPGGA,200510,1317.6795,N,08503.4587,E,0,00,,,M,,M,,*52
(Mar 24 2016 20:05:27,  411022 sec) gga()                $GPGGA,200520,1317.6795,N,08503.4587,E,0,00,,,M,,M,,*51
(Mar 24 2016 20:05:37,  411032 sec) gga()                $GPGGA,200530,1317.6795,N,08503.4587,E,0,00,,,M,,M,,*50
(Mar 24 2016 20:06:05,  411061 sec) gga()                $GPGGA,200540,1324.4559,N,08505.5982,E,1,09,0.9,-8.7,M,-79.7,M,,*40
(Mar 24 2016 20:06:05,  411061 sec) GpsServices()        Profile 16 GPS fix obtained in 72 seconds.
(Mar 24 2016 20:06:06,  411061 sec) GpsServices()                  lon     lat mm/dd/yyyy hhmmss nsat
(Mar 24 2016 20:06:06,  411061 sec) GpsServices()        Fix:   85.093  13.408 03/24/2016 200540    9
(Mar 24 2016 20:06:35,  411091 sec) gga()                $GPGGA,200610,1324.4510,N,08505.5974,E,1,11,0.8,-5.9,M,-79.7,M,,*49
(Mar 24 2016 20:06:41,  411097 sec) gga()                $GPGGA,200640,1324.4454,N,08505.5963,E,1,11,0.8,-5.8,M,-79.7,M,,*4A
(Mar 24 2016 20:06:41,  411097 sec) GpsServices()        APF9 RTC skew (1s) OK.
(Mar 24 2016 20:06:41,  411097 sec) LogNmeaSentences()   ,174,46,18,16,235,40,19,12,127,41,20,62,285,46*74
(Mar 24 2016 20:06:42,  411097 sec) LogNmeaSentences()   $GPGSV,3,3,12,21,04,289,38,24,08,189,28,25,45,262,46,29,32,335,48*70
(Mar 24 2016 20:06:51,  411106 sec) LogNmeaSentences()   $GPRMC,200650,A,1324.4437,N,08505.5960,E,000.5,208.8,240316,001.4,W*67
(Mar 24 2016 20:06:51,  411107 sec) LogNmeaSentences()   $GPGGA,200650,1324.4437,N,08505.5960,E,1,11,0.8,-5.3,M,-79.7,M,,*46
(Mar 24 2016 20:06:52,  411107 sec) LogNmeaSentences()   $GPGSA,A,3,02,05,12,13,15,18,19,20,,24,25,29,1.1,0.8,0.8*39
(Mar 24 2016 20:06:52,  411108 sec) LogNmeaSentences()   $GPGSV,3,1,12,02,27,050,44,05,44,020,47,12,45,208,48,13,43,116,46*7B
(Mar 24 2016 20:06:52,  411108 sec) LogNmeaSentences()   $GPGSV,3,2,12,15,40,174,46,18,16,235,42,19,12,127,42,20,62,285,48*7B
(Mar 24 2016 20:06:53,  411108 sec) LogNmeaSentences()   $GPGSV,3,3,12,21,04,289,38,24,08,189,41,25,45,262,47,29,32,335,45*73
(Mar 24 2016 20:07:01,  411116 sec) LogNmeaSentences()   $GPRMC,200700,A,1324.4419,N,08505.5959,E,000.4,211.9,240316,001.4,W*6D
(Mar 24 2016 20:07:01,  411117 sec) LogNmeaSentences()   $GPGGA,200700,1324.4419,N,08505.5959,E,1,12,0.7,-5.6,M,-79.7,M,,*4D
(Mar 24 2016 20:07:02,  411117 sec) LogNmeaSentences()   $GPGSA,A,3,02,05,12,13,15,18,19,20,21,24,25,29,1.0,0.7,0.8*34
(Mar 24 2016 20:07:02,  411118 sec) LogNmeaSentences()   $GPGSV,3,1,12,02,27,050,46,05,44,020,49,12,45,208,47,13,43,116,48*76
(Mar 24 2016 20:07:02,  411118 sec) LogNmeaSentences()   $GPGSV,3,2,12,15,40,174,47,18,16,235,39,19,12,127,41,20,62,286,46*78
(Mar 24 2016 20:07:03,  411118 sec) LogNmeaSentences()   $GPGSV,3,3,12,21,05,289,36,24,08,189,32,25,45,262,45,29,32,335,47*78
(Mar 24 2016 20:07:03,  411119 sec) LogNmeaSentences()   $PGRMT,GPS 15x-L software ver. 3.90,,,,,,,,*7D
(Mar 24 2016 20:07:11,  411126 sec) LogNmeaSentences()   $GPRMC,200710,A,1324.4402,N,08505.5955,E,001.0,180.3,240316,001.4,W*6E
(Mar 24 2016 20:07:11,  411127 sec) LogNmeaSentences()   $GPGGA,200710,1324.4402,N,08505.5955,E,1,12,0.7,-5.8,M,-79.7,M,,*44
(Mar 24 2016 20:07:12,  411127 sec) GpsServices()        GPS services complete.
(Mar 24 2016 20:07:36,  411152 sec) CLogin()             Connecting to primary host.
(Mar 24 2016 20:07:48,  411164 sec) CLogin()             Connection 1 established in 12 seconds.
(Mar 24 2016 20:07:57,  411173 sec) login()              Login successful.
(Mar 24 2016 20:08:00,  411176 sec) CLogin()             Logged in to host.  [Login required 12 seconds]
(Mar 24 2016 20:08:08,  411184 sec) RxConfig()           Downloading "mission.cfg" from host.
(Mar 24 2016 20:08:11,  411186 sec) Rx()                 Initiating transfer. [0x43]
(Mar 24 2016 20:08:16,  411191 sec) Rx()                 Truncated packet received - retrying.
(Mar 24 2016 20:08:19,  411194 sec) RxStartByte()        Sync errors encountered: 938
(Mar 24 2016 20:08:23,  411199 sec) Rx()                 Pad character [0x1a] found in ascii mode - truncating packet.
(Mar 24 2016 20:08:28,  411203 sec) Rx()                 Received EOT - transfer complete. [1 packets, 1024 bytes, 17 sec, 60.2 bps]
(Mar 24 2016 20:08:28,  411203 sec) RxConfig()           Download successful.
(Mar 24 2016 20:08:42,  411217 sec) WriteVitals()        Writing vitals to "7546.016.msg".
(Mar 24 2016 20:08:50,  411225 sec) UpLoadFile()         Uploading "7546.016.msg" to host as "7546.016.msg".
(Mar 24 2016 20:09:06,  411241 sec) Tx()                 CRC negotiation successful. [16-bit CRC]
(Mar 24 2016 20:09:14,  411249 sec) TxPacket()           Invalid response [0x65] - resending packet. [PktNum=0x01]
(Mar 24 2016 20:09:14,  411249 sec) TxPacket()           Packet xmit history: [01110001] (0:ok, 1:fail).
(Mar 24 2016 20:09:18,  411254 sec) TxPacket()           NAK received - resending packet. [PktNum=0x01]
(Mar 24 2016 20:09:18,  411254 sec) TxPacket()           Packet xmit history: [11100011] (0:ok, 1:fail).
(Mar 24 2016 20:09:28,  411263 sec) TxPacket()           NAK received - resending packet. [PktNum=0x02]
(Mar 24 2016 20:09:28,  411263 sec) TxPacket()           Packet xmit history: [10001101] (0:ok, 1:fail).
(Mar 24 2016 20:11:35,  411390 sec) Tx()                 Transmission completed successfully [25 packets, 24562 bytes, 148 sec, 166.9 bps]
(Mar 24 2016 20:11:35,  411391 sec) UpLoadFile()         Upload successful.
(Mar 24 2016 20:11:40,  411395 sec) UpLoadFile()         Uploading "7546.016.log" to host as "7546.016.log".
(Mar 24 2016 20:11:42,  411398 sec) Tx()                 CRC negotiation successful. [16-bit CRC]
(Mar 24 2016 20:13:20,  411495 sec) Tx()                 Transmission completed successfully [18 packets, 17636 bytes, 97 sec, 190.0 bps]
(Mar 24 2016 20:13:20,  411496 sec) UpLoadFile()         Upload successful.
(Mar 24 2016 20:13:26,  411502 sec) UpLoad()             Files successfully uploaded: 2
(Mar 24 2016 20:13:26,  411502 sec) UpLoad()             Upload complete.
(Mar 24 2016 20:13:30,  411506 sec) logout()             Log-out successful.
(Mar 24 2016 20:13:31,  411507 sec) Telemetry()          Telemetry cycle complete: PrfId=16 ConnectionAttempts=1  Connections=1
(Mar 24 2016 20:13:32,  411507 sec) TelemetryTerminate() Parsing new mission configuration.
(Mar 24 2016 20:13:33,  411509 sec) configure()          Parsing configurators in "mission.cfg".
(Mar 24 2016 20:13:37,  411513 sec) configure()             TelemetryRetry(15)      [0x7BBC] [TelemetryRetry(15)].
(Mar 24 2016 20:13:37,  411513 sec) configure()          Configuration CRCs and syntax OK.
(Mar 24 2016 20:13:37,  411513 sec) ConfigSupervisor()   Configuration accepted.
(Mar 24 2016 20:13:37,  411513 sec) TelemetryTerminate() Reconditioning the file system.
(Mar 24 2016 20:13:46,       6 sec) DescentInit()        Deep profile 17 initiated at mission-time 411515sec.
(Mar 24 2016 20:13:49,       9 sec) DescentInit()        Surface pressure: 0.0dbars.
(Mar 24 2016 20:13:54,      14 sec) PistonMoveAbsWTO()    175->049 174 173 172 171 170 169 168 167 166 165 164 163 162 161 160 159 158 157 156 155 154 153 152 151 150 149 148 147 146 145 144 143 142 141 140 139 138 137 136 135 134 133 132 131 130 129 128 127 126 125 124 123 122 121 120 119 118 117 116 115 114 113 112 111 110 109 108 107 106 105 104 103 102 101 100 099 098 097 096 095 094 093 092 091 090 089 088 087 086 085 084 083 082 081 080 079 078 077 076 075 074 073 072 071 070 069 068 067 066 065 064 063 062 061 060 059 058 057 056 055 054 053 052 051 050 049 [643sec, 14.6Volts, 0.133Amps, CPT:643sec]
(Mar 24 2016 20:24:37,     657 sec) PistonMoveAbsWTO()    049->000 048 047 046 045 044 043 042 041 040 039 038 037 036 035 034 033 032 031 030 029 028 027 026 025 024 023 022 021 020 019 018 017 016 015 014 013 012 011 010 009 [204sec, 14.7Volts, 0.129Amps, CPT:847sec]
(Mar 24 2016 20:28:11,     871 sec) Descent()            Pressure: 95.0
(Mar 24 2016 21:13:44,    3604 sec) Descent()            Pressure: 417.6
(Mar 24 2016 22:13:44,    7204 sec) Descent()            Pressure: 882.0
(Mar 24 2016 22:13:44,    7204 sec) PistonMoveAbsWTO()    009->049 010 011 012 013 014 015 016 017 018 019 020 021 022 023 024 025 026 027 028 029 030 031 032 033 034 035 036 037 038 039 040 041 042 043 044 045 046 047 048 049 [221sec, 14.0Volts, 0.419Amps, CPT:1068sec]
(Mar 24 2016 23:13:44,   10804 sec) Descent()            Pressure: 904.6
(Mar 25 2016 00:13:44,   14404 sec) Descent()            Pressure: 932.1
(Mar 25 2016 01:13:44,   18004 sec) Descent()            Pressure: 949.8
(Mar 25 2016 01:13:44,   18004 sec) ParkInit()           
(Mar 25 2016 03:14:13,   25233 sec) Park()               ParkPOutOfBand[-3, 967.9 dbars]: retract piston.
(Mar 25 2016 03:14:13,   25234 sec) PistonMoveAbsWTO()    049->048 048 [2sec, 15.0Volts, 0.089Amps, CPT:1070sec]
(Mar 26 2016 08:14:13,  129633 sec) Park()               ParkPOutOfBand[3, 1013.1 dbars]: extend piston.
(Mar 26 2016 08:14:14,  129634 sec) PistonMoveAbsWTO()    048->049 049 [2sec, 14.4Volts, 0.459Amps, CPT:1072sec]
(Mar 27 2016 21:14:14,  262834 sec) Park()               ParkPOutOfBand[3, 1011.4 dbars]: extend piston.
(Mar 27 2016 21:14:14,  262834 sec) PistonMoveAbsWTO()    049->050 050 [7sec, 14.4Volts, 0.459Amps, CPT:1079sec]
(Mar 28 2016 00:14:14,  273634 sec) Park()               ParkPOutOfBand[-3, 973.7 dbars]: retract piston.
(Mar 28 2016 00:14:14,  273634 sec) PistonMoveAbsWTO()    050->049 049 [3sec, 14.8Volts, 0.093Amps, CPT:1082sec]
(Mar 28 2016 14:14:14,  324034 sec) Park()               ParkPOutOfBand[-3, 986.3 dbars]: retract piston.
(Mar 28 2016 14:14:14,  324034 sec) PistonMoveAbsWTO()    049->048 048 [6sec, 14.8Volts, 0.089Amps, CPT:1088sec]
(Mar 28 2016 17:14:15,  334836 sec) Park()               ParkPOutOfBand[3, 1020.1 dbars]: extend piston.
(Mar 28 2016 17:14:16,  334836 sec) PistonMoveAbsWTO()    048->049 049 [2sec, 14.4Volts, 0.467Amps, CPT:1090sec]
(Mar 28 2016 20:14:15,  345636 sec) Park()               ParkPOutOfBand[3, 1017.5 dbars]: extend piston.
(Mar 28 2016 20:14:16,  345636 sec) PistonMoveAbsWTO()    049->050 050 [7sec, 14.5Volts, 0.443Amps, CPT:1097sec]
(Mar 28 2016 23:14:16,  356436 sec) Park()               ParkPOutOfBand[-3, 985.9 dbars]: retract piston.
(Mar 28 2016 23:14:16,  356436 sec) PistonMoveAbsWTO()    050->049 049 [3sec, 14.8Volts, 0.101Amps, CPT:1100sec]
(Mar 29 2016 04:14:05,  374425 sec) CtdPower()           [  992.55,  6.5208, 34.9277]
(Mar 29 2016 04:14:05,  374425 sec) CtdPower()           CTD Power consumption [193VCnt 10ACnt]: 14.961Volts * 0.040Amps = 0.60Watts.
(Mar 29 2016 04:14:05,  374426 sec) ParkTerminate()      Piston Position:49 Vacuum:80 Vq:197 Aq:6 Vsbe:193 Asbe:10
(Mar 29 2016 04:14:33,  374453 sec) ParkTerminate()      PTS: 992.7dbars 6.5189C 34.9289PSU
(Mar 29 2016 04:14:33,  374454 sec) GoDeepInit()         Moving piston.
(Mar 29 2016 04:14:34,  374454 sec) PistonMoveAbsWTO()    049->012 048 047 046 045 044 043 042 041 040 039 038 037 036 035 034 033 032 031 030 029 028 027 026 025 024 023 022 021 020 019 018 017 016 015 014 013 012 [186sec, 14.7Volts, 0.081Amps, CPT:1286sec]
(Mar 29 2016 09:13:44,  392404 sec) ProfileInit()        PrfId:017  Pressure:1979.2dbar  pTable[1]:1950dbar
(Mar 29 2016 09:15:13,  392494 sec) Sbe41cpStartCP()     Continuous profile started.
(Mar 29 2016 09:15:14,  392494 sec) PistonMoveAbsWTO()    012->034 013 014 015 016 017 [30sec, 14.0Volts, 0.778Amps, CPT:1316sec]
(Mar 29 2016 09:15:55,  392535 sec) PistonMoveAbsWTO()    017->034 018 019 020 021 022 [30sec, 13.6Volts, 0.770Amps, CPT:1346sec]
(Mar 29 2016 09:16:35,  392575 sec) PistonMoveAbsWTO()    022->034 023 024 025 026 [30sec, 13.5Volts, 0.790Amps, CPT:1376sec]
(Mar 29 2016 09:17:15,  392615 sec) PistonMoveAbsWTO()    026->034 027 028 029 030 031 [30sec, 13.5Volts, 0.770Amps, CPT:1406sec]
(Mar 29 2016 09:17:55,  392655 sec) PistonMoveAbsWTO()    031->034 032 033 034 [19sec, 13.4Volts, 0.790Amps, CPT:1425sec]
(Mar 29 2016 10:04:04,  395424 sec) AscentControlAgent() Bouyancy nudge to 44 (v=0.076dbar/sec).
(Mar 29 2016 10:04:04,  395424 sec) PistonMoveAbsWTO()    034->044 035 036 037 038 [30sec, 13.8Volts, 0.673Amps, CPT:1455sec]
(Mar 29 2016 10:04:44,  395464 sec) PistonMoveAbsWTO()    039->044 040 041 042 043 [30sec, 13.6Volts, 0.701Amps, CPT:1485sec]
(Mar 29 2016 10:05:24,  395504 sec) PistonMoveAbsWTO()    043->044 044 [3sec, 13.6Volts, 0.689Amps, CPT:1488sec]
(Mar 29 2016 10:46:16,  397956 sec) AscentControlAgent() Bouyancy nudge to 54 (v=0.077dbar/sec).
(Mar 29 2016 10:46:16,  397956 sec) PistonMoveAbsWTO()    044->054 045 046 047 048 [30sec, 13.9Volts, 0.604Amps, CPT:1518sec]
(Mar 29 2016 10:46:56,  397996 sec) PistonMoveAbsWTO()    049->054 050 051 052 053 [30sec, 13.7Volts, 0.633Amps, CPT:1548sec]
(Mar 29 2016 10:47:36,  398036 sec) PistonMoveAbsWTO()    053->054 054 [2sec, 13.7Volts, 0.600Amps, CPT:1550sec]
(Mar 29 2016 11:28:26,  400486 sec) AscentControlAgent() Bouyancy nudge to 64 (v=0.079dbar/sec).
(Mar 29 2016 11:28:26,  400486 sec) PistonMoveAbsWTO()    054->064 055 056 057 058 059 [30sec, 14.0Volts, 0.548Amps, CPT:1580sec]
(Mar 29 2016 11:29:06,  400526 sec) PistonMoveAbsWTO()    059->064 060 061 062 063 064 [30sec, 13.8Volts, 0.524Amps, CPT:1610sec]
(Mar 29 2016 12:20:36,  403616 sec) AscentControlAgent() Bouyancy nudge to 74 (v=0.076dbar/sec).
(Mar 29 2016 12:20:36,  403616 sec) PistonMoveAbsWTO()    064->074 065 066 067 068 069 [30sec, 14.1Volts, 0.443Amps, CPT:1640sec]
(Mar 29 2016 12:21:16,  403656 sec) PistonMoveAbsWTO()    069->074 070 071 072 073 074 [28sec, 14.0Volts, 0.447Amps, CPT:1668sec]
(Mar 29 2016 14:03:44,  409804 sec) AscentControlAgent() Bouyancy nudge to 84 (v=0.069dbar/sec).
(Mar 29 2016 14:03:44,  409804 sec) PistonMoveAbsWTO()    074->084 075 076 077 078 079 [30sec, 14.4Volts, 0.222Amps, CPT:1698sec]
(Mar 29 2016 14:04:24,  409844 sec) PistonMoveAbsWTO()    079->084 080 081 082 083 084 [24sec, 14.3Volts, 0.214Amps, CPT:1722sec]
(Mar 29 2016 14:09:54,  410174 sec) AscentControlAgent() Bouyancy nudge to 94 (v=0.071dbar/sec).
(Mar 29 2016 14:09:54,  410174 sec) PistonMoveAbsWTO()    084->094 085 086 087 088 089 [30sec, 14.3Volts, 0.214Amps, CPT:1752sec]
(Mar 29 2016 14:10:34,  410214 sec) PistonMoveAbsWTO()    089->094 090 091 092 093 094 [24sec, 14.3Volts, 0.214Amps, CPT:1776sec]
(Mar 29 2016 14:21:10,  410850 sec) AscentControlAgent() Bouyancy nudge to 104 (v=0.077dbar/sec).
(Mar 29 2016 14:21:10,  410850 sec) PistonMoveAbsWTO()    094->104 095 096 097 098 099 [30sec, 14.4Volts, 0.193Amps, CPT:1806sec]
(Mar 29 2016 14:21:50,  410890 sec) PistonMoveAbsWTO()    099->104 100 101 102 103 104 [24sec, 14.4Volts, 0.197Amps, CPT:1830sec]
(Mar 29 2016 14:27:20,  411220 sec) AscentControlAgent() Bouyancy nudge to 114 (v=0.064dbar/sec).
(Mar 29 2016 14:27:20,  411220 sec) PistonMoveAbsWTO()    104->114 105 106 107 108 109 [30sec, 14.4Volts, 0.189Amps, CPT:1860sec]
(Mar 29 2016 14:28:00,  411260 sec) PistonMoveAbsWTO()    109->114 110 111 112 113 114 [22sec, 14.4Volts, 0.185Amps, CPT:1882sec]
(Mar 29 2016 14:33:29,  411589 sec) AscentControlAgent() Bouyancy nudge to 124 (v=0.009dbar/sec).
(Mar 29 2016 14:33:29,  411589 sec) PistonMoveAbsWTO()    114->124 115 116 117 118 119 [30sec, 14.5Volts, 0.189Amps, CPT:1912sec]
(Mar 29 2016 14:34:09,  411629 sec) PistonMoveAbsWTO()    119->124 120 121 122 123 124 [22sec, 14.4Volts, 0.185Amps, CPT:1934sec]
(Mar 29 2016 14:39:38,  411958 sec) AscentControlAgent() Bouyancy nudge to 134 (v=0.027dbar/sec).
(Mar 29 2016 14:39:38,  411958 sec) PistonMoveAbsWTO()    124->134 125 126 127 128 129 [30sec, 14.5Volts, 0.185Amps, CPT:1964sec]
(Mar 29 2016 14:40:18,  411998 sec) PistonMoveAbsWTO()    129->134 130 131 132 133 134 [23sec, 14.4Volts, 0.181Amps, CPT:1987sec]
(Mar 29 2016 14:45:47,  412327 sec) AscentControlAgent() Bouyancy nudge to 144 (v=0.038dbar/sec).
(Mar 29 2016 14:45:47,  412327 sec) PistonMoveAbsWTO()    134->144 135 136 137 138 139 [30sec, 14.6Volts, 0.173Amps, CPT:2017sec]
(Mar 29 2016 14:46:27,  412367 sec) PistonMoveAbsWTO()    140->144 141 142 143 144 [22sec, 14.5Volts, 0.177Amps, CPT:2039sec]
(Mar 29 2016 14:51:55,  412695 sec) AscentControlAgent() Bouyancy nudge to 154 (v=0.067dbar/sec).
(Mar 29 2016 14:51:55,  412695 sec) PistonMoveAbsWTO()    144->154 145 146 147 148 149 [30sec, 14.6Volts, 0.165Amps, CPT:2069sec]
(Mar 29 2016 14:52:35,  412735 sec) PistonMoveAbsWTO()    149->154 150 151 152 153 154 [22sec, 14.6Volts, 0.165Amps, CPT:2091sec]
(Mar 29 2016 14:56:59,  412999 sec) AscentControlAgent() Bouyancy nudge to 164 (v=0.078dbar/sec).
(Mar 29 2016 14:56:59,  412999 sec) PistonMoveAbsWTO()    154->164 155 156 157 158 159 [30sec, 14.6Volts, 0.165Amps, CPT:2121sec]
(Mar 29 2016 14:57:39,  413039 sec) PistonMoveAbsWTO()    159->164 160 161 162 [15sec, 14.6Volts, 0.161Amps, CPT:2136sec]
(Mar 29 2016 14:58:04,  413064 sec) PistonMoveAbsWTO()    162->164 163 164 [8sec, 14.6Volts, 0.165Amps, CPT:2144sec]
(Mar 29 2016 15:00:05,  413185 sec) SurfaceDetect()      SurfacePressure:0.0dbars Pressure:3.1dbars PistonPosition:164
(Mar 29 2016 15:00:06,  413186 sec) Sbe41cpStopCP()      Continuous profile stopped.
(Mar 29 2016 15:00:12,  413192 sec) PistonMoveAbsWTO()    164->186 165 166 167 168 169 170 171 172 173 174 175 176 177 178 179 180 181 182 183 184 185 186 [114sec, 14.6Volts, 0.137Amps, CPT:2258sec]
(Mar 29 2016 15:02:15,  413315 sec) sbe41cp.c:chat()     Expected string [S>] not received.
(Mar 29 2016 15:06:52,  413592 sec) Sbe41cpBinAverage()  Finished averaging 20723 samples in 273 seconds.
(Mar 29 2016 15:06:57,  413597 sec) Sbe41cpUploadCP()    Sbe41cpSerNo[7258] NSample[20723] NBin[991]
(Mar 29 2016 15:08:43,  413703 sec) Sbe41cpUploadCP()    Continuous profile uploaded [991 lines].

<EOT>
