(Aug 07 2016 01:51:25,  411722 sec) TelemetryInit()      Profile 44. (Apf9i FwRev: 012811)
(Aug 07 2016 01:58:09,  412127 sec) AirSystem()          Battery [189cnt, 14.7V]  Current [72cnt, 29.0mA]  Barometer [127cnt, 6.8"Hg]  Run-Time [43s]
(Aug 07 2016 01:58:37,  412154 sec) GpsServices()        GPS almanac is current.
(Aug 07 2016 01:58:37,  412154 sec) GpsServices()        Initiating GPS fix acquisition.
(Aug 07 2016 01:58:48,  412165 sec) gga()                $GPGGA,015810,1328.8225,N,08647.3582,E,0,00,,,M,,M,,*54
(Aug 07 2016 01:59:04,  412182 sec) gga()                $GPGGA,015830,1328.8225,N,08647.3582,E,0,00,,,M,,M,,*56
(Aug 07 2016 01:59:14,  412192 sec) gga()                $GPGGA,015840,1328.8225,N,08647.3582,E,0,00,,,M,,M,,*51
(Aug 07 2016 01:59:24,  412202 sec) gga()                $GPGGA,015850,1328.8225,N,08647.3582,E,0,00,,,M,,M,,*50
(Aug 07 2016 01:59:34,  412212 sec) gga()                $GPGGA,015900,1328.8225,N,08647.3582,E,0,00,,,M,,M,,*54
(Aug 07 2016 01:59:44,  412222 sec) gga()                $GPGGA,015910,1328.8225,N,08647.3582,E,0,00,,,M,,M,,*55
(Aug 07 2016 02:00:22,  412260 sec) gga()                $GPGGA,015930,1326.5118,N,08642.8078,E,1,09,0.9,3.6,M,-75.7,M,,*65
(Aug 07 2016 02:00:23,  412260 sec) GpsServices()        Profile 44 GPS fix obtained in 106 seconds.
(Aug 07 2016 02:00:23,  412260 sec) GpsServices()                  lon     lat mm/dd/yyyy hhmmss nsat
(Aug 07 2016 02:00:23,  412260 sec) GpsServices()        Fix:   86.713  13.442 08/07/2016 015930    9
(Aug 07 2016 02:00:53,  412290 sec) gga()                $GPGGA,020000,1326.5155,N,08642.8082,E,1,09,0.9,1.1,M,-75.7,M,,*60
(Aug 07 2016 02:00:58,  412296 sec) gga()                $GPGGA,020030,1326.5211,N,08642.8084,E,1,09,0.9,-3.8,M,-75.7,M,,*40
(Aug 07 2016 02:00:58,  412296 sec) GpsServices()        APF9 RTC skew (28s) OK.
(Aug 07 2016 02:00:59,  412296 sec) LogNmeaSentences()   2,199,27,11,55,091,27,17,30,223,24,19,04,218,22*78
(Aug 07 2016 02:00:59,  412297 sec) LogNmeaSentences()   $GPGSV,3,3,11,23,31,171,27,28,27,300,27,30,36,340,27*45
(Aug 07 2016 02:01:08,  412306 sec) LogNmeaSentences()   $GPRMC,020040,A,1326.5225,N,08642.8078,E,001.2,315.2,070816,001.3,W*67
(Aug 07 2016 02:01:09,  412306 sec) LogNmeaSentences()   $GPGGA,020040,1326.5225,N,08642.8078,E,1,09,0.9,-2.9,M,-75.7,M,,*43
(Aug 07 2016 02:01:09,  412307 sec) LogNmeaSentences()   $GPGSA,A,3,01,,07,08,09,11,17,,23,28,30,,1.3,0.9,0.9*39
(Aug 07 2016 02:01:09,  412307 sec) LogNmeaSentences()   $GPGSV,3,1,11,01,38,119,45,03,04,158,26,07,55,010,46,08,29,031,44*73
(Aug 07 2016 02:01:10,  412307 sec) LogNmeaSentences()   $GPGSV,3,2,11,09,52,199,47,11,55,091,45,17,30,223,46,19,04,218,25*79
(Aug 07 2016 02:01:10,  412308 sec) LogNmeaSentences()   $GPGSV,3,3,11,23,31,171,47,28,27,300,47,30,36,340,46*42
(Aug 07 2016 02:01:18,  412316 sec) LogNmeaSentences()   $GPRMC,020050,A,1326.5245,N,08642.8082,E,001.1,068.8,070816,001.3,W*65
(Aug 07 2016 02:01:19,  412316 sec) LogNmeaSentences()   $GPGGA,020050,1326.5245,N,08642.8082,E,1,09,0.9,-2.5,M,-75.7,M,,*4D
(Aug 07 2016 02:01:19,  412317 sec) LogNmeaSentences()   $GPGSA,A,3,01,,07,08,09,11,17,,23,28,30,,1.3,0.9,0.9*39
(Aug 07 2016 02:01:19,  412317 sec) LogNmeaSentences()   $GPGSV,3,1,11,01,38,119,46,03,04,158,33,07,55,010,45,08,29,031,43*70
(Aug 07 2016 02:01:20,  412317 sec) LogNmeaSentences()   $GPGSV,3,2,11,09,52,199,43,11,55,091,48,17,30,223,42,19,04,218,35*75
(Aug 07 2016 02:01:20,  412318 sec) LogNmeaSentences()   $GPGSV,3,3,11,23,31,171,45,28,28,301,41,30,36,340,46*48
(Aug 07 2016 02:01:28,  412326 sec) LogNmeaSentences()   $GPRMC,020100,A,1326.5263,N,08642.8082,E,001.6,315.0,070816,001.3,W*63
(Aug 07 2016 02:01:29,  412326 sec) LogNmeaSentences()   $GPGGA,020100,1326.5263,N,08642.8082,E,1,09,0.9,-4.2,M,-75.7,M,,*4C
(Aug 07 2016 02:01:29,  412327 sec) LogNmeaSentences()   $GPGSA,A,3,01,,07,08,09,11,17,,23,28,30,,1.3,0.9,0.9*39
(Aug 07 2016 02:01:29,  412327 sec) LogNmeaSentences()   $GPGSV,3,1,11,01,38,119,46,03,04,158,36,07,55,010,49,08,29,031,44*7E
(Aug 07 2016 02:01:30,  412327 sec) LogNmeaSentences()   $GPGSV,3,2,11,09,52,199,46,11,55,091,49,17,30,223,45,19,04,218,33*70
(Aug 07 2016 02:01:30,  412328 sec) LogNmeaSentences()   $GPGSV,3,3,11,23,31,171,46,28,28,301,46,30,36,340,44*4E
(Aug 07 2016 02:01:30,  412328 sec) LogNmeaSentences()   $PGRMT,GPS 15x-L software ver. 3.90,,,,,,,,*7D
(Aug 07 2016 02:01:30,  412328 sec) GpsServices()        GPS services complete.
(Aug 07 2016 02:01:55,  412353 sec) CLogin()             Connecting to primary host.
(Aug 07 2016 02:02:13,  412371 sec) CLogin()             Connection 1 established in 18 seconds.
(Aug 07 2016 02:02:22,  412380 sec) login()              Login successful.
(Aug 07 2016 02:02:28,  412385 sec) CLogin()             Logged in to host.  [Login required 15 seconds]
(Aug 07 2016 02:02:38,  412395 sec) RxConfig()           Downloading "mission.cfg" from host.
(Aug 07 2016 02:02:40,  412398 sec) Rx()                 Initiating transfer. [0x43]
(Aug 07 2016 02:02:49,  412406 sec) Rx()                 Pad character [0x1a] found in ascii mode - truncating packet.
(Aug 07 2016 02:02:53,  412410 sec) Rx()                 Received EOT - transfer complete. [1 packets, 1024 bytes, 13 sec, 78.8 bps]
(Aug 07 2016 02:02:53,  412410 sec) RxConfig()           Download successful.
(Aug 07 2016 02:03:07,  412424 sec) WriteVitals()        Writing vitals to "7546.044.msg".
(Aug 07 2016 02:03:15,  412432 sec) UpLoadFile()         Uploading "7546.044.msg" to host as "7546.044.msg".
(Aug 07 2016 02:03:17,  412434 sec) Tx()                 CRC negotiation successful. [16-bit CRC]
(Aug 07 2016 02:03:26,  412444 sec) TxPacket()           NAK received - resending packet. [PktNum=0x01]
(Aug 07 2016 02:03:26,  412444 sec) TxPacket()           Packet xmit history: [01110001] (0:ok, 1:fail).
(Aug 07 2016 02:03:44,  412462 sec) TxPacket()           NAK received - resending packet. [PktNum=0x03]
(Aug 07 2016 02:03:44,  412462 sec) TxPacket()           Packet xmit history: [10001001] (0:ok, 1:fail).
(Aug 07 2016 02:03:54,  412472 sec) TxPacket()           NAK received - resending packet. [PktNum=0x04]
(Aug 07 2016 02:03:54,  412472 sec) TxPacket()           Packet xmit history: [00100101] (0:ok, 1:fail).
(Aug 07 2016 02:04:02,  412480 sec) TxPacket()           NAK received - resending packet. [PktNum=0x04]
(Aug 07 2016 02:04:03,  412480 sec) TxPacket()           Packet xmit history: [01001011] (0:ok, 1:fail).
(Aug 07 2016 02:04:07,  412485 sec) TxPacket()           NAK received - resending packet. [PktNum=0x04]
(Aug 07 2016 02:04:07,  412485 sec) TxPacket()           Packet xmit history: [10010111] (0:ok, 1:fail).
(Aug 07 2016 02:04:12,  412490 sec) TxPacket()           NAK received - resending packet. [PktNum=0x04]
(Aug 07 2016 02:04:12,  412490 sec) TxPacket()           Packet xmit history: [00101111] (0:ok, 1:fail).
(Aug 07 2016 02:04:17,  412495 sec) TxPacket()           NAK received - resending packet. [PktNum=0x04]
(Aug 07 2016 02:04:17,  412495 sec) TxPacket()           Packet xmit history: [01011111] (0:ok, 1:fail).
(Aug 07 2016 02:04:38,  412515 sec) TxPacket()           NAK received - resending packet. [PktNum=0x06]
(Aug 07 2016 02:04:38,  412516 sec) TxPacket()           Packet xmit history: [11111001] (0:ok, 1:fail).
(Aug 07 2016 02:04:42,  412520 sec) TxPacket()           NAK received - resending packet. [PktNum=0x06]
(Aug 07 2016 02:04:42,  412520 sec) TxPacket()           Packet xmit history: [11110011] (0:ok, 1:fail).
(Aug 07 2016 02:04:54,  412532 sec) TxPacket()           NAK received - resending packet. [PktNum=0x08]
(Aug 07 2016 02:04:54,  412532 sec) TxPacket()           Packet xmit history: [10011001] (0:ok, 1:fail).
(Aug 07 2016 02:05:13,  412551 sec) TxPacket()           NAK received - resending packet. [PktNum=0x0a]
(Aug 07 2016 02:05:13,  412551 sec) TxPacket()           Packet xmit history: [11001001] (0:ok, 1:fail).
(Aug 07 2016 02:05:19,  412557 sec) TxPacket()           NAK received - resending packet. [PktNum=0x0a]
(Aug 07 2016 02:05:20,  412557 sec) TxPacket()           Packet xmit history: [10010011] (0:ok, 1:fail).
(Aug 07 2016 02:05:24,  412562 sec) TxPacket()           NAK received - resending packet. [PktNum=0x0a]
(Aug 07 2016 02:05:24,  412562 sec) TxPacket()           Packet xmit history: [00100111] (0:ok, 1:fail).
(Aug 07 2016 02:05:48,  412586 sec) TxPacket()           NAK received - resending packet. [PktNum=0x0e]
(Aug 07 2016 02:05:48,  412586 sec) TxPacket()           Packet xmit history: [11100001] (0:ok, 1:fail).
(Aug 07 2016 02:05:54,  412592 sec) TxPacket()           NAK received - resending packet. [PktNum=0x0e]
(Aug 07 2016 02:05:54,  412592 sec) TxPacket()           Packet xmit history: [11000011] (0:ok, 1:fail).
(Aug 07 2016 02:06:24,  412622 sec) TxPacket()           NAK received - resending packet. [PktNum=0x12]
(Aug 07 2016 02:06:24,  412622 sec) TxPacket()           Packet xmit history: [01100001] (0:ok, 1:fail).
(Aug 07 2016 02:06:39,  412637 sec) TxPacket()           NAK received - resending packet. [PktNum=0x14]
(Aug 07 2016 02:06:39,  412637 sec) TxPacket()           Packet xmit history: [00001001] (0:ok, 1:fail).
(Aug 07 2016 02:07:16,  412674 sec) TxPacket()           NAK received - resending packet. [PktNum=0x19]
(Aug 07 2016 02:07:16,  412674 sec) TxPacket()           Packet xmit history: [01000001] (0:ok, 1:fail).
(Aug 07 2016 02:07:22,  412680 sec) TxPacket()           NAK received - resending packet. [PktNum=0x19]
(Aug 07 2016 02:07:23,  412680 sec) TxPacket()           Packet xmit history: [10000011] (0:ok, 1:fail).
(Aug 07 2016 02:07:34,  412692 sec) TxPacket()           NAK received - resending packet. [PktNum=0x1a]
(Aug 07 2016 02:07:34,  412692 sec) TxPacket()           Packet xmit history: [00001101] (0:ok, 1:fail).
(Aug 07 2016 02:07:39,  412697 sec) TxPacket()           NAK received - resending packet. [PktNum=0x1a]
(Aug 07 2016 02:07:39,  412697 sec) TxPacket()           Packet xmit history: [00011011] (0:ok, 1:fail).
(Aug 07 2016 02:08:15,  412732 sec) TxPacket()           NAK received - resending packet. [PktNum=0x1e]
(Aug 07 2016 02:08:15,  412732 sec) TxPacket()           Packet xmit history: [01100001] (0:ok, 1:fail).
(Aug 07 2016 02:08:19,  412736 sec) TxPacket()           NAK received - resending packet. [PktNum=0x1e]
(Aug 07 2016 02:08:19,  412736 sec) TxPacket()           Packet xmit history: [11000011] (0:ok, 1:fail).
(Aug 07 2016 02:08:26,  412743 sec) TxPacket()           NAK received - resending packet. [PktNum=0x1f]
(Aug 07 2016 02:08:26,  412743 sec) TxPacket()           Packet xmit history: [00001101] (0:ok, 1:fail).
(Aug 07 2016 02:08:33,  412751 sec) TxPacket()           NAK received - resending packet. [PktNum=0x20]
(Aug 07 2016 02:08:33,  412751 sec) TxPacket()           Packet xmit history: [00110101] (0:ok, 1:fail).
(Aug 07 2016 02:08:44,  412761 sec) TxPacket()           NAK received - resending packet. [PktNum=0x21]
(Aug 07 2016 02:08:44,  412761 sec) TxPacket()           Packet xmit history: [11010101] (0:ok, 1:fail).
(Aug 07 2016 02:09:00,  412778 sec) TxPacket()           NAK received - resending packet. [PktNum=0x23]
(Aug 07 2016 02:09:00,  412778 sec) TxPacket()           Packet xmit history: [10101001] (0:ok, 1:fail).
(Aug 07 2016 02:09:05,  412783 sec) TxPacket()           NAK received - resending packet. [PktNum=0x23]
(Aug 07 2016 02:09:05,  412783 sec) TxPacket()           Packet xmit history: [01010011] (0:ok, 1:fail).
(Aug 07 2016 02:09:15,  412792 sec) TxPacket()           False CAN detected - resending packet. [PktNum=0x23]
(Aug 07 2016 02:09:15,  412792 sec) TxPacket()           Packet xmit history: [10100111] (0:ok, 1:fail).
(Aug 07 2016 02:09:22,  412799 sec) TxPacket()           Invalid response [0x63] - resending packet. [PktNum=0x23]
(Aug 07 2016 02:09:22,  412800 sec) TxPacket()           Packet xmit history: [01001111] (0:ok, 1:fail).
(Aug 07 2016 02:09:27,  412805 sec) TxPacket()           Invalid response [0x6d] - resending packet. [PktNum=0x23]
(Aug 07 2016 02:09:27,  412805 sec) TxPacket()           Packet xmit history: [10011111] (0:ok, 1:fail).
(Aug 07 2016 02:09:28,  412806 sec) TxPacket()           Invalid response [0x5a] - resending packet. [PktNum=0x23]
(Aug 07 2016 02:09:28,  412806 sec) TxPacket()           Packet xmit history: [00111111] (0:ok, 1:fail).
(Aug 07 2016 02:09:30,  412808 sec) TxPacket()           Invalid response [0x5e] - resending packet. [PktNum=0x23]
(Aug 07 2016 02:09:31,  412808 sec) TxPacket()           Packet xmit history: [01111111] (0:ok, 1:fail).
(Aug 07 2016 02:09:36,  412814 sec) TxPacket()           Invalid response [0x5e] - resending packet. [PktNum=0x23]
(Aug 07 2016 02:09:37,  412814 sec) TxPacket()           Packet xmit history: [11111111] (0:ok, 1:fail).
(Aug 07 2016 02:09:39,  412816 sec) TxPacket()           Invalid response [0x5a] - resending packet. [PktNum=0x23]
(Aug 07 2016 02:09:39,  412816 sec) TxPacket()           Packet xmit history: [11111111] (0:ok, 1:fail).
(Aug 07 2016 02:09:40,  412817 sec) TxPacket()           Invalid response [0x5e] - resending packet. [PktNum=0x23]
(Aug 07 2016 02:09:40,  412817 sec) TxPacket()           Packet xmit history: [11111111] (0:ok, 1:fail).
(Aug 07 2016 02:09:40,  412818 sec) TxPacket()           Exit status: -5
(Aug 07 2016 02:09:40,  412818 sec) Tx()                 Packet transmission failed - aborting transfer.
(Aug 07 2016 02:09:51,  412828 sec) UpLoadFile()         Upload failed.
(Aug 07 2016 02:10:17,  412855 sec) UpLoadFile()         Uploading "7546.044.log" to host as "7546.044.log".
(Aug 07 2016 02:11:17,  412914 sec) Tx()                 CRC negotiation failed - aborting transfer.
(Aug 07 2016 02:11:27,  412925 sec) UpLoadFile()         Upload failed.
(Aug 07 2016 02:11:27,  412925 sec) UpLoad()             Files successfully uploaded: 0
(Aug 07 2016 02:11:27,  412925 sec) UpLoad()             Aborting upload: Retry limit [2] exceeded. Upload incomplete.
(Aug 07 2016 02:11:35,  412932 sec) chat()               Expected string [logout] not received.
(Aug 07 2016 02:11:35,  412932 sec) logout()             Attempt to log-out failed.
(Aug 07 2016 02:11:42,  412939 sec) chat()               Expected string [logout] not received.
(Aug 07 2016 02:11:42,  412939 sec) logout()             Attempt to log-out failed.
(Aug 07 2016 02:11:51,  412948 sec) chat()               Expected string [logout] not received.
(Aug 07 2016 02:11:51,  412948 sec) logout()             Attempt to log-out failed.
(Aug 07 2016 02:11:51,  412948 sec) Telemetry()          Telemetry cycle complete: PrfId=44 ConnectionAttempts=1  Connections=1
(Aug 07 2016 02:27:06,  413863 sec) AirSystem()          Air-bladder inflation by-passed. Barometer: [125cnt, 6.2"Hg].
(Aug 07 2016 02:27:35,  413892 sec) GpsServices()        GPS almanac is current.
(Aug 07 2016 02:27:35,  413892 sec) GpsServices()        Initiating GPS fix acquisition.
(Aug 07 2016 02:28:03,  413921 sec) gga()                $GPGGA,022710,1326.8086,N,08642.8084,E,6,09,0.9,1.2,M,-75.7,M,,*64
(Aug 07 2016 02:28:28,  413945 sec) gga()                $GPGGA,022720,1326.8072,N,08642.8044,E,6,09,0.9,6.8,M,-75.7,M,,*6D
(Aug 07 2016 02:28:53,  413970 sec) gga()                $GPGGA,022730,1326.8090,N,08642.8059,E,1,09,0.9,-0.1,M,-75.7,M,,*49
(Aug 07 2016 02:28:53,  413971 sec) GpsServices()        Profile 44 GPS fix obtained in 78 seconds.
(Aug 07 2016 02:28:53,  413971 sec) GpsServices()                  lon     lat mm/dd/yyyy hhmmss nsat
(Aug 07 2016 02:28:53,  413971 sec) GpsServices()        Fix:   86.713  13.447 08/07/2016 022730    9
(Aug 07 2016 02:29:22,  414000 sec) gga()                $GPGGA,022830,1326.8213,N,08642.8042,E,1,09,0.9,0.4,M,-75.7,M,,*6D
(Aug 07 2016 02:29:28,  414006 sec) gga()                $GPGGA,022900,1326.8276,N,08642.8053,E,1,09,0.9,-1.2,M,-75.7,M,,*46
(Aug 07 2016 02:29:28,  414006 sec) GpsServices()        APF9 RTC skew (28s) OK.
(Aug 07 2016 02:29:29,  414006 sec) LogNmeaSentences()   90,44,11,51,069,49,17,40,234,44,19,14,224,33*75
(Aug 07 2016 02:29:29,  414007 sec) LogNmeaSentences()   $GPGSV,3,3,11,23,19,167,42,28,29,314,42,30,47,347,46*45
(Aug 07 2016 02:29:29,  414007 sec) LogNmeaSentences()   $PGRMT,GPS 15x-L software ver. 3.90,,,,,,,,*7D
(Aug 07 2016 02:29:38,  414016 sec) LogNmeaSentences()   $GPRMC,022910,A,1326.8293,N,08642.8048,E,001.8,025.7,070816,001.3,W*65
(Aug 07 2016 02:29:39,  414016 sec) LogNmeaSentences()   $GPGGA,022910,1326.8293,N,08642.8048,E,1,09,0.9,-2.3,M,-75.7,M,,*44
(Aug 07 2016 02:29:39,  414017 sec) LogNmeaSentences()   $GPGSA,A,3,01,,07,08,09,11,17,,23,28,30,,1.3,0.9,0.9*39
(Aug 07 2016 02:29:39,  414017 sec) LogNmeaSentences()   $GPGSV,3,1,11,01,43,101,45,03,03,147,33,07,65,030,46,08,18,033,40*7E
(Aug 07 2016 02:29:40,  414017 sec) LogNmeaSentences()   $GPGSV,3,2,11,09,39,190,45,11,51,068,48,17,40,234,44,19,14,224,40*7E
(Aug 07 2016 02:29:40,  414018 sec) LogNmeaSentences()   $GPGSV,3,3,11,23,19,167,44,28,29,314,41,30,47,347,47*41
(Aug 07 2016 02:29:48,  414026 sec) LogNmeaSentences()   $GPRMC,022920,A,1326.8315,N,08642.8052,E,000.7,251.1,070816,001.3,W*6B
(Aug 07 2016 02:29:49,  414026 sec) LogNmeaSentences()   $GPGGA,022920,1326.8315,N,08642.8052,E,1,09,0.9,-1.6,M,-75.7,M,,*45
(Aug 07 2016 02:29:49,  414027 sec) LogNmeaSentences()   $GPGSA,A,3,01,,07,08,09,11,17,,23,28,30,,1.3,0.9,0.9*39
(Aug 07 2016 02:29:49,  414027 sec) LogNmeaSentences()   $GPGSV,3,1,11,01,43,101,47,03,03,147,28,07,65,030,47,08,18,033,42*75
(Aug 07 2016 02:29:50,  414027 sec) LogNmeaSentences()   $GPGSV,3,2,11,09,39,190,45,11,51,068,47,17,40,234,46,19,14,224,41*72
(Aug 07 2016 02:29:50,  414028 sec) LogNmeaSentences()   $GPGSV,3,3,11,23,19,167,43,28,29,314,43,30,47,347,46*45
(Aug 07 2016 02:29:58,  414036 sec) LogNmeaSentences()   $GPRMC,022930,A,1326.8333,N,08642.8047,E,001.1,179.9,070816,001.3,W*6C
(Aug 07 2016 02:29:59,  414036 sec) LogNmeaSentences()   $GPGGA,022930,1326.8333,N,08642.8047,E,1,10,0.8,-0.5,M,-75.7,M,,*4F
(Aug 07 2016 02:29:59,  414037 sec) LogNmeaSentences()   $GPGSA,A,3,01,,07,08,09,11,17,19,23,28,30,,1.1,0.8,0.8*33
(Aug 07 2016 02:29:59,  414037 sec) LogNmeaSentences()   $GPGSV,3,1,11,01,43,101,45,03,03,147,29,07,65,030,47,08,18,033,44*70
(Aug 07 2016 02:30:00,  414037 sec) GpsServices()        GPS services complete.
(Aug 07 2016 02:30:24,  414062 sec) CLogin()             Connecting to primary host.
(Aug 07 2016 02:30:39,  414076 sec) CLogin()             Connection 2 established in 15 seconds.
(Aug 07 2016 02:30:51,  414088 sec) login()              Login successful.
(Aug 07 2016 02:30:54,  414092 sec) CLogin()             Logged in to host.  [Login required 15 seconds]
(Aug 07 2016 02:31:02,  414100 sec) RxConfig()           Downloading "mission.cfg" from host.
(Aug 07 2016 02:31:04,  414102 sec) Rx()                 Initiating transfer. [0x43]
(Aug 07 2016 02:31:08,  414106 sec) RxStartByte()        Sync errors encountered: 609
(Aug 07 2016 02:31:12,  414109 sec) Rx()                 Truncated packet received - retrying.
(Aug 07 2016 02:31:16,  414113 sec) RxStartByte()        Sync errors encountered: 936
(Aug 07 2016 02:31:22,  414119 sec) Rx()                 Truncated packet received - retrying.
(Aug 07 2016 02:31:24,  414122 sec) RxStartByte()        Sync errors encountered: 68
(Aug 07 2016 02:31:30,  414127 sec) Rx()                 Truncated packet received - retrying.
(Aug 07 2016 02:31:41,  414138 sec) Rx()                 Switching from 16-bit CRC to checksum.
(Aug 07 2016 02:31:41,  414138 sec) Rx()                 Re-initiating transfer. [0x15]
(Aug 07 2016 02:31:44,  414141 sec) RxStartByte()        Sync errors encountered: 347
(Aug 07 2016 02:31:45,  414142 sec) Rx()                 Corrupt packet received - retrying.
(Aug 07 2016 02:31:45,  414142 sec) RxStartByte()        Sync errors encountered: 1
(Aug 07 2016 02:31:49,  414146 sec) Rx()                 Truncated packet received - retrying.
(Aug 07 2016 02:31:52,  414150 sec) RxStartByte()        Sync errors encountered: 409
(Aug 07 2016 02:31:57,  414154 sec) Rx()                 Truncated packet received - retrying.
(Aug 07 2016 02:32:08,  414165 sec) Rx()                 Switching from 16-bit CRC to checksum.
(Aug 07 2016 02:32:08,  414165 sec) Rx()                 Re-initiating transfer. [0x15]
(Aug 07 2016 02:32:09,  414166 sec) RxStartByte()        Sync errors encountered: 564
(Aug 07 2016 02:32:10,  414167 sec) Rx()                 Corrupt packet received - retrying.
(Aug 07 2016 02:32:10,  414168 sec) RxStartByte()        Sync errors encountered: 1
(Aug 07 2016 02:32:11,  414169 sec) Rx()                 Corrupt packet received - retrying.
(Aug 07 2016 02:32:11,  414169 sec) Rx()                 Attempt to read packet 1 failed.  Transfer aborted.
(Aug 07 2016 02:32:22,  414180 sec) RxConfig()           Download failed.
(Aug 07 2016 02:32:31,  414188 sec) RxConfig()           Downloading "mission.cfg" from host.
(Aug 07 2016 02:32:33,  414190 sec) Rx()                 Initiating transfer. [0x15]
(Aug 07 2016 02:32:44,  414201 sec) RxStartByte()        Sync errors encountered: 42
(Aug 07 2016 02:32:44,  414201 sec) Rx()                 Re-initiating transfer. [0x15]
(Aug 07 2016 02:32:55,  414212 sec) Rx()                 Re-initiating transfer. [0x15]
(Aug 07 2016 02:33:06,  414223 sec) Rx()                 Re-initiating transfer. [0x15]
(Aug 07 2016 02:33:17,  414234 sec) Rx()                 Switching from 16-bit CRC to checksum.
(Aug 07 2016 02:33:17,  414234 sec) Rx()                 Re-initiating transfer. [0x15]
(Aug 07 2016 02:33:28,  414245 sec) Rx()                 Switching from 16-bit CRC to checksum.
(Aug 07 2016 02:33:28,  414245 sec) Rx()                 Re-initiating transfer. [0x15]
(Aug 07 2016 02:33:39,  414256 sec) Rx()                 Switching from 16-bit CRC to checksum.
(Aug 07 2016 02:33:39,  414256 sec) Rx()                 Re-initiating transfer. [0x15]
(Aug 07 2016 02:33:50,  414267 sec) Rx()                 Switching from 16-bit CRC to checksum.
(Aug 07 2016 02:33:50,  414267 sec) Rx()                 Re-initiating transfer. [0x15]
(Aug 07 2016 02:34:01,  414278 sec) Rx()                 Switching from 16-bit CRC to checksum.
(Aug 07 2016 02:34:01,  414278 sec) Rx()                 Re-initiating transfer. [0x15]
(Aug 07 2016 02:34:12,  414289 sec) Rx()                 Switching from 16-bit CRC to checksum.
(Aug 07 2016 02:34:12,  414289 sec) Rx()                 Re-initiating transfer. [0x15]
(Aug 07 2016 02:34:23,  414300 sec) Rx()                 Switching from 16-bit CRC to checksum.
(Aug 07 2016 02:34:23,  414300 sec) Rx()                 Re-initiating transfer. [0x15]
(Aug 07 2016 02:34:23,  414300 sec) Rx()                 Attempt to read packet 1 failed.  Transfer aborted.
(Aug 07 2016 02:34:33,  414311 sec) RxConfig()           Download failed.
(Aug 07 2016 02:34:34,  414311 sec) DownLoadMissionCfg() Keeping previous version of "mission.cfg".
(Aug 07 2016 02:34:45,  414322 sec) RxConfig()           Downloading "mission.cfg" from host.
(Aug 07 2016 02:34:47,  414324 sec) Rx()                 Initiating transfer. [0x15]
(Aug 07 2016 02:34:58,  414335 sec) Rx()                 Re-initiating transfer. [0x15]
(Aug 07 2016 02:35:09,  414346 sec) Rx()                 Re-initiating transfer. [0x15]
(Aug 07 2016 02:35:20,  414357 sec) Rx()                 Re-initiating transfer. [0x15]
(Aug 07 2016 02:35:31,  414368 sec) Rx()                 Switching from 16-bit CRC to checksum.
(Aug 07 2016 02:35:31,  414368 sec) Rx()                 Re-initiating transfer. [0x15]
(Aug 07 2016 02:35:42,  414379 sec) Rx()                 Switching from 16-bit CRC to checksum.
(Aug 07 2016 02:35:42,  414379 sec) Rx()                 Re-initiating transfer. [0x15]
(Aug 07 2016 02:35:53,  414390 sec) Rx()                 Switching from 16-bit CRC to checksum.
(Aug 07 2016 02:35:53,  414390 sec) Rx()                 Re-initiating transfer. [0x15]
(Aug 07 2016 02:36:04,  414401 sec) Rx()                 Switching from 16-bit CRC to checksum.
(Aug 07 2016 02:36:04,  414401 sec) Rx()                 Re-initiating transfer. [0x15]
(Aug 07 2016 02:36:15,  414412 sec) Rx()                 Switching from 16-bit CRC to checksum.
(Aug 07 2016 02:36:15,  414412 sec) Rx()                 Re-initiating transfer. [0x15]
(Aug 07 2016 02:36:26,  414423 sec) Rx()                 Switching from 16-bit CRC to checksum.
(Aug 07 2016 02:36:26,  414423 sec) Rx()                 Re-initiating transfer. [0x15]
(Aug 07 2016 02:36:37,  414434 sec) Rx()                 Switching from 16-bit CRC to checksum.
(Aug 07 2016 02:36:37,  414434 sec) Rx()                 Re-initiating transfer. [0x15]
(Aug 07 2016 02:36:37,  414434 sec) Rx()                 Attempt to read packet 1 failed.  Transfer aborted.
(Aug 07 2016 02:36:47,  414445 sec) RxConfig()           Download failed.
(Aug 07 2016 02:36:56,  414454 sec) RxConfig()           Downloading "mission.cfg" from host.
(Aug 07 2016 02:36:58,  414456 sec) Rx()                 Initiating transfer. [0x15]
(Aug 07 2016 02:37:09,  414466 sec) Rx()                 Re-initiating transfer. [0x15]
(Aug 07 2016 02:37:20,  414477 sec) Rx()                 Re-initiating transfer. [0x15]
(Aug 07 2016 02:37:31,  414488 sec) Rx()                 Re-initiating transfer. [0x15]
(Aug 07 2016 02:37:42,  414499 sec) Rx()                 Switching from 16-bit CRC to checksum.
(Aug 07 2016 02:37:42,  414499 sec) Rx()                 Re-initiating transfer. [0x15]
(Aug 07 2016 02:37:53,  414510 sec) Rx()                 Switching from 16-bit CRC to checksum.
(Aug 07 2016 02:37:53,  414510 sec) Rx()                 Re-initiating transfer. [0x15]
(Aug 07 2016 02:38:04,  414521 sec) Rx()                 Switching from 16-bit CRC to checksum.
(Aug 07 2016 02:38:04,  414521 sec) Rx()                 Re-initiating transfer. [0x15]
(Aug 07 2016 02:38:15,  414532 sec) Rx()                 Switching from 16-bit CRC to checksum.
(Aug 07 2016 02:38:15,  414532 sec) Rx()                 Re-initiating transfer. [0x15]
(Aug 07 2016 02:38:26,  414543 sec) Rx()                 Switching from 16-bit CRC to checksum.
(Aug 07 2016 02:38:26,  414543 sec) Rx()                 Re-initiating transfer. [0x15]
(Aug 07 2016 02:38:37,  414554 sec) Rx()                 Switching from 16-bit CRC to checksum.
(Aug 07 2016 02:38:37,  414554 sec) Rx()                 Re-initiating transfer. [0x15]
(Aug 07 2016 02:38:48,  414565 sec) Rx()                 Switching from 16-bit CRC to checksum.
(Aug 07 2016 02:38:48,  414565 sec) Rx()                 Re-initiating transfer. [0x15]
(Aug 07 2016 02:38:48,  414565 sec) Rx()                 Attempt to read packet 1 failed.  Transfer aborted.
(Aug 07 2016 02:38:58,  414576 sec) RxConfig()           Download failed.
(Aug 07 2016 02:38:59,  414576 sec) DownLoadMissionCfg() Keeping previous version of "mission.cfg".
(Aug 07 2016 02:38:59,  414577 sec) WriteVitals()        Writing vitals to "7546.044.msg".
(Aug 07 2016 02:39:08,  414585 sec) UpLoadFile()         Uploading "7546.044.msg" to host as "7546.044.msg".
(Aug 07 2016 02:40:08,  414645 sec) Tx()                 CRC negotiation failed - aborting transfer.
(Aug 07 2016 02:40:18,  414656 sec) UpLoadFile()         Upload failed.
(Aug 07 2016 02:40:26,  414663 sec) UpLoadFile()         Uploading "7546.044.log" to host as "7546.044.log".
(Aug 07 2016 02:41:26,  414723 sec) Tx()                 CRC negotiation failed - aborting transfer.
(Aug 07 2016 02:41:36,  414734 sec) UpLoadFile()         Upload failed.
(Aug 07 2016 02:41:36,  414734 sec) UpLoad()             Files successfully uploaded: 0
(Aug 07 2016 02:41:36,  414734 sec) UpLoad()             Aborting upload: Retry limit [2] exceeded. Upload incomplete.
(Aug 07 2016 02:41:40,  414738 sec) logout()             Log-out successful.
(Aug 07 2016 02:41:42,  414739 sec) Telemetry()          Telemetry cycle complete: PrfId=44 ConnectionAttempts=2  Connections=2
(Aug 07 2016 02:56:57,  415654 sec) AirSystem()          Air-bladder inflation by-passed. Barometer: [126cnt, 6.5"Hg].
(Aug 07 2016 02:57:26,  415683 sec) GpsServices()        GPS almanac is current.
(Aug 07 2016 02:57:26,  415683 sec) GpsServices()        Initiating GPS fix acquisition.
(Aug 07 2016 02:58:03,  415720 sec) gga()                $GPGGA,025710,1327.1521,N,08642.8144,E,1,10,0.8,-5.2,M,-75.7,M,,*49
(Aug 07 2016 02:58:03,  415720 sec) GpsServices()        Profile 44 GPS fix obtained in 37 seconds.
(Aug 07 2016 02:58:03,  415720 sec) GpsServices()                  lon     lat mm/dd/yyyy hhmmss nsat
(Aug 07 2016 02:58:03,  415721 sec) GpsServices()        Fix:   86.714  13.453 08/07/2016 025710   10
(Aug 07 2016 02:58:33,  415750 sec) gga()                $GPGGA,025740,1327.1566,N,08642.8143,E,1,10,0.8,-3.3,M,-75.7,M,,*4F
(Aug 07 2016 02:58:38,  415756 sec) gga()                $GPGGA,025810,1327.1633,N,08642.8141,E,1,09,0.8,-3.6,M,-75.7,M,,*49
(Aug 07 2016 02:58:38,  415756 sec) GpsServices()        APF9 RTC skew (28s) OK.
(Aug 07 2016 02:58:39,  415756 sec) LogNmeaSentences()   83,41,11,42,053,47,13,07,315,36,17,48,251,46*7D
(Aug 07 2016 02:58:39,  415757 sec) LogNmeaSentences()   $GPGSV,3,3,12,19,24,233,37,22,01,114,33,23,09,162,39,28,30,328,44*70
(Aug 07 2016 02:58:48,  415766 sec) LogNmeaSentences()   $GPRMC,025820,A,1327.1641,N,08642.8141,E,001.1,247.1,070816,001.3,W*62
(Aug 07 2016 02:58:49,  415766 sec) LogNmeaSentences()   $GPGGA,025820,1327.1641,N,08642.8141,E,1,10,0.8,-5.0,M,-75.7,M,,*47
(Aug 07 2016 02:58:49,  415766 sec) LogNmeaSentences()   $GPGSA,A,3,01,,07,08,09,11,17,19,23,28,30,,1.1,0.8,0.8*33
(Aug 07 2016 02:58:49,  415767 sec) LogNmeaSentences()   $GPGSV,3,1,12,01,44,081,21,03,04,135,20,07,72,068,21,08,08,037,20*78
(Aug 07 2016 02:58:50,  415767 sec) LogNmeaSentences()   $GPGSV,3,2,12,09,27,183,21,11,42,053,22,17,48,251,21,19,24,233,20*7F
(Aug 07 2016 02:58:50,  415768 sec) LogNmeaSentences()   $GPGSV,3,3,12,23,09,162,20,28,30,328,22,30,60,356,22,06,04,203,00*73
(Aug 07 2016 02:58:58,  415776 sec) LogNmeaSentences()   $GPRMC,025830,A,1327.1660,N,08642.8143,E,002.6,039.5,070816,001.3,W*69
(Aug 07 2016 02:58:59,  415776 sec) LogNmeaSentences()   $GPGGA,025830,1327.1660,N,08642.8143,E,1,09,0.8,-4.6,M,-75.7,M,,*48
(Aug 07 2016 02:58:59,  415777 sec) LogNmeaSentences()   $GPGSA,A,3,01,,07,08,09,11,,17,19,,23,28,1.1,0.8,0.8*30
(Aug 07 2016 02:58:59,  415777 sec) LogNmeaSentences()   $GPGSV,3,1,12,01,44,081,43,03,04,135,32,07,72,068,48,08,08,037,40*76
(Aug 07 2016 02:59:00,  415777 sec) LogNmeaSentences()   $GPGSV,3,2,12,09,27,183,40,11,42,052,47,13,07,315,43,17,48,251,46*70
(Aug 07 2016 02:59:00,  415778 sec) LogNmeaSentences()   $GPGSV,3,3,12,19,24,233,42,22,01,114,27,23,09,162,38,28,30,328,44*76
(Aug 07 2016 02:59:08,  415786 sec) LogNmeaSentences()   $GPRMC,025840,A,1327.1679,N,08642.8142,E,000.6,046.1,070816,001.3,W*69
(Aug 07 2016 02:59:09,  415786 sec) LogNmeaSentences()   $GPGGA,025840,1327.1679,N,08642.8142,E,1,09,0.8,-3.4,M,-75.7,M,,*43
(Aug 07 2016 02:59:09,  415787 sec) LogNmeaSentences()   $GPGSA,A,3,01,,07,08,09,11,,17,19,,23,28,1.1,0.8,0.8*30
(Aug 07 2016 02:59:09,  415787 sec) LogNmeaSentences()   $GPGSV,3,1,12,01,44,081,42,03,04,135,41,07,72,068,46,08,08,037,42*7F
(Aug 07 2016 02:59:10,  415787 sec) LogNmeaSentences()   $GPGSV,3,2,12,09,27,183,42,11,42,052,41,13,07,315,39,17,48,251,45*7A
(Aug 07 2016 02:59:10,  415788 sec) LogNmeaSentences()   $GPGSV,3,3,12,19,24,233,40,22,01,114,26,23,08,162,45,28,30,329,39*75
(Aug 07 2016 02:59:18,  415796 sec) LogNmeaSentences()   $GPRMC,025850,A,1327.1705,N,08642.8141,E,000.0,295.0,070816,001.3,W*6A
(Aug 07 2016 02:59:19,  415796 sec) LogNmeaSentences()   $GPGGA,025850,1327.1705,N,08642.8141,E,1,10,0.8,-3.9,M,-75.7,M,,*4E
(Aug 07 2016 02:59:19,  415797 sec) LogNmeaSentences()   $GPGSA,A,3,01,,07,08,09,11,17,19,23,28,30,,1.1,0.8,0.8*33
(Aug 07 2016 02:59:19,  415797 sec) LogNmeaSentences()   $GPGSV,3,1,12,01,43,080,26,03,04,135,19,07,72,068,25,08,08,037,20*77
(Aug 07 2016 02:59:20,  415797 sec) LogNmeaSentences()   $GPGSV,3,2,12,09,27,183,24,11,42,052,25,17,48,251,24,19,24,233,22*7B
(Aug 07 2016 02:59:20,  415798 sec) LogNmeaSentences()   $GPGSV,3,3,12,23,08,162,20,28,30,329,21,30,61,356,26,06,04,203,00*75
(Aug 07 2016 02:59:28,  415806 sec) LogNmeaSentences()   $GPRMC,025900,A,1327.1724,N,08642.8141,E,001.2,342.1,070816,001.3,W*64
(Aug 07 2016 02:59:29,  415806 sec) LogNmeaSentences()   $GPGGA,025900,1327.1724,N,08642.8141,E,1,11,0.7,-1.1,M,-75.7,M,,*4D
(Aug 07 2016 02:59:29,  415807 sec) LogNmeaSentences()   $GPGSA,A,3,01,07,08,09,11,13,17,19,,23,28,30,1.0,0.7,0.7*30
(Aug 07 2016 02:59:29,  415807 sec) LogNmeaSentences()   $GPGSV,3,1,12,01,43,080,45,07,72,069,49,08,08,037,38,09,27,183,41*7B
(Aug 07 2016 02:59:30,  415807 sec) LogNmeaSentences()   $GPGSV,3,2,12,11,42,052,47,13,07,315,33,17,48,251,47,19,24,233,42*7E
(Aug 07 2016 02:59:30,  415808 sec) LogNmeaSentences()   $GPGSV,3,3,12,22,01,114,42,23,08,162,44,28,30,329,42,30,61,356,48*7A
(Aug 07 2016 02:59:30,  415808 sec) LogNmeaSentences()   $PGRMT,GPS 15x-L software ver. 3.90,,,,,,,,*7D
(Aug 07 2016 02:59:31,  415808 sec) GpsServices()        GPS services complete.
(Aug 07 2016 03:00:43,  415881 sec) CLogin()             Connecting to primary host.
(Aug 07 2016 03:01:45,  415942 sec) chat()               Expected string [CONNECT] not received.
(Aug 07 2016 03:01:45,  415942 sec) modem_connect()      Modem command [AT+CBST=71,0,1;DT0088160000573] failed.
(Aug 07 2016 03:02:12,  415969 sec) CLogin()             Connection 3 established in 89 seconds.
(Aug 07 2016 03:02:46,  416003 sec) expect()             Attempt to read prompt string [Last login:] failed.
(Aug 07 2016 03:02:46,  416003 sec) login()              Login failed.
(Aug 07 2016 03:03:16,  416033 sec) expect()             Attempt to read prompt string [login:] failed.
(Aug 07 2016 03:03:16,  416033 sec) login()              Login prompt not received.
(Aug 07 2016 03:03:46,  416063 sec) expect()             Attempt to read prompt string [login:] failed.
(Aug 07 2016 03:03:46,  416063 sec) login()              Login prompt not received.
(Aug 07 2016 03:03:46,  416063 sec) CLogin()             Attempt to login to host failed.
(Aug 07 2016 03:03:46,  416063 sec) DownLoadMissionCfg() Connect/login failed.  Mission configuration not downloaded from remote host.
(Aug 07 2016 03:03:51,  416069 sec) CLogin()             Connecting to primary host.
(Aug 07 2016 03:04:12,  416090 sec) CLogin()             Connection 4 established in 21 seconds.
(Aug 07 2016 03:04:21,  416099 sec) login()              Login successful.
(Aug 07 2016 03:04:26,  416103 sec) chat()               Expected string [cmd>] not received.
(Aug 07 2016 03:04:26,  416103 sec) login()              Attempt to set the command prompt failed.
(Aug 07 2016 03:04:27,  416104 sec) CLogin()             Logged in to host.  [Login required 15 seconds]
(Aug 07 2016 03:04:37,  416115 sec) RxConfig()           Downloading "mission.cfg" from host.
(Aug 07 2016 03:04:39,  416117 sec) Rx()                 Initiating transfer. [0x43]
(Aug 07 2016 03:04:45,  416122 sec) RxStartByte()        Sync errors encountered: 541
(Aug 07 2016 03:04:46,  416124 sec) Rx()                 Pad character [0x1a] found in ascii mode - truncating packet.
(Aug 07 2016 03:04:51,  416128 sec) Rx()                 Received EOT - transfer complete. [1 packets, 1024 bytes, 12 sec, 85.3 bps]
(Aug 07 2016 03:04:51,  416128 sec) RxConfig()           Download successful.
(Aug 07 2016 03:05:05,  416142 sec) WriteVitals()        Writing vitals to "7546.044.msg".
(Aug 07 2016 03:05:41,  416178 sec) chat()               Expected string [rx -c  7546.044.msg] not received.
(Aug 07 2016 03:05:41,  416178 sec) UpLoadFile()         Failed attempt to execute "rx -c  7546.044.msg" on the host.
(Aug 07 2016 03:05:41,  416178 sec) CLogin()             Connecting to primary host.
(Aug 07 2016 03:05:52,  416190 sec) CLogin()             Connection 5 established in 11 seconds.
(Aug 07 2016 03:06:06,  416203 sec) login()              Login successful.
(Aug 07 2016 03:06:11,  416209 sec) CLogin()             Logged in to host.  [Login required 19 seconds]
(Aug 07 2016 03:06:16,  416213 sec) UpLoadFile()         Uploading "7546.044.log" to host as "7546.044.log".
(Aug 07 2016 03:06:22,  416219 sec) Tx()                 CRC negotiation successful. [16-bit CRC]
(Aug 07 2016 03:07:18,  416276 sec) TxPacket()           NAK received - resending packet. [PktNum=0x08]
(Aug 07 2016 03:07:18,  416276 sec) TxPacket()           Packet xmit history: [00000001] (0:ok, 1:fail).
(Aug 07 2016 03:07:30,  416288 sec) TxPacket()           NAK received - resending packet. [PktNum=0x09]
(Aug 07 2016 03:07:30,  416288 sec) TxPacket()           Packet xmit history: [00000101] (0:ok, 1:fail).
(Aug 07 2016 03:07:46,  416304 sec) TxPacket()           NAK received - resending packet. [PktNum=0x0b]
(Aug 07 2016 03:07:46,  416304 sec) TxPacket()           Packet xmit history: [00101001] (0:ok, 1:fail).
(Aug 07 2016 03:08:05,  416323 sec) TxPacket()           NAK received - resending packet. [PktNum=0x0d]
(Aug 07 2016 03:08:05,  416323 sec) TxPacket()           Packet xmit history: [01001001] (0:ok, 1:fail).
(Aug 07 2016 03:08:48,  416366 sec) TxPacket()           NAK received - resending packet. [PktNum=0x12]
(Aug 07 2016 03:08:48,  416366 sec) TxPacket()           Packet xmit history: [01000001] (0:ok, 1:fail).
(Aug 07 2016 03:09:13,  416391 sec) TxPacket()           NAK received - resending packet. [PktNum=0x15]
(Aug 07 2016 03:09:13,  416391 sec) TxPacket()           Packet xmit history: [00010001] (0:ok, 1:fail).
(Aug 07 2016 03:09:22,  416400 sec) TxPacket()           NAK received - resending packet. [PktNum=0x16]
(Aug 07 2016 03:09:22,  416400 sec) TxPacket()           Packet xmit history: [01000101] (0:ok, 1:fail).
(Aug 07 2016 03:09:31,  416409 sec) Tx()                 Transmission completed successfully [22 packets, 22163 bytes, 188 sec, 119.8 bps]
(Aug 07 2016 03:09:31,  416409 sec) UpLoadFile()         Upload successful.
(Aug 07 2016 03:09:43,  416420 sec) UpLoadFile()         Uploading "7546.044.msg" to host as "7546.044.msg".
(Aug 07 2016 03:09:50,  416427 sec) Tx()                 CRC negotiation successful. [16-bit CRC]
(Aug 07 2016 03:10:02,  416440 sec) TxPacket()           NAK received - resending packet. [PktNum=0x02]
(Aug 07 2016 03:10:02,  416440 sec) TxPacket()           Packet xmit history: [00101001] (0:ok, 1:fail).
(Aug 07 2016 03:11:14,  416512 sec) TxPacket()           NAK received - resending packet. [PktNum=0x0a]
(Aug 07 2016 03:11:14,  416512 sec) TxPacket()           Packet xmit history: [00000001] (0:ok, 1:fail).
(Aug 07 2016 03:11:19,  416517 sec) TxPacket()           NAK received - resending packet. [PktNum=0x0a]
(Aug 07 2016 03:11:19,  416517 sec) TxPacket()           Packet xmit history: [00000011] (0:ok, 1:fail).
(Aug 07 2016 03:11:28,  416525 sec) TxPacket()           NAK received - resending packet. [PktNum=0x0a]


(Aug 07 2016 03:11:28) LogSize()            Log file is 38923 bytes.  Limit is 40960 bytes.

(Aug 07 2016 03:11:28,  416525 sec) TxPacket()           Packet xmit history: [00000111] (0:ok, 1:fail).
(Aug 07 2016 03:11:34,  416532 sec) TxPacket()           NAK received - resending packet. [PktNum=0x0a]
(Aug 07 2016 03:11:34,  416532 sec) TxPacket()           Packet xmit history: [00001111] (0:ok, 1:fail).
(Aug 07 2016 03:11:43,  416540 sec) TxPacket()           NAK received - resending packet. [PktNum=0x0a]
(Aug 07 2016 03:11:43,  416540 sec) TxPacket()           Packet xmit history: [00011111] (0:ok, 1:fail).
(Aug 07 2016 03:11:48,  416546 sec) TxPacket()           NAK received - resending packet. [PktNum=0x0a]
(Aug 07 2016 03:11:48,  416546 sec) TxPacket()           Packet xmit history: [00111111] (0:ok, 1:fail).
(Aug 07 2016 03:12:28,  416585 sec) TxPacket()           NAK received - resending packet. [PktNum=0x10]
(Aug 07 2016 03:12:28,  416585 sec) TxPacket()           Packet xmit history: [10000001] (0:ok, 1:fail).
(Aug 07 2016 03:12:37,  416594 sec) TxPacket()           NAK received - resending packet. [PktNum=0x10]
(Aug 07 2016 03:12:37,  416594 sec) TxPacket()           Packet xmit history: [00000011] (0:ok, 1:fail).
(Aug 07 2016 03:12:54,  416612 sec) TxPacket()           NAK received - resending packet. [PktNum=0x12]
(Aug 07 2016 03:12:54,  416612 sec) TxPacket()           Packet xmit history: [00011001] (0:ok, 1:fail).
(Aug 07 2016 03:12:59,  416617 sec) TxPacket()           NAK received - resending packet. [PktNum=0x12]
(Aug 07 2016 03:12:59,  416617 sec) TxPacket()           Packet xmit history: [00110011] (0:ok, 1:fail).
(Aug 07 2016 03:13:19,  416637 sec) TxPacket()           NAK received - resending packet. [PktNum=0x15]
(Aug 07 2016 03:13:19,  416637 sec) TxPacket()           Packet xmit history: [
<EOT>
