(Jan 27 2016 05:25:06,  413654 sec) TelemetryInit()      Profile 4. (Apf9i FwRev: 012811)
(Jan 27 2016 05:31:51,  414059 sec) AirSystem()          Battery [189cnt, 14.7V]  Current [74cnt, 29.8mA]  Barometer [126cnt, 6.5"Hg]  Run-Time [43s]
(Jan 27 2016 05:32:19,  414086 sec) GpsServices()        GPS almanac is current.
(Jan 27 2016 05:32:19,  414086 sec) GpsServices()        Initiating GPS fix acquisition.
(Jan 27 2016 05:32:30,  414097 sec) gga()                $GPGGA,053200,1402.8728,N,08444.3413,E,0,00,,,M,,M,,*52
(Jan 27 2016 05:32:40,  414107 sec) gga()                $GPGGA,053210,1402.8728,N,08444.3413,E,0,00,,,M,,M,,*53
(Jan 27 2016 05:32:47,  414114 sec) gga()                $GPGGA,053220,1402.8728,N,08444.3413,E,0,00,,,M,,M,,*50
(Jan 27 2016 05:32:57,  414124 sec) gga()                $GPGGA,053230,1402.8728,N,08444.3413,E,0,00,,,M,,M,,*51
(Jan 27 2016 05:33:25,  414153 sec) gga()                $GPGGA,053240,1350.2480,N,08429.6799,E,1,08,0.9,0.9,M,-80.4,M,,*64
(Jan 27 2016 05:33:25,  414153 sec) GpsServices()        Profile 4 GPS fix obtained in 66 seconds.
(Jan 27 2016 05:33:25,  414153 sec) GpsServices()                  lon     lat mm/dd/yyyy hhmmss nsat
(Jan 27 2016 05:33:25,  414153 sec) GpsServices()        Fix:   84.495  13.837 01/27/2016 053240    8
(Jan 27 2016 05:33:55,  414183 sec) gga()                $GPGGA,053310,1350.2470,N,08429.6786,E,1,09,0.8,0.7,M,-80.4,M,,*6F
(Jan 27 2016 05:34:01,  414188 sec) gga()                $GPGGA,053340,1350.2461,N,08429.6771,E,1,09,0.8,-1.5,M,-80.4,M,,*4C
(Jan 27 2016 05:34:01,  414189 sec) GpsServices()        APF9 RTC skew (21s) OK.
(Jan 27 2016 05:34:01,  414189 sec) LogNmeaSentences()   ,47,20,05,103,36,21,61,153,45,22,21,320,39*77
(Jan 27 2016 05:34:02,  414189 sec) LogNmeaSentences()   $GPGSV,3,3,12,24,16,041,42,25,15,122,41,27,19,272,42,31,35,196,46*7B
(Jan 27 2016 05:34:11,  414198 sec) LogNmeaSentences()   $GPRMC,053350,A,1350.2458,N,08429.6770,E,000.8,149.4,270116,001.4,W*6F
(Jan 27 2016 05:34:11,  414199 sec) LogNmeaSentences()   $GPGGA,053350,1350.2458,N,08429.6770,E,1,09,0.8,-1.5,M,-80.4,M,,*46
(Jan 27 2016 05:34:12,  414199 sec) LogNmeaSentences()   $GPGSA,A,3,,10,,14,18,,21,22,24,25,27,31,1.2,0.8,0.8*39
(Jan 27 2016 05:34:12,  414199 sec) LogNmeaSentences()   $GPGSV,3,1,12,08,04,298,36,10,41,001,48,12,03,087,30,14,54,316,50*72
(Jan 27 2016 05:34:12,  414200 sec) LogNmeaSentences()   $GPGSV,3,2,12,18,44,048,45,20,05,103,30,21,61,153,46,22,21,320,46*78
(Jan 27 2016 05:34:13,  414200 sec) LogNmeaSentences()   $GPGSV,3,3,12,24,16,041,39,25,15,122,39,27,19,272,42,31,35,196,43*7D
(Jan 27 2016 05:34:21,  414208 sec) LogNmeaSentences()   $GPRMC,053400,A,1350.2452,N,08429.6765,E,000.0,083.7,270116,001.4,W*6F
(Jan 27 2016 05:34:21,  414209 sec) LogNmeaSentences()   $GPGGA,053400,1350.2452,N,08429.6765,E,1,09,0.8,-1.5,M,-80.4,M,,*4A
(Jan 27 2016 05:34:22,  414209 sec) LogNmeaSentences()   $GPGSA,A,3,,10,,14,18,,21,22,24,25,27,31,1.2,0.8,0.8*39
(Jan 27 2016 05:34:22,  414210 sec) LogNmeaSentences()   $GPGSV,3,1,12,08,04,297,35,10,41,001,47,12,03,086,31,14,54,317,46*77
(Jan 27 2016 05:34:22,  414210 sec) LogNmeaSentences()   $GPGSV,3,2,12,18,44,048,46,20,05,103,36,21,61,153,46,22,21,320,41*7A
(Jan 27 2016 05:34:23,  414210 sec) LogNmeaSentences()   $GPGSV,3,3,12,24,16,041,39,25,15,122,41,27,19,272,42,31,35,196,47*76
(Jan 27 2016 05:34:23,  414211 sec) LogNmeaSentences()   $PGRMT,GPS 15x-L software ver. 3.90,,,,,,,,*7D
(Jan 27 2016 05:34:31,  414218 sec) LogNmeaSentences()   $GPRMC,053410,A,1350.2448,N,08429.6756,E,000.4,286.6,270116,001.4,W*67
(Jan 27 2016 05:34:31,  414219 sec) LogNmeaSentences()   $GPGGA,053410,1350.2448,N,08429.6756,E,1,10,0.8,-2.4,M,-80.4,M,,*4A
(Jan 27 2016 05:34:32,  414219 sec) LogNmeaSentences()   $GPGSA,A,3,,10,,14,18,20,21,22,24,25,27,31,1.1,0.8,0.8*38
(Jan 27 2016 05:34:32,  414219 sec) GpsServices()        GPS services complete.
(Jan 27 2016 05:34:56,  414244 sec) CLogin()             Connecting to primary host.
(Jan 27 2016 05:35:08,  414255 sec) CLogin()             Connection 1 established in 12 seconds.
(Jan 27 2016 05:35:46,  414293 sec) expect()             Attempt to read prompt string [Last login:] failed.
(Jan 27 2016 05:35:46,  414293 sec) login()              Login failed.
(Jan 27 2016 05:36:16,  414323 sec) expect()             Attempt to read prompt string [login:] failed.
(Jan 27 2016 05:36:16,  414323 sec) login()              Login prompt not received.
(Jan 27 2016 05:36:16,  414323 sec) login()              No carrier detected.
(Jan 27 2016 05:36:16,  414323 sec) CLogin()             Attempt to login to host failed.
(Jan 27 2016 05:36:16,  414324 sec) DownLoadMissionCfg() Connect/login failed.  Mission configuration not downloaded from remote host.
(Jan 27 2016 05:36:21,  414329 sec) CLogin()             Connecting to primary host.
(Jan 27 2016 05:36:40,  414348 sec) CLogin()             Connection 2 established in 19 seconds.
(Jan 27 2016 05:36:51,  414359 sec) login()              Login successful.
(Jan 27 2016 05:36:54,  414362 sec) CLogin()             Logged in to host.  [Login required 14 seconds]
(Jan 27 2016 05:37:05,  414372 sec) RxConfig()           Downloading "mission.cfg" from host.
(Jan 27 2016 05:37:07,  414375 sec) Rx()                 Initiating transfer. [0x43]
(Jan 27 2016 05:37:10,  414377 sec) RxStartByte()        Sync errors encountered: 375
(Jan 27 2016 05:37:17,  414384 sec) Rx()                 Truncated packet received - retrying.
(Jan 27 2016 05:37:18,  414386 sec) RxStartByte()        Sync errors encountered: 190
(Jan 27 2016 05:37:22,  414389 sec) Rx()                 Pad character [0x1a] found in ascii mode - truncating packet.
(Jan 27 2016 05:37:26,  414393 sec) Rx()                 Received EOT - transfer complete. [1 packets, 1024 bytes, 19 sec, 53.9 bps]
(Jan 27 2016 05:37:26,  414393 sec) RxConfig()           Download successful.
(Jan 27 2016 05:37:40,  414407 sec) WriteVitals()        Writing vitals to "7546.004.msg".
(Jan 27 2016 05:37:50,  414418 sec) UpLoadFile()         Uploading "7546.004.msg" to host as "7546.004.msg".
(Jan 27 2016 05:37:52,  414419 sec) Tx()                 CRC negotiation successful. [16-bit CRC]
(Jan 27 2016 05:38:20,  414448 sec) TxPacket()           NAK received - resending packet. [PktNum=0x05]
(Jan 27 2016 05:38:20,  414448 sec) TxPacket()           Packet xmit history: [00000001] (0:ok, 1:fail).
(Jan 27 2016 05:38:36,  414463 sec) TxPacket()           NAK received - resending packet. [PktNum=0x07]
(Jan 27 2016 05:38:36,  414464 sec) TxPacket()           Packet xmit history: [00001001] (0:ok, 1:fail).
(Jan 27 2016 05:39:37,  414524 sec) TxPacket()           NAK received - resending packet. [PktNum=0x12]
(Jan 27 2016 05:39:37,  414525 sec) TxPacket()           Packet xmit history: [00000001] (0:ok, 1:fail).
(Jan 27 2016 05:39:41,  414529 sec) TxPacket()           NAK received - resending packet. [PktNum=0x12]
(Jan 27 2016 05:39:41,  414529 sec) TxPacket()           Packet xmit history: [00000011] (0:ok, 1:fail).
(Jan 27 2016 05:40:21,  414569 sec) Tx()                 Transmission completed successfully [24 packets, 24160 bytes, 148 sec, 166.1 bps]
(Jan 27 2016 05:40:21,  414569 sec) UpLoadFile()         Upload successful.
(Jan 27 2016 05:40:26,  414574 sec) UpLoadFile()         Uploading "7546.004.log" to host as "7546.004.log".
(Jan 27 2016 05:40:28,  414576 sec) Tx()                 CRC negotiation successful. [16-bit CRC]
(Jan 27 2016 05:40:35,  414582 sec) TxPacket()           Invalid response [0x43] - resending packet. [PktNum=0x01]
(Jan 27 2016 05:40:35,  414582 sec) TxPacket()           Packet xmit history: [00000001] (0:ok, 1:fail).
(Jan 27 2016 05:41:20,  414628 sec) TxPacket()           NAK received - resending packet. [PktNum=0x08]
(Jan 27 2016 05:41:20,  414628 sec) TxPacket()           Packet xmit history: [00000001] (0:ok, 1:fail).
(Jan 27 2016 05:41:41,  414649 sec) TxPacket()           NAK received - resending packet. [PktNum=0x0b]
(Jan 27 2016 05:41:41,  414649 sec) TxPacket()           Packet xmit history: [00010001] (0:ok, 1:fail).
(Jan 27 2016 05:42:37,  414705 sec) Tx()                 Transmission completed successfully [19 packets, 18729 bytes, 128 sec, 152.0 bps]
(Jan 27 2016 05:42:37,  414705 sec) UpLoadFile()         Upload successful.
(Jan 27 2016 05:42:43,  414711 sec) UpLoad()             Files successfully uploaded: 2
(Jan 27 2016 05:42:43,  414711 sec) UpLoad()             Upload complete.
(Jan 27 2016 05:42:47,  414715 sec) logout()             Log-out successful.
(Jan 27 2016 05:42:48,  414716 sec) Telemetry()          Telemetry cycle complete: PrfId=4 ConnectionAttempts=2  Connections=2
(Jan 27 2016 05:42:49,  414717 sec) TelemetryTerminate() Parsing new mission configuration.
(Jan 27 2016 05:42:50,  414718 sec) configure()          Parsing configurators in "mission.cfg".
(Jan 27 2016 05:42:54,  414722 sec) configure()             TelemetryRetry(15)      [0x7BBC] [TelemetryRetry(15)].
(Jan 27 2016 05:42:54,  414722 sec) configure()          Configuration CRCs and syntax OK.
(Jan 27 2016 05:42:54,  414722 sec) ConfigSupervisor()   Configuration accepted.
(Jan 27 2016 05:42:55,  414722 sec) TelemetryTerminate() Reconditioning the file system.
(Jan 27 2016 05:43:04,       7 sec) DescentInit()        Deep profile 5 initiated at mission-time 414725sec.
(Jan 27 2016 05:43:07,      10 sec) DescentInit()        Surface pressure: 0.2dbars.
(Jan 27 2016 05:43:12,      15 sec) PistonMoveAbsWTO()    176->048 175 174 173 172 171 170 169 168 167 166 165 164 163 162 161 160 159 158 157 156 155 154 153 152 151 150 149 148 147 146 145 144 143 142 141 140 139 138 137 136 135 134 133 132 131 130 129 128 127 126 125 124 123 122 121 120 119 118 117 116 115 114 113 112 111 110 109 108 107 106 105 104 103 102 101 100 099 098 097 096 095 094 093 092 091 090 089 088 087 086 085 084 083 082 081 080 079 078 077 076 075 074 073 072 071 070 069 068 067 066 065 064 063 062 061 060 059 058 057 056 055 054 053 052 051 050 049 048 [657sec, 14.6Volts, 0.129Amps, CPT:657sec]
(Jan 27 2016 05:54:09,     672 sec) PistonMoveAbsWTO()    048->000 047 046 045 044 043 042 041 040 039 038 037 036 035 034 033 032 031 030 029 028 027 026 025 024 023 022 021 020 019 018 017 016 015 014 013 012 011 010 009 [199sec, 14.7Volts, 0.125Amps, CPT:856sec]
(Jan 27 2016 05:57:38,     881 sec) Descent()            Pressure: 87.5
(Jan 27 2016 06:43:01,    3604 sec) Descent()            Pressure: 396.1
(Jan 27 2016 07:43:01,    7204 sec) Descent()            Pressure: 870.3
(Jan 27 2016 07:43:01,    7204 sec) PistonMoveAbsWTO()    009->048 010 011 012 013 014 015 016 017 018 019 020 021 022 023 024 025 026 027 028 029 030 031 032 033 034 035 036 037 038 039 040 041 042 043 044 045 046 047 048 [215sec, 14.1Volts, 0.415Amps, CPT:1071sec]
(Jan 27 2016 08:43:01,   10804 sec) Descent()            Pressure: 912.7
(Jan 27 2016 09:43:01,   14404 sec) Descent()            Pressure: 942.0
(Jan 27 2016 10:43:01,   18004 sec) Descent()            Pressure: 958.1
(Jan 27 2016 10:43:01,   18004 sec) ParkInit()           
(Jan 27 2016 12:43:30,   25233 sec) Park()               ParkPOutOfBand[-3, 976.1 dbars]: retract piston.
(Jan 27 2016 12:43:31,   25234 sec) PistonMoveAbsWTO()    048->047 047 [1sec, 15.1Volts, 0.089Amps, CPT:1072sec]
(Jan 28 2016 05:43:30,   86433 sec) Park()               ParkPOutOfBand[3, 1011.7 dbars]: extend piston.
(Jan 28 2016 05:43:31,   86434 sec) PistonMoveAbsWTO()    047->048 048 [1sec, 14.7Volts, 0.479Amps, CPT:1073sec]
(Jan 28 2016 12:43:30,  111633 sec) Park()               ParkPOutOfBand[3, 1010.6 dbars]: extend piston.
(Jan 28 2016 12:43:31,  111634 sec) PistonMoveAbsWTO()    048->049 049 [5sec, 14.7Volts, 0.467Amps, CPT:1078sec]
(Jan 28 2016 18:43:30,  133233 sec) Park()               ParkPOutOfBand[-3, 986.2 dbars]: retract piston.
(Jan 28 2016 18:43:31,  133234 sec) PistonMoveAbsWTO()    049->048 048 [2sec, 15.1Volts, 0.093Amps, CPT:1080sec]
(Jan 31 2016 01:43:31,  331234 sec) Park()               ParkPOutOfBand[3, 1012.4 dbars]: extend piston.
(Jan 31 2016 01:43:32,  331235 sec) PistonMoveAbsWTO()    048->049 049 [3sec, 14.7Volts, 0.475Amps, CPT:1083sec]
(Jan 31 2016 13:43:22,  374425 sec) CtdPower()           [  999.51,  6.7411, 34.9374]
(Jan 31 2016 13:43:22,  374425 sec) CtdPower()           CTD Power consumption [196VCnt 10ACnt]: 15.193Volts * 0.040Amps = 0.61Watts.
(Jan 31 2016 13:43:23,  374426 sec) ParkTerminate()      Piston Position:49 Vacuum:80 Vq:197 Aq:6 Vsbe:196 Asbe:10
(Jan 31 2016 13:43:50,  374453 sec) ParkTerminate()      PTS: 999.8dbars 6.7415C 34.9365PSU
(Jan 31 2016 13:43:51,  374454 sec) GoDeepInit()         Moving piston.
(Jan 31 2016 13:43:51,  374454 sec) PistonMoveAbsWTO()    049->012 048 047 046 045 044 043 042 041 040 039 038 037 036 035 034 033 032 031 030 029 028 027 026 025 024 023 022 021 020 019 018 017 016 015 014 013 012 [182sec, 14.8Volts, 0.068Amps, CPT:1265sec]
(Jan 31 2016 18:43:01,  392404 sec) ProfileInit()        PrfId:005  Pressure:1970.1dbar  pTable[1]:1950dbar
(Jan 31 2016 18:44:31,  392493 sec) Sbe41cpStartCP()     Continuous profile started.
(Jan 31 2016 18:44:31,  392494 sec) PistonMoveAbsWTO()    012->034 013 014 015 016 017 [30sec, 14.1Volts, 0.802Amps, CPT:1295sec]
(Jan 31 2016 18:45:12,  392535 sec) PistonMoveAbsWTO()    017->034 018 019 020 021 022 [30sec, 13.8Volts, 0.778Amps, CPT:1325sec]
(Jan 31 2016 18:45:52,  392575 sec) PistonMoveAbsWTO()    022->034 023 024 025 026 027 [30sec, 13.6Volts, 0.766Amps, CPT:1355sec]
(Jan 31 2016 18:46:33,  392616 sec) PistonMoveAbsWTO()    027->034 028 029 030 031 [30sec, 13.6Volts, 0.774Amps, CPT:1385sec]
(Jan 31 2016 18:47:14,  392657 sec) PistonMoveAbsWTO()    031->034 032 033 034 [16sec, 13.6Volts, 0.766Amps, CPT:1401sec]
(Jan 31 2016 19:33:20,  395423 sec) AscentControlAgent() Bouyancy nudge to 44 (v=0.077dbar/sec).
(Jan 31 2016 19:33:20,  395423 sec) PistonMoveAbsWTO()    034->044 035 036 037 038 039 [30sec, 14.0Volts, 0.685Amps, CPT:1431sec]
(Jan 31 2016 19:34:00,  395463 sec) PistonMoveAbsWTO()    039->044 040 041 042 043 [30sec, 13.7Volts, 0.725Amps, CPT:1461sec]
(Jan 31 2016 19:34:41,  395504 sec) PistonMoveAbsWTO()    043->044 044 [2sec, 13.8Volts, 0.681Amps, CPT:1463sec]
(Jan 31 2016 20:25:43,  398566 sec) AscentControlAgent() Bouyancy nudge to 54 (v=0.079dbar/sec).
(Jan 31 2016 20:25:43,  398566 sec) PistonMoveAbsWTO()    044->054 045 046 047 048 049 [30sec, 14.0Volts, 0.596Amps, CPT:1493sec]
(Jan 31 2016 20:26:23,  398606 sec) PistonMoveAbsWTO()    049->054 050 051 052 053 054 [30sec, 13.8Volts, 0.580Amps, CPT:1523sec]
(Jan 31 2016 20:57:30,  400473 sec) AscentControlAgent() Bouyancy nudge to 64 (v=0.076dbar/sec).
(Jan 31 2016 20:57:30,  400473 sec) PistonMoveAbsWTO()    054->064 055 056 057 058 059 [30sec, 14.1Volts, 0.528Amps, CPT:1553sec]
(Jan 31 2016 20:58:10,  400513 sec) PistonMoveAbsWTO()    059->064 060 061 062 063 064 [30sec, 13.9Volts, 0.544Amps, CPT:1583sec]
(Jan 31 2016 21:49:40,  403603 sec) AscentControlAgent() Bouyancy nudge to 74 (v=0.080dbar/sec).
(Jan 31 2016 21:49:40,  403603 sec) PistonMoveAbsWTO()    064->074 065 066 067 068 069 [30sec, 14.2Volts, 0.431Amps, CPT:1613sec]
(Jan 31 2016 21:50:20,  403643 sec) PistonMoveAbsWTO()    069->074 070 071 072 073 074 [27sec, 14.0Volts, 0.451Amps, CPT:1640sec]
(Jan 31 2016 23:42:59,  410402 sec) AscentControlAgent() Bouyancy nudge to 84 (v=0.078dbar/sec).
(Jan 31 2016 23:42:59,  410402 sec) PistonMoveAbsWTO()    074->084 075 076 077 078 079 [30sec, 14.5Volts, 0.210Amps, CPT:1670sec]
(Jan 31 2016 23:43:39,  410442 sec) PistonMoveAbsWTO()    079->084 080 081 082 083 084 [23sec, 14.5Volts, 0.193Amps, CPT:1693sec]
(Jan 31 2016 23:49:08,  410771 sec) AscentControlAgent() Bouyancy nudge to 94 (v=0.080dbar/sec).
(Jan 31 2016 23:49:08,  410771 sec) PistonMoveAbsWTO()    084->094 085 086 087 088 089 [30sec, 14.5Volts, 0.193Amps, CPT:1723sec]
(Jan 31 2016 23:49:48,  410811 sec) PistonMoveAbsWTO()    089->094 090 091 092 093 094 [23sec, 14.4Volts, 0.197Amps, CPT:1746sec]
(Jan 31 2016 23:55:17,  411140 sec) AscentControlAgent() Bouyancy nudge to 104 (v=0.061dbar/sec).
(Jan 31 2016 23:55:17,  411140 sec) PistonMoveAbsWTO()    094->104 095 096 097 098 099 [30sec, 14.5Volts, 0.193Amps, CPT:1776sec]
(Jan 31 2016 23:55:57,  411180 sec) PistonMoveAbsWTO()    099->104 100 101 102 103 104 [24sec, 14.4Volts, 0.189Amps, CPT:1800sec]
(Feb 01 2016 00:01:27,  411510 sec) AscentControlAgent() Bouyancy nudge to 114 (v=0.049dbar/sec).
(Feb 01 2016 00:01:27,  411510 sec) PistonMoveAbsWTO()    104->114 105 106 107 108 109 [30sec, 14.5Volts, 0.189Amps, CPT:1830sec]
(Feb 01 2016 00:02:07,  411550 sec) PistonMoveAbsWTO()    109->114 110 111 112 113 114 [22sec, 14.5Volts, 0.185Amps, CPT:1852sec]
(Feb 01 2016 00:07:36,  411879 sec) AscentControlAgent() Bouyancy nudge to 124 (v=0.033dbar/sec).
(Feb 01 2016 00:07:36,  411879 sec) PistonMoveAbsWTO()    114->124 115 116 117 118 119 [30sec, 14.5Volts, 0.193Amps, CPT:1882sec]
(Feb 01 2016 00:08:16,  411919 sec) PistonMoveAbsWTO()    119->124 120 121 122 123 124 [22sec, 14.5Volts, 0.177Amps, CPT:1904sec]
(Feb 01 2016 00:13:45,  412248 sec) AscentControlAgent() Bouyancy nudge to 134 (v=0.018dbar/sec).
(Feb 01 2016 00:13:45,  412248 sec) PistonMoveAbsWTO()    124->134 125 126 127 128 129 [30sec, 14.6Volts, 0.177Amps, CPT:1934sec]
(Feb 01 2016 00:14:25,  412288 sec) PistonMoveAbsWTO()    129->134 130 131 132 133 134 [22sec, 14.5Volts, 0.177Amps, CPT:1956sec]
(Feb 01 2016 00:19:54,  412617 sec) AscentControlAgent() Bouyancy nudge to 144 (v=0.033dbar/sec).
(Feb 01 2016 00:19:54,  412617 sec) PistonMoveAbsWTO()    134->144 135 136 137 138 139 [30sec, 14.6Volts, 0.177Amps, CPT:1986sec]
(Feb 01 2016 00:20:34,  412657 sec) PistonMoveAbsWTO()    140->144 141 142 143 144 [22sec, 14.6Volts, 0.177Amps, CPT:2008sec]
(Feb 01 2016 00:26:02,  412985 sec) AscentControlAgent() Bouyancy nudge to 154 (v=0.069dbar/sec).
(Feb 01 2016 00:26:02,  412985 sec) PistonMoveAbsWTO()    144->154 145 146 147 148 149 [30sec, 14.7Volts, 0.161Amps, CPT:2038sec]
(Feb 01 2016 00:26:42,  413025 sec) PistonMoveAbsWTO()    149->154 150 151 152 153 154 [22sec, 14.6Volts, 0.161Amps, CPT:2060sec]
(Feb 01 2016 00:31:29,  413312 sec) SurfaceDetect()      SurfacePressure:0.2dbars Pressure:3.5dbars PistonPosition:154
(Feb 01 2016 00:31:30,  413313 sec) Sbe41cpStopCP()      Continuous profile stopped.
(Feb 01 2016 00:31:36,  413319 sec) PistonMoveAbsWTO()    154->176 155 156 157 158 159 160 161 162 163 164 165 166 167 168 169 170 171 172 173 174 175 176 [114sec, 14.6Volts, 0.141Amps, CPT:2174sec]
(Feb 01 2016 00:33:40,  413442 sec) sbe41cp.c:chat()     Expected string [S>] not received.
(Feb 01 2016 00:38:19,  413722 sec) Sbe41cpBinAverage()  Finished averaging 20850 samples in 275 seconds.
(Feb 01 2016 00:38:24,  413727 sec) Sbe41cpUploadCP()    Sbe41cpSerNo[7258] NSample[20850] NBin[986]
(Feb 01 2016 00:40:09,  413832 sec) Sbe41cpUploadCP()    Continuous profile uploaded [986 lines].

<EOT>
