(May 02 2016 06:03:31,  411235 sec) TelemetryInit()      Profile 24. (Apf9i FwRev: 012811)
(May 02 2016 06:10:10,  411635 sec) AirSystem()          Battery [190cnt, 14.7V]  Current [72cnt, 29.0mA]  Barometer [127cnt, 6.8"Hg]  Run-Time [41s]
(May 02 2016 06:10:39,  411663 sec) GpsServices()        GPS almanac is current.
(May 02 2016 06:10:39,  411664 sec) GpsServices()        Initiating GPS fix acquisition.
(May 02 2016 06:10:48,  411673 sec) gga()                $GPGGA,061030,1418.6878,N,08630.2350,E,0,00,,,M,,M,,*5D
(May 02 2016 06:10:57,  411682 sec) gga()                $GPGGA,061040,1418.6878,N,08630.2350,E,0,00,,,M,,M,,*5A
(May 02 2016 06:11:04,  411689 sec) gga()                $GPGGA,061040,1418.6878,N,08630.2350,E,0,00,,,M,,M,,*5A
(May 02 2016 06:11:10,  411695 sec) gga()                $GPGGA,061050,1418.6878,N,08630.2350,E,0,00,,,M,,M,,*5B
(May 02 2016 06:11:16,  411701 sec) gga()                $GPGGA,061100,1418.6878,N,08630.2350,E,0,00,,,M,,M,,*5F
(May 02 2016 06:11:43,  411728 sec) gga()                $GPGGA,061110,1415.5777,N,08636.0477,E,1,08,1.0,-3.7,M,-75.1,M,,*47
(May 02 2016 06:11:43,  411728 sec) GpsServices()        Profile 24 GPS fix obtained in 64 seconds.
(May 02 2016 06:11:43,  411728 sec) GpsServices()                  lon     lat mm/dd/yyyy hhmmss nsat
(May 02 2016 06:11:43,  411728 sec) GpsServices()        Fix:   86.601  14.260 05/02/2016 061110    8
(May 02 2016 06:12:13,  411758 sec) gga()                $GPGGA,061140,1415.5749,N,08636.0509,E,1,10,0.9,-11.8,M,-75.1,M,,*7A
(May 02 2016 06:12:19,  411763 sec) gga()                $GPGGA,061210,1415.5730,N,08636.0540,E,1,10,0.9,-15.1,M,-75.1,M,,*72
(May 02 2016 06:12:19,  411764 sec) GpsServices()        APF9 RTC skew (9s) OK.
(May 02 2016 06:12:19,  411764 sec) LogNmeaSentences()   ,328,47,11,21,171,41,16,25,027,43,22,20,181,42*71
(May 02 2016 06:12:19,  411764 sec) LogNmeaSentences()   $GPGSV,3,3,12,23,74,343,49,27,49,071,49,28,04,233,30,26,03,041,00*7F
(May 02 2016 06:12:28,  411773 sec) LogNmeaSentences()   $GPRMC,061220,A,1415.5724,N,08636.0553,E,000.0,102.7,020516,001.3,W*68
(May 02 2016 06:12:29,  411774 sec) LogNmeaSentences()   $GPGGA,061220,1415.5724,N,08636.0553,E,1,10,0.9,-14.9,M,-75.1,M,,*7F
(May 02 2016 06:12:29,  411774 sec) LogNmeaSentences()   $GPGSA,A,3,01,03,07,08,09,11,16,22,23,27,,,1.2,0.9,0.8*37
(May 02 2016 06:12:30,  411774 sec) LogNmeaSentences()   $GPGSV,3,1,12,01,07,181,36,03,32,209,43,07,16,311,41,08,62,132,48*7B
(May 02 2016 06:12:30,  411775 sec) LogNmeaSentences()   $GPGSV,3,2,12,09,42,328,46,11,21,171,40,16,25,027,43,22,20,181,41*72
(May 02 2016 06:12:30,  411775 sec) LogNmeaSentences()   $GPGSV,3,3,12,23,74,343,49,27,49,071,49,28,04,233,34,26,03,041,00*7B
(May 02 2016 06:12:38,  411783 sec) LogNmeaSentences()   $GPRMC,061230,A,1415.5713,N,08636.0557,E,000.9,148.8,020516,001.3,W*61
(May 02 2016 06:12:39,  411784 sec) LogNmeaSentences()   $GPGGA,061230,1415.5713,N,08636.0557,E,1,10,0.9,-15.0,M,-75.1,M,,*76
(May 02 2016 06:12:39,  411784 sec) LogNmeaSentences()   $GPGSA,A,3,01,03,07,08,09,11,16,22,23,27,,,1.2,0.9,0.8*37
(May 02 2016 06:12:40,  411784 sec) LogNmeaSentences()   $GPGSV,3,1,12,01,07,181,27,03,32,209,39,07,16,311,38,08,62,131,48*7B
(May 02 2016 06:12:40,  411785 sec) LogNmeaSentences()   $GPGSV,3,2,12,09,42,328,44,11,21,171,40,16,25,027,43,22,20,181,40*71
(May 02 2016 06:12:40,  411785 sec) LogNmeaSentences()   $GPGSV,3,3,12,23,74,343,45,27,49,071,48,28,04,233,18,26,03,041,00*78
(May 02 2016 06:12:48,  411793 sec) LogNmeaSentences()   $GPRMC,061240,A,1415.5712,N,08636.0569,E,001.7,099.6,020516,001.3,W*66
(May 02 2016 06:12:49,  411794 sec) LogNmeaSentences()   $GPGGA,061240,1415.5712,N,08636.0569,E,1,10,0.9,-14.7,M,-75.1,M,,*7B
(May 02 2016 06:12:49,  411794 sec) LogNmeaSentences()   $GPGSA,A,3,01,03,07,08,09,11,16,22,23,27,,,1.2,0.9,0.8*37
(May 02 2016 06:12:50,  411794 sec) LogNmeaSentences()   $GPGSV,3,1,12,01,07,181,40,03,32,209,44,07,16,311,42,08,62,131,47*72
(May 02 2016 06:12:50,  411795 sec) LogNmeaSentences()   $GPGSV,3,2,12,09,42,328,45,11,21,171,41,16,25,027,43,22,20,181,42*73
(May 02 2016 06:12:50,  411795 sec) LogNmeaSentences()   $GPGSV,3,3,12,23,74,343,47,27,49,071,47,28,04,233,36,26,02,042,00*7B
(May 02 2016 06:12:58,  411803 sec) LogNmeaSentences()   $GPRMC,061250,A,1415.5701,N,08636.0580,E,000.0,105.9,020516,001.3,W*6F
(May 02 2016 06:12:59,  411804 sec) LogNmeaSentences()   $GPGGA,061250,1415.5701,N,08636.0580,E,1,10,0.9,-15.9,M,-75.1,M,,*70
(May 02 2016 06:12:59,  411804 sec) LogNmeaSentences()   $GPGSA,A,3,01,03,07,08,09,11,16,22,23,27,,,1.2,0.9,0.8*37
(May 02 2016 06:13:00,  411804 sec) LogNmeaSentences()   $GPGSV,3,1,12,01,07,181,40,03,32,209,41,07,16,311,42,08,62,131,49*79
(May 02 2016 06:13:00,  411805 sec) LogNmeaSentences()   $GPGSV,3,2,12,09,42,328,44,11,21,171,43,16,25,027,44,22,20,181,43*76
(May 02 2016 06:13:00,  411805 sec) LogNmeaSentences()   $GPGSV,3,3,12,23,74,343,47,27,49,070,49,28,04,233,32,26,02,042,00*70
(May 02 2016 06:13:08,  411813 sec) LogNmeaSentences()   $GPRMC,061300,A,1415.5693,N,08636.0593,E,001.7,072.3,020516,001.3,W*6E
(May 02 2016 06:13:09,  411814 sec) LogNmeaSentences()   $GPGGA,061300,1415.5693,N,08636.0593,E,1,10,0.9,-15.9,M,-75.1,M,,*7C
(May 02 2016 06:13:09,  411814 sec) LogNmeaSentences()   $GPGSA,A,3,01,03,07,08,09,11,16,22,23,27,,,1.2,0.9,0.8*37
(May 02 2016 06:13:10,  411814 sec) LogNmeaSentences()   $GPGSV,3,1,12,01,07,181,23,03,32,209,32,07,16,311,31,08,62,131,42*77
(May 02 2016 06:13:10,  411815 sec) LogNmeaSentences()   $GPGSV,3,2,12,09,42,328,44,11,21,170,26,16,25,027,42,22,20,181,26*71
(May 02 2016 06:13:10,  411815 sec) LogNmeaSentences()   $GPGSV,3,3,12,23,74,343,47,27,49,070,46,28,04,233,25,26,02,042,00*79
(May 02 2016 06:13:11,  411815 sec) LogNmeaSentences()   $PGRMT,GPS 15x-L software ver. 3.90,,,,,,,,*7D
(May 02 2016 06:13:11,  411816 sec) GpsServices()        GPS services complete.
(May 02 2016 06:13:35,  411840 sec) CLogin()             Connecting to primary host.
(May 02 2016 06:13:51,  411856 sec) CLogin()             Connection 1 established in 16 seconds.
(May 02 2016 06:14:21,  411885 sec) expect()             Attempt to read prompt string [login:] failed.
(May 02 2016 06:14:21,  411885 sec) login()              Login prompt not received.
(May 02 2016 06:14:29,  411894 sec) login()              Login successful.
(May 02 2016 06:14:33,  411898 sec) CLogin()             Logged in to host.  [Login required 42 seconds]
(May 02 2016 06:14:41,  411906 sec) RxConfig()           Downloading "mission.cfg" from host.
(May 02 2016 06:14:43,  411908 sec) Rx()                 Initiating transfer. [0x43]
(May 02 2016 06:14:51,  411916 sec) Rx()                 Pad character [0x1a] found in ascii mode - truncating packet.
(May 02 2016 06:14:56,  411920 sec) Rx()                 Received EOT - transfer complete. [1 packets, 1024 bytes, 13 sec, 78.8 bps]
(May 02 2016 06:14:56,  411920 sec) RxConfig()           Download successful.
(May 02 2016 06:15:10,  411934 sec) WriteVitals()        Writing vitals to "7546.024.msg".
(May 02 2016 06:15:18,  411943 sec) UpLoadFile()         Uploading "7546.024.msg" to host as "7546.024.msg".
(May 02 2016 06:15:20,  411945 sec) Tx()                 CRC negotiation successful. [16-bit CRC]
(May 02 2016 06:15:35,  411959 sec) TxPacket()           NAK received - resending packet. [PktNum=0x02]
(May 02 2016 06:15:35,  411959 sec) TxPacket()           Packet xmit history: [11100001] (0:ok, 1:fail).
(May 02 2016 06:15:57,  411982 sec) TxPacket()           NAK received - resending packet. [PktNum=0x04]
(May 02 2016 06:15:57,  411982 sec) TxPacket()           Packet xmit history: [00001001] (0:ok, 1:fail).
(May 02 2016 06:16:21,  412005 sec) TxPacket()           NAK received - resending packet. [PktNum=0x0a]
(May 02 2016 06:16:21,  412006 sec) TxPacket()           Packet xmit history: [10000001] (0:ok, 1:fail).
(May 02 2016 06:16:25,  412010 sec) TxPacket()           NAK received - resending packet. [PktNum=0x0a]
(May 02 2016 06:16:25,  412010 sec) TxPacket()           Packet xmit history: [00000011] (0:ok, 1:fail).
(May 02 2016 06:16:32,  412016 sec) TxPacket()           Packet xmit history: [00000110] (0:ok, 1:fail).
(May 02 2016 06:17:33,  412077 sec) TxPacket()           Timeout - resending packet. [PktNum=0x0a]
(May 02 2016 06:17:33,  412077 sec) TxPacket()           Packet xmit history: [00001101] (0:ok, 1:fail).
(May 02 2016 06:17:37,  412082 sec) TxPacket()           Invalid response [0x5e] - resending packet. [PktNum=0x0a]
(May 02 2016 06:17:37,  412082 sec) TxPacket()           Packet xmit history: [00011011] (0:ok, 1:fail).
(May 02 2016 06:17:38,  412083 sec) TxPacket()           Invalid response [0x38] - resending packet. [PktNum=0x0a]
(May 02 2016 06:17:38,  412083 sec) TxPacket()           Packet xmit history: [00110111] (0:ok, 1:fail).
(May 02 2016 06:17:40,  412085 sec) TxPacket()           Invalid response [0x6e] - resending packet. [PktNum=0x0a]
(May 02 2016 06:17:40,  412085 sec) TxPacket()           Packet xmit history: [01101111] (0:ok, 1:fail).
(May 02 2016 06:17:43,  412088 sec) TxPacket()           Invalid response [0x6f] - resending packet. [PktNum=0x0a]
(May 02 2016 06:17:44,  412089 sec) TxPacket()           Packet xmit history: [11011111] (0:ok, 1:fail).
(May 02 2016 06:17:45,  412090 sec) TxPacket()           Invalid response [0x6d] - resending packet. [PktNum=0x0a]
(May 02 2016 06:17:46,  412090 sec) TxPacket()           Packet xmit history: [10111111] (0:ok, 1:fail).
(May 02 2016 06:17:46,  412091 sec) TxPacket()           Invalid response [0x34] - resending packet. [PktNum=0x0a]
(May 02 2016 06:17:47,  412092 sec) TxPacket()           Packet xmit history: [01111111] (0:ok, 1:fail).
(May 02 2016 06:17:47,  412092 sec) TxPacket()           Exit status: -5
(May 02 2016 06:17:47,  412092 sec) Tx()                 Packet transmission failed - aborting transfer.
(May 02 2016 06:17:58,  412103 sec) UpLoadFile()         Upload failed.
(May 02 2016 06:18:31,  412135 sec) chat()               Expected string [rx -c  7546.024.log] not received.
(May 02 2016 06:18:31,  412135 sec) UpLoadFile()         Failed attempt to execute "rx -c  7546.024.log" on the host.
(May 02 2016 06:18:31,  412136 sec) UpLoad()             Files successfully uploaded: 0
(May 02 2016 06:18:31,  412136 sec) UpLoad()             Aborting upload: Retry limit [2] exceeded. Upload incomplete.
(May 02 2016 06:18:37,  412141 sec) chat()               Expected string [logout] not received.
(May 02 2016 06:18:37,  412141 sec) logout()             Attempt to log-out failed.
(May 02 2016 06:18:37,  412141 sec) logout()             No carrier detected.
(May 02 2016 06:18:37,  412142 sec) Telemetry()          Telemetry cycle complete: PrfId=24 ConnectionAttempts=1  Connections=1
(May 02 2016 06:33:51,  413056 sec) AirSystem()          Air-bladder inflation by-passed. Barometer: [125cnt, 6.2"Hg].
(May 02 2016 06:34:21,  413085 sec) GpsServices()        GPS almanac is current.
(May 02 2016 06:34:21,  413085 sec) GpsServices()        Initiating GPS fix acquisition.
(May 02 2016 06:34:53,  413118 sec) gga()                $GPGGA,063420,1415.4907,N,08636.2037,E,1,11,0.8,-17.0,M,-75.1,M,,*7A
(May 02 2016 06:34:54,  413118 sec) GpsServices()        Profile 24 GPS fix obtained in 32 seconds.
(May 02 2016 06:34:54,  413118 sec) GpsServices()                  lon     lat mm/dd/yyyy hhmmss nsat
(May 02 2016 06:34:54,  413119 sec) GpsServices()        Fix:   86.603  14.258 05/02/2016 063420   11
(May 02 2016 06:35:23,  413148 sec) gga()                $GPGGA,063450,1415.4878,N,08636.2072,E,1,11,0.8,-12.7,M,-75.1,M,,*77
(May 02 2016 06:35:29,  413153 sec) gga()                $GPGGA,063520,1415.4864,N,08636.2108,E,1,11,0.8,-11.9,M,-75.1,M,,*7D
(May 02 2016 06:35:29,  413154 sec) GpsServices()        APF9 RTC skew (9s) OK.
(May 02 2016 06:35:29,  413154 sec) LogNmeaSentences()   52,324,45,11,26,163,37,16,17,032,38,22,13,174,35*78
(May 02 2016 06:35:29,  413154 sec) LogNmeaSentences()   $GPGSV,3,3,12,23,86,325,47,27,44,056,39,28,10,241,37,30,03,299,24*72
(May 02 2016 06:35:38,  413163 sec) LogNmeaSentences()   $GPRMC,063530,A,1415.4856,N,08636.2119,E,000.0,042.2,020516,001.3,W*6F
(May 02 2016 06:35:39,  413164 sec) LogNmeaSentences()   $GPGGA,063530,1415.4856,N,08636.2119,E,1,11,0.8,-12.0,M,-75.1,M,,*77
(May 02 2016 06:35:39,  413164 sec) LogNmeaSentences()   $GPGSA,A,3,01,03,07,08,09,11,16,22,23,27,28,,1.1,0.8,0.7*30
(May 02 2016 06:35:40,  413164 sec) LogNmeaSentences()   $GPGSV,3,1,12,01,10,173,40,03,25,200,43,07,20,320,42,08,67,106,49*79
(May 02 2016 06:35:40,  413165 sec) LogNmeaSentences()   $GPGSV,3,2,12,09,52,324,46,11,26,163,43,16,17,032,40,22,13,174,41*74
(May 02 2016 06:35:40,  413165 sec) LogNmeaSentences()   $GPGSV,3,3,12,23,86,325,49,27,44,056,46,28,10,241,41,30,03,299,34*74
(May 02 2016 06:35:48,  413173 sec) LogNmeaSentences()   $GPRMC,063540,A,1415.4849,N,08636.2131,E,000.0,105.1,020516,001.3,W*6D
(May 02 2016 06:35:49,  413174 sec) LogNmeaSentences()   $GPGGA,063540,1415.4849,N,08636.2131,E,1,11,0.8,-11.5,M,-75.1,M,,*72
(May 02 2016 06:35:49,  413174 sec) LogNmeaSentences()   $GPGSA,A,3,01,03,07,08,09,11,16,22,23,27,28,,1.1,0.8,0.7*30
(May 02 2016 06:35:50,  413174 sec) LogNmeaSentences()   $GPGSV,3,1,12,01,10,173,38,03,25,200,40,07,20,320,42,08,68,105,50*71
(May 02 2016 06:35:50,  413175 sec) LogNmeaSentences()   $GPGSV,3,2,12,09,52,323,46,11,27,163,42,16,17,032,43,22,13,174,41*70
(May 02 2016 06:35:50,  413175 sec) LogNmeaSentences()   $GPGSV,3,3,12,23,86,325,51,27,44,056,45,28,10,241,39,30,03,299,35*70
(May 02 2016 06:35:58,  413183 sec) LogNmeaSentences()   $GPRMC,063550,A,1415.4844,N,08636.2140,E,000.9,224.9,020516,001.3,W*66
(May 02 2016 06:35:59,  413184 sec) LogNmeaSentences()   $GPGGA,063550,1415.4844,N,08636.2140,E,1,11,0.8,-12.0,M,-75.1,M,,*7E
(May 02 2016 06:35:59,  413184 sec) LogNmeaSentences()   $GPGSA,A,3,01,03,07,08,09,11,16,22,23,27,28,,1.1,0.8,0.8*3F
(May 02 2016 06:36:00,  413184 sec) LogNmeaSentences()   $GPGSV,3,1,11,01,10,173,30,03,25,200,35,07,20,320,33,08,68,105,45*7A
(May 02 2016 06:36:00,  413185 sec) LogNmeaSentences()   $GPGSV,3,2,11,09,52,323,48,11,27,163,42,16,17,032,29,22,13,174,38*7F
(May 02 2016 06:36:00,  413185 sec) LogNmeaSentences()   $GPGSV,3,3,11,23,86,323,48,27,44,056,44,28,10,241,30*41
(May 02 2016 06:36:08,  413193 sec) LogNmeaSentences()   $GPRMC,063600,A,1415.4838,N,08636.2152,E,001.6,099.0,020516,001.3,W*6B
(May 02 2016 06:36:09,  413194 sec) LogNmeaSentences()   $GPGGA,063600,1415.4838,N,08636.2152,E,1,11,0.8,-13.2,M,-75.1,M,,*73
(May 02 2016 06:36:09,  413194 sec) LogNmeaSentences()   $GPGSA,A,3,01,03,07,08,09,11,16,22,23,27,28,,1.1,0.8,0.7*30
(May 02 2016 06:36:10,  413194 sec) LogNmeaSentences()   $GPGSV,3,1,12,01,10,173,40,03,25,200,42,07,20,320,43,08,68,105,49*75
(May 02 2016 06:36:10,  413195 sec) LogNmeaSentences()   $GPGSV,3,2,12,09,52,323,48,11,27,163,44,16,17,032,43,22,13,174,41*78
(May 02 2016 06:36:10,  413195 sec) LogNmeaSentences()   $GPGSV,3,3,12,23,86,323,48,27,44,056,48,28,10,241,38,30,03,300,35*73
(May 02 2016 06:36:11,  413195 sec) LogNmeaSentences()   $PGRMT,GPS 15x-L software ver. 3.90,,,,,,,,*7D
(May 02 2016 06:36:11,  413196 sec) GpsServices()        GPS services complete.
(May 02 2016 06:36:35,  413220 sec) CLogin()             Connecting to primary host.
(May 02 2016 06:36:54,  413238 sec) CLogin()             Connection 2 established in 19 seconds.
(May 02 2016 06:37:26,  413270 sec) expect()             Attempt to read prompt string [Last login:] failed.
(May 02 2016 06:37:26,  413270 sec) login()              Login failed.
(May 02 2016 06:37:56,  413300 sec) expect()             Attempt to read prompt string [login:] failed.
(May 02 2016 06:37:56,  413300 sec) login()              Login prompt not received.
(May 02 2016 06:38:26,  413330 sec) expect()             Attempt to read prompt string [login:] failed.
(May 02 2016 06:38:26,  413330 sec) login()              Login prompt not received.
(May 02 2016 06:38:26,  413330 sec) CLogin()             Attempt to login to host failed.
(May 02 2016 06:38:26,  413331 sec) DownLoadMissionCfg() Connect/login failed.  Mission configuration not downloaded from remote host.
(May 02 2016 06:38:31,  413336 sec) CLogin()             Connecting to primary host.
(May 02 2016 06:38:52,  413357 sec) CLogin()             Connection 3 established in 21 seconds.
(May 02 2016 06:39:03,  413368 sec) login()              Login successful.
(May 02 2016 06:39:09,  413373 sec) chat()               Expected string [cmd>] not received.
(May 02 2016 06:39:09,  413373 sec) login()              Attempt to set the command prompt failed.
(May 02 2016 06:39:14,  413379 sec) CLogin()             Logged in to host.  [Login required 22 seconds]
(May 02 2016 06:39:25,  413389 sec) RxConfig()           Downloading "mission.cfg" from host.
(May 02 2016 06:39:27,  413392 sec) Rx()                 Initiating transfer. [0x43]
(May 02 2016 06:39:32,  413397 sec) RxStartByte()        Sync errors encountered: 454
(May 02 2016 06:39:34,  413398 sec) Rx()                 Pad character [0x1a] found in ascii mode - truncating packet.
(May 02 2016 06:39:38,  413402 sec) Rx()                 Received EOT - transfer complete. [1 packets, 1024 bytes, 11 sec, 93.1 bps]
(May 02 2016 06:39:38,  413402 sec) RxConfig()           Download successful.
(May 02 2016 06:39:52,  413416 sec) WriteVitals()        Writing vitals to "7546.024.msg".
(May 02 2016 06:40:00,  413425 sec) UpLoadFile()         Uploading "7546.024.msg" to host as "7546.024.msg".
(May 02 2016 06:40:05,  413429 sec) Tx()                 CRC negotiation successful. [16-bit CRC]
(May 02 2016 06:40:10,  413435 sec) TxPacket()           NAK received - resending packet. [PktNum=0x01]
(May 02 2016 06:40:11,  413435 sec) TxPacket()           Packet xmit history: [01110001] (0:ok, 1:fail).
(May 02 2016 06:40:49,  413474 sec) TxPacket()           NAK received - resending packet. [PktNum=0x07]
(May 02 2016 06:40:50,  413474 sec) TxPacket()           Packet xmit history: [10000001] (0:ok, 1:fail).
(May 02 2016 06:41:42,  413527 sec) TxPacket()           NAK received - resending packet. [PktNum=0x0e]
(May 02 2016 06:41:42,  413527 sec) TxPacket()           Packet xmit history: [00000001] (0:ok, 1:fail).
(May 02 2016 06:41:47,  413531 sec) TxPacket()           NAK received - resending packet. [PktNum=0x0e]
(May 02 2016 06:41:47,  413531 sec) TxPacket()           Packet xmit history: [00000011] (0:ok, 1:fail).
(May 02 2016 06:42:13,  413557 sec) TxPacket()           NAK received - resending packet. [PktNum=0x12]
(May 02 2016 06:42:13,  413557 sec) TxPacket()           Packet xmit history: [01100001] (0:ok, 1:fail).
(May 02 2016 06:42:39,  413583 sec) TxPacket()           NAK received - resending packet. [PktNum=0x15]
(May 02 2016 06:42:39,  413583 sec) TxPacket()           Packet xmit history: [00010001] (0:ok, 1:fail).
(May 02 2016 06:43:21,  413626 sec) Tx()                 Transmission completed successfully [26 packets, 25397 bytes, 195 sec, 131.9 bps]
(May 02 2016 06:43:22,  413626 sec) UpLoadFile()         Upload successful.
(May 02 2016 06:43:29,  413634 sec) UpLoadFile()         Uploading "7546.024.log" to host as "7546.024.log".
(May 02 2016 06:43:31,  413636 sec) Tx()                 CRC negotiation successful. [16-bit CRC]
(May 02 2016 06:44:47,  413711 sec) TxPacket()           NAK received - resending packet. [PktNum=0x0e]
(May 02 2016 06:44:47,  413711 sec) TxPacket()           Packet xmit history: [00000001] (0:ok, 1:fail).
(May 02 2016 06:45:13,  413737 sec) TxPacket()           NAK received - resending packet. [PktNum=0x11]
(May 02 2016 06:45:13,  413738 sec) TxPacket()           Packet xmit history: [00010001] (0:ok, 1:fail).
(May 02 2016 06:45:36,  413760 sec) TxPacket()           NAK received - resending packet. [PktNum=0x14]
(May 02 2016 06:45:36,  413760 sec) TxPacket()           Packet xmit history: [00010001] (0:ok, 1:fail).
(May 02 2016 06:45:47,  413771 sec) Tx()                 Transmission completed successfully [20 packets, 19943 bytes, 135 sec, 151.7 bps]
(May 02 2016 06:45:47,  413772 sec) UpLoadFile()         Upload successful.
(May 02 2016 06:45:53,  413778 sec) UpLoad()             Files successfully uploaded: 2
(May 02 2016 06:45:53,  413778 sec) UpLoad()             Upload complete.
(May 02 2016 06:45:58,  413782 sec) chat()               Expected string [cmd>] not received.
(May 02 2016 06:45:58,  413782 sec) logout()             Can't get command prompt.
(May 02 2016 06:45:59,  413784 sec) logout()             Log-out successful.
(May 02 2016 06:46:01,  413785 sec) Telemetry()          Telemetry cycle complete: PrfId=24 ConnectionAttempts=3  Connections=3
(May 02 2016 06:46:01,  413786 sec) TelemetryTerminate() Parsing new mission configuration.
(May 02 2016 06:46:02,  413787 sec) configure()          Parsing configurators in "mission.cfg".
(May 02 2016 06:46:06,  413791 sec) configure()             TelemetryRetry(15)      [0x7BBC] [TelemetryRetry(15)].
(May 02 2016 06:46:07,  413791 sec) configure()          Configuration CRCs and syntax OK.
(May 02 2016 06:46:07,  413791 sec) ConfigSupervisor()   Configuration accepted.
(May 02 2016 06:46:07,  413792 sec) TelemetryTerminate() Reconditioning the file system.
(May 02 2016 06:46:18,       7 sec) DescentInit()        Deep profile 25 initiated at mission-time 413796sec.
(May 02 2016 06:46:21,      10 sec) DescentInit()        Surface pressure: -0.0dbars.
(May 02 2016 06:46:26,      15 sec) PistonMoveAbsWTO()    195->049 194 193 192 191 190 189 188 187 186 185 184 183 182 181 180 179 178 177 176 175 174 173 172 171 170 169 168 167 166 165 164 163 162 161 160 159 158 157 156 155 154 153 152 151 150 149 148 147 146 145 144 143 142 141 140 139 138 137 136 135 134 133 132 131 130 129 128 127 126 125 124 123 122 121 120 119 118 117 116 115 114 113 112 111 110 109 108 107 106 105 104 103 102 101 100 099 098 097 096 095 094 093 092 091 090 089 088 087 086 085 084 083 082 081 080 079 078 077 076 075 074 073 072 071 070 069 068 067 066 065 064 063 062 061 060 059 058 057 056 055 054 053 052 051 050 049 [739sec, 14.7Volts, 0.137Amps, CPT:739sec]
(May 02 2016 06:58:45,     754 sec) PistonMoveAbsWTO()    049->000 048 047 046 045 044 043 042 041 040 039 038 037 036 035 034 033 032 031 030 029 028 027 026 025 024 023 022 021 020 019 018 017 016 015 014 013 012 011 010 009 [201sec, 14.7Volts, 0.129Amps, CPT:940sec]
(May 02 2016 07:02:17,     966 sec) Descent()            Pressure: 95.9
(May 02 2016 07:46:15,    3604 sec) Descent()            Pressure: 392.0
(May 02 2016 08:46:15,    7204 sec) Descent()            Pressure: 868.9
(May 02 2016 08:46:15,    7204 sec) PistonMoveAbsWTO()    009->049 010 011 012 013 014 015 016 017 018 019 020 021 022 023 024 025 026 027 028 029 030 031 032 033 034 035 036 037 038 039 040 041 042 043 044 045 046 047 048 049 [221sec, 14.0Volts, 0.419Amps, CPT:1161sec]
(May 02 2016 09:46:15,   10804 sec) Descent()            Pressure: 887.9
(May 02 2016 10:46:15,   14404 sec) Descent()            Pressure: 922.3
(May 02 2016 11:46:15,   18004 sec) Descent()            Pressure: 940.2
(May 02 2016 11:46:15,   18004 sec) ParkInit()           
(May 02 2016 13:46:44,   25233 sec) Park()               ParkPOutOfBand[-3, 954.1 dbars]: retract piston.
(May 02 2016 13:46:45,   25234 sec) PistonMoveAbsWTO()    049->048 048 [1sec, 14.7Volts, 0.097Amps, CPT:1162sec]
(May 02 2016 16:46:44,   36033 sec) Park()               ParkPOutOfBand[-3, 980.5 dbars]: retract piston.
(May 02 2016 16:46:45,   36034 sec) PistonMoveAbsWTO()    048->047 047 [5sec, 14.7Volts, 0.089Amps, CPT:1167sec]
(May 02 2016 19:46:44,   46833 sec) Park()               ParkPOutOfBand[3, 1025.1 dbars]: extend piston.
(May 02 2016 19:46:45,   46834 sec) PistonMoveAbsWTO()    047->048 048 [2sec, 14.4Volts, 0.459Amps, CPT:1169sec]
(May 02 2016 22:46:44,   57633 sec) Park()               ParkPOutOfBand[3, 1014.9 dbars]: extend piston.
(May 02 2016 22:46:45,   57634 sec) PistonMoveAbsWTO()    048->049 049 [5sec, 14.5Volts, 0.479Amps, CPT:1174sec]
(May 04 2016 00:46:45,  151233 sec) Park()               ParkPOutOfBand[3, 1014.2 dbars]: extend piston.
(May 04 2016 00:46:45,  151234 sec) PistonMoveAbsWTO()    049->050 050 [6sec, 14.3Volts, 0.467Amps, CPT:1180sec]
(May 04 2016 03:46:45,  162034 sec) Park()               ParkPOutOfBand[-3, 979.1 dbars]: retract piston.
(May 04 2016 03:46:45,  162034 sec) PistonMoveAbsWTO()    050->049 049 [2sec, 14.7Volts, 0.101Amps, CPT:1182sec]
(May 06 2016 14:46:36,  374425 sec) CtdPower()           [ 1003.08,  6.9003, 34.9495]
(May 06 2016 14:46:36,  374425 sec) CtdPower()           CTD Power consumption [191VCnt 10ACnt]: 14.806Volts * 0.040Amps = 0.60Watts.
(May 06 2016 14:46:37,  374426 sec) ParkTerminate()      Piston Position:49 Vacuum:80 Vq:196 Aq:5 Vsbe:191 Asbe:10
(May 06 2016 14:47:04,  374453 sec) ParkTerminate()      PTS: 1002.9dbars 6.8997C 34.9500PSU
(May 06 2016 14:47:05,  374454 sec) GoDeepInit()         Moving piston.
(May 06 2016 14:47:05,  374454 sec) PistonMoveAbsWTO()    049->012 048 047 046 045 044 043 042 041 040 039 038 037 036 035 034 033 032 031 030 029 028 027 026 025 024 023 022 021 020 019 018 017 016 015 014 013 012 [186sec, 14.7Volts, 0.081Amps, CPT:1368sec]
(May 06 2016 19:46:15,  392404 sec) ProfileInit()        PrfId:025  Pressure:1984.6dbar  pTable[1]:1950dbar
(May 06 2016 19:47:45,  392493 sec) Sbe41cpStartCP()     Continuous profile started.
(May 06 2016 19:47:45,  392494 sec) PistonMoveAbsWTO()    012->034 013 014 015 016 017 [30sec, 13.8Volts, 0.806Amps, CPT:1398sec]
(May 06 2016 19:48:26,  392535 sec) PistonMoveAbsWTO()    017->034 018 019 020 021 022 [30sec, 13.6Volts, 0.782Amps, CPT:1428sec]
(May 06 2016 19:49:06,  392575 sec) PistonMoveAbsWTO()    022->034 023 024 025 026 [30sec, 13.4Volts, 0.790Amps, CPT:1458sec]
(May 06 2016 19:49:47,  392616 sec) PistonMoveAbsWTO()    026->034 027 028 029 030 031 [30sec, 13.3Volts, 0.790Amps, CPT:1488sec]
(May 06 2016 19:50:27,  392656 sec) PistonMoveAbsWTO()    031->034 032 033 034 [20sec, 13.3Volts, 0.794Amps, CPT:1508sec]
(May 06 2016 20:51:55,  396344 sec) AscentControlAgent() Bouyancy nudge to 44 (v=0.076dbar/sec).
(May 06 2016 20:51:55,  396344 sec) PistonMoveAbsWTO()    034->044 035 036 037 038 [30sec, 13.8Volts, 0.661Amps, CPT:1538sec]
(May 06 2016 20:52:35,  396384 sec) PistonMoveAbsWTO()    039->044 040 041 042 043 [30sec, 13.6Volts, 0.665Amps, CPT:1568sec]
(May 06 2016 20:53:16,  396425 sec) PistonMoveAbsWTO()    043->044 044 [2sec, 13.6Volts, 0.685Amps, CPT:1570sec]
(May 06 2016 21:23:55,  398264 sec) AscentControlAgent() Bouyancy nudge to 54 (v=0.077dbar/sec).
(May 06 2016 21:23:55,  398264 sec) PistonMoveAbsWTO()    044->054 045 046 047 048 049 [30sec, 13.9Volts, 0.596Amps, CPT:1600sec]
(May 06 2016 21:24:35,  398304 sec) PistonMoveAbsWTO()    049->054 050 051 052 053 [30sec, 13.6Volts, 0.653Amps, CPT:1630sec]
(May 06 2016 21:25:16,  398345 sec) PistonMoveAbsWTO()    053->054 054 [1sec, 13.7Volts, 0.600Amps, CPT:1631sec]
(May 06 2016 22:06:05,  400794 sec) AscentControlAgent() Bouyancy nudge to 64 (v=0.078dbar/sec).
(May 06 2016 22:06:05,  400794 sec) PistonMoveAbsWTO()    054->064 055 056 057 058 059 [30sec, 14.0Volts, 0.544Amps, CPT:1661sec]
(May 06 2016 22:06:45,  400834 sec) PistonMoveAbsWTO()    059->064 060 061 062 063 064 [30sec, 13.8Volts, 0.536Amps, CPT:1691sec]
(May 06 2016 22:58:15,  403924 sec) AscentControlAgent() Bouyancy nudge to 74 (v=0.077dbar/sec).
(May 06 2016 22:58:15,  403924 sec) PistonMoveAbsWTO()    064->074 065 066 067 068 069 [30sec, 14.0Volts, 0.451Amps, CPT:1721sec]
(May 06 2016 22:58:55,  403964 sec) PistonMoveAbsWTO()    069->074 070 071 072 073 074 [28sec, 13.9Volts, 0.451Amps, CPT:1749sec]
(May 07 2016 00:51:35,  410724 sec) AscentControlAgent() Bouyancy nudge to 84 (v=0.051dbar/sec).
(May 07 2016 00:51:35,  410724 sec) PistonMoveAbsWTO()    074->084 075 076 077 078 079 [30sec, 14.4Volts, 0.214Amps, CPT:1779sec]
(May 07 2016 00:52:15,  410764 sec) PistonMoveAbsWTO()    079->084 080 081 082 083 084 [24sec, 14.3Volts, 0.205Amps, CPT:1803sec]
(May 07 2016 00:57:45,  411094 sec) AscentControlAgent() Bouyancy nudge to 94 (v=0.062dbar/sec).
(May 07 2016 00:57:45,  411094 sec) PistonMoveAbsWTO()    084->094 085 086 087 088 089 [30sec, 14.3Volts, 0.201Amps, CPT:1833sec]
(May 07 2016 00:58:25,  411134 sec) PistonMoveAbsWTO()    089->094 090 091 092 093 094 [24sec, 14.3Volts, 0.197Amps, CPT:1857sec]
(May 07 2016 01:03:55,  411464 sec) AscentControlAgent() Bouyancy nudge to 104 (v=0.041dbar/sec).
(May 07 2016 01:03:55,  411464 sec) PistonMoveAbsWTO()    094->104 095 096 097 098 099 [30sec, 14.3Volts, 0.201Amps, CPT:1887sec]
(May 07 2016 01:04:35,  411504 sec) PistonMoveAbsWTO()    099->104 100 101 102 103 104 [24sec, 14.3Volts, 0.193Amps, CPT:1911sec]
(May 07 2016 01:10:05,  411834 sec) AscentControlAgent() Bouyancy nudge to 114 (v=0.024dbar/sec).
(May 07 2016 01:10:05,  411834 sec) PistonMoveAbsWTO()    104->114 105 106 107 108 109 [30sec, 14.4Volts, 0.193Amps, CPT:1941sec]
(May 07 2016 01:10:45,  411874 sec) PistonMoveAbsWTO()    109->114 110 111 112 113 114 [23sec, 14.3Volts, 0.193Amps, CPT:1964sec]
(May 07 2016 01:16:14,  412203 sec) AscentControlAgent() Bouyancy nudge to 124 (v=0.012dbar/sec).
(May 07 2016 01:16:14,  412203 sec) PistonMoveAbsWTO()    114->124 115 116 117 118 119 [30sec, 14.4Volts, 0.201Amps, CPT:1994sec]
(May 07 2016 01:16:54,  412243 sec) PistonMoveAbsWTO()    119->124 120 121 122 123 124 [23sec, 14.3Volts, 0.189Amps, CPT:2017sec]
(May 07 2016 01:22:23,  412572 sec) AscentControlAgent() Bouyancy nudge to 134 (v=0.020dbar/sec).
(May 07 2016 01:22:23,  412572 sec) PistonMoveAbsWTO()    124->134 125 126 127 128 129 [30sec, 14.4Volts, 0.189Amps, CPT:2047sec]
(May 07 2016 01:23:03,  412612 sec) PistonMoveAbsWTO()    129->134 130 131 132 133 134 [23sec, 14.4Volts, 0.193Amps, CPT:2070sec]
(May 07 2016 01:28:32,  412941 sec) AscentControlAgent() Bouyancy nudge to 144 (v=0.035dbar/sec).
(May 07 2016 01:28:32,  412941 sec) PistonMoveAbsWTO()    134->144 135 136 137 138 139 [30sec, 14.5Volts, 0.185Amps, CPT:2100sec]
(May 07 2016 01:29:12,  412981 sec) PistonMoveAbsWTO()    140->144 141 142 143 144 [22sec, 14.4Volts, 0.185Amps, CPT:2122sec]
(May 07 2016 01:34:41,  413310 sec) AscentControlAgent() Bouyancy nudge to 154 (v=0.018dbar/sec).
(May 07 2016 01:34:41,  413310 sec) PistonMoveAbsWTO()    144->154 145 146 147 148 149 [30sec, 14.5Volts, 0.181Amps, CPT:2152sec]
(May 07 2016 01:35:21,  413350 sec) PistonMoveAbsWTO()    149->154 150 151 152 153 154 [22sec, 14.4Volts, 0.181Amps, CPT:2174sec]
(May 07 2016 01:40:50,  413679 sec) AscentControlAgent() Bouyancy nudge to 164 (v=0.050dbar/sec).
(May 07 2016 01:40:50,  413679 sec) PistonMoveAbsWTO()    154->164 155 156 157 158 159 [30sec, 14.5Volts, 0.173Amps, CPT:2204sec]
(May 07 2016 01:41:30,  413719 sec) PistonMoveAbsWTO()    159->164 160 161 162 163 164 [22sec, 14.5Volts, 0.169Amps, CPT:2226sec]
(May 07 2016 01:52:54,  414403 sec) SurfaceDetect()      SurfacePressure:-0.0dbars Pressure:3.7dbars PistonPosition:164
(May 07 2016 01:52:55,  414404 sec) Sbe41cpStopCP()      Continuous profile stopped.
(May 07 2016 01:53:01,  414410 sec) PistonMoveAbsWTO()    164->186 165 166 167 168 169 170 171 172 173 174 175 176 177 178 179 180 181 182 183 184 185 186 [113sec, 14.6Volts, 0.137Amps, CPT:2339sec]
(May 07 2016 01:55:04,  414532 sec) sbe41cp.c:chat()     Expected string [S>] not received.
(May 07 2016 01:59:55,  414824 sec) Sbe41cpBinAverage()  Finished averaging 21941 samples in 287 seconds.
(May 07 2016 02:00:00,  414829 sec) Sbe41cpUploadCP()    Sbe41cpSerNo[7258] NSample[21941] NBin[993]
(May 07 2016 02:01:47,  414936 sec) Sbe41cpUploadCP()    Continuous profile uploaded [993 lines].

<EOT>
