(Mar 11 2017 12:32:58,  412696 sec) TelemetryInit()      Profile 89. (Apf9i FwRev: 012811)
(Mar 11 2017 12:39:50,  413108 sec) AirSystem()          Battery [188cnt, 14.6V]  Current [72cnt, 29.0mA]  Barometer [127cnt, 6.8"Hg]  Run-Time [46s]
(Mar 11 2017 12:40:34,  413152 sec) GpsServices()        GPS almanac is current.
(Mar 11 2017 12:40:34,  413152 sec) GpsServices()        Initiating GPS fix acquisition.
(Mar 11 2017 12:40:48,  413166 sec) gga()                $GPGGA,124030,1027.9157,N,08201.7793,E,0,00,,,M,,M,,*56
(Mar 11 2017 12:40:55,  413173 sec) gga()                $GPGGA,124040,1027.9157,N,08201.7793,E,0,00,,,M,,M,,*51
(Mar 11 2017 12:41:05,  413183 sec) gga()                $GPGGA,124050,1027.9157,N,08201.7793,E,0,00,,,M,,M,,*50
(Mar 11 2017 12:41:15,  413193 sec) gga()                $GPGGA,124100,1027.9157,N,08201.7793,E,0,00,,,M,,M,,*54
(Mar 11 2017 12:41:21,  413199 sec) gga()                $GPGGA,124100,1027.9157,N,08201.7793,E,0,00,,,M,,M,,*54
(Mar 11 2017 12:41:27,  413205 sec) gga()                $GPGGA,124110,1027.9157,N,08201.7793,E,0,00,,,M,,M,,*55
(Mar 11 2017 12:41:35,  413213 sec) gga()                $GPGGA,124120,1027.9157,N,08201.7793,E,0,00,,,M,,M,,*56
(Mar 11 2017 12:42:03,  413241 sec) gga()                $GPGGA,124130,1038.6305,N,08214.4406,E,1,10,0.8,-4.4,M,-92.9,M,,*4F
(Mar 11 2017 12:42:03,  413241 sec) GpsServices()        Profile 89 GPS fix obtained in 89 seconds.
(Mar 11 2017 12:42:03,  413241 sec) GpsServices()                  lon     lat mm/dd/yyyy hhmmss nsat
(Mar 11 2017 12:42:04,  413242 sec) GpsServices()        Fix:   82.241  10.644 03/11/2017 124130   10
(Mar 11 2017 12:42:33,  413271 sec) gga()                $GPGGA,124200,1038.6326,N,08214.4518,E,1,10,0.8,-5.1,M,-92.9,M,,*44
(Mar 11 2017 12:42:39,  413277 sec) gga()                $GPGGA,124230,1038.6345,N,08214.4623,E,1,10,0.8,-5.1,M,-92.9,M,,*49
(Mar 11 2017 12:42:39,  413277 sec) GpsServices()        APF9 RTC skew (9s) OK.
(Mar 11 2017 12:42:39,  413277 sec) LogNmeaSentences()   7,29,11,24,043,33,13,15,306,28,17,58,281,44*72
(Mar 11 2017 12:42:40,  413278 sec) LogNmeaSentences()   $GPGSV,3,3,11,19,42,249,33,28,32,351,32,30,66,008,46*4C
(Mar 11 2017 12:42:49,  413287 sec) LogNmeaSentences()   $GPRMC,124240,A,1038.6353,N,08214.4660,E,001.2,092.0,110317,001.8,W*63
(Mar 11 2017 12:42:49,  413287 sec) LogNmeaSentences()   $GPGGA,124240,1038.6353,N,08214.4660,E,1,10,0.8,-5.1,M,-92.9,M,,*4E
(Mar 11 2017 12:42:50,  413288 sec) LogNmeaSentences()   $GPGSA,A,3,01,,06,07,09,11,13,17,19,28,30,,1.2,0.8,0.8*3D
(Mar 11 2017 12:42:50,  413288 sec) LogNmeaSentences()   $GPGSV,3,1,11,01,34,061,47,03,04,118,34,06,21,196,40,07,58,111,49*78
(Mar 11 2017 12:42:50,  413288 sec) LogNmeaSentences()   $GPGSV,3,2,11,09,23,177,41,11,24,043,43,13,15,306,40,17,58,281,47*76
(Mar 11 2017 12:42:51,  413289 sec) LogNmeaSentences()   $GPGSV,3,3,11,19,42,249,45,28,32,351,45,30,66,008,49*42
(Mar 11 2017 12:42:59,  413297 sec) LogNmeaSentences()   $GPRMC,124250,A,1038.6362,N,08214.4698,E,000.8,108.0,110317,001.8,W*6E
(Mar 11 2017 12:42:59,  413297 sec) LogNmeaSentences()   $GPGGA,124250,1038.6362,N,08214.4698,E,1,10,0.8,-4.8,M,-92.9,M,,*42
(Mar 11 2017 12:43:00,  413298 sec) LogNmeaSentences()   $GPGSA,A,3,01,,06,07,09,11,13,17,19,28,30,,1.2,0.8,0.8*3D
(Mar 11 2017 12:43:00,  413298 sec) LogNmeaSentences()   $GPGSV,3,1,11,01,34,061,45,03,04,118,37,06,21,196,40,07,58,112,49*7A
(Mar 11 2017 12:43:00,  413298 sec) LogNmeaSentences()   $GPGSV,3,2,11,09,23,177,41,11,24,043,43,13,15,306,41,17,58,281,49*79
(Mar 11 2017 12:43:01,  413299 sec) LogNmeaSentences()   $GPGSV,3,3,11,19,42,249,45,28,32,351,45,30,66,008,50*4A
(Mar 11 2017 12:43:09,  413307 sec) LogNmeaSentences()   $GPRMC,124300,A,1038.6368,N,08214.4733,E,001.4,091.9,110317,001.8,W*65
(Mar 11 2017 12:43:09,  413307 sec) LogNmeaSentences()   $GPGGA,124300,1038.6368,N,08214.4733,E,1,10,0.8,-4.7,M,-92.9,M,,*43
(Mar 11 2017 12:43:10,  413308 sec) LogNmeaSentences()   $GPGSA,A,3,01,,06,07,09,11,13,17,19,28,30,,1.2,0.8,0.8*3D
(Mar 11 2017 12:43:10,  413308 sec) LogNmeaSentences()   $GPGSV,3,1,11,01,34,061,47,03,04,118,34,06,21,196,38,07,58,112,49*74
(Mar 11 2017 12:43:10,  413308 sec) LogNmeaSentences()   $GPGSV,3,2,11,09,23,177,39,11,24,043,42,13,15,306,42,17,58,281,50*7C
(Mar 11 2017 12:43:11,  413309 sec) LogNmeaSentences()   $GPGSV,3,3,11,19,42,250,44,28,32,351,45,30,66,008,51*42
(Mar 11 2017 12:43:11,  413309 sec) LogNmeaSentences()   $PGRMT,GPS 15x-L software ver. 3.90,,,,,,,,*7D
(Mar 11 2017 12:43:11,  413309 sec) GpsServices()        GPS services complete.
(Mar 11 2017 12:43:59,  413357 sec) CLogin()             Connecting to primary host.
(Mar 11 2017 12:44:24,  413382 sec) CLogin()             Connection 1 established in 25 seconds.
(Mar 11 2017 12:44:33,  413391 sec) login()              Login successful.
(Mar 11 2017 12:44:37,  413395 sec) CLogin()             Logged in to host.  [Login required 13 seconds]
(Mar 11 2017 12:44:45,  413403 sec) RxConfig()           Downloading "mission.cfg" from host.
(Mar 11 2017 12:44:47,  413405 sec) Rx()                 Initiating transfer. [0x43]
(Mar 11 2017 12:44:53,  413411 sec) Rx()                 Pad character [0x1a] found in ascii mode - truncating packet.
(Mar 11 2017 12:44:58,  413415 sec) Rx()                 Received EOT - transfer complete. [1 packets, 1024 bytes, 11 sec, 93.1 bps]
(Mar 11 2017 12:44:58,  413416 sec) RxConfig()           Download successful.
(Mar 11 2017 12:45:12,  413430 sec) WriteVitals()        Writing vitals to "7546.089.msg".
(Mar 11 2017 12:45:20,  413438 sec) UpLoadFile()         Uploading "7546.089.msg" to host as "7546.089.msg".
(Mar 11 2017 12:45:22,  413440 sec) Tx()                 CRC negotiation successful. [16-bit CRC]
(Mar 11 2017 12:45:46,  413464 sec) TxPacket()           NAK received - resending packet. [PktNum=0x04]
(Mar 11 2017 12:45:46,  413464 sec) TxPacket()           Packet xmit history: [10000001] (0:ok, 1:fail).
(Mar 11 2017 12:46:19,  413497 sec) TxPacket()           NAK received - resending packet. [PktNum=0x09]
(Mar 11 2017 12:46:19,  413497 sec) TxPacket()           Packet xmit history: [01000001] (0:ok, 1:fail).
(Mar 11 2017 12:46:56,  413534 sec) TxPacket()           NAK received - resending packet. [PktNum=0x0f]
(Mar 11 2017 12:46:56,  413534 sec) TxPacket()           Packet xmit history: [10000001] (0:ok, 1:fail).
(Mar 11 2017 12:47:02,  413540 sec) TxPacket()           NAK received - resending packet. [PktNum=0x0f]
(Mar 11 2017 12:47:02,  413540 sec) TxPacket()           Packet xmit history: [00000011] (0:ok, 1:fail).
(Mar 11 2017 12:47:18,  413556 sec) TxPacket()           NAK received - resending packet. [PktNum=0x11]
(Mar 11 2017 12:47:18,  413556 sec) TxPacket()           Packet xmit history: [00011001] (0:ok, 1:fail).
(Mar 11 2017 12:48:07,  413605 sec) Tx()                 Transmission completed successfully [24 packets, 24550 bytes, 164 sec, 149.9 bps]
(Mar 11 2017 12:48:07,  413605 sec) UpLoadFile()         Upload successful.
(Mar 11 2017 12:48:12,  413610 sec) UpLoadFile()         Uploading "7546.089.log" to host as "7546.089.log".
(Mar 11 2017 12:48:15,  413613 sec) Tx()                 CRC negotiation successful. [16-bit CRC]
(Mar 11 2017 12:49:01,  413659 sec) TxPacket()           NAK received - resending packet. [PktNum=0x08]
(Mar 11 2017 12:49:01,  413659 sec) TxPacket()           Packet xmit history: [00000001] (0:ok, 1:fail).
(Mar 11 2017 12:49:35,  413693 sec) TxPacket()           NAK received - resending packet. [PktNum=0x0d]
(Mar 11 2017 12:49:35,  413693 sec) TxPacket()           Packet xmit history: [01000001] (0:ok, 1:fail).
(Mar 11 2017 12:49:55,  413713 sec) TxPacket()           NAK received - resending packet. [PktNum=0x0f]
(Mar 11 2017 12:49:55,  413713 sec) TxPacket()           Packet xmit history: [00001001] (0:ok, 1:fail).
(Mar 11 2017 12:50:00,  413718 sec) TxPacket()           NAK received - resending packet. [PktNum=0x0f]
(Mar 11 2017 12:50:00,  413718 sec) TxPacket()           Packet xmit history: [00010011] (0:ok, 1:fail).
(Mar 11 2017 12:50:27,  413745 sec) TxPacket()           NAK received - resending packet. [PktNum=0x13]
(Mar 11 2017 12:50:27,  413745 sec) TxPacket()           Packet xmit history: [01100001] (0:ok, 1:fail).
(Mar 11 2017 12:50:36,  413754 sec) Tx()                 Transmission completed successfully [19 packets, 19248 bytes, 140 sec, 139.0 bps]
(Mar 11 2017 12:50:36,  413754 sec) UpLoadFile()         Upload successful.
(Mar 11 2017 12:50:42,  413760 sec) UpLoad()             Files successfully uploaded: 2
(Mar 11 2017 12:50:43,  413760 sec) UpLoad()             Upload complete.
(Mar 11 2017 12:50:47,  413765 sec) logout()             Log-out successful.
(Mar 11 2017 12:50:48,  413766 sec) Telemetry()          Telemetry cycle complete: PrfId=89 ConnectionAttempts=1  Connections=1
(Mar 11 2017 12:50:48,  413766 sec) TelemetryTerminate() Parsing new mission configuration.
(Mar 11 2017 12:50:50,  413768 sec) configure()          Parsing configurators in "mission.cfg".
(Mar 11 2017 12:50:54,  413772 sec) configure()             TelemetryRetry(15)      [0x7BBC] [TelemetryRetry(15)].
(Mar 11 2017 12:50:54,  413772 sec) configure()          Configuration CRCs and syntax OK.
(Mar 11 2017 12:50:54,  413772 sec) ConfigSupervisor()   Configuration accepted.
(Mar 11 2017 12:50:54,  413772 sec) TelemetryTerminate() Reconditioning the file system.
(Mar 11 2017 12:51:04,       7 sec) DescentInit()        Deep profile 90 initiated at mission-time 413775sec.
(Mar 11 2017 12:51:06,      10 sec) DescentInit()        Surface pressure: -0.3dbars.
(Mar 11 2017 12:51:11,      15 sec) PistonMoveAbsWTO()    176->050 175 174 173 172 171 170 169 168 167 166 165 164 163 162 161 160 159 158 157 156 155 154 153 152 151 150 149 148 147 146 145 144 143 142 141 140 139 138 137 136 135 134 133 132 131 130 129 128 127 126 125 124 123 122 121 120 119 118 117 116 115 114 113 112 111 110 109 108 107 106 105 104 103 102 101 100 099 098 097 096 095 094 093 092 091 090 089 088 087 086 085 084 083 082 081 080 079 078 077 076 075 074 073 072 071 070 069 068 067 066 065 064 063 062 061 060 059 058 057 056 055 054 053 052 051 050 [651sec, 14.2Volts, 0.157Amps, CPT:651sec]
(Mar 11 2017 13:02:03,     667 sec) PistonMoveAbsWTO()    050->000 049 048 047 046 045 044 043 042 041 040 039 038 037 036 035 034 033 032 031 030 029 028 027 026 025 024 023 022 021 020 019 018 017 016 015 014 013 012 011 010 009 [211sec, 14.3Volts, 0.153Amps, CPT:862sec]
(Mar 11 2017 13:05:44,     888 sec) Descent()            Pressure: 84.5
(Mar 11 2017 13:51:00,    3604 sec) Descent()            Pressure: 418.3
(Mar 11 2017 14:51:00,    7204 sec) Descent()            Pressure: 891.0
(Mar 11 2017 14:51:01,    7204 sec) PistonMoveAbsWTO()    009->050 010 011 012 013 014 015 016 017 018 019 020 021 022 023 024 025 026 027 028 029 030 031 032 033 034 035 036 037 038 039 040 041 042 043 044 045 046 047 048 049 050 [239sec, 13.5Volts, 0.435Amps, CPT:1101sec]
(Mar 11 2017 15:51:00,   10804 sec) Descent()            Pressure: 923.7
(Mar 11 2017 16:51:00,   14404 sec) Descent()            Pressure: 949.3
(Mar 11 2017 17:51:01,   18004 sec) Descent()            Pressure: 964.0
(Mar 11 2017 17:51:01,   18004 sec) ParkInit()           
(Mar 11 2017 19:51:30,   25233 sec) Park()               ParkPOutOfBand[-3, 968.5 dbars]: retract piston.
(Mar 11 2017 19:51:30,   25234 sec) PistonMoveAbsWTO()    050->049 049 [1sec, 13.9Volts, 0.125Amps, CPT:1102sec]
(Mar 12 2017 13:51:30,   90033 sec) Park()               ParkPOutOfBand[3, 1015.7 dbars]: extend piston.
(Mar 12 2017 13:51:30,   90034 sec) PistonMoveAbsWTO()    049->050 050 [2sec, 13.5Volts, 0.451Amps, CPT:1104sec]
(Mar 13 2017 14:51:30,  180034 sec) Park()               ParkPOutOfBand[3, 1012.9 dbars]: extend piston.
(Mar 13 2017 14:51:31,  180034 sec) PistonMoveAbsWTO()    050->051 051 [7sec, 12.9Volts, 0.475Amps, CPT:1111sec]
(Mar 13 2017 17:51:30,  190834 sec) Park()               ParkPOutOfBand[-3, 983.3 dbars]: retract piston.
(Mar 13 2017 17:51:31,  190834 sec) PistonMoveAbsWTO()    051->050 050 [3sec, 13.7Volts, 0.113Amps, CPT:1114sec]
(Mar 13 2017 21:51:30,  205234 sec) Park()               ParkPOutOfBand[-3, 988.4 dbars]: retract piston.
(Mar 13 2017 21:51:31,  205234 sec) PistonMoveAbsWTO()    050->049 049 [6sec, 13.7Volts, 0.121Amps, CPT:1120sec]
(Mar 14 2017 00:51:30,  216034 sec) Park()               ParkPOutOfBand[3, 1021.7 dbars]: extend piston.
(Mar 14 2017 00:51:31,  216034 sec) PistonMoveAbsWTO()    049->050 050 [3sec, 13.5Volts, 0.459Amps, CPT:1123sec]
(Mar 14 2017 03:51:30,  226834 sec) Park()               ParkPOutOfBand[3, 1014.8 dbars]: extend piston.
(Mar 14 2017 03:51:31,  226834 sec) PistonMoveAbsWTO()    050->051 051 [7sec, 12.9Volts, 0.475Amps, CPT:1130sec]
(Mar 14 2017 08:51:31,  244834 sec) Park()               ParkPOutOfBand[-3, 980.6 dbars]: retract piston.
(Mar 14 2017 08:51:31,  244834 sec) PistonMoveAbsWTO()    051->050 050 [3sec, 13.7Volts, 0.109Amps, CPT:1133sec]
(Mar 15 2017 20:51:22,  374425 sec) CtdPower()           [  998.32,  6.8036, 34.9557]
(Mar 15 2017 20:51:22,  374425 sec) CtdPower()           CTD Power consumption [182VCnt 9ACnt]: 14.108Volts * 0.036Amps = 0.51Watts.
(Mar 15 2017 20:51:22,  374426 sec) ParkTerminate()      Piston Position:50 Vacuum:80 Vq:195 Aq:4 Vsbe:182 Asbe:9
(Mar 15 2017 20:51:50,  374453 sec) ParkTerminate()      PTS: 998.3dbars 6.7974C 34.9601PSU
(Mar 15 2017 20:51:50,  374454 sec) GoDeepInit()         Moving piston.
(Mar 15 2017 20:51:51,  374454 sec) PistonMoveAbsWTO()    050->013 049 048 047 046 045 044 043 042 041 040 039 038 037 036 035 034 033 032 031 030 029 028 027 026 025 024 023 022 021 020 019 018 017 016 015 014 013 [197sec, 13.9Volts, 0.109Amps, CPT:1330sec]
(Mar 16 2017 01:51:01,  392404 sec) ProfileInit()        PrfId:090  Pressure:1987.1dbar  pTable[1]:1950dbar
(Mar 16 2017 01:52:30,  392493 sec) Sbe41cpStartCP()     Continuous profile started.
(Mar 16 2017 01:52:31,  392494 sec) PistonMoveAbsWTO()    013->035 014 015 016 017 018 [30sec, 12.8Volts, 0.850Amps, CPT:1360sec]
(Mar 16 2017 01:53:12,  392535 sec) PistonMoveAbsWTO()    018->035 019 020 021 022 [30sec, 12.8Volts, 0.842Amps, CPT:1390sec]
(Mar 16 2017 01:53:53,  392576 sec) PistonMoveAbsWTO()    022->035 023 024 025 026 [30sec, 12.6Volts, 0.822Amps, CPT:1420sec]
(Mar 16 2017 01:54:34,  392617 sec) PistonMoveAbsWTO()    026->035 027 028 029 030 [30sec, 12.5Volts, 0.790Amps, CPT:1450sec]
(Mar 16 2017 01:55:15,  392658 sec) PistonMoveAbsWTO()    030->035 031 032 033 034 035 [30sec, 12.4Volts, 0.810Amps, CPT:1480sec]
(Mar 16 2017 02:36:28,  395132 sec) AscentControlAgent() Bouyancy nudge to 45 (v=0.075dbar/sec).
(Mar 16 2017 02:36:29,  395132 sec) PistonMoveAbsWTO()    035->045 036 037 038 039 [30sec, 13.2Volts, 0.721Amps, CPT:1510sec]
(Mar 16 2017 02:37:09,  395172 sec) PistonMoveAbsWTO()    039->045 040 041 042 043 044 [30sec, 12.9Volts, 0.737Amps, CPT:1540sec]
(Mar 16 2017 02:37:49,  395212 sec) PistonMoveAbsWTO()    044->045 045 [7sec, 12.9Volts, 0.729Amps, CPT:1547sec]
(Mar 16 2017 03:23:49,  397973 sec) AscentControlAgent() Bouyancy nudge to 55 (v=0.077dbar/sec).
(Mar 16 2017 03:23:50,  397973 sec) PistonMoveAbsWTO()    045->055 046 047 048 049 [30sec, 13.3Volts, 0.673Amps, CPT:1577sec]
(Mar 16 2017 03:24:30,  398013 sec) PistonMoveAbsWTO()    049->055 050 051 052 053 054 [30sec, 13.1Volts, 0.629Amps, CPT:1607sec]
(Mar 16 2017 03:25:10,  398053 sec) PistonMoveAbsWTO()    054->055 055 [6sec, 13.0Volts, 0.649Amps, CPT:1613sec]
(Mar 16 2017 04:06:03,  400507 sec) AscentControlAgent() Bouyancy nudge to 65 (v=0.077dbar/sec).
(Mar 16 2017 04:06:04,  400507 sec) PistonMoveAbsWTO()    055->065 056 057 058 059 [30sec, 13.4Volts, 0.576Amps, CPT:1643sec]
(Mar 16 2017 04:06:44,  400547 sec) PistonMoveAbsWTO()    060->065 061 062 063 064 [30sec, 13.2Volts, 0.572Amps, CPT:1673sec]
(Mar 16 2017 04:07:25,  400588 sec) PistonMoveAbsWTO()    064->065 065 [2sec, 13.2Volts, 0.576Amps, CPT:1675sec]
(Mar 16 2017 05:08:39,  404263 sec) AscentControlAgent() Bouyancy nudge to 75 (v=0.071dbar/sec).
(Mar 16 2017 05:08:40,  404263 sec) PistonMoveAbsWTO()    065->075 066 067 068 069 070 [30sec, 13.6Volts, 0.463Amps, CPT:1705sec]
(Mar 16 2017 05:09:20,  404303 sec) PistonMoveAbsWTO()    070->075 071 072 073 074 075 [30sec, 13.4Volts, 0.447Amps, CPT:1735sec]
(Mar 16 2017 07:02:01,  411065 sec) AscentControlAgent() Bouyancy nudge to 85 (v=0.058dbar/sec).
(Mar 16 2017 07:02:02,  411065 sec) PistonMoveAbsWTO()    075->085 076 077 078 079 080 [30sec, 14.0Volts, 0.230Amps, CPT:1765sec]
(Mar 16 2017 07:02:42,  411105 sec) PistonMoveAbsWTO()    080->085 081 082 083 084 085 [25sec, 13.9Volts, 0.238Amps, CPT:1790sec]
(Mar 16 2017 07:08:12,  411436 sec) AscentControlAgent() Bouyancy nudge to 95 (v=0.051dbar/sec).
(Mar 16 2017 07:08:13,  411436 sec) PistonMoveAbsWTO()    085->095 086 087 088 089 090 [30sec, 14.0Volts, 0.222Amps, CPT:1820sec]
(Mar 16 2017 07:08:53,  411476 sec) PistonMoveAbsWTO()    090->095 091 092 093 094 095 [25sec, 13.9Volts, 0.230Amps, CPT:1845sec]
(Mar 16 2017 07:14:23,  411807 sec) AscentControlAgent() Bouyancy nudge to 105 (v=0.054dbar/sec).
(Mar 16 2017 07:14:24,  411807 sec) PistonMoveAbsWTO()    095->105 096 097 098 099 100 [30sec, 14.0Volts, 0.230Amps, CPT:1875sec]
(Mar 16 2017 07:15:04,  411847 sec) PistonMoveAbsWTO()    100->105 101 102 103 104 105 [25sec, 14.0Volts, 0.222Amps, CPT:1900sec]
(Mar 16 2017 07:20:34,  412178 sec) AscentControlAgent() Bouyancy nudge to 115 (v=0.053dbar/sec).
(Mar 16 2017 07:20:35,  412178 sec) PistonMoveAbsWTO()    105->115 106 107 108 109 110 [30sec, 14.0Volts, 0.222Amps, CPT:1930sec]
(Mar 16 2017 07:21:15,  412218 sec) PistonMoveAbsWTO()    110->115 111 112 113 114 115 [25sec, 14.0Volts, 0.214Amps, CPT:1955sec]
(Mar 16 2017 07:26:45,  412549 sec) AscentControlAgent() Bouyancy nudge to 125 (v=0.050dbar/sec).
(Mar 16 2017 07:26:46,  412549 sec) PistonMoveAbsWTO()    115->125 116 117 118 119 120 [30sec, 14.0Volts, 0.214Amps, CPT:1985sec]
(Mar 16 2017 07:27:26,  412589 sec) PistonMoveAbsWTO()    120->125 121 122 123 124 125 [24sec, 14.0Volts, 0.210Amps, CPT:2009sec]
(Mar 16 2017 07:32:56,  412920 sec) AscentControlAgent() Bouyancy nudge to 135 (v=0.038dbar/sec).
(Mar 16 2017 07:32:57,  412920 sec) PistonMoveAbsWTO()    125->135 126 127 128 129 130 [30sec, 14.0Volts, 0.205Amps, CPT:2039sec]
(Mar 16 2017 07:33:37,  412960 sec) PistonMoveAbsWTO()    130->135 131 132 133 134 135 [24sec, 14.0Volts, 0.205Amps, CPT:2063sec]
(Mar 16 2017 07:39:07,  413291 sec) AscentControlAgent() Bouyancy nudge to 145 (v=0.071dbar/sec).
(Mar 16 2017 07:39:08,  413291 sec) PistonMoveAbsWTO()    135->145 136 137 138 139 140 [30sec, 14.1Volts, 0.205Amps, CPT:2093sec]
(Mar 16 2017 07:39:48,  413331 sec) PistonMoveAbsWTO()    140->145 141 142 143 144 145 [24sec, 14.0Volts, 0.201Amps, CPT:2117sec]
(Mar 16 2017 07:44:14,  413598 sec) AscentControlAgent() Bouyancy nudge to 155 (v=0.059dbar/sec).
(Mar 16 2017 07:44:15,  413598 sec) PistonMoveAbsWTO()    145->155 146 147 148 149 150 [30sec, 14.1Volts, 0.197Amps, CPT:2147sec]
(Mar 16 2017 07:44:55,  413638 sec) PistonMoveAbsWTO()    150->155 151 152 153 154 155 [24sec, 14.0Volts, 0.193Amps, CPT:2171sec]
(Mar 16 2017 07:48:19,  413842 sec) PistonMoveAbsWTO()    155->155 [0sec, 0.0Volts, 0.000Amps, CPT:2171sec]
(Mar 16 2017 07:48:32,  413855 sec) SurfaceDetect()      SurfacePressure:-0.3dbars Pressure:3.3dbars PistonPosition:154
(Mar 16 2017 07:48:32,  413856 sec) Sbe41cpStopCP()      Continuous profile stopped.
(Mar 16 2017 07:48:39,  413862 sec) PistonMoveAbsWTO()    154->176 155 156 157 158 159 160 161 162 163 164 165 166 167 168 169 170 171 172 173 174 175 176 [112sec, 14.1Volts, 0.165Amps, CPT:2283sec]
(Mar 16 2017 07:50:40,  413983 sec) sbe41cp.c:chat()     Expected string [S>] not received.
(Mar 16 2017 07:55:26,  414269 sec) Sbe41cpBinAverage()  Finished averaging 21393 samples in 282 seconds.
(Mar 16 2017 07:55:31,  414274 sec) Sbe41cpUploadCP()    Sbe41cpSerNo[7258] NSample[21393] NBin[995]
(Mar 16 2017 07:57:18,  414381 sec) Sbe41cpUploadCP()    Continuous profile uploaded [995 lines].

<EOT>
