(Jan 12 2016 03:06:21,   21074 sec) AirSystem()          Air-bladder inflation by-passed. Barometer: [127cnt, 6.8"Hg].
(Jan 12 2016 03:07:09,   21121 sec) GpsServices()        GPS almanac is current.
(Jan 12 2016 03:07:09,   21122 sec) GpsServices()        Initiating GPS fix acquisition.
(Jan 12 2016 03:07:43,   21155 sec) gga()                $GPGGA,030700,1430.1622,N,08521.7535,E,6,10,0.8,0.3,M,-77.5,M,,*68
(Jan 12 2016 03:08:07,   21180 sec) gga()                $GPGGA,030710,1430.1612,N,08521.7506,E,1,09,0.8,5.9,M,-77.5,M,,*6A
(Jan 12 2016 03:08:08,   21180 sec) GpsServices()        Profile 0 GPS fix obtained in 59 seconds.
(Jan 12 2016 03:08:08,   21180 sec) GpsServices()                  lon     lat mm/dd/yyyy hhmmss nsat
(Jan 12 2016 03:08:08,   21180 sec) GpsServices()        Fix:   85.363  14.503 01/12/2016 030710    9
(Jan 12 2016 03:08:42,   21215 sec) gga()                $GPGGA,030800,1430.1618,N,08521.7396,E,1,09,0.8,3.0,M,-77.5,M,,*6E
(Jan 12 2016 03:08:48,   21221 sec) gga()                $GPGGA,030830,1430.1626,N,08521.7330,E,1,09,0.8,-1.2,M,-77.5,M,,*41
(Jan 12 2016 03:08:48,   21221 sec) GpsServices()        APF9 RTC skew (18s) OK.
(Jan 12 2016 03:08:49,   21221 sec) LogNmeaSentences()   30,043,19,14,03,210,18,15,68,052,21,18,38,292,20*7E
(Jan 12 2016 03:08:49,   21221 sec) LogNmeaSentences()   $GPGSV,3,3,12,20,39,015,21,21,28,330,20,24,23,143,20,25,16,203,20*7E
(Jan 12 2016 03:08:58,   21231 sec) LogNmeaSentences()   $GPRMC,030840,A,1430.1631,N,08521.7306,E,000.9,248.1,120116,001.3,W*65
(Jan 12 2016 03:08:59,   21231 sec) LogNmeaSentences()   $GPGGA,030840,1430.1631,N,08521.7306,E,1,09,0.8,-2.0,M,-77.5,M,,*44
(Jan 12 2016 03:08:59,   21231 sec) LogNmeaSentences()   $GPGSA,A,3,02,,10,,13,,15,18,20,21,24,25,1.1,0.8,0.8*3E
(Jan 12 2016 03:08:59,   21232 sec) LogNmeaSentences()   $GPGSV,3,1,12,02,09,107,41,05,04,051,42,10,14,263,44,12,04,169,37*7D
(Jan 12 2016 03:09:00,   21232 sec) LogNmeaSentences()   $GPGSV,3,2,12,13,30,043,46,14,03,210,35,15,68,052,48,18,38,292,48*7A
(Jan 12 2016 03:09:00,   21232 sec) LogNmeaSentences()   $GPGSV,3,3,12,20,39,015,46,21,28,330,41,24,23,143,41,25,16,203,41*78
(Jan 12 2016 03:09:08,   21240 sec) LogNmeaSentences()   $GPRMC,030850,A,1430.1626,N,08521.7286,E,000.0,263.3,120116,001.3,W*69
(Jan 12 2016 03:09:08,   21241 sec) LogNmeaSentences()   $GPGGA,030850,1430.1626,N,08521.7286,E,1,09,0.8,-2.6,M,-77.5,M,,*4C
(Jan 12 2016 03:09:09,   21241 sec) LogNmeaSentences()   $GPGSA,A,3,02,,10,,13,,15,18,20,21,24,25,1.1,0.8,0.8*3E
(Jan 12 2016 03:09:09,   21242 sec) LogNmeaSentences()   $GPGSV,3,1,12,02,09,108,26,05,04,051,24,10,14,264,31,12,04,169,27*77
(Jan 12 2016 03:09:10,   21242 sec) LogNmeaSentences()   $GPGSV,3,2,12,13,30,043,31,14,03,210,29,15,68,052,35,18,38,292,35*77
(Jan 12 2016 03:09:10,   21242 sec) LogNmeaSentences()   $GPGSV,3,3,12,20,39,015,34,21,28,330,31,24,23,143,29,25,16,203,30*72
(Jan 12 2016 03:09:18,   21250 sec) LogNmeaSentences()   $GPRMC,030900,A,1430.1630,N,08521.7262,E,000.7,256.8,120116,001.3,W*6A
(Jan 12 2016 03:09:18,   21251 sec) LogNmeaSentences()   $GPGGA,030900,1430.1630,N,08521.7262,E,1,09,0.8,-2.9,M,-77.5,M,,*4A
(Jan 12 2016 03:09:19,   21251 sec) LogNmeaSentences()   $GPGSA,A,3,02,,10,,13,,15,18,20,21,24,25,1.1,0.8,0.8*3E
(Jan 12 2016 03:09:19,   21252 sec) LogNmeaSentences()   $GPGSV,3,1,12,02,09,108,41,05,04,051,39,10,14,264,44,12,03,169,36*7F
(Jan 12 2016 03:09:20,   21252 sec) LogNmeaSentences()   $GPGSV,3,2,12,13,29,043,44,14,03,211,36,15,68,051,48,18,38,293,48*70
(Jan 12 2016 03:09:20,   21252 sec) LogNmeaSentences()   $GPGSV,3,3,12,20,39,015,45,21,28,330,42,24,23,143,40,25,16,203,42*7A
(Jan 12 2016 03:09:20,   21253 sec) LogNmeaSentences()   $PGRMT,GPS 15x-L software ver. 3.90,,,,,,,,*7D
(Jan 12 2016 03:09:20,   21253 sec) GpsServices()        GPS services complete.
(Jan 12 2016 03:09:53,   21286 sec) CLogin()             Connecting to primary host.
(Jan 12 2016 03:10:10,   21303 sec) CLogin()             Connection 1 established in 17 seconds.
(Jan 12 2016 03:10:45,   21337 sec) expect()             Attempt to read prompt string [Last login:] failed.
(Jan 12 2016 03:10:45,   21337 sec) login()              Login failed.
(Jan 12 2016 03:11:15,   21367 sec) expect()             Attempt to read prompt string [login:] failed.
(Jan 12 2016 03:11:15,   21367 sec) login()              Login prompt not received.
(Jan 12 2016 03:11:45,   21397 sec) expect()             Attempt to read prompt string [login:] failed.
(Jan 12 2016 03:11:45,   21397 sec) login()              Login prompt not received.
(Jan 12 2016 03:11:45,   21397 sec) CLogin()             Attempt to login to host failed.
(Jan 12 2016 03:11:45,   21397 sec) DownLoadMissionCfg() Connect/login failed.  Mission configuration not downloaded from remote host.
(Jan 12 2016 03:11:50,   21403 sec) CLogin()             Connecting to primary host.
(Jan 12 2016 03:12:21,   21434 sec) CLogin()             Connection 2 established in 31 seconds.
(Jan 12 2016 03:12:30,   21443 sec) login()              Login successful.
(Jan 12 2016 03:12:34,   21446 sec) CLogin()             Logged in to host.  [Login required 13 seconds]
(Jan 12 2016 03:12:41,   21454 sec) RxConfig()           Downloading "mission.cfg" from host.
(Jan 12 2016 03:12:44,   21456 sec) Rx()                 Initiating transfer. [0x43]
(Jan 12 2016 03:12:46,   21459 sec) RxStartByte()        Sync errors encountered: 578
(Jan 12 2016 03:12:52,   21464 sec) Rx()                 Truncated packet received - retrying.
(Jan 12 2016 03:12:54,   21467 sec) RxStartByte()        Sync errors encountered: 130
(Jan 12 2016 03:13:00,   21472 sec) Rx()                 Truncated packet received - retrying.
(Jan 12 2016 03:13:04,   21476 sec) RxStartByte()        Sync errors encountered: 626
(Jan 12 2016 03:13:12,   21484 sec) Rx()                 Pad character [0x1a] found in ascii mode - truncating packet.
(Jan 12 2016 03:13:17,   21489 sec) Rx()                 Received EOT - transfer complete. [1 packets, 1024 bytes, 33 sec, 31.0 bps]
(Jan 12 2016 03:13:17,   21489 sec) RxConfig()           Download successful.
(Jan 12 2016 03:13:31,   21503 sec) WriteVitals()        Writing vitals to "7546.1601120306".
(Jan 12 2016 03:13:37,   21510 sec) UpLoadFile()         Uploading "7546.1601120243.log" to host as "7546.1601120243.log".
(Jan 12 2016 03:13:40,   21512 sec) Tx()                 CRC negotiation successful. [16-bit CRC]
(Jan 12 2016 03:14:04,   21536 sec) TxPacket()           NAK received - resending packet. [PktNum=0x04]
(Jan 12 2016 03:14:04,   21536 sec) TxPacket()           Packet xmit history: [10000001] (0:ok, 1:fail).
(Jan 12 2016 03:14:48,   21580 sec) Tx()                 Transmission completed successfully [11 packets, 11007 bytes, 67 sec, 168.1 bps]
(Jan 12 2016 03:14:48,   21580 sec) UpLoadFile()         Upload successful.
(Jan 12 2016 03:14:51,   21583 sec) UpLoadFile()         Uploading "7546.1601120306" to host as "7546.1601120306".
(Jan 12 2016 03:14:55,   21588 sec) Tx()                 CRC negotiation successful. [16-bit CRC]
(Jan 12 2016 03:15:08,   21600 sec) Tx()                 Transmission completed successfully [1 packets, 700 bytes, 12 sec, 85.3 bps]
(Jan 12 2016 03:15:08,   21600 sec) UpLoadFile()         Upload successful.
(Jan 12 2016 03:15:14,   21606 sec) UpLoad()             Files successfully uploaded: 2
(Jan 12 2016 03:15:14,   21606 sec) UpLoad()             Upload complete.
(Jan 12 2016 03:15:18,   21610 sec) logout()             Log-out successful.
(Jan 12 2016 03:15:19,   21611 sec) Telemetry()          Telemetry cycle complete: PrfId=0 ConnectionAttempts=2  Connections=2
(Jan 12 2016 03:15:21,   21613 sec) configure()          Parsing configurators in "mission.cfg".
(Jan 12 2016 03:15:25,   21617 sec) configure()             TelemetryRetry(15)      [0x7BBC] [TelemetryRetry(15)].
(Jan 12 2016 03:15:25,   21617 sec) configure()          Configuration CRCs and syntax OK.
(Jan 12 2016 03:15:25,   21617 sec) ConfigSupervisor()   Configuration accepted.
(Jan 12 2016 03:15:25,   21617 sec) Apf9PowerOff()       Sleep period (-11sec) not in valid range [5sec,7Hr].  Resetting to 5sec.
(Jan 12 2016 03:15:25,   21618 sec) SetAlarm()           Alarm time (21622 sec) less than 5 sec after interval-timer (21618 sec).  Resetting to 21623 sec.

<EOT>
