(Aug 31 2016 04:19:25,  414819 sec) TelemetryInit()      Profile 49. (Apf9i FwRev: 012811)
(Aug 31 2016 04:26:14,  415228 sec) AirSystem()          Battery [189cnt, 14.7V]  Current [70cnt, 28.2mA]  Barometer [128cnt, 7.1"Hg]  Run-Time [45s]
(Aug 31 2016 04:26:42,  415256 sec) GpsServices()        GPS almanac is current.
(Aug 31 2016 04:26:42,  415257 sec) GpsServices()        Initiating GPS fix acquisition.
(Aug 31 2016 04:26:51,  415266 sec) gga()                $GPGGA,042640,1310.6671,N,08614.3198,E,0,00,,,M,,M,,*54
(Aug 31 2016 04:27:01,  415275 sec) gga()                $GPGGA,042650,1310.6671,N,08614.3198,E,0,00,,,M,,M,,*55
(Aug 31 2016 04:27:07,  415282 sec) gga()                $GPGGA,042700,1310.6671,N,08614.3198,E,0,00,,,M,,M,,*51
(Aug 31 2016 04:27:17,  415292 sec) gga()                $GPGGA,042710,1310.6671,N,08614.3198,E,0,00,,,M,,M,,*50
(Aug 31 2016 04:27:27,  415302 sec) gga()                $GPGGA,042720,1310.6671,N,08614.3198,E,0,00,,,M,,M,,*53
(Aug 31 2016 04:27:37,  415312 sec) gga()                $GPGGA,042730,1310.6671,N,08614.3198,E,0,00,,,M,,M,,*52
(Aug 31 2016 04:27:47,  415322 sec) gga()                $GPGGA,042740,1310.6671,N,08614.3198,E,0,00,,,M,,M,,*55
(Aug 31 2016 04:27:57,  415332 sec) gga()                $GPGGA,042750,1310.6671,N,08614.3198,E,0,00,,,M,,M,,*54
(Aug 31 2016 04:28:07,  415342 sec) gga()                $GPGGA,042800,1310.6671,N,08614.3198,E,0,00,,,M,,M,,*5E
(Aug 31 2016 04:28:35,  415370 sec) gga()                $GPGGA,042810,1307.9904,N,08610.7980,E,1,07,1.1,-0.7,M,-77.3,M,,*46
(Aug 31 2016 04:28:36,  415370 sec) GpsServices()        Profile 49 GPS fix obtained in 113 seconds.
(Aug 31 2016 04:28:36,  415370 sec) GpsServices()                  lon     lat mm/dd/yyyy hhmmss nsat
(Aug 31 2016 04:28:36,  415371 sec) GpsServices()        Fix:   86.180  13.133 08/31/2016 042810    7
(Aug 31 2016 04:29:05,  415400 sec) gga()                $GPGGA,042840,1308.0001,N,08610.7988,E,1,08,0.9,-0.3,M,-77.3,M,,*43
(Aug 31 2016 04:29:11,  415406 sec) gga()                $GPGGA,042910,1308.0080,N,08610.8012,E,1,08,0.9,-1.5,M,-77.3,M,,*4C
(Aug 31 2016 04:29:11,  415406 sec) GpsServices()        APF9 RTC skew (1s) OK.
(Aug 31 2016 04:29:11,  415406 sec) LogNmeaSentences()   2,39,17,33,015,43,19,38,347,46,24,15,311,41*72
(Aug 31 2016 04:29:12,  415407 sec) LogNmeaSentences()   $GPGSV,3,3,11,28,51,078,46,30,25,164,44,07,01,154,00*4B
(Aug 31 2016 04:29:21,  415416 sec) LogNmeaSentences()   $GPRMC,042920,A,1308.0095,N,08610.8020,E,001.4,207.6,310816,001.4,W*64
(Aug 31 2016 04:29:21,  415416 sec) LogNmeaSentences()   $GPGGA,042920,1308.0095,N,08610.8020,E,1,08,0.9,0.6,M,-77.3,M,,*65
(Aug 31 2016 04:29:22,  415417 sec) LogNmeaSentences()   $GPGSA,A,3,02,03,,06,13,17,,24,28,30,,,1.2,0.9,0.8*3C
(Aug 31 2016 04:29:22,  415417 sec) LogNmeaSentences()   $GPGSV,3,1,11,02,45,236,45,03,08,053,37,05,03,202,23,06,78,302,49*75
(Aug 31 2016 04:29:22,  415417 sec) LogNmeaSentences()   $GPGSV,3,2,11,13,10,232,37,17,33,015,38,19,38,347,42,24,15,311,41*74
(Aug 31 2016 04:29:23,  415418 sec) LogNmeaSentences()   $GPGSV,3,3,11,28,51,079,46,30,25,164,47,07,01,154,00*49
(Aug 31 2016 04:29:31,  415426 sec) LogNmeaSentences()   $GPRMC,042930,A,1308.0134,N,08610.8028,E,002.4,040.2,310816,001.4,W*61
(Aug 31 2016 04:29:31,  415426 sec) LogNmeaSentences()   $GPGGA,042930,1308.0134,N,08610.8028,E,1,09,0.8,1.8,M,-77.3,M,,*69
(Aug 31 2016 04:29:32,  415427 sec) LogNmeaSentences()   $GPGSA,A,3,02,03,,06,13,17,19,24,28,30,,,1.1,0.8,0.8*36
(Aug 31 2016 04:29:32,  415427 sec) LogNmeaSentences()   $GPGSV,3,1,11,02,45,237,45,03,08,053,40,05,03,202,35,06,78,302,48*72
(Aug 31 2016 04:29:32,  415427 sec) LogNmeaSentences()   $GPGSV,3,2,11,13,10,232,37,17,33,015,46,19,38,347,46,24,15,311,39*76
(Aug 31 2016 04:29:33,  415428 sec) LogNmeaSentences()   $GPGSV,3,3,11,28,51,079,48,30,24,164,43,07,01,154,00*42
(Aug 31 2016 04:29:41,  415436 sec) LogNmeaSentences()   $GPRMC,042940,A,1308.0170,N,08610.8032,E,001.8,009.3,310816,001.4,W*6E
(Aug 31 2016 04:29:41,  415436 sec) LogNmeaSentences()   $GPGGA,042940,1308.0170,N,08610.8032,E,1,09,0.8,1.8,M,-77.3,M,,*65
(Aug 31 2016 04:29:42,  415437 sec) LogNmeaSentences()   $GPGSA,A,3,02,03,,06,13,17,19,24,28,30,,,1.5,0.8,1.2*39
(Aug 31 2016 04:29:42,  415437 sec) LogNmeaSentences()   $GPGSV,3,1,11,02,45,237,45,03,08,053,39,05,03,202,37,06,78,303,48*7F
(Aug 31 2016 04:29:42,  415437 sec) LogNmeaSentences()   $GPGSV,3,2,11,13,10,232,41,17,33,015,46,19,38,347,45,24,15,311,42*78
(Aug 31 2016 04:29:43,  415438 sec) LogNmeaSentences()   $GPGSV,3,3,11,28,51,079,47,30,24,164,42,07,01,154,00*4C
(Aug 31 2016 04:29:51,  415446 sec) LogNmeaSentences()   $GPRMC,042950,A,1308.0203,N,08610.8035,E,001.5,336.8,310816,001.4,W*66
(Aug 31 2016 04:29:51,  415446 sec) LogNmeaSentences()   $GPGGA,042950,1308.0203,N,08610.8035,E,1,09,0.8,-0.1,M,-77.3,M,,*41
(Aug 31 2016 04:29:52,  415447 sec) LogNmeaSentences()   $GPGSA,A,3,02,03,,06,13,17,19,24,28,30,,,1.5,0.8,1.2*39
(Aug 31 2016 04:29:52,  415447 sec) LogNmeaSentences()   $GPGSV,3,1,10,02,45,237,46,03,08,053,40,05,03,202,25,06,78,303,49*71
(Aug 31 2016 04:29:52,  415447 sec) LogNmeaSentences()   $GPGSV,3,2,10,13,10,232,30,17,33,015,46,19,38,347,46,24,15,311,40*7E
(Aug 31 2016 04:29:53,  415448 sec) LogNmeaSentences()   $GPGSV,3,3,10,28,51,079,47,30,24,164,41*78
(Aug 31 2016 04:30:01,  415456 sec) LogNmeaSentences()   $GPRMC,043000,A,1308.0227,N,08610.8041,E,002.3,024.9,310816,001.4,W*6A
(Aug 31 2016 04:30:01,  415456 sec) LogNmeaSentences()   $GPGGA,043000,1308.0227,N,08610.8041,E,1,09,0.8,-0.2,M,-77.3,M,,*4A
(Aug 31 2016 04:30:02,  415457 sec) LogNmeaSentences()   $GPGSA,A,3,02,03,,06,13,17,19,24,28,30,,,1.1,0.8,0.8*36
(Aug 31 2016 04:30:02,  415457 sec) LogNmeaSentences()   $GPGSV,3,1,10,02,45,237,46,03,08,053,36,05,03,202,35,06,78,303,48*70
(Aug 31 2016 04:30:02,  415457 sec) LogNmeaSentences()   $GPGSV,3,2,10,13,10,232,38,17,33,015,46,19,38,347,47,24,15,311,39*79
(Aug 31 2016 04:30:03,  415458 sec) LogNmeaSentences()   $GPGSV,3,3,10,28,51,079,45,30,24,164,40*7B
(Aug 31 2016 04:30:03,  415458 sec) LogNmeaSentences()   $PGRMT,GPS 15x-L software ver. 3.90,,,,,,,,*7D
(Aug 31 2016 04:30:03,  415458 sec) GpsServices()        GPS services complete.
(Aug 31 2016 04:30:28,  415483 sec) CLogin()             Connecting to primary host.
(Aug 31 2016 04:30:44,  415499 sec) CLogin()             Connection 1 established in 16 seconds.
(Aug 31 2016 04:31:06,  415521 sec) login()              Login successful.
(Aug 31 2016 04:31:12,  415527 sec) CLogin()             Logged in to host.  [Login required 28 seconds]
(Aug 31 2016 04:31:20,  415535 sec) RxConfig()           Downloading "mission.cfg" from host.
(Aug 31 2016 04:31:23,  415537 sec) Rx()                 Initiating transfer. [0x43]
(Aug 31 2016 04:31:31,  415546 sec) Rx()                 Pad character [0x1a] found in ascii mode - truncating packet.
(Aug 31 2016 04:31:35,  415549 sec) Rx()                 Received EOT - transfer complete. [1 packets, 1024 bytes, 13 sec, 78.8 bps]
(Aug 31 2016 04:31:35,  415549 sec) RxConfig()           Download successful.
(Aug 31 2016 04:31:49,  415563 sec) WriteVitals()        Writing vitals to "7546.049.msg".
(Aug 31 2016 04:31:57,  415571 sec) UpLoadFile()         Uploading "7546.049.msg" to host as "7546.049.msg".
(Aug 31 2016 04:32:01,  415575 sec) Tx()                 CRC negotiation successful. [16-bit CRC]
(Aug 31 2016 04:32:25,  415600 sec) TxPacket()           NAK received - resending packet. [PktNum=0x04]
(Aug 31 2016 04:32:25,  415600 sec) TxPacket()           Packet xmit history: [10000001] (0:ok, 1:fail).
(Aug 31 2016 04:32:53,  415628 sec) TxPacket()           NAK received - resending packet. [PktNum=0x07]
(Aug 31 2016 04:32:53,  415628 sec) TxPacket()           Packet xmit history: [00010001] (0:ok, 1:fail).
(Aug 31 2016 04:33:22,  415656 sec) TxPacket()           NAK received - resending packet. [PktNum=0x0a]
(Aug 31 2016 04:33:22,  415656 sec) TxPacket()           Packet xmit history: [00010001] (0:ok, 1:fail).
(Aug 31 2016 04:33:33,  415668 sec) TxPacket()           NAK received - resending packet. [PktNum=0x0b]
(Aug 31 2016 04:33:33,  415668 sec) TxPacket()           Packet xmit history: [01000101] (0:ok, 1:fail).
(Aug 31 2016 04:33:39,  415674 sec) TxPacket()           NAK received - resending packet. [PktNum=0x0b]
(Aug 31 2016 04:33:39,  415674 sec) TxPacket()           Packet xmit history: [10001011] (0:ok, 1:fail).
(Aug 31 2016 04:33:49,  415684 sec) TxPacket()           NAK received - resending packet. [PktNum=0x0c]
(Aug 31 2016 04:33:49,  415684 sec) TxPacket()           Packet xmit history: [00101101] (0:ok, 1:fail).
(Aug 31 2016 04:33:57,  415691 sec) TxPacket()           NAK received - resending packet. [PktNum=0x0c]
(Aug 31 2016 04:33:57,  415692 sec) TxPacket()           Packet xmit history: [01011011] (0:ok, 1:fail).
(Aug 31 2016 04:34:22,  415717 sec) TxPacket()           NAK received - resending packet. [PktNum=0x11]
(Aug 31 2016 04:34:22,  415717 sec) TxPacket()           Packet xmit history: [11000001] (0:ok, 1:fail).
(Aug 31 2016 04:34:37,  415732 sec) TxPacket()           NAK received - resending packet. [PktNum=0x12]
(Aug 31 2016 04:34:37,  415732 sec) TxPacket()           Packet xmit history: [00000101] (0:ok, 1:fail).
(Aug 31 2016 04:35:08,  415763 sec) TxPacket()           NAK received - resending packet. [PktNum=0x16]
(Aug 31 2016 04:35:08,  415763 sec) TxPacket()           Packet xmit history: [10100001] (0:ok, 1:fail).
(Aug 31 2016 04:35:16,  415771 sec) TxPacket()           NAK received - resending packet. [PktNum=0x16]
(Aug 31 2016 04:35:16,  415771 sec) TxPacket()           Packet xmit history: [01000011] (0:ok, 1:fail).
(Aug 31 2016 04:35:28,  415783 sec) TxPacket()           NAK received - resending packet. [PktNum=0x17]
(Aug 31 2016 04:35:28,  415783 sec) TxPacket()           Packet xmit history: [00001101] (0:ok, 1:fail).
(Aug 31 2016 04:35:42,  415796 sec) TxPacket()           NAK received - resending packet. [PktNum=0x18]
(Aug 31 2016 04:35:42,  415797 sec) TxPacket()           Packet xmit history: [00110101] (0:ok, 1:fail).
(Aug 31 2016 04:36:00,  415815 sec) TxPacket()           NAK received - resending packet. [PktNum=0x1b]
(Aug 31 2016 04:36:00,  415815 sec) TxPacket()           Packet xmit history: [01010001] (0:ok, 1:fail).
(Aug 31 2016 04:36:07,  415821 sec) TxPacket()           NAK received - resending packet. [PktNum=0x1b]
(Aug 31 2016 04:36:07,  415822 sec) TxPacket()           Packet xmit history: [10100011] (0:ok, 1:fail).
(Aug 31 2016 04:36:14,  415829 sec) TxPacket()           NAK received - resending packet. [PktNum=0x1b]
(Aug 31 2016 04:36:14,  415829 sec) TxPacket()           Packet xmit history: [01000111] (0:ok, 1:fail).
(Aug 31 2016 04:36:23,  415837 sec) TxPacket()           NAK received - resending packet. [PktNum=0x1b]
(Aug 31 2016 04:36:23,  415838 sec) TxPacket()           Packet xmit history: [10001111] (0:ok, 1:fail).
(Aug 31 2016 04:36:53,  415868 sec) TxPacket()           NAK received - resending packet. [PktNum=0x20]
(Aug 31 2016 04:36:53,  415868 sec) TxPacket()           Packet xmit history: [11000001] (0:ok, 1:fail).
(Aug 31 2016 04:37:06,  415881 sec) Tx()                 Transmission completed successfully [32 packets, 24506 bytes, 304 sec, 81.3 bps]
(Aug 31 2016 04:37:06,  415881 sec) UpLoadFile()         Upload successful.
(Aug 31 2016 04:37:14,  415888 sec) UpLoadFile()         Uploading "7546.049.log" to host as "7546.049.log".
(Aug 31 2016 04:37:18,  415893 sec) Tx()                 CRC negotiation successful. [16-bit CRC]
(Aug 31 2016 04:37:32,  415907 sec) TxPacket()           NAK received - resending packet. [PktNum=0x02]
(Aug 31 2016 04:37:32,  415907 sec) TxPacket()           Packet xmit history: [00001001] (0:ok, 1:fail).
(Aug 31 2016 04:37:37,  415912 sec) TxPacket()           NAK received - resending packet. [PktNum=0x02]
(Aug 31 2016 04:37:37,  415912 sec) TxPacket()           Packet xmit history: [00010011] (0:ok, 1:fail).
(Aug 31 2016 04:37:47,  415921 sec) TxPacket()           NAK received - resending packet. [PktNum=0x02]
(Aug 31 2016 04:37:47,  415922 sec) TxPacket()           Packet xmit history: [00100111] (0:ok, 1:fail).
(Aug 31 2016 04:37:56,  415931 sec) TxPacket()           NAK received - resending packet. [PktNum=0x02]
(Aug 31 2016 04:37:56,  415931 sec) TxPacket()           Packet xmit history: [01001111] (0:ok, 1:fail).
(Aug 31 2016 04:38:25,  415960 sec) TxPacket()           NAK received - resending packet. [PktNum=0x08]
(Aug 31 2016 04:38:25,  415960 sec) TxPacket()           Packet xmit history: [10000001] (0:ok, 1:fail).
(Aug 31 2016 04:38:42,  415977 sec) TxPacket()           NAK received - resending packet. [PktNum=0x0a]
(Aug 31 2016 04:38:42,  415977 sec) TxPacket()           Packet xmit history: [00001001] (0:ok, 1:fail).
(Aug 31 2016 04:39:02,  415997 sec) TxPacket()           NAK received - resending packet. [PktNum=0x0d]
(Aug 31 2016 04:39:02,  415997 sec) TxPacket()           Packet xmit history: [10010001] (0:ok, 1:fail).
(Aug 31 2016 04:39:21,  416016 sec) TxPacket()           NAK received - resending packet. [PktNum=0x10]
(Aug 31 2016 04:39:21,  416016 sec) TxPacket()           Packet xmit history: [00010001] (0:ok, 1:fail).
(Aug 31 2016 04:40:20,  416075 sec) Tx()                 Transmission completed successfully [25 packets, 21661 bytes, 181 sec, 121.6 bps]
(Aug 31 2016 04:40:20,  416075 sec) UpLoadFile()         Upload successful.
(Aug 31 2016 04:40:26,  416081 sec) UpLoad()             Files successfully uploaded: 2
(Aug 31 2016 04:40:26,  416081 sec) UpLoad()             Upload complete.
(Aug 31 2016 04:40:30,  416085 sec) logout()             Log-out successful.
(Aug 31 2016 04:40:31,  416086 sec) Telemetry()          Telemetry cycle complete: PrfId=49 ConnectionAttempts=1  Connections=1
(Aug 31 2016 04:40:32,  416086 sec) TelemetryTerminate() Parsing new mission configuration.
(Aug 31 2016 04:40:33,  416088 sec) configure()          Parsing configurators in "mission.cfg".
(Aug 31 2016 04:40:37,  416092 sec) configure()             TelemetryRetry(15)      [0x7BBC] [TelemetryRetry(15)].
(Aug 31 2016 04:40:37,  416092 sec) configure()          Configuration CRCs and syntax OK.
(Aug 31 2016 04:40:37,  416092 sec) ConfigSupervisor()   Configuration accepted.
(Aug 31 2016 04:40:37,  416092 sec) TelemetryTerminate() Reconditioning the file system.
(Aug 31 2016 04:40:48,       6 sec) DescentInit()        Deep profile 50 initiated at mission-time 416096sec.
(Aug 31 2016 04:40:50,       9 sec) DescentInit()        Surface pressure: -0.2dbars.
(Aug 31 2016 04:40:55,      14 sec) PistonMoveAbsWTO()    186->049 185 184 183 182 181 180 179 178 177 176 175 174 173 172 171 170 169 168 167 166 165 164 163 162 161 160 159 158 157 156 155 154 153 152 151 150 149 148 147 146 145 144 143 142 141 140 139 138 137 136 135 134 133 132 131 130 129 128 127 126 125 124 123 122 121 120 119 118 117 116 115 114 113 112 111 110 109 108 107 106 105 104 103 102 101 100 099 098 097 096 095 094 093 092 091 090 089 088 087 086 085 084 083 082 081 080 079 078 077 076 075 074 073 072 071 070 069 068 067 066 065 064 063 062 061 060 059 058 057 056 055 054 053 052 051 050 049 [703sec, 14.4Volts, 0.149Amps, CPT:703sec]
(Aug 31 2016 04:52:39,     717 sec) PistonMoveAbsWTO()    049->000 048 047 046 045 044 043 042 041 040 039 038 037 036 035 034 033 032 031 030 029 028 027 026 025 024 023 022 021 020 019 018 017 016 015 014 013 012 011 010 009 [204sec, 14.4Volts, 0.145Amps, CPT:907sec]
(Aug 31 2016 04:56:12,     931 sec) Descent()            Pressure: 79.4
(Aug 31 2016 05:40:45,    3604 sec) Descent()            Pressure: 384.6
(Aug 31 2016 06:40:45,    7204 sec) Descent()            Pressure: 850.2
(Aug 31 2016 06:40:45,    7204 sec) PistonMoveAbsWTO()    009->049 010 011 012 013 014 015 016 017 018 019 020 021 022 023 024 025 026 027 028 029 030 031 032 033 034 035 036 037 038 039 040 041 042 043 044 045 046 047 048 049 [224sec, 13.9Volts, 0.407Amps, CPT:1131sec]
(Aug 31 2016 07:40:45,   10804 sec) Descent()            Pressure: 911.7
(Aug 31 2016 08:40:45,   14404 sec) Descent()            Pressure: 952.5
(Aug 31 2016 09:40:45,   18004 sec) Descent()            Pressure: 968.7
(Aug 31 2016 09:40:46,   18004 sec) ParkInit()           
(Aug 31 2016 11:41:14,   25233 sec) Park()               ParkPOutOfBand[-3, 989.1 dbars]: retract piston.
(Aug 31 2016 11:41:15,   25234 sec) PistonMoveAbsWTO()    049->048 048 [1sec, 14.3Volts, 0.097Amps, CPT:1132sec]
(Sep 01 2016 00:41:15,   72033 sec) Park()               ParkPOutOfBand[3, 1022.6 dbars]: extend piston.
(Sep 01 2016 00:41:15,   72034 sec) PistonMoveAbsWTO()    048->049 049 [1sec, 14.1Volts, 0.455Amps, CPT:1133sec]
(Sep 01 2016 03:41:15,   82833 sec) Park()               ParkPOutOfBand[3, 1011.4 dbars]: extend piston.
(Sep 01 2016 03:41:15,   82834 sec) PistonMoveAbsWTO()    049->050 050 [6sec, 13.9Volts, 0.443Amps, CPT:1139sec]
(Sep 01 2016 06:41:15,   93633 sec) Park()               ParkPOutOfBand[-3, 974.2 dbars]: retract piston.
(Sep 01 2016 06:41:15,   93634 sec) PistonMoveAbsWTO()    050->049 049 [2sec, 14.3Volts, 0.117Amps, CPT:1141sec]
(Sep 03 2016 15:41:15,  298834 sec) Park()               ParkPOutOfBand[3, 1014.2 dbars]: extend piston.
(Sep 03 2016 15:41:16,  298834 sec) PistonMoveAbsWTO()    049->050 050 [3sec, 13.9Volts, 0.447Amps, CPT:1144sec]
(Sep 04 2016 12:41:06,  374425 sec) CtdPower()           [  998.94,  6.8239, 34.9526]
(Sep 04 2016 12:41:07,  374425 sec) CtdPower()           CTD Power consumption [184VCnt 9ACnt]: 14.263Volts * 0.036Amps = 0.52Watts.
(Sep 04 2016 12:41:07,  374426 sec) ParkTerminate()      Piston Position:50 Vacuum:80 Vq:196 Aq:4 Vsbe:184 Asbe:9
(Sep 04 2016 12:41:34,  374453 sec) ParkTerminate()      PTS: 999.1dbars 6.8221C 34.9522PSU
(Sep 04 2016 12:41:35,  374454 sec) GoDeepInit()         Moving piston.
(Sep 04 2016 12:41:35,  374454 sec) PistonMoveAbsWTO()    050->011 049 048 047 046 045 044 043 042 041 040 039 038 037 036 035 034 033 032 031 030 029 028 027 026 025 024 023 022 021 020 019 018 017 016 015 014 013 012 011 [197sec, 14.3Volts, 0.081Amps, CPT:1341sec]
(Sep 04 2016 16:25:45,  387904 sec) GoDeep()             Sequence point detected at 2001.3dbar.
(Sep 04 2016 16:25:48,  387906 sec) ProfileInit()        PrfId:050  Pressure:2001.3dbar  pTable[0]:2000dbar
(Sep 04 2016 16:25:58,  387917 sec) PistonMoveAbsWTO()    011->033 012 013 014 015 016 [30sec, 13.3Volts, 0.766Amps, CPT:1371sec]
(Sep 04 2016 16:26:38,  387957 sec) PistonMoveAbsWTO()    016->033 017 018 019 020 [30sec, 13.2Volts, 0.790Amps, CPT:1401sec]
(Sep 04 2016 16:27:18,  387997 sec) PistonMoveAbsWTO()    020->033 021 022 023 024 [30sec, 13.1Volts, 0.770Amps, CPT:1431sec]
(Sep 04 2016 16:29:25,  388124 sec) Sbe41cpStartCP()     Continuous profile started.
(Sep 04 2016 16:29:25,  388124 sec) PistonMoveAbsWTO()    024->033 025 026 027 028 029 [30sec, 13.1Volts, 0.770Amps, CPT:1461sec]
(Sep 04 2016 16:30:06,  388164 sec) PistonMoveAbsWTO()    029->033 030 031 032 033 [27sec, 12.9Volts, 0.778Amps, CPT:1488sec]
(Sep 04 2016 17:21:29,  391248 sec) AscentControlAgent() Bouyancy nudge to 43 (v=0.080dbar/sec).
(Sep 04 2016 17:21:30,  391248 sec) PistonMoveAbsWTO()    033->043 034 035 036 037 [30sec, 13.5Volts, 0.701Amps, CPT:1518sec]
(Sep 04 2016 17:22:10,  391288 sec) PistonMoveAbsWTO()    037->043 038 039 040 041 042 [30sec, 13.3Volts, 0.689Amps, CPT:1548sec]
(Sep 04 2016 17:22:50,  391328 sec) PistonMoveAbsWTO()    042->043 043 [5sec, 13.3Volts, 0.685Amps, CPT:1553sec]
(Sep 04 2016 17:58:36,  393475 sec) AscentControlAgent() Bouyancy nudge to 53 (v=0.079dbar/sec).
(Sep 04 2016 17:58:37,  393475 sec) PistonMoveAbsWTO()    043->053 044 045 046 047 [30sec, 13.6Volts, 0.621Amps, CPT:1583sec]
(Sep 04 2016 17:59:17,  393515 sec) PistonMoveAbsWTO()    047->053 048 049 050 051 052 [30sec, 13.4Volts, 0.612Amps, CPT:1613sec]
(Sep 04 2016 17:59:57,  393555 sec) PistonMoveAbsWTO()    052->053 053 [4sec, 13.4Volts, 0.616Amps, CPT:1617sec]
(Sep 04 2016 18:56:06,  396925 sec) AscentControlAgent() Bouyancy nudge to 63 (v=0.077dbar/sec).
(Sep 04 2016 18:56:07,  396925 sec) PistonMoveAbsWTO()    053->063 054 055 056 057 [30sec, 13.7Volts, 0.540Amps, CPT:1647sec]
(Sep 04 2016 18:56:47,  396965 sec) PistonMoveAbsWTO()    058->063 059 060 061 062 [30sec, 13.6Volts, 0.540Amps, CPT:1677sec]
(Sep 04 2016 18:57:27,  397005 sec) PistonMoveAbsWTO()    062->063 063 [1sec, 13.6Volts, 0.536Amps, CPT:1678sec]
(Sep 04 2016 19:53:34,  400373 sec) AscentControlAgent() Bouyancy nudge to 73 (v=0.078dbar/sec).
(Sep 04 2016 19:53:35,  400373 sec) PistonMoveAbsWTO()    063->073 064 065 066 067 068 [30sec, 13.9Volts, 0.423Amps, CPT:1708sec]
(Sep 04 2016 19:54:15,  400413 sec) PistonMoveAbsWTO()    068->073 069 070 071 072 073 [29sec, 13.7Volts, 0.435Amps, CPT:1737sec]
(Sep 04 2016 21:41:50,  406869 sec) AscentControlAgent() Bouyancy nudge to 83 (v=0.071dbar/sec).
(Sep 04 2016 21:41:51,  406869 sec) PistonMoveAbsWTO()    073->083 074 075 076 077 078 [30sec, 14.2Volts, 0.210Amps, CPT:1767sec]
(Sep 04 2016 21:42:31,  406909 sec) PistonMoveAbsWTO()    078->083 079 080 081 082 083 [24sec, 14.1Volts, 0.210Amps, CPT:1791sec]
(Sep 04 2016 21:48:01,  407240 sec) AscentControlAgent() Bouyancy nudge to 93 (v=0.079dbar/sec).
(Sep 04 2016 21:48:02,  407240 sec) PistonMoveAbsWTO()    083->093 084 085 086 087 088 [30sec, 14.2Volts, 0.197Amps, CPT:1821sec]
(Sep 04 2016 21:48:42,  407280 sec) PistonMoveAbsWTO()    088->093 089 090 091 092 093 [25sec, 14.1Volts, 0.201Amps, CPT:1846sec]
(Sep 04 2016 21:59:18,  407917 sec) AscentControlAgent() Bouyancy nudge to 103 (v=0.052dbar/sec).
(Sep 04 2016 21:59:19,  407917 sec) PistonMoveAbsWTO()    093->103 094 095 096 097 098 [30sec, 14.3Volts, 0.193Amps, CPT:1876sec]
(Sep 04 2016 21:59:59,  407957 sec) PistonMoveAbsWTO()    098->103 099 100 101 102 103 [24sec, 14.2Volts, 0.189Amps, CPT:1900sec]
(Sep 04 2016 22:05:28,  408287 sec) AscentControlAgent() Bouyancy nudge to 113 (v=0.051dbar/sec).
(Sep 04 2016 22:05:29,  408287 sec) PistonMoveAbsWTO()    103->113 104 105 106 107 108 [30sec, 14.3Volts, 0.177Amps, CPT:1930sec]
(Sep 04 2016 22:06:09,  408327 sec) PistonMoveAbsWTO()    108->113 109 110 111 112 113 [24sec, 14.2Volts, 0.181Amps, CPT:1954sec]
(Sep 04 2016 22:11:38,  408657 sec) AscentControlAgent() Bouyancy nudge to 123 (v=0.051dbar/sec).
(Sep 04 2016 22:11:39,  408657 sec) PistonMoveAbsWTO()    113->123 114 115 116 117 118 [30sec, 14.3Volts, 0.177Amps, CPT:1984sec]
(Sep 04 2016 22:12:19,  408697 sec) PistonMoveAbsWTO()    118->123 119 120 121 122 123 [24sec, 14.2Volts, 0.177Amps, CPT:2008sec]
(Sep 04 2016 22:16:44,  408963 sec) AscentControlAgent() Bouyancy nudge to 133 (v=0.022dbar/sec).
(Sep 04 2016 22:16:45,  408963 sec) PistonMoveAbsWTO()    123->133 124 125 126 127 128 [30sec, 14.2Volts, 0.173Amps, CPT:2038sec]
(Sep 04 2016 22:17:25,  409003 sec) PistonMoveAbsWTO()    128->133 129 130 131 132 133 [23sec, 14.2Volts, 0.169Amps, CPT:2061sec]
(Sep 04 2016 22:21:49,  409268 sec) AscentControlAgent() Bouyancy nudge to 143 (v=0.004dbar/sec).
(Sep 04 2016 22:21:50,  409268 sec) PistonMoveAbsWTO()    133->143 134 135 136 137 138 [30sec, 14.3Volts, 0.177Amps, CPT:2091sec]
(Sep 04 2016 22:22:30,  409308 sec) PistonMoveAbsWTO()    138->143 139 140 141 142 143 [23sec, 14.3Volts, 0.173Amps, CPT:2114sec]
(Sep 04 2016 22:26:54,  409573 sec) AscentControlAgent() Bouyancy nudge to 153 (v=-0.002dbar/sec).
(Sep 04 2016 22:26:55,  409573 sec) PistonMoveAbsWTO()    143->153 144 145 146 147 148 [30sec, 14.3Volts, 0.177Amps, CPT:2144sec]
(Sep 04 2016 22:27:35,  409613 sec) PistonMoveAbsWTO()    148->153 149 150 151 152 153 [24sec, 14.3Volts, 0.173Amps, CPT:2168sec]
(Sep 04 2016 22:32:00,  409879 sec) AscentControlAgent() Bouyancy nudge to 163 (v=0.036dbar/sec).
(Sep 04 2016 22:32:01,  409879 sec) PistonMoveAbsWTO()    153->163 154 155 156 157 158 [30sec, 14.3Volts, 0.173Amps, CPT:2198sec]
(Sep 04 2016 22:32:41,  409919 sec) PistonMoveAbsWTO()    158->163 159 160 161 162 163 [24sec, 14.3Volts, 0.169Amps, CPT:2222sec]
(Sep 04 2016 22:36:57,  410176 sec) SurfaceDetect()      SurfacePressure:-0.2dbars Pressure:3.3dbars PistonPosition:163
(Sep 04 2016 22:36:58,  410177 sec) Sbe41cpStopCP()      Continuous profile stopped.
(Sep 04 2016 22:37:04,  410183 sec) PistonMoveAbsWTO()    163->185 164 165 166 167 168 169 170 171 172 173 174 175 176 177 178 179 180 181 182 183 184 185 [114sec, 14.3Volts, 0.149Amps, CPT:2336sec]
(Sep 04 2016 22:39:08,  410306 sec) sbe41cp.c:chat()     Expected string [S>] not received.
(Sep 04 2016 22:44:00,  410599 sec) Sbe41cpBinAverage()  Finished averaging 22084 samples in 288 seconds.
(Sep 04 2016 22:44:05,  410604 sec) Sbe41cpUploadCP()    Sbe41cpSerNo[7258] NSample[22084] NBin[998]
(Sep 04 2016 22:45:52,  410711 sec) Sbe41cpUploadCP()    Continuous profile uploaded [998 lines].

<EOT>
