(May 07 2016 02:02:06,  414955 sec) TelemetryInit()      Profile 25. (Apf9i FwRev: 012811)
(May 07 2016 02:08:46,  415355 sec) AirSystem()          Battery [190cnt, 14.7V]  Current [72cnt, 29.0mA]  Barometer [126cnt, 6.5"Hg]  Run-Time [41s]
(May 07 2016 02:09:15,  415384 sec) GpsServices()        GPS almanac is current.
(May 07 2016 02:09:15,  415384 sec) GpsServices()        Initiating GPS fix acquisition.
(May 07 2016 02:09:29,  415398 sec) gga()                $GPGGA,020910,1415.4863,N,08636.2108,E,0,00,,,M,,M,,*5F
(May 07 2016 02:09:36,  415404 sec) gga()                $GPGGA,020920,1415.4863,N,08636.2108,E,0,00,,,M,,M,,*5C
(May 07 2016 02:09:46,  415414 sec) gga()                $GPGGA,020930,1415.4863,N,08636.2108,E,0,00,,,M,,M,,*5D
(May 07 2016 02:10:14,  415443 sec) gga()                $GPGGA,020940,1410.6014,N,08637.0978,E,1,07,0.9,0.6,M,-75.1,M,,*60
(May 07 2016 02:10:14,  415443 sec) GpsServices()        Profile 25 GPS fix obtained in 59 seconds.
(May 07 2016 02:10:14,  415443 sec) GpsServices()                  lon     lat mm/dd/yyyy hhmmss nsat
(May 07 2016 02:10:14,  415443 sec) GpsServices()        Fix:   86.618  14.177 05/07/2016 020940    7
(May 07 2016 02:10:44,  415473 sec) gga()                $GPGGA,021010,1410.5992,N,08637.0951,E,1,11,0.7,0.4,M,-75.1,M,,*69
(May 07 2016 02:10:50,  415479 sec) gga()                $GPGGA,021040,1410.5991,N,08637.0924,E,1,11,0.7,0.6,M,-75.1,M,,*6F
(May 07 2016 02:10:50,  415479 sec) GpsServices()        APF9 RTC skew (10s) OK.
(May 07 2016 02:10:50,  415479 sec) LogNmeaSentences()   ,29,058,43,16,42,180,48,22,44,321,45,26,66,138,49*7A
(May 07 2016 02:10:50,  415479 sec) LogNmeaSentences()   $GPGSV,3,3,11,27,06,185,40,31,42,011,48,32,30,064,45*4B
(May 07 2016 02:10:59,  415488 sec) LogNmeaSentences()   $GPRMC,021050,A,1410.5991,N,08637.0917,E,000.5,281.4,070516,001.3,W*6A
(May 07 2016 02:11:00,  415489 sec) LogNmeaSentences()   $GPGGA,021050,1410.5991,N,08637.0917,E,1,11,0.7,1.1,M,-75.1,M,,*68
(May 07 2016 02:11:00,  415489 sec) LogNmeaSentences()   $GPGSA,A,3,01,03,10,11,14,16,22,26,27,31,32,,1.1,0.7,0.8*3E
(May 07 2016 02:11:01,  415490 sec) LogNmeaSentences()   $GPGSV,3,1,11,01,23,274,40,03,17,324,41,10,30,142,47,11,12,251,40*7C
(May 07 2016 02:11:01,  415490 sec) LogNmeaSentences()   $GPGSV,3,2,11,14,29,058,44,16,42,180,48,22,44,321,46,26,67,137,49*70
(May 07 2016 02:11:01,  415490 sec) LogNmeaSentences()   $GPGSV,3,3,11,27,07,185,42,31,42,012,47,32,30,065,45*45
(May 07 2016 02:11:09,  415498 sec) LogNmeaSentences()   $GPRMC,021100,A,1410.5991,N,08637.0908,E,000.6,288.2,070516,001.3,W*6C
(May 07 2016 02:11:10,  415499 sec) LogNmeaSentences()   $GPGGA,021100,1410.5991,N,08637.0908,E,1,11,0.7,1.3,M,-75.1,M,,*60
(May 07 2016 02:11:10,  415499 sec) LogNmeaSentences()   $GPGSA,A,3,01,03,10,11,14,16,22,26,27,31,32,,1.1,0.7,0.8*3E
(May 07 2016 02:11:11,  415500 sec) LogNmeaSentences()   $GPGSV,3,1,11,01,23,273,41,03,17,324,41,10,30,142,46,11,12,251,42*79
(May 07 2016 02:11:11,  415500 sec) LogNmeaSentences()   $GPGSV,3,2,11,14,29,058,44,16,42,180,47,22,44,321,45,26,67,137,49*7C
(May 07 2016 02:11:11,  415500 sec) LogNmeaSentences()   $GPGSV,3,3,11,27,07,185,40,31,42,012,46,32,30,065,45*46
(May 07 2016 02:11:12,  415501 sec) LogNmeaSentences()   $PGRMT,GPS 15x-L software ver. 3.90,,,,,,,,*7D
(May 07 2016 02:11:19,  415508 sec) LogNmeaSentences()   $GPRMC,021110,A,1410.5989,N,08637.0899,E,000.7,257.1,070516,001.3,W*6D
(May 07 2016 02:11:20,  415509 sec) LogNmeaSentences()   $GPGGA,021110,1410.5989,N,08637.0899,E,1,11,0.7,1.0,M,-75.1,M,,*62
(May 07 2016 02:11:20,  415509 sec) LogNmeaSentences()   $GPGSA,A,3,01,03,10,11,14,16,22,26,27,31,32,,1.1,0.7,0.8*3E
(May 07 2016 02:11:21,  415510 sec) GpsServices()        GPS services complete.
(May 07 2016 02:11:45,  415534 sec) CLogin()             Connecting to primary host.
(May 07 2016 02:11:54,  415543 sec) CLogin()             Connection 1 established in 9 seconds.
(May 07 2016 02:12:03,  415552 sec) login()              Login successful.
(May 07 2016 02:12:06,  415555 sec) CLogin()             Logged in to host.  [Login required 12 seconds]
(May 07 2016 02:12:14,  415563 sec) RxConfig()           Downloading "mission.cfg" from host.
(May 07 2016 02:12:16,  415565 sec) Rx()                 Initiating transfer. [0x43]
(May 07 2016 02:12:22,  415571 sec) Rx()                 Pad character [0x1a] found in ascii mode - truncating packet.
(May 07 2016 02:12:26,  415574 sec) Rx()                 Received EOT - transfer complete. [1 packets, 1024 bytes, 10 sec, 102.4 bps]
(May 07 2016 02:12:26,  415575 sec) RxConfig()           Download successful.
(May 07 2016 02:12:40,  415589 sec) WriteVitals()        Writing vitals to "7546.025.msg".
(May 07 2016 02:12:48,  415597 sec) UpLoadFile()         Uploading "7546.025.msg" to host as "7546.025.msg".
(May 07 2016 02:12:50,  415599 sec) Tx()                 CRC negotiation successful. [16-bit CRC]
(May 07 2016 02:14:56,  415725 sec) Tx()                 Transmission completed successfully [24 packets, 24462 bytes, 125 sec, 196.6 bps]
(May 07 2016 02:14:56,  415725 sec) UpLoadFile()         Upload successful.
(May 07 2016 02:15:02,  415731 sec) UpLoadFile()         Uploading "7546.025.log" to host as "7546.025.log".
(May 07 2016 02:15:06,  415734 sec) Tx()                 CRC negotiation successful. [16-bit CRC]
(May 07 2016 02:18:06,  415915 sec) Tx()                 Transmission completed successfully [32 packets, 31758 bytes, 179 sec, 183.1 bps]
(May 07 2016 02:18:06,  415915 sec) UpLoadFile()         Upload successful.
(May 07 2016 02:18:12,  415921 sec) UpLoad()             Files successfully uploaded: 2
(May 07 2016 02:18:13,  415921 sec) UpLoad()             Upload complete.
(May 07 2016 02:18:16,  415925 sec) logout()             Log-out successful.
(May 07 2016 02:18:18,  415927 sec) Telemetry()          Telemetry cycle complete: PrfId=25 ConnectionAttempts=1  Connections=1
(May 07 2016 02:18:18,  415927 sec) TelemetryTerminate() Parsing new mission configuration.
(May 07 2016 02:18:19,  415928 sec) configure()          Parsing configurators in "mission.cfg".
(May 07 2016 02:18:23,  415932 sec) configure()             TelemetryRetry(15)      [0x7BBC] [TelemetryRetry(15)].
(May 07 2016 02:18:24,  415932 sec) configure()          Configuration CRCs and syntax OK.
(May 07 2016 02:18:24,  415933 sec) ConfigSupervisor()   Configuration accepted.
(May 07 2016 02:18:24,  415933 sec) TelemetryTerminate() Reconditioning the file system.
(May 07 2016 02:18:32,       6 sec) DescentInit()        Deep profile 26 initiated at mission-time 415935sec.
(May 07 2016 02:18:35,       9 sec) DescentInit()        Surface pressure: 0.0dbars.
(May 07 2016 02:18:40,      14 sec) PistonMoveAbsWTO()    186->049 185 184 183 182 181 180 179 178 177 176 175 174 173 172 171 170 169 168 167 166 165 164 163 162 161 160 159 158 157 156 155 154 153 152 151 150 149 148 147 146 145 144 143 142 141 140 139 138 137 136 135 134 133 132 131 130 129 128 127 126 125 124 123 122 121 120 119 118 117 116 115 114 113 112 111 110 109 108 107 106 105 104 103 102 101 100 099 098 097 096 095 094 093 092 091 090 089 088 087 086 085 084 083 082 081 080 079 078 077 076 075 074 073 072 071 070 069 068 067 066 065 064 063 062 061 060 059 058 057 056 055 054 053 052 051 050 049 [698sec, 14.6Volts, 0.133Amps, CPT:698sec]
(May 07 2016 02:30:19,     713 sec) PistonMoveAbsWTO()    049->000 048 047 046 045 044 043 042 041 040 039 038 037 036 035 034 033 032 031 030 029 028 027 026 025 024 023 022 021 020 019 018 017 016 015 014 013 012 011 010 009 [203sec, 14.6Volts, 0.133Amps, CPT:901sec]
(May 07 2016 02:33:52,     926 sec) Descent()            Pressure: 102.1
(May 07 2016 03:18:30,    3604 sec) Descent()            Pressure: 410.7
(May 07 2016 04:18:30,    7204 sec) Descent()            Pressure: 882.0
(May 07 2016 04:18:30,    7204 sec) PistonMoveAbsWTO()    009->049 010 011 012 013 014 015 016 017 018 019 020 021 022 023 024 025 026 027 028 029 030 031 032 033 034 035 036 037 038 039 040 041 042 043 044 045 046 047 048 049 [221sec, 14.0Volts, 0.411Amps, CPT:1122sec]
(May 07 2016 05:18:30,   10804 sec) Descent()            Pressure: 915.7
(May 07 2016 06:18:30,   14404 sec) Descent()            Pressure: 951.0
(May 07 2016 07:18:30,   18004 sec) Descent()            Pressure: 969.2
(May 07 2016 07:18:30,   18004 sec) ParkInit()           
(May 07 2016 09:18:59,   25233 sec) Park()               ParkPOutOfBand[-3, 984.5 dbars]: retract piston.
(May 07 2016 09:19:00,   25234 sec) PistonMoveAbsWTO()    049->048 048 [1sec, 14.7Volts, 0.097Amps, CPT:1123sec]
(May 08 2016 01:18:59,   82833 sec) Park()               ParkPOutOfBand[3, 1017.2 dbars]: extend piston.
(May 08 2016 01:19:00,   82834 sec) PistonMoveAbsWTO()    048->049 049 [2sec, 14.3Volts, 0.475Amps, CPT:1125sec]
(May 08 2016 08:19:00,  108033 sec) Park()               ParkPOutOfBand[3, 1010.2 dbars]: extend piston.
(May 08 2016 08:19:00,  108034 sec) PistonMoveAbsWTO()    049->050 050 [6sec, 14.4Volts, 0.455Amps, CPT:1131sec]
(May 08 2016 11:19:00,  118833 sec) Park()               ParkPOutOfBand[-3, 979.8 dbars]: retract piston.
(May 08 2016 11:19:00,  118834 sec) PistonMoveAbsWTO()    050->049 049 [2sec, 14.7Volts, 0.101Amps, CPT:1133sec]
(May 11 2016 10:18:51,  374425 sec) CtdPower()           [ 1001.64,  6.8767, 34.9499]
(May 11 2016 10:18:51,  374425 sec) CtdPower()           CTD Power consumption [191VCnt 10ACnt]: 14.806Volts * 0.040Amps = 0.60Watts.
(May 11 2016 10:18:52,  374426 sec) ParkTerminate()      Piston Position:49 Vacuum:80 Vq:196 Aq:5 Vsbe:191 Asbe:10
(May 11 2016 10:19:19,  374453 sec) ParkTerminate()      PTS: 1002.0dbars 6.8748C 34.9505PSU
(May 11 2016 10:19:20,  374454 sec) GoDeepInit()         Moving piston.
(May 11 2016 10:19:20,  374454 sec) PistonMoveAbsWTO()    049->011 048 047 046 045 044 043 042 041 040 039 038 037 036 035 034 033 032 031 030 029 028 027 026 025 024 023 022 021 020 019 018 017 016 015 014 013 012 011 [192sec, 14.7Volts, 0.077Amps, CPT:1325sec]
(May 11 2016 14:13:30,  388504 sec) GoDeep()             Sequence point detected at 2000.3dbar.
(May 11 2016 14:13:33,  388506 sec) ProfileInit()        PrfId:026  Pressure:2000.3dbar  pTable[0]:2000dbar
(May 11 2016 14:14:10,  388544 sec) Profile()            Sample 0 initiated at 2000.4dbars for bin 0 [2000dbars].  PTS: 2001.0dbars 2.8234C 34.7893PSU
(May 11 2016 14:14:11,  388545 sec) PistonMoveAbsWTO()    011->033 012 013 014 015 016 [30sec, 13.9Volts, 0.745Amps, CPT:1355sec]
(May 11 2016 14:14:51,  388585 sec) PistonMoveAbsWTO()    016->033 017 018 019 020 021 [30sec, 13.6Volts, 0.745Amps, CPT:1385sec]
(May 11 2016 14:16:58,  388712 sec) Sbe41cpStartCP()     Continuous profile started.
(May 11 2016 14:16:58,  388712 sec) PistonMoveAbsWTO()    021->033 022 023 024 025 [30sec, 13.5Volts, 0.778Amps, CPT:1415sec]
(May 11 2016 14:17:38,  388752 sec) PistonMoveAbsWTO()    025->033 026 027 028 029 030 [30sec, 13.3Volts, 0.782Amps, CPT:1445sec]
(May 11 2016 14:18:18,  388792 sec) PistonMoveAbsWTO()    030->033 031 032 033 [20sec, 13.3Volts, 0.758Amps, CPT:1465sec]
(May 11 2016 15:04:30,  391564 sec) AscentControlAgent() Bouyancy nudge to 43 (v=0.079dbar/sec).
(May 11 2016 15:04:31,  391564 sec) PistonMoveAbsWTO()    033->043 034 035 036 037 [30sec, 13.7Volts, 0.697Amps, CPT:1495sec]
(May 11 2016 15:05:10,  391604 sec) PistonMoveAbsWTO()    037->043 038 039 040 041 042 [30sec, 13.6Volts, 0.677Amps, CPT:1525sec]
(May 11 2016 15:05:50,  391644 sec) PistonMoveAbsWTO()    042->043 043 [3sec, 13.6Volts, 0.705Amps, CPT:1528sec]
(May 11 2016 15:46:42,  394096 sec) AscentControlAgent() Bouyancy nudge to 53 (v=0.076dbar/sec).
(May 11 2016 15:46:43,  394096 sec) PistonMoveAbsWTO()    043->053 044 045 046 047 [30sec, 13.8Volts, 0.621Amps, CPT:1558sec]
(May 11 2016 15:47:22,  394136 sec) PistonMoveAbsWTO()    047->053 048 049 050 051 052 [30sec, 13.6Volts, 0.625Amps, CPT:1588sec]
(May 11 2016 15:48:02,  394176 sec) PistonMoveAbsWTO()    052->053 053 [3sec, 13.6Volts, 0.612Amps, CPT:1591sec]
(May 11 2016 16:33:59,  396933 sec) AscentControlAgent() Bouyancy nudge to 63 (v=0.079dbar/sec).
(May 11 2016 16:34:00,  396933 sec) PistonMoveAbsWTO()    053->063 054 055 056 057 [30sec, 14.0Volts, 0.548Amps, CPT:1621sec]
(May 11 2016 16:34:39,  396973 sec) PistonMoveAbsWTO()    058->063 059 060 061 062 [30sec, 13.8Volts, 0.524Amps, CPT:1651sec]
(May 11 2016 16:50:37,  397931 sec) PistonMoveAbsWTO()    063->063 [0sec, 0.0Volts, 0.000Amps, CPT:1651sec]
(May 11 2016 17:36:32,  400686 sec) AscentControlAgent() Bouyancy nudge to 73 (v=0.076dbar/sec).
(May 11 2016 17:36:33,  400686 sec) PistonMoveAbsWTO()    063->073 064 065 066 067 068 [30sec, 14.0Volts, 0.423Amps, CPT:1681sec]
(May 11 2016 17:37:12,  400726 sec) PistonMoveAbsWTO()    068->073 069 070 071 072 073 [29sec, 14.0Volts, 0.415Amps, CPT:1710sec]
(May 11 2016 19:24:47,  407181 sec) AscentControlAgent() Bouyancy nudge to 83 (v=0.062dbar/sec).
(May 11 2016 19:24:48,  407181 sec) PistonMoveAbsWTO()    073->083 074 075 076 077 078 [30sec, 14.4Volts, 0.214Amps, CPT:1740sec]
(May 11 2016 19:25:27,  407221 sec) PistonMoveAbsWTO()    078->083 079 080 081 082 083 [24sec, 14.3Volts, 0.205Amps, CPT:1764sec]
(May 11 2016 19:30:57,  407551 sec) AscentControlAgent() Bouyancy nudge to 93 (v=0.032dbar/sec).
(May 11 2016 19:30:57,  407551 sec) PistonMoveAbsWTO()    083->093 084 085 086 087 088 [30sec, 14.3Volts, 0.214Amps, CPT:1794sec]
(May 11 2016 19:31:37,  407591 sec) PistonMoveAbsWTO()    088->093 089 090 091 092 093 [24sec, 14.3Volts, 0.205Amps, CPT:1818sec]
(May 11 2016 19:37:07,  407921 sec) AscentControlAgent() Bouyancy nudge to 103 (v=0.044dbar/sec).
(May 11 2016 19:37:07,  407921 sec) PistonMoveAbsWTO()    093->103 094 095 096 097 098 [30sec, 14.3Volts, 0.205Amps, CPT:1848sec]
(May 11 2016 19:37:47,  407961 sec) PistonMoveAbsWTO()    098->103 099 100 101 102 103 [24sec, 14.3Volts, 0.197Amps, CPT:1872sec]
(May 11 2016 19:43:17,  408291 sec) AscentControlAgent() Bouyancy nudge to 113 (v=0.030dbar/sec).
(May 11 2016 19:43:17,  408291 sec) PistonMoveAbsWTO()    103->113 104 105 106 107 108 [30sec, 14.3Volts, 0.197Amps, CPT:1902sec]
(May 11 2016 19:43:57,  408331 sec) PistonMoveAbsWTO()    108->113 109 110 111 112 113 [23sec, 14.3Volts, 0.201Amps, CPT:1925sec]
(May 11 2016 19:49:26,  408660 sec) AscentControlAgent() Bouyancy nudge to 123 (v=0.034dbar/sec).
(May 11 2016 19:49:26,  408660 sec) PistonMoveAbsWTO()    113->123 114 115 116 117 118 [30sec, 14.4Volts, 0.193Amps, CPT:1955sec]
(May 11 2016 19:50:06,  408700 sec) PistonMoveAbsWTO()    118->123 119 120 121 122 123 [23sec, 14.3Volts, 0.189Amps, CPT:1978sec]
(May 11 2016 19:55:35,  409029 sec) AscentControlAgent() Bouyancy nudge to 133 (v=0.023dbar/sec).
(May 11 2016 19:55:35,  409029 sec) PistonMoveAbsWTO()    123->133 124 125 126 127 128 [30sec, 14.4Volts, 0.193Amps, CPT:2008sec]
(May 11 2016 19:56:15,  409069 sec) PistonMoveAbsWTO()    128->133 129 130 131 132 133 [23sec, 14.3Volts, 0.189Amps, CPT:2031sec]
(May 11 2016 20:01:44,  409398 sec) AscentControlAgent() Bouyancy nudge to 143 (v=0.059dbar/sec).
(May 11 2016 20:01:45,  409398 sec) PistonMoveAbsWTO()    133->143 134 135 136 137 138 [30sec, 14.4Volts, 0.181Amps, CPT:2061sec]
(May 11 2016 20:02:24,  409438 sec) PistonMoveAbsWTO()    138->143 139 140 141 142 143 [22sec, 14.4Volts, 0.181Amps, CPT:2083sec]
(May 11 2016 20:07:53,  409767 sec) AscentControlAgent() Bouyancy nudge to 153 (v=0.047dbar/sec).
(May 11 2016 20:07:54,  409767 sec) PistonMoveAbsWTO()    143->153 144 145 146 147 148 [30sec, 14.5Volts, 0.177Amps, CPT:2113sec]
(May 11 2016 20:08:33,  409807 sec) PistonMoveAbsWTO()    148->153 149 150 151 152 153 [23sec, 14.4Volts, 0.173Amps, CPT:2136sec]
(May 11 2016 20:14:03,  410137 sec) AscentControlAgent() Bouyancy nudge to 163 (v=0.067dbar/sec).
(May 11 2016 20:14:04,  410137 sec) PistonMoveAbsWTO()    153->163 154 155 156 157 158 [30sec, 14.5Volts, 0.169Amps, CPT:2166sec]
(May 11 2016 20:14:43,  410177 sec) PistonMoveAbsWTO()    158->163 159 160 161 162 163 [22sec, 14.5Volts, 0.165Amps, CPT:2188sec]
(May 11 2016 20:19:08,  410442 sec) AscentControlAgent() Bouyancy nudge to 173 (v=0.068dbar/sec).
(May 11 2016 20:19:09,  410442 sec) PistonMoveAbsWTO()    163->173 164 165 166 167 168 [30sec, 14.5Volts, 0.161Amps, CPT:2218sec]
(May 11 2016 20:19:48,  410482 sec) PistonMoveAbsWTO()    168->173 169 170 171 172 173 [23sec, 14.5Volts, 0.161Amps, CPT:2241sec]
(May 11 2016 20:24:14,  410748 sec) SurfaceDetect()      SurfacePressure:0.0dbars Pressure:3.6dbars PistonPosition:173
(May 11 2016 20:24:15,  410749 sec) Sbe41cpStopCP()      Continuous profile stopped.
(May 11 2016 20:24:21,  410755 sec) PistonMoveAbsWTO()    173->195 174 175 176 177 178 179 180 181 182 183 184 185 186 187 188 189 190 191 192 193 194 195 [112sec, 14.5Volts, 0.137Amps, CPT:2353sec]
(May 11 2016 20:26:22,  410875 sec) sbe41cp.c:chat()     Expected string [S>] not received.
(May 11 2016 20:31:14,  411168 sec) Sbe41cpBinAverage()  Finished averaging 22068 samples in 288 seconds.
(May 11 2016 20:31:19,  411173 sec) Sbe41cpUploadCP()    Sbe41cpSerNo[7258] NSample[22068] NBin[999]
(May 11 2016 20:33:06,  411280 sec) Sbe41cpUploadCP()    Continuous profile uploaded [999 lines].

<EOT>
