(Apr 17 2016 21:05:54,  415969 sec) TelemetryInit()      Profile 21. (Apf9i FwRev: 012811)
(Apr 17 2016 21:12:34,  416368 sec) AirSystem()          Battery [190cnt, 14.7V]  Current [73cnt, 29.4mA]  Barometer [127cnt, 6.8"Hg]  Run-Time [41s]
(Apr 17 2016 21:13:02,  416396 sec) GpsServices()        GPS almanac is current.
(Apr 17 2016 21:13:02,  416396 sec) GpsServices()        Initiating GPS fix acquisition.
(Apr 17 2016 21:13:15,  416409 sec) gga()                $GPGGA,211300,1358.1285,N,08600.8765,E,0,00,,,M,,M,,*5F
(Apr 17 2016 21:13:21,  416416 sec) gga()                $GPGGA,211310,1358.1285,N,08600.8765,E,0,00,,,M,,M,,*5E
(Apr 17 2016 21:13:32,  416426 sec) gga()                $GPGGA,211320,1358.1285,N,08600.8765,E,0,00,,,M,,M,,*5D
(Apr 17 2016 21:13:42,  416436 sec) gga()                $GPGGA,211330,1358.1285,N,08600.8765,E,0,00,,,M,,M,,*5C
(Apr 17 2016 21:14:10,  416464 sec) gga()                $GPGGA,211340,1412.5521,N,08610.6211,E,1,10,0.8,0.6,M,-76.1,M,,*6B
(Apr 17 2016 21:14:10,  416465 sec) GpsServices()        Profile 21 GPS fix obtained in 68 seconds.
(Apr 17 2016 21:14:10,  416465 sec) GpsServices()                  lon     lat mm/dd/yyyy hhmmss nsat
(Apr 17 2016 21:14:10,  416465 sec) GpsServices()        Fix:   86.177  14.209 04/17/2016 211340   10
(Apr 17 2016 21:14:40,  416494 sec) gga()                $GPGGA,211410,1412.5586,N,08610.6259,E,1,11,0.8,-1.0,M,-76.1,M,,*43
(Apr 17 2016 21:14:46,  416500 sec) gga()                $GPGGA,211440,1412.5646,N,08610.6307,E,1,11,0.8,-1.4,M,-76.1,M,,*47
(Apr 17 2016 21:14:46,  416500 sec) GpsServices()        APF9 RTC skew (6s) OK.
(Apr 17 2016 21:14:46,  416501 sec) LogNmeaSentences()   9,317,45,20,31,032,44,21,41,342,46,24,34,122,44*7F
(Apr 17 2016 21:14:46,  416501 sec) LogNmeaSentences()   $GPGSV,3,3,11,25,09,187,42,29,60,192,49,32,14,219,44*4B
(Apr 17 2016 21:14:55,  416510 sec) LogNmeaSentences()   $GPRMC,211450,A,1412.5663,N,08610.6326,E,000.9,014.7,170416,001.3,W*65
(Apr 17 2016 21:14:56,  416510 sec) LogNmeaSentences()   $GPGGA,211450,1412.5663,N,08610.6326,E,1,11,0.8,-1.0,M,-76.1,M,,*46
(Apr 17 2016 21:14:56,  416511 sec) LogNmeaSentences()   $GPGSA,A,3,10,13,14,15,18,20,21,24,25,29,32,,1.1,0.8,0.8*33
(Apr 17 2016 21:14:57,  416511 sec) LogNmeaSentences()   $GPGSV,3,1,11,10,19,283,43,13,14,036,43,14,15,216,37,15,50,032,48*75
(Apr 17 2016 21:14:57,  416511 sec) LogNmeaSentences()   $GPGSV,3,2,11,18,39,317,45,20,31,032,44,21,41,342,46,24,34,122,43*78
(Apr 17 2016 21:14:57,  416512 sec) LogNmeaSentences()   $GPGSV,3,3,11,25,09,187,39,29,60,192,47,32,14,219,41*4C
(Apr 17 2016 21:15:05,  416520 sec) LogNmeaSentences()   $GPRMC,211500,A,1412.5682,N,08610.6340,E,000.0,040.7,170416,001.3,W*66
(Apr 17 2016 21:15:06,  416520 sec) LogNmeaSentences()   $GPGGA,211500,1412.5682,N,08610.6340,E,1,11,0.8,-1.4,M,-76.1,M,,*49
(Apr 17 2016 21:15:06,  416521 sec) LogNmeaSentences()   $GPGSA,A,3,10,13,14,15,18,20,21,24,25,29,32,,1.1,0.8,0.8*33
(Apr 17 2016 21:15:07,  416521 sec) LogNmeaSentences()   $GPGSV,3,1,11,10,19,283,42,13,14,036,42,14,15,216,42,15,49,032,47*70
(Apr 17 2016 21:15:07,  416521 sec) LogNmeaSentences()   $GPGSV,3,2,11,18,39,317,46,20,31,032,45,21,41,342,47,24,34,122,44*7C
(Apr 17 2016 21:15:07,  416522 sec) LogNmeaSentences()   $GPGSV,3,3,11,25,09,187,39,29,60,192,47,32,14,219,43*4E
(Apr 17 2016 21:15:08,  416522 sec) LogNmeaSentences()   $PGRMT,GPS 15x-L software ver. 3.90,,,,,,,,*7D
(Apr 17 2016 21:15:15,  416530 sec) LogNmeaSentences()   $GPRMC,211510,A,1412.5709,N,08610.6357,E,001.4,027.6,170416,001.3,W*66
(Apr 17 2016 21:15:16,  416530 sec) LogNmeaSentences()   $GPGGA,211510,1412.5709,N,08610.6357,E,1,11,0.8,-1.5,M,-76.1,M,,*4D
(Apr 17 2016 21:15:16,  416531 sec) LogNmeaSentences()   $GPGSA,A,3,10,13,14,15,18,20,21,24,25,29,32,,1.1,0.8,0.8*33
(Apr 17 2016 21:15:17,  416531 sec) GpsServices()        GPS services complete.
(Apr 17 2016 21:15:41,  416556 sec) CLogin()             Connecting to primary host.
(Apr 17 2016 21:15:53,  416567 sec) CLogin()             Connection 1 established in 12 seconds.
(Apr 17 2016 21:16:05,  416580 sec) login()              Login successful.
(Apr 17 2016 21:16:09,  416583 sec) CLogin()             Logged in to host.  [Login required 16 seconds]
(Apr 17 2016 21:16:16,  416591 sec) RxConfig()           Downloading "mission.cfg" from host.
(Apr 17 2016 21:16:19,  416593 sec) Rx()                 Initiating transfer. [0x43]
(Apr 17 2016 21:16:21,  416596 sec) RxStartByte()        Sync errors encountered: 640
(Apr 17 2016 21:16:25,  416599 sec) Rx()                 Pad character [0x1a] found in ascii mode - truncating packet.
(Apr 17 2016 21:16:29,  416603 sec) Rx()                 Received EOT - transfer complete. [1 packets, 1024 bytes, 10 sec, 102.4 bps]
(Apr 17 2016 21:16:29,  416603 sec) RxConfig()           Download successful.
(Apr 17 2016 21:16:43,  416617 sec) WriteVitals()        Writing vitals to "7546.021.msg".
(Apr 17 2016 21:16:51,  416625 sec) UpLoadFile()         Uploading "7546.021.msg" to host as "7546.021.msg".
(Apr 17 2016 21:16:53,  416627 sec) Tx()                 CRC negotiation successful. [16-bit CRC]
(Apr 17 2016 21:16:57,  416631 sec) TxPacket()           Invalid response [0x20] - resending packet. [PktNum=0x01]
(Apr 17 2016 21:16:57,  416632 sec) TxPacket()           Packet xmit history: [01110001] (0:ok, 1:fail).
(Apr 17 2016 21:17:25,  416659 sec) TxPacket()           NAK received - resending packet. [PktNum=0x07]
(Apr 17 2016 21:17:25,  416659 sec) TxPacket()           Packet xmit history: [10000001] (0:ok, 1:fail).
(Apr 17 2016 21:18:05,  416699 sec) TxPacket()           NAK received - resending packet. [PktNum=0x0d]
(Apr 17 2016 21:18:05,  416699 sec) TxPacket()           Packet xmit history: [10000001] (0:ok, 1:fail).
(Apr 17 2016 21:18:27,  416721 sec) TxPacket()           NAK received - resending packet. [PktNum=0x10]
(Apr 17 2016 21:18:27,  416721 sec) TxPacket()           Packet xmit history: [00010001] (0:ok, 1:fail).
(Apr 17 2016 21:18:32,  416726 sec) TxPacket()           NAK received - resending packet. [PktNum=0x10]
(Apr 17 2016 21:18:32,  416726 sec) TxPacket()           Packet xmit history: [00100011] (0:ok, 1:fail).
(Apr 17 2016 21:19:27,  416781 sec) Tx()                 Transmission completed successfully [25 packets, 24447 bytes, 153 sec, 161.5 bps]
(Apr 17 2016 21:19:27,  416781 sec) UpLoadFile()         Upload successful.
(Apr 17 2016 21:19:33,  416788 sec) UpLoadFile()         Uploading "7546.021.log" to host as "7546.021.log".
(Apr 17 2016 21:19:36,  416790 sec) Tx()                 CRC negotiation successful. [16-bit CRC]
(Apr 17 2016 21:19:42,  416796 sec) TxPacket()           NAK received - resending packet. [PktNum=0x01]
(Apr 17 2016 21:19:42,  416796 sec) TxPacket()           Packet xmit history: [00000001] (0:ok, 1:fail).
(Apr 17 2016 21:20:51,  416865 sec) TxPacket()           NAK received - resending packet. [PktNum=0x0d]
(Apr 17 2016 21:20:51,  416865 sec) TxPacket()           Packet xmit history: [00000001] (0:ok, 1:fail).
(Apr 17 2016 21:22:48,  416982 sec) TxPacket()           NAK received - resending packet. [PktNum=0x22]
(Apr 17 2016 21:22:48,  416983 sec) TxPacket()           Packet xmit history: [00000001] (0:ok, 1:fail).
(Apr 17 2016 21:22:57,  416991 sec) Tx()                 Transmission completed successfully [34 packets, 34704 bytes, 200 sec, 174.1 bps]
(Apr 17 2016 21:22:57,  416992 sec) UpLoadFile()         Upload successful.
(Apr 17 2016 21:23:03,  416998 sec) UpLoad()             Files successfully uploaded: 2
(Apr 17 2016 21:23:03,  416998 sec) UpLoad()             Upload complete.
(Apr 17 2016 21:23:11,  417005 sec) chat()               Expected string [logout] not received.
(Apr 17 2016 21:23:11,  417005 sec) logout()             Attempt to log-out failed.
(Apr 17 2016 21:23:11,  417005 sec) logout()             No carrier detected.
(Apr 17 2016 21:23:11,  417005 sec) Telemetry()          Telemetry cycle complete: PrfId=21 ConnectionAttempts=1  Connections=1
(Apr 17 2016 21:23:11,  417006 sec) TelemetryTerminate() Parsing new mission configuration.
(Apr 17 2016 21:23:13,  417007 sec) configure()          Parsing configurators in "mission.cfg".
(Apr 17 2016 21:23:17,  417011 sec) configure()             TelemetryRetry(15)      [0x7BBC] [TelemetryRetry(15)].
(Apr 17 2016 21:23:17,  417011 sec) configure()          Configuration CRCs and syntax OK.
(Apr 17 2016 21:23:17,  417011 sec) ConfigSupervisor()   Configuration accepted.
(Apr 17 2016 21:23:17,  417011 sec) TelemetryTerminate() Reconditioning the file system.
(Apr 17 2016 21:23:27,       7 sec) DescentInit()        Deep profile 22 initiated at mission-time 417014sec.
(Apr 17 2016 21:23:29,      10 sec) DescentInit()        Surface pressure: -0.1dbars.
(Apr 17 2016 21:23:34,      15 sec) PistonMoveAbsWTO()    206->049 205 204 203 202 201 200 199 198 197 196 195 194 193 192 191 190 189 188 187 186 185 184 183 182 181 180 179 178 177 176 175 174 173 172 171 170 169 168 167 166 165 164 163 162 161 160 159 158 157 156 155 154 153 152 151 150 149 148 147 146 145 144 143 142 141 140 139 138 137 136 135 134 133 132 131 130 129 128 127 126 125 124 123 122 121 120 119 118 117 116 115 114 113 112 111 110 109 108 107 106 105 104 103 102 101 100 099 098 097 096 095 094 093 092 091 090 089 088 087 086 085 084 083 082 081 080 079 078 077 076 075 074 073 072 071 070 069 068 067 066 065 064 063 062 061 060 059 058 057 056 055 054 053 052 051 050 049 [801sec, 14.7Volts, 0.129Amps, CPT:801sec]
(Apr 17 2016 21:36:55,     816 sec) PistonMoveAbsWTO()    049->000 048 047 046 045 044 043 042 041 040 039 038 037 036 035 034 033 032 031 030 029 028 027 026 025 024 023 022 021 020 019 018 017 016 015 014 013 012 011 010 009 [202sec, 14.7Volts, 0.125Amps, CPT:1003sec]
(Apr 17 2016 21:40:27,    1028 sec) Descent()            Pressure: 105.7
(Apr 17 2016 22:23:23,    3604 sec) Descent()            Pressure: 384.4
(Apr 17 2016 23:23:23,    7204 sec) Descent()            Pressure: 834.6
(Apr 18 2016 00:23:23,   10804 sec) Descent()            Pressure: 1268.9
(Apr 18 2016 00:23:24,   10804 sec) PistonMoveAbsWTO()    009->049 010 011 012 013 014 015 016 017 018 019 020 021 022 023 024 025 026 027 028 029 030 031 032 033 034 035 036 037 038 039 040 041 042 043 044 045 046 047 048 049 [232sec, 13.8Volts, 0.528Amps, CPT:1235sec]
(Apr 18 2016 01:23:23,   14404 sec) Descent()            Pressure: 1058.2
(Apr 18 2016 02:23:23,   18004 sec) Descent()            Pressure: 950.1
(Apr 18 2016 02:23:24,   18004 sec) ParkInit()           
(Apr 18 2016 04:23:53,   25233 sec) Park()               ParkPOutOfBand[-3, 955.0 dbars]: retract piston.
(Apr 18 2016 04:23:53,   25234 sec) PistonMoveAbsWTO()    049->048 048 [2sec, 14.8Volts, 0.097Amps, CPT:1237sec]
(Apr 18 2016 07:23:53,   36033 sec) Park()               ParkPOutOfBand[-3, 972.5 dbars]: retract piston.
(Apr 18 2016 07:23:53,   36034 sec) PistonMoveAbsWTO()    048->047 047 [5sec, 14.8Volts, 0.081Amps, CPT:1242sec]
(Apr 18 2016 11:23:53,   50433 sec) Park()               ParkPOutOfBand[3, 1015.6 dbars]: extend piston.
(Apr 18 2016 11:23:53,   50434 sec) PistonMoveAbsWTO()    047->048 048 [3sec, 14.5Volts, 0.459Amps, CPT:1245sec]
(Apr 18 2016 17:23:53,   72033 sec) Park()               ParkPOutOfBand[3, 1016.1 dbars]: extend piston.
(Apr 18 2016 17:23:53,   72034 sec) PistonMoveAbsWTO()    048->049 049 [5sec, 14.6Volts, 0.471Amps, CPT:1250sec]
(Apr 19 2016 22:23:53,  176434 sec) Park()               ParkPOutOfBand[3, 1010.9 dbars]: extend piston.
(Apr 19 2016 22:23:53,  176434 sec) PistonMoveAbsWTO()    049->050 050 [6sec, 14.4Volts, 0.463Amps, CPT:1256sec]
(Apr 20 2016 01:23:53,  187234 sec) Park()               ParkPOutOfBand[-3, 983.9 dbars]: retract piston.
(Apr 20 2016 01:23:53,  187234 sec) PistonMoveAbsWTO()    050->049 049 [2sec, 14.7Volts, 0.097Amps, CPT:1258sec]
(Apr 22 2016 05:23:45,  374425 sec) CtdPower()           [ 1001.65,  6.7914, 34.9453]
(Apr 22 2016 05:23:45,  374425 sec) CtdPower()           CTD Power consumption [192VCnt 10ACnt]: 14.883Volts * 0.040Amps = 0.60Watts.
(Apr 22 2016 05:23:45,  374426 sec) ParkTerminate()      Piston Position:49 Vacuum:80 Vq:196 Aq:5 Vsbe:192 Asbe:10
(Apr 22 2016 05:24:13,  374453 sec) ParkTerminate()      PTS: 1001.2dbars 6.7916C 34.9453PSU
(Apr 22 2016 05:24:13,  374454 sec) GoDeepInit()         Moving piston.
(Apr 22 2016 05:24:13,  374454 sec) PistonMoveAbsWTO()    049->011 048 047 046 045 044 043 042 041 040 039 038 037 036 035 034 033 032 031 030 029 028 027 026 025 024 023 022 021 020 019 018 017 016 015 014 013 012 011 [192sec, 14.7Volts, 0.068Amps, CPT:1450sec]
(Apr 22 2016 09:28:23,  389104 sec) GoDeep()             Sequence point detected at 2000.7dbar.
(Apr 22 2016 09:28:26,  389106 sec) ProfileInit()        PrfId:022  Pressure:2000.8dbar  pTable[0]:2000dbar
(Apr 22 2016 09:29:04,  389144 sec) Profile()            Sample 0 initiated at 2000.9dbars for bin 0 [2000dbars].  PTS: 2001.1dbars 2.8008C 34.7879PSU
(Apr 22 2016 09:29:04,  389145 sec) PistonMoveAbsWTO()    011->033 012 013 014 015 016 [30sec, 14.0Volts, 0.741Amps, CPT:1480sec]
(Apr 22 2016 09:29:44,  389185 sec) PistonMoveAbsWTO()    016->033 017 018 019 020 021 [30sec, 13.6Volts, 0.766Amps, CPT:1510sec]
(Apr 22 2016 09:31:51,  389312 sec) Sbe41cpStartCP()     Continuous profile started.
(Apr 22 2016 09:31:51,  389312 sec) PistonMoveAbsWTO()    021->033 022 023 024 025 [30sec, 13.6Volts, 0.782Amps, CPT:1540sec]
(Apr 22 2016 09:32:32,  389352 sec) PistonMoveAbsWTO()    025->033 026 027 028 029 030 [30sec, 13.4Volts, 0.778Amps, CPT:1570sec]
(Apr 22 2016 09:33:12,  389392 sec) PistonMoveAbsWTO()    030->033 031 032 033 [20sec, 13.4Volts, 0.758Amps, CPT:1590sec]
(Apr 22 2016 10:19:23,  392164 sec) AscentControlAgent() Bouyancy nudge to 43 (v=0.075dbar/sec).
(Apr 22 2016 10:19:24,  392164 sec) PistonMoveAbsWTO()    033->043 034 035 036 037 [30sec, 13.8Volts, 0.709Amps, CPT:1620sec]
(Apr 22 2016 10:20:04,  392204 sec) PistonMoveAbsWTO()    037->043 038 039 040 041 042 [30sec, 13.6Volts, 0.701Amps, CPT:1650sec]
(Apr 22 2016 10:20:44,  392244 sec) PistonMoveAbsWTO()    042->043 043 [3sec, 13.6Volts, 0.685Amps, CPT:1653sec]
(Apr 22 2016 11:01:35,  394696 sec) AscentControlAgent() Bouyancy nudge to 53 (v=0.076dbar/sec).
(Apr 22 2016 11:01:36,  394696 sec) PistonMoveAbsWTO()    043->053 044 045 046 047 [30sec, 13.9Volts, 0.637Amps, CPT:1683sec]
(Apr 22 2016 11:02:16,  394736 sec) PistonMoveAbsWTO()    047->053 048 049 050 051 052 [30sec, 13.7Volts, 0.633Amps, CPT:1713sec]
(Apr 22 2016 11:02:56,  394776 sec) PistonMoveAbsWTO()    052->053 053 [2sec, 13.7Volts, 0.616Amps, CPT:1715sec]
(Apr 22 2016 11:48:51,  397532 sec) AscentControlAgent() Bouyancy nudge to 63 (v=0.077dbar/sec).
(Apr 22 2016 11:48:52,  397532 sec) PistonMoveAbsWTO()    053->063 054 055 056 057 [30sec, 14.0Volts, 0.556Amps, CPT:1745sec]
(Apr 22 2016 11:49:32,  397572 sec) PistonMoveAbsWTO()    058->063 059 060 061 062 [30sec, 13.8Volts, 0.528Amps, CPT:1775sec]
(Apr 22 2016 12:46:07,  400968 sec) AscentControlAgent() Bouyancy nudge to 73 (v=0.076dbar/sec).
(Apr 22 2016 12:46:08,  400968 sec) PistonMoveAbsWTO()    063->073 064 065 066 067 068 [30sec, 14.1Volts, 0.439Amps, CPT:1805sec]
(Apr 22 2016 12:46:48,  401008 sec) PistonMoveAbsWTO()    068->073 069 070 071 072 073 [29sec, 14.0Volts, 0.431Amps, CPT:1834sec]
(Apr 22 2016 14:39:28,  407769 sec) AscentControlAgent() Bouyancy nudge to 83 (v=0.069dbar/sec).
(Apr 22 2016 14:39:29,  407769 sec) PistonMoveAbsWTO()    073->083 074 075 076 077 078 [30sec, 14.4Volts, 0.210Amps, CPT:1864sec]
(Apr 22 2016 14:40:09,  407809 sec) PistonMoveAbsWTO()    078->083 079 080 081 082 083 [24sec, 14.3Volts, 0.205Amps, CPT:1888sec]
(Apr 22 2016 14:45:38,  408139 sec) AscentControlAgent() Bouyancy nudge to 93 (v=0.059dbar/sec).
(Apr 22 2016 14:45:39,  408139 sec) PistonMoveAbsWTO()    083->093 084 085 086 087 088 [30sec, 14.3Volts, 0.201Amps, CPT:1918sec]
(Apr 22 2016 14:46:19,  408179 sec) PistonMoveAbsWTO()    088->093 089 090 091 092 093 [24sec, 14.3Volts, 0.201Amps, CPT:1942sec]
(Apr 22 2016 14:51:48,  408509 sec) AscentControlAgent() Bouyancy nudge to 103 (v=0.059dbar/sec).
(Apr 22 2016 14:51:49,  408509 sec) PistonMoveAbsWTO()    093->103 094 095 096 097 098 [30sec, 14.4Volts, 0.197Amps, CPT:1972sec]
(Apr 22 2016 14:52:29,  408549 sec) PistonMoveAbsWTO()    098->103 099 100 101 102 103 [23sec, 14.3Volts, 0.189Amps, CPT:1995sec]
(Apr 22 2016 14:57:57,  408878 sec) AscentControlAgent() Bouyancy nudge to 113 (v=0.045dbar/sec).
(Apr 22 2016 14:57:58,  408878 sec) PistonMoveAbsWTO()    103->113 104 105 106 107 108 [30sec, 14.4Volts, 0.193Amps, CPT:2025sec]
(Apr 22 2016 14:58:38,  408918 sec) PistonMoveAbsWTO()    108->113 109 110 111 112 113 [23sec, 14.3Volts, 0.185Amps, CPT:2048sec]
(Apr 22 2016 15:04:06,  409247 sec) AscentControlAgent() Bouyancy nudge to 123 (v=0.019dbar/sec).
(Apr 22 2016 15:04:07,  409247 sec) PistonMoveAbsWTO()    113->123 114 115 116 117 118 [30sec, 14.4Volts, 0.185Amps, CPT:2078sec]
(Apr 22 2016 15:04:47,  409287 sec) PistonMoveAbsWTO()    118->123 119 120 121 122 123 [22sec, 14.4Volts, 0.185Amps, CPT:2100sec]
(Apr 22 2016 15:10:15,  409616 sec) AscentControlAgent() Bouyancy nudge to 133 (v=0.020dbar/sec).
(Apr 22 2016 15:10:16,  409616 sec) PistonMoveAbsWTO()    123->133 124 125 126 127 128 [30sec, 14.5Volts, 0.177Amps, CPT:2130sec]
(Apr 22 2016 15:10:56,  409656 sec) PistonMoveAbsWTO()    128->133 129 130 131 132 133 [22sec, 14.4Volts, 0.185Amps, CPT:2152sec]
(Apr 22 2016 15:16:24,  409985 sec) AscentControlAgent() Bouyancy nudge to 143 (v=0.020dbar/sec).
(Apr 22 2016 15:16:25,  409985 sec) PistonMoveAbsWTO()    133->143 134 135 136 137 138 [30sec, 14.5Volts, 0.181Amps, CPT:2182sec]
(Apr 22 2016 15:17:05,  410025 sec) PistonMoveAbsWTO()    138->143 139 140 141 142 143 [23sec, 14.4Volts, 0.177Amps, CPT:2205sec]
(Apr 22 2016 15:22:34,  410355 sec) AscentControlAgent() Bouyancy nudge to 153 (v=0.054dbar/sec).
(Apr 22 2016 15:22:35,  410355 sec) PistonMoveAbsWTO()    143->153 144 145 146 147 148 [30sec, 14.5Volts, 0.173Amps, CPT:2235sec]
(Apr 22 2016 15:23:15,  410395 sec) PistonMoveAbsWTO()    148->153 149 150 151 152 153 [22sec, 14.5Volts, 0.169Amps, CPT:2257sec]
(Apr 22 2016 15:28:43,  410724 sec) AscentControlAgent() Bouyancy nudge to 163 (v=0.044dbar/sec).
(Apr 22 2016 15:28:44,  410724 sec) PistonMoveAbsWTO()    153->163 154 155 156 157 158 [30sec, 14.6Volts, 0.165Amps, CPT:2287sec]
(Apr 22 2016 15:29:24,  410764 sec) PistonMoveAbsWTO()    158->163 159 160 161 162 163 [22sec, 14.5Volts, 0.165Amps, CPT:2309sec]
(Apr 22 2016 15:33:48,  411029 sec) AscentControlAgent() Bouyancy nudge to 173 (v=0.057dbar/sec).
(Apr 22 2016 15:33:49,  411029 sec) PistonMoveAbsWTO()    163->173 164 165 166 167 168 [30sec, 14.6Volts, 0.165Amps, CPT:2339sec]
(Apr 22 2016 15:34:29,  411069 sec) PistonMoveAbsWTO()    168->173 169 170 171 172 173 [23sec, 14.5Volts, 0.161Amps, CPT:2362sec]
(Apr 22 2016 15:38:53,  411334 sec) AscentControlAgent() Bouyancy nudge to 183 (v=0.033dbar/sec).
(Apr 22 2016 15:38:54,  411334 sec) PistonMoveAbsWTO()    173->183 174 175 [15sec, 14.6Volts, 0.161Amps, CPT:2377sec]
(Apr 22 2016 15:39:19,  411359 sec) PistonMoveAbsWTO()    175->183 176 177 178 [15sec, 14.6Volts, 0.157Amps, CPT:2392sec]
(Apr 22 2016 15:39:44,  411384 sec) PistonMoveAbsWTO()    178->183 179 180 181 [15sec, 14.6Volts, 0.161Amps, CPT:2407sec]
(Apr 22 2016 15:40:09,  411409 sec) PistonMoveAbsWTO()    181->183 182 183 [8sec, 14.6Volts, 0.161Amps, CPT:2415sec]
(Apr 22 2016 15:42:19,  411540 sec) SurfaceDetect()      SurfacePressure:-0.1dbars Pressure:3.5dbars PistonPosition:183
(Apr 22 2016 15:42:20,  411541 sec) Sbe41cpStopCP()      Continuous profile stopped.
(Apr 22 2016 15:42:26,  411547 sec) PistonMoveAbsWTO()    183->205 184 185 186 187 188 189 190 191 192 193 194 195 196 197 198 199 200 201 202 203 204 205 [112sec, 14.5Volts, 0.137Amps, CPT:2527sec]
(Apr 22 2016 15:44:28,  411668 sec) sbe41cp.c:chat()     Expected string [S>] not received.
(Apr 22 2016 15:49:23,  411964 sec) Sbe41cpBinAverage()  Finished averaging 22260 samples in 291 seconds.
(Apr 22 2016 15:49:28,  411969 sec) Sbe41cpUploadCP()    Sbe41cpSerNo[7258] NSample[22260] NBin[999]
(Apr 22 2016 15:51:15,  412076 sec) Sbe41cpUploadCP()    Continuous profile uploaded [999 lines].

<EOT>
