(Jan 11 2016 21:51:41,    2193 sec) AirSystem()          Air-bladder inflation by-passed. Barometer: [131cnt, 8.0"Hg].
(Jan 11 2016 21:52:52,    2264 sec) GpsServices()        GPS almanac is current.
(Jan 11 2016 21:52:52,    2265 sec) GpsServices()        Initiating GPS fix acquisition.
(Jan 11 2016 21:53:04,    2277 sec) gga()                $GPGGA,215240,1700.2922,N,08837.1558,E,0,00,,,M,,M,,*5D
(Jan 11 2016 21:53:14,    2286 sec) gga()                $GPGGA,215250,1700.2922,N,08837.1558,E,0,00,,,M,,M,,*5C
(Jan 11 2016 21:53:24,    2296 sec) gga()                $GPGGA,215300,1700.2922,N,08837.1558,E,0,00,,,M,,M,,*58
(Jan 11 2016 21:53:34,    2306 sec) gga()                $GPGGA,215310,1700.2922,N,08837.1558,E,0,00,,,M,,M,,*59
(Jan 11 2016 21:53:44,    2316 sec) gga()                $GPGGA,215320,1700.2922,N,08837.1558,E,0,00,,,M,,M,,*5A
(Jan 11 2016 21:53:54,    2326 sec) gga()                $GPGGA,215330,1700.2922,N,08837.1558,E,0,00,,,M,,M,,*5B
(Jan 11 2016 21:54:04,    2336 sec) gga()                $GPGGA,215340,1700.2922,N,08837.1558,E,0,00,,,M,,M,,*5C
(Jan 11 2016 21:54:14,    2346 sec) gga()                $GPGGA,215350,1700.2922,N,08837.1558,E,0,00,,,M,,M,,*5D
(Jan 11 2016 21:54:24,    2357 sec) gga()                $GPGGA,215400,1700.2922,N,08837.1558,E,0,00,,,M,,M,,*5F
(Jan 11 2016 21:54:34,    2366 sec) gga()                $GPGGA,215410,1700.2922,N,08837.1558,E,0,00,,,M,,M,,*5E
(Jan 11 2016 21:54:44,    2376 sec) gga()                $GPGGA,215420,1700.2922,N,08837.1558,E,0,00,,,M,,M,,*5D
(Jan 11 2016 21:55:04,    2396 sec) gga()                $GPGGA,215440,1700.2922,N,08837.1558,E,0,00,,,M,,M,,*5B
(Jan 11 2016 21:55:14,    2406 sec) gga()                $GPGGA,215450,1700.2922,N,08837.1558,E,0,00,,,M,,M,,*5A
(Jan 11 2016 21:55:24,    2416 sec) gga()                $GPGGA,215500,1700.2922,N,08837.1558,E,0,00,,,M,,M,,*5E
(Jan 11 2016 21:55:34,    2426 sec) gga()                $GPGGA,215510,1700.2922,N,08837.1558,E,0,00,,,M,,M,,*5F
(Jan 11 2016 21:55:44,    2436 sec) gga()                $GPGGA,215520,1700.2922,N,08837.1558,E,0,00,,,M,,M,,*5C
(Jan 11 2016 21:55:54,    2446 sec) gga()                $GPGGA,215530,1700.2922,N,08837.1558,E,0,00,,,M,,M,,*5D
(Jan 11 2016 21:56:04,    2456 sec) gga()                $GPGGA,215540,1700.2922,N,08837.1558,E,0,00,,,M,,M,,*5A
(Jan 11 2016 21:56:14,    2466 sec) gga()                $GPGGA,215550,1700.2922,N,08837.1558,E,0,00,,,M,,M,,*5B
(Jan 11 2016 21:56:24,    2476 sec) gga()                $GPGGA,215600,1700.2922,N,08837.1558,E,0,00,,,M,,M,,*5D
(Jan 11 2016 21:56:34,    2486 sec) gga()                $GPGGA,215610,1700.2922,N,08837.1558,E,0,00,,,M,,M,,*5C
(Jan 11 2016 21:56:44,    2496 sec) gga()                $GPGGA,215620,1700.2922,N,08837.1558,E,0,00,,,M,,M,,*5F
(Jan 11 2016 21:56:54,    2506 sec) gga()                $GPGGA,215630,1700.2922,N,08837.1558,E,0,00,,,M,,M,,*5E
(Jan 11 2016 21:57:04,    2516 sec) gga()                $GPGGA,215640,1700.2922,N,08837.1558,E,0,00,,,M,,M,,*59
(Jan 11 2016 21:57:42,    2555 sec) gga()                $GPGGA,215700,1429.9142,N,08526.1864,E,1,05,1.1,2.1,M,-77.3,M,,*69
(Jan 11 2016 21:57:42,    2555 sec) GpsServices()        Profile 0 GPS fix obtained in 290 seconds.
(Jan 11 2016 21:57:43,    2555 sec) GpsServices()                  lon     lat mm/dd/yyyy hhmmss nsat
(Jan 11 2016 21:57:43,    2555 sec) GpsServices()        Fix:   85.436  14.499 01/11/2016 215700    5
(Jan 11 2016 21:58:12,    2585 sec) gga()                $GPGGA,215730,1429.9145,N,08526.1799,E,1,08,0.9,2.9,M,-77.3,M,,*6C
(Jan 11 2016 21:58:18,    2590 sec) gga()                $GPGGA,215800,1429.9142,N,08526.1711,E,1,08,0.9,-1.4,M,-77.3,M,,*44
(Jan 11 2016 21:58:18,    2591 sec) GpsServices()        APF9 RTC skew (18s) OK.
(Jan 11 2016 21:58:18,    2591 sec) LogNmeaSentences()   193,36,17,25,063,41,19,19,067,38,24,26,270,39*77
(Jan 11 2016 21:58:19,    2591 sec) LogNmeaSentences()   $GPGSV,3,3,10,28,30,135,42,09,02,092,00*70
(Jan 11 2016 21:58:19,    2591 sec) LogNmeaSentences()   $PGRMT,GPS 15x-L software ver. 3.90,,,,,,,,*7D
(Jan 11 2016 21:58:28,    2600 sec) LogNmeaSentences()   $GPRMC,215810,A,1429.9149,N,08526.1684,E,000.9,270.3,110116,001.3,W*69
(Jan 11 2016 21:58:28,    2601 sec) LogNmeaSentences()   $GPGGA,215810,1429.9149,N,08526.1684,E,1,08,0.9,-2.4,M,-77.3,M,,*40
(Jan 11 2016 21:58:29,    2601 sec) LogNmeaSentences()   $GPGSA,A,3,02,05,06,12,,17,19,24,28,,,,1.3,0.9,0.9*30
(Jan 11 2016 21:58:29,    2601 sec) LogNmeaSentences()   $GPGSV,3,1,09,02,57,311,45,05,41,186,46,06,41,015,43,12,29,329,37*79
(Jan 11 2016 21:58:29,    2602 sec) LogNmeaSentences()   $GPGSV,3,2,09,13,04,193,33,17,25,063,40,19,19,067,38,24,26,270,39*7B
(Jan 11 2016 21:58:30,    2602 sec) LogNmeaSentences()   $GPGSV,3,3,09,28,30,135,42*48
(Jan 11 2016 21:58:38,    2610 sec) LogNmeaSentences()   $GPRMC,215820,A,1429.9152,N,08526.1660,E,000.0,273.8,110116,001.3,W*6B
(Jan 11 2016 21:58:38,    2611 sec) LogNmeaSentences()   $GPGGA,215820,1429.9152,N,08526.1660,E,1,08,0.9,-3.2,M,-77.3,M,,*44
(Jan 11 2016 21:58:39,    2611 sec) LogNmeaSentences()   $GPGSA,A,3,02,05,06,12,17,19,24,28,,,,,1.3,0.9,0.9*30
(Jan 11 2016 21:58:39,    2611 sec) LogNmeaSentences()   $GPGSV,2,1,08,02,57,311,19,05,41,186,22,06,41,015,18,12,29,329,18*71
(Jan 11 2016 21:58:39,    2612 sec) LogNmeaSentences()   $GPGSV,2,2,08,17,25,063,19,19,19,067,18,24,26,270,18,28,30,135,21*76
(Jan 11 2016 21:58:48,    2620 sec) LogNmeaSentences()   $GPRMC,215830,A,1429.9154,N,08526.1636,E,000.7,320.3,110116,001.3,W*64
(Jan 11 2016 21:58:48,    2621 sec) LogNmeaSentences()   $GPGGA,215830,1429.9154,N,08526.1636,E,1,08,0.9,-2.1,M,-77.3,M,,*42
(Jan 11 2016 21:58:49,    2621 sec) GpsServices()        GPS services complete.
(Jan 11 2016 22:00:52,    2744 sec) Telemetry()          Iridium modem registration failed.
(Jan 11 2016 22:16:00,    3653 sec) Prelude()            Logging configuration and initiating telemetry.
(Jan 11 2016 22:16:00,    3653 sec) LogConfiguration()   Mission configuration for Apf9i FwRev 012811:
(Jan 11 2016 22:16:00,    3653 sec) LogConfiguration()      AscentTimeOut(540) [min]
(Jan 11 2016 22:16:00,    3653 sec) LogConfiguration()      AtDialCmd(AT+CBST=71,0,1;DT0088160000573) [primary]
(Jan 11 2016 22:16:01,    3653 sec) LogConfiguration()      AltDialCmd(AT+CBST=7.0,1;DT0013016366303) [alternate]
(Jan 11 2016 22:16:01,    3653 sec) LogConfiguration()      BuoyancyNudge(10) [count]
(Jan 11 2016 22:16:01,    3653 sec) LogConfiguration()      BuoyancyNudgeInitial(22) [count]
(Jan 11 2016 22:16:01,    3653 sec) LogConfiguration()      ConnectTimeOut(60) [sec]
(Jan 11 2016 22:16:01,    3653 sec) LogConfiguration()      CpActivationP(2000) [dbar]
(Jan 11 2016 22:16:01,    3654 sec) LogConfiguration()      DeepProfileDescentTime(300) [min]
(Jan 11 2016 22:16:01,    3654 sec) LogConfiguration()      DeepProfilePistonPos(16) [count]
(Jan 11 2016 22:16:01,    3654 sec) LogConfiguration()      DeepProfilePressure(2000) [dbar]
(Jan 11 2016 22:16:01,    3654 sec) LogConfiguration()      CompensatorHyperRetraction(254) [count]
(Jan 11 2016 22:16:02,    3654 sec) LogConfiguration()      DownTime(6540) [min]
(Jan 11 2016 22:16:02,    3654 sec) LogConfiguration()      FloatId(7546)
(Jan 11 2016 22:16:02,    3654 sec) LogConfiguration()      FullExtension(226) [count]
(Jan 11 2016 22:16:02,    3654 sec) LogConfiguration()      FullRetraction(9) [count]
(Jan 11 2016 22:16:02,    3654 sec) LogConfiguration()      MaxAirBladder(124) [count]
(Jan 11 2016 22:16:02,    3654 sec) LogConfiguration()      MaxLogKb(40) [KByte]
(Jan 11 2016 22:16:02,    3655 sec) LogConfiguration()      MissionPrelude(360) [min]
(Jan 11 2016 22:16:02,    3655 sec) LogConfiguration()      OkVacuum(96) [count]
(Jan 11 2016 22:16:02,    3655 sec) LogConfiguration()      PActivationPistonPosition(16) [count]
(Jan 11 2016 22:16:02,    3655 sec) LogConfiguration()      ParkDescentTime(300) [min]
(Jan 11 2016 22:16:03,    3655 sec) LogConfiguration()      ParkPistonPos(66) [count]
(Jan 11 2016 22:16:03,    3655 sec) LogConfiguration()      ParkPressure(1000) [dbar]
(Jan 11 2016 22:16:03,    3655 sec) LogConfiguration()      PnPCycleLen(1)
(Jan 11 2016 22:16:03,    3655 sec) LogConfiguration()      Pwd(0xb583)
(Jan 11 2016 22:16:03,    3655 sec) LogConfiguration()      TelemetryRetry(15) [min]
(Jan 11 2016 22:16:03,    3655 sec) LogConfiguration()      TimeOfDay(DISABLED) [min]
(Jan 11 2016 22:16:03,    3656 sec) LogConfiguration()      UpTime(660) [min]
(Jan 11 2016 22:16:03,    3656 sec) LogConfiguration()      User(f7546)
(Jan 11 2016 22:16:03,    3656 sec) LogConfiguration()      Verbosity(2)
(Jan 11 2016 22:16:03,    3656 sec) LogConfiguration()      DebugBits(0x0002)

<EOT>
