(Dec 29 2016 09:57:53,  410109 sec) TelemetryInit()      Profile 74. (Apf9i FwRev: 012811)
(Dec 29 2016 10:04:45,  410521 sec) AirSystem()          Battery [188cnt, 14.6V]  Current [71cnt, 28.6mA]  Barometer [127cnt, 6.8"Hg]  Run-Time [46s]
(Dec 29 2016 10:05:21,  410557 sec) GpsServices()        GPS almanac is current.
(Dec 29 2016 10:05:21,  410557 sec) GpsServices()        Initiating GPS fix acquisition.
(Dec 29 2016 10:05:34,  410570 sec) gga()                $GPGGA,100500,1217.7720,N,08255.8557,E,0,00,,,M,,M,,*5B
(Dec 29 2016 10:05:40,  410577 sec) gga()                $GPGGA,100510,1217.7720,N,08255.8557,E,0,00,,,M,,M,,*5A
(Dec 29 2016 10:05:50,  410587 sec) gga()                $GPGGA,100520,1217.7720,N,08255.8557,E,0,00,,,M,,M,,*59
(Dec 29 2016 10:06:00,  410597 sec) gga()                $GPGGA,100530,1217.7720,N,08255.8557,E,0,00,,,M,,M,,*58
(Dec 29 2016 10:06:10,  410607 sec) gga()                $GPGGA,100540,1217.7720,N,08255.8557,E,0,00,,,M,,M,,*5F
(Dec 29 2016 10:06:20,  410617 sec) gga()                $GPGGA,100550,1217.7720,N,08255.8557,E,0,00,,,M,,M,,*5E
(Dec 29 2016 10:06:30,  410627 sec) gga()                $GPGGA,100600,1217.7720,N,08255.8557,E,0,00,,,M,,M,,*58
(Dec 29 2016 10:06:40,  410637 sec) gga()                $GPGGA,100610,1217.7720,N,08255.8557,E,0,00,,,M,,M,,*59
(Dec 29 2016 10:06:50,  410647 sec) gga()                $GPGGA,100620,1217.7720,N,08255.8557,E,0,00,,,M,,M,,*5A
(Dec 29 2016 10:07:00,  410657 sec) gga()                $GPGGA,100630,1217.7720,N,08255.8557,E,0,00,,,M,,M,,*5B
(Dec 29 2016 10:07:10,  410667 sec) gga()                $GPGGA,100640,1217.7720,N,08255.8557,E,0,00,,,M,,M,,*5C
(Dec 29 2016 10:07:20,  410677 sec) gga()                $GPGGA,100650,1217.7720,N,08255.8557,E,0,00,,,M,,M,,*5D
(Dec 29 2016 10:07:59,  410715 sec) gga()                $GPGGA,100710,1223.5085,N,08302.2754,E,1,10,0.7,-5.2,M,-86.8,M,,*45
(Dec 29 2016 10:07:59,  410715 sec) GpsServices()        Profile 74 GPS fix obtained in 158 seconds.
(Dec 29 2016 10:07:59,  410715 sec) GpsServices()                  lon     lat mm/dd/yyyy hhmmss nsat
(Dec 29 2016 10:07:59,  410715 sec) GpsServices()        Fix:   83.038  12.392 12/29/2016 100710   10
(Dec 29 2016 10:08:29,  410745 sec) gga()                $GPGGA,100740,1223.5080,N,08302.2677,E,1,11,0.7,-6.8,M,-86.8,M,,*4D
(Dec 29 2016 10:08:34,  410751 sec) gga()                $GPGGA,100810,1223.5076,N,08302.2606,E,1,11,0.7,-6.9,M,-86.8,M,,*49
(Dec 29 2016 10:08:35,  410751 sec) GpsServices()        APF9 RTC skew (25s) OK.
(Dec 29 2016 10:08:35,  410751 sec) LogNmeaSentences()   3,041,41,16,50,170,48,22,41,323,41,26,66,111,48*7D
(Dec 29 2016 10:08:35,  410751 sec) LogNmeaSentences()   $GPGSV,3,3,12,27,10,178,43,31,36,017,42,32,23,071,42,23,05,304,00*73
(Dec 29 2016 10:08:44,  410760 sec) LogNmeaSentences()   $GPRMC,100820,A,1223.5074,N,08302.2588,E,001.4,191.4,291216,001.6,W*65
(Dec 29 2016 10:08:45,  410761 sec) LogNmeaSentences()   $GPGGA,100820,1223.5074,N,08302.2588,E,1,11,0.7,-6.1,M,-86.8,M,,*45
(Dec 29 2016 10:08:45,  410761 sec) LogNmeaSentences()   $GPGSA,A,3,01,03,10,11,14,16,22,26,27,31,32,,1.1,0.7,0.8*3E
(Dec 29 2016 10:08:46,  410762 sec) LogNmeaSentences()   $GPGSV,3,1,12,01,27,270,43,03,25,326,42,10,26,140,46,11,15,246,40*79
(Dec 29 2016 10:08:46,  410762 sec) LogNmeaSentences()   $GPGSV,3,2,12,14,33,041,44,16,50,170,48,22,41,323,39,26,66,111,48*77
(Dec 29 2016 10:08:46,  410762 sec) LogNmeaSentences()   $GPGSV,3,3,12,27,10,178,41,31,36,017,45,32,23,071,45,23,05,304,00*71
(Dec 29 2016 10:08:54,  410770 sec) LogNmeaSentences()   $GPRMC,100830,A,1223.5073,N,08302.2561,E,001.6,252.7,291216,001.6,W*69
(Dec 29 2016 10:08:55,  410771 sec) LogNmeaSentences()   $GPGGA,100830,1223.5073,N,08302.2561,E,1,11,0.7,-7.4,M,-86.8,M,,*40
(Dec 29 2016 10:08:55,  410771 sec) LogNmeaSentences()   $GPGSA,A,3,01,03,10,11,14,16,22,26,27,31,32,,1.1,0.7,0.8*3E
(Dec 29 2016 10:08:55,  410772 sec) LogNmeaSentences()   $GPGSV,3,1,12,01,27,270,41,03,25,326,40,10,26,140,44,11,15,245,40*78
(Dec 29 2016 10:08:56,  410772 sec) LogNmeaSentences()   $GPGSV,3,2,12,14,33,042,41,16,50,169,47,22,41,323,44,26,66,111,47*73
(Dec 29 2016 10:08:56,  410772 sec) LogNmeaSentences()   $GPGSV,3,3,12,27,10,178,41,31,36,017,43,32,23,071,42,23,05,304,00*70
(Dec 29 2016 10:09:04,  410780 sec) LogNmeaSentences()   $GPRMC,100840,A,1223.5078,N,08302.2537,E,000.7,268.6,291216,001.6,W*6E
(Dec 29 2016 10:09:05,  410781 sec) LogNmeaSentences()   $GPGGA,100840,1223.5078,N,08302.2537,E,1,11,0.7,-7.4,M,-86.8,M,,*4F
(Dec 29 2016 10:09:05,  410781 sec) LogNmeaSentences()   $GPGSA,A,3,01,03,10,11,14,16,22,26,27,31,32,,1.1,0.7,0.8*3E
(Dec 29 2016 10:09:05,  410782 sec) LogNmeaSentences()   $GPGSV,3,1,12,01,27,270,43,03,25,326,44,10,26,140,44,11,15,245,40*7E
(Dec 29 2016 10:09:06,  410782 sec) LogNmeaSentences()   $GPGSV,3,2,12,14,33,042,42,16,50,169,49,22,42,323,45,26,66,110,49*73
(Dec 29 2016 10:09:06,  410782 sec) LogNmeaSentences()   $GPGSV,3,3,12,27,10,178,43,31,36,017,46,32,23,071,44,23,05,304,00*71
(Dec 29 2016 10:09:14,  410791 sec) LogNmeaSentences()   $GPRMC,100850,A,1223.5071,N,08302.2533,E,001.6,229.2,291216,001.6,W*63
(Dec 29 2016 10:09:15,  410791 sec) LogNmeaSentences()   $GPGGA,100850,1223.5071,N,08302.2533,E,1,11,0.7,-7.3,M,-86.8,M,,*44
(Dec 29 2016 10:09:15,  410791 sec) LogNmeaSentences()   $GPGSA,A,3,01,03,10,11,14,16,22,26,27,31,32,,1.1,0.7,0.8*3E
(Dec 29 2016 10:09:16,  410792 sec) LogNmeaSentences()   $GPGSV,3,1,12,01,27,270,43,03,26,326,38,10,26,140,45,11,15,245,41*76
(Dec 29 2016 10:09:16,  410792 sec) LogNmeaSentences()   $GPGSV,3,2,12,14,33,042,42,16,50,169,48,22,42,323,41,26,66,110,46*79
(Dec 29 2016 10:09:16,  410792 sec) LogNmeaSentences()   $GPGSV,3,3,12,27,10,178,36,31,35,017,41,32,23,071,35,23,05,304,00*71
(Dec 29 2016 10:09:24,  410801 sec) LogNmeaSentences()   $GPRMC,100900,A,1223.5069,N,08302.2490,E,000.6,256.5,291216,001.6,W*68
(Dec 29 2016 10:09:25,  410801 sec) LogNmeaSentences()   $GPGGA,100900,1223.5069,N,08302.2490,E,1,11,0.7,-6.5,M,-86.8,M,,*46
(Dec 29 2016 10:09:25,  410801 sec) LogNmeaSentences()   $GPGSA,A,3,01,03,10,11,14,16,22,26,27,31,32,,1.1,0.7,0.8*3E
(Dec 29 2016 10:09:26,  410802 sec) LogNmeaSentences()   $GPGSV,3,1,12,01,27,270,43,03,26,326,42,10,26,140,46,11,15,245,41*78
(Dec 29 2016 10:09:26,  410802 sec) LogNmeaSentences()   $GPGSV,3,2,12,14,33,042,45,16,50,169,47,22,42,323,46,26,66,110,47*77
(Dec 29 2016 10:09:26,  410802 sec) LogNmeaSentences()   $GPGSV,3,3,12,27,10,178,40,31,35,017,44,32,23,071,44,23,05,304,00*73
(Dec 29 2016 10:09:27,  410803 sec) LogNmeaSentences()   $PGRMT,GPS 15x-L software ver. 3.90,,,,,,,,*7D
(Dec 29 2016 10:09:27,  410803 sec) GpsServices()        GPS services complete.
(Dec 29 2016 10:10:07,  410843 sec) CLogin()             Connecting to primary host.
(Dec 29 2016 10:10:21,  410857 sec) CLogin()             Connection 1 established in 14 seconds.
(Dec 29 2016 10:10:38,  410875 sec) login()              Login successful.
(Dec 29 2016 10:10:44,  410880 sec) CLogin()             Logged in to host.  [Login required 23 seconds]
(Dec 29 2016 10:10:52,  410888 sec) RxConfig()           Downloading "mission.cfg" from host.
(Dec 29 2016 10:10:54,  410890 sec) Rx()                 Initiating transfer. [0x43]
(Dec 29 2016 10:11:00,  410896 sec) Rx()                 Truncated packet received - retrying.
(Dec 29 2016 10:11:04,  410900 sec) RxStartByte()        Sync errors encountered: 936
(Dec 29 2016 10:11:07,  410903 sec) Rx()                 Pad character [0x1a] found in ascii mode - truncating packet.
(Dec 29 2016 10:11:12,  410908 sec) Rx()                 Received EOT - transfer complete. [1 packets, 1024 bytes, 18 sec, 56.9 bps]
(Dec 29 2016 10:11:12,  410908 sec) RxConfig()           Download successful.
(Dec 29 2016 10:11:26,  410922 sec) WriteVitals()        Writing vitals to "7546.074.msg".
(Dec 29 2016 10:11:34,  410930 sec) UpLoadFile()         Uploading "7546.074.msg" to host as "7546.074.msg".
(Dec 29 2016 10:11:36,  410932 sec) Tx()                 CRC negotiation successful. [16-bit CRC]
(Dec 29 2016 10:11:42,  410939 sec) TxPacket()           NAK received - resending packet. [PktNum=0x01]
(Dec 29 2016 10:11:43,  410939 sec) TxPacket()           Packet xmit history: [01110001] (0:ok, 1:fail).
(Dec 29 2016 10:12:51,  411007 sec) TxPacket()           NAK received - resending packet. [PktNum=0x0c]
(Dec 29 2016 10:12:51,  411007 sec) TxPacket()           Packet xmit history: [00000001] (0:ok, 1:fail).
(Dec 29 2016 10:13:30,  411046 sec) TxPacket()           NAK received - resending packet. [PktNum=0x11]
(Dec 29 2016 10:13:30,  411046 sec) TxPacket()           Packet xmit history: [01000001] (0:ok, 1:fail).
(Dec 29 2016 10:14:24,  411100 sec) Tx()                 Transmission completed successfully [25 packets, 24554 bytes, 166 sec, 148.8 bps]
(Dec 29 2016 10:14:24,  411100 sec) UpLoadFile()         Upload successful.
(Dec 29 2016 10:14:29,  411105 sec) UpLoadFile()         Uploading "7546.074.log" to host as "7546.074.log".
(Dec 29 2016 10:14:31,  411107 sec) Tx()                 CRC negotiation successful. [16-bit CRC]
(Dec 29 2016 10:14:33,  411110 sec) TxPacket()           Invalid response [0x65] - resending packet. [PktNum=0x01]
(Dec 29 2016 10:14:34,  411110 sec) TxPacket()           Packet xmit history: [00000001] (0:ok, 1:fail).
(Dec 29 2016 10:14:35,  411111 sec) TxPacket()           Invalid response [0x43] - resending packet. [PktNum=0x01]
(Dec 29 2016 10:14:35,  411111 sec) TxPacket()           Packet xmit history: [00000011] (0:ok, 1:fail).
(Dec 29 2016 10:14:39,  411115 sec) TxPacket()           NAK received - resending packet. [PktNum=0x01]
(Dec 29 2016 10:14:39,  411115 sec) TxPacket()           Packet xmit history: [00000111] (0:ok, 1:fail).
(Dec 29 2016 10:14:47,  411124 sec) TxPacket()           NAK received - resending packet. [PktNum=0x03]
(Dec 29 2016 10:14:48,  411124 sec) TxPacket()           Packet xmit history: [00111001] (0:ok, 1:fail).
(Dec 29 2016 10:14:53,  411130 sec) TxPacket()           NAK received - resending packet. [PktNum=0x04]
(Dec 29 2016 10:14:54,  411130 sec) TxPacket()           Packet xmit history: [11100101] (0:ok, 1:fail).
(Dec 29 2016 10:15:09,  411145 sec) TxPacket()           NAK received - resending packet. [PktNum=0x08]
(Dec 29 2016 10:15:09,  411145 sec) TxPacket()           Packet xmit history: [10100001] (0:ok, 1:fail).
(Dec 29 2016 10:15:15,  411151 sec) TxPacket()           Packet xmit history: [01000010] (0:ok, 1:fail).
(Dec 29 2016 10:15:21,  411158 sec) TxPacket()           Invalid response [0x63] - resending packet. [PktNum=0x08]
(Dec 29 2016 10:15:22,  411158 sec) TxPacket()           Packet xmit history: [10000101] (0:ok, 1:fail).
(Dec 29 2016 10:15:22,  411158 sec) TxPacket()           Invalid response [0x6d] - resending packet. [PktNum=0x08]
(Dec 29 2016 10:15:22,  411159 sec) TxPacket()           Packet xmit history: [00001011] (0:ok, 1:fail).
(Dec 29 2016 10:15:23,  411160 sec) TxPacket()           Invalid response [0x5e] - resending packet. [PktNum=0x08]
(Dec 29 2016 10:15:23,  411160 sec) TxPacket()           Packet xmit history: [00010111] (0:ok, 1:fail).
(Dec 29 2016 10:15:24,  411160 sec) TxPacket()           Invalid response [0x42] - resending packet. [PktNum=0x08]
(Dec 29 2016 10:15:24,  411161 sec) TxPacket()           Packet xmit history: [00101111] (0:ok, 1:fail).
(Dec 29 2016 10:15:25,  411161 sec) TxPacket()           Invalid response [0x0d] - resending packet. [PktNum=0x08]
(Dec 29 2016 10:15:25,  411161 sec) TxPacket()           Packet xmit history: [01011111] (0:ok, 1:fail).
(Dec 29 2016 10:15:26,  411162 sec) TxPacket()           Invalid response [0x27] - resending packet. [PktNum=0x08]
(Dec 29 2016 10:15:26,  411162 sec) TxPacket()           Packet xmit history: [10111111] (0:ok, 1:fail).
(Dec 29 2016 10:15:27,  411163 sec) TxPacket()           Invalid response [0x32] - resending packet. [PktNum=0x08]
(Dec 29 2016 10:15:27,  411163 sec) TxPacket()           Packet xmit history: [01111111] (0:ok, 1:fail).
(Dec 29 2016 10:15:29,  411166 sec) TxPacket()           Invalid response [0x6e] - resending packet. [PktNum=0x08]
(Dec 29 2016 10:15:30,  411166 sec) TxPacket()           Packet xmit history: [11111111] (0:ok, 1:fail).
(Dec 29 2016 10:15:30,  411166 sec) TxPacket()           Exit status: -5
(Dec 29 2016 10:15:30,  411166 sec) Tx()                 Packet transmission failed - aborting transfer.
(Dec 29 2016 10:15:41,  411177 sec) UpLoadFile()         Upload failed.
(Dec 29 2016 10:15:53,  411189 sec) UpLoadFile()         Uploading "7546.074.log" to host as "7546.074.log".
(Dec 29 2016 10:16:53,  411249 sec) Tx()                 CRC negotiation failed - aborting transfer.
(Dec 29 2016 10:17:03,  411259 sec) UpLoadFile()         Upload failed.
(Dec 29 2016 10:17:03,  411260 sec) UpLoad()             Files successfully uploaded: 1
(Dec 29 2016 10:17:03,  411260 sec) UpLoad()             Aborting upload: Retry limit [2] exceeded. Upload incomplete.
(Dec 29 2016 10:17:07,  411263 sec) logout()             Log-out successful.
(Dec 29 2016 10:17:08,  411264 sec) Telemetry()          Telemetry cycle complete: PrfId=74 ConnectionAttempts=1  Connections=1
(Dec 29 2016 10:32:23,  412179 sec) AirSystem()          Air-bladder inflation by-passed. Barometer: [127cnt, 6.8"Hg].
(Dec 29 2016 10:33:12,  412228 sec) GpsServices()        GPS almanac is current.
(Dec 29 2016 10:33:12,  412228 sec) GpsServices()        Initiating GPS fix acquisition.
(Dec 29 2016 10:33:49,  412265 sec) gga()                $GPGGA,103300,1223.5076,N,08301.8994,E,1,10,0.8,-10.2,M,-86.8,M,,*7F
(Dec 29 2016 10:33:49,  412265 sec) GpsServices()        Profile 74 GPS fix obtained in 37 seconds.
(Dec 29 2016 10:33:49,  412265 sec) GpsServices()                  lon     lat mm/dd/yyyy hhmmss nsat
(Dec 29 2016 10:33:49,  412265 sec) GpsServices()        Fix:   83.032  12.392 12/29/2016 103300   10
(Dec 29 2016 10:34:19,  412295 sec) gga()                $GPGGA,103330,1223.5071,N,08301.8923,E,1,10,0.8,-11.7,M,-86.8,M,,*73
(Dec 29 2016 10:34:24,  412301 sec) gga()                $GPGGA,103400,1223.5076,N,08301.8854,E,1,11,0.8,-11.7,M,-86.8,M,,*70
(Dec 29 2016 10:34:25,  412301 sec) GpsServices()        APF9 RTC skew (25s) OK.
(Dec 29 2016 10:34:25,  412301 sec) LogNmeaSentences()   3,235,41,16,63,161,47,22,52,317,47,23,10,313,42*79
(Dec 29 2016 10:34:25,  412301 sec) LogNmeaSentences()   $GPGSV,3,3,12,26,66,077,47,27,14,168,42,31,27,025,43,32,20,083,44*7B
(Dec 29 2016 10:34:26,  412302 sec) LogNmeaSentences()   $PGRMT,GPS 15x-L software ver. 3.90,,,,,,,,*7D
(Dec 29 2016 10:34:34,  412310 sec) LogNmeaSentences()   $GPRMC,103410,A,1223.5071,N,08301.8823,E,000.0,247.3,291216,001.6,W*63
(Dec 29 2016 10:34:35,  412311 sec) LogNmeaSentences()   $GPGGA,103410,1223.5071,N,08301.8823,E,1,11,0.7,-11.9,M,-86.8,M,,*77
(Dec 29 2016 10:34:35,  412311 sec) LogNmeaSentences()   $GPGSA,A,3,01,03,,10,11,16,22,23,26,27,31,32,1.1,0.7,0.8*3A
(Dec 29 2016 10:34:35,  412312 sec) LogNmeaSentences()   $GPGSV,3,1,12,01,25,257,44,03,36,323,45,08,02,203,27,10,17,145,41*77
(Dec 29 2016 10:34:36,  412312 sec) LogNmeaSentences()   $GPGSV,3,2,12,11,13,235,42,16,63,161,47,22,52,317,47,23,10,313,43*7B
(Dec 29 2016 10:34:36,  412312 sec) LogNmeaSentences()   $GPGSV,3,3,12,26,66,077,47,27,14,168,41,31,27,025,45,32,20,083,39*74
(Dec 29 2016 10:34:44,  412320 sec) LogNmeaSentences()   $GPRMC,103420,A,1223.5067,N,08301.8806,E,001.0,305.9,291216,001.6,W*6C
(Dec 29 2016 10:34:45,  412321 sec) LogNmeaSentences()   $GPGGA,103420,1223.5067,N,08301.8806,E,1,11,0.7,-11.6,M,-86.8,M,,*7B
(Dec 29 2016 10:34:45,  412321 sec) LogNmeaSentences()   $GPGSA,A,3,01,03,,10,11,16,22,23,26,27,31,32,1.1,0.7,0.8*3A
(Dec 29 2016 10:34:45,  412322 sec) LogNmeaSentences()   $GPGSV,3,1,12,01,25,257,42,03,36,323,42,08,02,203,30,10,16,145,44*74
(Dec 29 2016 10:34:46,  412322 sec) LogNmeaSentences()   $GPGSV,3,2,12,11,13,235,43,16,63,160,47,22,52,317,46,23,10,313,42*7B
(Dec 29 2016 10:34:46,  412322 sec) LogNmeaSentences()   $GPGSV,3,3,12,26,66,077,48,27,14,168,43,31,27,025,42,32,20,083,45*75
(Dec 29 2016 10:34:54,  412330 sec) LogNmeaSentences()   $GPRMC,103430,A,1223.5068,N,08301.8780,E,001.3,217.3,291216,001.6,W*68
(Dec 29 2016 10:34:55,  412331 sec) LogNmeaSentences()   $GPGGA,103430,1223.5068,N,08301.8780,E,1,11,0.7,-11.6,M,-86.8,M,,*74
(Dec 29 2016 10:34:55,  412331 sec) LogNmeaSentences()   $GPGSA,A,3,01,03,,10,11,16,22,23,26,27,31,32,1.1,0.7,0.8*3A
(Dec 29 2016 10:34:56,  412332 sec) LogNmeaSentences()   $GPGSV,3,1,12,01,25,257,42,03,36,323,43,08,02,203,24,10,16,145,45*71
(Dec 29 2016 10:34:56,  412332 sec) GpsServices()        GPS services complete.
(Dec 29 2016 10:35:44,  412380 sec) CLogin()             Connecting to primary host.
(Dec 29 2016 10:36:03,  412399 sec) CLogin()             Connection 2 established in 19 seconds.
(Dec 29 2016 10:36:14,  412410 sec) login()              Login successful.
(Dec 29 2016 10:36:19,  412415 sec) chat()               Expected string [cmd>] not received.
(Dec 29 2016 10:36:19,  412415 sec) login()              Attempt to set the command prompt failed.
(Dec 29 2016 10:36:24,  412420 sec) CLogin()             Logged in to host.  [Login required 21 seconds]
(Dec 29 2016 10:36:32,  412428 sec) RxConfig()           Downloading "mission.cfg" from host.
(Dec 29 2016 10:36:34,  412430 sec) Rx()                 Initiating transfer. [0x43]
(Dec 29 2016 10:36:37,  412433 sec) RxStartByte()        Sync errors encountered: 359
(Dec 29 2016 10:36:42,  412438 sec) Rx()                 Truncated packet received - retrying.
(Dec 29 2016 10:36:48,  412444 sec) RxStartByte()        Sync errors encountered: 936
(Dec 29 2016 10:36:50,  412447 sec) Rx()                 Pad character [0x1a] found in ascii mode - truncating packet.
(Dec 29 2016 10:36:58,  412454 sec) Rx()                 Received EOT - transfer complete. [1 packets, 1024 bytes, 24 sec, 42.7 bps]
(Dec 29 2016 10:36:58,  412454 sec) RxConfig()           Download successful.
(Dec 29 2016 10:37:19,  412475 sec) UpLoadFile()         Uploading "7546.074.log" to host as "7546.074.log".
(Dec 29 2016 10:37:25,  412481 sec) Tx()                 CRC negotiation successful. [16-bit CRC]
(Dec 29 2016 10:37:55,  412511 sec) TxPacket()           NAK received - resending packet. [PktNum=0x04]
(Dec 29 2016 10:37:55,  412512 sec) TxPacket()           Packet xmit history: [10000001] (0:ok, 1:fail).
(Dec 29 2016 10:38:28,  412544 sec) TxPacket()           NAK received - resending packet. [PktNum=0x06]
(Dec 29 2016 10:38:28,  412544 sec) TxPacket()           Packet xmit history: [00001001] (0:ok, 1:fail).
(Dec 29 2016 10:38:37,  412553 sec) TxPacket()           NAK received - resending packet. [PktNum=0x06]
(Dec 29 2016 10:38:37,  412553 sec) TxPacket()           Packet xmit history: [00010011] (0:ok, 1:fail).
(Dec 29 2016 10:39:21,  412598 sec) TxPacket()           NAK received - resending packet. [PktNum=0x0b]
(Dec 29 2016 10:39:22,  412598 sec) TxPacket()           Packet xmit history: [11000001] (0:ok, 1:fail).
(Dec 29 2016 10:39:27,  412603 sec) TxPacket()           NAK received - resending packet. [PktNum=0x0b]
(Dec 29 2016 10:39:27,  412603 sec) TxPacket()           Packet xmit history: [10000011] (0:ok, 1:fail).
(Dec 29 2016 10:39:38,  412615 sec) TxPacket()           NAK received - resending packet. [PktNum=0x0c]
(Dec 29 2016 10:39:39,  412615 sec) TxPacket()           Packet xmit history: [00001101] (0:ok, 1:fail).
(Dec 29 2016 10:40:13,  412649 sec) TxPacket()           NAK received - resending packet. [PktNum=0x0f]
(Dec 29 2016 10:40:13,  412649 sec) TxPacket()           Packet xmit history: [11010001] (0:ok, 1:fail).
(Dec 29 2016 10:40:20,  412656 sec) TxPacket()           NAK received - resending packet. [PktNum=0x0f]
(Dec 29 2016 10:40:20,  412656 sec) TxPacket()           Packet xmit history: [10100011] (0:ok, 1:fail).
(Dec 29 2016 10:40:24,  412660 sec) TxPacket()           NAK received - resending packet. [PktNum=0x0f]
(Dec 29 2016 10:40:24,  412660 sec) TxPacket()           Packet xmit history: [01000111] (0:ok, 1:fail).
(Dec 29 2016 10:40:29,  412665 sec) TxPacket()           NAK received - resending packet. [PktNum=0x0f]
(Dec 29 2016 10:40:29,  412665 sec) TxPacket()           Packet xmit history: [10001111] (0:ok, 1:fail).
(Dec 29 2016 10:40:36,  412672 sec) TxPacket()           NAK received - resending packet. [PktNum=0x0f]
(Dec 29 2016 10:40:36,  412673 sec) TxPacket()           Packet xmit history: [00011111] (0:ok, 1:fail).
(Dec 29 2016 10:40:41,  412678 sec) TxPacket()           NAK received - resending packet. [PktNum=0x0f]
(Dec 29 2016 10:40:42,  412678 sec) TxPacket()           Packet xmit history: [00111111] (0:ok, 1:fail).
(Dec 29 2016 10:40:49,  412685 sec) TxPacket()           NAK received - resending packet. [PktNum=0x0f]
(Dec 29 2016 10:40:49,  412685 sec) TxPacket()           Packet xmit history: [01111111] (0:ok, 1:fail).
(Dec 29 2016 10:40:53,  412690 sec) TxPacket()           NAK received - resending packet. [PktNum=0x0f]
(Dec 29 2016 10:40:53,  412690 sec) TxPacket()           Packet xmit history: [11111111] (0:ok, 1:fail).
(Dec 29 2016 10:40:57,  412694 sec) TxPacket()           NAK received - resending packet. [PktNum=0x0f]
(Dec 29 2016 10:40:58,  412694 sec) TxPacket()           Packet xmit history: [11111111] (0:ok, 1:fail).
(Dec 29 2016 10:41:02,  412698 sec) TxPacket()           NAK received - resending packet. [PktNum=0x0f]
(Dec 29 2016 10:41:02,  412698 sec) TxPacket()           Packet xmit history: [11111111] (0:ok, 1:fail).
(Dec 29 2016 10:41:02,  412698 sec) TxPacket()           Exit status: -2
(Dec 29 2016 10:41:02,  412698 sec) Tx()                 Packet transmission failed - aborting transfer.
(Dec 29 2016 10:41:13,  412709 sec) UpLoadFile()         Upload failed.
(Dec 29 2016 10:41:26,  412723 sec) UpLoadFile()         Uploading "7546.074.log" to host as "7546.074.log".
(Dec 29 2016 10:42:27,  412783 sec) Tx()                 CRC negotiation failed - aborting transfer.
(Dec 29 2016 10:42:37,  412793 sec) UpLoadFile()         Upload failed.
(Dec 29 2016 10:42:37,  412794 sec) UpLoad()             Files successfully uploaded: 0
(Dec 29 2016 10:42:37,  412794 sec) UpLoad()             Aborting upload: Retry limit [2] exceeded. Upload incomplete.
(Dec 29 2016 10:42:45,  412801 sec) chat()               Expected string [logout] not received.
(Dec 29 2016 10:42:45,  412801 sec) logout()             Attempt to log-out failed.
(Dec 29 2016 10:42:50,  412806 sec) chat()               Expected string [cmd>] not received.
(Dec 29 2016 10:42:50,  412806 sec) logout()             Can't get command prompt.
(Dec 29 2016 10:42:55,  412811 sec) chat()               Expected string [logout] not received.
(Dec 29 2016 10:42:55,  412811 sec) logout()             Attempt to log-out failed.
(Dec 29 2016 10:42:55,  412811 sec) logout()             No carrier detected.
(Dec 29 2016 10:42:55,  412811 sec) Telemetry()          Telemetry cycle complete: PrfId=74 ConnectionAttempts=2  Connections=2
(Dec 29 2016 10:58:09,  413725 sec) AirSystem()          Air-bladder inflation by-passed. Barometer: [126cnt, 6.5"Hg].
(Dec 29 2016 10:58:42,  413758 sec) GpsServices()        GPS almanac is current.
(Dec 29 2016 10:58:42,  413758 sec) GpsServices()        Initiating GPS fix acquisition.
(Dec 29 2016 10:59:19,  413795 sec) gga()                $GPGGA,105830,1223.5105,N,08301.5270,E,1,09,0.8,-11.2,M,-86.8,M,,*71
(Dec 29 2016 10:59:19,  413795 sec) GpsServices()        Profile 74 GPS fix obtained in 37 seconds.
(Dec 29 2016 10:59:19,  413795 sec) GpsServices()                  lon     lat mm/dd/yyyy hhmmss nsat
(Dec 29 2016 10:59:19,  413795 sec) GpsServices()        Fix:   83.025  12.392 12/29/2016 105830    9
(Dec 29 2016 10:59:49,  413825 sec) gga()                $GPGGA,105900,1223.5106,N,08301.5195,E,1,09,0.8,-13.7,M,-86.8,M,,*7F
(Dec 29 2016 10:59:54,  413831 sec) gga()                $GPGGA,105930,1223.5099,N,08301.5112,E,1,09,0.8,-11.8,M,-86.8,M,,*79
(Dec 29 2016 10:59:55,  413831 sec) GpsServices()        APF9 RTC skew (25s) OK.
(Dec 29 2016 10:59:55,  413831 sec) LogNmeaSentences()   ,42,14,32,069,45,16,75,139,46,22,61,302,48*74
(Dec 29 2016 10:59:55,  413831 sec) LogNmeaSentences()   $GPGSV,3,3,12,26,59,052,48,27,19,159,41,31,20,032,43,10,07,147,00*7E
(Dec 29 2016 11:00:04,  413840 sec) LogNmeaSentences()   $GPRMC,105940,A,1223.5095,N,08301.5085,E,000.9,229.8,291216,001.6,W*64
(Dec 29 2016 11:00:05,  413841 sec) LogNmeaSentences()   $GPGGA,105940,1223.5095,N,08301.5085,E,1,09,0.8,-12.1,M,-86.8,M,,*77
(Dec 29 2016 11:00:05,  413841 sec) LogNmeaSentences()   $GPGSA,A,3,01,03,,,11,14,16,22,26,27,31,,1.2,0.8,0.8*32
(Dec 29 2016 11:00:05,  413842 sec) LogNmeaSentences()   $GPGSV,3,1,12,01,22,244,44,03,46,316,46,07,01,248,27,08,06,194,39*79
(Dec 29 2016 11:00:06,  413842 sec) LogNmeaSentences()   $GPGSV,3,2,12,11,11,225,43,14,32,069,44,16,75,139,47,22,61,302,47*7A
(Dec 29 2016 11:00:06,  413842 sec) LogNmeaSentences()   $GPGSV,3,3,12,26,59,052,48,27,19,159,43,31,20,032,40,10,07,147,00*7F
(Dec 29 2016 11:00:14,  413850 sec) LogNmeaSentences()   $GPRMC,105950,A,1223.5099,N,08301.5059,E,001.1,309.3,291216,001.6,W*69
(Dec 29 2016 11:00:15,  413851 sec) LogNmeaSentences()   $GPGGA,105950,1223.5099,N,08301.5059,E,1,10,0.8,-11.6,M,-86.8,M,,*77
(Dec 29 2016 11:00:15,  413851 sec) LogNmeaSentences()   $GPGSA,A,3,01,03,,08,11,14,16,22,26,27,31,,1.1,0.8,0.8*39
(Dec 29 2016 11:00:16,  413852 sec) LogNmeaSentences()   $GPGSV,3,1,12,01,22,244,42,03,46,316,48,07,01,248,24,08,06,194,29*73
(Dec 29 2016 11:00:16,  413852 sec) LogNmeaSentences()   $GPGSV,3,2,12,11,11,224,42,14,32,069,44,16,75,138,46,22,61,302,48*75
(Dec 29 2016 11:00:16,  413852 sec) LogNmeaSentences()   $GPGSV,3,3,12,26,59,052,47,27,19,159,34,31,20,032,42,10,07,147,00*72
(Dec 29 2016 11:00:24,  413860 sec) LogNmeaSentences()   $GPRMC,110000,A,1223.5102,N,08301.5035,E,001.4,275.2,291216,001.6,W*66
(Dec 29 2016 11:00:25,  413861 sec) LogNmeaSentences()   $GPGGA,110000,1223.5102,N,08301.5035,E,1,10,0.8,-13.7,M,-86.8,M,,*75
(Dec 29 2016 11:00:25,  413861 sec) LogNmeaSentences()   $GPGSA,A,3,01,03,,08,11,14,16,22,26,27,31,,1.1,0.8,0.8*39
(Dec 29 2016 11:00:25,  413862 sec) LogNmeaSentences()   $GPGSV,3,1,12,01,22,244,40,03,46,316,46,07,01,248,31,08,06,194,40*74
(Dec 29 2016 11:00:26,  413862 sec) LogNmeaSentences()   $GPGSV,3,2,12,11,11,224,40,14,32,069,44,16,75,138,47,22,62,302,46*7B
(Dec 29 2016 11:00:26,  413862 sec) LogNmeaSentences()   $GPGSV,3,3,12,26,59,051,48,27,19,159,40,31,20,032,43,10,07,147,00*7C
(Dec 29 2016 11:00:27,  413863 sec) LogNmeaSentences()   $PGRMT,GPS 15x-L software ver. 3.90,,,,,,,,*7D
(Dec 29 2016 11:00:27,  413863 sec) GpsServices()        GPS services complete.
(Dec 29 2016 11:01:39,  413935 sec) CLogin()             Connecting to primary host.
(Dec 29 2016 11:01:54,  413950 sec) CLogin()             Connection 3 established in 15 seconds.
(Dec 29 2016 11:02:05,  413961 sec) login()              Login successful.
(Dec 29 2016 11:02:10,  413966 sec) CLogin()             Logged in to host.  [Login required 16 seconds]
(Dec 29 2016 11:02:21,  413977 sec) RxConfig()           Downloading "mission.cfg" from host.
(Dec 29 2016 11:02:23,  413979 sec) Rx()                 Initiating transfer. [0x43]
(Dec 29 2016 11:02:31,  413988 sec) RxStartByte()        Sync errors encountered: 702
(Dec 29 2016 11:02:33,  413989 sec) Rx()                 Pad character [0x1a] found in ascii mode - truncating packet.
(Dec 29 2016 11:02:38,  413994 sec) Rx()                 Received EOT - transfer complete. [1 packets, 1024 bytes, 15 sec, 68.3 bps]
(Dec 29 2016 11:02:38,  413994 sec) RxConfig()           Download successful.
(Dec 29 2016 11:02:56,  414013 sec) UpLoadFile()         Uploading "7546.074.log" to host as "7546.074.log".
(Dec 29 2016 11:03:00,  414016 sec) Tx()                 CRC negotiation successful. [16-bit CRC]
(Dec 29 2016 11:03:03,  414019 sec) TxPacket()           Invalid response [0x5d] - resending packet. [PktNum=0x01]
(Dec 29 2016 11:03:03,  414019 sec) TxPacket()           Packet xmit history: [01110001] (0:ok, 1:fail).
(Dec 29 2016 11:03:09,  414025 sec) TxPacket()           NAK received - resending packet. [PktNum=0x01]
(Dec 29 2016 11:03:09,  414025 sec) TxPacket()           Packet xmit history: [11100011] (0:ok, 1:fail).
(Dec 29 2016 11:04:16,  414092 sec) TxPacket()           NAK received - resending packet. [PktNum=0x0c]
(Dec 29 2016 11:04:16,  414092 sec) TxPacket()           Packet xmit history: [00000001] (0:ok, 1:fail).
(Dec 29 2016 11:04:36,  414112 sec) TxPacket()           NAK received - resending packet. [PktNum=0x0f]
(Dec 29 2016 11:04:36,  414112 sec) TxPacket()           Packet xmit history: [00010001] (0:ok, 1:fail).
(Dec 29 2016 11:05:21,  414157 sec) TxPacket()           NAK received - resending packet. [PktNum=0x15]
(Dec 29 2016 11:05:21,  414157 sec) TxPacket()           Packet xmit history: [10000001] (0:ok, 1:fail).
(Dec 29 2016 11:05:29,  414165 sec) TxPacket()           NAK received - resending packet. [PktNum=0x15]
(Dec 29 2016 11:05:29,  414165 sec) TxPacket()           Packet xmit history: [00000011] (0:ok, 1:fail).
(Dec 29 2016 11:05:43,  414179 sec) TxPacket()           NAK received - resending packet. [PktNum=0x16]
(Dec 29 2016 11:05:43,  414179 sec) TxPacket()           Packet xmit history: [00001101] (0:ok, 1:fail).
(Dec 29 2016 11:06:30,  414226 sec) Tx()                 Receiver failed to acknowledge EOT.
(Dec 29 2016 11:06:30,  414226 sec) Tx()                 Transmission completed successfully [23 packets, 22526 bytes, 209 sec, 108.4 bps]
(Dec 29 2016 11:06:30,  414226 sec) UpLoadFile()         Upload successful.
(Dec 29 2016 11:06:36,  414232 sec) UpLoad()             Files successfully uploaded: 1
(Dec 29 2016 11:06:36,  414232 sec) UpLoad()             Upload complete.
(Dec 29 2016 11:06:41,  414237 sec) chat()               Expected string [cmd>] not received.
(Dec 29 2016 11:06:41,  414237 sec) logout()             Can't get command prompt.
(Dec 29 2016 11:06:43,  414239 sec) logout()             Log-out successful.
(Dec 29 2016 11:06:44,  414240 sec) Telemetry()          Telemetry cycle complete: PrfId=74 ConnectionAttempts=3  Connections=3
(Dec 29 2016 11:06:44,  414240 sec) TelemetryTerminate() Parsing new mission configuration.
(Dec 29 2016 11:06:46,  414242 sec) configure()          Parsing configurators in "mission.cfg".
(Dec 29 2016 11:06:49,  414246 sec) configure()             TelemetryRetry(15)      [0x7BBC] [TelemetryRetry(15)].
(Dec 29 2016 11:06:50,  414246 sec) configure()          Configuration CRCs and syntax OK.
(Dec 29 2016 11:06:50,  414246 sec) ConfigSupervisor()   Configuration accepted.
(Dec 29 2016 11:06:50,  414246 sec) TelemetryTerminate() Reconditioning the file system.
(Dec 29 2016 11:07:03,       6 sec) DescentInit()        Deep profile 75 initiated at mission-time 414253sec.
(Dec 29 2016 11:07:06,       9 sec) DescentInit()        Surface pressure: -0.1dbars.
(Dec 29 2016 11:07:11,      14 sec) PistonMoveAbsWTO()    175->050 174 173 172 171 170 169 168 167 166 165 164 163 162 161 160 159 158 157 156 155 154 153 152 151 150 149 148 147 146 145 144 143 142 141 140 139 138 137 136 135 134 133 132 131 130 129 128 127 126 125 124 123 122 121 120 119 118 117 116 115 114 113 112 111 110 109 108 107 106 105 104 103 102 101 100 099 098 097 096 095 094 093 092 091 090 089 088 087 086 085 084 083 082 081 080 079 078 077 076 075 074 073 072 071 070 069 068 067 066 065 064 063 062 061 060 059 058 057 056 055 054 053 052 051 050 [638sec, 14.3Volts, 0.153Amps, CPT:638sec]
(Dec 29 2016 11:17:50,     653 sec) PistonMoveAbsWTO()    050->000 049 048 047 046 045 044 043 042 041 040 039 038 037 036 035 034 033 032 031 030 029 028 027 026 025 024 023 022 021 020 019 018 017 016 015 014 013 012 011 010 009 [210sec, 14.3Volts, 0.149Amps, CPT:848sec]
(Dec 29 2016 11:21:30,     873 sec) Descent()            Pressure: 79.2
(Dec 29 2016 12:07:01,    3604 sec) Descent()            Pressure: 391.0
(Dec 29 2016 13:07:01,    7204 sec) Descent()            Pressure: 858.0
(Dec 29 2016 13:07:01,    7204 sec) PistonMoveAbsWTO()    009->050 010 011 012 013 014 015 016 017 018 019 020 021 022 023 024 025 026 027 028 029 030 031 032 033 034 035 036 037 038 039 040 041 042 043 044 045 046 047 048 049 050 [236sec, 13.6Volts, 0.411Amps, CPT:1084sec]
(Dec 29 2016 14:07:01,   10804 sec) Descent()            Pressure: 873.6
(Dec 29 2016 15:07:01,   14404 sec) Descent()            Pressure: 907.4
(Dec 29 2016 16:07:01,   18004 sec) Descent()            Pressure: 929.3
(Dec 29 2016 16:07:01,   18004 sec) ParkInit()           
(Dec 29 2016 18:07:30,   25233 sec) Park()               ParkPOutOfBand[-3, 945.4 dbars]: retract piston.
(Dec 29 2016 18:07:30,   25234 sec) PistonMoveAbsWTO()    050->049 049 [2sec, 13.9Volts, 0.129Amps, CPT:1086sec]
(Dec 29 2016 21:07:30,   36033 sec) Park()               ParkPOutOfBand[-3, 968.5 dbars]: retract piston.
(Dec 29 2016 21:07:30,   36034 sec) PistonMoveAbsWTO()    049->048 048 [5sec, 14.0Volts, 0.117Amps, CPT:1091sec]
(Dec 30 2016 04:07:30,   61233 sec) Park()               ParkPOutOfBand[3, 1013.0 dbars]: extend piston.
(Dec 30 2016 04:07:31,   61234 sec) PistonMoveAbsWTO()    048->049 049 [2sec, 13.6Volts, 0.467Amps, CPT:1093sec]
(Dec 30 2016 12:07:30,   90033 sec) Park()               ParkPOutOfBand[3, 1015.1 dbars]: extend piston.
(Dec 30 2016 12:07:31,   90034 sec) PistonMoveAbsWTO()    049->050 050 [6sec, 13.3Volts, 0.459Amps, CPT:1099sec]
(Dec 30 2016 18:07:30,  111633 sec) Park()               ParkPOutOfBand[-3, 986.4 dbars]: retract piston.
(Dec 30 2016 18:07:31,  111634 sec) PistonMoveAbsWTO()    050->049 049 [2sec, 13.8Volts, 0.125Amps, CPT:1101sec]
(Jan 01 2017 04:07:31,  234034 sec) Park()               ParkPOutOfBand[3, 1012.4 dbars]: extend piston.
(Jan 01 2017 04:07:31,  234034 sec) PistonMoveAbsWTO()    049->050 050 [3sec, 13.6Volts, 0.463Amps, CPT:1104sec]
(Jan 02 2017 19:07:22,  374425 sec) CtdPower()           [ 1009.39,  6.7400, 34.9539]
(Jan 02 2017 19:07:22,  374425 sec) CtdPower()           CTD Power consumption [184VCnt 9ACnt]: 14.263Volts * 0.036Amps = 0.52Watts.
(Jan 02 2017 19:07:22,  374426 sec) ParkTerminate()      Piston Position:50 Vacuum:80 Vq:195 Aq:4 Vsbe:184 Asbe:9
(Jan 02 2017 19:07:50,  374453 sec) ParkTerminate()      PTS: 1009.2dbars 6.7401C 34.9539PSU
(Jan 02 2017 19:07:50,  374454 sec) GoDeepInit()         Moving piston.
(Jan 02 2017 19:07:51,  374454 sec) PistonMoveAbsWTO()    050->012 049 048 047 046 045 044 043 042 041 040 039 038 037 036 035 034 033 032 031 030 029 028 027 026 025 024 023 022 021 020 019 018 017 016 015 014 013 012 [196sec, 14.0Volts, 0.109Amps, CPT:1300sec]
(Jan 03 2017 00:07:01,  392404 sec) ProfileInit()        PrfId:075  Pressure:1996.3dbar  pTable[1]:1950dbar
(Jan 03 2017 00:08:30,  392493 sec) Sbe41cpStartCP()     Continuous profile started.
(Jan 03 2017 00:08:31,  392494 sec) PistonMoveAbsWTO()    012->034 013 014 015 016 017 [30sec, 12.9Volts, 0.838Amps, CPT:1330sec]
(Jan 03 2017 00:09:12,  392535 sec) PistonMoveAbsWTO()    017->034 018 019 020 021 [30sec, 12.7Volts, 0.814Amps, CPT:1360sec]
(Jan 03 2017 00:09:53,  392576 sec) PistonMoveAbsWTO()    021->034 022 023 024 025 [30sec, 12.6Volts, 0.826Amps, CPT:1390sec]
(Jan 03 2017 00:10:34,  392617 sec) PistonMoveAbsWTO()    025->034 026 027 028 029 [30sec, 12.5Volts, 0.798Amps, CPT:1420sec]
(Jan 03 2017 00:11:15,  392658 sec) PistonMoveAbsWTO()    029->034 030 031 032 033 034 [30sec, 12.4Volts, 0.830Amps, CPT:1450sec]
(Jan 03 2017 01:07:47,  396050 sec) AscentControlAgent() Bouyancy nudge to 44 (v=0.077dbar/sec).
(Jan 03 2017 01:07:47,  396050 sec) PistonMoveAbsWTO()    034->044 035 036 037 038 [30sec, 13.2Volts, 0.721Amps, CPT:1480sec]
(Jan 03 2017 01:08:27,  396090 sec) PistonMoveAbsWTO()    038->044 039 040 041 042 043 [30sec, 13.0Volts, 0.665Amps, CPT:1510sec]
(Jan 03 2017 01:09:07,  396130 sec) PistonMoveAbsWTO()    043->044 044 [6sec, 12.9Volts, 0.709Amps, CPT:1516sec]
(Jan 03 2017 01:50:01,  398584 sec) AscentControlAgent() Bouyancy nudge to 54 (v=0.075dbar/sec).
(Jan 03 2017 01:50:01,  398584 sec) PistonMoveAbsWTO()    044->054 045 046 047 048 [30sec, 13.3Volts, 0.625Amps, CPT:1546sec]
(Jan 03 2017 01:50:41,  398624 sec) PistonMoveAbsWTO()    048->054 049 050 051 052 053 [30sec, 13.1Volts, 0.629Amps, CPT:1576sec]
(Jan 03 2017 01:51:21,  398664 sec) PistonMoveAbsWTO()    053->054 054 [5sec, 13.1Volts, 0.633Amps, CPT:1581sec]
(Jan 03 2017 02:42:27,  401730 sec) AscentControlAgent() Bouyancy nudge to 64 (v=0.079dbar/sec).
(Jan 03 2017 02:42:27,  401730 sec) PistonMoveAbsWTO()    054->064 055 056 057 058 059 [30sec, 13.5Volts, 0.544Amps, CPT:1611sec]
(Jan 03 2017 02:43:07,  401770 sec) PistonMoveAbsWTO()    059->064 060 061 062 063 [30sec, 13.3Volts, 0.544Amps, CPT:1641sec]
(Jan 03 2017 02:43:48,  401811 sec) PistonMoveAbsWTO()    063->064 064 [1sec, 13.3Volts, 0.544Amps, CPT:1642sec]
(Jan 03 2017 03:39:55,  405178 sec) AscentControlAgent() Bouyancy nudge to 74 (v=0.076dbar/sec).
(Jan 03 2017 03:39:55,  405178 sec) PistonMoveAbsWTO()    064->074 065 066 067 068 069 [30sec, 13.6Volts, 0.431Amps, CPT:1672sec]
(Jan 03 2017 03:40:35,  405218 sec) PistonMoveAbsWTO()    069->074 070 071 072 073 074 [30sec, 13.5Volts, 0.451Amps, CPT:1702sec]
(Jan 03 2017 05:28:11,  411674 sec) AscentControlAgent() Bouyancy nudge to 84 (v=0.070dbar/sec).
(Jan 03 2017 05:28:11,  411674 sec) PistonMoveAbsWTO()    074->084 075 076 077 078 079 [30sec, 14.0Volts, 0.226Amps, CPT:1732sec]
(Jan 03 2017 05:28:51,  411714 sec) PistonMoveAbsWTO()    079->084 080 081 082 083 084 [24sec, 14.0Volts, 0.214Amps, CPT:1756sec]
(Jan 03 2017 05:34:22,  412045 sec) AscentControlAgent() Bouyancy nudge to 94 (v=0.073dbar/sec).
(Jan 03 2017 05:34:22,  412045 sec) PistonMoveAbsWTO()    084->094 085 086 087 088 089 [30sec, 14.0Volts, 0.214Amps, CPT:1786sec]
(Jan 03 2017 05:35:02,  412085 sec) PistonMoveAbsWTO()    089->094 090 091 092 093 094 [25sec, 14.0Volts, 0.210Amps, CPT:1811sec]
(Jan 03 2017 05:40:33,  412416 sec) AscentControlAgent() Bouyancy nudge to 104 (v=0.066dbar/sec).
(Jan 03 2017 05:40:33,  412416 sec) PistonMoveAbsWTO()    094->104 095 096 097 098 099 [30sec, 14.0Volts, 0.201Amps, CPT:1841sec]
(Jan 03 2017 05:41:13,  412456 sec) PistonMoveAbsWTO()    099->104 100 101 102 103 104 [26sec, 14.0Volts, 0.205Amps, CPT:1867sec]
(Jan 03 2017 05:46:45,  412788 sec) AscentControlAgent() Bouyancy nudge to 114 (v=0.053dbar/sec).
(Jan 03 2017 05:46:45,  412788 sec) PistonMoveAbsWTO()    104->114 105 106 107 108 109 [30sec, 14.0Volts, 0.201Amps, CPT:1897sec]
(Jan 03 2017 05:47:25,  412828 sec) PistonMoveAbsWTO()    109->114 110 111 112 113 114 [24sec, 14.0Volts, 0.201Amps, CPT:1921sec]
(Jan 03 2017 05:52:56,  413159 sec) AscentControlAgent() Bouyancy nudge to 124 (v=0.014dbar/sec).
(Jan 03 2017 05:52:56,  413159 sec) PistonMoveAbsWTO()    114->124 115 116 117 118 119 [30sec, 14.0Volts, 0.193Amps, CPT:1951sec]


(Jan 03 2017 05:53:36) LogSize()            Log file is 38924 bytes.  Limit is 40960 bytes.

(Jan 03 2017 05:53:36,  413199 sec) PistonMoveAbsWTO()    119->124 120 121 122 123 124 [24sec, 14.0Volts, 0.189Amps, CPT:1975sec]
(Jan 03 2017 05:59:07,  413530 sec) AscentControlAgent() Bouyancy nudge to 134 (v=0.011dbar/sec).
(Jan 03 2017 05:59:07,  413530 sec) PistonMoveAbsWTO()    124->134 125 126 127 128 129 [30sec, 14.1Volts, 0.193Amps, CPT:2005sec]
(Jan 03 2017 05:59:47,  413570 sec) PistonMoveAbsWTO()    129->134 130 131 132 133 134 [24sec, 14.0Volts, 0.193Amps, CPT:2029sec]
(Jan 03 2017 06:05:18,  413901 sec) AscentControlAgent() Bouyancy nudge to 144 (v=0.046dbar/sec).
(Jan 03 2017 06:05:18,  413901 sec) PistonMoveAbsWTO()    134->144 135 136 137 138 139 [30sec, 14.1Volts, 0.185Amps, CPT:2059sec]
(Jan 03 2017 06:05:58,  413941 sec) PistonMoveAbsWTO()    139->144 140 141 142 143 144 [23sec, 14.1Volts, 0.189Amps, CPT:2082sec]
(Jan 03 2017 06:10:23,  414206 sec) AscentControlAgent() Bouyancy nudge to 154 (v=0.058dbar/sec).
(Jan 03 2017 06:10:23,  414206 sec) PistonMoveAbsWTO()    144->154 145 146 147 148 149 [30sec, 14.1Volts, 0.189Amps, CPT:2112sec]
(Jan 03 2017 06:11:03,  414246 sec) PistonMoveAbsWTO()    149->154 150 151 152 [15sec, 14.1Volts, 0.181Amps, CPT:2127sec]
(Jan 03 2017 06:11:28,  414271 sec) PistonMoveAbsWTO()    152->154 153 154 [9sec, 14.1Volts, 0.177Amps, CPT:2136sec]
(Jan 03 2017 06:13:50,  414413 sec) SurfaceDetect()      SurfacePressure:-0.1dbars Pressure:3.5dbars PistonPosition:154
(Jan 03 2017 06:13:51,  414414 sec) Sbe41cpStopCP()      Continuous profile stopped.
(Jan 03 2017 06:13:57,  414420 sec) PistonMoveAbsWTO()    154->176 155 156 157 158 159 160 161 162 163 164 165 166 167 168 169 170 171 172 173 174 175 176 [118sec, 14.1Volts, 0.149Amps, CPT:2254sec]

<EOT>
