(Sep 09 2016 18:59:01,  415070 sec) TelemetryInit()      Profile 51. (Apf9i FwRev: 012811)
(Sep 09 2016 19:05:48,  415477 sec) AirSystem()          Battery [189cnt, 14.7V]  Current [71cnt, 28.6mA]  Barometer [128cnt, 7.1"Hg]  Run-Time [44s]
(Sep 09 2016 19:06:16,  415505 sec) GpsServices()        GPS almanac is current.
(Sep 09 2016 19:06:16,  415505 sec) GpsServices()        Initiating GPS fix acquisition.
(Sep 09 2016 19:06:33,  415522 sec) gga()                $GPGGA,190620,1309.3106,N,08605.6384,E,0,00,,,M,,M,,*5C
(Sep 09 2016 19:06:39,  415528 sec) gga()                $GPGGA,190630,1309.3106,N,08605.6384,E,0,00,,,M,,M,,*5D
(Sep 09 2016 19:06:49,  415538 sec) gga()                $GPGGA,190640,1309.3106,N,08605.6384,E,0,00,,,M,,M,,*5A
(Sep 09 2016 19:06:59,  415548 sec) gga()                $GPGGA,190650,1309.3106,N,08605.6384,E,0,00,,,M,,M,,*5B
(Sep 09 2016 19:07:09,  415558 sec) gga()                $GPGGA,190700,1309.3106,N,08605.6384,E,0,00,,,M,,M,,*5F
(Sep 09 2016 19:07:19,  415568 sec) gga()                $GPGGA,190710,1309.3106,N,08605.6384,E,0,00,,,M,,M,,*5E
(Sep 09 2016 19:07:29,  415578 sec) gga()                $GPGGA,190720,1309.3106,N,08605.6384,E,0,00,,,M,,M,,*5D
(Sep 09 2016 19:07:39,  415588 sec) gga()                $GPGGA,190730,1309.3106,N,08605.6384,E,0,00,,,M,,M,,*5C
(Sep 09 2016 19:07:49,  415598 sec) gga()                $GPGGA,190740,1309.3106,N,08605.6384,E,0,00,,,M,,M,,*5B
(Sep 09 2016 19:07:59,  415608 sec) gga()                $GPGGA,190750,1309.3106,N,08605.6384,E,0,00,,,M,,M,,*5A
(Sep 09 2016 19:08:57,  415667 sec) gga()                $GPGGA,190830,1311.6435,N,08559.5226,E,1,10,0.7,-4.7,M,-77.7,M,,*47
(Sep 09 2016 19:08:58,  415667 sec) GpsServices()        Profile 51 GPS fix obtained in 162 seconds.
(Sep 09 2016 19:08:58,  415667 sec) GpsServices()                  lon     lat mm/dd/yyyy hhmmss nsat
(Sep 09 2016 19:08:58,  415667 sec) GpsServices()        Fix:   85.992  13.194 09/09/2016 190830   10
(Sep 09 2016 19:09:27,  415697 sec) gga()                $GPGGA,190900,1311.6456,N,08559.5231,E,1,10,0.7,-6.6,M,-77.7,M,,*45
(Sep 09 2016 19:09:33,  415702 sec) gga()                $GPGGA,190930,1311.6463,N,08559.5232,E,1,10,0.7,-5.4,M,-77.7,M,,*42
(Sep 09 2016 19:09:33,  415703 sec) GpsServices()        APF9 RTC skew (3s) OK.
(Sep 09 2016 19:09:34,  415703 sec) LogNmeaSentences()   213,36,14,34,088,43,16,84,055,46,22,64,261,46*70
(Sep 09 2016 19:09:34,  415703 sec) LogNmeaSentences()   $GPGSV,3,3,12,23,21,327,44,26,51,034,47,27,29,148,43,31,17,041,39*75
(Sep 09 2016 19:09:43,  415712 sec) LogNmeaSentences()   $GPRMC,190940,A,1311.6478,N,08559.5229,E,000.0,173.9,090916,001.4,W*6D
(Sep 09 2016 19:09:44,  415713 sec) LogNmeaSentences()   $GPGGA,190940,1311.6478,N,08559.5229,E,1,11,0.7,-8.5,M,-77.7,M,,*48
(Sep 09 2016 19:09:44,  415713 sec) LogNmeaSentences()   $GPGSA,A,3,01,03,,11,14,16,22,23,26,27,31,32,1.0,0.7,0.7*30
(Sep 09 2016 19:09:44,  415714 sec) LogNmeaSentences()   $GPGSV,3,1,12,01,14,228,38,03,51,296,47,08,14,183,39,11,07,213,29*77
(Sep 09 2016 19:09:45,  415714 sec) LogNmeaSentences()   $GPGSV,3,2,12,14,34,088,43,16,84,055,45,22,64,261,46,23,21,327,42*73
(Sep 09 2016 19:09:45,  415714 sec) LogNmeaSentences()   $GPGSV,3,3,12,26,51,034,45,27,29,148,42,31,17,041,42,32,14,112,40*7C
(Sep 09 2016 19:09:53,  415722 sec) LogNmeaSentences()   $GPRMC,190950,A,1311.6496,N,08559.5235,E,000.9,250.2,090916,001.4,W*61
(Sep 09 2016 19:09:53,  415723 sec) LogNmeaSentences()   $GPGGA,190950,1311.6496,N,08559.5235,E,1,10,0.7,-8.2,M,-77.7,M,,*42
(Sep 09 2016 19:09:54,  415723 sec) LogNmeaSentences()   $GPGSA,A,3,01,03,,,11,14,16,22,23,26,27,31,1.0,0.7,0.7*31
(Sep 09 2016 19:09:54,  415723 sec) LogNmeaSentences()   $GPGSV,3,1,12,01,14,228,40,03,51,296,47,07,02,261,32,08,14,183,41*7A
(Sep 09 2016 19:09:55,  415724 sec) LogNmeaSentences()   $GPGSV,3,2,12,11,07,212,37,14,34,088,43,16,84,052,46,22,64,261,47*76
(Sep 09 2016 19:09:55,  415724 sec) LogNmeaSentences()   $GPGSV,3,3,12,23,21,327,44,26,51,034,48,27,29,148,43,31,17,041,42*76
(Sep 09 2016 19:10:03,  415732 sec) LogNmeaSentences()   $GPRMC,191000,A,1311.6498,N,08559.5235,E,000.4,022.4,090916,001.4,W*6E
(Sep 09 2016 19:10:03,  415733 sec) LogNmeaSentences()   $GPGGA,191000,1311.6498,N,08559.5235,E,1,10,0.7,-8.3,M,-77.7,M,,*40
(Sep 09 2016 19:10:04,  415733 sec) LogNmeaSentences()   $GPGSA,A,3,01,03,,,11,14,16,22,23,26,27,31,1.0,0.7,0.7*31
(Sep 09 2016 19:10:04,  415733 sec) LogNmeaSentences()   $GPGSV,3,1,12,01,14,228,39,03,51,296,46,07,02,261,30,08,14,183,41*77
(Sep 09 2016 19:10:05,  415734 sec) LogNmeaSentences()   $GPGSV,3,2,12,11,07,212,38,14,34,088,44,16,84,052,46,22,64,261,46*7F
(Sep 09 2016 19:10:05,  415734 sec) LogNmeaSentences()   $GPGSV,3,3,12,23,21,328,43,26,51,034,47,27,29,148,43,31,17,041,40*73
(Sep 09 2016 19:10:05,  415735 sec) LogNmeaSentences()   $PGRMT,GPS 15x-L software ver. 3.90,,,,,,,,*7D
(Sep 09 2016 19:10:05,  415735 sec) GpsServices()        GPS services complete.
(Sep 09 2016 19:10:30,  415759 sec) CLogin()             Connecting to primary host.
(Sep 09 2016 19:10:53,  415783 sec) CLogin()             Connection 1 established in 23 seconds.
(Sep 09 2016 19:11:07,  415796 sec) login()              Login successful.
(Sep 09 2016 19:11:10,  415800 sec) CLogin()             Logged in to host.  [Login required 17 seconds]
(Sep 09 2016 19:11:18,  415808 sec) RxConfig()           Downloading "mission.cfg" from host.
(Sep 09 2016 19:11:21,  415810 sec) Rx()                 Initiating transfer. [0x43]
(Sep 09 2016 19:11:27,  415816 sec) Rx()                 Truncated packet received - retrying.
(Sep 09 2016 19:11:38,  415827 sec) RxStartByte()        Sync errors encountered: 702
(Sep 09 2016 19:11:42,  415831 sec) Rx()                 Truncated packet received - retrying.
(Sep 09 2016 19:11:45,  415834 sec) RxStartByte()        Sync errors encountered: 816
(Sep 09 2016 19:11:48,  415837 sec) Rx()                 Truncated packet received - retrying.
(Sep 09 2016 19:11:58,  415848 sec) RxStartByte()        Sync errors encountered: 786
(Sep 09 2016 19:11:59,  415849 sec) Rx()                 Pad character [0x1a] found in ascii mode - truncating packet.
(Sep 09 2016 19:12:04,  415853 sec) Rx()                 Received EOT - transfer complete. [1 packets, 1024 bytes, 43 sec, 23.8 bps]
(Sep 09 2016 19:12:04,  415853 sec) RxConfig()           Download successful.
(Sep 09 2016 19:12:18,  415867 sec) WriteVitals()        Writing vitals to "7546.051.msg".
(Sep 09 2016 19:12:28,  415877 sec) UpLoadFile()         Uploading "7546.051.msg" to host as "7546.051.msg".
(Sep 09 2016 19:12:30,  415880 sec) Tx()                 CRC negotiation successful. [16-bit CRC]
(Sep 09 2016 19:13:16,  415925 sec) TxPacket()           NAK received - resending packet. [PktNum=0x07]
(Sep 09 2016 19:13:16,  415925 sec) TxPacket()           Packet xmit history: [00000001] (0:ok, 1:fail).
(Sep 09 2016 19:13:26,  415935 sec) TxPacket()           NAK received - resending packet. [PktNum=0x07]
(Sep 09 2016 19:13:26,  415935 sec) TxPacket()           Packet xmit history: [00000011] (0:ok, 1:fail).
(Sep 09 2016 19:13:32,  415941 sec) TxPacket()           NAK received - resending packet. [PktNum=0x07]
(Sep 09 2016 19:13:32,  415942 sec) TxPacket()           Packet xmit history: [00000111] (0:ok, 1:fail).
(Sep 09 2016 19:14:19,  415988 sec) TxPacket()           NAK received - resending packet. [PktNum=0x0e]
(Sep 09 2016 19:14:19,  415989 sec) TxPacket()           Packet xmit history: [00000001] (0:ok, 1:fail).
(Sep 09 2016 19:14:44,  416014 sec) TxPacket()           NAK received - resending packet. [PktNum=0x11]
(Sep 09 2016 19:14:44,  416014 sec) TxPacket()           Packet xmit history: [00010001] (0:ok, 1:fail).
(Sep 09 2016 19:14:58,  416027 sec) TxPacket()           NAK received - resending packet. [PktNum=0x12]
(Sep 09 2016 19:14:58,  416027 sec) TxPacket()           Packet xmit history: [01000101] (0:ok, 1:fail).
(Sep 09 2016 19:15:17,  416046 sec) TxPacket()           NAK received - resending packet. [PktNum=0x14]
(Sep 09 2016 19:15:17,  416047 sec) TxPacket()           Packet xmit history: [00101001] (0:ok, 1:fail).
(Sep 09 2016 19:15:54,  416083 sec) Tx()                 Transmission completed successfully [24 packets, 24520 bytes, 202 sec, 121.7 bps]
(Sep 09 2016 19:15:54,  416084 sec) UpLoadFile()         Upload successful.
(Sep 09 2016 19:16:01,  416090 sec) UpLoadFile()         Uploading "7546.051.log" to host as "7546.051.log".
(Sep 09 2016 19:16:08,  416097 sec) Tx()                 CRC negotiation successful. [16-bit CRC]
(Sep 09 2016 19:16:11,  416100 sec) TxPacket()           Invalid response [0x20] - resending packet. [PktNum=0x01]
(Sep 09 2016 19:16:11,  416100 sec) TxPacket()           Packet xmit history: [01000001] (0:ok, 1:fail).
(Sep 09 2016 19:16:13,  416102 sec) TxPacket()           Invalid response [0x43] - resending packet. [PktNum=0x01]
(Sep 09 2016 19:16:13,  416102 sec) TxPacket()           Packet xmit history: [10000011] (0:ok, 1:fail).
(Sep 09 2016 19:16:39,  416128 sec) TxPacket()           NAK received - resending packet. [PktNum=0x06]
(Sep 09 2016 19:16:39,  416129 sec) TxPacket()           Packet xmit history: [11000001] (0:ok, 1:fail).
(Sep 09 2016 19:16:44,  416133 sec) TxPacket()           NAK received - resending packet. [PktNum=0x06]
(Sep 09 2016 19:16:44,  416134 sec) TxPacket()           Packet xmit history: [10000011] (0:ok, 1:fail).
(Sep 09 2016 19:16:52,  416141 sec) TxPacket()           False CAN detected - resending packet. [PktNum=0x06]
(Sep 09 2016 19:16:52,  416141 sec) TxPacket()           Packet xmit history: [00000111] (0:ok, 1:fail).
(Sep 09 2016 19:16:57,  416146 sec) TxPacket()           Packet xmit history: [00001110] (0:ok, 1:fail).
(Sep 09 2016 19:16:59,  416148 sec) TxPacket()           Invalid response [0x63] - resending packet. [PktNum=0x06]
(Sep 09 2016 19:16:59,  416148 sec) TxPacket()           Packet xmit history: [00011101] (0:ok, 1:fail).
(Sep 09 2016 19:17:00,  416149 sec) TxPacket()           Invalid response [0x6d] - resending packet. [PktNum=0x06]
(Sep 09 2016 19:17:00,  416149 sec) TxPacket()           Packet xmit history: [00111011] (0:ok, 1:fail).
(Sep 09 2016 19:17:01,  416150 sec) TxPacket()           Invalid response [0x37] - resending packet. [PktNum=0x06]
(Sep 09 2016 19:17:01,  416150 sec) TxPacket()           Packet xmit history: [01110111] (0:ok, 1:fail).
(Sep 09 2016 19:17:02,  416151 sec) TxPacket()           Invalid response [0x29] - resending packet. [PktNum=0x06]
(Sep 09 2016 19:17:02,  416151 sec) TxPacket()           Packet xmit history: [11101111] (0:ok, 1:fail).
(Sep 09 2016 19:17:04,  416153 sec) TxPacket()           Invalid response [0x47] - resending packet. [PktNum=0x06]
(Sep 09 2016 19:17:04,  416153 sec) TxPacket()           Packet xmit history: [11011111] (0:ok, 1:fail).
(Sep 09 2016 19:17:05,  416154 sec) TxPacket()           Invalid response [0x73] - resending packet. [PktNum=0x06]
(Sep 09 2016 19:17:05,  416154 sec) TxPacket()           Packet xmit history: [10111111] (0:ok, 1:fail).
(Sep 09 2016 19:17:05,  416154 sec) TxPacket()           Exit status: -5
(Sep 09 2016 19:17:05,  416154 sec) Tx()                 Packet transmission failed - aborting transfer.
(Sep 09 2016 19:17:16,  416165 sec) UpLoadFile()         Upload failed.
(Sep 09 2016 19:17:35,  416184 sec) UpLoadFile()         Uploading "7546.051.log" to host as "7546.051.log".
(Sep 09 2016 19:18:35,  416244 sec) Tx()                 CRC negotiation failed - aborting transfer.
(Sep 09 2016 19:18:45,  416255 sec) UpLoadFile()         Upload failed.
(Sep 09 2016 19:18:45,  416255 sec) UpLoad()             Files successfully uploaded: 1
(Sep 09 2016 19:18:45,  416255 sec) UpLoad()             Aborting upload: Retry limit [2] exceeded. Upload incomplete.
(Sep 09 2016 19:18:49,  416259 sec) logout()             Log-out successful.
(Sep 09 2016 19:18:51,  416260 sec) Telemetry()          Telemetry cycle complete: PrfId=51 ConnectionAttempts=1  Connections=1
(Sep 09 2016 19:34:05,  417174 sec) AirSystem()          Air-bladder inflation by-passed. Barometer: [126cnt, 6.5"Hg].
(Sep 09 2016 19:34:30,  417199 sec) GpsServices()        GPS almanac is current.
(Sep 09 2016 19:34:30,  417199 sec) GpsServices()        Initiating GPS fix acquisition.
(Sep 09 2016 19:34:40,  417209 sec) gga()                $GPGGA,193430,1311.6422,N,08559.5230,E,0,00,,,M,,M,,*54
(Sep 09 2016 19:35:08,  417237 sec) gga()                $GPGGA,193440,1311.7307,N,08559.5061,E,6,11,0.7,-1.2,M,-77.7,M,,*4F
(Sep 09 2016 19:35:33,  417262 sec) gga()                $GPGGA,193450,1311.7308,N,08559.5050,E,6,11,0.7,-3.4,M,-77.7,M,,*47
(Sep 09 2016 19:35:58,  417287 sec) gga()                $GPGGA,193500,1311.7321,N,08559.5053,E,1,11,0.7,-3.2,M,-77.7,M,,*4A
(Sep 09 2016 19:35:58,  417287 sec) GpsServices()        Profile 51 GPS fix obtained in 88 seconds.
(Sep 09 2016 19:35:58,  417287 sec) GpsServices()                  lon     lat mm/dd/yyyy hhmmss nsat
(Sep 09 2016 19:35:58,  417287 sec) GpsServices()        Fix:   85.992  13.196 09/09/2016 193500   11
(Sep 09 2016 19:36:27,  417317 sec) gga()                $GPGGA,193600,1311.7346,N,08559.5044,E,1,12,0.7,-4.0,M,-77.7,M,,*48
(Sep 09 2016 19:36:33,  417322 sec) gga()                $GPGGA,193630,1311.7367,N,08559.5040,E,1,12,0.7,-2.9,M,-77.7,M,,*43
(Sep 09 2016 19:36:33,  417323 sec) GpsServices()        APF9 RTC skew (3s) OK.
(Sep 09 2016 19:36:34,  417323 sec) LogNmeaSentences()   1,08,203,40,14,30,102,44,16,71,021,47,22,59,233,47*7F
(Sep 09 2016 19:36:34,  417323 sec) LogNmeaSentences()   $GPGSV,3,3,12,23,30,334,45,26,40,030,45,27,36,136,46,31,12,050,43*7A
(Sep 09 2016 19:36:43,  417332 sec) LogNmeaSentences()   $GPRMC,193640,A,1311.7365,N,08559.5031,E,001.5,173.8,090916,001.4,W*65
(Sep 09 2016 19:36:43,  417333 sec) LogNmeaSentences()   $GPGGA,193640,1311.7365,N,08559.5031,E,1,12,0.7,-3.8,M,-77.7,M,,*40
(Sep 09 2016 19:36:44,  417333 sec) LogNmeaSentences()   $GPGSA,A,3,01,03,07,08,11,14,16,22,23,26,27,31,1.0,0.7,0.7*3E
(Sep 09 2016 19:36:44,  417333 sec) LogNmeaSentences()   $GPGSV,3,1,12,01,10,218,41,03,55,275,45,07,05,272,36,08,23,176,40*79
(Sep 09 2016 19:36:45,  417334 sec) LogNmeaSentences()   $GPGSV,3,2,12,11,08,203,42,14,30,102,42,16,70,021,46,22,59,233,46*7A
(Sep 09 2016 19:36:45,  417334 sec) LogNmeaSentences()   $GPGSV,3,3,12,23,30,334,45,26,40,030,46,27,36,136,44,31,12,050,42*7A
(Sep 09 2016 19:36:53,  417342 sec) LogNmeaSentences()   $GPRMC,193650,A,1311.7370,N,08559.5028,E,000.8,171.6,090916,001.4,W*68
(Sep 09 2016 19:36:53,  417343 sec) LogNmeaSentences()   $GPGGA,193650,1311.7370,N,08559.5028,E,1,12,0.7,-4.0,M,-77.7,M,,*42
(Sep 09 2016 19:36:54,  417343 sec) LogNmeaSentences()   $GPGSA,A,3,01,03,07,08,11,14,16,22,23,26,27,31,1.0,0.7,0.7*3E
(Sep 09 2016 19:36:54,  417343 sec) LogNmeaSentences()   $GPGSV,3,1,12,01,10,218,40,03,55,275,47,07,05,272,39,08,23,176,40*75
(Sep 09 2016 19:36:55,  417344 sec) LogNmeaSentences()   $GPGSV,3,2,12,11,08,203,40,14,30,102,42,16,70,021,47,22,59,233,48*77
(Sep 09 2016 19:36:55,  417344 sec) LogNmeaSentences()   $GPGSV,3,3,12,23,30,334,47,26,39,030,45,27,37,136,46,31,12,051,41*74
(Sep 09 2016 19:37:03,  417352 sec) LogNmeaSentences()   $GPRMC,193700,A,1311.7382,N,08559.5023,E,001.0,217.6,090916,001.4,W*60
(Sep 09 2016 19:37:03,  417353 sec) LogNmeaSentences()   $GPGGA,193700,1311.7382,N,08559.5023,E,1,12,0.7,-4.4,M,-77.7,M,,*44
(Sep 09 2016 19:37:04,  417353 sec) LogNmeaSentences()   $GPGSA,A,3,01,03,07,08,11,14,16,22,23,26,27,31,1.0,0.7,0.7*3E
(Sep 09 2016 19:37:04,  417354 sec) LogNmeaSentences()   $GPGSV,3,1,12,01,10,217,27,03,55,274,45,07,05,272,25,08,23,176,37*75
(Sep 09 2016 19:37:05,  417354 sec) LogNmeaSentences()   $GPGSV,3,2,12,11,08,203,32,14,30,102,43,16,70,021,47,22,59,233,44*7F
(Sep 09 2016 19:37:05,  417354 sec) LogNmeaSentences()   $GPGSV,3,3,12,23,30,334,46,26,39,030,46,27,37,136,43,31,12,051,44*76
(Sep 09 2016 19:37:05,  417355 sec) LogNmeaSentences()   $PGRMT,GPS 15x-L software ver. 3.90,,,,,,,,*7D
(Sep 09 2016 19:37:06,  417355 sec) GpsServices()        GPS services complete.
(Sep 09 2016 19:37:38,  417387 sec) CLogin()             Connecting to primary host.
(Sep 09 2016 19:38:40,  417449 sec) chat()               Expected string [CONNECT] not received.
(Sep 09 2016 19:38:40,  417449 sec) modem_connect()      Modem command [AT+CBST=71,0,1;DT0088160000573] failed.
(Sep 09 2016 19:39:40,  417509 sec) chat()               Expected string [CONNECT] not received.
(Sep 09 2016 19:39:40,  417509 sec) modem_connect()      Modem command [AT+CBST=71,0,1;DT0088160000573] failed.
(Sep 09 2016 19:39:40,  417509 sec) connect()            Aborted after 2 failed attempts.
(Sep 09 2016 19:39:40,  417509 sec) CLogin()             Attempt to connect to primary host failed after 2 tries.  Connecting to alternate host.
(Sep 09 2016 19:40:41,  417570 sec) chat()               Expected string [CONNECT] not received.
(Sep 09 2016 19:40:41,  417570 sec) modem_connect()      Modem command [AT+CBST=7.0,1;DT0013016366303] failed.
(Sep 09 2016 19:41:41,  417630 sec) chat()               Expected string [CONNECT] not received.
(Sep 09 2016 19:41:41,  417630 sec) modem_connect()      Modem command [AT+CBST=7.0,1;DT0013016366303] failed.
(Sep 09 2016 19:41:41,  417630 sec) connect()            Aborted after 2 failed attempts.
(Sep 09 2016 19:41:41,  417630 sec) CLogin()             Attempt to connect to primary and alternate hosts failed - aborting.
(Sep 09 2016 19:41:41,  417631 sec) DownLoadMissionCfg() Connect/login failed.  Mission configuration not downloaded from remote host.
(Sep 09 2016 19:41:47,  417636 sec) CLogin()             Connecting to primary host.
(Sep 09 2016 19:41:58,  417647 sec) CLogin()             Connection 2 established in 11 seconds.
(Sep 09 2016 19:42:07,  417656 sec) login()              Login successful.
(Sep 09 2016 19:42:10,  417660 sec) CLogin()             Logged in to host.  [Login required 12 seconds]
(Sep 09 2016 19:42:18,  417667 sec) RxConfig()           Downloading "mission.cfg" from host.
(Sep 09 2016 19:42:20,  417670 sec) Rx()                 Initiating transfer. [0x43]
(Sep 09 2016 19:42:28,  417677 sec) Rx()                 Pad character [0x1a] found in ascii mode - truncating packet.
(Sep 09 2016 19:42:33,  417682 sec) Rx()                 Received EOT - transfer complete. [1 packets, 1024 bytes, 13 sec, 78.8 bps]
(Sep 09 2016 19:42:33,  417682 sec) RxConfig()           Download successful.
(Sep 09 2016 19:42:53,  417702 sec) UpLoadFile()         Uploading "7546.051.log" to host as "7546.051.log".
(Sep 09 2016 19:42:55,  417704 sec) Tx()                 CRC negotiation successful. [16-bit CRC]
(Sep 09 2016 19:43:19,  417728 sec) TxPacket()           NAK received - resending packet. [PktNum=0x04]
(Sep 09 2016 19:43:19,  417729 sec) TxPacket()           Packet xmit history: [10000001] (0:ok, 1:fail).
(Sep 09 2016 19:43:29,  417738 sec) TxPacket()           NAK received - resending packet. [PktNum=0x05]
(Sep 09 2016 19:43:29,  417739 sec) TxPacket()           Packet xmit history: [00000101] (0:ok, 1:fail).
(Sep 09 2016 19:43:46,  417755 sec) TxPacket()           NAK received - resending packet. [PktNum=0x07]
(Sep 09 2016 19:43:46,  417756 sec) TxPacket()           Packet xmit history: [00101001] (0:ok, 1:fail).
(Sep 09 2016 19:44:20,  417790 sec) TxPacket()           NAK received - resending packet. [PktNum=0x0c]
(Sep 09 2016 19:44:20,  417790 sec) TxPacket()           Packet xmit history: [01000001] (0:ok, 1:fail).
(Sep 09 2016 19:44:32,  417801 sec) TxPacket()           NAK received - resending packet. [PktNum=0x0c]
(Sep 09 2016 19:44:32,  417801 sec) TxPacket()           Packet xmit history: [10000011] (0:ok, 1:fail).
(Sep 09 2016 19:45:08,  417837 sec) TxPacket()           NAK received - resending packet. [PktNum=0x12]
(Sep 09 2016 19:45:08,  417838 sec) TxPacket()           Packet xmit history: [10000001] (0:ok, 1:fail).
(Sep 09 2016 19:45:31,  417860 sec) TxPacket()           NAK received - resending packet. [PktNum=0x15]
(Sep 09 2016 19:45:31,  417861 sec) TxPacket()           Packet xmit history: [00010001] (0:ok, 1:fail).
(Sep 09 2016 19:46:01,  417890 sec) TxPacket()           NAK received - resending packet. [PktNum=0x18]
(Sep 09 2016 19:46:01,  417891 sec) TxPacket()           Packet xmit history: [00010001] (0:ok, 1:fail).
(Sep 09 2016 19:46:07,  417896 sec) TxPacket()           NAK received - resending packet. [PktNum=0x18]
(Sep 09 2016 19:46:07,  417897 sec) TxPacket()           Packet xmit history: [00100011] (0:ok, 1:fail).
(Sep 09 2016 19:46:19,  417908 sec) TxPacket()           NAK received - resending packet. [PktNum=0x19]
(Sep 09 2016 19:46:19,  417909 sec) TxPacket()           Packet xmit history: [10001101] (0:ok, 1:fail).
(Sep 09 2016 19:46:33,  417922 sec) TxPacket()           NAK received - resending packet. [PktNum=0x1a]
(Sep 09 2016 19:46:33,  417923 sec) TxPacket()           Packet xmit history: [00110101] (0:ok, 1:fail).
(Sep 09 2016 19:47:01,  417950 sec) TxPacket()           NAK received - resending packet. [PktNum=0x1f]
(Sep 09 2016 19:47:01,  417951 sec) TxPacket()           Packet xmit history: [01000001] (0:ok, 1:fail).
(Sep 09 2016 19:47:16,  417965 sec) TxPacket()           NAK received - resending packet. [PktNum=0x20]
(Sep 09 2016 19:47:16,  417966 sec) TxPacket()           Packet xmit history: [00000101] (0:ok, 1:fail).
(Sep 09 2016 19:47:23,  417972 sec) TxPacket()           NAK received - resending packet. [PktNum=0x20]
(Sep 09 2016 19:47:23,  417973 sec) TxPacket()           Packet xmit history: [00001011] (0:ok, 1:fail).
(Sep 09 2016 19:47:39,  417988 sec) TxPacket()           NAK received - resending packet. [PktNum=0x22]
(Sep 09 2016 19:47:39,  417989 sec) TxPacket()           Packet xmit history: [01011001] (0:ok, 1:fail).
(Sep 09 2016 19:48:28,  418037 sec) Tx()                 Transmission completed successfully [40 packets, 38093 bytes, 332 sec, 115.3 bps]
(Sep 09 2016 19:48:28,  418038 sec) UpLoadFile()         Upload successful.
(Sep 09 2016 19:48:34,  418044 sec) UpLoad()             Files successfully uploaded: 1
(Sep 09 2016 19:48:34,  418044 sec) UpLoad()             Upload complete.
(Sep 09 2016 19:48:38,  418048 sec) logout()             Log-out successful.
(Sep 09 2016 19:48:39,  418049 sec) Telemetry()          Telemetry cycle complete: PrfId=51 ConnectionAttempts=2  Connections=2
(Sep 09 2016 19:48:40,  418049 sec) TelemetryTerminate() Parsing new mission configuration.
(Sep 09 2016 19:48:41,  418050 sec) configure()          Parsing configurators in "mission.cfg".
(Sep 09 2016 19:48:45,  418054 sec) configure()             TelemetryRetry(15)      [0x7BBC] [TelemetryRetry(15)].
(Sep 09 2016 19:48:45,  418055 sec) configure()          Configuration CRCs and syntax OK.
(Sep 09 2016 19:48:45,  418055 sec) ConfigSupervisor()   Configuration accepted.
(Sep 09 2016 19:48:46,  418055 sec) TelemetryTerminate() Reconditioning the file system.
(Sep 09 2016 19:48:57,       6 sec) DescentInit()        Deep profile 52 initiated at mission-time 418060sec.
(Sep 09 2016 19:49:00,       9 sec) DescentInit()        Surface pressure: 0.1dbars.
(Sep 09 2016 19:49:05,      14 sec) PistonMoveAbsWTO()    186->050 185 184 183 182 181 180 179 178 177 176 175 174 173 172 171 170 169 168 167 166 165 164 163 162 161 160 159 158 157 156 155 154 153 152 151 150 149 148 147 146 145 144 143 142 141 140 139 138 137 136 135 134 133 132 131 130 129 128 127 126 125 124 123 122 121 120 119 118 117 116 115 114 113 112 111 110 109 108 107 106 105 104 103 102 101 100 099 098 097 096 095 094 093 092 091 090 089 088 087 086 085 084 083 082 081 080 079 078 077 076 075 074 073 072 071 070 069 068 067 066 065 064 063 062 061 060 059 058 057 056 055 054 053 052 051 050 [694sec, 14.4Volts, 0.141Amps, CPT:694sec]
(Sep 09 2016 20:00:39,     708 sec) PistonMoveAbsWTO()    050->000 049 048 047 046 045 044 043 042 041 040 039 038 037 036 035 034 033 032 031 030 029 028 027 026 025 024 023 022 021 020 019 018 017 016 015 014 013 012 011 010 009 [209sec, 14.5Volts, 0.141Amps, CPT:903sec]
(Sep 09 2016 20:04:18,     927 sec) Descent()            Pressure: 80.5
(Sep 09 2016 20:48:55,    3604 sec) Descent()            Pressure: 388.8
(Sep 09 2016 21:48:55,    7204 sec) Descent()            Pressure: 850.0
(Sep 09 2016 21:48:55,    7204 sec) PistonMoveAbsWTO()    009->050 010 011 012 013 014 015 016 017 018 019 020 021 022 023 024 025 026 027 028 029 030 031 032 033 034 035 036 037 038 039 040 041 042 043 044 045 046 047 048 049 050 [231sec, 13.9Volts, 0.399Amps, CPT:1134sec]
(Sep 09 2016 22:48:55,   10804 sec) Descent()            Pressure: 859.6
(Sep 09 2016 23:48:55,   14404 sec) Descent()            Pressure: 896.7
(Sep 10 2016 00:48:55,   18004 sec) Descent()            Pressure: 915.1
(Sep 10 2016 00:48:55,   18004 sec) ParkInit()           
(Sep 10 2016 02:49:24,   25233 sec) Park()               ParkPOutOfBand[-3, 932.1 dbars]: retract piston.
(Sep 10 2016 02:49:25,   25234 sec) PistonMoveAbsWTO()    050->049 049 [1sec, 14.3Volts, 0.109Amps, CPT:1135sec]
(Sep 10 2016 05:49:24,   36033 sec) Park()               ParkPOutOfBand[-3, 957.8 dbars]: retract piston.
(Sep 10 2016 05:49:25,   36034 sec) PistonMoveAbsWTO()    049->048 048 [5sec, 14.4Volts, 0.109Amps, CPT:1140sec]
(Sep 10 2016 14:49:24,   68433 sec) Park()               ParkPOutOfBand[3, 1010.5 dbars]: extend piston.
(Sep 10 2016 14:49:25,   68434 sec) PistonMoveAbsWTO()    048->049 049 [2sec, 13.9Volts, 0.467Amps, CPT:1142sec]
(Sep 11 2016 02:49:24,  111633 sec) Park()               ParkPOutOfBand[3, 1013.3 dbars]: extend piston.
(Sep 11 2016 02:49:25,  111634 sec) PistonMoveAbsWTO()    049->050 050 [6sec, 13.7Volts, 0.447Amps, CPT:1148sec]
(Sep 11 2016 07:49:24,  129634 sec) Park()               ParkPOutOfBand[-3, 988.6 dbars]: retract piston.
(Sep 11 2016 07:49:25,  129634 sec) PistonMoveAbsWTO()    050->049 049 [2sec, 14.3Volts, 0.113Amps, CPT:1150sec]
(Sep 13 2016 18:49:27,  342036 sec) Park()               ParkPOutOfBand[3, 1012.4 dbars]: extend piston.
(Sep 13 2016 18:49:27,  342036 sec) PistonMoveAbsWTO()    049->050 050 [3sec, 13.9Volts, 0.455Amps, CPT:1153sec]
(Sep 14 2016 03:49:16,  374425 sec) CtdPower()           [ 1002.04,  6.8440, 34.9523]
(Sep 14 2016 03:49:16,  374425 sec) CtdPower()           CTD Power consumption [184VCnt 9ACnt]: 14.263Volts * 0.036Amps = 0.52Watts.
(Sep 14 2016 03:49:17,  374426 sec) ParkTerminate()      Piston Position:50 Vacuum:80 Vq:196 Aq:4 Vsbe:184 Asbe:9
(Sep 14 2016 03:49:44,  374453 sec) ParkTerminate()      PTS: 1002.3dbars 6.8442C 34.9519PSU
(Sep 14 2016 03:49:45,  374454 sec) GoDeepInit()         Moving piston.
(Sep 14 2016 03:49:45,  374454 sec) PistonMoveAbsWTO()    050->011 049 048 047 046 045 044 043 042 041 040 039 038 037 036 035 034 033 032 031 030 029 028 027 026 025 024 023 022 021 020 019 018 017 016 015 014 013 012 011 [197sec, 14.3Volts, 0.093Amps, CPT:1350sec]
(Sep 14 2016 07:28:55,  387604 sec) GoDeep()             Sequence point detected at 2000.4dbar.
(Sep 14 2016 07:28:57,  387606 sec) ProfileInit()        PrfId:052  Pressure:2000.5dbar  pTable[0]:2000dbar
(Sep 14 2016 07:29:35,  387644 sec) Profile()            Sample 0 initiated at 2000.7dbars for bin 0 [2000dbars].  PTS: 2001.2dbars 2.7682C 34.7919PSU
(Sep 14 2016 07:29:36,  387645 sec) PistonMoveAbsWTO()    011->033 012 013 014 015 016 [30sec, 13.3Volts, 0.790Amps, CPT:1380sec]
(Sep 14 2016 07:30:16,  387685 sec) PistonMoveAbsWTO()    016->033 017 018 019 020 [30sec, 13.1Volts, 0.790Amps, CPT:1410sec]
(Sep 14 2016 07:30:56,  387725 sec) PistonMoveAbsWTO()    020->033 021 022 023 024 025 [30sec, 13.0Volts, 0.774Amps, CPT:1440sec]
(Sep 14 2016 07:33:03,  387852 sec) Sbe41cpStartCP()     Continuous profile started.
(Sep 14 2016 07:33:03,  387852 sec) PistonMoveAbsWTO()    025->033 026 027 028 029 [30sec, 13.0Volts, 0.782Amps, CPT:1470sec]
(Sep 14 2016 07:33:43,  387892 sec) PistonMoveAbsWTO()    029->033 030 031 032 033 [27sec, 12.9Volts, 0.782Amps, CPT:1497sec]
(Sep 14 2016 08:20:02,  390671 sec) AscentControlAgent() Bouyancy nudge to 43 (v=0.076dbar/sec).
(Sep 14 2016 08:20:02,  390671 sec) PistonMoveAbsWTO()    033->043 034 035 036 037 [30sec, 13.4Volts, 0.685Amps, CPT:1527sec]
(Sep 14 2016 08:20:42,  390711 sec) PistonMoveAbsWTO()    037->043 038 039 040 041 042 [30sec, 13.3Volts, 0.689Amps, CPT:1557sec]
(Sep 14 2016 08:21:22,  390751 sec) PistonMoveAbsWTO()    042->043 043 [5sec, 13.3Volts, 0.685Amps, CPT:1562sec]
(Sep 14 2016 09:07:21,  393510 sec) AscentControlAgent() Bouyancy nudge to 53 (v=0.078dbar/sec).
(Sep 14 2016 09:07:21,  393510 sec) PistonMoveAbsWTO()    043->053 044 045 046 047 [30sec, 13.6Volts, 0.616Amps, CPT:1592sec]
(Sep 14 2016 09:08:01,  393550 sec) PistonMoveAbsWTO()    047->053 048 049 050 051 052 [30sec, 13.4Volts, 0.608Amps, CPT:1622sec]
(Sep 14 2016 09:08:41,  393590 sec) PistonMoveAbsWTO()    052->053 053 [4sec, 13.4Volts, 0.629Amps, CPT:1626sec]
(Sep 14 2016 09:59:45,  396654 sec) AscentControlAgent() Bouyancy nudge to 63 (v=0.076dbar/sec).
(Sep 14 2016 09:59:45,  396654 sec) PistonMoveAbsWTO()    053->063 054 055 056 057 [30sec, 13.7Volts, 0.520Amps, CPT:1656sec]
(Sep 14 2016 10:00:25,  396694 sec) PistonMoveAbsWTO()    057->063 058 059 060 061 062 [30sec, 13.6Volts, 0.528Amps, CPT:1686sec]
(Sep 14 2016 10:01:05,  396734 sec) PistonMoveAbsWTO()    062->063 063 [2sec, 13.5Volts, 0.524Amps, CPT:1688sec]
(Sep 14 2016 10:57:13,  400102 sec) AscentControlAgent() Bouyancy nudge to 73 (v=0.076dbar/sec).
(Sep 14 2016 10:57:13,  400102 sec) PistonMoveAbsWTO()    063->073 064 065 066 067 068 [30sec, 13.9Volts, 0.435Amps, CPT:1718sec]
(Sep 14 2016 10:57:53,  400142 sec) PistonMoveAbsWTO()    068->073 069 070 071 072 073 [29sec, 13.7Volts, 0.447Amps, CPT:1747sec]
(Sep 14 2016 12:50:34,  406903 sec) AscentControlAgent() Bouyancy nudge to 83 (v=0.067dbar/sec).
(Sep 14 2016 12:50:34,  406903 sec) PistonMoveAbsWTO()    073->083 074 075 076 077 078 [30sec, 14.2Volts, 0.205Amps, CPT:1777sec]
(Sep 14 2016 12:51:14,  406943 sec) PistonMoveAbsWTO()    078->083 079 080 081 082 083 [24sec, 14.1Volts, 0.210Amps, CPT:1801sec]
(Sep 14 2016 12:56:45,  407274 sec) AscentControlAgent() Bouyancy nudge to 93 (v=0.073dbar/sec).
(Sep 14 2016 12:56:45,  407274 sec) PistonMoveAbsWTO()    083->093 084 085 086 087 088 [30sec, 14.1Volts, 0.205Amps, CPT:1831sec]
(Sep 14 2016 12:57:25,  407314 sec) PistonMoveAbsWTO()    088->093 089 090 091 092 093 [24sec, 14.1Volts, 0.205Amps, CPT:1855sec]
(Sep 14 2016 13:02:56,  407645 sec) AscentControlAgent() Bouyancy nudge to 103 (v=0.069dbar/sec).
(Sep 14 2016 13:02:56,  407645 sec) PistonMoveAbsWTO()    093->103 094 095 096 097 098 [30sec, 14.1Volts, 0.205Amps, CPT:1885sec]
(Sep 14 2016 13:03:36,  407685 sec) PistonMoveAbsWTO()    098->103 099 100 101 102 103 [25sec, 14.1Volts, 0.193Amps, CPT:1910sec]
(Sep 14 2016 13:09:07,  408016 sec) AscentControlAgent() Bouyancy nudge to 113 (v=0.066dbar/sec).
(Sep 14 2016 13:09:07,  408016 sec) PistonMoveAbsWTO()    103->113 104 105 106 107 108 [30sec, 14.2Volts, 0.185Amps, CPT:1940sec]
(Sep 14 2016 13:09:47,  408056 sec) PistonMoveAbsWTO()    108->113 109 110 111 112 113 [24sec, 14.1Volts, 0.189Amps, CPT:1964sec]
(Sep 14 2016 13:15:17,  408386 sec) AscentControlAgent() Bouyancy nudge to 123 (v=0.072dbar/sec).
(Sep 14 2016 13:15:17,  408386 sec) PistonMoveAbsWTO()    113->123 114 115 116 117 118 [30sec, 14.2Volts, 0.173Amps, CPT:1994sec]
(Sep 14 2016 13:15:57,  408426 sec) PistonMoveAbsWTO()    118->123 119 120 121 122 123 [24sec, 14.2Volts, 0.185Amps, CPT:2018sec]
(Sep 14 2016 13:20:23,  408692 sec) AscentControlAgent() Bouyancy nudge to 133 (v=0.041dbar/sec).
(Sep 14 2016 13:20:23,  408692 sec) PistonMoveAbsWTO()    123->133 124 125 126 127 128 [30sec, 14.2Volts, 0.181Amps, CPT:2048sec]
(Sep 14 2016 13:21:03,  408732 sec) PistonMoveAbsWTO()    128->133 129 130 131 132 133 [24sec, 14.2Volts, 0.169Amps, CPT:2072sec]
(Sep 14 2016 13:25:29,  408998 sec) AscentControlAgent() Bouyancy nudge to 143 (v=0.026dbar/sec).
(Sep 14 2016 13:25:29,  408998 sec) PistonMoveAbsWTO()    133->143 134 135 136 137 138 [30sec, 14.2Volts, 0.185Amps, CPT:2102sec]
(Sep 14 2016 13:26:09,  409038 sec) PistonMoveAbsWTO()    138->143 139 140 141 142 143 [23sec, 14.2Volts, 0.165Amps, CPT:2125sec]
(Sep 14 2016 13:30:34,  409303 sec) AscentControlAgent() Bouyancy nudge to 153 (v=0.013dbar/sec).
(Sep 14 2016 13:30:34,  409303 sec) PistonMoveAbsWTO()    143->153 144 145 146 147 148 [30sec, 14.3Volts, 0.173Amps, CPT:2155sec]
(Sep 14 2016 13:31:14,  409343 sec) PistonMoveAbsWTO()    148->153 149 150 151 152 153 [24sec, 14.2Volts, 0.169Amps, CPT:2179sec]
(Sep 14 2016 13:35:40,  409609 sec) AscentControlAgent() Bouyancy nudge to 163 (v=0.045dbar/sec).
(Sep 14 2016 13:35:40,  409609 sec) PistonMoveAbsWTO()    153->163 154 155 [15sec, 14.3Volts, 0.169Amps, CPT:2194sec]
(Sep 14 2016 13:36:05,  409634 sec) PistonMoveAbsWTO()    155->163 156 157 158 [15sec, 14.3Volts, 0.169Amps, CPT:2209sec]
(Sep 14 2016 13:36:30,  409659 sec) PistonMoveAbsWTO()    158->163 159 160 161 [15sec, 14.3Volts, 0.169Amps, CPT:2224sec]
(Sep 14 2016 13:36:58,  409687 sec) SurfaceDetect()      SurfacePressure:0.1dbars Pressure:3.5dbars PistonPosition:161
(Sep 14 2016 13:36:59,  409688 sec) Sbe41cpStopCP()      Continuous profile stopped.
(Sep 14 2016 13:37:05,  409694 sec) PistonMoveAbsWTO()    161->183 162 163 164 165 166 167 168 169 170 171 172 173 174 175 176 177 178 179 180 181 182 183 [115sec, 14.3Volts, 0.149Amps, CPT:2339sec]
(Sep 14 2016 13:39:10,  409819 sec) sbe41cp.c:chat()     Expected string [S>] not received.
(Sep 14 2016 13:44:00,  410109 sec) Sbe41cpBinAverage()  Finished averaging 21867 samples in 286 seconds.
(Sep 14 2016 13:44:05,  410114 sec) Sbe41cpUploadCP()    Sbe41cpSerNo[7258] NSample[21867] NBin[997]
(Sep 14 2016 13:45:52,  410221 sec) Sbe41cpUploadCP()    Continuous profile uploaded [997 lines].

<EOT>
