(Feb 05 2017 20:59:33,  410096 sec) TelemetryInit()      Profile 82. (Apf9i FwRev: 012811)
(Feb 05 2017 21:06:27,  410510 sec) AirSystem()          Battery [188cnt, 14.6V]  Current [72cnt, 29.0mA]  Barometer [127cnt, 6.8"Hg]  Run-Time [47s]
(Feb 05 2017 21:07:04,  410546 sec) GpsServices()        GPS almanac is current.
(Feb 05 2017 21:07:04,  410546 sec) GpsServices()        Initiating GPS fix acquisition.
(Feb 05 2017 21:07:22,  410564 sec) gga()                $GPGGA,210710,1157.6015,N,08225.1624,E,0,00,,,M,,M,,*54
(Feb 05 2017 21:07:28,  410571 sec) gga()                $GPGGA,210720,1157.6015,N,08225.1624,E,0,00,,,M,,M,,*57
(Feb 05 2017 21:07:57,  410599 sec) gga()                $GPGGA,210730,1145.6280,N,08157.3741,E,1,10,0.8,-0.7,M,-91.2,M,,*46
(Feb 05 2017 21:07:57,  410600 sec) GpsServices()        Profile 82 GPS fix obtained in 53 seconds.
(Feb 05 2017 21:07:57,  410600 sec) GpsServices()                  lon     lat mm/dd/yyyy hhmmss nsat
(Feb 05 2017 21:07:57,  410600 sec) GpsServices()        Fix:   81.956  11.760 02/05/2017 210730   10
(Feb 05 2017 21:08:26,  410629 sec) gga()                $GPGGA,210800,1145.6300,N,08157.3643,E,1,10,0.8,-0.7,M,-91.2,M,,*40
(Feb 05 2017 21:08:32,  410635 sec) gga()                $GPGGA,210830,1145.6325,N,08157.3541,E,1,12,0.7,-1.0,M,-91.2,M,,*4E
(Feb 05 2017 21:08:32,  410635 sec) GpsServices()        APF9 RTC skew (2s) OK.
(Feb 05 2017 21:08:32,  410635 sec) LogNmeaSentences()   13,24,150,44,15,18,185,43,17,08,111,39,19,20,098,41*76
(Feb 05 2017 21:08:33,  410635 sec) LogNmeaSentences()   $GPGSV,3,3,12,20,49,226,45,24,16,217,41,25,32,314,47,29,07,320,41*79
(Feb 05 2017 21:08:42,  410644 sec) LogNmeaSentences()   $GPRMC,210840,A,1145.6332,N,08157.3507,E,000.4,239.7,050217,001.7,W*68
(Feb 05 2017 21:08:42,  410645 sec) LogNmeaSentences()   $GPGGA,210840,1145.6332,N,08157.3507,E,1,12,0.7,-1.4,M,-91.2,M,,*49
(Feb 05 2017 21:08:43,  410645 sec) LogNmeaSentences()   $GPGSA,A,3,02,05,06,12,13,15,17,19,20,24,25,29,1.0,0.7,0.7*31
(Feb 05 2017 21:08:43,  410646 sec) LogNmeaSentences()   $GPGSV,3,1,12,02,32,020,45,05,74,031,48,06,06,051,41,12,70,278,48*74
(Feb 05 2017 21:08:43,  410646 sec) LogNmeaSentences()   $GPGSV,3,2,12,13,24,150,44,15,18,185,43,17,08,111,44,19,20,099,40*7C
(Feb 05 2017 21:08:44,  410646 sec) LogNmeaSentences()   $GPGSV,3,3,12,20,49,226,45,24,16,217,41,25,32,314,47,29,07,320,40*78
(Feb 05 2017 21:08:52,  410654 sec) LogNmeaSentences()   $GPRMC,210850,A,1145.6340,N,08157.3472,E,001.6,259.2,050217,001.7,W*6F
(Feb 05 2017 21:08:52,  410655 sec) LogNmeaSentences()   $GPGGA,210850,1145.6340,N,08157.3472,E,1,12,0.7,-1.6,M,-91.2,M,,*4C
(Feb 05 2017 21:08:53,  410655 sec) LogNmeaSentences()   $GPGSA,A,3,02,05,06,12,13,15,17,19,20,24,25,29,1.0,0.7,0.7*31
(Feb 05 2017 21:08:53,  410656 sec) LogNmeaSentences()   $GPGSV,3,1,12,02,32,020,45,05,74,031,49,06,06,051,37,12,70,278,49*75
(Feb 05 2017 21:08:53,  410656 sec) LogNmeaSentences()   $GPGSV,3,2,12,13,24,150,43,15,18,185,42,17,08,111,41,19,20,099,42*7D
(Feb 05 2017 21:08:54,  410656 sec) LogNmeaSentences()   $GPGSV,3,3,12,20,49,226,47,24,16,217,42,25,32,314,47,29,07,320,41*78
(Feb 05 2017 21:09:02,  410664 sec) LogNmeaSentences()   $GPRMC,210900,A,1145.6346,N,08157.3441,E,000.9,280.0,050217,001.7,W*65
(Feb 05 2017 21:09:02,  410665 sec) LogNmeaSentences()   $GPGGA,210900,1145.6346,N,08157.3441,E,1,12,0.7,-2.7,M,-91.2,M,,*4C
(Feb 05 2017 21:09:03,  410665 sec) LogNmeaSentences()   $GPGSA,A,3,02,05,06,12,13,15,17,19,20,24,25,29,1.0,0.7,0.7*31
(Feb 05 2017 21:09:03,  410666 sec) LogNmeaSentences()   $GPGSV,3,1,12,02,32,020,43,05,73,030,48,06,06,051,38,12,70,278,48*7A
(Feb 05 2017 21:09:03,  410666 sec) LogNmeaSentences()   $GPGSV,3,2,12,13,24,150,42,15,18,185,43,17,08,111,41,19,20,099,40*7F
(Feb 05 2017 21:09:04,  410666 sec) LogNmeaSentences()   $GPGSV,3,3,12,20,49,226,46,24,16,217,40,25,32,314,45,29,07,320,38*77
(Feb 05 2017 21:09:04,  410667 sec) LogNmeaSentences()   $PGRMT,GPS 15x-L software ver. 3.90,,,,,,,,*7D
(Feb 05 2017 21:09:04,  410667 sec) GpsServices()        GPS services complete.
(Feb 05 2017 21:09:45,  410708 sec) CLogin()             Connecting to primary host.
(Feb 05 2017 21:10:05,  410728 sec) CLogin()             Connection 1 established in 20 seconds.
(Feb 05 2017 21:10:16,  410739 sec) login()              Login successful.
(Feb 05 2017 21:10:21,  410743 sec) chat()               Expected string [cmd>] not received.
(Feb 05 2017 21:10:21,  410743 sec) login()              Attempt to set the command prompt failed.
(Feb 05 2017 21:10:26,  410748 sec) chat()               Expected string [cmd>] not received.
(Feb 05 2017 21:10:26,  410748 sec) login()              Attempt to set the command prompt failed.
(Feb 05 2017 21:10:31,  410754 sec) CLogin()             Logged in to host.  [Login required 26 seconds]
(Feb 05 2017 21:10:39,  410762 sec) RxConfig()           Downloading "mission.cfg" from host.
(Feb 05 2017 21:10:42,  410764 sec) Rx()                 Initiating transfer. [0x43]
(Feb 05 2017 21:10:50,  410772 sec) Rx()                 Pad character [0x1a] found in ascii mode - truncating packet.
(Feb 05 2017 21:10:57,  410779 sec) Rx()                 Received EOT - transfer complete. [1 packets, 1024 bytes, 15 sec, 68.3 bps]
(Feb 05 2017 21:10:57,  410779 sec) RxConfig()           Download successful.
(Feb 05 2017 21:11:11,  410793 sec) WriteVitals()        Writing vitals to "7546.082.msg".
(Feb 05 2017 21:11:19,  410801 sec) UpLoadFile()         Uploading "7546.082.msg" to host as "7546.082.msg".
(Feb 05 2017 21:11:21,  410804 sec) Tx()                 CRC negotiation successful. [16-bit CRC]
(Feb 05 2017 21:13:35,  410938 sec) TxPacket()           NAK received - resending packet. [PktNum=0x0f]
(Feb 05 2017 21:13:35,  410938 sec) TxPacket()           Packet xmit history: [00000001] (0:ok, 1:fail).
(Feb 05 2017 21:14:33,  410996 sec) Tx()                 Transmission completed successfully [24 packets, 24547 bytes, 191 sec, 128.7 bps]
(Feb 05 2017 21:14:33,  410996 sec) UpLoadFile()         Upload successful.
(Feb 05 2017 21:14:38,  411001 sec) UpLoadFile()         Uploading "7546.082.log" to host as "7546.082.log".
(Feb 05 2017 21:14:45,  411008 sec) Tx()                 CRC negotiation successful. [16-bit CRC]
(Feb 05 2017 21:16:26,  411109 sec) Tx()                 Transmission completed successfully [18 packets, 18121 bytes, 100 sec, 184.3 bps]
(Feb 05 2017 21:16:26,  411109 sec) UpLoadFile()         Upload successful.
(Feb 05 2017 21:16:32,  411115 sec) UpLoad()             Files successfully uploaded: 2
(Feb 05 2017 21:16:33,  411115 sec) UpLoad()             Upload complete.
(Feb 05 2017 21:16:40,  411122 sec) chat()               Expected string [logout] not received.
(Feb 05 2017 21:16:40,  411122 sec) logout()             Attempt to log-out failed.
(Feb 05 2017 21:16:40,  411122 sec) logout()             No carrier detected.
(Feb 05 2017 21:16:40,  411122 sec) Telemetry()          Telemetry cycle complete: PrfId=82 ConnectionAttempts=1  Connections=1
(Feb 05 2017 21:16:40,  411123 sec) TelemetryTerminate() Parsing new mission configuration.
(Feb 05 2017 21:16:42,  411124 sec) configure()          Parsing configurators in "mission.cfg".
(Feb 05 2017 21:16:46,  411128 sec) configure()             TelemetryRetry(15)      [0x7BBC] [TelemetryRetry(15)].
(Feb 05 2017 21:16:46,  411128 sec) configure()          Configuration CRCs and syntax OK.
(Feb 05 2017 21:16:46,  411128 sec) ConfigSupervisor()   Configuration accepted.
(Feb 05 2017 21:16:46,  411129 sec) TelemetryTerminate() Reconditioning the file system.
(Feb 05 2017 21:16:55,       7 sec) DescentInit()        Deep profile 83 initiated at mission-time 411130sec.
(Feb 05 2017 21:16:57,      10 sec) DescentInit()        Surface pressure: -0.3dbars.
(Feb 05 2017 21:17:02,      15 sec) PistonMoveAbsWTO()    185->050 184 183 182 181 180 179 178 177 176 175 174 173 172 171 170 169 168 167 166 165 164 163 162 161 160 159 158 157 156 155 154 153 152 151 150 149 148 147 146 145 144 143 142 141 140 139 138 137 136 135 134 133 132 131 130 129 128 127 126 125 124 123 122 121 120 119 118 117 116 115 114 113 112 111 110 109 108 107 106 105 104 103 102 101 100 099 098 097 096 095 094 093 092 091 090 089 088 087 086 085 084 083 082 081 080 079 078 077 076 075 074 073 072 071 070 069 068 067 066 065 064 063 062 061 060 059 058 057 056 055 054 053 052 051 050 [700sec, 14.2Volts, 0.161Amps, CPT:700sec]
(Feb 05 2017 21:28:42,     715 sec) PistonMoveAbsWTO()    050->000 049 048 047 046 045 044 043 042 041 040 039 038 037 036 035 034 033 032 031 030 029 028 027 026 025 024 023 022 021 020 019 018 017 016 015 014 013 012 011 010 009 [212sec, 14.2Volts, 0.153Amps, CPT:912sec]
(Feb 05 2017 21:32:25,     938 sec) Descent()            Pressure: 88.9
(Feb 05 2017 22:16:51,    3604 sec) Descent()            Pressure: 407.5
(Feb 05 2017 23:16:51,    7204 sec) Descent()            Pressure: 888.9
(Feb 05 2017 23:16:51,    7204 sec) PistonMoveAbsWTO()    009->050 010 011 012 013 014 015 016 017 018 019 020 021 022 023 024 025 026 027 028 029 030 031 032 033 034 035 036 037 038 039 040 041 042 043 044 045 046 047 048 049 050 [238sec, 13.6Volts, 0.435Amps, CPT:1150sec]
(Feb 06 2017 00:16:51,   10804 sec) Descent()            Pressure: 902.7
(Feb 06 2017 01:16:51,   14404 sec) Descent()            Pressure: 931.5
(Feb 06 2017 02:16:51,   18004 sec) Descent()            Pressure: 938.9
(Feb 06 2017 02:16:52,   18004 sec) ParkInit()           
(Feb 06 2017 04:17:20,   25233 sec) Park()               ParkPOutOfBand[-3, 954.2 dbars]: retract piston.
(Feb 06 2017 04:17:21,   25234 sec) PistonMoveAbsWTO()    050->049 049 [1sec, 13.9Volts, 0.129Amps, CPT:1151sec]
(Feb 06 2017 07:17:20,   36033 sec) Park()               ParkPOutOfBand[-3, 975.3 dbars]: retract piston.
(Feb 06 2017 07:17:21,   36034 sec) PistonMoveAbsWTO()    049->048 048 [5sec, 13.9Volts, 0.125Amps, CPT:1156sec]
(Feb 06 2017 10:17:21,   46833 sec) Park()               ParkPOutOfBand[3, 1025.6 dbars]: extend piston.
(Feb 06 2017 10:17:21,   46834 sec) PistonMoveAbsWTO()    048->049 049 [2sec, 13.6Volts, 0.488Amps, CPT:1158sec]
(Feb 06 2017 13:17:21,   57633 sec) Park()               ParkPOutOfBand[3, 1018.2 dbars]: extend piston.
(Feb 06 2017 13:17:21,   57634 sec) PistonMoveAbsWTO()    049->050 050 [6sec, 13.3Volts, 0.479Amps, CPT:1164sec]
(Feb 08 2017 07:17:21,  208834 sec) Park()               ParkPOutOfBand[3, 1011.5 dbars]: extend piston.
(Feb 08 2017 07:17:21,  208834 sec) PistonMoveAbsWTO()    050->051 051 [7sec, 13.0Volts, 0.471Amps, CPT:1171sec]
(Feb 08 2017 10:17:21,  219634 sec) Park()               ParkPOutOfBand[-3, 976.0 dbars]: retract piston.
(Feb 08 2017 10:17:21,  219634 sec) PistonMoveAbsWTO()    051->050 050 [3sec, 13.7Volts, 0.117Amps, CPT:1174sec]
(Feb 08 2017 13:17:21,  230434 sec) Park()               ParkPOutOfBand[-3, 987.7 dbars]: retract piston.
(Feb 08 2017 13:17:21,  230434 sec) PistonMoveAbsWTO()    050->049 049 [6sec, 13.8Volts, 0.133Amps, CPT:1180sec]
(Feb 08 2017 16:17:21,  241234 sec) Park()               ParkPOutOfBand[3, 1016.3 dbars]: extend piston.
(Feb 08 2017 16:17:22,  241234 sec) PistonMoveAbsWTO()    049->050 050 [3sec, 13.6Volts, 0.475Amps, CPT:1183sec]
(Feb 08 2017 22:17:21,  262834 sec) Park()               ParkPOutOfBand[3, 1011.9 dbars]: extend piston.
(Feb 08 2017 22:17:22,  262834 sec) PistonMoveAbsWTO()    050->051 051 [7sec, 13.1Volts, 0.475Amps, CPT:1190sec]
(Feb 09 2017 01:17:21,  273634 sec) Park()               ParkPOutOfBand[-3, 977.2 dbars]: retract piston.
(Feb 09 2017 01:17:22,  273634 sec) PistonMoveAbsWTO()    051->050 050 [3sec, 13.7Volts, 0.117Amps, CPT:1193sec]
(Feb 09 2017 04:17:21,  284434 sec) Park()               ParkPOutOfBand[-3, 989.4 dbars]: retract piston.
(Feb 09 2017 04:17:22,  284434 sec) PistonMoveAbsWTO()    050->049 049 [6sec, 13.8Volts, 0.121Amps, CPT:1199sec]
(Feb 09 2017 07:17:21,  295234 sec) Park()               ParkPOutOfBand[3, 1019.7 dbars]: extend piston.
(Feb 09 2017 07:17:22,  295234 sec) PistonMoveAbsWTO()    049->050 050 [3sec, 13.6Volts, 0.471Amps, CPT:1202sec]
(Feb 09 2017 14:17:21,  320434 sec) Park()               ParkPOutOfBand[3, 1012.1 dbars]: extend piston.
(Feb 09 2017 14:17:22,  320434 sec) PistonMoveAbsWTO()    050->051 051 [8sec, 13.1Volts, 0.479Amps, CPT:1210sec]
(Feb 09 2017 17:17:21,  331234 sec) Park()               ParkPOutOfBand[-3, 980.4 dbars]: retract piston.
(Feb 09 2017 17:17:22,  331235 sec) PistonMoveAbsWTO()    051->050 050 [2sec, 13.7Volts, 0.125Amps, CPT:1212sec]
(Feb 10 2017 05:17:12,  374425 sec) CtdPower()           [  992.33,  6.8000, 34.9566]
(Feb 10 2017 05:17:13,  374425 sec) CtdPower()           CTD Power consumption [183VCnt 9ACnt]: 14.186Volts * 0.036Amps = 0.51Watts.
(Feb 10 2017 05:17:13,  374426 sec) ParkTerminate()      Piston Position:50 Vacuum:80 Vq:195 Aq:4 Vsbe:183 Asbe:9
(Feb 10 2017 05:17:40,  374453 sec) ParkTerminate()      PTS: 992.3dbars 6.8010C 34.9546PSU
(Feb 10 2017 05:17:41,  374454 sec) GoDeepInit()         Moving piston.
(Feb 10 2017 05:17:41,  374454 sec) PistonMoveAbsWTO()    050->012 049 048 047 046 045 044 043 042 041 040 039 038 037 036 035 034 033 032 031 030 029 028 027 026 025 024 023 022 021 020 019 018 017 016 015 014 013 012 [201sec, 13.9Volts, 0.113Amps, CPT:1413sec]
(Feb 10 2017 09:56:51,  391204 sec) GoDeep()             Sequence point detected at 2000.3dbar.
(Feb 10 2017 09:56:54,  391206 sec) ProfileInit()        PrfId:083  Pressure:2000.4dbar  pTable[0]:2000dbar
(Feb 10 2017 09:57:31,  391244 sec) Profile()            Sample 0 initiated at 2000.4dbars for bin 0 [2000dbars].  PTS: 2000.3dbars 2.6386C 34.7920PSU
(Feb 10 2017 09:57:32,  391245 sec) PistonMoveAbsWTO()    012->034 013 014 015 016 017 [30sec, 12.9Volts, 0.806Amps, CPT:1443sec]
(Feb 10 2017 09:58:12,  391285 sec) PistonMoveAbsWTO()    017->034 018 019 020 021 [30sec, 12.7Volts, 0.786Amps, CPT:1473sec]
(Feb 10 2017 10:00:19,  391412 sec) Sbe41cpStartCP()     Continuous profile started.
(Feb 10 2017 10:00:19,  391412 sec) PistonMoveAbsWTO()    021->034 022 023 024 025 [30sec, 12.7Volts, 0.814Amps, CPT:1503sec]
(Feb 10 2017 10:01:00,  391452 sec) PistonMoveAbsWTO()    025->034 026 027 028 029 [30sec, 12.6Volts, 0.818Amps, CPT:1533sec]
(Feb 10 2017 10:01:40,  391492 sec) PistonMoveAbsWTO()    029->034 030 031 032 033 [30sec, 12.5Volts, 0.818Amps, CPT:1563sec]
(Feb 10 2017 10:02:20,  391532 sec) PistonMoveAbsWTO()    033->034 034 [3sec, 12.5Volts, 0.814Amps, CPT:1566sec]
(Feb 10 2017 10:53:20,  394593 sec) AscentControlAgent() Bouyancy nudge to 44 (v=0.077dbar/sec).
(Feb 10 2017 10:53:21,  394593 sec) PistonMoveAbsWTO()    034->044 035 036 037 038 [30sec, 13.1Volts, 0.741Amps, CPT:1596sec]
(Feb 10 2017 10:54:01,  394633 sec) PistonMoveAbsWTO()    038->044 039 040 041 042 043 [30sec, 12.9Volts, 0.713Amps, CPT:1626sec]
(Feb 10 2017 10:54:41,  394673 sec) PistonMoveAbsWTO()    043->044 044 [7sec, 12.9Volts, 0.693Amps, CPT:1633sec]
(Feb 10 2017 11:40:41,  397434 sec) AscentControlAgent() Bouyancy nudge to 54 (v=0.080dbar/sec).
(Feb 10 2017 11:40:42,  397434 sec) PistonMoveAbsWTO()    044->054 045 046 047 048 [30sec, 13.3Volts, 0.629Amps, CPT:1663sec]
(Feb 10 2017 11:41:22,  397474 sec) PistonMoveAbsWTO()    048->054 049 050 051 052 053 [30sec, 13.1Volts, 0.625Amps, CPT:1693sec]
(Feb 10 2017 11:42:02,  397514 sec) PistonMoveAbsWTO()    053->054 054 [5sec, 13.1Volts, 0.633Amps, CPT:1698sec]
(Feb 10 2017 12:22:55,  399968 sec) AscentControlAgent() Bouyancy nudge to 64 (v=0.078dbar/sec).
(Feb 10 2017 12:22:56,  399968 sec) PistonMoveAbsWTO()    054->064 055 056 057 058 [30sec, 13.4Volts, 0.552Amps, CPT:1728sec]
(Feb 10 2017 12:23:36,  400008 sec) PistonMoveAbsWTO()    059->064 060 061 062 063 [30sec, 13.3Volts, 0.576Amps, CPT:1758sec]
(Feb 10 2017 12:24:16,  400048 sec) PistonMoveAbsWTO()    063->064 064 [3sec, 13.2Volts, 0.540Amps, CPT:1761sec]
(Feb 10 2017 13:10:12,  402805 sec) AscentControlAgent() Bouyancy nudge to 74 (v=0.079dbar/sec).
(Feb 10 2017 13:10:13,  402805 sec) PistonMoveAbsWTO()    064->074 065 066 067 068 069 [30sec, 13.6Volts, 0.488Amps, CPT:1791sec]
(Feb 10 2017 13:10:53,  402845 sec) PistonMoveAbsWTO()    069->074 070 071 072 073 [30sec, 13.4Volts, 0.479Amps, CPT:1821sec]
(Feb 10 2017 15:13:46,  410219 sec) AscentControlAgent() Bouyancy nudge to 84 (v=0.066dbar/sec).
(Feb 10 2017 15:13:47,  410219 sec) PistonMoveAbsWTO()    074->084 075 076 077 078 079 [30sec, 14.0Volts, 0.222Amps, CPT:1851sec]
(Feb 10 2017 15:14:27,  410259 sec) PistonMoveAbsWTO()    079->084 080 081 082 083 084 [25sec, 14.0Volts, 0.214Amps, CPT:1876sec]
(Feb 10 2017 15:19:58,  410591 sec) AscentControlAgent() Bouyancy nudge to 94 (v=0.070dbar/sec).
(Feb 10 2017 15:19:59,  410591 sec) PistonMoveAbsWTO()    084->094 085 086 087 088 089 [30sec, 14.0Volts, 0.222Amps, CPT:1906sec]
(Feb 10 2017 15:20:39,  410631 sec) PistonMoveAbsWTO()    089->094 090 091 092 093 094 [25sec, 14.0Volts, 0.205Amps, CPT:1931sec]
(Feb 10 2017 15:26:10,  410963 sec) AscentControlAgent() Bouyancy nudge to 104 (v=0.072dbar/sec).
(Feb 10 2017 15:26:11,  410963 sec) PistonMoveAbsWTO()    094->104 095 096 097 098 099 [30sec, 14.0Volts, 0.214Amps, CPT:1961sec]
(Feb 10 2017 15:26:51,  411003 sec) PistonMoveAbsWTO()    099->104 100 101 102 103 104 [26sec, 14.0Volts, 0.205Amps, CPT:1987sec]
(Feb 10 2017 15:32:22,  411335 sec) AscentControlAgent() Bouyancy nudge to 114 (v=0.048dbar/sec).
(Feb 10 2017 15:32:23,  411335 sec) PistonMoveAbsWTO()    104->114 105 106 107 108 109 [30sec, 14.0Volts, 0.210Amps, CPT:2017sec]
(Feb 10 2017 15:33:03,  411375 sec) PistonMoveAbsWTO()    109->114 110 111 112 113 114 [25sec, 14.0Volts, 0.210Amps, CPT:2042sec]
(Feb 10 2017 15:38:33,  411706 sec) AscentControlAgent() Bouyancy nudge to 124 (v=0.034dbar/sec).
(Feb 10 2017 15:38:34,  411706 sec) PistonMoveAbsWTO()    114->124 115 116 117 118 119 [30sec, 14.0Volts, 0.201Amps, CPT:2072sec]
(Feb 10 2017 15:39:14,  411746 sec) PistonMoveAbsWTO()    119->124 120 121 122 123 124 [25sec, 14.0Volts, 0.197Amps, CPT:2097sec]
(Feb 10 2017 15:44:44,  412077 sec) AscentControlAgent() Bouyancy nudge to 134 (v=0.026dbar/sec).
(Feb 10 2017 15:44:45,  412077 sec) PistonMoveAbsWTO()    124->134 125 126 127 128 129 [30sec, 14.1Volts, 0.197Amps, CPT:2127sec]
(Feb 10 2017 15:45:25,  412117 sec) PistonMoveAbsWTO()    129->134 130 131 132 133 134 [25sec, 14.0Volts, 0.193Amps, CPT:2152sec]
(Feb 10 2017 15:49:51,  412384 sec) AscentControlAgent() Bouyancy nudge to 144 (v=0.039dbar/sec).
(Feb 10 2017 15:49:52,  412384 sec) PistonMoveAbsWTO()    134->144 135 136 137 138 139 [30sec, 14.0Volts, 0.197Amps, CPT:2182sec]
(Feb 10 2017 15:50:32,  412424 sec) PistonMoveAbsWTO()    139->144 140 141 142 143 144 [24sec, 14.0Volts, 0.189Amps, CPT:2206sec]
(Feb 10 2017 15:54:57,  412690 sec) AscentControlAgent() Bouyancy nudge to 154 (v=0.038dbar/sec).
(Feb 10 2017 15:54:58,  412690 sec) PistonMoveAbsWTO()    144->154 145 146 147 148 149 [30sec, 14.1Volts, 0.189Amps, CPT:2236sec]
(Feb 10 2017 15:55:38,  412730 sec) PistonMoveAbsWTO()    149->154 150 151 152 [15sec, 14.0Volts, 0.193Amps, CPT:2251sec]
(Feb 10 2017 15:56:03,  412755 sec) PistonMoveAbsWTO()    152->154 153 154 [9sec, 14.0Volts, 0.177Amps, CPT:2260sec]
(Feb 10 2017 15:59:04,  412937 sec) SurfaceDetect()      SurfacePressure:-0.3dbars Pressure:3.5dbars PistonPosition:154
(Feb 10 2017 15:59:05,  412938 sec) Sbe41cpStopCP()      Continuous profile stopped.
(Feb 10 2017 15:59:11,  412944 sec) PistonMoveAbsWTO()    154->176 155 156 157 158 159 160 161 162 163 164 165 166 167 168 169 170 171 172 173 174 175 176 [118sec, 14.1Volts, 0.157Amps, CPT:2378sec]
(Feb 10 2017 16:01:19,  413071 sec) sbe41cp.c:chat()     Expected string [S>] not received.
(Feb 10 2017 16:06:07,  413360 sec) Sbe41cpBinAverage()  Finished averaging 21557 samples in 284 seconds.
(Feb 10 2017 16:06:12,  413365 sec) Sbe41cpUploadCP()    Sbe41cpSerNo[7258] NSample[21557] NBin[998]
(Feb 10 2017 16:07:59,  413472 sec) Sbe41cpUploadCP()    Continuous profile uploaded [998 lines].

<EOT>
