(May 11 2016 20:33:23,  411297 sec) TelemetryInit()      Profile 26. (Apf9i FwRev: 012811)
(May 11 2016 20:40:06,  411699 sec) AirSystem()          Battery [190cnt, 14.7V]  Current [72cnt, 29.0mA]  Barometer [127cnt, 6.8"Hg]  Run-Time [42s]
(May 11 2016 20:40:34,  411727 sec) GpsServices()        GPS almanac is current.
(May 11 2016 20:40:34,  411728 sec) GpsServices()        Initiating GPS fix acquisition.
(May 11 2016 20:40:50,  411744 sec) gga()                $GPGGA,204030,1410.6032,N,08637.0982,E,0,00,,,M,,M,,*52
(May 11 2016 20:40:57,  411750 sec) gga()                $GPGGA,204040,1410.6032,N,08637.0982,E,0,00,,,M,,M,,*55
(May 11 2016 20:41:07,  411760 sec) gga()                $GPGGA,204050,1410.6032,N,08637.0982,E,0,00,,,M,,M,,*54
(May 11 2016 20:41:17,  411770 sec) gga()                $GPGGA,204100,1410.6032,N,08637.0982,E,0,00,,,M,,M,,*50
(May 11 2016 20:41:45,  411799 sec) gga()                $GPGGA,204110,1402.8049,N,08635.0878,E,1,10,0.8,-3.3,M,-75.3,M,,*41
(May 11 2016 20:41:45,  411799 sec) GpsServices()        Profile 26 GPS fix obtained in 71 seconds.
(May 11 2016 20:41:45,  411799 sec) GpsServices()                  lon     lat mm/dd/yyyy hhmmss nsat
(May 11 2016 20:41:45,  411799 sec) GpsServices()        Fix:   86.585  14.047 05/11/2016 204110   10
(May 11 2016 20:42:15,  411829 sec) gga()                $GPGGA,204140,1402.7976,N,08635.0858,E,1,11,0.7,-2.3,M,-75.3,M,,*43
(May 11 2016 20:42:21,  411834 sec) gga()                $GPGGA,204210,1402.7907,N,08635.0835,E,1,11,0.7,-1.9,M,-75.3,M,,*41
(May 11 2016 20:42:21,  411835 sec) GpsServices()        APF9 RTC skew (11s) OK.
(May 11 2016 20:42:21,  411835 sec) LogNmeaSentences()   ,061,42,21,68,004,47,24,40,080,46,25,06,164,41*7E
(May 11 2016 20:42:21,  411835 sec) LogNmeaSentences()   $GPGSV,3,3,11,27,08,312,40,29,28,179,45,32,37,241,48*41
(May 11 2016 20:42:30,  411844 sec) LogNmeaSentences()   $GPRMC,204220,A,1402.7881,N,08635.0827,E,000.9,197.0,110516,001.3,W*60
(May 11 2016 20:42:31,  411845 sec) LogNmeaSentences()   $GPGGA,204220,1402.7881,N,08635.0827,E,1,11,0.7,-1.8,M,-75.3,M,,*4F
(May 11 2016 20:42:31,  411845 sec) LogNmeaSentences()   $GPGSA,A,3,10,14,15,18,20,21,24,25,27,29,32,,1.1,0.7,0.8*3B
(May 11 2016 20:42:32,  411845 sec) LogNmeaSentences()   $GPGSV,3,1,11,10,25,313,42,14,35,235,46,15,21,034,39,18,40,351,45*7E
(May 11 2016 20:42:32,  411846 sec) LogNmeaSentences()   $GPGSV,3,2,11,20,22,061,39,21,68,004,47,24,40,080,45,25,06,164,42*72
(May 11 2016 20:42:32,  411846 sec) LogNmeaSentences()   $GPGSV,3,3,11,27,08,312,40,29,28,179,47,32,37,241,48*43
(May 11 2016 20:42:40,  411854 sec) LogNmeaSentences()   $GPRMC,204230,A,1402.7855,N,08635.0818,E,001.3,196.7,110516,001.3,W*69
(May 11 2016 20:42:41,  411855 sec) LogNmeaSentences()   $GPGGA,204230,1402.7855,N,08635.0818,E,1,11,0.7,-1.8,M,-75.3,M,,*4B
(May 11 2016 20:42:41,  411855 sec) LogNmeaSentences()   $GPGSA,A,3,10,14,15,18,20,21,24,25,27,29,32,,1.1,0.7,0.8*3B
(May 11 2016 20:42:42,  411855 sec) LogNmeaSentences()   $GPGSV,3,1,11,10,25,313,43,14,35,235,47,15,21,034,41,18,40,352,46*71
(May 11 2016 20:42:42,  411856 sec) LogNmeaSentences()   $GPGSV,3,2,11,20,22,061,39,21,68,004,48,24,40,080,45,25,06,164,38*70
(May 11 2016 20:42:42,  411856 sec) LogNmeaSentences()   $GPGSV,3,3,11,27,08,312,42,29,28,179,45,32,37,241,49*42
(May 11 2016 20:42:50,  411864 sec) LogNmeaSentences()   $GPRMC,204240,A,1402.7833,N,08635.0812,E,001.3,183.0,110516,001.3,W*67
(May 11 2016 20:42:51,  411865 sec) LogNmeaSentences()   $GPGGA,204240,1402.7833,N,08635.0812,E,1,11,0.7,-1.8,M,-75.3,M,,*46
(May 11 2016 20:42:51,  411865 sec) LogNmeaSentences()   $GPGSA,A,3,10,14,15,18,20,21,24,25,27,29,32,,1.1,0.7,0.8*3B
(May 11 2016 20:42:52,  411865 sec) LogNmeaSentences()   $GPGSV,3,1,11,10,25,313,44,14,35,235,46,15,21,034,43,18,40,352,47*74
(May 11 2016 20:42:52,  411866 sec) LogNmeaSentences()   $GPGSV,3,2,11,20,22,061,41,21,68,004,48,24,40,080,45,25,06,164,38*7F
(May 11 2016 20:42:52,  411866 sec) LogNmeaSentences()   $GPGSV,3,3,11,27,08,312,43,29,28,179,44,32,37,242,49*41
(May 11 2016 20:43:00,  411874 sec) LogNmeaSentences()   $GPRMC,204250,A,1402.7809,N,08635.0803,E,001.0,170.6,110516,001.3,W*66
(May 11 2016 20:43:01,  411875 sec) LogNmeaSentences()   $GPGGA,204250,1402.7809,N,08635.0803,E,1,11,0.7,-1.3,M,-75.3,M,,*45
(May 11 2016 20:43:01,  411875 sec) LogNmeaSentences()   $GPGSA,A,3,10,14,15,18,20,21,24,25,27,29,32,,1.1,0.7,0.8*3B
(May 11 2016 20:43:02,  411875 sec) LogNmeaSentences()   $GPGSV,3,1,11,10,25,313,45,14,35,235,46,15,21,034,43,18,40,352,47*75
(May 11 2016 20:43:02,  411876 sec) LogNmeaSentences()   $GPGSV,3,2,11,20,22,061,41,21,68,004,48,24,40,080,44,25,06,164,38*7E
(May 11 2016 20:43:02,  411876 sec) LogNmeaSentences()   $GPGSV,3,3,11,27,08,312,43,29,28,179,43,32,37,242,48*47
(May 11 2016 20:43:10,  411884 sec) LogNmeaSentences()   $GPRMC,204300,A,1402.7784,N,08635.0795,E,000.7,207.6,110516,001.3,W*6D
(May 11 2016 20:43:11,  411885 sec) LogNmeaSentences()   $GPGGA,204300,1402.7784,N,08635.0795,E,1,11,0.7,-1.1,M,-75.3,M,,*49
(May 11 2016 20:43:11,  411885 sec) LogNmeaSentences()   $GPGSA,A,3,10,14,15,18,20,21,24,25,27,29,32,,1.1,0.7,0.8*3B
(May 11 2016 20:43:12,  411885 sec) LogNmeaSentences()   $GPGSV,3,1,11,10,25,313,44,14,36,235,46,15,21,034,43,18,40,352,48*78
(May 11 2016 20:43:12,  411886 sec) LogNmeaSentences()   $GPGSV,3,2,11,20,22,061,41,21,68,004,49,24,40,080,46,25,06,164,37*72
(May 11 2016 20:43:12,  411886 sec) LogNmeaSentences()   $GPGSV,3,3,11,27,08,312,44,29,28,179,42,32,37,242,48*41
(May 11 2016 20:43:13,  411886 sec) LogNmeaSentences()   $PGRMT,GPS 15x-L software ver. 3.90,,,,,,,,*7D
(May 11 2016 20:43:13,  411887 sec) GpsServices()        GPS services complete.
(May 11 2016 20:43:37,  411911 sec) CLogin()             Connecting to primary host.
(May 11 2016 20:43:49,  411923 sec) CLogin()             Connection 1 established in 12 seconds.
(May 11 2016 20:44:02,  411936 sec) login()              Login successful.
(May 11 2016 20:44:05,  411939 sec) CLogin()             Logged in to host.  [Login required 16 seconds]
(May 11 2016 20:44:13,  411947 sec) RxConfig()           Downloading "mission.cfg" from host.
(May 11 2016 20:44:15,  411949 sec) Rx()                 Initiating transfer. [0x43]
(May 11 2016 20:44:18,  411952 sec) RxStartByte()        Sync errors encountered: 516
(May 11 2016 20:44:21,  411954 sec) Rx()                 Truncated packet received - retrying.
(May 11 2016 20:44:22,  411956 sec) RxStartByte()        Sync errors encountered: 861
(May 11 2016 20:44:26,  411959 sec) Rx()                 Pad character [0x1a] found in ascii mode - truncating packet.
(May 11 2016 20:44:30,  411963 sec) Rx()                 Received EOT - transfer complete. [1 packets, 1024 bytes, 15 sec, 68.3 bps]
(May 11 2016 20:44:30,  411963 sec) RxConfig()           Download successful.
(May 11 2016 20:44:44,  411977 sec) WriteVitals()        Writing vitals to "7546.026.msg".
(May 11 2016 20:44:52,  411986 sec) UpLoadFile()         Uploading "7546.026.msg" to host as "7546.026.msg".
(May 11 2016 20:44:54,  411988 sec) Tx()                 CRC negotiation successful. [16-bit CRC]
(May 11 2016 20:47:22,  412136 sec) Tx()                 Transmission completed successfully [25 packets, 24579 bytes, 147 sec, 174.1 bps]
(May 11 2016 20:47:22,  412136 sec) UpLoadFile()         Upload successful.
(May 11 2016 20:47:27,  412141 sec) UpLoadFile()         Uploading "7546.026.log" to host as "7546.026.log".
(May 11 2016 20:47:31,  412145 sec) Tx()                 CRC negotiation successful. [16-bit CRC]
(May 11 2016 20:49:04,  412238 sec) Tx()                 Transmission completed successfully [17 packets, 17218 bytes, 92 sec, 189.2 bps]
(May 11 2016 20:49:04,  412238 sec) UpLoadFile()         Upload successful.
(May 11 2016 20:49:10,  412244 sec) UpLoad()             Files successfully uploaded: 2
(May 11 2016 20:49:10,  412244 sec) UpLoad()             Upload complete.
(May 11 2016 20:49:14,  412248 sec) logout()             Log-out successful.
(May 11 2016 20:49:15,  412249 sec) Telemetry()          Telemetry cycle complete: PrfId=26 ConnectionAttempts=1  Connections=1
(May 11 2016 20:49:16,  412250 sec) TelemetryTerminate() Parsing new mission configuration.
(May 11 2016 20:49:17,  412251 sec) configure()          Parsing configurators in "mission.cfg".
(May 11 2016 20:49:21,  412255 sec) configure()             TelemetryRetry(15)      [0x7BBC] [TelemetryRetry(15)].
(May 11 2016 20:49:21,  412255 sec) configure()          Configuration CRCs and syntax OK.
(May 11 2016 20:49:21,  412255 sec) ConfigSupervisor()   Configuration accepted.
(May 11 2016 20:49:22,  412255 sec) TelemetryTerminate() Reconditioning the file system.
(May 11 2016 20:49:31,       7 sec) DescentInit()        Deep profile 27 initiated at mission-time 412258sec.
(May 11 2016 20:49:34,      10 sec) DescentInit()        Surface pressure: -0.1dbars.
(May 11 2016 20:49:39,      15 sec) PistonMoveAbsWTO()    195->049 194 193 192 191 190 189 188 187 186 185 184 183 182 181 180 179 178 177 176 175 174 173 172 171 170 169 168 167 166 165 164 163 162 161 160 159 158 157 156 155 154 153 152 151 150 149 148 147 146 145 144 143 142 141 140 139 138 137 136 135 134 133 132 131 130 129 128 127 126 125 124 123 122 121 120 119 118 117 116 115 114 113 112 111 110 109 108 107 106 105 104 103 102 101 100 099 098 097 096 095 094 093 092 091 090 089 088 087 086 085 084 083 082 081 080 079 078 077 076 075 074 073 072 071 070 069 068 067 066 065 064 063 062 061 060 059 058 057 056 055 054 053 052 051 050 049 [743sec, 14.6Volts, 0.137Amps, CPT:743sec]
(May 11 2016 21:02:02,     758 sec) PistonMoveAbsWTO()    049->000 048 047 046 045 044 043 042 041 040 039 038 037 036 035 034 033 032 031 030 029 028 027 026 025 024 023 022 021 020 019 018 017 016 015 014 013 012 011 010 009 [202sec, 14.6Volts, 0.133Amps, CPT:945sec]
(May 11 2016 21:05:34,     970 sec) Descent()            Pressure: 110.1
(May 11 2016 21:49:28,    3604 sec) Descent()            Pressure: 413.5
(May 11 2016 22:49:28,    7204 sec) Descent()            Pressure: 880.7
(May 11 2016 22:49:28,    7204 sec) PistonMoveAbsWTO()    009->049 010 011 012 013 014 015 016 017 018 019 020 021 022 023 024 025 026 027 028 029 030 031 032 033 034 035 036 037 038 039 040 041 042 043 044 045 046 047 048 049 [221sec, 14.0Volts, 0.411Amps, CPT:1166sec]
(May 11 2016 23:49:28,   10804 sec) Descent()            Pressure: 921.1
(May 12 2016 00:49:28,   14404 sec) Descent()            Pressure: 954.7
(May 12 2016 01:49:28,   18004 sec) Descent()            Pressure: 971.7
(May 12 2016 01:49:28,   18004 sec) ParkInit()           
(May 12 2016 03:49:57,   25233 sec) Park()               ParkPOutOfBand[-3, 980.4 dbars]: retract piston.
(May 12 2016 03:49:58,   25234 sec) PistonMoveAbsWTO()    049->048 048 [2sec, 14.7Volts, 0.093Amps, CPT:1168sec]
(May 12 2016 13:49:57,   61233 sec) Park()               ParkPOutOfBand[3, 1016.5 dbars]: extend piston.
(May 12 2016 13:49:58,   61234 sec) PistonMoveAbsWTO()    048->049 049 [2sec, 14.3Volts, 0.451Amps, CPT:1170sec]
(May 13 2016 03:49:57,  111633 sec) Park()               ParkPOutOfBand[3, 1014.9 dbars]: extend piston.
(May 13 2016 03:49:58,  111634 sec) PistonMoveAbsWTO()    049->050 050 [6sec, 14.3Volts, 0.455Amps, CPT:1176sec]
(May 13 2016 06:49:57,  122433 sec) Park()               ParkPOutOfBand[-3, 978.2 dbars]: retract piston.
(May 13 2016 06:49:58,  122434 sec) PistonMoveAbsWTO()    050->049 049 [2sec, 14.7Volts, 0.105Amps, CPT:1178sec]
(May 16 2016 04:49:49,  374425 sec) CtdPower()           [ 1001.96,  6.8713, 34.9508]
(May 16 2016 04:49:49,  374425 sec) CtdPower()           CTD Power consumption [191VCnt 10ACnt]: 14.806Volts * 0.040Amps = 0.60Watts.
(May 16 2016 04:49:50,  374426 sec) ParkTerminate()      Piston Position:49 Vacuum:80 Vq:196 Aq:5 Vsbe:191 Asbe:10
(May 16 2016 04:50:17,  374453 sec) ParkTerminate()      PTS: 1002.5dbars 6.8679C 34.9526PSU
(May 16 2016 04:50:18,  374454 sec) GoDeepInit()         Moving piston.
(May 16 2016 04:50:18,  374454 sec) PistonMoveAbsWTO()    049->012 048 047 046 045 044 043 042 041 040 039 038 037 036 035 034 033 032 031 030 029 028 027 026 025 024 023 022 021 020 019 018 017 016 015 014 013 012 [186sec, 14.7Volts, 0.085Amps, CPT:1364sec]
(May 16 2016 09:49:28,  392404 sec) ProfileInit()        PrfId:027  Pressure:1985.3dbar  pTable[1]:1950dbar
(May 16 2016 09:50:57,  392493 sec) Sbe41cpStartCP()     Continuous profile started.
(May 16 2016 09:50:58,  392494 sec) PistonMoveAbsWTO()    012->034 013 014 015 016 017 [30sec, 13.8Volts, 0.766Amps, CPT:1394sec]
(May 16 2016 09:51:39,  392535 sec) PistonMoveAbsWTO()    017->034 018 019 020 021 022 [30sec, 13.5Volts, 0.778Amps, CPT:1424sec]
(May 16 2016 09:52:19,  392575 sec) PistonMoveAbsWTO()    022->034 023 024 025 026 [30sec, 13.4Volts, 0.766Amps, CPT:1454sec]
(May 16 2016 09:53:00,  392616 sec) PistonMoveAbsWTO()    026->034 027 028 029 030 031 [30sec, 13.3Volts, 0.762Amps, CPT:1484sec]
(May 16 2016 09:53:40,  392656 sec) PistonMoveAbsWTO()    031->034 032 033 034 [20sec, 13.3Volts, 0.758Amps, CPT:1504sec]
(May 16 2016 10:44:56,  395732 sec) AscentControlAgent() Bouyancy nudge to 44 (v=0.078dbar/sec).
(May 16 2016 10:44:56,  395732 sec) PistonMoveAbsWTO()    034->044 035 036 037 038 [30sec, 13.7Volts, 0.673Amps, CPT:1534sec]
(May 16 2016 10:45:36,  395772 sec) PistonMoveAbsWTO()    038->044 039 040 041 042 043 [30sec, 13.6Volts, 0.693Amps, CPT:1564sec]
(May 16 2016 10:46:16,  395812 sec) PistonMoveAbsWTO()    043->044 044 [4sec, 13.6Volts, 0.669Amps, CPT:1568sec]
(May 16 2016 11:22:02,  397958 sec) AscentControlAgent() Bouyancy nudge to 54 (v=0.076dbar/sec).
(May 16 2016 11:22:02,  397958 sec) PistonMoveAbsWTO()    044->054 045 046 047 048 049 [30sec, 13.8Volts, 0.604Amps, CPT:1598sec]
(May 16 2016 11:22:42,  397998 sec) PistonMoveAbsWTO()    049->054 050 051 052 053 [30sec, 13.6Volts, 0.600Amps, CPT:1628sec]
(May 16 2016 11:23:23,  398039 sec) PistonMoveAbsWTO()    053->054 054 [2sec, 13.6Volts, 0.616Amps, CPT:1630sec]
(May 16 2016 12:14:25,  401101 sec) AscentControlAgent() Bouyancy nudge to 64 (v=0.077dbar/sec).
(May 16 2016 12:14:25,  401101 sec) PistonMoveAbsWTO()    054->064 055 056 057 058 059 [30sec, 14.0Volts, 0.540Amps, CPT:1660sec]
(May 16 2016 12:15:05,  401141 sec) PistonMoveAbsWTO()    059->064 060 061 062 063 064 [30sec, 13.8Volts, 0.504Amps, CPT:1690sec]
(May 16 2016 13:01:29,  403925 sec) AscentControlAgent() Bouyancy nudge to 74 (v=0.079dbar/sec).
(May 16 2016 13:01:29,  403925 sec) PistonMoveAbsWTO()    064->074 065 066 067 068 069 [30sec, 14.0Volts, 0.439Amps, CPT:1720sec]
(May 16 2016 13:02:09,  403965 sec) PistonMoveAbsWTO()    069->074 070 071 072 073 074 [27sec, 13.9Volts, 0.443Amps, CPT:1747sec]
(May 16 2016 14:49:42,  410418 sec) AscentControlAgent() Bouyancy nudge to 84 (v=0.072dbar/sec).
(May 16 2016 14:49:42,  410418 sec) PistonMoveAbsWTO()    074->084 075 076 077 078 079 [30sec, 14.3Volts, 0.218Amps, CPT:1777sec]
(May 16 2016 14:50:22,  410458 sec) PistonMoveAbsWTO()    079->084 080 081 082 083 084 [24sec, 14.3Volts, 0.210Amps, CPT:1801sec]
(May 16 2016 15:00:58,  411094 sec) AscentControlAgent() Bouyancy nudge to 94 (v=0.035dbar/sec).
(May 16 2016 15:00:58,  411094 sec) PistonMoveAbsWTO()    084->094 085 086 087 088 089 [30sec, 14.3Volts, 0.210Amps, CPT:1831sec]
(May 16 2016 15:01:38,  411134 sec) PistonMoveAbsWTO()    089->094 090 091 092 093 094 [24sec, 14.3Volts, 0.205Amps, CPT:1855sec]
(May 16 2016 15:07:09,  411465 sec) AscentControlAgent() Bouyancy nudge to 104 (v=0.044dbar/sec).
(May 16 2016 15:07:09,  411465 sec) PistonMoveAbsWTO()    094->104 095 096 097 098 099 [30sec, 14.3Volts, 0.197Amps, CPT:1885sec]
(May 16 2016 15:07:49,  411505 sec) PistonMoveAbsWTO()    099->104 100 101 102 103 104 [24sec, 14.3Volts, 0.193Amps, CPT:1909sec]
(May 16 2016 15:13:19,  411835 sec) AscentControlAgent() Bouyancy nudge to 114 (v=0.036dbar/sec).
(May 16 2016 15:13:19,  411835 sec) PistonMoveAbsWTO()    104->114 105 106 107 108 109 [30sec, 14.3Volts, 0.197Amps, CPT:1939sec]
(May 16 2016 15:13:59,  411875 sec) PistonMoveAbsWTO()    109->114 110 111 112 113 114 [23sec, 14.3Volts, 0.193Amps, CPT:1962sec]
(May 16 2016 15:19:28,  412204 sec) AscentControlAgent() Bouyancy nudge to 124 (v=0.021dbar/sec).
(May 16 2016 15:19:28,  412204 sec) PistonMoveAbsWTO()    114->124 115 116 117 118 119 [30sec, 14.4Volts, 0.193Amps, CPT:1992sec]
(May 16 2016 15:20:08,  412244 sec) PistonMoveAbsWTO()    119->124 120 121 122 123 124 [23sec, 14.3Volts, 0.189Amps, CPT:2015sec]
(May 16 2016 15:25:37,  412573 sec) AscentControlAgent() Bouyancy nudge to 134 (v=0.023dbar/sec).
(May 16 2016 15:25:37,  412573 sec) PistonMoveAbsWTO()    124->134 125 126 127 128 129 [30sec, 14.4Volts, 0.185Amps, CPT:2045sec]
(May 16 2016 15:26:17,  412613 sec) PistonMoveAbsWTO()    129->134 130 131 132 133 134 [24sec, 14.3Volts, 0.185Amps, CPT:2069sec]
(May 16 2016 15:31:47,  412943 sec) AscentControlAgent() Bouyancy nudge to 144 (v=0.039dbar/sec).
(May 16 2016 15:31:47,  412943 sec) PistonMoveAbsWTO()    134->144 135 136 137 138 139 [30sec, 14.4Volts, 0.181Amps, CPT:2099sec]
(May 16 2016 15:32:27,  412983 sec) PistonMoveAbsWTO()    140->144 141 142 143 144 [22sec, 14.4Volts, 0.185Amps, CPT:2121sec]
(May 16 2016 15:37:56,  413312 sec) AscentControlAgent() Bouyancy nudge to 154 (v=0.061dbar/sec).
(May 16 2016 15:37:56,  413312 sec) PistonMoveAbsWTO()    144->154 145 146 147 148 149 [30sec, 14.5Volts, 0.169Amps, CPT:2151sec]
(May 16 2016 15:38:36,  413352 sec) PistonMoveAbsWTO()    149->154 150 151 152 153 154 [22sec, 14.4Volts, 0.173Amps, CPT:2173sec]
(May 16 2016 15:44:04,  413680 sec) AscentControlAgent() Bouyancy nudge to 164 (v=0.054dbar/sec).
(May 16 2016 15:44:04,  413680 sec) PistonMoveAbsWTO()    154->164 155 156 157 158 159 [30sec, 14.5Volts, 0.165Amps, CPT:2203sec]
(May 16 2016 15:44:44,  413720 sec) PistonMoveAbsWTO()    159->164 160 161 162 163 164 [23sec, 14.5Volts, 0.173Amps, CPT:2226sec]
(May 16 2016 15:50:13,  414049 sec) AscentControlAgent() Bouyancy nudge to 174 (v=0.063dbar/sec).
(May 16 2016 15:50:13,  414049 sec) PistonMoveAbsWTO()    164->174 165 166 167 168 169 [30sec, 14.6Volts, 0.161Amps, CPT:2256sec]
(May 16 2016 15:50:53,  414089 sec) PistonMoveAbsWTO()    169->174 170 171 172 173 174 [22sec, 14.5Volts, 0.161Amps, CPT:2278sec]
(May 16 2016 15:55:18,  414354 sec) AscentControlAgent() Bouyancy nudge to 184 (v=0.074dbar/sec).
(May 16 2016 15:55:18,  414354 sec) PistonMoveAbsWTO()    174->184 175 176 [15sec, 14.6Volts, 0.157Amps, CPT:2293sec]
(May 16 2016 15:55:43,  414379 sec) PistonMoveAbsWTO()    176->184 177 178 179 [15sec, 14.6Volts, 0.153Amps, CPT:2308sec]
(May 16 2016 15:56:11,  414407 sec) SurfaceDetect()      SurfacePressure:-0.1dbars Pressure:3.7dbars PistonPosition:179
(May 16 2016 15:56:12,  414408 sec) Sbe41cpStopCP()      Continuous profile stopped.
(May 16 2016 15:56:18,  414414 sec) PistonMoveAbsWTO()    179->201 180 181 182 183 184 185 186 187 188 189 190 191 192 193 194 195 196 197 198 199 200 201 [110sec, 14.5Volts, 0.137Amps, CPT:2418sec]
(May 16 2016 15:58:18,  414534 sec) sbe41cp.c:chat()     Expected string [S>] not received.
(May 16 2016 16:03:09,  414825 sec) Sbe41cpBinAverage()  Finished averaging 21945 samples in 287 seconds.
(May 16 2016 16:03:14,  414830 sec) Sbe41cpUploadCP()    Sbe41cpSerNo[7258] NSample[21945] NBin[994]
(May 16 2016 16:05:01,  414937 sec) Sbe41cpUploadCP()    Continuous profile uploaded [994 lines].

<EOT>
