(Jun 19 2016 17:22:00,  412466 sec) TelemetryInit()      Profile 34. (Apf9i FwRev: 012811)
(Jun 19 2016 17:28:41,  412866 sec) AirSystem()          Battery [189cnt, 14.7V]  Current [72cnt, 29.0mA]  Barometer [125cnt, 6.2"Hg]  Run-Time [41s]
(Jun 19 2016 17:29:17,  412902 sec) GpsServices()        GPS almanac is current.
(Jun 19 2016 17:29:17,  412902 sec) GpsServices()        Initiating GPS fix acquisition.
(Jun 19 2016 17:29:27,  412913 sec) gga()                $GPGGA,172900,1244.5222,N,08556.7704,E,0,00,,,M,,M,,*5E
(Jun 19 2016 17:29:37,  412922 sec) gga()                $GPGGA,172910,1244.5222,N,08556.7704,E,0,00,,,M,,M,,*5F
(Jun 19 2016 17:29:43,  412929 sec) gga()                $GPGGA,172910,1244.5222,N,08556.7704,E,0,00,,,M,,M,,*5F
(Jun 19 2016 17:29:50,  412935 sec) gga()                $GPGGA,172920,1244.5222,N,08556.7704,E,0,00,,,M,,M,,*5C
(Jun 19 2016 17:29:56,  412941 sec) gga()                $GPGGA,172930,1244.5222,N,08556.7704,E,0,00,,,M,,M,,*5D
(Jun 19 2016 17:30:22,  412968 sec) gga()                $GPGGA,172940,1256.3785,N,08601.7440,E,1,10,0.8,0.2,M,-77.9,M,,*65
(Jun 19 2016 17:30:23,  412968 sec) GpsServices()        Profile 34 GPS fix obtained in 66 seconds.
(Jun 19 2016 17:30:23,  412968 sec) GpsServices()                  lon     lat mm/dd/yyyy hhmmss nsat
(Jun 19 2016 17:30:23,  412968 sec) GpsServices()        Fix:   86.029  12.940 06/19/2016 172940   10
(Jun 19 2016 17:30:53,  412998 sec) gga()                $GPGGA,173010,1256.3757,N,08601.7381,E,1,10,0.8,0.2,M,-77.9,M,,*6D
(Jun 19 2016 17:30:58,  413004 sec) gga()                $GPGGA,173040,1256.3729,N,08601.7321,E,1,10,0.8,-0.6,M,-77.9,M,,*42
(Jun 19 2016 17:30:58,  413004 sec) GpsServices()        APF9 RTC skew (18s) OK.
(Jun 19 2016 17:30:59,  413004 sec) LogNmeaSentences()   5,43,21,54,355,49,24,39,098,45,25,07,177,37*7D
(Jun 19 2016 17:30:59,  413004 sec) LogNmeaSentences()   $GPGSV,3,3,11,29,42,182,45,32,29,229,45,13,01,035,00*49
(Jun 19 2016 17:31:08,  413014 sec) LogNmeaSentences()   $GPRMC,173050,A,1256.3724,N,08601.7304,E,001.4,228.8,190616,001.4,W*60
(Jun 19 2016 17:31:09,  413014 sec) LogNmeaSentences()   $GPGGA,173050,1256.3724,N,08601.7304,E,1,10,0.8,-0.9,M,-77.9,M,,*46
(Jun 19 2016 17:31:09,  413014 sec) LogNmeaSentences()   $GPGSA,A,3,10,14,15,18,20,21,24,25,29,32,,,1.2,0.8,0.9*33
(Jun 19 2016 17:31:09,  413015 sec) LogNmeaSentences()   $GPGSV,3,1,11,10,22,299,41,14,19,222,40,15,31,031,45,18,38,336,45*76
(Jun 19 2016 17:31:10,  413015 sec) LogNmeaSentences()   $GPGSV,3,2,11,20,26,045,43,21,54,355,46,24,39,098,46,25,07,177,38*7E
(Jun 19 2016 17:31:10,  413015 sec) LogNmeaSentences()   $GPGSV,3,3,11,29,42,182,47,32,29,229,43,13,01,035,00*4D
(Jun 19 2016 17:31:18,  413024 sec) LogNmeaSentences()   $GPRMC,173100,A,1256.3715,N,08601.7286,E,001.5,317.0,190616,001.4,W*69
(Jun 19 2016 17:31:19,  413024 sec) LogNmeaSentences()   $GPGGA,173100,1256.3715,N,08601.7286,E,1,10,0.8,-0.6,M,-77.9,M,,*44
(Jun 19 2016 17:31:19,  413024 sec) LogNmeaSentences()   $GPGSA,A,3,10,14,15,18,20,21,24,25,29,32,,,1.2,0.8,0.9*33
(Jun 19 2016 17:31:19,  413025 sec) LogNmeaSentences()   $GPGSV,3,1,11,10,22,299,44,14,19,222,34,15,31,031,45,18,38,336,46*73
(Jun 19 2016 17:31:20,  413025 sec) LogNmeaSentences()   $GPGSV,3,2,11,20,26,045,44,21,54,355,49,24,39,098,45,25,07,177,38*75
(Jun 19 2016 17:31:20,  413025 sec) LogNmeaSentences()   $GPGSV,3,3,11,29,42,182,45,32,29,229,46,13,01,035,00*4A
(Jun 19 2016 17:31:20,  413026 sec) LogNmeaSentences()   $PGRMT,GPS 15x-L software ver. 3.90,,,,,,,,*7D
(Jun 19 2016 17:31:28,  413034 sec) LogNmeaSentences()   $GPRMC,173110,A,1256.3702,N,08601.7263,E,000.6,337.8,190616,001.4,W*6D
(Jun 19 2016 17:31:29,  413034 sec) LogNmeaSentences()   $GPGGA,173110,1256.3702,N,08601.7263,E,1,10,0.8,0.1,M,-77.9,M,,*62
(Jun 19 2016 17:31:29,  413034 sec) LogNmeaSentences()   $GPGSA,A,3,10,14,15,18,20,21,24,25,29,32,,,1.2,0.8,0.9*33
(Jun 19 2016 17:31:29,  413035 sec) LogNmeaSentences()   $GPGSV,3,1,11,10,22,299,42,14,19,222,41,15,31,031,47,18,38,336,46*75
(Jun 19 2016 17:31:30,  413035 sec) GpsServices()        GPS services complete.
(Jun 19 2016 17:32:10,  413076 sec) CLogin()             Connecting to primary host.
(Jun 19 2016 17:32:32,  413097 sec) CLogin()             Connection 1 established in 22 seconds.
(Jun 19 2016 17:32:40,  413106 sec) login()              Login successful.
(Jun 19 2016 17:32:43,  413109 sec) CLogin()             Logged in to host.  [Login required 11 seconds]
(Jun 19 2016 17:32:52,  413117 sec) RxConfig()           Downloading "mission.cfg" from host.
(Jun 19 2016 17:32:54,  413119 sec) Rx()                 Initiating transfer. [0x43]
(Jun 19 2016 17:33:01,  413126 sec) Rx()                 Pad character [0x1a] found in ascii mode - truncating packet.
(Jun 19 2016 17:33:06,  413131 sec) Rx()                 Received EOT - transfer complete. [1 packets, 1024 bytes, 12 sec, 85.3 bps]
(Jun 19 2016 17:33:06,  413131 sec) RxConfig()           Download successful.
(Jun 19 2016 17:33:20,  413145 sec) WriteVitals()        Writing vitals to "7546.034.msg".
(Jun 19 2016 17:33:32,  413158 sec) UpLoadFile()         Uploading "7546.033.log" to host as "7546.033.log".
(Jun 19 2016 17:33:37,  413162 sec) Tx()                 CRC negotiation successful. [16-bit CRC]
(Jun 19 2016 17:33:52,  413177 sec) TxPacket()           NAK received - resending packet. [PktNum=0x02]
(Jun 19 2016 17:33:52,  413178 sec) TxPacket()           Packet xmit history: [11100001] (0:ok, 1:fail).
(Jun 19 2016 17:34:49,  413235 sec) TxPacket()           NAK received - resending packet. [PktNum=0x0a]
(Jun 19 2016 17:34:49,  413235 sec) TxPacket()           Packet xmit history: [00000001] (0:ok, 1:fail).
(Jun 19 2016 17:35:08,  413254 sec) TxPacket()           NAK received - resending packet. [PktNum=0x0c]
(Jun 19 2016 17:35:08,  413254 sec) TxPacket()           Packet xmit history: [00001001] (0:ok, 1:fail).
(Jun 19 2016 17:35:18,  413264 sec) TxPacket()           NAK received - resending packet. [PktNum=0x0d]
(Jun 19 2016 17:35:18,  413264 sec) TxPacket()           Packet xmit history: [00100101] (0:ok, 1:fail).
(Jun 19 2016 17:35:23,  413268 sec) TxPacket()           NAK received - resending packet. [PktNum=0x0d]
(Jun 19 2016 17:35:23,  413268 sec) TxPacket()           Packet xmit history: [01001011] (0:ok, 1:fail).
(Jun 19 2016 17:35:29,  413274 sec) TxPacket()           NAK received - resending packet. [PktNum=0x0d]
(Jun 19 2016 17:35:29,  413274 sec) TxPacket()           Packet xmit history: [10010111] (0:ok, 1:fail).
(Jun 19 2016 17:35:33,  413279 sec) TxPacket()           NAK received - resending packet. [PktNum=0x0d]
(Jun 19 2016 17:35:34,  413279 sec) TxPacket()           Packet xmit history: [00101111] (0:ok, 1:fail).
(Jun 19 2016 17:35:38,  413284 sec) TxPacket()           NAK received - resending packet. [PktNum=0x0d]
(Jun 19 2016 17:35:38,  413284 sec) TxPacket()           Packet xmit history: [01011111] (0:ok, 1:fail).
(Jun 19 2016 17:35:45,  413291 sec) TxPacket()           NAK received - resending packet. [PktNum=0x0d]
(Jun 19 2016 17:35:45,  413291 sec) TxPacket()           Packet xmit history: [10111111] (0:ok, 1:fail).
(Jun 19 2016 17:35:48,  413293 sec) TxPacket()           Invalid response [0x63] - resending packet. [PktNum=0x0d]
(Jun 19 2016 17:35:48,  413294 sec) TxPacket()           Packet xmit history: [01111111] (0:ok, 1:fail).
(Jun 19 2016 17:35:49,  413295 sec) TxPacket()           Invalid response [0x5e] - resending packet. [PktNum=0x0d]
(Jun 19 2016 17:35:50,  413295 sec) TxPacket()           Packet xmit history: [11111111] (0:ok, 1:fail).
(Jun 19 2016 17:35:50,  413296 sec) TxPacket()           Invalid response [0x2c] - resending packet. [PktNum=0x0d]
(Jun 19 2016 17:35:50,  413296 sec) TxPacket()           Packet xmit history: [11111111] (0:ok, 1:fail).
(Jun 19 2016 17:35:51,  413297 sec) TxPacket()           Invalid response [0x74] - resending packet. [PktNum=0x0d]
(Jun 19 2016 17:35:51,  413297 sec) TxPacket()           Packet xmit history: [11111111] (0:ok, 1:fail).
(Jun 19 2016 17:35:51,  413297 sec) TxPacket()           Exit status: -5
(Jun 19 2016 17:35:52,  413297 sec) Tx()                 Packet transmission failed - aborting transfer.
(Jun 19 2016 17:36:02,  413308 sec) UpLoadFile()         Upload failed.
(Jun 19 2016 17:36:09,  413315 sec) UpLoadFile()         Uploading "7546.034.msg" to host as "7546.034.msg".
(Jun 19 2016 17:37:10,  413375 sec) Tx()                 CRC negotiation failed - aborting transfer.
(Jun 19 2016 17:37:20,  413386 sec) UpLoadFile()         Upload failed.
(Jun 19 2016 17:37:20,  413386 sec) UpLoad()             Files successfully uploaded: 0
(Jun 19 2016 17:37:20,  413386 sec) UpLoad()             Aborting upload: Retry limit [2] exceeded. Upload incomplete.
(Jun 19 2016 17:37:27,  413392 sec) logout()             Log-out successful.
(Jun 19 2016 17:37:28,  413393 sec) Telemetry()          Telemetry cycle complete: PrfId=34 ConnectionAttempts=1  Connections=1
(Jun 19 2016 17:52:47,  414312 sec) AirSystem()          Battery [194cnt, 15.0V]  Current [74cnt, 29.8mA]  Barometer [128cnt, 7.1"Hg]  Run-Time [3s]
(Jun 19 2016 17:53:16,  414341 sec) GpsServices()        GPS almanac is current.
(Jun 19 2016 17:53:16,  414341 sec) GpsServices()        Initiating GPS fix acquisition.
(Jun 19 2016 17:53:53,  414379 sec) gga()                $GPGGA,175310,1256.2488,N,08601.4490,E,1,10,0.8,-2.9,M,-78.0,M,,*4E
(Jun 19 2016 17:53:54,  414379 sec) GpsServices()        Profile 34 GPS fix obtained in 38 seconds.
(Jun 19 2016 17:53:54,  414379 sec) GpsServices()                  lon     lat mm/dd/yyyy hhmmss nsat
(Jun 19 2016 17:53:54,  414379 sec) GpsServices()        Fix:   86.024  12.937 06/19/2016 175310   10
(Jun 19 2016 17:54:23,  414408 sec) gga()                $GPGGA,175340,1256.2460,N,08601.4420,E,1,11,0.7,-1.4,M,-78.0,M,,*46
(Jun 19 2016 17:54:28,  414414 sec) gga()                $GPGGA,175410,1256.2429,N,08601.4354,E,1,11,0.7,0.3,M,-78.0,M,,*66
(Jun 19 2016 17:54:28,  414414 sec) GpsServices()        APF9 RTC skew (18s) OK.
(Jun 19 2016 17:54:29,  414414 sec) LogNmeaSentences()   ,056,43,21,64,004,49,24,39,083,46,25,07,168,39*77
(Jun 19 2016 17:54:29,  414414 sec) LogNmeaSentences()   $GPGSV,3,3,11,27,06,315,40,29,32,178,44,32,36,238,46*42
(Jun 19 2016 17:54:38,  414424 sec) LogNmeaSentences()   $GPRMC,175420,A,1256.2420,N,08601.4332,E,001.7,283.7,190616,001.4,W*68
(Jun 19 2016 17:54:39,  414424 sec) LogNmeaSentences()   $GPGGA,175420,1256.2420,N,08601.4332,E,1,11,0.7,-0.8,M,-78.0,M,,*4A
(Jun 19 2016 17:54:39,  414424 sec) LogNmeaSentences()   $GPGSA,A,3,10,14,15,18,20,21,24,25,27,29,32,,1.1,0.7,0.8*3B
(Jun 19 2016 17:54:39,  414425 sec) LogNmeaSentences()   $GPGSV,3,1,11,10,24,310,45,14,27,229,43,15,22,033,38,18,39,348,40*76
(Jun 19 2016 17:54:40,  414425 sec) LogNmeaSentences()   $GPGSV,3,2,11,20,23,056,37,21,64,004,47,24,39,083,38,25,07,168,28*73
(Jun 19 2016 17:54:40,  414425 sec) LogNmeaSentences()   $GPGSV,3,3,11,27,06,315,40,29,32,178,42,32,36,238,42*40
(Jun 19 2016 17:54:48,  414434 sec) LogNmeaSentences()   $GPRMC,175430,A,1256.2412,N,08601.4311,E,000.7,285.1,190616,001.4,W*68
(Jun 19 2016 17:54:49,  414434 sec) LogNmeaSentences()   $GPGGA,175430,1256.2412,N,08601.4311,E,1,11,0.7,-0.5,M,-78.0,M,,*46
(Jun 19 2016 17:54:49,  414434 sec) LogNmeaSentences()   $GPGSA,A,3,10,14,15,18,20,21,24,25,27,29,32,,1.1,0.7,0.8*3B
(Jun 19 2016 17:54:49,  414435 sec) LogNmeaSentences()   $GPGSV,3,1,11,10,24,310,42,14,28,230,43,15,21,033,41,18,39,348,46*7D
(Jun 19 2016 17:54:50,  414435 sec) LogNmeaSentences()   $GPGSV,3,2,11,20,23,056,40,21,64,004,47,24,39,083,44,25,07,168,40*76
(Jun 19 2016 17:54:50,  414435 sec) LogNmeaSentences()   $GPGSV,3,3,11,27,06,315,38,29,32,178,46,32,36,238,47*4E
(Jun 19 2016 17:54:58,  414444 sec) LogNmeaSentences()   $GPRMC,175440,A,1256.2401,N,08601.4288,E,001.7,271.4,190616,001.4,W*63
(Jun 19 2016 17:54:59,  414444 sec) LogNmeaSentences()   $GPGGA,175440,1256.2401,N,08601.4288,E,1,11,0.7,-0.8,M,-78.0,M,,*4F
(Jun 19 2016 17:54:59,  414444 sec) LogNmeaSentences()   $GPGSA,A,3,10,14,15,18,20,21,24,25,27,29,32,,1.1,0.7,0.8*3B
(Jun 19 2016 17:54:59,  414445 sec) LogNmeaSentences()   $GPGSV,3,1,11,10,24,310,44,14,28,230,43,15,21,033,43,18,39,348,45*7A
(Jun 19 2016 17:55:00,  414445 sec) LogNmeaSentences()   $GPGSV,3,2,11,20,23,056,43,21,64,004,49,24,39,083,46,25,07,168,40*79
(Jun 19 2016 17:55:00,  414445 sec) LogNmeaSentences()   $GPGSV,3,3,11,27,06,315,38,29,32,178,45,32,36,238,47*4D
(Jun 19 2016 17:55:08,  414454 sec) LogNmeaSentences()   $GPRMC,175450,A,1256.2384,N,08601.4266,E,000.7,279.9,190616,001.4,W*6C
(Jun 19 2016 17:55:09,  414454 sec) LogNmeaSentences()   $GPGGA,175450,1256.2384,N,08601.4266,E,1,11,0.7,1.8,M,-78.0,M,,*68
(Jun 19 2016 17:55:09,  414454 sec) LogNmeaSentences()   $GPGSA,A,3,10,14,15,18,20,21,24,25,27,29,32,,1.1,0.7,0.8*3B
(Jun 19 2016 17:55:09,  414455 sec) LogNmeaSentences()   $GPGSV,3,1,11,10,24,310,32,14,28,230,26,15,21,033,27,18,39,348,32*7A
(Jun 19 2016 17:55:10,  414455 sec) LogNmeaSentences()   $GPGSV,3,2,11,20,23,056,25,21,64,004,37,24,39,083,27,25,07,168,20*71
(Jun 19 2016 17:55:10,  414455 sec) LogNmeaSentences()   $GPGSV,3,3,11,27,06,315,26,29,32,178,26,32,37,239,31*46
(Jun 19 2016 17:55:18,  414464 sec) LogNmeaSentences()   $GPRMC,175500,A,1256.2380,N,08601.4245,E,000.0,314.7,190616,001.4,W*6E
(Jun 19 2016 17:55:19,  414464 sec) LogNmeaSentences()   $GPGGA,175500,1256.2380,N,08601.4245,E,1,11,0.7,1.8,M,-78.0,M,,*69
(Jun 19 2016 17:55:19,  414464 sec) LogNmeaSentences()   $GPGSA,A,3,10,14,15,18,20,21,24,25,27,29,32,,1.1,0.7,0.8*3B
(Jun 19 2016 17:55:19,  414465 sec) LogNmeaSentences()   $GPGSV,3,1,11,10,24,310,43,14,28,230,39,15,21,033,50,18,39,348,46*71
(Jun 19 2016 17:55:20,  414465 sec) LogNmeaSentences()   $GPGSV,3,2,11,20,23,056,44,21,64,004,47,24,39,083,45,25,07,168,37*73
(Jun 19 2016 17:55:20,  414465 sec) LogNmeaSentences()   $GPGSV,3,3,11,27,06,315,39,29,32,178,35,32,37,239,45*49
(Jun 19 2016 17:55:20,  414466 sec) LogNmeaSentences()   $PGRMT,GPS 15x-L software ver. 3.90,,,,,,,,*7D
(Jun 19 2016 17:55:21,  414466 sec) GpsServices()        GPS services complete.
(Jun 19 2016 17:57:24,  414589 sec) Telemetry()          Iridium modem registration failed.
(Jun 19 2016 18:12:41,  415506 sec) AirSystem()          Air-bladder inflation by-passed. Barometer: [127cnt, 6.8"Hg].
(Jun 19 2016 18:13:10,  415535 sec) GpsServices()        GPS almanac is current.
(Jun 19 2016 18:13:10,  415535 sec) GpsServices()        Initiating GPS fix acquisition.
(Jun 19 2016 18:13:43,  415569 sec) gga()                $GPGGA,181300,1256.1329,N,08601.2026,E,1,11,0.7,-0.3,M,-78.0,M,,*42
(Jun 19 2016 18:13:44,  415569 sec) GpsServices()        Profile 34 GPS fix obtained in 34 seconds.
(Jun 19 2016 18:13:44,  415569 sec) GpsServices()                  lon     lat mm/dd/yyyy hhmmss nsat
(Jun 19 2016 18:13:44,  415569 sec) GpsServices()        Fix:   86.020  12.936 06/19/2016 181300   11
(Jun 19 2016 18:14:13,  415598 sec) gga()                $GPGGA,181330,1256.1302,N,08601.1965,E,1,11,0.7,-2.0,M,-78.0,M,,*44
(Jun 19 2016 18:14:18,  415604 sec) gga()                $GPGGA,181400,1256.1280,N,08601.1907,E,1,11,0.7,-4.4,M,-78.0,M,,*4D
(Jun 19 2016 18:14:19,  415604 sec) GpsServices()        APF9 RTC skew (18s) OK.
(Jun 19 2016 18:14:19,  415604 sec) LogNmeaSentences()   21,065,43,21,72,016,45,24,37,071,46,25,07,160,34*7B
(Jun 19 2016 18:14:19,  415605 sec) LogNmeaSentences()   $GPGSV,3,3,11,27,11,309,38,29,24,175,46,32,42,249,46*4B
(Jun 19 2016 18:14:19,  415605 sec) LogNmeaSentences()   $PGRMT,GPS 15x-L software ver. 3.90,,,,,,,,*7D
(Jun 19 2016 18:14:28,  415614 sec) LogNmeaSentences()   $GPRMC,181410,A,1256.1268,N,08601.1884,E,001.3,232.5,190616,001.4,W*66
(Jun 19 2016 18:14:29,  415614 sec) LogNmeaSentences()   $GPGGA,181410,1256.1268,N,08601.1884,E,1,11,0.7,-3.0,M,-78.0,M,,*43
(Jun 19 2016 18:14:29,  415614 sec) LogNmeaSentences()   $GPGSA,A,3,10,14,15,18,20,21,24,25,27,29,32,,1.1,0.7,0.8*3B
(Jun 19 2016 18:14:29,  415615 sec) LogNmeaSentences()   $GPGSV,3,1,11,10,26,319,46,14,34,237,46,15,14,036,44,18,39,358,47*7B
(Jun 19 2016 18:14:30,  415615 sec) LogNmeaSentences()   $GPGSV,3,2,11,20,21,065,41,21,72,016,48,24,37,071,46,25,07,160,30*70
(Jun 19 2016 18:14:30,  415615 sec) LogNmeaSentences()   $GPGSV,3,3,11,27,11,309,43,29,24,175,41,32,42,249,48*4E
(Jun 19 2016 18:14:38,  415624 sec) LogNmeaSentences()   $GPRMC,181420,A,1256.1258,N,08601.1869,E,002.4,211.9,190616,001.4,W*6C
(Jun 19 2016 18:14:39,  415624 sec) LogNmeaSentences()   $GPGGA,181420,1256.1258,N,08601.1869,E,1,11,0.7,-5.4,M,-78.0,M,,*42
(Jun 19 2016 18:14:39,  415624 sec) LogNmeaSentences()   $GPGSA,A,3,10,14,15,18,20,21,24,25,27,29,32,,1.1,0.7,0.8*3B
(Jun 19 2016 18:14:39,  415625 sec) LogNmeaSentences()   $GPGSV,3,1,11,10,26,319,46,14,34,238,44,15,14,036,42,18,39,358,45*72
(Jun 19 2016 18:14:40,  415625 sec) LogNmeaSentences()   $GPGSV,3,2,11,20,21,065,41,21,72,016,48,24,37,071,43,25,07,160,42*70
(Jun 19 2016 18:14:40,  415626 sec) LogNmeaSentences()   $GPGSV,3,3,11,27,11,309,42,29,24,175,43,32,42,249,47*42
(Jun 19 2016 18:14:48,  415634 sec) LogNmeaSentences()   $GPRMC,181430,A,1256.1252,N,08601.1845,E,000.8,341.2,190616,001.4,W*68
(Jun 19 2016 18:14:49,  415634 sec) LogNmeaSentences()   $GPGGA,181430,1256.1252,N,08601.1845,E,1,11,0.7,-4.7,M,-78.0,M,,*45
(Jun 19 2016 18:14:49,  415634 sec) LogNmeaSentences()   $GPGSA,A,3,10,14,15,18,20,21,24,25,27,29,32,,1.1,0.7,0.8*3B
(Jun 19 2016 18:14:49,  415635 sec) LogNmeaSentences()   $GPGSV,3,1,11,10,26,319,45,14,34,238,43,15,14,036,44,18,39,358,46*73
(Jun 19 2016 18:14:50,  415635 sec) GpsServices()        GPS services complete.
(Jun 19 2016 18:15:14,  415660 sec) CLogin()             Connecting to primary host.
(Jun 19 2016 18:15:25,  415670 sec) CLogin()             Connection 2 established in 11 seconds.
(Jun 19 2016 18:15:38,  415683 sec) login()              Login successful.
(Jun 19 2016 18:15:41,  415687 sec) CLogin()             Logged in to host.  [Login required 16 seconds]
(Jun 19 2016 18:15:49,  415695 sec) RxConfig()           Downloading "mission.cfg" from host.
(Jun 19 2016 18:15:51,  415697 sec) Rx()                 Initiating transfer. [0x43]
(Jun 19 2016 18:15:56,  415702 sec) RxStartByte()        Sync errors encountered: 609
(Jun 19 2016 18:16:01,  415706 sec) Rx()                 Truncated packet received - retrying.
(Jun 19 2016 18:16:02,  415708 sec) RxStartByte()        Sync errors encountered: 285
(Jun 19 2016 18:16:07,  415713 sec) Rx()                 Pad character [0x1a] found in ascii mode - truncating packet.
(Jun 19 2016 18:16:14,  415719 sec) Rx()                 Received EOT - transfer complete. [1 packets, 1024 bytes, 23 sec, 44.5 bps]
(Jun 19 2016 18:16:14,  415719 sec) RxConfig()           Download successful.
(Jun 19 2016 18:16:28,  415733 sec) WriteVitals()        Writing vitals to "7546.034.msg".
(Jun 19 2016 18:16:38,  415743 sec) UpLoadFile()         Uploading "7546.033.log" to host as "7546.033.log".
(Jun 19 2016 18:16:40,  415745 sec) Tx()                 CRC negotiation successful. [16-bit CRC]
(Jun 19 2016 18:16:47,  415753 sec) TxPacket()           Invalid response [0x20] - resending packet. [PktNum=0x01]
(Jun 19 2016 18:16:47,  415753 sec) TxPacket()           Packet xmit history: [01110001] (0:ok, 1:fail).
(Jun 19 2016 18:17:20,  415785 sec) TxPacket()           NAK received - resending packet. [PktNum=0x07]
(Jun 19 2016 18:17:20,  415785 sec) TxPacket()           Packet xmit history: [10000001] (0:ok, 1:fail).
(Jun 19 2016 18:18:00,  415825 sec) TxPacket()           NAK received - resending packet. [PktNum=0x0d]
(Jun 19 2016 18:18:00,  415825 sec) TxPacket()           Packet xmit history: [10000001] (0:ok, 1:fail).
(Jun 19 2016 18:18:26,  415851 sec) TxPacket()           NAK received - resending packet. [PktNum=0x11]
(Jun 19 2016 18:18:26,  415851 sec) TxPacket()           Packet xmit history: [00100001] (0:ok, 1:fail).
(Jun 19 2016 18:19:12,  415897 sec) TxPacket()           NAK received - resending packet. [PktNum=0x17]
(Jun 19 2016 18:19:12,  415897 sec) TxPacket()           Packet xmit history: [10000001] (0:ok, 1:fail).
(Jun 19 2016 18:19:25,  415910 sec) TxPacket()           NAK received - resending packet. [PktNum=0x18]
(Jun 19 2016 18:19:25,  415911 sec) TxPacket()           Packet xmit history: [00000101] (0:ok, 1:fail).
(Jun 19 2016 18:19:42,  415927 sec) TxPacket()           NAK received - resending packet. [PktNum=0x1a]
(Jun 19 2016 18:19:42,  415927 sec) TxPacket()           Packet xmit history: [00101001] (0:ok, 1:fail).
(Jun 19 2016 18:20:27,  415973 sec) TxPacket()           NAK received - resending packet. [PktNum=0x21]
(Jun 19 2016 18:20:28,  415973 sec) TxPacket()           Packet xmit history: [00000001] (0:ok, 1:fail).
(Jun 19 2016 18:21:29,  416035 sec) Tx()                 Transmission completed successfully [41 packets, 40727 bytes, 288 sec, 142.7 bps]
(Jun 19 2016 18:21:30,  416035 sec) UpLoadFile()         Upload successful.
(Jun 19 2016 18:21:38,  416043 sec) UpLoadFile()         Uploading "7546.034.msg" to host as "7546.034.msg".
(Jun 19 2016 18:21:39,  416045 sec) Tx()                 CRC negotiation successful. [16-bit CRC]
(Jun 19 2016 18:21:42,  416047 sec) TxPacket()           Invalid response [0x30] - resending packet. [PktNum=0x01]
(Jun 19 2016 18:21:42,  416048 sec) TxPacket()           Packet xmit history: [00000001] (0:ok, 1:fail).
(Jun 19 2016 18:21:43,  416048 sec) TxPacket()           Invalid response [0x30] - resending packet. [PktNum=0x01]
(Jun 19 2016 18:21:43,  416048 sec) TxPacket()           Packet xmit history: [00000011] (0:ok, 1:fail).
(Jun 19 2016 18:21:47,  416053 sec) TxPacket()           NAK received - resending packet. [PktNum=0x01]
(Jun 19 2016 18:21:48,  416053 sec) TxPacket()           Packet xmit history: [00000111] (0:ok, 1:fail).
(Jun 19 2016 18:21:53,  416058 sec) TxPacket()           NAK received - resending packet. [PktNum=0x02]
(Jun 19 2016 18:21:53,  416059 sec) TxPacket()           Packet xmit history: [00011101] (0:ok, 1:fail).
(Jun 19 2016 18:22:04,  416070 sec) TxPacket()           NAK received - resending packet. [PktNum=0x04]
(Jun 19 2016 18:22:05,  416070 sec) TxPacket()           Packet xmit history: [11101001] (0:ok, 1:fail).
(Jun 19 2016 18:22:26,  416091 sec) TxPacket()           Packet xmit history: [10010000] (0:ok, 1:fail).
(Jun 19 2016 18:22:30,  416095 sec) TxPacket()           Invalid response [0x63] - resending packet. [PktNum=0x07]
(Jun 19 2016 18:22:30,  416095 sec) TxPacket()           Packet xmit history: [00100001] (0:ok, 1:fail).
(Jun 19 2016 18:22:31,  416096 sec) TxPacket()           Invalid response [0x6d] - resending packet. [PktNum=0x07]
(Jun 19 2016 18:22:31,  416096 sec) TxPacket()           Packet xmit history: [01000011] (0:ok, 1:fail).
(Jun 19 2016 18:22:45,  416110 sec) TxPacket()           No carrier detected.
(Jun 19 2016 18:22:45,  416111 sec) TxPacket()           Exit status: -5
(Jun 19 2016 18:22:45,  416111 sec) Tx()                 Packet transmission failed - aborting transfer.
(Jun 19 2016 18:22:56,  416121 sec) UpLoadFile()         Upload failed.
(Jun 19 2016 18:22:56,  416122 sec) CLogin()             Connecting to primary host.
(Jun 19 2016 18:23:02,  416127 sec) chat()               Expected string [OK] not received.
(Jun 19 2016 18:23:02,  416127 sec) modem_restore_factor Modem command [AT&F0] failed.
(Jun 19 2016 18:23:02,  416127 sec) modem_initialize()   Unable to restore modem's factory defaults.
(Jun 19 2016 18:23:02,  416127 sec) modem_connect()      Modem configuration failed.
(Jun 19 2016 18:23:17,  416143 sec) CLogin()             Connection 3 established in 21 seconds.
(Jun 19 2016 18:23:29,  416154 sec) login()              Login successful.
(Jun 19 2016 18:23:32,  416157 sec) CLogin()             Logged in to host.  [Login required 15 seconds]
(Jun 19 2016 18:23:39,  416165 sec) UpLoadFile()         Uploading "7546.034.log" to host as "7546.034.log".
(Jun 19 2016 18:23:44,  416169 sec) Tx()                 CRC negotiation successful. [16-bit CRC]
(Jun 19 2016 18:24:01,  416187 sec) TxPacket()           NAK received - resending packet. [PktNum=0x03]
(Jun 19 2016 18:24:02,  416187 sec) TxPacket()           Packet xmit history: [00011001] (0:ok, 1:fail).
(Jun 19 2016 18:24:46,  416232 sec) TxPacket()           NAK received - resending packet. [PktNum=0x0a]
(Jun 19 2016 18:24:46,  416232 sec) TxPacket()           Packet xmit history: [00000001] (0:ok, 1:fail).
(Jun 19 2016 18:25:05,  416251 sec) TxPacket()           NAK received - resending packet. [PktNum=0x0c]
(Jun 19 2016 18:25:05,  416251 sec) TxPacket()           Packet xmit history: [00001001] (0:ok, 1:fail).
(Jun 19 2016 18:25:26,  416272 sec) TxPacket()           NAK received - resending packet. [PktNum=0x0f]
(Jun 19 2016 18:25:27,  416272 sec) TxPacket()           Packet xmit history: [10010001] (0:ok, 1:fail).
(Jun 19 2016 18:26:40,  416346 sec) TxPacket()           NAK received - resending packet. [PktNum=0x1b]
(Jun 19 2016 18:26:41,  416346 sec) TxPacket()           Packet xmit history: [00000001] (0:ok, 1:fail).
(Jun 19 2016 18:26:45,  416350 sec) TxPacket()           NAK received - resending packet. [PktNum=0x1b]
(Jun 19 2016 18:26:45,  416351 sec) TxPacket()           Packet xmit history: [00000011] (0:ok, 1:fail).
(Jun 19 2016 18:26:49,  416355 sec) TxPacket()           Invalid response [0x5e] - resending packet. [PktNum=0x1c]
(Jun 19 2016 18:26:49,  416355 sec) TxPacket()           Packet xmit history: [00001101] (0:ok, 1:fail).
(Jun 19 2016 18:26:50,  416356 sec) TxPacket()           Invalid response [0x42] - resending packet. [PktNum=0x1c]
(Jun 19 2016 18:26:50,  416356 sec) TxPacket()           Packet xmit history: [00011011] (0:ok, 1:fail).
(Jun 19 2016 18:26:52,  416358 sec) TxPacket()           Invalid response [0x31] - resending packet. [PktNum=0x1c]
(Jun 19 2016 18:26:53,  416358 sec) TxPacket()           Packet xmit history: [00110111] (0:ok, 1:fail).
(Jun 19 2016 18:26:53,  416359 sec) TxPacket()           Invalid response [0x2c] - resending packet. [PktNum=0x1c]
(Jun 19 2016 18:26:54,  416359 sec) TxPacket()           Packet xmit history: [01101111] (0:ok, 1:fail).
(Jun 19 2016 18:27:02,  416367 sec) TxPacket()           Invalid response [0x34] - resending packet. [PktNum=0x1c]
(Jun 19 2016 18:27:02,  416367 sec) TxPacket()           Packet xmit history: [11011111] (0:ok, 1:fail).
(Jun 19 2016 18:27:18,  416383 sec) TxPacket()           Invalid response [0x33] - resending packet. [PktNum=0x1c]
(Jun 19 2016 18:27:18,  416384 sec) TxPacket()           Packet xmit history: [10111111] (0:ok, 1:fail).
(Jun 19 2016 18:27:19,  416385 sec) TxPacket()           Invalid response [0x63] - resending packet. [PktNum=0x1c]
(Jun 19 2016 18:27:19,  416385 sec) TxPacket()           Packet xmit history: [01111111] (0:ok, 1:fail).
(Jun 19 2016 18:27:26,  416392 sec) TxPacket()           Invalid response [0x31] - resending packet. [PktNum=0x1c]
(Jun 19 2016 18:27:26,  416392 sec) TxPacket()           Packet xmit history: [11111111] (0:ok, 1:fail).
(Jun 19 2016 18:27:27,  416393 sec) TxPacket()           Invalid response [0x6e] - resending packet. [PktNum=0x1c]
(Jun 19 2016 18:27:27,  416393 sec) TxPacket()           Packet xmit history: [11111111] (0:ok, 1:fail).
(Jun 19 2016 18:27:29,  416395 sec) TxPacket()           Invalid response [0x63] - resending packet. [PktNum=0x1c]
(Jun 19 2016 18:27:30,  416395 sec) TxPacket()           Packet xmit history: [11111111] (0:ok, 1:fail).
(Jun 19 2016 18:27:30,  416395 sec) TxPacket()           Exit status: -5
(Jun 19 2016 18:27:30,  416395 sec) Tx()                 Packet transmission failed - aborting transfer.
(Jun 19 2016 18:27:41,  416406 sec) UpLoadFile()         Upload failed.
(Jun 19 2016 18:27:41,  416406 sec) UpLoad()             Files successfully uploaded: 1
(Jun 19 2016 18:27:41,  416406 sec) UpLoad()             Aborting upload: Retry limit [2] exceeded. Upload incomplete.
(Jun 19 2016 18:27:50,  416415 sec) chat()               Expected string [logout] not received.
(Jun 19 2016 18:27:50,  416415 sec) logout()             Attempt to log-out failed.
(Jun 19 2016 18:27:50,  416415 sec) logout()             No carrier detected.
(Jun 19 2016 18:27:50,  416415 sec) Telemetry()          Telemetry cycle complete: PrfId=34 ConnectionAttempts=4  Connections=3
(Jun 19 2016 18:43:05,  417330 sec) AirSystem()          Air-bladder inflation by-passed. Barometer: [128cnt, 7.1"Hg].
(Jun 19 2016 18:43:34,  417359 sec) GpsServices()        GPS almanac is current.
(Jun 19 2016 18:43:34,  417359 sec) GpsServices()        Initiating GPS fix acquisition.
(Jun 19 2016 18:43:45,  417370 sec) gga()                $GPGGA,184320,1256.1263,N,08601.1873,E,0,00,,,M,,M,,*55
(Jun 19 2016 18:44:13,  417399 sec) gga()                $GPGGA,184330,1255.9578,N,08600.8219,E,1,11,0.7,-0.5,M,-78.0,M,,*4E
(Jun 19 2016 18:44:14,  417399 sec) GpsServices()        Profile 34 GPS fix obtained in 40 seconds.
(Jun 19 2016 18:44:14,  417399 sec) GpsServices()                  lon     lat mm/dd/yyyy hhmmss nsat
(Jun 19 2016 18:44:14,  417399 sec) GpsServices()        Fix:   86.014  12.933 06/19/2016 184330   11
(Jun 19 2016 18:44:43,  417428 sec) gga()                $GPGGA,184400,1255.9546,N,08600.8176,E,1,10,0.7,-2.3,M,-78.0,M,,*48
(Jun 19 2016 18:44:48,  417434 sec) gga()                $GPGGA,184430,1255.9517,N,08600.8109,E,1,11,0.7,-2.8,M,-78.0,M,,*4D
(Jun 19 2016 18:44:49,  417434 sec) GpsServices()        APF9 RTC skew (19s) OK.
(Jun 19 2016 18:44:49,  417434 sec) LogNmeaSentences()   ,014,46,20,17,078,42,21,81,077,46,24,31,056,44*72
(Jun 19 2016 18:44:49,  417435 sec) LogNmeaSentences()   $GPGSV,3,3,12,25,09,148,39,27,16,297,44,29,12,169,43,31,08,201,41*70
(Jun 19 2016 18:44:58,  417444 sec) LogNmeaSentences()   $GPRMC,184440,A,1255.9499,N,08600.8085,E,000.6,253.8,190616,001.4,W*6A
(Jun 19 2016 18:44:59,  417444 sec) LogNmeaSentences()   $GPGGA,184440,1255.9499,N,08600.8085,E,1,11,0.7,-3.2,M,-78.0,M,,*43
(Jun 19 2016 18:44:59,  417444 sec) LogNmeaSentences()   $GPGSA,A,3,10,,14,15,18,20,21,24,25,27,29,31,1.0,0.7,0.7*36
(Jun 19 2016 18:44:59,  417445 sec) LogNmeaSentences()   $GPGSV,3,1,12,10,30,333,46,12,01,116,32,14,42,253,45,15,05,042,39*75
(Jun 19 2016 18:45:00,  417445 sec) LogNmeaSentences()   $GPGSV,3,2,12,18,41,014,47,20,17,078,42,21,81,077,46,24,31,056,46*71
(Jun 19 2016 18:45:00,  417446 sec) LogNmeaSentences()   $GPGSV,3,3,12,25,09,148,40,27,16,297,42,29,12,169,41,31,08,201,34*78
(Jun 19 2016 18:45:08,  417454 sec) LogNmeaSentences()   $GPRMC,184450,A,1255.9497,N,08600.8067,E,000.0,330.8,190616,001.4,W*6B
(Jun 19 2016 18:45:09,  417454 sec) LogNmeaSentences()   $GPGGA,184450,1255.9497,N,08600.8067,E,1,11,0.7,-4.7,M,-78.0,M,,*42
(Jun 19 2016 18:45:09,  417454 sec) LogNmeaSentences()   $GPGSA,A,3,10,,14,15,18,20,21,24,25,27,29,31,1.0,0.7,0.7*36
(Jun 19 2016 18:45:09,  417455 sec) LogNmeaSentences()   $GPGSV,3,1,12,10,30,333,45,12,01,116,39,14,42,254,44,15,05,042,41*74
(Jun 19 2016 18:45:10,  417455 sec) LogNmeaSentences()   $GPGSV,3,2,12,18,41,014,45,20,17,079,42,21,81,079,46,24,31,056,44*7E
(Jun 19 2016 18:45:10,  417455 sec) LogNmeaSentences()   $GPGSV,3,3,12,25,09,148,40,27,16,297,41,29,12,169,41,31,08,201,41*79
(Jun 19 2016 18:45:18,  417464 sec) LogNmeaSentences()   $GPRMC,184500,A,1255.9475,N,08600.8047,E,000.0,201.9,190616,001.4,W*63
(Jun 19 2016 18:45:19,  417464 sec) LogNmeaSentences()   $GPGGA,184500,1255.9475,N,08600.8047,E,1,11,0.7,-4.8,M,-78.0,M,,*47
(Jun 19 2016 18:45:19,  417464 sec) LogNmeaSentences()   $GPGSA,A,3,10,,14,15,18,20,21,24,25,27,29,31,1.0,0.7,0.7*36
(Jun 19 2016 18:45:19,  417465 sec) LogNmeaSentences()   $GPGSV,3,1,12,10,30,333,45,12,01,116,25,14,42,254,46,15,05,042,38*75
(Jun 19 2016 18:45:20,  417465 sec) LogNmeaSentences()   $GPGSV,3,2,12,18,41,014,47,20,17,079,39,21,81,079,47,24,31,055,42*74
(Jun 19 2016 18:45:20,  417466 sec) LogNmeaSentences()   $GPGSV,3,3,12,25,09,148,40,27,16,296,43,29,12,169,42,31,08,201,40*78
(Jun 19 2016 18:45:20,  417466 sec) LogNmeaSentences()   $PGRMT,GPS 15x-L software ver. 3.90,,,,,,,,*7D
(Jun 19 2016 18:45:21,  417466 sec) GpsServices()        GPS services complete.
(Jun 19 2016 18:45:53,  417499 sec) CLogin()             Connecting to primary host.
(Jun 19 2016 18:46:24,  417530 sec) CLogin()             Connection 4 established in 31 seconds.
(Jun 19 2016 18:46:40,  417545 sec) login()              Login successful.
(Jun 19 2016 18:46:43,  417548 sec) CLogin()             Logged in to host.  [Login required 19 seconds]
(Jun 19 2016 18:46:53,  417559 sec) RxConfig()           Downloading "mission.cfg" from host.
(Jun 19 2016 18:46:55,  417561 sec) Rx()                 Initiating transfer. [0x43]
(Jun 19 2016 18:47:08,  417574 sec) Rx()                 Pad character [0x1a] found in ascii mode - truncating packet.
(Jun 19 2016 18:47:15,  417580 sec) Rx()                 Received EOT - transfer complete. [1 packets, 1024 bytes, 20 sec, 51.2 bps]
(Jun 19 2016 18:47:15,  417580 sec) RxConfig()           Download successful.
(Jun 19 2016 18:47:28,  417594 sec) WriteVitals()        Writing vitals to "7546.034.msg".
(Jun 19 2016 18:47:37,  417602 sec) UpLoadFile()         Uploading "7546.034.msg" to host as "7546.034.msg".
(Jun 19 2016 18:47:44,  417609 sec) Tx()                 CRC negotiation successful. [16-bit CRC]
(Jun 19 2016 18:48:26,  417652 sec) TxPacket()           NAK received - resending packet. [PktNum=0x08]
(Jun 19 2016 18:48:27,  417652 sec) TxPacket()           Packet xmit history: [00000001] (0:ok, 1:fail).
(Jun 19 2016 18:50:15,  417761 sec) TxPacket()           NAK received - resending packet. [PktNum=0x17]
(Jun 19 2016 18:50:16,  417761 sec) TxPacket()           Packet xmit history: [00000001] (0:ok, 1:fail).
(Jun 19 2016 18:50:41,  417787 sec) Tx()                 Transmission completed successfully [26 packets, 26333 bytes, 176 sec, 151.3 bps]
(Jun 19 2016 18:50:42,  417787 sec) UpLoadFile()         Upload successful.
(Jun 19 2016 18:50:49,  417795 sec) UpLoadFile()         Uploading "7546.034.log" to host as "7546.034.log".
(Jun 19 2016 18:50:53,  417798 sec) Tx()                 CRC negotiation successful. [16-bit CRC]
(Jun 19 2016 18:52:10,  417876 sec) TxPacket()           NAK received - resending packet. [PktNum=0x09]
(Jun 19 2016 18:52:10,  417876 sec) TxPacket()           Packet xmit history: [00000001] (0:ok, 1:fail).
(Jun 19 2016 18:52:19,  417885 sec) TxPacket()           NAK received - resending packet. [PktNum=0x0a]
(Jun 19 2016 18:52:20,  417885 sec) TxPacket()           Packet xmit history: [00000101] (0:ok, 1:fail).
(Jun 19 2016 18:52:32,  417898 sec) TxPacket()           NAK received - resending packet. [PktNum=0x0b]
(Jun 19 2016 18:52:32,  417898 sec) TxPacket()           Packet xmit history: [00010101] (0:ok, 1:fail).
(Jun 19 2016 18:52:47,  417913 sec) TxPacket()           NAK received - resending packet. [PktNum=0x0c]
(Jun 19 2016 18:52:47,  417913 sec) TxPacket()           Packet xmit history: [01010101] (0:ok, 1:fail).
(Jun 19 2016 18:53:53,  417978 sec) TxPacket()           NAK received - resending packet. [PktNum=0x16]
(Jun 19 2016 18:53:53,  417978 sec) TxPacket()           Packet xmit history: [00000001] (0:ok, 1:fail).
(Jun 19 2016 18:53:58,  417984 sec) TxPacket()           NAK received - resending packet. [PktNum=0x16]
(Jun 19 2016 18:53:59,  417984 sec) TxPacket()           Packet xmit history: [00000011] (0:ok, 1:fail).
(Jun 19 2016 18:54:03,  417989 sec) TxPacket()           NAK received - resending packet. [PktNum=0x16]
(Jun 19 2016 18:54:04,  417989 sec) TxPacket()           Packet xmit history: [00000111] (0:ok, 1:fail).
(Jun 19 2016 18:54:35,  418021 sec) TxPacket()           NAK received - resending packet. [PktNum=0x1a]
(Jun 19 2016 18:54:36,  418021 sec) TxPacket()           Packet xmit history: [11100001] (0:ok, 1:fail).
(Jun 19 2016 18:56:15,  418120 sec) Tx()                 Transmission completed successfully [41 packets, 40747 bytes, 321 sec, 128.0 bps]
(Jun 19 2016 18:56:15,  418120 sec) UpLoadFile()         Upload successful.
(Jun 19 2016 18:56:21,  418126 sec) UpLoad()             Files successfully uploaded: 2
(Jun 19 2016 18:56:21,  418126 sec) UpLoad()             Upload complete.
(Jun 19 2016 18:56:25,  418130 sec) logout()             Log-out successful.
(Jun 19 2016 18:56:26,  418131 sec) Telemetry()          Telemetry cycle complete: PrfId=34 ConnectionAttempts=5  Connections=4
(Jun 19 2016 18:56:26,  418132 sec) TelemetryTerminate() Parsing new mission configuration.
(Jun 19 2016 18:56:28,  418133 sec) configure()          Parsing configurators in "mission.cfg".
(Jun 19 2016 18:56:32,  418137 sec) configure()             TelemetryRetry(15)      [0x7BBC] [TelemetryRetry(15)].
(Jun 19 2016 18:56:32,  418137 sec) configure()          Configuration CRCs and syntax OK.
(Jun 19 2016 18:56:32,  418137 sec) ConfigSupervisor()   Configuration accepted.
(Jun 19 2016 18:56:32,  418137 sec) TelemetryTerminate() Reconditioning the file system.
(Jun 19 2016 18:56:47,       7 sec) DescentInit()        Deep profile 35 initiated at mission-time 418145sec.
(Jun 19 2016 18:56:49,      10 sec) DescentInit()        Surface pressure: -0.1dbars.
(Jun 19 2016 18:56:54,      15 sec) PistonMoveAbsWTO()    200->049 199 198 197 196 195 194 193 192 191 190 189 188 187 186 185 184 183 182 181 180 179 178 177 176 175 174 173 172 171 170 169 168 167 166 165 164 163 162 161 160 159 158 157 156 155 154 153 152 151 150 149 148 147 146 145 144 143 142 141 140 139 138 137 136 135 134 133 132 131 130 129 128 127 126 125 124 123 122 121 120 119 118 117 116 115 114 113 112 111 110 109 108 107 106 105 104 103 102 101 100 099 098 097 096 095 094 093 092 091 090 089 088 087 086 085 084 083 082 081 080 079 078 077 076 075 074 073 072 071 070 069 068 067 066 065 064 063 062 061 060 059 058 057 056 055 054 053 052 051 050 049 [760sec, 14.7Volts, 0.137Amps, CPT:760sec]
(Jun 19 2016 19:09:35,     775 sec) PistonMoveAbsWTO()    049->000 048 047 046 045 044 043 042 041 040 039 038 037 036 035 034 033 032 031 030 029 028 027 026 025 024 023 022 021 020 019 018 017 016 015 014 013 012 011 010 009 [201sec, 14.7Volts, 0.137Amps, CPT:961sec]
(Jun 19 2016 19:13:05,     986 sec) Descent()            Pressure: 91.8
(Jun 19 2016 19:56:43,    3604 sec) Descent()            Pressure: 367.0
(Jun 19 2016 20:56:43,    7204 sec) Descent()            Pressure: 814.6
(Jun 19 2016 21:56:43,   10804 sec) Descent()            Pressure: 1254.9
(Jun 19 2016 21:56:44,   10804 sec) PistonMoveAbsWTO()    009->049 010 011 012 013 014 015 016 017 018 019 020 021 022 023 024 025 026 027 028 029 030 031 032 033 034 035 036 037 038 039 040 041 042 043 044 045 046 047 048 049 [234sec, 13.7Volts, 0.516Amps, CPT:1195sec]
(Jun 19 2016 22:56:43,   14404 sec) Descent()            Pressure: 1035.6
(Jun 19 2016 23:56:43,   18004 sec) Descent()            Pressure: 940.4
(Jun 19 2016 23:56:44,   18004 sec) ParkInit()           


(Jun 20 2016 01:57:13) LogSize()            Log file is 38947 bytes.  Limit is 40960 bytes.

(Jun 20 2016 01:57:13,   25233 sec) Park()               ParkPOutOfBand[-3, 939.0 dbars]: retract piston.
(Jun 20 2016 01:57:13,   25234 sec) PistonMoveAbsWTO()    049->048 048 [1sec, 14.6Volts, 0.097Amps, CPT:1196sec]
(Jun 20 2016 04:57:13,   36033 sec) Park()               ParkPOutOfBand[-3, 959.0 dbars]: retract piston.
(Jun 20 2016 04:57:13,   36034 sec) PistonMoveAbsWTO()    048->047 047 [5sec, 14.7Volts, 0.101Amps, CPT:1201sec]
(Jun 20 2016 12:57:13,   64833 sec) Park()               ParkPOutOfBand[3, 1014.6 dbars]: extend piston.
(Jun 20 2016 12:57:13,   64834 sec) PistonMoveAbsWTO()    047->048 048 [2sec, 14.3Volts, 0.479Amps, CPT:1203sec]
(Jun 20 2016 15:57:13,   75633 sec) Park()               ParkPOutOfBand[3, 1013.1 dbars]: extend piston.
(Jun 20 2016 15:57:13,   75634 sec) PistonMoveAbsWTO()    048->049 049 [5sec, 14.3Volts, 0.463Amps, CPT:1208sec]
(Jun 21 2016 22:57:13,  187234 sec) Park()               ParkPOutOfBand[3, 1010.8 dbars]: extend piston.
(Jun 21 2016 22:57:13,  187234 sec) PistonMoveAbsWTO()    049->050 050 [7sec, 14.2Volts, 0.451Amps, CPT:1215sec]
(Jun 22 2016 01:57:13,  198034 sec) Park()               ParkPOutOfBand[-3, 983.0 dbars]: retract piston.
(Jun 22 2016 01:57:14,  198034 sec) PistonMoveAbsWTO()    050->049 049 [3sec, 14.6Volts, 0.109Amps, CPT:1218sec]
(Jun 24 2016 02:57:05,  374425 sec) CtdPower()           [ 1002.01,  6.6510, 34.9425]
(Jun 24 2016 02:57:05,  374425 sec) CtdPower()           CTD Power consumption [188VCnt 9ACnt]: 14.573Volts * 0.036Amps = 0.53Watts.
(Jun 24 2016 02:57:05,  374426 sec) ParkTerminate()      Piston Position:49 Vacuum:80 Vq:196 Aq:5 Vsbe:188 Asbe:9
(Jun 24 2016 02:57:33,  374453 sec) ParkTerminate()      PTS: 1002.6dbars 6.6508C 34.9423PSU

<EOT>
