(Sep 14 2016 13:46:12,  410241 sec) TelemetryInit()      Profile 52. (Apf9i FwRev: 012811)
(Sep 14 2016 13:53:00,  410649 sec) AirSystem()          Battery [188cnt, 14.6V]  Current [72cnt, 29.0mA]  Barometer [126cnt, 6.5"Hg]  Run-Time [45s]
(Sep 14 2016 13:53:29,  410678 sec) GpsServices()        GPS almanac is current.
(Sep 14 2016 13:53:29,  410678 sec) GpsServices()        Initiating GPS fix acquisition.
(Sep 14 2016 13:53:43,  410692 sec) gga()                $GPGGA,135330,1311.7366,N,08559.5033,E,0,00,,,M,,M,,*58
(Sep 14 2016 13:53:50,  410699 sec) gga()                $GPGGA,135340,1311.7366,N,08559.5033,E,0,00,,,M,,M,,*5F
(Sep 14 2016 13:54:00,  410709 sec) gga()                $GPGGA,135350,1311.7366,N,08559.5033,E,0,00,,,M,,M,,*5E
(Sep 14 2016 13:54:10,  410719 sec) gga()                $GPGGA,135400,1311.7366,N,08559.5033,E,0,00,,,M,,M,,*5C
(Sep 14 2016 13:54:20,  410729 sec) gga()                $GPGGA,135410,1311.7366,N,08559.5033,E,0,00,,,M,,M,,*5D
(Sep 14 2016 13:54:30,  410739 sec) gga()                $GPGGA,135420,1311.7366,N,08559.5033,E,0,00,,,M,,M,,*5E
(Sep 14 2016 13:54:58,  410767 sec) gga()                $GPGGA,135430,1315.2562,N,08554.6676,E,1,08,0.9,12.9,M,-77.9,M,,*55
(Sep 14 2016 13:54:59,  410768 sec) GpsServices()        Profile 52 GPS fix obtained in 89 seconds.
(Sep 14 2016 13:54:59,  410768 sec) GpsServices()                  lon     lat mm/dd/yyyy hhmmss nsat
(Sep 14 2016 13:54:59,  410768 sec) GpsServices()        Fix:   85.911  13.254 09/14/2016 135430    8
(Sep 14 2016 13:55:28,  410797 sec) gga()                $GPGGA,135500,1315.2616,N,08554.6683,E,1,10,0.8,2.4,M,-77.9,M,,*69
(Sep 14 2016 13:55:34,  410803 sec) gga()                $GPGGA,135530,1315.2669,N,08554.6689,E,1,10,0.8,2.7,M,-77.9,M,,*6B
(Sep 14 2016 13:55:34,  410803 sec) GpsServices()        APF9 RTC skew (4s) OK.
(Sep 14 2016 13:55:35,  410804 sec) LogNmeaSentences()   ,053,47,20,09,105,40,21,49,156,49,24,09,038,40*7C
(Sep 14 2016 13:55:35,  410804 sec) LogNmeaSentences()   $GPGSV,3,3,12,25,18,123,47,27,18,264,40,31,35,201,46,32,48,321,47*74
(Sep 14 2016 13:55:44,  410813 sec) LogNmeaSentences()   $GPRMC,135540,A,1315.2680,N,08554.6684,E,000.8,009.9,140916,001.4,W*6E
(Sep 14 2016 13:55:44,  410813 sec) LogNmeaSentences()   $GPGGA,135540,1315.2680,N,08554.6684,E,1,10,0.8,4.8,M,-77.9,M,,*6F
(Sep 14 2016 13:55:45,  410814 sec) LogNmeaSentences()   $GPGSA,A,3,,10,,14,18,20,21,24,25,27,31,32,1.1,0.8,0.8*39
(Sep 14 2016 13:55:45,  410814 sec) LogNmeaSentences()   $GPGSV,3,1,12,08,02,295,28,10,42,004,47,12,07,088,39,14,40,280,44*73
(Sep 14 2016 13:55:46,  410815 sec) LogNmeaSentences()   $GPGSV,3,2,12,18,45,053,48,20,09,105,41,21,49,156,47,24,09,038,39*72
(Sep 14 2016 13:55:46,  410815 sec) LogNmeaSentences()   $GPGSV,3,3,12,25,18,123,40,27,18,264,42,31,35,201,45,32,48,322,48*7E
(Sep 14 2016 13:55:54,  410823 sec) LogNmeaSentences()   $GPRMC,135550,A,1315.2693,N,08554.6689,E,000.0,156.4,140916,001.4,W*6E
(Sep 14 2016 13:55:54,  410823 sec) LogNmeaSentences()   $GPGGA,135550,1315.2693,N,08554.6689,E,1,10,0.8,4.1,M,-77.9,M,,*68
(Sep 14 2016 13:55:55,  410824 sec) LogNmeaSentences()   $GPGSA,A,3,10,,14,18,20,21,24,25,27,31,32,,1.1,0.8,0.8*39
(Sep 14 2016 13:55:55,  410824 sec) LogNmeaSentences()   $GPGSV,3,1,12,10,42,004,47,12,07,088,38,14,40,280,44,18,45,053,44*72
(Sep 14 2016 13:55:55,  410824 sec) LogNmeaSentences()   $GPGSV,3,2,12,20,09,105,39,21,49,156,43,24,09,038,40,25,18,123,39*71
(Sep 14 2016 13:55:56,  410825 sec) LogNmeaSentences()   $GPGSV,3,3,12,27,18,264,43,31,35,201,46,32,48,322,50,08,02,296,00*78
(Sep 14 2016 13:56:04,  410833 sec) LogNmeaSentences()   $GPRMC,135600,A,1315.2713,N,08554.6694,E,000.6,056.0,140916,001.4,W*6E
(Sep 14 2016 13:56:04,  410833 sec) LogNmeaSentences()   $GPGGA,135600,1315.2713,N,08554.6694,E,1,10,0.8,4.4,M,-77.9,M,,*6E
(Sep 14 2016 13:56:05,  410834 sec) LogNmeaSentences()   $GPGSA,A,3,,10,,14,18,20,21,24,25,27,31,32,1.1,0.8,0.8*39
(Sep 14 2016 13:56:05,  410834 sec) LogNmeaSentences()   $GPGSV,3,1,12,08,02,295,35,10,42,004,46,12,07,088,41,14,40,281,44*70
(Sep 14 2016 13:56:06,  410835 sec) LogNmeaSentences()   $GPGSV,3,2,12,18,45,053,45,20,09,105,38,21,49,156,46,24,09,038,40*7E
(Sep 14 2016 13:56:06,  410835 sec) LogNmeaSentences()   $GPGSV,3,3,12,25,18,123,43,27,18,264,39,31,35,201,46,32,48,322,47*7D
(Sep 14 2016 13:56:06,  410835 sec) LogNmeaSentences()   $PGRMT,GPS 15x-L software ver. 3.90,,,,,,,,*7D
(Sep 14 2016 13:56:06,  410835 sec) GpsServices()        GPS services complete.
(Sep 14 2016 13:56:31,  410860 sec) CLogin()             Connecting to primary host.
(Sep 14 2016 13:56:48,  410877 sec) CLogin()             Connection 1 established in 17 seconds.
(Sep 14 2016 13:57:07,  410896 sec) login()              Login successful.
(Sep 14 2016 13:57:12,  410901 sec) CLogin()             Logged in to host.  [Login required 24 seconds]
(Sep 14 2016 13:57:20,  410909 sec) RxConfig()           Downloading "mission.cfg" from host.
(Sep 14 2016 13:57:22,  410911 sec) Rx()                 Initiating transfer. [0x43]
(Sep 14 2016 13:57:29,  410918 sec) RxStartByte()        Sync errors encountered: 639
(Sep 14 2016 13:57:31,  410920 sec) Rx()                 Pad character [0x1a] found in ascii mode - truncating packet.
(Sep 14 2016 13:57:36,  410925 sec) Rx()                 Received EOT - transfer complete. [1 packets, 1024 bytes, 14 sec, 73.1 bps]
(Sep 14 2016 13:57:36,  410925 sec) RxConfig()           Download successful.
(Sep 14 2016 13:57:49,  410939 sec) WriteVitals()        Writing vitals to "7546.052.msg".
(Sep 14 2016 13:57:58,  410947 sec) UpLoadFile()         Uploading "7546.052.msg" to host as "7546.052.msg".
(Sep 14 2016 13:58:04,  410953 sec) Tx()                 CRC negotiation successful. [16-bit CRC]
(Sep 14 2016 13:58:25,  410974 sec) TxPacket()           NAK received - resending packet. [PktNum=0x03]
(Sep 14 2016 13:58:25,  410974 sec) TxPacket()           Packet xmit history: [11000001] (0:ok, 1:fail).
(Sep 14 2016 13:58:35,  410984 sec) TxPacket()           NAK received - resending packet. [PktNum=0x04]
(Sep 14 2016 13:58:35,  410984 sec) TxPacket()           Packet xmit history: [00000101] (0:ok, 1:fail).
(Sep 14 2016 13:58:46,  410995 sec) TxPacket()           NAK received - resending packet. [PktNum=0x05]
(Sep 14 2016 13:58:46,  410995 sec) TxPacket()           Packet xmit history: [00010101] (0:ok, 1:fail).
(Sep 14 2016 13:58:51,  411000 sec) TxPacket()           NAK received - resending packet. [PktNum=0x05]
(Sep 14 2016 13:58:51,  411000 sec) TxPacket()           Packet xmit history: [00101011] (0:ok, 1:fail).
(Sep 14 2016 13:59:03,  411012 sec) TxPacket()           NAK received - resending packet. [PktNum=0x07]
(Sep 14 2016 13:59:03,  411012 sec) TxPacket()           Packet xmit history: [01011001] (0:ok, 1:fail).
(Sep 14 2016 13:59:18,  411028 sec) TxPacket()           NAK received - resending packet. [PktNum=0x09]
(Sep 14 2016 13:59:19,  411028 sec) TxPacket()           Packet xmit history: [11001001] (0:ok, 1:fail).
(Sep 14 2016 13:59:23,  411032 sec) TxPacket()           NAK received - resending packet. [PktNum=0x09]
(Sep 14 2016 13:59:23,  411032 sec) TxPacket()           Packet xmit history: [10010011] (0:ok, 1:fail).
(Sep 14 2016 13:59:34,  411043 sec) TxPacket()           NAK received - resending packet. [PktNum=0x0a]
(Sep 14 2016 13:59:34,  411043 sec) TxPacket()           Packet xmit history: [01001101] (0:ok, 1:fail).
(Sep 14 2016 14:00:27,  411096 sec) TxPacket()           NAK received - resending packet. [PktNum=0x0b]
(Sep 14 2016 14:00:27,  411096 sec) TxPacket()           Packet xmit history: [00110101] (0:ok, 1:fail).
(Sep 14 2016 14:01:29,  411158 sec) TxPacket()           NAK received - resending packet. [PktNum=0x16]
(Sep 14 2016 14:01:29,  411158 sec) TxPacket()           Packet xmit history: [00000001] (0:ok, 1:fail).
(Sep 14 2016 14:01:42,  411171 sec) TxPacket()           NAK received - resending packet. [PktNum=0x17]
(Sep 14 2016 14:01:42,  411171 sec) TxPacket()           Packet xmit history: [00000101] (0:ok, 1:fail).
(Sep 14 2016 14:01:54,  411183 sec) TxPacket()           NAK received - resending packet. [PktNum=0x18]
(Sep 14 2016 14:01:54,  411183 sec) TxPacket()           Packet xmit history: [00010101] (0:ok, 1:fail).
(Sep 14 2016 14:02:33,  411222 sec) Tx()                 Transmission completed successfully [30 packets, 24546 bytes, 268 sec, 94.6 bps]
(Sep 14 2016 14:02:33,  411222 sec) UpLoadFile()         Upload successful.
(Sep 14 2016 14:02:40,  411229 sec) UpLoadFile()         Uploading "7546.052.log" to host as "7546.052.log".
(Sep 14 2016 14:02:42,  411231 sec) Tx()                 CRC negotiation successful. [16-bit CRC]
(Sep 14 2016 14:02:53,  411242 sec) TxPacket()           NAK received - resending packet. [PktNum=0x02]
(Sep 14 2016 14:02:53,  411242 sec) TxPacket()           Packet xmit history: [00000001] (0:ok, 1:fail).
(Sep 14 2016 14:02:57,  411246 sec) TxPacket()           NAK received - resending packet. [PktNum=0x02]
(Sep 14 2016 14:02:57,  411246 sec) TxPacket()           Packet xmit history: [00000011] (0:ok, 1:fail).
(Sep 14 2016 14:03:51,  411300 sec) TxPacket()           NAK received - resending packet. [PktNum=0x0b]
(Sep 14 2016 14:03:51,  411300 sec) TxPacket()           Packet xmit history: [00000001] (0:ok, 1:fail).
(Sep 14 2016 14:04:38,  411347 sec) TxPacket()           NAK received - resending packet. [PktNum=0x13]
(Sep 14 2016 14:04:38,  411347 sec) TxPacket()           Packet xmit history: [00000001] (0:ok, 1:fail).
(Sep 14 2016 14:05:03,  411372 sec) TxPacket()           NAK received - resending packet. [PktNum=0x16]
(Sep 14 2016 14:05:03,  411372 sec) TxPacket()           Packet xmit history: [00010001] (0:ok, 1:fail).
(Sep 14 2016 14:05:15,  411384 sec) TxPacket()           NAK received - resending packet. [PktNum=0x17]
(Sep 14 2016 14:05:15,  411384 sec) TxPacket()           Packet xmit history: [01000101] (0:ok, 1:fail).
(Sep 14 2016 14:05:23,  411393 sec) TxPacket()           NAK received - resending packet. [PktNum=0x17]
(Sep 14 2016 14:05:24,  411393 sec) TxPacket()           Packet xmit history: [10001011] (0:ok, 1:fail).
(Sep 14 2016 14:05:28,  411397 sec) TxPacket()           NAK received - resending packet. [PktNum=0x17]
(Sep 14 2016 14:05:28,  411397 sec) TxPacket()           Packet xmit history: [00010111] (0:ok, 1:fail).
(Sep 14 2016 14:06:01,  411430 sec) TxPacket()           NAK received - resending packet. [PktNum=0x1d]
(Sep 14 2016 14:06:01,  411430 sec) TxPacket()           Packet xmit history: [10000001] (0:ok, 1:fail).
(Sep 14 2016 14:06:16,  411445 sec) TxPacket()           NAK received - resending packet. [PktNum=0x1f]
(Sep 14 2016 14:06:16,  411445 sec) TxPacket()           Packet xmit history: [00001001] (0:ok, 1:fail).
(Sep 14 2016 14:06:22,  411451 sec) TxPacket()           NAK received - resending packet. [PktNum=0x1f]
(Sep 14 2016 14:06:22,  411451 sec) TxPacket()           Packet xmit history: [00010011] (0:ok, 1:fail).
(Sep 14 2016 14:06:28,  411457 sec) TxPacket()           NAK received - resending packet. [PktNum=0x1f]
(Sep 14 2016 14:06:28,  411457 sec) TxPacket()           Packet xmit history: [00100111] (0:ok, 1:fail).
(Sep 14 2016 14:06:48,  411477 sec) TxPacket()           NAK received - resending packet. [PktNum=0x22]
(Sep 14 2016 14:06:48,  411477 sec) TxPacket()           Packet xmit history: [01110001] (0:ok, 1:fail).
(Sep 14 2016 14:06:55,  411484 sec) TxPacket()           NAK received - resending packet. [PktNum=0x22]
(Sep 14 2016 14:06:55,  411484 sec) TxPacket()           Packet xmit history: [11100011] (0:ok, 1:fail).
(Sep 14 2016 14:07:15,  411504 sec) TxPacket()           NAK received - resending packet. [PktNum=0x24]
(Sep 14 2016 14:07:15,  411504 sec) TxPacket()           Packet xmit history: [00011001] (0:ok, 1:fail).
(Sep 14 2016 14:07:45,  411534 sec) Tx()                 Transmission completed successfully [39 packets, 33867 bytes, 302 sec, 114.4 bps]
(Sep 14 2016 14:07:45,  411534 sec) UpLoadFile()         Upload successful.
(Sep 14 2016 14:07:51,  411540 sec) UpLoad()             Files successfully uploaded: 2
(Sep 14 2016 14:07:52,  411541 sec) UpLoad()             Upload complete.
(Sep 14 2016 14:07:55,  411544 sec) logout()             Log-out successful.
(Sep 14 2016 14:07:57,  411546 sec) Telemetry()          Telemetry cycle complete: PrfId=52 ConnectionAttempts=1  Connections=1
(Sep 14 2016 14:07:57,  411546 sec) TelemetryTerminate() Parsing new mission configuration.
(Sep 14 2016 14:07:58,  411547 sec) configure()          Parsing configurators in "mission.cfg".
(Sep 14 2016 14:08:02,  411551 sec) configure()             TelemetryRetry(15)      [0x7BBC] [TelemetryRetry(15)].
(Sep 14 2016 14:08:03,  411552 sec) configure()          Configuration CRCs and syntax OK.
(Sep 14 2016 14:08:03,  411552 sec) ConfigSupervisor()   Configuration accepted.
(Sep 14 2016 14:08:03,  411552 sec) TelemetryTerminate() Reconditioning the file system.
(Sep 14 2016 14:08:13,       7 sec) DescentInit()        Deep profile 53 initiated at mission-time 411555sec.
(Sep 14 2016 14:08:15,      10 sec) DescentInit()        Surface pressure: -0.2dbars.
(Sep 14 2016 14:08:20,      15 sec) PistonMoveAbsWTO()    183->050 182 181 180 179 178 177 176 175 174 173 172 171 170 169 168 167 166 165 164 163 162 161 160 159 158 157 156 155 154 153 152 151 150 149 148 147 146 145 144 143 142 141 140 139 138 137 136 135 134 133 132 131 130 129 128 127 126 125 124 123 122 121 120 119 118 117 116 115 114 113 112 111 110 109 108 107 106 105 104 103 102 101 100 099 098 097 096 095 094 093 092 091 090 089 088 087 086 085 084 083 082 081 080 079 078 077 076 075 074 073 072 071 070 069 068 067 066 065 064 063 062 061 060 059 058 057 056 055 054 053 052 051 050 [686sec, 14.3Volts, 0.153Amps, CPT:686sec]
(Sep 14 2016 14:19:47,     701 sec) PistonMoveAbsWTO()    050->000 049 048 047 046 045 044 043 042 041 040 039 038 037 036 035 034 033 032 031 030 029 028 027 026 025 024 023 022 021 020 019 018 017 016 015 014 013 012 011 010 009 [211sec, 14.4Volts, 0.141Amps, CPT:897sec]
(Sep 14 2016 14:23:27,     922 sec) Descent()            Pressure: 76.7
(Sep 14 2016 15:08:09,    3604 sec) Descent()            Pressure: 389.7
(Sep 14 2016 16:08:09,    7204 sec) Descent()            Pressure: 863.3
(Sep 14 2016 16:08:10,    7204 sec) PistonMoveAbsWTO()    009->050 010 011 012 013 014 015 016 017 018 019 020 021 022 023 024 025 026 027 028 029 030 031 032 033 034 035 036 037 038 039 040 041 042 043 044 045 046 047 048 049 050 [231sec, 13.8Volts, 0.411Amps, CPT:1128sec]
(Sep 14 2016 17:08:09,   10804 sec) Descent()            Pressure: 881.0
(Sep 14 2016 18:08:09,   14404 sec) Descent()            Pressure: 909.5
(Sep 14 2016 19:08:09,   18004 sec) Descent()            Pressure: 932.5
(Sep 14 2016 19:08:10,   18004 sec) ParkInit()           
(Sep 14 2016 21:08:39,   25233 sec) Park()               ParkPOutOfBand[-3, 942.1 dbars]: retract piston.
(Sep 14 2016 21:08:39,   25234 sec) PistonMoveAbsWTO()    050->049 049 [1sec, 14.3Volts, 0.109Amps, CPT:1129sec]
(Sep 15 2016 00:08:39,   36033 sec) Park()               ParkPOutOfBand[-3, 960.0 dbars]: retract piston.
(Sep 15 2016 00:08:39,   36034 sec) PistonMoveAbsWTO()    049->048 048 [5sec, 14.4Volts, 0.109Amps, CPT:1134sec]
(Sep 15 2016 05:08:39,   54033 sec) Park()               ParkPOutOfBand[3, 1012.6 dbars]: extend piston.
(Sep 15 2016 05:08:39,   54034 sec) PistonMoveAbsWTO()    048->049 049 [2sec, 13.9Volts, 0.463Amps, CPT:1136sec]
(Sep 15 2016 18:08:39,  100833 sec) Park()               ParkPOutOfBand[3, 1016.3 dbars]: extend piston.
(Sep 15 2016 18:08:39,  100834 sec) PistonMoveAbsWTO()    049->050 050 [6sec, 13.7Volts, 0.451Amps, CPT:1142sec]
(Sep 15 2016 22:08:39,  115233 sec) Park()               ParkPOutOfBand[-3, 982.9 dbars]: retract piston.
(Sep 15 2016 22:08:39,  115234 sec) PistonMoveAbsWTO()    050->049 049 [2sec, 14.3Volts, 0.113Amps, CPT:1144sec]
(Sep 18 2016 05:08:40,  313234 sec) Park()               ParkPOutOfBand[3, 1013.2 dbars]: extend piston.
(Sep 18 2016 05:08:40,  313234 sec) PistonMoveAbsWTO()    049->050 050 [3sec, 13.8Volts, 0.459Amps, CPT:1147sec]
(Sep 18 2016 22:08:31,  374425 sec) CtdPower()           [ 1001.51,  6.7935, 34.9502]
(Sep 18 2016 22:08:31,  374425 sec) CtdPower()           CTD Power consumption [184VCnt 9ACnt]: 14.263Volts * 0.036Amps = 0.52Watts.
(Sep 18 2016 22:08:31,  374426 sec) ParkTerminate()      Piston Position:50 Vacuum:80 Vq:196 Aq:4 Vsbe:184 Asbe:9
(Sep 18 2016 22:08:59,  374453 sec) ParkTerminate()      PTS: 1001.5dbars 6.7950C 34.9498PSU
(Sep 18 2016 22:08:59,  374454 sec) GoDeepInit()         Moving piston.
(Sep 18 2016 22:08:59,  374454 sec) PistonMoveAbsWTO()    050->012 049 048 047 046 045 044 043 042 041 040 039 038 037 036 035 034 033 032 031 030 029 028 027 026 025 024 023 022 021 020 019 018 017 016 015 014 013 012 [192sec, 14.3Volts, 0.101Amps, CPT:1339sec]
(Sep 19 2016 03:08:10,  392404 sec) ProfileInit()        PrfId:053  Pressure:1992.0dbar  pTable[1]:1950dbar
(Sep 19 2016 03:09:39,  392493 sec) Sbe41cpStartCP()     Continuous profile started.
(Sep 19 2016 03:09:40,  392494 sec) PistonMoveAbsWTO()    012->034 013 014 015 016 017 [30sec, 13.2Volts, 0.814Amps, CPT:1369sec]
(Sep 19 2016 03:10:21,  392535 sec) PistonMoveAbsWTO()    017->034 018 019 020 021 [30sec, 12.9Volts, 0.830Amps, CPT:1399sec]
(Sep 19 2016 03:11:02,  392576 sec) PistonMoveAbsWTO()    021->034 022 023 024 025 026 [30sec, 12.9Volts, 0.774Amps, CPT:1429sec]
(Sep 19 2016 03:11:43,  392617 sec) PistonMoveAbsWTO()    026->034 027 028 029 030 [30sec, 12.9Volts, 0.794Amps, CPT:1459sec]
(Sep 19 2016 03:12:24,  392658 sec) PistonMoveAbsWTO()    030->034 031 032 033 034 [26sec, 12.8Volts, 0.782Amps, CPT:1485sec]
(Sep 19 2016 03:53:33,  395128 sec) AscentControlAgent() Bouyancy nudge to 44 (v=0.079dbar/sec).
(Sep 19 2016 03:53:34,  395128 sec) PistonMoveAbsWTO()    034->044 035 036 037 038 [30sec, 13.4Volts, 0.753Amps, CPT:1515sec]
(Sep 19 2016 03:54:14,  395168 sec) PistonMoveAbsWTO()    038->044 039 040 041 042 043 [30sec, 13.3Volts, 0.701Amps, CPT:1545sec]
(Sep 19 2016 03:54:54,  395208 sec) PistonMoveAbsWTO()    043->044 044 [5sec, 13.2Volts, 0.705Amps, CPT:1550sec]
(Sep 19 2016 04:45:59,  398274 sec) AscentControlAgent() Bouyancy nudge to 54 (v=0.078dbar/sec).
(Sep 19 2016 04:46:00,  398274 sec) PistonMoveAbsWTO()    044->054 045 046 047 048 [30sec, 13.6Volts, 0.600Amps, CPT:1580sec]
(Sep 19 2016 04:46:40,  398314 sec) PistonMoveAbsWTO()    048->054 049 050 051 052 053 [30sec, 13.4Volts, 0.629Amps, CPT:1610sec]
(Sep 19 2016 04:47:20,  398354 sec) PistonMoveAbsWTO()    053->054 054 [4sec, 13.4Volts, 0.616Amps, CPT:1614sec]
(Sep 19 2016 05:43:29,  401724 sec) AscentControlAgent() Bouyancy nudge to 64 (v=0.074dbar/sec).
(Sep 19 2016 05:43:30,  401724 sec) PistonMoveAbsWTO()    054->064 055 056 057 058 059 [30sec, 13.7Volts, 0.516Amps, CPT:1644sec]
(Sep 19 2016 05:44:10,  401764 sec) PistonMoveAbsWTO()    059->064 060 061 062 063 064 [30sec, 13.6Volts, 0.508Amps, CPT:1674sec]
(Sep 19 2016 06:30:34,  404549 sec) AscentControlAgent() Bouyancy nudge to 74 (v=0.072dbar/sec).
(Sep 19 2016 06:30:35,  404549 sec) PistonMoveAbsWTO()    064->074 065 066 067 068 069 [30sec, 13.8Volts, 0.447Amps, CPT:1704sec]
(Sep 19 2016 06:31:15,  404589 sec) PistonMoveAbsWTO()    069->074 070 071 072 073 074 [29sec, 13.6Volts, 0.431Amps, CPT:1733sec]
(Sep 19 2016 08:23:55,  411350 sec) AscentControlAgent() Bouyancy nudge to 84 (v=0.069dbar/sec).
(Sep 19 2016 08:23:56,  411350 sec) PistonMoveAbsWTO()    074->084 075 076 077 078 079 [30sec, 14.2Volts, 0.214Amps, CPT:1763sec]
(Sep 19 2016 08:24:36,  411390 sec) PistonMoveAbsWTO()    079->084 080 081 082 083 084 [24sec, 14.1Volts, 0.205Amps, CPT:1787sec]
(Sep 19 2016 08:30:06,  411721 sec) AscentControlAgent() Bouyancy nudge to 94 (v=0.073dbar/sec).
(Sep 19 2016 08:30:07,  411721 sec) PistonMoveAbsWTO()    084->094 085 086 087 088 089 [30sec, 14.1Volts, 0.197Amps, CPT:1817sec]
(Sep 19 2016 08:30:47,  411761 sec) PistonMoveAbsWTO()    089->094 090 091 092 093 094 [24sec, 14.1Volts, 0.193Amps, CPT:1841sec]
(Sep 19 2016 08:36:17,  412092 sec) AscentControlAgent() Bouyancy nudge to 104 (v=0.079dbar/sec).
(Sep 19 2016 08:36:18,  412092 sec) PistonMoveAbsWTO()    094->104 095 096 097 098 099 [30sec, 14.1Volts, 0.197Amps, CPT:1871sec]
(Sep 19 2016 08:36:58,  412132 sec) PistonMoveAbsWTO()    099->104 100 101 102 103 104 [25sec, 14.1Volts, 0.189Amps, CPT:1896sec]
(Sep 19 2016 08:42:28,  412463 sec) AscentControlAgent() Bouyancy nudge to 114 (v=0.079dbar/sec).
(Sep 19 2016 08:42:29,  412463 sec) PistonMoveAbsWTO()    104->114 105 106 107 108 109 [30sec, 14.2Volts, 0.185Amps, CPT:1926sec]
(Sep 19 2016 08:43:09,  412503 sec) PistonMoveAbsWTO()    109->114 110 111 112 113 114 [24sec, 14.1Volts, 0.177Amps, CPT:1950sec]
(Sep 19 2016 08:48:38,  412833 sec) AscentControlAgent() Bouyancy nudge to 124 (v=0.046dbar/sec).
(Sep 19 2016 08:48:39,  412833 sec) PistonMoveAbsWTO()    114->124 115 116 117 118 119 [30sec, 14.2Volts, 0.181Amps, CPT:1980sec]
(Sep 19 2016 08:49:19,  412873 sec) PistonMoveAbsWTO()    119->124 120 121 122 123 124 [24sec, 14.2Volts, 0.177Amps, CPT:2004sec]
(Sep 19 2016 08:54:49,  413204 sec) AscentControlAgent() Bouyancy nudge to 134 (v=0.025dbar/sec).
(Sep 19 2016 08:54:50,  413204 sec) PistonMoveAbsWTO()    124->134 125 126 127 128 129 [30sec, 14.2Volts, 0.177Amps, CPT:2034sec]
(Sep 19 2016 08:55:30,  413244 sec) PistonMoveAbsWTO()    129->134 130 131 132 133 134 [24sec, 14.2Volts, 0.177Amps, CPT:2058sec]
(Sep 19 2016 08:59:55,  413510 sec) AscentControlAgent() Bouyancy nudge to 144 (v=0.015dbar/sec).
(Sep 19 2016 08:59:56,  413510 sec) PistonMoveAbsWTO()    134->144 135 136 137 138 139 [30sec, 14.2Volts, 0.173Amps, CPT:2088sec]
(Sep 19 2016 09:00:36,  413550 sec) PistonMoveAbsWTO()    139->144 140 141 142 143 144 [23sec, 14.2Volts, 0.181Amps, CPT:2111sec]
(Sep 19 2016 09:05:00,  413815 sec) AscentControlAgent() Bouyancy nudge to 154 (v=0.008dbar/sec).
(Sep 19 2016 09:05:01,  413815 sec) PistonMoveAbsWTO()    144->154 145 146 147 148 149 [30sec, 14.3Volts, 0.173Amps, CPT:2141sec]
(Sep 19 2016 09:05:41,  413855 sec) PistonMoveAbsWTO()    149->154 150 151 152 153 154 [23sec, 14.2Volts, 0.173Amps, CPT:2164sec]
(Sep 19 2016 09:10:05,  414120 sec) AscentControlAgent() Bouyancy nudge to 164 (v=0.045dbar/sec).
(Sep 19 2016 09:10:06,  414120 sec) PistonMoveAbsWTO()    154->164 155 156 157 158 159 [30sec, 14.3Volts, 0.173Amps, CPT:2194sec]
(Sep 19 2016 09:10:46,  414160 sec) PistonMoveAbsWTO()    159->164 160 161 162 [15sec, 14.3Volts, 0.173Amps, CPT:2209sec]
(Sep 19 2016 09:11:11,  414185 sec) PistonMoveAbsWTO()    162->164 163 164 [9sec, 14.3Volts, 0.169Amps, CPT:2218sec]
(Sep 19 2016 09:13:54,  414348 sec) SurfaceDetect()      SurfacePressure:-0.2dbars Pressure:3.3dbars PistonPosition:164
(Sep 19 2016 09:13:54,  414349 sec) Sbe41cpStopCP()      Continuous profile stopped.
(Sep 19 2016 09:14:01,  414355 sec) PistonMoveAbsWTO()    164->186 165 166 167 168 169 170 171 172 173 174 175 176 177 178 179 180 181 182 183 184 185 186 [116sec, 14.3Volts, 0.153Amps, CPT:2334sec]
(Sep 19 2016 09:16:06,  414480 sec) sbe41cp.c:chat()     Expected string [S>] not received.
(Sep 19 2016 09:20:56,  414770 sec) Sbe41cpBinAverage()  Finished averaging 21886 samples in 286 seconds.
(Sep 19 2016 09:21:01,  414775 sec) Sbe41cpUploadCP()    Sbe41cpSerNo[7258] NSample[21886] NBin[997]
(Sep 19 2016 09:22:48,  414883 sec) Sbe41cpUploadCP()    Continuous profile uploaded [997 lines].

<EOT>
