(Jul 04 2016 06:18:52,  415148 sec) TelemetryInit()      Profile 37. (Apf9i FwRev: 012811)
(Jul 04 2016 06:25:34,  415550 sec) AirSystem()          Battery [189cnt, 14.7V]  Current [72cnt, 29.0mA]  Barometer [126cnt, 6.5"Hg]  Run-Time [42s]
(Jul 04 2016 06:26:34,  415610 sec) GpsServices()        GPS almanac is current.
(Jul 04 2016 06:26:34,  415610 sec) GpsServices()        Initiating GPS fix acquisition.
(Jul 04 2016 06:26:50,  415626 sec) gga()                $GPGGA,062620,1330.0650,N,08619.6806,E,0,00,,,M,,M,,*51
(Jul 04 2016 06:27:07,  415643 sec) gga()                $GPGGA,062640,1330.0650,N,08619.6806,E,0,00,,,M,,M,,*57
(Jul 04 2016 06:27:17,  415653 sec) gga()                $GPGGA,062650,1330.0650,N,08619.6806,E,0,00,,,M,,M,,*56
(Jul 04 2016 06:27:27,  415663 sec) gga()                $GPGGA,062700,1330.0650,N,08619.6806,E,0,00,,,M,,M,,*52
(Jul 04 2016 06:27:37,  415673 sec) gga()                $GPGGA,062710,1330.0650,N,08619.6806,E,0,00,,,M,,M,,*53
(Jul 04 2016 06:27:47,  415683 sec) gga()                $GPGGA,062720,1330.0650,N,08619.6806,E,0,00,,,M,,M,,*50
(Jul 04 2016 06:28:15,  415712 sec) gga()                $GPGGA,062730,1341.2341,N,08633.0301,E,1,07,1.0,-11.7,M,-75.8,M,,*76
(Jul 04 2016 06:28:16,  415712 sec) GpsServices()        Profile 37 GPS fix obtained in 102 seconds.
(Jul 04 2016 06:28:16,  415712 sec) GpsServices()                  lon     lat mm/dd/yyyy hhmmss nsat
(Jul 04 2016 06:28:16,  415712 sec) GpsServices()        Fix:   86.551  13.687 07/04/2016 062730    7
(Jul 04 2016 06:28:46,  415742 sec) gga()                $GPGGA,062800,1341.2379,N,08633.0326,E,1,08,0.9,-10.7,M,-75.8,M,,*72
(Jul 04 2016 06:28:51,  415747 sec) gga()                $GPGGA,062830,1341.2422,N,08633.0351,E,1,09,0.8,-10.5,M,-75.8,M,,*7A
(Jul 04 2016 06:28:51,  415748 sec) GpsServices()        APF9 RTC skew (21s) OK.
(Jul 04 2016 06:28:52,  415748 sec) LogNmeaSentences()   66,41,11,15,040,38,13,19,286,40,17,52,309,47*71
(Jul 04 2016 06:28:52,  415748 sec) LogNmeaSentences()   $GPGSV,3,3,12,19,40,269,44,22,04,083,29,28,38,002,45,30,82,129,47*7D
(Jul 04 2016 06:29:01,  415757 sec) LogNmeaSentences()   $GPRMC,062840,A,1341.2435,N,08633.0359,E,001.5,068.3,040716,001.3,W*65
(Jul 04 2016 06:29:01,  415758 sec) LogNmeaSentences()   $GPGGA,062840,1341.2435,N,08633.0359,E,1,09,0.8,-9.9,M,-75.8,M,,*47
(Jul 04 2016 06:29:02,  415758 sec) LogNmeaSentences()   $GPGSA,A,3,01,,06,07,09,,13,17,19,,28,30,1.1,0.8,0.8*3E
(Jul 04 2016 06:29:02,  415758 sec) LogNmeaSentences()   $GPGSV,3,1,12,01,27,045,44,03,11,106,42,06,34,198,44,07,51,145,47*7E
(Jul 04 2016 06:29:03,  415759 sec) LogNmeaSentences()   $GPGSV,3,2,12,09,06,166,39,11,14,040,42,13,19,286,44,17,52,309,49*78
(Jul 04 2016 06:29:03,  415759 sec) LogNmeaSentences()   $GPGSV,3,3,12,19,40,269,46,22,04,083,31,28,38,002,47,30,82,129,50*72
(Jul 04 2016 06:29:11,  415767 sec) LogNmeaSentences()   $GPRMC,062850,A,1341.2445,N,08633.0372,E,000.8,310.1,040716,001.3,W*68
(Jul 04 2016 06:29:11,  415768 sec) LogNmeaSentences()   $GPGGA,062850,1341.2445,N,08633.0372,E,1,09,0.8,-9.5,M,-75.8,M,,*44
(Jul 04 2016 06:29:12,  415768 sec) LogNmeaSentences()   $GPGSA,A,3,01,,06,07,09,,13,17,19,,28,30,1.1,0.8,0.8*3E
(Jul 04 2016 06:29:12,  415768 sec) LogNmeaSentences()   $GPGSV,3,1,12,01,27,045,41,03,11,106,38,06,34,198,43,07,51,145,48*7E
(Jul 04 2016 06:29:13,  415769 sec) LogNmeaSentences()   $GPGSV,3,2,12,09,06,166,35,11,14,040,42,13,19,286,42,17,52,310,47*74
(Jul 04 2016 06:29:13,  415769 sec) LogNmeaSentences()   $GPGSV,3,3,12,19,40,269,44,22,04,083,37,28,38,002,44,30,82,129,48*7C
(Jul 04 2016 06:29:21,  415777 sec) LogNmeaSentences()   $GPRMC,062900,A,1341.2454,N,08633.0389,E,001.4,315.2,040716,001.3,W*63
(Jul 04 2016 06:29:22,  415778 sec) LogNmeaSentences()   $GPGGA,062900,1341.2454,N,08633.0389,E,1,09,0.8,-9.0,M,-75.8,M,,*41
(Jul 04 2016 06:29:22,  415778 sec) LogNmeaSentences()   $GPGSA,A,3,01,,06,07,09,,13,17,19,,28,30,1.1,0.8,0.8*3E
(Jul 04 2016 06:29:22,  415779 sec) LogNmeaSentences()   $GPGSV,3,1,12,01,27,045,44,03,11,106,41,06,34,198,45,07,51,145,48*73
(Jul 04 2016 06:29:23,  415779 sec) LogNmeaSentences()   $GPGSV,3,2,12,09,06,166,38,11,14,040,43,13,19,286,41,17,52,310,48*74
(Jul 04 2016 06:29:23,  415779 sec) LogNmeaSentences()   $GPGSV,3,3,12,19,40,269,45,22,04,083,40,28,38,002,47,30,82,131,50*7E
(Jul 04 2016 06:29:23,  415780 sec) LogNmeaSentences()   $PGRMT,GPS 15x-L software ver. 3.90,,,,,,,,*7D
(Jul 04 2016 06:29:24,  415780 sec) GpsServices()        GPS services complete.
(Jul 04 2016 06:29:48,  415804 sec) CLogin()             Connecting to primary host.
(Jul 04 2016 06:30:08,  415824 sec) CLogin()             Connection 1 established in 20 seconds.
(Jul 04 2016 06:30:17,  415833 sec) login()              Login successful.
(Jul 04 2016 06:30:20,  415836 sec) CLogin()             Logged in to host.  [Login required 12 seconds]
(Jul 04 2016 06:30:31,  415847 sec) RxConfig()           Downloading "mission.cfg" from host.
(Jul 04 2016 06:30:33,  415849 sec) Rx()                 Initiating transfer. [0x43]
(Jul 04 2016 06:30:38,  415854 sec) RxStartByte()        Sync errors encountered: 268
(Jul 04 2016 06:30:44,  415860 sec) Rx()                 Truncated packet received - retrying.
(Jul 04 2016 06:30:45,  415862 sec) RxStartByte()        Sync errors encountered: 59
(Jul 04 2016 06:30:51,  415867 sec) Rx()                 Pad character [0x1a] found in ascii mode - truncating packet.
(Jul 04 2016 06:30:58,  415874 sec) Rx()                 Received EOT - transfer complete. [1 packets, 1024 bytes, 25 sec, 41.0 bps]
(Jul 04 2016 06:30:58,  415874 sec) RxConfig()           Download successful.
(Jul 04 2016 06:31:12,  415888 sec) WriteVitals()        Writing vitals to "7546.037.msg".
(Jul 04 2016 06:31:21,  415898 sec) UpLoadFile()         Uploading "7546.037.log" to host as "7546.037.log".
(Jul 04 2016 06:31:28,  415904 sec) Tx()                 CRC negotiation successful. [16-bit CRC]
(Jul 04 2016 06:31:35,  415911 sec) TxPacket()           NAK received - resending packet. [PktNum=0x01]
(Jul 04 2016 06:31:35,  415911 sec) TxPacket()           Packet xmit history: [01110001] (0:ok, 1:fail).
(Jul 04 2016 06:31:39,  415915 sec) TxPacket()           NAK received - resending packet. [PktNum=0x01]
(Jul 04 2016 06:31:39,  415915 sec) TxPacket()           Packet xmit history: [11100011] (0:ok, 1:fail).
(Jul 04 2016 06:31:47,  415923 sec) TxPacket()           NAK received - resending packet. [PktNum=0x01]
(Jul 04 2016 06:31:47,  415923 sec) TxPacket()           Packet xmit history: [11000111] (0:ok, 1:fail).
(Jul 04 2016 06:32:17,  415953 sec) TxPacket()           NAK received - resending packet. [PktNum=0x05]
(Jul 04 2016 06:32:17,  415953 sec) TxPacket()           Packet xmit history: [11100001] (0:ok, 1:fail).
(Jul 04 2016 06:32:34,  415970 sec) TxPacket()           NAK received - resending packet. [PktNum=0x07]
(Jul 04 2016 06:32:34,  415970 sec) TxPacket()           Packet xmit history: [00001001] (0:ok, 1:fail).
(Jul 04 2016 06:32:38,  415974 sec) TxPacket()           NAK received - resending packet. [PktNum=0x07]
(Jul 04 2016 06:32:38,  415974 sec) TxPacket()           Packet xmit history: [00010011] (0:ok, 1:fail).
(Jul 04 2016 06:33:25,  416021 sec) TxPacket()           NAK received - resending packet. [PktNum=0x0d]
(Jul 04 2016 06:33:25,  416021 sec) TxPacket()           Packet xmit history: [10000001] (0:ok, 1:fail).
(Jul 04 2016 06:33:33,  416029 sec) TxPacket()           NAK received - resending packet. [PktNum=0x0d]
(Jul 04 2016 06:33:33,  416029 sec) TxPacket()           Packet xmit history: [00000011] (0:ok, 1:fail).
(Jul 04 2016 06:33:59,  416056 sec) TxPacket()           NAK received - resending packet. [PktNum=0x10]
(Jul 04 2016 06:34:00,  416056 sec) TxPacket()           Packet xmit history: [00110001] (0:ok, 1:fail).
(Jul 04 2016 06:34:39,  416095 sec) TxPacket()           NAK received - resending packet. [PktNum=0x16]
(Jul 04 2016 06:34:39,  416095 sec) TxPacket()           Packet xmit history: [10000001] (0:ok, 1:fail).
(Jul 04 2016 06:34:46,  416102 sec) TxPacket()           NAK received - resending packet. [PktNum=0x16]
(Jul 04 2016 06:34:46,  416102 sec) TxPacket()           Packet xmit history: [00000011] (0:ok, 1:fail).
(Jul 04 2016 06:34:52,  416108 sec) TxPacket()           NAK received - resending packet. [PktNum=0x16]
(Jul 04 2016 06:34:52,  416108 sec) TxPacket()           Packet xmit history: [00000111] (0:ok, 1:fail).
(Jul 04 2016 06:36:09,  416185 sec) TxPacket()           NAK received - resending packet. [PktNum=0x22]
(Jul 04 2016 06:36:09,  416185 sec) TxPacket()           Packet xmit history: [00000001] (0:ok, 1:fail).
(Jul 04 2016 06:36:20,  416196 sec) TxPacket()           NAK received - resending packet. [PktNum=0x22]
(Jul 04 2016 06:36:20,  416196 sec) TxPacket()           Packet xmit history: [00000011] (0:ok, 1:fail).
(Jul 04 2016 06:36:59,  416236 sec) TxPacket()           NAK received - resending packet. [PktNum=0x27]
(Jul 04 2016 06:37:00,  416236 sec) TxPacket()           Packet xmit history: [11000001] (0:ok, 1:fail).
(Jul 04 2016 06:37:07,  416243 sec) TxPacket()           NAK received - resending packet. [PktNum=0x27]
(Jul 04 2016 06:37:07,  416243 sec) TxPacket()           Packet xmit history: [10000011] (0:ok, 1:fail).
(Jul 04 2016 06:37:25,  416261 sec) TxPacket()           NAK received - resending packet. [PktNum=0x27]
(Jul 04 2016 06:37:25,  416261 sec) TxPacket()           Packet xmit history: [00000111] (0:ok, 1:fail).
(Jul 04 2016 06:37:51,  416287 sec) Tx()                 Transmission completed successfully [41 packets, 40738 bytes, 382 sec, 107.6 bps]
(Jul 04 2016 06:37:51,  416287 sec) UpLoadFile()         Upload successful.
(Jul 04 2016 06:37:57,  416293 sec) UpLoadFile()         Uploading "7546.037.msg" to host as "7546.037.msg".
(Jul 04 2016 06:37:59,  416295 sec) Tx()                 CRC negotiation successful. [16-bit CRC]
(Jul 04 2016 06:38:07,  416303 sec) TxPacket()           NAK received - resending packet. [PktNum=0x01]
(Jul 04 2016 06:38:07,  416303 sec) TxPacket()           Packet xmit history: [01110001] (0:ok, 1:fail).
(Jul 04 2016 06:38:14,  416310 sec) TxPacket()           NAK received - resending packet. [PktNum=0x01]
(Jul 04 2016 06:38:14,  416310 sec) TxPacket()           Packet xmit history: [11100011] (0:ok, 1:fail).
(Jul 04 2016 06:38:23,  416320 sec) TxPacket()           NAK received - resending packet. [PktNum=0x01]
(Jul 04 2016 06:38:24,  416320 sec) TxPacket()           Packet xmit history: [11000111] (0:ok, 1:fail).
(Jul 04 2016 06:38:55,  416351 sec) TxPacket()           NAK received - resending packet. [PktNum=0x06]
(Jul 04 2016 06:38:55,  416351 sec) TxPacket()           Packet xmit history: [11000001] (0:ok, 1:fail).
(Jul 04 2016 06:39:04,  416360 sec) TxPacket()           NAK received - resending packet. [PktNum=0x06]
(Jul 04 2016 06:39:04,  416360 sec) TxPacket()           Packet xmit history: [10000011] (0:ok, 1:fail).
(Jul 04 2016 06:39:18,  416374 sec) TxPacket()           NAK received - resending packet. [PktNum=0x06]
(Jul 04 2016 06:39:18,  416374 sec) TxPacket()           Packet xmit history: [00000111] (0:ok, 1:fail).
(Jul 04 2016 06:39:33,  416389 sec) TxPacket()           NAK received - resending packet. [PktNum=0x07]
(Jul 04 2016 06:39:33,  416389 sec) TxPacket()           Packet xmit history: [00011101] (0:ok, 1:fail).
(Jul 04 2016 06:41:06,  416482 sec) TxPacket()           NAK received - resending packet. [PktNum=0x0f]
(Jul 04 2016 06:41:06,  416482 sec) TxPacket()           Packet xmit history: [00000001] (0:ok, 1:fail).
(Jul 04 2016 06:41:35,  416511 sec) TxPacket()           No carrier detected.
(Jul 04 2016 06:41:35,  416511 sec) TxPacket()           Exit status: -5
(Jul 04 2016 06:41:35,  416511 sec) Tx()                 Packet transmission failed - aborting transfer.
(Jul 04 2016 06:41:46,  416522 sec) UpLoadFile()         Upload failed.
(Jul 04 2016 06:41:52,  416528 sec) CLogin()             Connecting to primary host.
(Jul 04 2016 06:41:58,  416534 sec) chat()               Expected string [OK] not received.
(Jul 04 2016 06:41:58,  416534 sec) modem_restore_factor Modem command [AT&F0] failed.
(Jul 04 2016 06:41:58,  416534 sec) modem_initialize()   Unable to restore modem's factory defaults.
(Jul 04 2016 06:41:58,  416534 sec) modem_connect()      Modem configuration failed.
(Jul 04 2016 06:42:59,  416595 sec) chat()               Expected string [CONNECT] not received.
(Jul 04 2016 06:42:59,  416595 sec) modem_connect()      Modem command [AT+CBST=71,0,1;DT0088160000573] failed.
(Jul 04 2016 06:42:59,  416595 sec) connect()            Aborted after 2 failed attempts.
(Jul 04 2016 06:42:59,  416595 sec) CLogin()             Attempt to connect to primary host failed after 2 tries.  Connecting to alternate host.
(Jul 04 2016 06:44:00,  416656 sec) chat()               Expected string [CONNECT] not received.
(Jul 04 2016 06:44:00,  416656 sec) modem_connect()      Modem command [AT+CBST=7.0,1;DT0013016366303] failed.
(Jul 04 2016 06:45:00,  416716 sec) chat()               Expected string [CONNECT] not received.
(Jul 04 2016 06:45:00,  416716 sec) modem_connect()      Modem command [AT+CBST=7.0,1;DT0013016366303] failed.
(Jul 04 2016 06:45:00,  416716 sec) connect()            Aborted after 2 failed attempts.
(Jul 04 2016 06:45:00,  416716 sec) CLogin()             Attempt to connect to primary and alternate hosts failed - aborting.
(Jul 04 2016 06:45:00,  416717 sec) UpLoad()             Files successfully uploaded: 1
(Jul 04 2016 06:45:00,  416717 sec) UpLoad()             Aborting upload: Retry limit [2] exceeded. Upload incomplete.
(Jul 04 2016 06:45:01,  416717 sec) logout()             No carrier detected.
(Jul 04 2016 06:45:01,  416717 sec) Telemetry()          Telemetry cycle complete: PrfId=37 ConnectionAttempts=1  Connections=1
(Jul 04 2016 07:00:15,  417631 sec) AirSystem()          Air-bladder inflation by-passed. Barometer: [126cnt, 6.5"Hg].
(Jul 04 2016 07:00:44,  417660 sec) GpsServices()        GPS almanac is current.
(Jul 04 2016 07:00:44,  417660 sec) GpsServices()        Initiating GPS fix acquisition.
(Jul 04 2016 07:01:15,  417692 sec) gga()                $GPGGA,070030,1341.5074,N,08633.2595,E,1,07,1.0,-13.7,M,-75.8,M,,*7B
(Jul 04 2016 07:01:16,  417692 sec) GpsServices()        Profile 37 GPS fix obtained in 31 seconds.
(Jul 04 2016 07:01:16,  417692 sec) GpsServices()                  lon     lat mm/dd/yyyy hhmmss nsat
(Jul 04 2016 07:01:16,  417692 sec) GpsServices()        Fix:   86.554  13.692 07/04/2016 070030    7
(Jul 04 2016 07:01:45,  417722 sec) gga()                $GPGGA,070100,1341.5098,N,08633.2656,E,1,08,0.9,-11.4,M,-75.8,M,,*71
(Jul 04 2016 07:01:51,  417727 sec) gga()                $GPGGA,070130,1341.5143,N,08633.2699,E,1,08,0.9,-11.3,M,-75.8,M,,*71
(Jul 04 2016 07:01:51,  417728 sec) GpsServices()        APF9 RTC skew (21s) OK.
(Jul 04 2016 07:01:52,  417728 sec) LogNmeaSentences()   ,43,13,19,270,39,17,47,332,46,19,43,291,44*7B
(Jul 04 2016 07:01:52,  417728 sec) LogNmeaSentences()   $GPGSV,3,3,12,22,04,070,29,28,43,019,46,30,66,160,40,11,02,040,00*73
(Jul 04 2016 07:02:01,  417737 sec) LogNmeaSentences()   $GPRMC,070140,A,1341.5164,N,08633.2726,E,001.8,170.9,040716,001.3,W*68
(Jul 04 2016 07:02:02,  417738 sec) LogNmeaSentences()   $GPGGA,070140,1341.5164,N,08633.2726,E,1,08,0.9,-15.5,M,-75.8,M,,*74
(Jul 04 2016 07:02:02,  417738 sec) LogNmeaSentences()   $GPGSA,A,3,01,,,06,07,13,17,19,,28,30,,1.2,0.9,0.9*34
(Jul 04 2016 07:02:02,  417738 sec) LogNmeaSentences()   $GPGSV,3,1,12,01,15,038,44,02,10,213,32,03,14,091,44,06,50,202,45*78
(Jul 04 2016 07:02:03,  417739 sec) LogNmeaSentences()   $GPGSV,3,2,12,07,36,154,45,13,19,270,40,17,47,332,47,19,43,291,45*73
(Jul 04 2016 07:02:03,  417739 sec) LogNmeaSentences()   $GPGSV,3,3,12,22,04,070,30,28,43,019,48,30,66,160,47,11,02,040,00*72
(Jul 04 2016 07:02:11,  417747 sec) LogNmeaSentences()   $GPRMC,070150,A,1341.5174,N,08633.2741,E,001.3,105.9,040716,001.3,W*60
(Jul 04 2016 07:02:12,  417748 sec) LogNmeaSentences()   $GPGGA,070150,1341.5174,N,08633.2741,E,1,08,0.9,-14.2,M,-75.8,M,,*73
(Jul 04 2016 07:02:12,  417748 sec) LogNmeaSentences()   $GPGSA,A,3,01,,,06,07,13,17,19,,28,30,,1.2,0.9,0.9*34
(Jul 04 2016 07:02:12,  417748 sec) LogNmeaSentences()   $GPGSV,3,1,12,01,15,038,41,02,10,213,38,03,14,091,42,06,50,202,45*71
(Jul 04 2016 07:02:13,  417749 sec) LogNmeaSentences()   $GPGSV,3,2,12,07,36,154,44,13,19,270,44,17,47,332,48,19,43,291,48*74
(Jul 04 2016 07:02:13,  417749 sec) LogNmeaSentences()   $GPGSV,3,3,12,22,04,070,36,28,43,019,47,30,66,160,48,11,02,040,00*74
(Jul 04 2016 07:02:21,  417757 sec) LogNmeaSentences()   $GPRMC,070200,A,1341.5178,N,08633.2753,E,001.8,020.9,040716,001.3,W*64
(Jul 04 2016 07:02:22,  417758 sec) LogNmeaSentences()   $GPGGA,070200,1341.5178,N,08633.2753,E,1,08,0.9,-13.4,M,-75.8,M,,*7B
(Jul 04 2016 07:02:22,  417758 sec) LogNmeaSentences()   $GPGSA,A,3,01,,,06,07,13,17,19,,28,30,,1.2,0.9,0.9*34
(Jul 04 2016 07:02:22,  417758 sec) LogNmeaSentences()   $GPGSV,3,1,12,01,15,038,42,02,10,213,39,03,14,091,41,06,50,202,46*73
(Jul 04 2016 07:02:23,  417759 sec) LogNmeaSentences()   $GPGSV,3,2,12,07,36,154,43,13,19,270,43,17,47,333,47,19,43,291,46*74
(Jul 04 2016 07:02:23,  417759 sec) LogNmeaSentences()   $GPGSV,3,3,12,22,04,070,35,28,43,019,46,30,66,160,47,11,02,040,00*79
(Jul 04 2016 07:02:23,  417760 sec) LogNmeaSentences()   $PGRMT,GPS 15x-L software ver. 3.90,,,,,,,,*7D
(Jul 04 2016 07:02:24,  417760 sec) GpsServices()        GPS services complete.
(Jul 04 2016 07:02:48,  417784 sec) CLogin()             Connecting to primary host.
(Jul 04 2016 07:03:06,  417802 sec) CLogin()             Connection 2 established in 18 seconds.
(Jul 04 2016 07:03:29,  417826 sec) login()              Login successful.
(Jul 04 2016 07:03:34,  417830 sec) chat()               Expected string [cmd>] not received.
(Jul 04 2016 07:03:34,  417830 sec) login()              Attempt to set the command prompt failed.
(Jul 04 2016 07:03:39,  417835 sec) chat()               Expected string [cmd>] not received.
(Jul 04 2016 07:03:39,  417835 sec) login()              Attempt to set the command prompt failed.
(Jul 04 2016 07:03:42,  417839 sec) CLogin()             Logged in to host.  [Login required 36 seconds]
(Jul 04 2016 07:04:10,  417866 sec) RxConfig()           Downloading "mission.cfg" from host.
(Jul 04 2016 07:04:12,  417869 sec) Rx()                 Initiating transfer. [0x43]
(Jul 04 2016 07:04:23,  417879 sec) Rx()                 Re-initiating transfer. [0x43]
(Jul 04 2016 07:04:34,  417890 sec) Rx()                 Re-initiating transfer. [0x43]
(Jul 04 2016 07:04:45,  417901 sec) Rx()                 Truncated packet received - retrying.
(Jul 04 2016 07:04:48,  417905 sec) RxStartByte()        Sync errors encountered: 959
(Jul 04 2016 07:04:52,  417908 sec) Rx()                 Truncated packet received - retrying.
(Jul 04 2016 07:04:58,  417914 sec) RxStartByte()        Sync errors encountered: 254
(Jul 04 2016 07:04:59,  417915 sec) Rx()                 Pad character [0x1a] found in ascii mode - truncating packet.
(Jul 04 2016 07:05:03,  417919 sec) Rx()                 Truncated packet received - retrying.
(Jul 04 2016 07:05:05,  417921 sec) RxStartByte()        Sync errors encountered: 36
(Jul 04 2016 07:05:09,  417925 sec) Rx()                 Truncated packet received - retrying.
(Jul 04 2016 07:05:14,  417930 sec) RxStartByte()        Sync errors encountered: 562
(Jul 04 2016 07:05:17,  417933 sec) Rx()                 False EOT packet detected - ignoring.
(Jul 04 2016 07:05:30,  417946 sec) RxStartByte()        Sync errors encountered: 4
(Jul 04 2016 07:05:30,  417946 sec) Rx()                 Packet timeout - retrying.
(Jul 04 2016 07:05:41,  417957 sec) Rx()                 Packet timeout - retrying.
(Jul 04 2016 07:05:52,  417968 sec) Rx()                 Packet timeout - retrying.
(Jul 04 2016 07:06:03,  417979 sec) Rx()                 Packet timeout - retrying.
(Jul 04 2016 07:06:14,  417990 sec) Rx()                 Packet timeout - retrying.
(Jul 04 2016 07:06:25,  418001 sec) Rx()                 Packet timeout - retrying.
(Jul 04 2016 07:06:36,  418012 sec) Rx()                 Packet timeout - retrying.
(Jul 04 2016 07:06:36,  418012 sec) Rx()                 Attempt to read packet 2 failed.  Transfer aborted.
(Jul 04 2016 07:06:46,  418023 sec) RxConfig()           Download failed.
(Jul 04 2016 07:06:57,  418033 sec) RxConfig()           Downloading "mission.cfg" from host.
(Jul 04 2016 07:06:59,  418036 sec) Rx()                 Initiating transfer. [0x43]
(Jul 04 2016 07:07:17,  418053 sec) RxStartByte()        Sync errors encountered: 1
(Jul 04 2016 07:07:17,  418053 sec) Rx()                 Re-initiating transfer. [0x43]
(Jul 04 2016 07:07:34,  418070 sec) RxStartByte()        Sync errors encountered: 1
(Jul 04 2016 07:07:34,  418070 sec) Rx()                 Re-initiating transfer. [0x43]
(Jul 04 2016 07:07:45,  418081 sec) Rx()                 Re-initiating transfer. [0x43]
(Jul 04 2016 07:08:05,  418101 sec) RxStartByte()        Sync errors encountered: 2
(Jul 04 2016 07:08:05,  418101 sec) Rx()                 Switching from 16-bit CRC to checksum.
(Jul 04 2016 07:08:05,  418101 sec) Rx()                 Re-initiating transfer. [0x15]
(Jul 04 2016 07:08:18,  418114 sec) RxStartByte()        Sync errors encountered: 12
(Jul 04 2016 07:08:18,  418114 sec) Rx()                 Switching from 16-bit CRC to checksum.
(Jul 04 2016 07:08:18,  418114 sec) Rx()                 Re-initiating transfer. [0x15]
(Jul 04 2016 07:08:29,  418125 sec) Rx()                 Switching from 16-bit CRC to checksum.
(Jul 04 2016 07:08:29,  418125 sec) Rx()                 Re-initiating transfer. [0x15]
(Jul 04 2016 07:08:40,  418136 sec) Rx()                 Switching from 16-bit CRC to checksum.
(Jul 04 2016 07:08:40,  418136 sec) Rx()                 Re-initiating transfer. [0x15]
(Jul 04 2016 07:08:51,  418147 sec) Rx()                 Switching from 16-bit CRC to checksum.
(Jul 04 2016 07:08:51,  418147 sec) Rx()                 Re-initiating transfer. [0x15]
(Jul 04 2016 07:09:02,  418158 sec) Rx()                 Switching from 16-bit CRC to checksum.
(Jul 04 2016 07:09:02,  418158 sec) Rx()                 Re-initiating transfer. [0x15]
(Jul 04 2016 07:09:13,  418169 sec) Rx()                 Switching from 16-bit CRC to checksum.
(Jul 04 2016 07:09:13,  418169 sec) Rx()                 Re-initiating transfer. [0x15]
(Jul 04 2016 07:09:13,  418169 sec) Rx()                 Attempt to read packet 1 failed.  Transfer aborted.
(Jul 04 2016 07:09:23,  418180 sec) RxConfig()           Download failed.
(Jul 04 2016 07:09:24,  418180 sec) DownLoadMissionCfg() Keeping previous version of "mission.cfg".
(Jul 04 2016 07:09:37,  418193 sec) RxConfig()           Downloading "mission.cfg" from host.
(Jul 04 2016 07:09:39,  418195 sec) Rx()                 Initiating transfer. [0x15]
(Jul 04 2016 07:09:50,  418206 sec) Rx()                 Re-initiating transfer. [0x15]
(Jul 04 2016 07:10:01,  418217 sec) Rx()                 Re-initiating transfer. [0x15]
(Jul 04 2016 07:10:12,  418228 sec) Rx()                 Re-initiating transfer. [0x15]
(Jul 04 2016 07:10:23,  418239 sec) Rx()                 Switching from 16-bit CRC to checksum.
(Jul 04 2016 07:10:23,  418239 sec) Rx()                 Re-initiating transfer. [0x15]
(Jul 04 2016 07:10:34,  418250 sec) Rx()                 Switching from 16-bit CRC to checksum.
(Jul 04 2016 07:10:34,  418250 sec) Rx()                 Re-initiating transfer. [0x15]
(Jul 04 2016 07:10:45,  418261 sec) Rx()                 Switching from 16-bit CRC to checksum.
(Jul 04 2016 07:10:45,  418261 sec) Rx()                 Re-initiating transfer. [0x15]
(Jul 04 2016 07:10:56,  418272 sec) Rx()                 Switching from 16-bit CRC to checksum.
(Jul 04 2016 07:10:56,  418272 sec) Rx()                 Re-initiating transfer. [0x15]
(Jul 04 2016 07:11:07,  418283 sec) Rx()                 Switching from 16-bit CRC to checksum.
(Jul 04 2016 07:11:07,  418283 sec) Rx()                 Re-initiating transfer. [0x15]
(Jul 04 2016 07:11:18,  418294 sec) Rx()                 Switching from 16-bit CRC to checksum.
(Jul 04 2016 07:11:18,  418294 sec) Rx()                 Re-initiating transfer. [0x15]
(Jul 04 2016 07:11:29,  418305 sec) Rx()                 Switching from 16-bit CRC to checksum.
(Jul 04 2016 07:11:29,  418305 sec) Rx()                 Re-initiating transfer. [0x15]
(Jul 04 2016 07:11:29,  418305 sec) Rx()                 Attempt to read packet 1 failed.  Transfer aborted.
(Jul 04 2016 07:11:39,  418316 sec) RxConfig()           Download failed.
(Jul 04 2016 07:11:53,  418329 sec) RxConfig()           Downloading "mission.cfg" from host.
(Jul 04 2016 07:11:55,  418331 sec) Rx()                 Initiating transfer. [0x15]
(Jul 04 2016 07:12:06,  418342 sec) Rx()                 Re-initiating transfer. [0x15]
(Jul 04 2016 07:12:17,  418353 sec) Rx()                 Re-initiating transfer. [0x15]
(Jul 04 2016 07:12:28,  418364 sec) Rx()                 Re-initiating transfer. [0x15]
(Jul 04 2016 07:12:39,  418375 sec) Rx()                 Switching from 16-bit CRC to checksum.
(Jul 04 2016 07:12:39,  418375 sec) Rx()                 Re-initiating transfer. [0x15]
(Jul 04 2016 07:12:50,  418386 sec) Rx()                 Switching from 16-bit CRC to checksum.
(Jul 04 2016 07:12:50,  418386 sec) Rx()                 Re-initiating transfer. [0x15]
(Jul 04 2016 07:13:01,  418397 sec) Rx()                 Switching from 16-bit CRC to checksum.
(Jul 04 2016 07:13:01,  418397 sec) Rx()                 Re-initiating transfer. [0x15]
(Jul 04 2016 07:13:12,  418408 sec) Rx()                 Switching from 16-bit CRC to checksum.
(Jul 04 2016 07:13:12,  418408 sec) Rx()                 Re-initiating transfer. [0x15]
(Jul 04 2016 07:13:23,  418419 sec) Rx()                 Switching from 16-bit CRC to checksum.
(Jul 04 2016 07:13:23,  418419 sec) Rx()                 Re-initiating transfer. [0x15]
(Jul 04 2016 07:13:34,  418430 sec) Rx()                 Switching from 16-bit CRC to checksum.
(Jul 04 2016 07:13:34,  418430 sec) Rx()                 Re-initiating transfer. [0x15]
(Jul 04 2016 07:13:45,  418441 sec) Rx()                 Switching from 16-bit CRC to checksum.
(Jul 04 2016 07:13:45,  418441 sec) Rx()                 Re-initiating transfer. [0x15]
(Jul 04 2016 07:13:45,  418441 sec) Rx()                 Attempt to read packet 1 failed.  Transfer aborted.
(Jul 04 2016 07:13:55,  418452 sec) RxConfig()           Download failed.
(Jul 04 2016 07:13:56,  418452 sec) DownLoadMissionCfg() Keeping previous version of "mission.cfg".
(Jul 04 2016 07:13:56,  418452 sec) WriteVitals()        Writing vitals to "7546.037.msg".
(Jul 04 2016 07:14:07,  418463 sec) UpLoadFile()         Uploading "7546.037.msg" to host as "7546.037.msg".
(Jul 04 2016 07:15:07,  418523 sec) Tx()                 CRC negotiation failed - aborting transfer.
(Jul 04 2016 07:15:17,  418534 sec) UpLoadFile()         Upload failed.
(Jul 04 2016 07:15:29,  418546 sec) UpLoadFile()         Uploading "7546.037.msg" to host as "7546.037.msg".
(Jul 04 2016 07:16:30,  418606 sec) Tx()                 CRC negotiation failed - aborting transfer.
(Jul 04 2016 07:16:40,  418617 sec) UpLoadFile()         Upload failed.
(Jul 04 2016 07:16:40,  418617 sec) UpLoad()             Files successfully uploaded: 0
(Jul 04 2016 07:16:40,  418617 sec) UpLoad()             Aborting upload: Retry limit [2] exceeded. Upload incomplete.
(Jul 04 2016 07:16:46,  418622 sec) chat()               Expected string [cmd>] not received.
(Jul 04 2016 07:16:46,  418622 sec) logout()             Can't get command prompt.
(Jul 04 2016 07:16:51,  418627 sec) chat()               Expected string [logout] not received.
(Jul 04 2016 07:16:51,  418627 sec) logout()             Attempt to log-out failed.
(Jul 04 2016 07:16:56,  418632 sec) chat()               Expected string [cmd>] not received.
(Jul 04 2016 07:16:56,  418632 sec) logout()             Can't get command prompt.
(Jul 04 2016 07:17:01,  418637 sec) chat()               Expected string [logout] not received.
(Jul 04 2016 07:17:01,  418637 sec) logout()             Attempt to log-out failed.
(Jul 04 2016 07:17:01,  418637 sec) logout()             No carrier detected.
(Jul 04 2016 07:17:01,  418637 sec) Telemetry()          Telemetry cycle complete: PrfId=37 ConnectionAttempts=2  Connections=2
(Jul 04 2016 07:32:15,  419551 sec) AirSystem()          Air-bladder inflation by-passed. Barometer: [125cnt, 6.2"Hg].
(Jul 04 2016 07:32:44,  419580 sec) GpsServices()        GPS almanac is current.
(Jul 04 2016 07:32:44,  419580 sec) GpsServices()        Initiating GPS fix acquisition.
(Jul 04 2016 07:33:15,  419612 sec) gga()                $GPGGA,073230,1341.7747,N,08633.5569,E,1,07,0.9,-15.0,M,-75.8,M,,*72
(Jul 04 2016 07:33:15,  419612 sec) GpsServices()        Profile 37 GPS fix obtained in 31 seconds.
(Jul 04 2016 07:33:16,  419612 sec) GpsServices()                  lon     lat mm/dd/yyyy hhmmss nsat
(Jul 04 2016 07:33:16,  419612 sec) GpsServices()        Fix:   86.559  13.696 07/04/2016 073230    7
(Jul 04 2016 07:33:45,  419642 sec) gga()                $GPGGA,073300,1341.7794,N,08633.5603,E,1,07,0.9,-17.9,M,-75.8,M,,*7A
(Jul 04 2016 07:33:51,  419647 sec) gga()                $GPGGA,073330,1341.7832,N,08633.5648,E,1,07,0.9,-16.1,M,-75.8,M,,*7C
(Jul 04 2016 07:33:51,  419648 sec) GpsServices()        APF9 RTC skew (21s) OK.
(Jul 04 2016 07:33:52,  419648 sec) LogNmeaSentences()   0,13,16,255,20,17,42,351,22,19,42,312,21*71
(Jul 04 2016 07:33:52,  419648 sec) LogNmeaSentences()   $GPGSV,3,3,11,22,01,057,19,28,48,038,22,30,50,165,21*48
(Jul 04 2016 07:34:01,  419657 sec) LogNmeaSentences()   $GPRMC,073340,A,1341.7860,N,08633.5672,E,001.1,122.0,040716,001.3,W*66
(Jul 04 2016 07:34:01,  419658 sec) LogNmeaSentences()   $GPGGA,073340,1341.7860,N,08633.5672,E,1,07,0.9,-14.7,M,-75.8,M,,*71
(Jul 04 2016 07:34:02,  419658 sec) LogNmeaSentences()   $GPGSA,A,3,,,,06,07,13,17,19,,28,30,,1.3,0.9,0.9*34
(Jul 04 2016 07:34:02,  419658 sec) LogNmeaSentences()   $GPGSV,3,1,11,01,03,036,37,02,23,218,43,03,14,076,43,06,65,213,47*71
(Jul 04 2016 07:34:03,  419659 sec) LogNmeaSentences()   $GPGSV,3,2,11,07,22,157,41,13,16,255,38,17,42,351,48,19,42,312,46*72
(Jul 04 2016 07:34:03,  419659 sec) LogNmeaSentences()   $GPGSV,3,3,11,22,01,057,30,28,48,038,48,30,50,165,44*4C
(Jul 04 2016 07:34:11,  419667 sec) LogNmeaSentences()   $GPRMC,073350,A,1341.7872,N,08633.5685,E,001.5,069.2,040716,001.3,W*64
(Jul 04 2016 07:34:12,  419668 sec) LogNmeaSentences()   $GPGGA,073350,1341.7872,N,08633.5685,E,1,07,0.9,-14.9,M,-75.8,M,,*75
(Jul 04 2016 07:34:12,  419668 sec) LogNmeaSentences()   $GPGSA,A,3,,,,06,07,13,17,19,,28,30,,2.0,0.9,1.8*34
(Jul 04 2016 07:34:12,  419668 sec) LogNmeaSentences()   $GPGSV,3,1,11,01,03,036,34,02,23,218,42,03,14,076,41,06,66,213,46*73
(Jul 04 2016 07:34:13,  419669 sec) LogNmeaSentences()   $GPGSV,3,2,11,07,22,157,39,13,16,255,43,17,42,351,46,19,42,312,44*7D
(Jul 04 2016 07:34:13,  419669 sec) LogNmeaSentences()   $GPGSV,3,3,11,22,01,057,32,28,48,038,48,30,50,165,47*4D
(Jul 04 2016 07:34:21,  419677 sec) LogNmeaSentences()   $GPRMC,073400,A,1341.7902,N,08633.5694,E,003.5,005.9,040716,001.3,W*63
(Jul 04 2016 07:34:21,  419678 sec) LogNmeaSentences()   $GPGGA,073400,1341.7902,N,08633.5694,E,1,07,0.9,-15.0,M,-75.8,M,,*79
(Jul 04 2016 07:34:22,  419678 sec) LogNmeaSentences()   $GPGSA,A,3,,,,06,07,13,17,19,,28,30,,1.3,0.9,0.9*34
(Jul 04 2016 07:34:22,  419678 sec) LogNmeaSentences()   $GPGSV,3,1,11,01,03,036,31,02,23,218,43,03,14,076,39,06,66,213,47*79
(Jul 04 2016 07:34:23,  419679 sec) LogNmeaSentences()   $GPGSV,3,2,11,07,22,157,43,13,16,255,40,17,42,351,46,19,42,313,44*72
(Jul 04 2016 07:34:23,  419679 sec) LogNmeaSentences()   $GPGSV,3,3,11,22,01,057,32,28,48,038,48,30,50,165,47*4D
(Jul 04 2016 07:34:23,  419679 sec) LogNmeaSentences()   $PGRMT,GPS 15x-L software ver. 3.90,,,,,,,,*7D
(Jul 04 2016 07:34:23,  419680 sec) GpsServices()        GPS services complete.
(Jul 04 2016 07:34:48,  419704 sec) CLogin()             Connecting to primary host.
(Jul 04 2016 07:35:01,  419717 sec) CLogin()             Connection 3 established in 13 seconds.
(Jul 04 2016 07:35:15,  419731 sec) login()              Login successful.
(Jul 04 2016 07:35:20,  419736 sec) chat()               Expected string [cmd>] not received.
(Jul 04 2016 07:35:20,  419736 sec) login()              Attempt to set the command prompt failed.
(Jul 04 2016 07:35:22,  419739 sec) CLogin()             Logged in to host.  [Login required 21 seconds]
(Jul 04 2016 07:35:30,  419747 sec) RxConfig()           Downloading "mission.cfg" from host.
(Jul 04 2016 07:35:33,  419749 sec) Rx()                 Initiating transfer. [0x43]
(Jul 04 2016 07:35:38,  419754 sec) RxStartByte()        Sync errors encountered: 585
(Jul 04 2016 07:35:41,  419757 sec) Rx()                 Truncated packet received - retrying.
(Jul 04 2016 07:35:45,  419761 sec) RxStartByte()        Sync errors encountered: 845
(Jul 04 2016 07:35:48,  419765 sec) Rx()                 Pad character [0x1a] found in ascii mode - truncating packet.
(Jul 04 2016 07:35:53,  419769 sec) Rx()                 Received EOT - transfer complete. [1 packets, 1024 bytes, 20 sec, 51.2 bps]
(Jul 04 2016 07:35:53,  419769 sec) RxConfig()           Download successful.
(Jul 04 2016 07:36:06,  419783 sec) WriteVitals()        Writing vitals to "7546.037.msg".
(Jul 04 2016 07:36:20,  419796 sec) UpLoadFile()         Uploading "7546.037.msg" to host as "7546.037.msg".
(Jul 04 2016 07:36:22,  419798 sec) Tx()                 CRC negotiation successful. [16-bit CRC]
(Jul 04 2016 07:36:25,  419801 sec) TxPacket()           Invalid response [0x64] - resending packet. [PktNum=0x01]
(Jul 04 2016 07:36:25,  419801 sec) TxPacket()           Packet xmit history: [01110001] (0:ok, 1:fail).
(Jul 04 2016 07:36:37,  419813 sec) TxPacket()           NAK received - resending packet. [PktNum=0x03]
(Jul 04 2016 07:36:37,  419813 sec) TxPacket()           Packet xmit history: [10001001] (0:ok, 1:fail).
(Jul 04 2016 07:36:42,  419818 sec) TxPacket()           NAK received - resending packet. [PktNum=0x03]
(Jul 04 2016 07:36:42,  419818 sec) TxPacket()           Packet xmit history: [00010011] (0:ok, 1:fail).
(Jul 04 2016 07:36:48,  419824 sec) TxPacket()           NAK received - resending packet. [PktNum=0x03]
(Jul 04 2016 07:36:48,  419824 sec) TxPacket()           Packet xmit history: [00100111] (0:ok, 1:fail).
(Jul 04 2016 07:36:58,  419835 sec) TxPacket()           NAK received - resending packet. [PktNum=0x03]
(Jul 04 2016 07:36:59,  419835 sec) TxPacket()           Packet xmit history: [01001111] (0:ok, 1:fail).
(Jul 04 2016 07:37:04,  419840 sec) TxPacket()           Packet xmit history: [10011110] (0:ok, 1:fail).
(Jul 04 2016 07:37:10,  419846 sec) TxPacket()           Invalid response [0x63] - resending packet. [PktNum=0x03]
(Jul 04 2016 07:37:10,  419847 sec) TxPacket()           Packet xmit history: [00111101] (0:ok, 1:fail).
(Jul 04 2016 07:37:13,  419849 sec) TxPacket()           Invalid response [0x6d] - resending packet. [PktNum=0x03]
(Jul 04 2016 07:37:13,  419849 sec) TxPacket()           Packet xmit history: [01111011] (0:ok, 1:fail).
(Jul 04 2016 07:37:15,  419851 sec) TxPacket()           Invalid response [0x5e] - resending packet. [PktNum=0x03]
(Jul 04 2016 07:37:15,  419851 sec) TxPacket()           Packet xmit history: [11110111] (0:ok, 1:fail).
(Jul 04 2016 07:37:15,  419852 sec) TxPacket()           Invalid response [0x43] - resending packet. [PktNum=0x03]
(Jul 04 2016 07:37:16,  419852 sec) TxPacket()           Packet xmit history: [11101111] (0:ok, 1:fail).
(Jul 04 2016 07:37:23,  419859 sec) TxPacket()           Invalid response [0x63] - resending packet. [PktNum=0x03]
(Jul 04 2016 07:37:23,  419860 sec) TxPacket()           Packet xmit history: [11011111] (0:ok, 1:fail).
(Jul 04 2016 07:37:23,  419860 sec) TxPacket()           Exit status: -5
(Jul 04 2016 07:37:24,  419860 sec) Tx()                 Packet transmission failed - aborting transfer.
(Jul 04 2016 07:37:34,  419871 sec) UpLoadFile()         Upload failed.
(Jul 04 2016 07:37:58,  419894 sec) UpLoadFile()         Uploading "7546.037.msg" to host as "7546.037.msg".
(Jul 04 2016 07:38:58,  419954 sec) Tx()                 CRC negotiation failed - aborting transfer.
(Jul 04 2016 07:39:08,  419965 sec) UpLoadFile()         Upload failed.
(Jul 04 2016 07:39:08,  419965 sec) UpLoad()             Files successfully uploaded: 0
(Jul 04 2016 07:39:08,  419965 sec) UpLoad()             Aborting upload: Retry limit [2] exceeded. Upload incomplete.
(Jul 04 2016 07:39:12,  419969 sec) logout()             Log-out successful.
(Jul 04 2016 07:39:14,  419970 sec) Telemetry()          Telemetry cycle complete: PrfId=37 ConnectionAttempts=3  Connections=3
(Jul 04 2016 07:54:28,  420884 sec) AirSystem()          Air-bladder inflation by-passed. Barometer: [126cnt, 6.5"Hg].
(Jul 04 2016 07:55:22,  420938 sec) GpsServices()        GPS almanac is current.
(Jul 04 2016 07:55:22,  420938 sec) GpsServices()        Initiating GPS fix acquisition.
(Jul 04 2016 07:55:55,  420972 sec) gga()                $GPGGA,075510,1341.9658,N,08633.7833,E,1,07,0.9,-14.5,M,-75.8,M,,*74
(Jul 04 2016 07:55:56,  420972 sec) GpsServices()        Profile 37 GPS fix obtained in 34 seconds.
(Jul 04 2016 07:55:56,  420972 sec) GpsServices()                  lon     lat mm/dd/yyyy hhmmss nsat
(Jul 04 2016 07:55:56,  420972 sec) GpsServices()        Fix:   86.563  13.699 07/04/2016 075510    7
(Jul 04 2016 07:56:25,  421002 sec) gga()                $GPGGA,075540,1341.9693,N,08633.7892,E,1,07,1.0,-15.4,M,-75.8,M,,*75
(Jul 04 2016 07:56:31,  421007 sec) gga()                $GPGGA,075610,1341.9724,N,08633.7954,E,1,07,0.9,-15.9,M,-75.8,M,,*70
(Jul 04 2016 07:56:31,  421008 sec) GpsServices()        APF9 RTC skew (21s) OK.
(Jul 04 2016 07:56:32,  421008 sec) LogNmeaSentences()   17,38,002,45,19,41,327,45,24,07,319,36*74
(Jul 04 2016 07:56:32,  421008 sec) LogNmeaSentences()   $GPGSV,3,3,10,28,51,054,46,30,39,166,45*7C
(Jul 04 2016 07:56:41,  421017 sec) LogNmeaSentences()   $GPRMC,075620,A,1341.9741,N,08633.7979,E,000.0,135.4,040716,001.3,W*65
(Jul 04 2016 07:56:41,  421018 sec) LogNmeaSentences()   $GPGGA,075620,1341.9741,N,08633.7979,E,1,07,0.9,-15.3,M,-75.8,M,,*75
(Jul 04 2016 07:56:42,  421018 sec) LogNmeaSentences()   $GPGSA,A,3,,,06,07,13,17,19,,28,30,,,1.3,0.9,0.9*34
(Jul 04 2016 07:56:42,  421018 sec) LogNmeaSentences()   $GPGSV,3,1,10,02,32,223,46,03,13,066,41,06,75,234,48,07,12,157,43*71
(Jul 04 2016 07:56:43,  421019 sec) LogNmeaSentences()   $GPGSV,3,2,10,13,13,245,43,17,38,002,46,19,41,327,45,24,07,319,39*7A
(Jul 04 2016 07:56:43,  421019 sec) LogNmeaSentences()   $GPGSV,3,3,10,28,51,054

(Jul 04 2016 07:56:43) LogSize()            Log file is 38913 bytes.  Limit is 40960 bytes.

,48,30,39,166,46*71
(Jul 04 2016 07:56:51,  421027 sec) LogNmeaSentences()   $GPRMC,075630,A,1341.9758,N,08633.7996,E,002.3,044.7,040716,001.3,W*68
(Jul 04 2016 07:56:51,  421028 sec) LogNmeaSentences()   $GPGGA,075630,1341.9758,N,08633.7996,E,1,08,0.9,-14.8,M,-75.8,M,,*78
(Jul 04 2016 07:56:52,  421028 sec) LogNmeaSentences()   $GPGSA,A,3,02,,06,07,13,17,19,,28,30,,,1.2,0.9,0.9*37
(Jul 04 2016 07:56:52,  421028 sec) LogNmeaSentences()   $GPGSV,3,1,10,02,32,223,46,03,13,066,42,06,75,235,49,07,12,157,44*75
(Jul 04 2016 07:56:52,  421029 sec) LogNmeaSentences()   $GPGSV,3,2,10,13,13,245,42,17,38,002,46,19,41,327,46,24,07,319,38*79
(Jul 04 2016 07:56:53,  421029 sec) LogNmeaSentences()   $GPGSV,3,3,10,28,51,054,48,30,39,166,46*71
(Jul 04 2016 07:57:01,  421037 sec) LogNmeaSentences()   $GPRMC,075640,A,1341.9769,N,08633.8008,E,001.4,066.4,040716,001.3,W*6B
(Jul 04 2016 07:57:01,  421038 sec) LogNmeaSentences()   $GPGGA,075640,1341.9769,N,08633.8008,E,1,08,0.9,-16.3,M,-75.8,M,,*75
(Jul 04 2016 07:57:02,  421038 sec) LogNmeaSentences()   $GPGSA,A,3,02,,06,07,13,17,19,,28,30,,,1.2,0.9,0.9*37
(Jul 04 2016 07:57:02,  421038 sec) LogNmeaSentences()   $GPGSV,3,1,10,02,32,223,45,03,13,066,42,06,75,235,49,07,12,157,42*70
(Jul 04 2016 07:57:02,  421039 sec) LogNmeaSentences()   $GPGSV,3,2,10,13,13,245,40,17,38,002,47,19,41,327,45,24,07,319,38*79
(Jul 04 2016 07:57:03,  421039 sec) LogNmeaSentences()   $GPGSV,3,3,10,28,51,054,48,30,39,166,46*71
(Jul 04 2016 07:57:11,  421047 sec) LogNmeaSentences()   $GPRMC,075650,A,1341.9774,N,08633.8032,E,001.4,070.1,040716,001.3,W*6D
(Jul 04 2016 07:57:11,  421048 sec) LogNmeaSentences()   $GPGGA,075650,1341.9774,N,08633.8032,E,1,08,0.9,-16.2,M,-
<EOT>
