(Dec 10 2022 23:47:35,  849454 sec) TelemetryInit()      Profile 265. (Apf9i FwRev: 012811)
(Dec 10 2022 23:55:08,  849908 sec) AirSystem()          Battery [143cnt, 11.1V]  Current [67cnt, 27.0mA]  Barometer [125cnt, 6.2"Hg]  Run-Time [64s]
(Dec 10 2022 23:55:37,  849936 sec) GpsServices()        Replacing aged (98 days) almanac.
(Dec 10 2022 23:55:37,  849936 sec) UpLoadGpsAlmanac()   Pausing for 15 minutes to upload GPS almanac.
(Dec 11 2022 00:10:37,  850837 sec) UpLoadGpsAlmanac()   Pause complete.
(Dec 11 2022 00:10:37,  850837 sec) GpsServices()        New almanac acquired.
(Dec 11 2022 00:10:38,  850837 sec) GpsServices()        Initiating GPS fix acquisition.
(Dec 11 2022 00:11:08,  850868 sec) gga()                $GPGGA,001020,0211.8361,N,05106.1963,E,1,09,0.8,-2.8,M,-51.8,M,,*47
(Dec 11 2022 00:11:09,  850868 sec) GpsServices()        Profile 265 GPS fix obtained in 31 seconds.
(Dec 11 2022 00:11:09,  850868 sec) GpsServices()                  lon     lat mm/dd/yyyy hhmmss nsat
(Dec 11 2022 00:11:09,  850869 sec) GpsServices()        Fix:   51.103   2.197 12/11/2022 001020    9
(Dec 11 2022 00:11:39,  850898 sec) gga()                $GPGGA,001050,0211.8345,N,05106.1962,E,1,09,0.8,-1.9,M,-51.8,M,,*45
(Dec 11 2022 00:11:44,  850904 sec) gga()                $GPGGA,001120,0211.8326,N,05106.1961,E,1,09,0.8,-0.0,M,-51.8,M,,*4D
(Dec 11 2022 00:11:44,  850904 sec) GpsServices()        APF9 RTC skew (24s) OK.
(Dec 11 2022 00:11:45,  850904 sec) LogNmeaSentences()   6,24,25,02,146,26,26,33,237,44,27,25,329,42*74
(Dec 11 2022 00:11:45,  850904 sec) LogNmeaSentences()   $GPGSV,3,3,12,29,31,137,42,31,18,193,42,32,78,167,50,03,35,284,00*76
(Dec 11 2022 00:11:54,  850914 sec) LogNmeaSentences()   $GPRMC,001130,A,0211.8322,N,05106.1962,E,001.2,030.6,111222,001.6,W*62
(Dec 11 2022 00:11:54,  850914 sec) LogNmeaSentences()   $GPGGA,001130,0211.8322,N,05106.1962,E,1,09,0.8,-0.1,M,-51.8,M,,*4A
(Dec 11 2022 00:11:55,  850914 sec) LogNmeaSentences()   $GPGSA,A,3,02,10,18,22,,,26,27,29,31,32,,1.2,0.8,0.9*33
(Dec 11 2022 00:11:55,  850915 sec) LogNmeaSentences()   $GPGSV,3,1,12,02,15,090,42,10,37,342,47,18,27,052,43,22,47,198,44*7D
(Dec 11 2022 00:11:56,  850915 sec) LogNmeaSentences()   $GPGSV,3,2,12,24,02,075,28,25,02,146,26,26,33,237,38,27,26,329,41*70
(Dec 11 2022 00:11:56,  850915 sec) LogNmeaSentences()   $GPGSV,3,3,12,29,31,137,42,31,18,193,41,32,78,167,49,03,35,285,00*7C
(Dec 11 2022 00:12:04,  850924 sec) LogNmeaSentences()   $GPRMC,001140,A,0211.8315,N,05106.1959,E,001.2,199.9,111222,001.6,W*64
(Dec 11 2022 00:12:04,  850924 sec) LogNmeaSentences()   $GPGGA,001140,0211.8315,N,05106.1959,E,1,09,0.8,0.8,M,-51.8,M,,*65
(Dec 11 2022 00:12:05,  850924 sec) LogNmeaSentences()   $GPGSA,A,3,02,10,18,22,,,26,27,29,31,32,,1.2,0.8,0.9*33
(Dec 11 2022 00:12:05,  850925 sec) LogNmeaSentences()   $GPGSV,3,1,12,02,15,090,41,10,37,342,44,18,27,052,41,22,47,198,46*7D
(Dec 11 2022 00:12:06,  850925 sec) LogNmeaSentences()   $GPGSV,3,2,12,24,02,075,27,25,02,146,33,26,33,237,42,27,26,329,42*75
(Dec 11 2022 00:12:06,  850925 sec) LogNmeaSentences()   $GPGSV,3,3,12,29,31,137,45,31,18,193,41,32,78,167,49,03,35,285,00*7B
(Dec 11 2022 00:12:14,  850934 sec) LogNmeaSentences()   $GPRMC,001150,A,0211.8310,N,05106.1959,E,000.5,283.8,111222,001.6,W*6F
(Dec 11 2022 00:12:14,  850934 sec) LogNmeaSentences()   $GPGGA,001150,0211.8310,N,05106.1959,E,1,09,0.8,-0.1,M,-51.8,M,,*45
(Dec 11 2022 00:12:15,  850934 sec) LogNmeaSentences()   $GPGSA,A,3,02,10,18,22,,,26,27,29,31,32,,1.2,0.8,0.9*33
(Dec 11 2022 00:12:15,  850935 sec) LogNmeaSentences()   $GPGSV,3,1,12,02,15,090,42,10,37,343,46,18,27,052,42,22,47,198,43*7B
(Dec 11 2022 00:12:16,  850935 sec) LogNmeaSentences()   $GPGSV,3,2,12,24,02,075,30,25,02,146,25,26,33,237,44,27,26,329,41*71
(Dec 11 2022 00:12:16,  850935 sec) LogNmeaSentences()   $GPGSV,3,3,12,29,31,137,44,31,18,193,41,32,78,167,50,03,35,285,00*72
(Dec 11 2022 00:12:24,  850944 sec) LogNmeaSentences()   $GPRMC,001200,A,0211.8303,N,05106.1961,E,000.5,160.4,111222,001.6,W*62
(Dec 11 2022 00:12:25,  850944 sec) LogNmeaSentences()   $GPGGA,001200,0211.8303,N,05106.1961,E,1,09,0.8,-0.2,M,-51.8,M,,*49
(Dec 11 2022 00:12:25,  850945 sec) LogNmeaSentences()   $GPGSA,A,3,02,10,18,22,,,26,27,29,31,32,,1.2,0.8,0.9*33
(Dec 11 2022 00:12:25,  850945 sec) LogNmeaSentences()   $GPGSV,3,1,12,02,15,090,43,10,37,343,43,18,27,052,43,22,47,198,44*79
(Dec 11 2022 00:12:26,  850945 sec) LogNmeaSentences()   $GPGSV,3,2,12,24,02,075,33,25,02,146,32,26,33,237,43,27,26,329,41*73
(Dec 11 2022 00:12:26,  850946 sec) LogNmeaSentences()   $GPGSV,3,3,12,29,31,137,44,31,18,193,41,32,78,167,49,03,35,285,00*7A
(Dec 11 2022 00:12:26,  850946 sec) LogNmeaSentences()   $PGRMT,GPS 15x-L software ver. 3.90,,,,,,,,*7D
(Dec 11 2022 00:12:27,  850946 sec) GpsServices()        GPS services complete.
(Dec 11 2022 00:12:51,  850971 sec) CLogin()             Connecting to primary host.
(Dec 11 2022 00:13:18,  850998 sec) CLogin()             Connection 1 established in 27 seconds.
(Dec 11 2022 00:13:50,  851029 sec) expect()             Attempt to read prompt string [Last login:] failed.
(Dec 11 2022 00:13:50,  851029 sec) login()              Login failed.
(Dec 11 2022 00:14:20,  851059 sec) expect()             Attempt to read prompt string [login:] failed.
(Dec 11 2022 00:14:20,  851059 sec) login()              Login prompt not received.
(Dec 11 2022 00:14:50,  851089 sec) expect()             Attempt to read prompt string [login:] failed.
(Dec 11 2022 00:14:50,  851089 sec) login()              Login prompt not received.
(Dec 11 2022 00:14:50,  851089 sec) CLogin()             Attempt to login to host failed.
(Dec 11 2022 00:14:50,  851089 sec) DownLoadMissionCfg() Connect/login failed.  Mission configuration not downloaded from remote host.
(Dec 11 2022 00:14:55,  851095 sec) CLogin()             Connecting to primary host.
(Dec 11 2022 00:15:06,  851105 sec) CLogin()             Connection 2 established in 11 seconds.
(Dec 11 2022 00:15:37,  851136 sec) expect()             Attempt to read prompt string [Last login:] failed.
(Dec 11 2022 00:15:37,  851136 sec) login()              Login failed.
(Dec 11 2022 00:16:07,  851166 sec) expect()             Attempt to read prompt string [login:] failed.
(Dec 11 2022 00:16:07,  851166 sec) login()              Login prompt not received.
(Dec 11 2022 00:16:37,  851196 sec) expect()             Attempt to read prompt string [Password:] failed.
(Dec 11 2022 00:16:37,  851196 sec) login()              Password prompt not received.
(Dec 11 2022 00:16:37,  851196 sec) CLogin()             Attempt to login to host failed.
(Dec 11 2022 00:16:37,  851196 sec) DownLoadMissionCfg() Connect/login failed.  Mission configuration not downloaded from remote host.
(Dec 11 2022 00:16:37,  851197 sec) DownLoadMissionCfg() Aborting download: Retry limit [2] exceeded.
(Dec 11 2022 00:16:37,  851197 sec) WriteVitals()        Writing vitals to "7521.265.msg".
(Dec 11 2022 00:16:40,  851199 sec) CLogin()             Connecting to primary host.
(Dec 11 2022 00:16:50,  851210 sec) CLogin()             Connection 3 established in 10 seconds.
(Dec 11 2022 00:17:22,  851241 sec) expect()             Attempt to read prompt string [Last login:] failed.
(Dec 11 2022 00:17:22,  851241 sec) login()              Login failed.
(Dec 11 2022 00:17:52,  851271 sec) expect()             Attempt to read prompt string [login:] failed.
(Dec 11 2022 00:17:52,  851271 sec) login()              Login prompt not received.
(Dec 11 2022 00:18:22,  851301 sec) expect()             Attempt to read prompt string [login:] failed.
(Dec 11 2022 00:18:22,  851301 sec) login()              Login prompt not received.
(Dec 11 2022 00:18:22,  851301 sec) CLogin()             Attempt to login to host failed.
(Dec 11 2022 00:18:22,  851302 sec) CLogin()             Connecting to primary host.
(Dec 11 2022 00:18:30,  851309 sec) CLogin()             Connection 4 established in 8 seconds.
(Dec 11 2022 00:19:00,  851339 sec) expect()             Attempt to read prompt string [login:] failed.
(Dec 11 2022 00:19:00,  851339 sec) login()              Login prompt not received.
(Dec 11 2022 00:19:00,  851339 sec) login()              No carrier detected.
(Dec 11 2022 00:19:00,  851339 sec) CLogin()             Attempt to login to host failed.
(Dec 11 2022 00:19:00,  851340 sec) UpLoad()             Files successfully uploaded: 0
(Dec 11 2022 00:19:00,  851340 sec) UpLoad()             Aborting upload: Retry limit [2] exceeded. Upload incomplete.
(Dec 11 2022 00:19:00,  851340 sec) logout()             No carrier detected.
(Dec 11 2022 00:19:00,  851340 sec) Telemetry()          Telemetry cycle complete: PrfId=265 ConnectionAttempts=4  Connections=4
(Dec 11 2022 00:34:15,  852254 sec) AirSystem()          Air-bladder inflation by-passed. Barometer: [125cnt, 6.2"Hg].
(Dec 11 2022 00:34:43,  852282 sec) GpsServices()        GPS almanac is current.
(Dec 11 2022 00:34:43,  852282 sec) GpsServices()        Initiating GPS fix acquisition.
(Dec 11 2022 00:35:18,  852318 sec) gga()                $GPGGA,003430,0211.7847,N,05106.2102,E,1,09,0.9,-13.5,M,-51.8,M,,*70
(Dec 11 2022 00:35:19,  852318 sec) GpsServices()        Profile 265 GPS fix obtained in 36 seconds.
(Dec 11 2022 00:35:19,  852318 sec) GpsServices()                  lon     lat mm/dd/yyyy hhmmss nsat
(Dec 11 2022 00:35:19,  852318 sec) GpsServices()        Fix:   51.104   2.196 12/11/2022 003430    9
(Dec 11 2022 00:35:48,  852348 sec) gga()                $GPGGA,003500,0211.7836,N,05106.2112,E,1,09,0.9,0.7,M,-51.8,M,,*68
(Dec 11 2022 00:35:54,  852354 sec) gga()                $GPGGA,003530,0211.7828,N,05106.2125,E,1,09,0.9,1.2,M,-51.8,M,,*64
(Dec 11 2022 00:35:54,  852354 sec) GpsServices()        APF9 RTC skew (24s) OK.
(Dec 11 2022 00:35:55,  852354 sec) LogNmeaSentences()   24,40,27,36,325,43,29,22,143,38,31,22,184,36*73
(Dec 11 2022 00:35:55,  852354 sec) LogNmeaSentences()   $GPGSV,3,3,12,32,86,073,49,03,34,299,00,14,54,200,00,20,19,023,00*77
(Dec 11 2022 00:36:04,  852364 sec) LogNmeaSentences()   $GPRMC,003540,A,0211.7827,N,05106.2124,E,000.7,333.7,111222,001.6,W*6E
(Dec 11 2022 00:36:04,  852364 sec) LogNmeaSentences()   $GPGGA,003540,0211.7827,N,05106.2124,E,1,09,0.9,1.7,M,-51.8,M,,*68
(Dec 11 2022 00:36:05,  852364 sec) LogNmeaSentences()   $GPGSA,A,3,02,10,18,22,26,27,29,31,32,,,,1.2,0.9,0.9*32
(Dec 11 2022 00:36:05,  852365 sec) LogNmeaSentences()   $GPGSV,3,1,12,02,13,101,39,10,31,353,43,18,28,064,42,22,58,201,44*7A
(Dec 11 2022 00:36:06,  852365 sec) LogNmeaSentences()   $GPGSV,3,2,12,26,30,224,41,27,36,325,41,29,22,143,42,31,22,184,42*7E
(Dec 11 2022 00:36:06,  852365 sec) LogNmeaSentences()   $GPGSV,3,3,12,32,86,073,50,03,34,299,00,14,55,200,00,20,19,023,00*7E
(Dec 11 2022 00:36:14,  852374 sec) LogNmeaSentences()   $GPRMC,003550,A,0211.7824,N,05106.2128,E,000.5,014.3,111222,001.6,W*60
(Dec 11 2022 00:36:14,  852374 sec) LogNmeaSentences()   $GPGGA,003550,0211.7824,N,05106.2128,E,1,09,0.9,1.4,M,-51.8,M,,*65
(Dec 11 2022 00:36:15,  852374 sec) LogNmeaSentences()   $GPGSA,A,3,02,10,18,22,26,27,29,31,32,,,,1.2,0.9,0.9*32
(Dec 11 2022 00:36:15,  852375 sec) LogNmeaSentences()   $GPGSV,3,1,12,02,13,101,42,10,31,353,44,18,28,065,44,22,58,201,46*74
(Dec 11 2022 00:36:16,  852375 sec) LogNmeaSentences()   $GPGSV,3,2,12,26,30,224,43,27,36,325,41,29,22,143,42,31,22,184,40*7E
(Dec 11 2022 00:36:16,  852375 sec) LogNmeaSentences()   $GPGSV,3,3,12,32,86,073,49,03,34,299,00,14,55,200,00,20,19,023,00*76
(Dec 11 2022 00:36:24,  852384 sec) LogNmeaSentences()   $GPRMC,003600,A,0211.7822,N,05106.2132,E,000.0,178.3,111222,001.6,W*65
(Dec 11 2022 00:36:24,  852384 sec) LogNmeaSentences()   $GPGGA,003600,0211.7822,N,05106.2132,E,1,09,0.9,2.5,M,-51.8,M,,*6C
(Dec 11 2022 00:36:25,  852384 sec) LogNmeaSentences()   $GPGSA,A,3,02,10,18,22,26,27,29,31,32,,,,1.2,0.9,0.9*32
(Dec 11 2022 00:36:25,  852385 sec) LogNmeaSentences()   $GPGSV,3,1,12,02,13,101,41,10,31,353,39,18,28,065,38,22,59,201,46*77
(Dec 11 2022 00:36:26,  852385 sec) LogNmeaSentences()   $GPGSV,3,2,12,26,30,224,44,27,36,325,42,29,22,143,42,31,22,184,43*79
(Dec 11 2022 00:36:26,  852385 sec) LogNmeaSentences()   $GPGSV,3,3,12,32,86,073,49,03,34,299,00,14,55,200,00,20,19,023,00*76
(Dec 11 2022 00:36:26,  852386 sec) LogNmeaSentences()   $PGRMT,GPS 15x-L software ver. 3.90,,,,,,,,*7D
(Dec 11 2022 00:36:27,  852386 sec) GpsServices()        GPS services complete.
(Dec 11 2022 00:37:07,  852427 sec) CLogin()             Connecting to primary host.
(Dec 11 2022 00:37:17,  852437 sec) CLogin()             Connection 5 established in 10 seconds.
(Dec 11 2022 00:37:49,  852468 sec) expect()             Attempt to read prompt string [Last login:] failed.
(Dec 11 2022 00:37:49,  852468 sec) login()              Login failed.
(Dec 11 2022 00:38:48,  852527 sec) expect()             Attempt to read prompt string [Password:] failed.
(Dec 11 2022 00:38:48,  852527 sec) login()              Password prompt not received.
(Dec 11 2022 00:38:48,  852527 sec) login()              No carrier detected.
(Dec 11 2022 00:38:48,  852527 sec) CLogin()             Attempt to login to host failed.
(Dec 11 2022 00:38:48,  852527 sec) DownLoadMissionCfg() Connect/login failed.  Mission configuration not downloaded from remote host.
(Dec 11 2022 00:38:53,  852533 sec) CLogin()             Connecting to primary host.
(Dec 11 2022 00:39:14,  852554 sec) CLogin()             Connection 6 established in 21 seconds.
(Dec 11 2022 00:39:46,  852585 sec) expect()             Attempt to read prompt string [Last login:] failed.
(Dec 11 2022 00:39:46,  852585 sec) login()              Login failed.
(Dec 11 2022 00:40:16,  852615 sec) expect()             Attempt to read prompt string [login:] failed.
(Dec 11 2022 00:40:16,  852615 sec) login()              Login prompt not received.
(Dec 11 2022 00:40:46,  852645 sec) expect()             Attempt to read prompt string [login:] failed.
(Dec 11 2022 00:40:46,  852645 sec) login()              Login prompt not received.
(Dec 11 2022 00:40:46,  852645 sec) CLogin()             Attempt to login to host failed.
(Dec 11 2022 00:40:46,  852645 sec) DownLoadMissionCfg() Connect/login failed.  Mission configuration not downloaded from remote host.
(Dec 11 2022 00:40:46,  852646 sec) DownLoadMissionCfg() Aborting download: Retry limit [2] exceeded.
(Dec 11 2022 00:40:46,  852646 sec) WriteVitals()        Writing vitals to "7521.265.msg".
(Dec 11 2022 00:40:49,  852648 sec) CLogin()             Connecting to primary host.
(Dec 11 2022 00:41:03,  852662 sec) CLogin()             Connection 7 established in 14 seconds.
(Dec 11 2022 00:41:34,  852693 sec) expect()             Attempt to read prompt string [Last login:] failed.
(Dec 11 2022 00:41:34,  852693 sec) login()              Login failed.
(Dec 11 2022 00:42:04,  852723 sec) expect()             Attempt to read prompt string [login:] failed.
(Dec 11 2022 00:42:04,  852723 sec) login()              Login prompt not received.
(Dec 11 2022 00:42:34,  852753 sec) expect()             Attempt to read prompt string [Password:] failed.
(Dec 11 2022 00:42:34,  852753 sec) login()              Password prompt not received.
(Dec 11 2022 00:42:34,  852753 sec) CLogin()             Attempt to login to host failed.
(Dec 11 2022 00:42:34,  852754 sec) CLogin()             Connecting to primary host.
(Dec 11 2022 00:42:46,  852766 sec) CLogin()             Connection 8 established in 12 seconds.
(Dec 11 2022 00:43:18,  852797 sec) expect()             Attempt to read prompt string [Last login:] failed.
(Dec 11 2022 00:43:18,  852797 sec) login()              Login failed.
(Dec 11 2022 00:43:48,  852827 sec) expect()             Attempt to read prompt string [login:] failed.
(Dec 11 2022 00:43:48,  852827 sec) login()              Login prompt not received.
(Dec 11 2022 00:44:18,  852857 sec) expect()             Attempt to read prompt string [login:] failed.
(Dec 11 2022 00:44:18,  852857 sec) login()              Login prompt not received.
(Dec 11 2022 00:44:18,  852857 sec) CLogin()             Attempt to login to host failed.
(Dec 11 2022 00:44:18,  852857 sec) UpLoad()             Files successfully uploaded: 0
(Dec 11 2022 00:44:18,  852858 sec) UpLoad()             Aborting upload: Retry limit [2] exceeded. Upload incomplete.
(Dec 11 2022 00:44:18,  852858 sec) logout()             No carrier detected.
(Dec 11 2022 00:44:18,  852858 sec) Telemetry()          Telemetry cycle complete: PrfId=265 ConnectionAttempts=8  Connections=8
(Dec 11 2022 00:59:33,  853772 sec) AirSystem()          Air-bladder inflation by-passed. Barometer: [125cnt, 6.2"Hg].
(Dec 11 2022 01:00:01,  853800 sec) GpsServices()        GPS almanac is current.
(Dec 11 2022 01:00:01,  853800 sec) GpsServices()        Initiating GPS fix acquisition.
(Dec 11 2022 01:00:11,  853810 sec) gga()                $GPGGA,005940,0211.7853,N,05106.2106,E,0,00,,,M,,M,,*59
(Dec 11 2022 01:00:17,  853817 sec) gga()                $GPGGA,005940,0211.7853,N,05106.2106,E,0,00,,,M,,M,,*59
(Dec 11 2022 01:00:42,  853841 sec) gga()                $GPGGA,005950,0211.6688,N,05106.2608,E,6,09,0.9,4.5,M,-51.8,M,,*60
(Dec 11 2022 01:01:06,  853866 sec) gga()                $GPGGA,010000,0211.6683,N,05106.2608,E,1,09,0.9,3.4,M,-51.8,M,,*62
(Dec 11 2022 01:01:07,  853866 sec) GpsServices()        Profile 265 GPS fix obtained in 66 seconds.
(Dec 11 2022 01:01:07,  853866 sec) GpsServices()                  lon     lat mm/dd/yyyy hhmmss nsat
(Dec 11 2022 01:01:07,  853867 sec) GpsServices()        Fix:   51.104   2.194 12/11/2022 010000    9
(Dec 11 2022 01:01:38,  853898 sec) gga()                $GPGGA,010050,0211.6633,N,05106.2631,E,1,09,0.9,3.4,M,-51.8,M,,*66
(Dec 11 2022 01:01:44,  853904 sec) gga()                $GPGGA,010120,0211.6603,N,05106.2644,E,1,09,0.9,2.9,M,-51.8,M,,*6D
(Dec 11 2022 01:01:44,  853904 sec) GpsServices()        APF9 RTC skew (24s) OK.
(Dec 11 2022 01:01:45,  853904 sec) LogNmeaSentences()   12,43,27,46,317,45,29,12,147,41,31,28,174,44*7A
(Dec 11 2022 01:01:45,  853904 sec) LogNmeaSentences()   $GPGSV,3,3,12,32,75,019,49,03,32,313,00,14,68,208,00,20,15,032,00*79
(Dec 11 2022 01:01:54,  853914 sec) LogNmeaSentences()   $GPRMC,010130,A,0211.6594,N,05106.2648,E,001.1,036.9,111222,001.6,W*69
(Dec 11 2022 01:01:54,  853914 sec) LogNmeaSentences()   $GPGGA,010130,0211.6594,N,05106.2648,E,1,09,0.9,1.7,M,-51.8,M,,*60
(Dec 11 2022 01:01:55,  853914 sec) LogNmeaSentences()   $GPGSA,A,3,02,10,18,22,26,27,29,31,32,,,,1.3,0.9,0.8*32
(Dec 11 2022 01:01:55,  853915 sec) LogNmeaSentences()   $GPGSV,3,1,12,02,10,112,43,10,25,003,44,18,29,078,43,22,71,211,45*74
(Dec 11 2022 01:01:56,  853915 sec) LogNmeaSentences()   $GPGSV,3,2,12,26,27,212,38,27,46,317,43,29,12,147,40,31,28,174,41*74
(Dec 11 2022 01:01:56,  853915 sec) LogNmeaSentences()   $GPGSV,3,3,12,32,74,019,50,03,32,313,00,14,68,208,00,20,15,033,00*71
(Dec 11 2022 01:02:04,  853924 sec) LogNmeaSentences()   $GPRMC,010140,A,0211.6585,N,05106.2647,E,000.7,204.2,111222,001.6,W*6E
(Dec 11 2022 01:02:04,  853924 sec) LogNmeaSentences()   $GPGGA,010140,0211.6585,N,05106.2647,E,1,09,0.9,1.2,M,-51.8,M,,*6D
(Dec 11 2022 01:02:05,  853924 sec) LogNmeaSentences()   $GPGSA,A,3,02,10,18,22,26,27,29,31,32,,,,1.3,0.9,0.8*32
(Dec 11 2022 01:02:05,  853925 sec) LogNmeaSentences()   $GPGSV,3,1,12,02,10,112,40,10,25,003,44,18,29,078,43,22,71,211,45*77
(Dec 11 2022 01:02:06,  853925 sec) LogNmeaSentences()   $GPGSV,3,2,12,26,27,212,42,27,46,317,45,29,12,147,40,31,28,174,43*7D
(Dec 11 2022 01:02:06,  853925 sec) LogNmeaSentences()   $GPGSV,3,3,12,32,74,019,49,03,32,313,00,14,68,208,00,20,15,033,00*79
(Dec 11 2022 01:02:14,  853934 sec) LogNmeaSentences()   $GPRMC,010150,A,0211.6575,N,05106.2658,E,000.4,191.2,111222,001.6,W*62
(Dec 11 2022 01:02:14,  853934 sec) LogNmeaSentences()   $GPGGA,010150,0211.6575,N,05106.2658,E,1,09,0.9,0.5,M,-51.8,M,,*6B
(Dec 11 2022 01:02:15,  853934 sec) LogNmeaSentences()   $GPGSA,A,3,02,10,18,22,26,27,29,31,32,,,,1.3,0.9,0.8*32
(Dec 11 2022 01:02:15,  853935 sec) LogNmeaSentences()   $GPGSV,3,1,12,02,10,112,42,10,25,003,43,18,29,079,44,22,72,212,46*77
(Dec 11 2022 01:02:16,  853935 sec) LogNmeaSentences()   $GPGSV,3,2,12,26,27,212,41,27,46,317,44,29,12,147,42,31,28,174,43*7D
(Dec 11 2022 01:02:16,  853935 sec) LogNmeaSentences()   $GPGSV,3,3,12,32,74,019,50,03,32,313,00,14,68,208,00,20,15,033,00*71
(Dec 11 2022 01:02:24,  853944 sec) LogNmeaSentences()   $GPRMC,010200,A,0211.6561,N,05106.2658,E,001.4,206.4,111222,001.6,W*6B
(Dec 11 2022 01:02:24,  853944 sec) LogNmeaSentences()   $GPGGA,010200,0211.6561,N,05106.2658,E,1,09,0.9,1.6,M,-51.8,M,,*6A
(Dec 11 2022 01:02:25,  853944 sec) LogNmeaSentences()   $GPGSA,A,3,02,10,18,22,26,27,29,31,32,,,,1.3,0.9,0.8*32
(Dec 11 2022 01:02:25,  853945 sec) LogNmeaSentences()   $GPGSV,3,1,12,02,10,112,40,10,25,003,43,18,29,079,43,22,72,212,46*72
(Dec 11 2022 01:02:26,  853945 sec) LogNmeaSentences()   $GPGSV,3,2,12,26,27,212,43,27,46,317,44,29,12,147,41,31,28,174,44*7B
(Dec 11 2022 01:02:26,  853945 sec) LogNmeaSentences()   $GPGSV,3,3,12,32,74,019,48,03,32,313,00,14,68,208,00,20,15,033,00*78
(Dec 11 2022 01:02:26,  853946 sec) LogNmeaSentences()   $PGRMT,GPS 15x-L software ver. 3.90,,,,,,,,*7D
(Dec 11 2022 01:02:26,  853946 sec) GpsServices()        GPS services complete.
(Dec 11 2022 01:02:51,  853971 sec) CLogin()             Connecting to primary host.
(Dec 11 2022 01:03:01,  853980 sec) CLogin()             Connection 9 established in 10 seconds.
(Dec 11 2022 01:03:32,  854011 sec) expect()             Attempt to read prompt string [Last login:] failed.
(Dec 11 2022 01:03:32,  854011 sec) login()              Login failed.
(Dec 11 2022 01:04:02,  854041 sec) expect()             Attempt to read prompt string [login:] failed.
(Dec 11 2022 01:04:02,  854041 sec) login()              Login prompt not received.
(Dec 11 2022 01:04:32,  854071 sec) expect()             Attempt to read prompt string [Password:] failed.
(Dec 11 2022 01:04:32,  854071 sec) login()              Password prompt not received.
(Dec 11 2022 01:04:32,  854071 sec) CLogin()             Attempt to login to host failed.
(Dec 11 2022 01:04:32,  854071 sec) DownLoadMissionCfg() Connect/login failed.  Mission configuration not downloaded from remote host.
(Dec 11 2022 01:04:37,  854077 sec) CLogin()             Connecting to primary host.
(Dec 11 2022 01:04:49,  854088 sec) CLogin()             Connection 10 established in 12 seconds.
(Dec 11 2022 01:05:23,  854122 sec) expect()             Attempt to read prompt string [Last login:] failed.
(Dec 11 2022 01:05:23,  854122 sec) login()              Login failed.
(Dec 11 2022 01:06:21,  854180 sec) expect()             Attempt to read prompt string [Password:] failed.
(Dec 11 2022 01:06:21,  854180 sec) login()              Password prompt not received.
(Dec 11 2022 01:06:21,  854180 sec) login()              No carrier detected.
(Dec 11 2022 01:06:21,  854180 sec) CLogin()             Attempt to login to host failed.
(Dec 11 2022 01:06:21,  854180 sec) DownLoadMissionCfg() Connect/login failed.  Mission configuration not downloaded from remote host.
(Dec 11 2022 01:06:21,  854181 sec) DownLoadMissionCfg() Aborting download: Retry limit [2] exceeded.
(Dec 11 2022 01:06:21,  854181 sec) WriteVitals()        Writing vitals to "7521.265.msg".
(Dec 11 2022 01:06:24,  854183 sec) CLogin()             Connecting to primary host.
(Dec 11 2022 01:06:56,  854215 sec) CLogin()             Connection 11 established in 32 seconds.
(Dec 11 2022 01:07:29,  854248 sec) expect()             Attempt to read prompt string [Last login:] failed.
(Dec 11 2022 01:07:29,  854248 sec) login()              Login failed.
(Dec 11 2022 01:07:59,  854278 sec) expect()             Attempt to read prompt string [login:] failed.
(Dec 11 2022 01:07:59,  854278 sec) login()              Login prompt not received.
(Dec 11 2022 01:07:59,  854278 sec) login()              No carrier detected.
(Dec 11 2022 01:07:59,  854278 sec) CLogin()             Attempt to login to host failed.
(Dec 11 2022 01:07:59,  854279 sec) CLogin()             Connecting to primary host.
(Dec 11 2022 01:08:17,  854296 sec) CLogin()             Connection 12 established in 18 seconds.
(Dec 11 2022 01:08:48,  854327 sec) expect()             Attempt to read prompt string [Last login:] failed.
(Dec 11 2022 01:08:48,  854327 sec) login()              Login failed.
(Dec 11 2022 01:09:47,  854386 sec) expect()             Attempt to read prompt string [Password:] failed.
(Dec 11 2022 01:09:47,  854386 sec) login()              Password prompt not received.
(Dec 11 2022 01:09:47,  854386 sec) login()              No carrier detected.
(Dec 11 2022 01:09:47,  854386 sec) CLogin()             Attempt to login to host failed.
(Dec 11 2022 01:09:47,  854387 sec) UpLoad()             Files successfully uploaded: 0
(Dec 11 2022 01:09:47,  854387 sec) UpLoad()             Aborting upload: Retry limit [2] exceeded. Upload incomplete.
(Dec 11 2022 01:09:47,  854387 sec) logout()             No carrier detected.
(Dec 11 2022 01:09:47,  854387 sec) Telemetry()          Telemetry cycle complete: PrfId=265 ConnectionAttempts=12  Connections=12
(Dec 11 2022 01:25:02,  855301 sec) AirSystem()          Air-bladder inflation by-passed. Barometer: [125cnt, 6.2"Hg].
(Dec 11 2022 01:25:38,  855337 sec) GpsServices()        GPS almanac is current.
(Dec 11 2022 01:25:38,  855337 sec) GpsServices()        Initiating GPS fix acquisition.
(Dec 11 2022 01:26:09,  855369 sec) gga()                $GPGGA,012520,0211.5195,N,05106.3240,E,6,08,1.0,1.1,M,-51.8,M,,*64
(Dec 11 2022 01:26:34,  855394 sec) gga()                $GPGGA,012530,0211.5174,N,05106.3232,E,6,08,1.0,4.9,M,-51.8,M,,*62
(Dec 11 2022 01:26:59,  855418 sec) gga()                $GPGGA,012540,0211.5161,N,05106.3230,E,1,08,1.0,3.2,M,-51.8,M,,*68
(Dec 11 2022 01:26:59,  855419 sec) GpsServices()        Profile 265 GPS fix obtained in 81 seconds.
(Dec 11 2022 01:26:59,  855419 sec) GpsServices()                  lon     lat mm/dd/yyyy hhmmss nsat
(Dec 11 2022 01:26:59,  855419 sec) GpsServices()        Fix:   51.105   2.192 12/11/2022 012540    8
(Dec 11 2022 01:27:28,  855448 sec) gga()                $GPGGA,012640,0211.5092,N,05106.3243,E,1,08,1.0,4.7,M,-51.8,M,,*60
(Dec 11 2022 01:27:34,  855454 sec) gga()                $GPGGA,012710,0211.5057,N,05106.3249,E,1,08,1.0,3.2,M,-51.8,M,,*65
(Dec 11 2022 01:27:34,  855454 sec) GpsServices()        APF9 RTC skew (24s) OK.
(Dec 11 2022 01:27:35,  855454 sec) LogNmeaSentences()   3,27,55,303,46,29,02,148,31,31,35,164,45*7A
(Dec 11 2022 01:27:35,  855454 sec) LogNmeaSentences()   $GPGSV,3,3,12,32,61,014,49,03,29,326,00,14,79,236,00,20,12,043,00*71
(Dec 11 2022 01:27:44,  855464 sec) LogNmeaSentences()   $GPRMC,012720,A,0211.5051,N,05106.3253,E,000.7,173.8,111222,001.6,W*6A
(Dec 11 2022 01:27:44,  855464 sec) LogNmeaSentences()   $GPGGA,012720,0211.5051,N,05106.3253,E,1,08,1.2,3.1,M,-51.8,M,,*6A
(Dec 11 2022 01:27:45,  855464 sec) LogNmeaSentences()   $GPGSA,A,3,02,10,18,22,26,27,,31,32,,,,2.0,1.2,1.7*3D
(Dec 11 2022 01:27:45,  855465 sec) LogNmeaSentences()   $GPGSV,3,1,12,02,05,122,38,10,21,013,43,18,28,093,43,22,81,255,45*76
(Dec 11 2022 01:27:46,  855465 sec) LogNmeaSentences()   $GPGSV,3,2,12,26,24,201,41,27,55,303,46,29,02,148,32,31,35,164,44*7A
(Dec 11 2022 01:27:46,  855465 sec) LogNmeaSentences()   $GPGSV,3,3,12,32,61,014,49,03,29,326,00,14,79,236,00,20,12,043,00*71
(Dec 11 2022 01:27:54,  855474 sec) LogNmeaSentences()   $GPRMC,012730,A,0211.5034,N,05106.3256,E,001.1,144.1,111222,001.6,W*67
(Dec 11 2022 01:27:54,  855474 sec) LogNmeaSentences()   $GPGGA,012730,0211.5034,N,05106.3256,E,1,08,1.0,3.7,M,-51.8,M,,*69
(Dec 11 2022 01:27:55,  855474 sec) LogNmeaSentences()   $GPGSA,A,3,02,10,18,22,26,27,,31,32,,,,1.3,1.0,0.9*30
(Dec 11 2022 01:27:55,  855475 sec) LogNmeaSentences()   $GPGSV,3,1,12,02,05,122,39,10,21,013,42,18,28,093,45,22,81,257,44*73
(Dec 11 2022 01:27:56,  855475 sec) LogNmeaSentences()   $GPGSV,3,2,12,26,24,201,42,27,55,303,40,29,02,148,33,31,35,164,45*7F
(Dec 11 2022 01:27:56,  855475 sec) LogNmeaSentences()   $GPGSV,3,3,12,32,61,014,48,03,29,326,00,14,79,236,00,20,12,043,00*70
(Dec 11 2022 01:28:04,  855484 sec) LogNmeaSentences()   $GPRMC,012740,A,0211.5027,N,05106.3258,E,000.9,198.1,111222,001.6,W*64
(Dec 11 2022 01:28:04,  855484 sec) LogNmeaSentences()   $GPGGA,012740,0211.5027,N,05106.3258,E,1,08,1.0,4.0,M,-51.8,M,,*62
(Dec 11 2022 01:28:05,  855484 sec) LogNmeaSentences()   $GPGSA,A,3,02,10,18,22,26,27,,31,32,,,,1.3,1.0,0.9*30
(Dec 11 2022 01:28:05,  855485 sec) LogNmeaSentences()   $GPGSV,3,1,12,02,05,122,38,10,21,013,40,18,28,093,37,22,81,257,45*74
(Dec 11 2022 01:28:06,  855485 sec) LogNmeaSentences()   $GPGSV,3,2,12,26,24,201,41,27,55,303,46,29,02,148,30,31,35,163,45*7E
(Dec 11 2022 01:28:06,  855485 sec) LogNmeaSentences()   $GPGSV,3,3,12,32,61,014,49,03,29,326,00,14,79,236,00,20,12,043,00*71
(Dec 11 2022 01:28:14,  855494 sec) LogNmeaSentences()   $GPRMC,012750,A,0211.5016,N,05106.3259,E,000.0,181.9,111222,001.6,W*6F
(Dec 11 2022 01:28:14,  855494 sec) LogNmeaSentences()   $GPGGA,012750,0211.5016,N,05106.3259,E,1,08,1.0,3.3,M,-51.8,M,,*64
(Dec 11 2022 01:28:15,  855494 sec) LogNmeaSentences()   $GPGSA,A,3,02,10,18,22,26,27,,31,32,,,,1.3,1.0,0.9*30
(Dec 11 2022 01:28:15,  855495 sec) LogNmeaSentences()   $GPGSV,3,1,12,02,05,122,37,10,21,014,43,18,28,093,42,22,81,257,45*7D
(Dec 11 2022 01:28:16,  855495 sec) LogNmeaSentences()   $GPGSV,3,2,12,26,24,201,42,27,55,303,47,29,02,148,31,31,35,163,44*7C
(Dec 11 2022 01:28:16,  855495 sec) LogNmeaSentences()   $GPGSV,3,3,12,32,61,014,48,03,29,326,00,14,79,236,00,20,12,043,00*70
(Dec 11 2022 01:28:24,  855504 sec) LogNmeaSentences()   $GPRMC,012800,A,0211.5005,N,05106.3262,E,001.2,168.3,111222,001.6,W*61
(Dec 11 2022 01:28:24,  855504 sec) LogNmeaSentences()   $GPGGA,012800,0211.5005,N,05106.3262,E,1,08,1.0,3.5,M,-51.8,M,,*62
(Dec 11 2022 01:28:25,  855504 sec) LogNmeaSentences()   $GPGSA,A,3,02,10,18,22,26,27,,31,32,,,,1.3,1.0,0.9*30
(Dec 11 2022 01:28:25,  855505 sec) LogNmeaSentences()   $GPGSV,3,1,12,02,05,122,38,10,21,014,41,18,28,093,42,22,81,259,45*7E
(Dec 11 2022 01:28:26,  855505 sec) LogNmeaSentences()   $GPGSV,3,2,12,26,24,201,42,27,55,303,47,29,02,148,30,31,35,163,46*7F
(Dec 11 2022 01:28:26,  855505 sec) LogNmeaSentences()   $GPGSV,3,3,12,32,61,014,49,03,29,326,00,14,79,236,00,20,12,043,00*71
(Dec 11 2022 01:28:26,  855506 sec) LogNmeaSentences()   $PGRMT,GPS 15x-L software ver. 3.90,,,,,,,,*7D
(Dec 11 2022 01:28:26,  855506 sec) GpsServices()        GPS services complete.
(Dec 11 2022 01:28:51,  855531 sec) CLogin()             Connecting to primary host.
(Dec 11 2022 01:29:03,  855543 sec) CLogin()             Connection 13 established in 12 seconds.
(Dec 11 2022 01:29:35,  855574 sec) expect()             Attempt to read prompt string [Last login:] failed.
(Dec 11 2022 01:29:35,  855574 sec) login()              Login failed.
(Dec 11 2022 01:30:05,  855604 sec) expect()             Attempt to read prompt string [login:] failed.
(Dec 11 2022 01:30:05,  855604 sec) login()              Login prompt not received.
(Dec 11 2022 01:30:05,  855604 sec) login()              No carrier detected.
(Dec 11 2022 01:30:05,  855604 sec) CLogin()             Attempt to login to host failed.
(Dec 11 2022 01:30:05,  855604 sec) DownLoadMissionCfg() Connect/login failed.  Mission configuration not downloaded from remote host.
(Dec 11 2022 01:30:10,  855610 sec) CLogin()             Connecting to primary host.
(Dec 11 2022 01:30:37,  855636 sec) CLogin()             Connection 14 established in 27 seconds.
(Dec 11 2022 01:31:09,  855668 sec) expect()             Attempt to read prompt string [Last login:] failed.
(Dec 11 2022 01:31:09,  855668 sec) login()              Login failed.
(Dec 11 2022 01:31:39,  855698 sec) expect()             Attempt to read prompt string [login:] failed.
(Dec 11 2022 01:31:39,  855698 sec) login()              Login prompt not received.
(Dec 11 2022 01:32:09,  855728 sec) expect()             Attempt to read prompt string [login:] failed.
(Dec 11 2022 01:32:09,  855728 sec) login()              Login prompt not received.
(Dec 11 2022 01:32:09,  855728 sec) CLogin()             Attempt to login to host failed.
(Dec 11 2022 01:32:09,  855728 sec) DownLoadMissionCfg() Connect/login failed.  Mission configuration not downloaded from remote host.
(Dec 11 2022 01:32:09,  855729 sec) DownLoadMissionCfg() Aborting download: Retry limit [2] exceeded.
(Dec 11 2022 01:32:09,  855729 sec) WriteVitals()        Writing vitals to "7521.265.msg".
(Dec 11 2022 01:32:12,  855731 sec) CLogin()             Connecting to primary host.
(Dec 11 2022 01:32:25,  855744 sec) CLogin()             Connection 15 established in 13 seconds.
(Dec 11 2022 01:32:56,  855775 sec) expect()             Attempt to read prompt string [Last login:] failed.
(Dec 11 2022 01:32:56,  855775 sec) login()              Login failed.
(Dec 11 2022 01:33:26,  855805 sec) expect()             Attempt to read prompt string [login:] failed.
(Dec 11 2022 01:33:26,  855805 sec) login()              Login prompt not received.
(Dec 11 2022 01:33:56,  855835 sec) expect()             Attempt to read prompt string [login:] failed.
(Dec 11 2022 01:33:56,  855835 sec) login()              Login prompt not received.
(Dec 11 2022 01:33:56,  855835 sec) CLogin()             Attempt to login to host failed.
(Dec 11 2022 01:33:56,  855836 sec) CLogin()             Connecting to primary host.
(Dec 11 2022 01:34:10,  855850 sec) CLogin()             Connection 16 established in 14 seconds.
(Dec 11 2022 01:34:50,  855889 sec) expect()             Attempt to read prompt string [Last login:] failed.
(Dec 11 2022 01:34:50,  855889 sec) login()              Login failed.
(Dec 11 2022 01:35:20,  855919 sec) expect()             Attempt to read prompt string [login:] failed.
(Dec 11 2022 01:35:20,  855919 sec) login()              Login prompt not received.
(Dec 11 2022 01:35:20,  855919 sec) login()              No carrier detected.
(Dec 11 2022 01:35:20,  855919 sec) CLogin()             Attempt to login to host failed.
(Dec 11 2022 01:35:20,  855920 sec) UpLoad()             Files successfully uploaded: 0
(Dec 11 2022 01:35:20,  855920 sec) UpLoad()             Aborting upload: Retry limit [2] exceeded. Upload incomplete.
(Dec 11 2022 01:35:20,  855920 sec) logout()             No carrier detected.
(Dec 11 2022 01:35:20,  855920 sec) Telemetry()          Telemetry cycle complete: PrfId=265 ConnectionAttempts=16  Connections=16
(Dec 11 2022 01:50:35,  856835 sec) AirSystem()          Battery [143cnt, 11.1V]  Current [68cnt, 27.4mA]  Barometer [127cnt, 6.8"Hg]  Run-Time [3s]
(Dec 11 2022 01:51:03,  856862 sec) GpsServices()        GPS almanac is current.
(Dec 11 2022 01:51:03,  856862 sec) GpsServices()        Initiating GPS fix acquisition.
(Dec 11 2022 01:51:39,  856899 sec) gga()                $GPGGA,015050,0211.3888,N,05106.3559,E,6,07,1.2,9.1,M,-51.8,M,,*68
(Dec 11 2022 01:52:04,  856924 sec) gga()                $GPGGA,015100,0211.3871,N,05106.3563,E,1,07,1.2,9.5,M,-51.8,M,,*60
(Dec 11 2022 01:52:04,  856924 sec) GpsServices()        Profile 265 GPS fix obtained in 61 seconds.
(Dec 11 2022 01:52:04,  856924 sec) GpsServices()                  lon     lat mm/dd/yyyy hhmmss nsat
(Dec 11 2022 01:52:05,  856924 sec) GpsServices()        Fix:   51.106   2.190 12/11/2022 015100    7
(Dec 11 2022 01:52:38,  856958 sec) gga()                $GPGGA,015150,0211.3821,N,05106.3567,E,1,08,1.0,5.6,M,-51.8,M,,*66
(Dec 11 2022 01:52:44,  856964 sec) gga()                $GPGGA,015220,0211.3793,N,05106.3578,E,1,08,1.0,5.6,M,-51.8,M,,*6A
(Dec 11 2022 01:52:44,  856964 sec) GpsServices()        APF9 RTC skew (24s) OK.
(Dec 11 2022 01:52:45,  856964 sec) LogNmeaSentences()   7,44,26,22,190,40,27,61,281,45,31,43,152,45*7F
(Dec 11 2022 01:52:45,  856964 sec) LogNmeaSentences()   $GPGSV,3,3,12,32,49,014,48,03,27,338,00,14,79,314,00,20,10,053,00*79
(Dec 11 2022 01:52:54,  856974 sec) LogNmeaSentences()   $GPRMC,015230,A,0211.3785,N,05106.3579,E,000.0,096.5,111222,001.6,W*6E
(Dec 11 2022 01:52:54,  856974 sec) LogNmeaSentences()   $GPGGA,015230,0211.3785,N,05106.3579,E,1,08,1.0,5.0,M,-51.8,M,,*6B
(Dec 11 2022 01:52:55,  856974 sec) LogNmeaSentences()   $GPGSA,A,3,08,10,18,,22,26,27,31,32,,,,1.3,1.0,0.9*3A
(Dec 11 2022 01:52:55,  856975 sec) LogNmeaSentences()   $GPGSV,3,1,12,08,30,308,42,10,18,023,42,18,25,106,42,21,03,327,32*79
(Dec 11 2022 01:52:56,  856975 sec) LogNmeaSentences()   $GPGSV,3,2,12,22,77,327,45,26,22,190,40,27,61,281,46,31,43,152,45*7D
(Dec 11 2022 01:52:56,  856975 sec) LogNmeaSentences()   $GPGSV,3,3,12,32,49,014,49,03,27,338,00,14,79,314,00,20,10,053,00*78
(Dec 11 2022 01:53:04,  856984 sec) LogNmeaSentences()   $GPRMC,015240,A,0211.3773,N,05106.3579,E,000.0,175.0,111222,001.6,W*69
(Dec 11 2022 01:53:04,  856984 sec) LogNmeaSentences()   $GPGGA,015240,0211.3773,N,05106.3579,E,1,08,1.0,4.7,M,-51.8,M,,*63
(Dec 11 2022 01:53:05,  856984 sec) LogNmeaSentences()   $GPGSA,A,3,08,10,18,,22,26,27,31,32,,,,1.3,1.0,0.9*3A
(Dec 11 2022 01:53:05,  856985 sec) LogNmeaSentences()   $GPGSV,3,1,12,08,30,308,42,10,18,024,41,18,25,106,38,21,03,327,33*71
(Dec 11 2022 01:53:06,  856985 sec) LogNmeaSentences()   $GPGSV,3,2,12,22,77,327,44,26,22,190,42,27,61,281,47,31,43,152,46*7C
(Dec 11 2022 01:53:06,  856985 sec) LogNmeaSentences()   $GPGSV,3,3,12,32,49,014,47,03,27,338,00,14,79,314,00,20,10,053,00*76
(Dec 11 2022 01:53:14,  856994 sec) LogNmeaSentences()   $GPRMC,015250,A,0211.3769,N,05106.3584,E,001.7,060.8,111222,001.6,W*6A
(Dec 11 2022 01:53:14,  856994 sec) LogNmeaSentences()   $GPGGA,015250,0211.3769,N,05106.3584,E,1,08,1.0,4.3,M,-51.8,M,,*6F
(Dec 11 2022 01:53:15,  856994 sec) LogNmeaSentences()   $GPGSA,A,3,08,10,18,,22,26,27,31,32,,,,1.3,1.0,0.9*3A
(Dec 11 2022 01:53:15,  856995 sec) LogNmeaSentences()   $GPGSV,3,1,12,08,30,308,44,10,18,024,43,18,25,106,39,21,03,327,26*70
(Dec 11 2022 01:53:16,  856995 sec) LogNmeaSentences()   $GPGSV,3,2,12,22,76,328,45,26,22,190,39,27,61,281,48,31,43,152,45*73
(Dec 11 2022 01:53:16,  856995 sec) LogNmeaSentences()   $GPGSV,3,3,12,32,49,014,48,03,27,338,00,14,79,314,00,20,10,053,00*79
(Dec 11 2022 01:53:24,  857004 sec) LogNmeaSentences()   $GPRMC,015300,A,0211.3752,N,05106.3588,E,001.4,136.1,111222,001.6,W*62
(Dec 11 2022 01:53:24,  857004 sec) LogNmeaSentences()   $GPGGA,015300,0211.3752,N,05106.3588,E,1,08,1.0,4.7,M,-51.8,M,,*6B
(Dec 11 2022 01:53:25,  857004 sec) LogNmeaSentences()   $GPGSA,A,3,08,10,18,,22,26,27,31,32,,,,1.3,1.0,0.9*3A
(Dec 11 2022 01:53:25,  857005 sec) LogNmeaSentences()   $GPGSV,3,1,12,08,30,308,42,10,18,024,41,18,25,106,42,21,03,327,29*77
(Dec 11 2022 01:53:26,  857005 sec) LogNmeaSentences()   $GPGSV,3,2,12,22,76,328,44,26,22,190,42,27,61,280,47,31,43,152,47*72
(Dec 11 2022 01:53:26,  857005 sec) LogNmeaSentences()   $GPGSV,3,3,12,32,49,

(Dec 11 2022 01:53:26) LogSize()            Log file is 38913 bytes.  Limit is 40960 bytes.

014,48,03,27,338,00,14,79,314,00,20,10,053,00*79
(Dec 11 2022 01:53:26,  857006 sec) LogNmeaSentences()   $PGRMT,GPS 15x-L software ver. 3.90,,,,,,,,*7D
(Dec 11 2022 01:53:26,  857006 sec) GpsServices()        GPS services complete.
(Dec 11 2022 01:53:51,  857031 sec) CLogin()             Connecting to primary host.
(Dec 11 2022 01:54:02,  857042 sec) CLogin()             Connection 17 established in 11 seconds.
(Dec 11 2022 01:54:34,  857073 sec) expect()             Attempt to read prompt string [Last login:] failed.
(Dec 11 2022 01:54:34,  857073 sec) login()              Login failed.
(Dec 11 2022 01:55:04,  857103 sec) expect()             Attempt to read prompt string [login:] failed.
(Dec 11 2022 01:55:04,  857103 sec) login()              Login prompt not received.
(Dec 11 2022 01:55:04,  857103 sec) login()              No carrier detected.
(Dec 11 2022 01:55:04,  857103 sec) CLogin()             Attempt to login to host failed.
(Dec 11 2022 01:55:04,  857103 sec) DownLoadMissionCfg() Connect/login failed.  Mission configuration not downloaded from remote host.
(Dec 11 2022 01:55:09,  857109 sec) CLogin()             Connecting to primary host.
(Dec 11 2022 01:55:28,  857128 sec) CLogin()             Connection 18 established in 19 seconds.
(Dec 11 2022 01:56:02,  857161 sec) expect()             Attempt to read prompt string [Last login:] failed.
(Dec 11 2022 01:56:02,  857161 sec) login()              Login failed.
(Dec 11 2022 01:56:11,  857171 sec) login()              Login successful.
(Dec 11 2022 01:56:14,  857174 sec) CLogin()             Logged in to host.  [Login required 46 seconds]
(Dec 11 2022 01:56:22,  857182 sec) RxConfig()           Downloading "mission.cfg" from host.

<EOT>
