(Aug 11 2015 03:54:44,  843245 sec) TelemetryInit()      Profile 27. (Apf9i FwRev: 012811)
(Aug 11 2015 04:01:47,  843667 sec) AirSystem()          Battery [187cnt, 14.5V]  Current [76cnt, 30.6mA]  Barometer [127cnt, 6.8"Hg]  Run-Time [51s]
(Aug 11 2015 04:02:16,  843696 sec) GpsServices()        GPS almanac is current.
(Aug 11 2015 04:02:16,  843696 sec) GpsServices()        Initiating GPS fix acquisition.
(Aug 11 2015 04:02:27,  843707 sec) gga()                $GPGGA,040220,1201.5488,N,08651.6255,E,0,00,,,M,,M,,*54
(Aug 11 2015 04:02:35,  843715 sec) gga()                $GPGGA,040210,1201.5488,N,08651.6255,E,0,00,,,M,,M,,*57
(Aug 11 2015 04:02:44,  843724 sec) gga()                $GPGGA,040220,1201.5488,N,08651.6255,E,0,00,,,M,,M,,*54
(Aug 11 2015 04:02:54,  843734 sec) gga()                $GPGGA,040230,1201.5488,N,08651.6255,E,0,00,,,M,,M,,*55
(Aug 11 2015 04:03:04,  843744 sec) gga()                $GPGGA,040240,1201.5488,N,08651.6255,E,0,00,,,M,,M,,*52
(Aug 11 2015 04:03:14,  843754 sec) gga()                $GPGGA,040250,1201.5488,N,08651.6255,E,0,00,,,M,,M,,*53
(Aug 11 2015 04:03:24,  843764 sec) gga()                $GPGGA,040300,1201.5488,N,08651.6255,E,0,00,,,M,,M,,*57
(Aug 11 2015 04:03:34,  843774 sec) gga()                $GPGGA,040310,1201.5488,N,08651.6255,E,0,00,,,M,,M,,*56
(Aug 11 2015 04:03:44,  843784 sec) gga()                $GPGGA,040320,1201.5488,N,08651.6255,E,0,00,,,M,,M,,*55
(Aug 11 2015 04:03:53,  843794 sec) gga()                $GPGGA,040330,1201.5488,N,08651.6255,E,0,00,,,M,,M,,*54
(Aug 11 2015 04:04:52,  843852 sec) gga()                $GPGGA,040410,1146.5126,N,08641.6933,E,1,11,0.8,5.6,M,-77.4,M,,*67
(Aug 11 2015 04:04:52,  843852 sec) GpsServices()        Profile 27 GPS fix obtained in 156 seconds.
(Aug 11 2015 04:04:52,  843853 sec) GpsServices()                  lon     lat mm/dd/yyyy hhmmss nsat
(Aug 11 2015 04:04:53,  843853 sec) GpsServices()        Fix:   86.695  11.775 08/11/2015 040410   11
(Aug 11 2015 04:05:22,  843882 sec) gga()                $GPGGA,040440,1146.5230,N,08641.6943,E,1,11,0.8,1.5,M,-77.4,M,,*66
(Aug 11 2015 04:05:28,  843888 sec) gga()                $GPGGA,040510,1146.5312,N,08641.6920,E,1,00,0.8,0.2,M,-77.4,M,,*60
(Aug 11 2015 04:05:28,  843888 sec) GpsServices()        APF9 RTC skew (18s) OK.
(Aug 11 2015 04:05:28,  843888 sec) LogNmeaSentences()   00,10,03,213,00,11,39,047,00*78
(Aug 11 2015 04:05:28,  843888 sec) LogNmeaSentences()   $GPGSV,3,3,12,13,12,309,00,17,47,261,00,28,30,338,00,30,63,355,00*75
(Aug 11 2015 04:05:38,  843898 sec) LogNmeaSentences()   $GPRMC,040520,A,1146.5337,N,08641.6921,E,002.6,220.2,110815,001.5,W*6E
(Aug 11 2015 04:05:38,  843898 sec) LogNmeaSentences()   $GPGGA,040520,1146.5337,N,08641.6921,E,1,11,0.8,1.8,M,-77.4,M,,*6E
(Aug 11 2015 04:05:38,  843899 sec) LogNmeaSentences()   $GPGSA,A,3,01,03,04,06,07,09,11,13,17,28,30,,1.1,0.8,0.8*31
(Aug 11 2015 04:05:39,  843899 sec) LogNmeaSentences()   $GPGSV,3,1,12,01,43,068,47,03,07,126,33,04,21,050,45,06,11,202,26*73
(Aug 11 2015 04:05:39,  843899 sec) LogNmeaSentences()   $GPGSV,3,2,12,07,70,097,46,09,24,182,41,11,38,047,48,13,12,307,33*77
(Aug 11 2015 04:05:40,  843900 sec) LogNmeaSentences()   $GPGSV,3,3,12,17,48,264,46,28,30,338,46,30,63,355,48,10,03,213,00*7A
(Aug 11 2015 04:05:48,  843908 sec) LogNmeaSentences()   $GPRMC,040530,A,1146.5362,N,08641.6924,E,001.7,354.8,110815,001.5,W*60
(Aug 11 2015 04:05:48,  843908 sec) LogNmeaSentences()   $GPGGA,040530,1146.5362,N,08641.6924,E,1,11,0.8,3.0,M,-77.4,M,,*60
(Aug 11 2015 04:05:48,  843909 sec) LogNmeaSentences()   $GPGSA,A,3,01,03,04,06,07,09,11,13,17,28,30,,1.1,0.8,0.8*31
(Aug 11 2015 04:05:49,  843909 sec) LogNmeaSentences()   $GPGSV,3,1,12,01,43,068,46,03,07,126,38,04,21,050,42,06,11,202,40*7E
(Aug 11 2015 04:05:49,  843909 sec) LogNmeaSentences()   $GPGSV,3,2,12,07,70,099,48,09,24,182,43,11,38,047,47,13,12,307,42*7C
(Aug 11 2015 04:05:49,  843910 sec) LogNmeaSentences()   $GPGSV,3,3,12,17,48,264,47,28,30,338,45,30,64,355,50,10,03,213,00*76
(Aug 11 2015 04:05:57,  843918 sec) LogNmeaSentences()   $GPRMC,040540,A,1146.5395,N,08641.6931,E,001.6,110.5,110815,001.5,W*65
(Aug 11 2015 04:05:58,  843918 sec) LogNmeaSentences()   $GPGGA,040540,1146.5395,N,08641.6931,E,1,03,3.2,,M,-77.4,M,,*4C
(Aug 11 2015 04:05:58,  843918 sec) LogNmeaSentences()   $GPGSA,A,2,04,07,17,,,,,,,,,,3.4,3.2,*1E
(Aug 11 2015 04:05:59,  843919 sec) LogNmeaSentences()   $GPGSV,3,1,12,04,21,050,38,07,70,099,46,17,48,264,17,30,64,355,22*7D
(Aug 11 2015 04:05:59,  843919 sec) LogNmeaSentences()   $GPGSV,3,2,12,01,43,068,00,03,07,126,00,06,11,202,00,09,24,183,00*71
(Aug 11 2015 04:05:59,  843919 sec) LogNmeaSentences()   $GPGSV,3,3,12,10,04,212,00,11,37,046,00,13,12,309,00,28,30,338,00*72
(Aug 11 2015 04:06:08,  843928 sec) LogNmeaSentences()   $GPRMC,040550,A,1146.5424,N,08641.6942,E,002.2,022.4,110815,001.5,W*6B
(Aug 11 2015 04:06:08,  843928 sec) LogNmeaSentences()   $GPGGA,040550,1146.5424,N,08641.6942,E,1,11,0.8,5.9,M,-77.4,M,,*6C
(Aug 11 2015 04:06:08,  843929 sec) LogNmeaSentences()   $GPGSA,A,3,01,03,04,06,07,09,11,13,17,28,30,,1.1,0.8,0.8*31
(Aug 11 2015 04:06:09,  843929 sec) LogNmeaSentences()   $GPGSV,3,1,12,01,43,068,47,03,07,126,36,04,21,050,45,06,11,202,40*76
(Aug 11 2015 04:06:09,  843929 sec) LogNmeaSentences()   $GPGSV,3,2,12,07,70,099,47,09,24,182,38,11,37,047,46,13,12,307,37*73
(Aug 11 2015 04:06:09,  843930 sec) LogNmeaSentences()   $GPGSV,3,3,12,17,48,264,44,28,30,338,47,30,64,355,48,10,04,212,00*78
(Aug 11 2015 04:06:18,  843938 sec) LogNmeaSentences()   $GPRMC,040600,A,1146.5425,N,08641.6931,E,000.0,022.4,110815,001.5,W*68
(Aug 11 2015 04:06:18,  843938 sec) LogNmeaSentences()   $GPGGA,040600,1146.5425,N,08641.6931,E,1,11,0.8,5.8,M,-77.4,M,,*6E
(Aug 11 2015 04:06:18,  843939 sec) LogNmeaSentences()   $GPGSA,A,3,01,03,04,06,07,09,11,13,17,28,30,,1.1,0.8,0.8*31
(Aug 11 2015 04:06:19,  843939 sec) LogNmeaSentences()   $GPGSV,3,1,12,01,43,068,46,03,07,126,42,04,21,050,40,06,11,202,41*70
(Aug 11 2015 04:06:19,  843939 sec) LogNmeaSentences()   $GPGSV,3,2,12,07,70,099,49,09,24,182,41,11,37,047,47,13,12,307,39*7C
(Aug 11 2015 04:06:19,  843940 sec) LogNmeaSentences()   $GPGSV,3,3,12,17,48,264,46,28,30,338,46,30,64,356,51,10,04,212,00*70
(Aug 11 2015 04:06:20,  843940 sec) LogNmeaSentences()   $PGRMT,GPS 15x-L software ver. 3.80,,,,,,,,*7C
(Aug 11 2015 04:06:20,  843940 sec) GpsServices()        GPS services complete.
(Aug 11 2015 04:07:00,  843980 sec) CLogin()             Connecting to primary host.
(Aug 11 2015 04:07:12,  843992 sec) CLogin()             Connection 1 established in 12 seconds.
(Aug 11 2015 04:07:42,  844022 sec) expect()             Attempt to read prompt string [login:] failed.
(Aug 11 2015 04:07:42,  844022 sec) login()              Login prompt not received.
(Aug 11 2015 04:07:42,  844022 sec) login()              No carrier detected.
(Aug 11 2015 04:07:42,  844022 sec) CLogin()             Attempt to login to host failed.
(Aug 11 2015 04:07:42,  844022 sec) DownLoadMissionCfg() Connect/login failed.  Mission configuration not downloaded from remote host.
(Aug 11 2015 04:07:47,  844028 sec) CLogin()             Connecting to primary host.
(Aug 11 2015 04:08:04,  844044 sec) CLogin()             Connection 2 established in 17 seconds.
(Aug 11 2015 04:08:13,  844053 sec) login()              Login successful.
(Aug 11 2015 04:08:16,  844056 sec) CLogin()             Logged in to host.  [Login required 12 seconds]
(Aug 11 2015 04:08:24,  844064 sec) RxConfig()           Downloading "mission.cfg" from host.
(Aug 11 2015 04:08:26,  844066 sec) Rx()                 Initiating transfer. [0x43]
(Aug 11 2015 04:08:34,  844074 sec) RxStartByte()        Sync errors encountered: 561
(Aug 11 2015 04:08:36,  844076 sec) Rx()                 Pad character [0x1a] found in ascii mode - truncating packet.
(Aug 11 2015 04:08:41,  844081 sec) Rx()                 Received EOT - transfer complete. [1 packets, 1024 bytes, 15 sec, 68.3 bps]
(Aug 11 2015 04:08:41,  844081 sec) RxConfig()           Download successful.
(Aug 11 2015 04:08:54,  844095 sec) WriteVitals()        Writing vitals to "9567.027.msg".
(Aug 11 2015 04:09:02,  844102 sec) UpLoadFile()         Uploading "9567.027.msg" to host as "9567.027.msg".
(Aug 11 2015 04:09:07,  844107 sec) Tx()                 CRC negotiation successful. [16-bit CRC]
(Aug 11 2015 04:09:18,  844118 sec) TxPacket()           NAK received - resending packet. [PktNum=0x01]
(Aug 11 2015 04:09:18,  844118 sec) TxPacket()           Packet xmit history: [01110001] (0:ok, 1:fail).
(Aug 11 2015 04:09:33,  844133 sec) TxPacket()           NAK received - resending packet. [PktNum=0x03]
(Aug 11 2015 04:09:33,  844133 sec) TxPacket()           Packet xmit history: [10001001] (0:ok, 1:fail).
(Aug 11 2015 04:09:46,  844146 sec) TxPacket()           NAK received - resending packet. [PktNum=0x03]
(Aug 11 2015 04:09:46,  844146 sec) TxPacket()           Packet xmit history: [00010011] (0:ok, 1:fail).
(Aug 11 2015 04:10:17,  844177 sec) TxPacket()           NAK received - resending packet. [PktNum=0x06]
(Aug 11 2015 04:10:17,  844177 sec) TxPacket()           Packet xmit history: [00110001] (0:ok, 1:fail).
(Aug 11 2015 04:10:22,  844182 sec) TxPacket()           NAK received - resending packet. [PktNum=0x06]
(Aug 11 2015 04:10:22,  844182 sec) TxPacket()           Packet xmit history: [01100011] (0:ok, 1:fail).
(Aug 11 2015 04:10:50,  844210 sec) TxPacket()           NAK received - resending packet. [PktNum=0x09]
(Aug 11 2015 04:10:50,  844210 sec) TxPacket()           Packet xmit history: [00110001] (0:ok, 1:fail).
(Aug 11 2015 04:11:06,  844226 sec) TxPacket()           NAK received - resending packet. [PktNum=0x0b]
(Aug 11 2015 04:11:06,  844226 sec) TxPacket()           Packet xmit history: [10001001] (0:ok, 1:fail).
(Aug 11 2015 04:11:22,  844242 sec) TxPacket()           NAK received - resending packet. [PktNum=0x0d]
(Aug 11 2015 04:11:22,  844242 sec) TxPacket()           Packet xmit history: [01001001] (0:ok, 1:fail).
(Aug 11 2015 04:11:29,  844249 sec) TxPacket()           NAK received - resending packet. [PktNum=0x0d]
(Aug 11 2015 04:11:29,  844250 sec) TxPacket()           Packet xmit history: [10010011] (0:ok, 1:fail).
(Aug 11 2015 04:11:52,  844272 sec) TxPacket()           NAK received - resending packet. [PktNum=0x0f]
(Aug 11 2015 04:11:52,  844272 sec) TxPacket()           Packet xmit history: [10011001] (0:ok, 1:fail).
(Aug 11 2015 04:11:58,  844278 sec) TxPacket()           NAK received - resending packet. [PktNum=0x0f]
(Aug 11 2015 04:11:58,  844278 sec) TxPacket()           Packet xmit history: [00110011] (0:ok, 1:fail).
(Aug 11 2015 04:12:38,  844318 sec) TxPacket()           NAK received - resending packet. [PktNum=0x15]
(Aug 11 2015 04:12:38,  844319 sec) TxPacket()           Packet xmit history: [10000001] (0:ok, 1:fail).
(Aug 11 2015 04:13:27,  844367 sec) Tx()                 Transmission completed successfully [27 packets, 23200 bytes, 259 sec, 92.9 bps]
(Aug 11 2015 04:13:27,  844367 sec) UpLoadFile()         Upload successful.
(Aug 11 2015 04:13:35,  844375 sec) UpLoadFile()         Uploading "9567.027.log" to host as "9567.027.log".
(Aug 11 2015 04:13:39,  844380 sec) Tx()                 CRC negotiation successful. [16-bit CRC]
(Aug 11 2015 04:13:42,  844382 sec) TxPacket()           Invalid response [0x20] - resending packet. [PktNum=0x01]
(Aug 11 2015 04:13:42,  844382 sec) TxPacket()           Packet xmit history: [00000001] (0:ok, 1:fail).
(Aug 11 2015 04:14:01,  844402 sec) TxPacket()           NAK received - resending packet. [PktNum=0x03]
(Aug 11 2015 04:14:02,  844402 sec) TxPacket()           Packet xmit history: [00001001] (0:ok, 1:fail).
(Aug 11 2015 04:14:13,  844413 sec) TxPacket()           NAK received - resending packet. [PktNum=0x04]
(Aug 11 2015 04:14:13,  844413 sec) TxPacket()           Packet xmit history: [00100101] (0:ok, 1:fail).
(Aug 11 2015 04:14:20,  844420 sec) TxPacket()           NAK received - resending packet. [PktNum=0x04]
(Aug 11 2015 04:14:20,  844420 sec) TxPacket()           Packet xmit history: [01001011] (0:ok, 1:fail).
(Aug 11 2015 04:14:46,  844446 sec) TxPacket()           NAK received - resending packet. [PktNum=0x07]
(Aug 11 2015 04:14:46,  844446 sec) TxPacket()           Packet xmit history: [10110001] (0:ok, 1:fail).
(Aug 11 2015 04:14:56,  844456 sec) TxPacket()           NAK received - resending packet. [PktNum=0x07]
(Aug 11 2015 04:14:56,  844457 sec) TxPacket()           Packet xmit history: [01100011] (0:ok, 1:fail).
(Aug 11 2015 04:15:03,  844463 sec) TxPacket()           NAK received - resending packet. [PktNum=0x07]
(Aug 11 2015 04:15:03,  844463 sec) TxPacket()           Packet xmit history: [11000111] (0:ok, 1:fail).
(Aug 11 2015 04:15:25,  844485 sec) TxPacket()           NAK received - resending packet. [PktNum=0x09]
(Aug 11 2015 04:15:25,  844485 sec) TxPacket()           Packet xmit history: [00111001] (0:ok, 1:fail).
(Aug 11 2015 04:15:31,  844491 sec) TxPacket()           NAK received - resending packet. [PktNum=0x09]
(Aug 11 2015 04:15:31,  844491 sec) TxPacket()           Packet xmit history: [01110011] (0:ok, 1:fail).
(Aug 11 2015 04:15:43,  844503 sec) TxPacket()           NAK received - resending packet. [PktNum=0x09]
(Aug 11 2015 04:15:43,  844503 sec) TxPacket()           Packet xmit history: [11100111] (0:ok, 1:fail).
(Aug 11 2015 04:15:47,  844507 sec) TxPacket()           NAK received - resending packet. [PktNum=0x09]
(Aug 11 2015 04:15:47,  844507 sec) TxPacket()           Packet xmit history: [11001111] (0:ok, 1:fail).
(Aug 11 2015 04:16:27,  844547 sec) TxPacket()           NAK received - resending packet. [PktNum=0x0d]
(Aug 11 2015 04:16:27,  844547 sec) TxPacket()           Packet xmit history: [11100001] (0:ok, 1:fail).
(Aug 11 2015 04:16:28,  844548 sec) TxPacket()           NAK received - resending packet. [PktNum=0x0d]
(Aug 11 2015 04:16:28,  844548 sec) TxPacket()           Packet xmit history: [11000011] (0:ok, 1:fail).
(Aug 11 2015 04:16:35,  844555 sec) TxPacket()           NAK received - resending packet. [PktNum=0x0e]
(Aug 11 2015 04:16:35,  844555 sec) TxPacket()           Packet xmit history: [00001101] (0:ok, 1:fail).
(Aug 11 2015 04:16:45,  844565 sec) TxPacket()           NAK received - resending packet. [PktNum=0x0e]
(Aug 11 2015 04:16:45,  844565 sec) TxPacket()           Packet xmit history: [00011011] (0:ok, 1:fail).
(Aug 11 2015 04:17:22,  844602 sec) TxPacket()           NAK received - resending packet. [PktNum=0x14]
(Aug 11 2015 04:17:22,  844602 sec) TxPacket()           Packet xmit history: [10000001] (0:ok, 1:fail).
(Aug 11 2015 04:17:35,  844615 sec) TxPacket()           NAK received - resending packet. [PktNum=0x14]
(Aug 11 2015 04:17:35,  844615 sec) TxPacket()           Packet xmit history: [00000011] (0:ok, 1:fail).
(Aug 11 2015 04:17:41,  844621 sec) TxPacket()           NAK received - resending packet. [PktNum=0x14]
(Aug 11 2015 04:17:41,  844621 sec) TxPacket()           Packet xmit history: [00000111] (0:ok, 1:fail).
(Aug 11 2015 04:18:00,  844640 sec) TxPacket()           NAK received - resending packet. [PktNum=0x16]
(Aug 11 2015 04:18:00,  844640 sec) TxPacket()           Packet xmit history: [00111001] (0:ok, 1:fail).
(Aug 11 2015 04:18:06,  844646 sec) TxPacket()           NAK received - resending packet. [PktNum=0x16]
(Aug 11 2015 04:18:06,  844646 sec) TxPacket()           Packet xmit history: [01110011] (0:ok, 1:fail).
(Aug 11 2015 04:18:13,  844653 sec) TxPacket()           NAK received - resending packet. [PktNum=0x16]
(Aug 11 2015 04:18:13,  844653 sec) TxPacket()           Packet xmit history: [11100111] (0:ok, 1:fail).
(Aug 11 2015 04:18:21,  844661 sec) TxPacket()           NAK received - resending packet. [PktNum=0x16]
(Aug 11 2015 04:18:21,  844661 sec) TxPacket()           Packet xmit history: [11001111] (0:ok, 1:fail).
(Aug 11 2015 04:18:40,  844680 sec) TxPacket()           NAK received - resending packet. [PktNum=0x17]
(Aug 11 2015 04:18:40,  844681 sec) TxPacket()           Packet xmit history: [00111101] (0:ok, 1:fail).
(Aug 11 2015 04:18:53,  844693 sec) TxPacket()           NAK received - resending packet. [PktNum=0x19]
(Aug 11 2015 04:18:53,  844693 sec) TxPacket()           Packet xmit history: [11101001] (0:ok, 1:fail).
(Aug 11 2015 04:19:22,  844722 sec) TxPacket()           NAK received - resending packet. [PktNum=0x1e]
(Aug 11 2015 04:19:22,  844722 sec) TxPacket()           Packet xmit history: [01000001] (0:ok, 1:fail).
(Aug 11 2015 04:19:34,  844734 sec) TxPacket()           NAK received - resending packet. [PktNum=0x1f]
(Aug 11 2015 04:19:34,  844735 sec) TxPacket()           Packet xmit history: [00000101] (0:ok, 1:fail).
(Aug 11 2015 04:19:46,  844746 sec) TxPacket()           NAK received - resending packet. [PktNum=0x20]
(Aug 11 2015 04:19:46,  844746 sec) TxPacket()           Packet xmit history: [00010101] (0:ok, 1:fail).
(Aug 11 2015 04:19:59,  844759 sec) TxPacket()           NAK received - resending packet. [PktNum=0x20]
(Aug 11 2015 04:19:59,  844759 sec) TxPacket()           Packet xmit history: [00101011] (0:ok, 1:fail).
(Aug 11 2015 04:20:06,  844766 sec) TxPacket()           NAK received - resending packet. [PktNum=0x20]
(Aug 11 2015 04:20:06,  844766 sec) TxPacket()           Packet xmit history: [01010111] (0:ok, 1:fail).
(Aug 11 2015 04:20:15,  844775 sec) TxPacket()           NAK received - resending packet. [PktNum=0x20]
(Aug 11 2015 04:20:15,  844775 sec) TxPacket()           Packet xmit history: [10101111] (0:ok, 1:fail).
(Aug 11 2015 04:20:40,  844800 sec) TxPacket()           NAK received - resending packet. [PktNum=0x25]
(Aug 11 2015 04:20:40,  844800 sec) TxPacket()           Packet xmit history: [11000001] (0:ok, 1:fail).
(Aug 11 2015 04:21:02,  844822 sec) TxPacket()           NAK received - resending packet. [PktNum=0x28]
(Aug 11 2015 04:21:02,  844822 sec) TxPacket()           Packet xmit history: [00010001] (0:ok, 1:fail).
(Aug 11 2015 04:21:06,  844826 sec) TxPacket()           NAK received - resending packet. [PktNum=0x28]
(Aug 11 2015 04:21:06,  844826 sec) TxPacket()           Packet xmit history: [00100011] (0:ok, 1:fail).
(Aug 11 2015 04:21:46,  844866 sec) TxPacket()           NAK received - resending packet. [PktNum=0x28]
(Aug 11 2015 04:21:46,  844866 sec) TxPacket()           Packet xmit history: [01000111] (0:ok, 1:fail).
(Aug 11 2015 04:21:53,  844873 sec) TxPacket()           NAK received - resending packet. [PktNum=0x28]
(Aug 11 2015 04:21:53,  844873 sec) TxPacket()           Packet xmit history: [10001111] (0:ok, 1:fail).
(Aug 11 2015 04:22:56,  844936 sec) TxPacket()           NAK received - resending packet. [PktNum=0x31]
(Aug 11 2015 04:22:56,  844936 sec) TxPacket()           Packet xmit history: [00000001] (0:ok, 1:fail).
(Aug 11 2015 04:23:06,  844946 sec) TxPacket()           No carrier detected.
(Aug 11 2015 04:23:06,  844946 sec) TxPacket()           Exit status: -5
(Aug 11 2015 04:23:06,  844946 sec) Tx()                 Packet transmission failed - aborting transfer.
(Aug 11 2015 04:23:17,  844957 sec) UpLoadFile()         Upload failed.
(Aug 11 2015 04:23:23,  844963 sec) CLogin()             Connecting to primary host.
(Aug 11 2015 04:23:29,  844969 sec) chat()               Expected string [OK] not received.
(Aug 11 2015 04:23:29,  844969 sec) modem_restore_factor Modem command [AT&F0] failed.
(Aug 11 2015 04:23:29,  844969 sec) modem_initialize()   Unable to restore modem's factory defaults.
(Aug 11 2015 04:23:29,  844969 sec) modem_connect()      Modem configuration failed.
(Aug 11 2015 04:23:56,  844996 sec) CLogin()             Connection 3 established in 33 seconds.
(Aug 11 2015 04:24:26,  845026 sec) expect()             Attempt to read prompt string [login:] failed.
(Aug 11 2015 04:24:26,  845026 sec) login()              Login prompt not received.
(Aug 11 2015 04:24:26,  845026 sec) login()              No carrier detected.
(Aug 11 2015 04:24:26,  845026 sec) CLogin()             Attempt to login to host failed.
(Aug 11 2015 04:24:26,  845026 sec) UpLoad()             Files successfully uploaded: 1
(Aug 11 2015 04:24:26,  845026 sec) UpLoad()             Aborting upload: Retry limit [2] exceeded. Upload incomplete.
(Aug 11 2015 04:24:26,  845026 sec) logout()             No carrier detected.
(Aug 11 2015 04:24:26,  845026 sec) Telemetry()          Telemetry cycle complete: PrfId=27 ConnectionAttempts=4  Connections=3
(Aug 11 2015 04:39:41,  845941 sec) AirSystem()          Air-bladder inflation by-passed. Barometer: [128cnt, 7.1"Hg].
(Aug 11 2015 04:40:06,  845966 sec) GpsServices()        GPS almanac is current.
(Aug 11 2015 04:40:06,  845966 sec) GpsServices()        Initiating GPS fix acquisition.
(Aug 11 2015 04:40:42,  846002 sec) gga()                $GPGGA,044000,1147.0434,N,08641.7785,E,1,01,0.8,8.6,M,-77.4,M,,*6A
(Aug 11 2015 04:41:07,  846027 sec) gga()                $GPGGA,044010,1147.0486,N,08641.7811,E,1,08,1.2,7.4,M,-77.4,M,,*6F
(Aug 11 2015 04:41:07,  846027 sec) GpsServices()        Profile 27 GPS fix obtained in 61 seconds.
(Aug 11 2015 04:41:07,  846027 sec) GpsServices()                  lon     lat mm/dd/yyyy hhmmss nsat
(Aug 11 2015 04:41:07,  846027 sec) GpsServices()        Fix:   86.696  11.784 08/11/2015 044010    8
(Aug 11 2015 04:41:32,  846052 sec) gga()                $GPGGA,044050,1147.0548,N,08641.7839,E,1,07,1.0,8.3,M,-77.4,M,,*67
(Aug 11 2015 04:41:38,  846058 sec) gga()                $GPGGA,044120,1147.0600,N,08641.7852,E,1,11,0.8,3.4,M,-77.4,M,,*61
(Aug 11 2015 04:41:38,  846058 sec) GpsServices()        APF9 RTC skew (18s) OK.
(Aug 11 2015 04:41:38,  846058 sec) LogNmeaSentences()   ,59,136,48,09,13,172,43,11,23,040,42,13,18,292,42*77
(Aug 11 2015 04:41:38,  846059 sec) LogNmeaSentences()   $GPGSV,3,3,12,17,50,292,47,28,34,354,43,30,81,016,50,10,06,200,00*76
(Aug 11 2015 04:41:48,  846068 sec) LogNmeaSentences()   $GPRMC,044130,A,1147.0610,N,08641.7864,E,000.0,084.1,110815,001.5,W*61
(Aug 11 2015 04:41:48,  846068 sec) LogNmeaSentences()   $GPGGA,044130,1147.0610,N,08641.7864,E,1,11,0.8,3.2,M,-77.4,M,,*62
(Aug 11 2015 04:41:48,  846069 sec) LogNmeaSentences()   $GPGSA,A,3,01,03,04,06,07,09,11,13,17,28,30,,1.1,0.8,0.8*31
(Aug 11 2015 04:41:49,  846069 sec) LogNmeaSentences()   $GPGSV,3,1,12,01,34,050,45,03,10,111,42,04,09,041,39,06,25,201,46*7D
(Aug 11 2015 04:41:49,  846069 sec) LogNmeaSentences()   $GPGSV,3,2,12,07,59,136,47,09,13,172,39,11,23,040,45,13,18,292,44*74
(Aug 11 2015 04:41:50,  846070 sec) LogNmeaSentences()   $GPGSV,3,3,12,17,50,292,46,28,34,355,46,30,82,017,51,10,06,200,00*70
(Aug 11 2015 04:41:58,  846078 sec) LogNmeaSentences()   $GPRMC,044140,A,1147.0649,N,08641.7880,E,002.2,287.4,110815,001.5,W*64
(Aug 11 2015 04:41:58,  846078 sec) LogNmeaSentences()   $GPGGA,044140,1147.0649,N,08641.7880,E,1,11,0.8,4.0,M,-77.4,M,,*66
(Aug 11 2015 04:41:58,  846079 sec) LogNmeaSentences()   $GPGSA,A,3,01,03,04,06,07,09,11,13,17,28,30,,1.1,0.8,0.8*31
(Aug 11 2015 04:41:59,  846079 sec) LogNmeaSentences()   $GPGSV,3,1,12,01,34,050,44,03,10,110,41,04,09,041,41,06,25,201,42*75
(Aug 11 2015 04:41:59,  846079 sec) LogNmeaSentences()   $GPGSV,3,2,12,07,58,136,47,09,13,172,41,11,23,040,35,13,18,292,41*78
(Aug 11 2015 04:41:59,  846080 sec) LogNmeaSentences()   $GPGSV,3,3,12,17,50,292,47,28,34,355,45,30,82,017,50,10,06,200,00*73
(Aug 11 2015 04:42:08,  846088 sec) LogNmeaSentences()   $GPRMC,044150,A,1147.0677,N,08641.7890,E,002.0,029.5,110815,001.5,W*6C
(Aug 11 2015 04:42:08,  846088 sec) LogNmeaSentences()   $GPGGA,044150,1147.0677,N,08641.7890,E,1,11,0.8,4.7,M,-77.4,M,,*6C
(Aug 11 2015 04:42:08,  846089 sec) LogNmeaSentences()   $GPGSA,A,3,01,03,04,06,07,09,11,13,17,28,30,,1.1,0.8,0.8*31
(Aug 11 2015 04:42:09,  846089 sec) LogNmeaSentences()   $GPGSV,3,1,12,01,34,050,43,03,10,110,39,04,09,041,34,06,25,201,42*7F
(Aug 11 2015 04:42:09,  846089 sec) LogNmeaSentences()   $GPGSV,3,2,12,07,58,136,46,09,13,172,32,11,23,040,43,13,18,292,40*7D
(Aug 11 2015 04:42:09,  846090 sec) LogNmeaSentences()   $GPGSV,3,3,12,17,50,292,48,28,34,355,45,30,82,017,47,10,06,200,00*7A
(Aug 11 2015 04:42:18,  846098 sec) LogNmeaSentences()   $GPRMC,044200,A,1147.0697,N,08641.7897,E,001.6,063.7,110815,001.5,W*6A
(Aug 11 2015 04:42:18,  846098 sec) LogNmeaSentences()   $GPGGA,044200,1147.0697,N,08641.7897,E,1,11,0.8,6.0,M,-77.4,M,,*66
(Aug 11 2015 04:42:18,  846099 sec) LogNmeaSentences()   $GPGSA,A,3,01,03,04,06,07,09,11,13,17,28,30,,1.1,0.8,0.8*31
(Aug 11 2015 04:42:19,  846099 sec) LogNmeaSentences()   $GPGSV,3,1,12,01,34,050,44,03,10,110,41,04,09,041,43,06,25,201,41*74
(Aug 11 2015 04:42:19,  846099 sec) LogNmeaSentences()   $GPGSV,3,2,12,07,58,136,47,09,13,172,42,11,23,040,44,13,18,292,43*7F
(Aug 11 2015 04:42:20,  846100 sec) LogNmeaSentences()   $GPGSV,3,3,12,17,50,292,47,28,34,355,45,30,82,018,50,10,06,200,00*7C
(Aug 11 2015 04:42:20,  846100 sec) LogNmeaSentences()   $PGRMT,GPS 15x-L software ver. 3.80,,,,,,,,*7C
(Aug 11 2015 04:42:20,  846100 sec) GpsServices()        GPS services complete.
(Aug 11 2015 04:42:44,  846124 sec) CLogin()             Connecting to primary host.
(Aug 11 2015 04:43:04,  846144 sec) CLogin()             Connection 4 established in 20 seconds.
(Aug 11 2015 04:43:34,  846174 sec) expect()             Attempt to read prompt string [login:] failed.
(Aug 11 2015 04:43:34,  846174 sec) login()              Login prompt not received.
(Aug 11 2015 04:43:34,  846174 sec) login()              No carrier detected.
(Aug 11 2015 04:43:34,  846174 sec) CLogin()             Attempt to login to host failed.
(Aug 11 2015 04:43:34,  846174 sec) DownLoadMissionCfg() Connect/login failed.  Mission configuration not downloaded from remote host.
(Aug 11 2015 04:43:39,  846180 sec) CLogin()             Connecting to primary host.
(Aug 11 2015 04:43:54,  846194 sec) CLogin()             Connection 5 established in 15 seconds.
(Aug 11 2015 04:44:03,  846203 sec) login()              Login successful.
(Aug 11 2015 04:44:06,  846207 sec) CLogin()             Logged in to host.  [Login required 12 seconds]
(Aug 11 2015 04:44:15,  846215 sec) RxConfig()           Downloading "mission.cfg" from host.
(Aug 11 2015 04:44:17,  846217 sec) Rx()                 Initiating transfer. [0x43]
(Aug 11 2015 04:44:20,  846220 sec) RxStartByte()        Sync errors encountered: 325
(Aug 11 2015 04:44:23,  846223 sec) Rx()                 Pad character [0x1a] found in ascii mode - truncating packet.
(Aug 11 2015 04:44:28,  846228 sec) Rx()                 Received EOT - transfer complete. [1 packets, 1024 bytes, 11 sec, 93.1 bps]
(Aug 11 2015 04:44:28,  846228 sec) RxConfig()           Download successful.
(Aug 11 2015 04:44:49,  846249 sec) UpLoadFile()         Uploading "9567.027.log" to host as "9567.027.log".
(Aug 11 2015 04:44:51,  846251 sec) Tx()                 CRC negotiation successful. [16-bit CRC]
(Aug 11 2015 04:44:55,  846256 sec) TxPacket()           Invalid response [0x30] - resending packet. [PktNum=0x01]
(Aug 11 2015 04:44:56,  846256 sec) TxPacket()           Packet xmit history: [01110001] (0:ok, 1:fail).
(Aug 11 2015 04:45:42,  846302 sec) TxPacket()           NAK received - resending packet. [PktNum=0x09]
(Aug 11 2015 04:45:42,  846302 sec) TxPacket()           Packet xmit history: [00000001] (0:ok, 1:fail).
(Aug 11 2015 04:45:48,  846308 sec) TxPacket()           NAK received - resending packet. [PktNum=0x09]
(Aug 11 2015 04:45:48,  846308 sec) TxPacket()           Packet xmit history: [00000011] (0:ok, 1:fail).
(Aug 11 2015 04:46:19,  846339 sec) TxPacket()           NAK received - resending packet. [PktNum=0x0e]
(Aug 11 2015 04:46:19,  846339 sec) TxPacket()           Packet xmit history: [11000001] (0:ok, 1:fail).
(Aug 11 2015 04:46:43,  846363 sec) TxPacket()           NAK received - resending packet. [PktNum=0x11]
(Aug 11 2015 04:46:43,  846363 sec) TxPacket()           Packet xmit history: [00010001] (0:ok, 1:fail).
(Aug 11 2015 04:47:29,  846409 sec) TxPacket()           NAK received - resending packet. [PktNum=0x17]
(Aug 11 2015 04:47:29,  846409 sec) TxPacket()           Packet xmit history: [10000001] (0:ok, 1:fail).
(Aug 11 2015 04:47:39,  846419 sec) TxPacket()           NAK received - resending packet. [PktNum=0x18]
(Aug 11 2015 04:47:39,  846419 sec) TxPacket()           Packet xmit history: [00000101] (0:ok, 1:fail).
(Aug 11 2015 04:48:24,  846464 sec) TxPacket()           NAK received - resending packet. [PktNum=0x1f]
(Aug 11 2015 04:48:24,  846464 sec) TxPacket()           Packet xmit history: [00000001] (0:ok, 1:fail).
(Aug 11 2015 04:49:31,  846531 sec) Tx()                 Transmission completed successfully [41 packets, 40704 bytes, 279 sec, 147.3 bps]
(Aug 11 2015 04:49:31,  846531 sec) UpLoadFile()         Upload successful.
(Aug 11 2015 04:49:37,  846537 sec) UpLoad()             Files successfully uploaded: 1
(Aug 11 2015 04:49:37,  846537 sec) UpLoad()             Upload complete.
(Aug 11 2015 04:49:42,  846542 sec) chat()               Expected string [cmd>] not received.
(Aug 11 2015 04:49:42,  846542 sec) logout()             Can't get command prompt.
(Aug 11 2015 04:49:47,  846547 sec) chat()               Expected string [logout] not received.
(Aug 11 2015 04:49:47,  846547 sec) logout()             Attempt to log-out failed.
(Aug 11 2015 04:49:47,  846547 sec) logout()             No carrier detected.
(Aug 11 2015 04:49:47,  846547 sec) Telemetry()          Telemetry cycle complete: PrfId=27 ConnectionAttempts=6  Connections=5
(Aug 11 2015 04:49:47,  846547 sec) TelemetryTerminate() Parsing new mission configuration.
(Aug 11 2015 04:49:48,  846549 sec) configure()          Parsing configurators in "mission.cfg".
(Aug 11 2015 04:49:52,  846553 sec) configure()             TelemetryRetry(15)      [0x7BBC] [TelemetryRetry(15)].
(Aug 11 2015 04:49:53,  846553 sec) configure()          Configuration CRCs and syntax OK.
(Aug 11 2015 04:49:53,  846553 sec) ConfigSupervisor()   Sanity check violated: cfg->PressureCP >= 750
(Aug 11 2015 04:49:53,  846553 sec) ConfigSupervisor()   Configuration accepted.
(Aug 11 2015 04:49:53,  846553 sec) TelemetryTerminate() Reconditioning the file system.
(Aug 11 2015 04:50:06,       7 sec) DescentInit()        Deep profile 28 initiated at mission-time 846559sec.
(Aug 11 2015 04:50:09,      10 sec) DescentInit()        Surface pressure: -0.1dbars.
(Aug 11 2015 04:50:14,      15 sec) PistonMoveAbsWTO()    188->052 187 186 185 184 183 182 181 180 179 178 177 176 175 174 173 172 171 170 169 168 167 166 165 164 163 162 161 160 159 158 157 156 155 154 153 152 151 150 149 148 147 146 145 144 143 142 141 140 139 138 137 136 135 134 133 132 131 130 129 128 127 126 125 124 123 122 121 120 119 118 117 116 115 114 113 112 111 110 109 108 107 106 105 104 103 102 101 100 099 098 097 096 095 094 093 092 091 090 089 088 087 086 085 084 083 082 081 080 079 078 077 076 075 074 073 072 071 070 069 068 067 066 065 064 063 062 061 060 059 058 057 056 055 054 053 052 [679sec, 14.4Volts, 0.157Amps, CPT:679sec]
(Aug 11 2015 05:01:34,     695 sec) PistonMoveAbsWTO()    052->000 051 050 049 048 047 046 045 044 043 042 041 040 039 038 037 036 035 034 033 032 031 030 029 028 027 026 025 024 023 022 021 020 019 018 017 016 015 014 013 012 011 010 009 [213sec, 14.4Volts, 0.153Amps, CPT:892sec]
(Aug 11 2015 05:05:18,     919 sec) Descent()            Pressure: 73.1
(Aug 11 2015 05:50:03,    3604 sec) Descent()            Pressure: 395.0
(Aug 11 2015 06:50:03,    7204 sec) Descent()            Pressure: 890.5
(Aug 11 2015 06:50:03,    7204 sec) PistonMoveAbsWTO()    009->052 010 011 012 013 014 015 016 017 018 019 020 021 022 023 024 025 026 027 028 029 030 031 032 033 034 035 036 037 038 039 040 041 042 043 044 045 046 047 048 049 050 051 052 [238sec, 13.9Volts, 0.435Amps, CPT:1130sec]
(Aug 11 2015 07:50:03,   10804 sec) Descent()            Pressure: 897.1
(Aug 11 2015 08:50:03,   14404 sec) Descent()            Pressure: 923.5
(Aug 11 2015 09:50:03,   18004 sec) Descent()            Pressure: 943.8
(Aug 11 2015 09:50:03,   18004 sec) ParkInit()           
(Aug 11 2015 11:50:32,   25233 sec) Park()               ParkPOutOfBand[-3, 962.6 dbars]: retract piston.
(Aug 11 2015 11:50:33,   25234 sec) PistonMoveAbsWTO()    052->051 051 [2sec, 14.6Volts, 0.097Amps, CPT:1132sec]
(Aug 11 2015 14:50:32,   36033 sec) Park()               ParkPOutOfBand[-3, 984.6 dbars]: retract piston.
(Aug 11 2015 14:50:33,   36034 sec) PistonMoveAbsWTO()    051->050 050 [4sec, 14.7Volts, 0.089Amps, CPT:1136sec]
(Aug 11 2015 18:50:32,   50433 sec) Park()               ParkPOutOfBand[3, 1015.8 dbars]: extend piston.
(Aug 11 2015 18:50:33,   50434 sec) PistonMoveAbsWTO()    050->051 051 [2sec, 14.2Volts, 0.471Amps, CPT:1138sec]
(Aug 11 2015 22:50:32,   64833 sec) Park()               ParkPOutOfBand[3, 1013.9 dbars]: extend piston.
(Aug 11 2015 22:50:33,   64834 sec) PistonMoveAbsWTO()    051->052 052 [4sec, 14.2Volts, 0.467Amps, CPT:1142sec]
(Aug 13 2015 18:50:33,  223234 sec) Park()               ParkPOutOfBand[3, 1018.0 dbars]: extend piston.
(Aug 13 2015 18:50:33,  223234 sec) PistonMoveAbsWTO()    052->053 053 [6sec, 14.1Volts, 0.479Amps, CPT:1148sec]
(Aug 13 2015 21:50:33,  234034 sec) Park()               ParkPOutOfBand[-3, 982.7 dbars]: retract piston.
(Aug 13 2015 21:50:33,  234034 sec) PistonMoveAbsWTO()    053->052 052 [2sec, 14.6Volts, 0.093Amps, CPT:1150sec]
(Aug 20 2015 12:50:24,  806425 sec) CtdPower()           [ 1005.40,  6.5443, 34.9310]
(Aug 20 2015 12:50:24,  806425 sec) CtdPower()           CTD Power consumption [186VCnt 11ACnt]: 14.418Volts * 0.044Amps = 0.64Watts.
(Aug 20 2015 12:50:24,  806426 sec) ParkTerminate()      Piston Position:52 Vacuum:79 Vq:197 Aq:6 Vsbe:186 Asbe:11
(Aug 20 2015 12:50:52,  806453 sec) ParkTerminate()      PTS: 1005.3dbars 6.5443C 34.9305PSU
(Aug 20 2015 12:50:52,  806454 sec) GoDeepInit()         Moving piston.
(Aug 20 2015 12:50:53,  806454 sec) PistonMoveAbsWTO()    052->015 051 050 049 048 047 046 045 044 043 042 041 040 039 038 037 036 035 034 033 032 031 030 029 028 027 026 025 024 023 022 021 020 019 018 017 016 015 [182sec, 14.5Volts, 0.077Amps, CPT:1332sec]
(Aug 20 2015 17:50:03,  824404 sec) ProfileInit()        PrfId:028  Pressure:1985.5dbar  pTable[1]:1900dbar
(Aug 20 2015 17:50:06,  824407 sec) PistonMoveAbsWTO()    015->037 016 017 018 019 020 [30sec, 13.6Volts, 0.774Amps, CPT:1362sec]
(Aug 20 2015 17:50:46,  824447 sec) PistonMoveAbsWTO()    020->037 021 022 023 024 025 [30sec, 13.4Volts, 0.766Amps, CPT:1392sec]
(Aug 20 2015 17:51:26,  824487 sec) PistonMoveAbsWTO()    025->037 026 027 028 029 [30sec, 13.3Volts, 0.786Amps, CPT:1422sec]
(Aug 20 2015 17:52:06,  824527 sec) PistonMoveAbsWTO()    029->037 030 031 032 033 034 [30sec, 13.3Volts, 0.786Amps, CPT:1452sec]
(Aug 20 2015 17:52:46,  824567 sec) PistonMoveAbsWTO()    034->037 035 036 037 [18sec, 13.3Volts, 0.798Amps, CPT:1470sec]
(Aug 20 2015 18:03:31,  825212 sec) Profile()            Sample 0 initiated at 1900.4dbars for bin 1 [1900dbars].  PTS: 1897.4dbars 3.0541C 34.7918PSU
(Aug 20 2015 18:18:05,  826086 sec) Profile()            Sample 1 initiated at 1800.7dbars for bin 2 [1800dbars].  PTS: 1798.0dbars 3.3089C 34.8026PSU
(Aug 20 2015 18:35:24,  827125 sec) AscentControlAgent() Bouyancy nudge to 47 (v=0.078dbar/sec).
(Aug 20 2015 18:35:24,  827126 sec) PistonMoveAbsWTO()    037->047 038 039 040 041 042 [30sec, 13.6Volts, 0.689Amps, CPT:1500sec]
(Aug 20 2015 18:36:05,  827166 sec) PistonMoveAbsWTO()    042->047 043 044 045 046 [30sec, 13.5Volts, 0.705Amps, CPT:1530sec]
(Aug 20 2015 18:37:12,  827233 sec) Profile()            Sample 2 initiated at 1698.5dbars for bin 3 [1700dbars].  PTS: 1695.9dbars 3.6162C 34.8157PSU
(Aug 20 2015 18:37:13,  827234 sec) PistonMoveAbsWTO()    046->047 047 [4sec, 13.6Volts, 0.693Amps, CPT:1534sec]
(Aug 20 2015 18:53:10,  828191 sec) Profile()            Sample 3 initiated at 1600.5dbars for bin 4 [1600dbars].  PTS: 1598.0dbars 4.1019C 34.8349PSU
(Aug 20 2015 19:10:44,  829245 sec) Profile()            Sample 4 initiated at 1500.3dbars for bin 5 [1500dbars].  PTS: 1498.2dbars 4.5212C 34.8521PSU
(Aug 20 2015 19:20:51,  829852 sec) AscentControlAgent() Bouyancy nudge to 57 (v=0.076dbar/sec).
(Aug 20 2015 19:20:51,  829853 sec) PistonMoveAbsWTO()    047->057 048 049 050 051 052 [30sec, 13.7Volts, 0.621Amps, CPT:1564sec]
(Aug 20 2015 19:21:32,  829893 sec) PistonMoveAbsWTO()    052->057 053 054 055 056 057 [28sec, 13.6Volts, 0.608Amps, CPT:1592sec]
(Aug 20 2015 19:29:30,  830371 sec) Profile()            Sample 5 initiated at 1400.7dbars for bin 6 [1400dbars].  PTS: 1398.2dbars 4.8945C 34.8657PSU
(Aug 20 2015 19:38:02,  830883 sec) Profile()            Sample 6 initiated at 1350.6dbars for bin 7 [1350dbars].  PTS: 1348.2dbars 5.0785C 34.8719PSU
(Aug 20 2015 19:46:34,  831395 sec) Profile()            Sample 7 initiated at 1300.9dbars for bin 8 [1300dbars].  PTS: 1298.5dbars 5.3062C 34.8813PSU
(Aug 20 2015 19:55:34,  831935 sec) Profile()            Sample 8 initiated at 1250.5dbars for bin 9 [1250dbars].  PTS: 1248.2dbars 5.5172C 34.8910PSU
(Aug 20 2015 20:05:36,  832537 sec) Profile()            Sample 9 initiated at 1200.9dbars for bin 10 [1200dbars].  PTS: 1199.0dbars 5.7189C 34.8978PSU
(Aug 20 2015 20:05:59,  832560 sec) AscentControlAgent() Bouyancy nudge to 67 (v=0.078dbar/sec).
(Aug 20 2015 20:05:59,  832561 sec) PistonMoveAbsWTO()    057->067 058 059 060 061 062 [30sec, 13.9Volts, 0.524Amps, CPT:1622sec]
(Aug 20 2015 20:06:40,  832601 sec) PistonMoveAbsWTO()    062->067 063 064 065 066 067 [29sec, 13.7Volts, 0.528Amps, CPT:1651sec]
(Aug 20 2015 20:14:08,  833049 sec) Profile()            Sample 10 initiated at 1150.7dbars for bin 11 [1150dbars].  PTS: 1148.2dbars 5.9652C 34.9074PSU
(Aug 20 2015 20:22:30,  833551 sec) Profile()            Sample 11 initiated at 1100.5dbars for bin 12 [1100dbars].  PTS: 1097.9dbars 6.1780C 34.9141PSU
(Aug 20 2015 20:30:40,  834041 sec) Profile()            Sample 12 initiated at 1050.1dbars for bin 13 [1050dbars].  PTS: 1047.6dbars 6.4340C 34.9237PSU
(Aug 20 2015 20:39:02,  834543 sec) Profile()            Sample 13 initiated at 1000.3dbars for bin 14 [1000dbars].  PTS: 997.9dbars 6.6631C 34.9351PSU
(Aug 20 2015 20:47:44,  835065 sec) Profile()            Sample 14 initiated at 950.8dbars for bin 15 [950dbars].  PTS: 948.4dbars 6.9163C 34.9441PSU
(Aug 20 2015 20:57:06,  835627 sec) Profile()            Sample 15 initiated at 900.5dbars for bin 16 [900dbars].  PTS: 898.4dbars 7.1611C 34.9513PSU
(Aug 20 2015 21:06:11,  836172 sec) AscentControlAgent() Bouyancy nudge to 77 (v=0.075dbar/sec).
(Aug 20 2015 21:06:11,  836173 sec) PistonMoveAbsWTO()    067->077 068 069 070 071 072 [30sec, 14.0Volts, 0.415Amps, CPT:1681sec]
(Aug 20 2015 21:06:52,  836213 sec) PistonMoveAbsWTO()    072->077 073 074 075 076 077 [26sec, 13.9Volts, 0.423Amps, CPT:1707sec]
(Aug 20 2015 21:07:56,  836277 sec) Profile()            Sample 16 initiated at 849.1dbars for bin 17 [850dbars].  PTS: 846.5dbars 7.4201C 34.9588PSU


(Aug 20 2015 21:15:46) LogSize()            Log file is 38988 bytes.  Limit is 40960 bytes.

(Aug 20 2015 21:15:46,  836747 sec) Profile()            Sample 17 initiated at 800.0dbars for bin 18 [800dbars].  PTS: 797.4dbars 7.7769C 34.9718PSU
(Aug 20 2015 21:23:48,  837229 sec) Profile()            Sample 18 initiated at 750.2dbars for bin 19 [750dbars].  PTS: 747.6dbars 8.1031C 34.9840PSU
(Aug 20 2015 21:31:48,  837709 sec) Profile()            Sample 19 initiated at 700.3dbars for bin 20 [700dbars].  PTS: 697.7dbars 8.3440C 34.9922PSU
(Aug 20 2015 21:39:30,  838171 sec) Profile()            Sample 20 initiated at 650.2dbars for bin 21 [650dbars].  PTS: 647.4dbars 8.6504C 35.0017PSU
(Aug 20 2015 21:46:50,  838611 sec) Profile()            Sample 21 initiated at 600.9dbars for bin 22 [600dbars].  PTS: 598.1dbars 8.9591C 35.0108PSU
(Aug 20 2015 21:54:12,  839053 sec) Profile()            Sample 22 initiated at 550.8dbars for bin 23 [550dbars].  PTS: 548.1dbars 9.2471C 35.0174PSU
(Aug 20 2015 22:02:02,  839523 sec) Profile()            Sample 23 initiated at 500.1dbars for bin 24 [500dbars].  PTS: 497.6dbars 9.6010C 35.0248PSU
(Aug 20 2015 22:03:42,  839623 sec) Sbe41cpStartCP()     Continuous profile started.
(Aug 20 2015 22:54:42,  842683 sec) AscentControlAgent() Bouyancy nudge to 87 (v=0.060dbar/sec).
(Aug 20 2015 22:54:42,  842683 sec) PistonMoveAbsWTO()    077->087 078 079 080 081 082 [30sec, 14.2Volts, 0.210Amps, CPT:1737sec]
(Aug 20 2015 22:55:22,  842723 sec) PistonMoveAbsWTO()    082->087 083 084 085 086 087 [23sec, 14.2Volts, 0.210Amps, CPT:1760sec]
(Aug 20 2015 23:00:51,  843052 sec) AscentControlAgent() Bouyancy nudge to 97 (v=0.080dbar/sec).
(Aug 20 2015 23:00:51,  843052 sec) PistonMoveAbsWTO()    087->097
<EOT>
