(Feb 08 2019 01:38:08,  842886 sec) TelemetryInit()      Profile 157. (Apf9i FwRev: 012811)
(Feb 08 2019 01:47:00,  843418 sec) AirSystem()          Battery [105cnt, 8.1V]  Current [74cnt, 29.8mA]  Barometer [126cnt, 6.5"Hg]  Run-Time [97s]
(Feb 08 2019 01:47:36,  843453 sec) GpsServices()        GPS almanac is current.
(Feb 08 2019 01:47:36,  843453 sec) GpsServices()        Initiating GPS fix acquisition.
(Feb 08 2019 01:47:53,  843471 sec) gga()                $GPGGA,014740,1805.1228,N,08439.4773,E,0,00,,,M,,M,,*5F
(Feb 08 2019 01:48:00,  843477 sec) gga()                $GPGGA,014730,1805.1228,N,08439.4773,E,0,00,,,M,,M,,*58
(Feb 08 2019 01:48:08,  843486 sec) gga()                $GPGGA,014740,1805.1228,N,08439.4773,E,0,00,,,M,,M,,*5F
(Feb 08 2019 01:48:18,  843496 sec) gga()                $GPGGA,014750,1805.1228,N,08439.4773,E,0,00,,,M,,M,,*5E
(Feb 08 2019 01:48:47,  843524 sec) gga()                $GPGGA,014800,1916.7984,N,08613.9615,E,1,11,0.8,8.4,M,-70.1,M,,*6A
(Feb 08 2019 01:48:47,  843524 sec) GpsServices()        Profile 157 GPS fix obtained in 71 seconds.
(Feb 08 2019 01:48:47,  843524 sec) GpsServices()                  lon     lat mm/dd/yyyy hhmmss nsat
(Feb 08 2019 01:48:47,  843524 sec) GpsServices()        Fix:   86.233  19.280 02/08/2019 014800   11
(Feb 08 2019 01:49:17,  843554 sec) gga()                $GPGGA,014830,1916.8022,N,08613.9824,E,1,11,0.8,7.5,M,-70.1,M,,*61
(Feb 08 2019 01:49:25,  843563 sec) gga()                $GPGGA,014900,1916.8075,N,08614.0051,E,1,11,0.8,4.2,M,-70.1,M,,*61
(Feb 08 2019 01:49:25,  843563 sec) GpsServices()        APF9 RTC skew (25s) OK.
(Feb 08 2019 01:49:26,  843563 sec) LogNmeaSentences()   3,050,46,21,49,161,45,24,18,042,41,25,13,126,41*7B
(Feb 08 2019 01:49:26,  843564 sec) LogNmeaSentences()   $GPGSV,3,3,11,27,17,268,44,31,23,200,41,32,52,298,49*4A
(Feb 08 2019 01:49:26,  843564 sec) LogNmeaSentences()   $PGRMT,GPS 15x-L software ver. 3.80,,,,,,,,*7C
(Feb 08 2019 01:49:35,  843573 sec) LogNmeaSentences()   $GPRMC,014910,A,1916.8082,N,08614.0115,E,002.2,070.1,080219,000.8,W*66
(Feb 08 2019 01:49:36,  843573 sec) LogNmeaSentences()   $GPGGA,014910,1916.8082,N,08614.0115,E,1,11,0.8,3.7,M,-70.1,M,,*6B
(Feb 08 2019 01:49:36,  843573 sec) LogNmeaSentences()   $GPGSA,A,3,08,10,12,14,20,21,24,25,27,31,32,,1.1,0.8,0.7*34
(Feb 08 2019 01:49:36,  843574 sec) LogNmeaSentences()   $GPGSV,3,1,11,08,06,295,42,10,48,002,45,12,05,094,41,14,44,273,43*79
(Feb 08 2019 01:49:37,  843574 sec) LogNmeaSentences()   $GPGSV,3,2,11,20,53,050,47,21,49,161,46,24,18,042,38,25,13,126,40*76
(Feb 08 2019 01:49:37,  843574 sec) LogNmeaSentences()   $GPGSV,3,3,11,27,17,268,44,31,23,200,44,32,52,298,48*4E
(Feb 08 2019 01:49:45,  843583 sec) LogNmeaSentences()   $GPRMC,014920,A,1916.8099,N,08614.0182,E,002.3,086.2,080219,000.8,W*6A
(Feb 08 2019 01:49:46,  843583 sec) LogNmeaSentences()   $GPGGA,014920,1916.8099,N,08614.0182,E,1,11,0.8,3.2,M,-70.1,M,,*69
(Feb 08 2019 01:49:46,  843583 sec) LogNmeaSentences()   $GPGSA,A,3,08,10,12,14,20,21,24,25,27,31,32,,1.1,0.8,0.7*34
(Feb 08 2019 01:49:46,  843584 sec) LogNmeaSentences()   $GPGSV,3,1,11,08,06,295,41,10,48,002,47,12,05,094,40,14,44,273,45*7F
(Feb 08 2019 01:49:47,  843584 sec) LogNmeaSentences()   $GPGSV,3,2,11,20,53,050,46,21,49,161,48,24,17,042,40,25,13,126,41*78
(Feb 08 2019 01:49:47,  843584 sec) LogNmeaSentences()   $GPGSV,3,3,11,27,17,267,43,31,23,200,45,32,52,298,48*47
(Feb 08 2019 01:49:55,  843593 sec) LogNmeaSentences()   $GPRMC,014930,A,1916.8115,N,08614.0254,E,002.5,077.5,080219,000.8,W*69
(Feb 08 2019 01:49:56,  843593 sec) LogNmeaSentences()   $GPGGA,014930,1916.8115,N,08614.0254,E,1,11,0.8,3.4,M,-70.1,M,,*63
(Feb 08 2019 01:49:56,  843593 sec) LogNmeaSentences()   $GPGSA,A,3,08,10,12,14,20,21,24,25,27,31,32,,1.1,0.8,0.7*34
(Feb 08 2019 01:49:56,  843594 sec) LogNmeaSentences()   $GPGSV,3,1,11,08,06,295,40,10,48,002,46,12,05,094,41,14,44,273,44*7F
(Feb 08 2019 01:49:57,  843594 sec) GpsServices()        GPS services complete.
(Feb 08 2019 01:50:21,  843619 sec) CLogin()             Connecting to primary host.
(Feb 08 2019 01:50:31,  843629 sec) CLogin()             Connection 1 established in 10 seconds.
(Feb 08 2019 01:50:39,  843637 sec) login()              Login successful.
(Feb 08 2019 01:50:43,  843641 sec) CLogin()             Logged in to host.  [Login required 12 seconds]
(Feb 08 2019 01:50:51,  843648 sec) RxConfig()           Downloading "mission.cfg" from host.
(Feb 08 2019 01:50:53,  843651 sec) Rx()                 Initiating transfer. [0x43]
(Feb 08 2019 01:50:59,  843657 sec) Rx()                 Pad character [0x1a] found in ascii mode - truncating packet.
(Feb 08 2019 01:51:04,  843661 sec) Rx()                 Received EOT - transfer complete. [1 packets, 1024 bytes, 11 sec, 93.1 bps]
(Feb 08 2019 01:51:04,  843661 sec) RxConfig()           Download successful.
(Feb 08 2019 01:51:17,  843675 sec) WriteVitals()        Writing vitals to "9567.157.msg".
(Feb 08 2019 01:51:25,  843682 sec) UpLoadFile()         Uploading "9567.157.msg" to host as "9567.157.msg".
(Feb 08 2019 01:51:27,  843684 sec) Tx()                 CRC negotiation successful. [16-bit CRC]
(Feb 08 2019 01:51:54,  843711 sec) TxPacket()           NAK received - resending packet. [PktNum=0x05]
(Feb 08 2019 01:51:54,  843712 sec) TxPacket()           Packet xmit history: [00000001] (0:ok, 1:fail).
(Feb 08 2019 01:53:26,  843803 sec) TxPacket()           NAK received - resending packet. [PktNum=0x16]
(Feb 08 2019 01:53:26,  843804 sec) TxPacket()           Packet xmit history: [00000001] (0:ok, 1:fail).
(Feb 08 2019 01:53:41,  843819 sec) Tx()                 Transmission completed successfully [23 packets, 23057 bytes, 133 sec, 177.1 bps]
(Feb 08 2019 01:53:42,  843819 sec) UpLoadFile()         Upload successful.
(Feb 08 2019 01:53:49,  843827 sec) UpLoadFile()         Uploading "9567.157.log" to host as "9567.157.log".
(Feb 08 2019 01:53:51,  843829 sec) Tx()                 CRC negotiation successful. [16-bit CRC]
(Feb 08 2019 01:53:57,  843834 sec) TxPacket()           NAK received - resending packet. [PktNum=0x01]
(Feb 08 2019 01:53:57,  843835 sec) TxPacket()           Packet xmit history: [00001001] (0:ok, 1:fail).
(Feb 08 2019 01:55:19,  843916 sec) TxPacket()           NAK received - resending packet. [PktNum=0x10]
(Feb 08 2019 01:55:19,  843917 sec) TxPacket()           Packet xmit history: [00000001] (0:ok, 1:fail).
(Feb 08 2019 01:56:16,  843973 sec) TxPacket()           NAK received - resending packet. [PktNum=0x1a]
(Feb 08 2019 01:56:16,  843974 sec) TxPacket()           Packet xmit history: [00000001] (0:ok, 1:fail).
(Feb 08 2019 01:57:39,  844057 sec) Tx()                 Transmission completed successfully [40 packets, 40698 bytes, 226 sec, 181.2 bps]
(Feb 08 2019 01:57:39,  844057 sec) UpLoadFile()         Upload successful.
(Feb 08 2019 01:57:45,  844063 sec) UpLoad()             Files successfully uploaded: 2
(Feb 08 2019 01:57:45,  844063 sec) UpLoad()             Upload complete.
(Feb 08 2019 01:57:49,  844067 sec) logout()             Log-out successful.
(Feb 08 2019 01:57:50,  844068 sec) Telemetry()          Telemetry cycle complete: PrfId=157 ConnectionAttempts=1  Connections=1
(Feb 08 2019 01:57:51,  844068 sec) TelemetryTerminate() Parsing new mission configuration.
(Feb 08 2019 01:57:52,  844069 sec) configure()          Parsing configurators in "mission.cfg".
(Feb 08 2019 01:57:56,  844073 sec) configure()             TelemetryRetry(15)      [0x7BBC] [TelemetryRetry(15)].
(Feb 08 2019 01:57:56,  844074 sec) configure()          Configuration CRCs and syntax OK.
(Feb 08 2019 01:57:56,  844074 sec) ConfigSupervisor()   Sanity check violated: cfg->PressureCP >= 750
(Feb 08 2019 01:57:56,  844074 sec) ConfigSupervisor()   Configuration accepted.
(Feb 08 2019 01:57:57,  844074 sec) TelemetryTerminate() Reconditioning the file system.
(Feb 08 2019 01:58:06,       6 sec) DescentInit()        Deep profile 158 initiated at mission-time 844077sec.
(Feb 08 2019 01:58:09,       9 sec) DescentInit()        Surface pressure: -0.1dbars.
(Feb 08 2019 01:58:14,      14 sec) PistonMoveAbsWTO()    182->056 181 180 179 178 177 176 175 174 173 172 171 170 169 168 167 166 165 164 163 162 161 160 159 158 157 156 155 154 153 152 151 150 149 148 147 146 145 144 143 142 141 140 139 138 137 136 135 134 133 132 131 130 129 128 127 126 125 124 123 122 121 120 119 118 117 116 115 114 113 112 111 110 109 108 107 106 105 104 103 102 101 100 099 098 097 096 095 094 093 092 091 090 089 088 087 086 085 084 083 082 081 080 079 078 077 076 075 074 073 072 071 070 069 068 067 066 065 064 063 062 061 060 059 058 057 056 [1239sec, 7.5Volts, 0.157Amps, CPT:1239sec]
(Feb 08 2019 02:18:54,    1254 sec) PistonMoveAbsWTO()    056->000 055 054 053 052 051 050 049 048 047 046 045 044 043 042 041 040 039 038 037 036 035 034 033 032 031 030 029 028 027 026 025 024 023 022 021 020 019 018 017 016 015 014 013 012 011 010 009 [456sec, 7.6Volts, 0.145Amps, CPT:1695sec]
(Feb 08 2019 02:26:40,    1720 sec) Descent()            Pressure: 150.8
(Feb 08 2019 02:58:04,    3604 sec) Descent()            Pressure: 383.4
(Feb 08 2019 03:58:04,    7204 sec) Descent()            Pressure: 896.4
(Feb 08 2019 03:58:04,    7204 sec) PistonMoveAbsWTO()    009->056 010 011 012 013 014 015 016 017 018 019 020 021 022 023 024 025 026 027 028 029 030 031 032 033 034 035 036 037 038 039 040 041 042 043 044 045 046 047 048 049 050 051 052 053 054 055 056 [631sec, 6.4Volts, 0.479Amps, CPT:2326sec]
(Feb 08 2019 04:58:04,   10804 sec) Descent()            Pressure: 914.1
(Feb 08 2019 05:58:04,   14404 sec) Descent()            Pressure: 928.1
(Feb 08 2019 06:58:04,   18004 sec) Descent()            Pressure: 937.7
(Feb 08 2019 06:58:04,   18004 sec) ParkInit()           
(Feb 08 2019 08:58:33,   25233 sec) Park()               ParkPOutOfBand[-3, 948.7 dbars]: retract piston.
(Feb 08 2019 08:58:33,   25234 sec) PistonMoveAbsWTO()    056->055 055 [2sec, 8.0Volts, 0.089Amps, CPT:2328sec]
(Feb 08 2019 11:58:33,   36033 sec) Park()               ParkPOutOfBand[-3, 966.4 dbars]: retract piston.
(Feb 08 2019 11:58:33,   36034 sec) PistonMoveAbsWTO()    055->054 054 [9sec, 8.0Volts, 0.081Amps, CPT:2337sec]
(Feb 08 2019 21:58:33,   72033 sec) Park()               ParkPOutOfBand[3, 1021.5 dbars]: extend piston.
(Feb 08 2019 21:58:34,   72034 sec) PistonMoveAbsWTO()    054->055 055 [3sec, 7.4Volts, 0.492Amps, CPT:2340sec]
(Feb 09 2019 00:58:33,   82833 sec) Park()               ParkPOutOfBand[3, 1010.9 dbars]: extend piston.
(Feb 09 2019 00:58:34,   82834 sec) PistonMoveAbsWTO()    055->056 056 [13sec, 6.7Volts, 0.504Amps, CPT:2353sec]
(Feb 09 2019 03:58:33,   93633 sec) Park()               ParkPOutOfBand[-3, 987.7 dbars]: retract piston.
(Feb 09 2019 03:58:34,   93634 sec) PistonMoveAbsWTO()    056->055 055 [2sec, 8.1Volts, 0.097Amps, CPT:2355sec]
(Feb 13 2019 08:58:36,  457236 sec) Park()               ParkPOutOfBand[3, 1012.4 dbars]: extend piston.
(Feb 13 2019 08:58:36,  457236 sec) PistonMoveAbsWTO()    055->056 056 [3sec, 7.7Volts, 0.447Amps, CPT:2358sec]
(Feb 14 2019 12:58:36,  558036 sec) Park()               ParkPOutOfBand[3, 1010.3 dbars]: extend piston.
(Feb 14 2019 12:58:36,  558037 sec) PistonMoveAbsWTO()    056->057 057 [14sec, 6.7Volts, 0.479Amps, CPT:2372sec]
(Feb 14 2019 15:58:36,  568836 sec) Park()               ParkPOutOfBand[-3, 975.7 dbars]: retract piston.
(Feb 14 2019 15:58:36,  568837 sec) PistonMoveAbsWTO()    057->056 056 [3sec, 8.1Volts, 0.105Amps, CPT:2375sec]
(Feb 14 2019 18:58:36,  579636 sec) Park()               ParkPOutOfBand[-3, 983.8 dbars]: retract piston.
(Feb 14 2019 18:58:37,  579637 sec) PistonMoveAbsWTO()    056->055 055 [9sec, 8.1Volts, 0.089Amps, CPT:2384sec]
(Feb 14 2019 21:58:36,  590436 sec) Park()               ParkPOutOfBand[3, 1020.3 dbars]: extend piston.
(Feb 14 2019 21:58:37,  590437 sec) PistonMoveAbsWTO()    055->056 056 [3sec, 7.4Volts, 0.463Amps, CPT:2387sec]
(Feb 15 2019 00:58:36,  601236 sec) Park()               ParkPOutOfBand[3, 1018.3 dbars]: extend piston.
(Feb 15 2019 00:58:37,  601237 sec) PistonMoveAbsWTO()    056->057 057 [14sec, 6.7Volts, 0.516Amps, CPT:2401sec]
(Feb 15 2019 04:58:36,  615636 sec) Park()               ParkPOutOfBand[-3, 978.6 dbars]: retract piston.
(Feb 15 2019 04:58:37,  615637 sec) PistonMoveAbsWTO()    057->056 056 [2sec, 8.1Volts, 0.105Amps, CPT:2403sec]
(Feb 15 2019 17:58:36,  662436 sec) Park()               ParkPOutOfBand[-3, 984.8 dbars]: retract piston.
(Feb 15 2019 17:58:37,  662437 sec) PistonMoveAbsWTO()    056->055 055 [9sec, 8.1Volts, 0.101Amps, CPT:2412sec]
(Feb 15 2019 21:58:36,  676837 sec) Park()               ParkPOutOfBand[3, 1016.7 dbars]: extend piston.
(Feb 15 2019 21:58:37,  676837 sec) PistonMoveAbsWTO()    055->056 056 [3sec, 7.7Volts, 0.475Amps, CPT:2415sec]
(Feb 16 2019 00:58:36,  687637 sec) Park()               ParkPOutOfBand[3, 1013.7 dbars]: extend piston.
(Feb 16 2019 00:58:37,  687637 sec) PistonMoveAbsWTO()    056->057 057 [14sec, 6.7Volts, 0.512Amps, CPT:2429sec]
(Feb 16 2019 04:58:36,  702037 sec) Park()               ParkPOutOfBand[-3, 972.3 dbars]: retract piston.
(Feb 16 2019 04:58:37,  702037 sec) PistonMoveAbsWTO()    057->056 056 [3sec, 8.1Volts, 0.097Amps, CPT:2432sec]
(Feb 16 2019 07:58:36,  712837 sec) Park()               ParkPOutOfBand[-3, 986.1 dbars]: retract piston.
(Feb 16 2019 07:58:37,  712837 sec) PistonMoveAbsWTO()    056->055 055 [9sec, 8.1Volts, 0.093Amps, CPT:2441sec]
(Feb 16 2019 11:58:38,  727238 sec) Park()               ParkPOutOfBand[3, 1015.4 dbars]: extend piston.
(Feb 16 2019 11:58:38,  727239 sec) PistonMoveAbsWTO()    055->056 056 [3sec, 7.7Volts, 0.467Amps, CPT:2444sec]
(Feb 16 2019 14:58:38,  738038 sec) Park()               ParkPOutOfBand[3, 1014.6 dbars]: extend piston.
(Feb 16 2019 14:58:39,  738039 sec) PistonMoveAbsWTO()    056->057 057 [14sec, 6.7Volts, 0.492Amps, CPT:2458sec]
(Feb 16 2019 17:58:38,  748838 sec) Park()               ParkPOutOfBand[-3, 980.4 dbars]: retract piston.
(Feb 16 2019 17:58:39,  748839 sec) PistonMoveAbsWTO()    057->056 056 [2sec, 8.1Volts, 0.105Amps, CPT:2460sec]
(Feb 16 2019 20:58:38,  759638 sec) Park()               ParkPOutOfBand[-3, 987.4 dbars]: retract piston.
(Feb 16 2019 20:58:39,  759639 sec) PistonMoveAbsWTO()    056->055 055 [10sec, 8.0Volts, 0.097Amps, CPT:2470sec]
(Feb 16 2019 23:58:38,  770438 sec) Park()               ParkPOutOfBand[3, 1018.1 dbars]: extend piston.
(Feb 16 2019 23:58:39,  770439 sec) PistonMoveAbsWTO()    055->056 056 [4sec, 7.4Volts, 0.467Amps, CPT:2474sec]
(Feb 17 2019 02:58:38,  781238 sec) Park()               ParkPOutOfBand[3, 1016.9 dbars]: extend piston.
(Feb 17 2019 02:58:39,  781239 sec) PistonMoveAbsWTO()    056->057 057 [14sec, 6.7Volts, 0.504Amps, CPT:2488sec]
(Feb 17 2019 06:58:38,  795638 sec) Park()               ParkPOutOfBand[-3, 983.0 dbars]: retract piston.
(Feb 17 2019 06:58:39,  795639 sec) PistonMoveAbsWTO()    057->056 056 [2sec, 8.1Volts, 0.101Amps, CPT:2490sec]
(Feb 17 2019 09:58:25,  806425 sec) CtdPower()           [  984.78,  6.8004, 34.9586]
(Feb 17 2019 09:58:25,  806425 sec) CtdPower()           CTD Power consumption [125VCnt 11ACnt]: 9.690Volts * 0.044Amps = 0.43Watts.
(Feb 17 2019 09:58:25,  806426 sec) ParkTerminate()      Piston Position:56 Vacuum:81 Vq:146 Aq:5 Vsbe:125 Asbe:11
(Feb 17 2019 09:58:53,  806453 sec) ParkTerminate()      PTS: 984.6dbars 6.8008C 34.9536PSU
(Feb 17 2019 09:58:53,  806454 sec) GoDeepInit()         Moving piston.
(Feb 17 2019 09:58:54,  806454 sec) PistonMoveAbsWTO()    056->017 055 054 053 052 051 050 049 048 047 046 045 044 043 042 041 040 039 038 037 036 035 034 033 032 031 030 029 028 027 026 025 024 023 022 021 020 019 018 017 [355sec, 7.9Volts, 0.101Amps, CPT:2845sec]
(Feb 17 2019 14:58:04,  824404 sec) ProfileInit()        PrfId:158  Pressure:1589.2dbar  pTable[5]:1500dbar
(Feb 17 2019 14:58:07,  824407 sec) PistonMoveAbsWTO()    017->039 018 019 [30sec, 5.9Volts, 0.697Amps, CPT:2875sec]
(Feb 17 2019 14:58:47,  824447 sec) PistonMoveAbsWTO()    019->039 020 021 [30sec, 5.8Volts, 0.673Amps, CPT:2905sec]
(Feb 17 2019 14:59:27,  824487 sec) PistonMoveAbsWTO()    021->039 022 [30sec, 5.7Volts, 0.697Amps, CPT:2935sec]
(Feb 17 2019 15:00:08,  824528 sec) PistonMoveAbsWTO()    022->039 023 024 [30sec, 5.7Volts, 0.713Amps, CPT:2965sec]
(Feb 17 2019 15:00:48,  824568 sec) PistonMoveAbsWTO()    024->039 025 [30sec, 5.6Volts, 0.697Amps, CPT:2995sec]
(Feb 17 2019 15:01:29,  824609 sec) PistonMoveAbsWTO()    025->039 026 027 [30sec, 5.6Volts, 0.713Amps, CPT:3025sec]
(Feb 17 2019 15:02:09,  824649 sec) PistonMoveAbsWTO()    027->039 028 [30sec, 5.6Volts, 0.697Amps, CPT:3055sec]
(Feb 17 2019 15:02:50,  824690 sec) PistonMoveAbsWTO()    028->039 029 030 [30sec, 5.6Volts, 0.701Amps, CPT:3085sec]
(Feb 17 2019 15:03:30,  824730 sec) PistonMoveAbsWTO()    030->039 031 [30sec, 5.5Volts, 0.701Amps, CPT:3115sec]
(Feb 17 2019 15:04:11,  824771 sec) PistonMoveAbsWTO()    031->039 032 033 [30sec, 5.5Volts, 0.693Amps, CPT:3145sec]
(Feb 17 2019 15:04:51,  824811 sec) PistonMoveAbsWTO()    033->039 034 [30sec, 5.4Volts, 0.725Amps, CPT:3175sec]
(Feb 17 2019 15:05:32,  824852 sec) PistonMoveAbsWTO()    034->039 035 [30sec, 5.4Volts, 0.697Amps, CPT:3205sec]
(Feb 17 2019 15:06:13,  824893 sec) PistonMoveAbsWTO()    036->039 037 [30sec, 5.4Volts, 0.701Amps, CPT:3235sec]
(Feb 17 2019 15:06:54,  824934 sec) PistonMoveAbsWTO()    037->039 038 [30sec, 5.4Volts, 0.689Amps, CPT:3265sec]
(Feb 17 2019 15:07:35,  824975 sec) PistonMoveAbsWTO()    038->039 039 [3sec, 6.6Volts, 0.697Amps, CPT:3268sec]
(Feb 17 2019 15:13:10,  825310 sec) AscentControlAgent() Bouyancy nudge to 49 (v=0.018dbar/sec).
(Feb 17 2019 15:13:10,  825311 sec) PistonMoveAbsWTO()    039->049 040 [30sec, 5.7Volts, 0.693Amps, CPT:3298sec]
(Feb 17 2019 15:13:51,  825351 sec) PistonMoveAbsWTO()    040->049 041 042 [30sec, 5.5Volts, 0.693Amps, CPT:3328sec]
(Feb 17 2019 15:14:31,  825391 sec) PistonMoveAbsWTO()    042->049 043 [30sec, 5.5Volts, 0.685Amps, CPT:3358sec]
(Feb 17 2019 15:15:12,  825432 sec) PistonMoveAbsWTO()    043->049 044 [30sec, 5.4Volts, 0.713Amps, CPT:3388sec]
(Feb 17 2019 15:15:53,  825473 sec) PistonMoveAbsWTO()    044->049 045 046 [30sec, 5.4Volts, 0.729Amps, CPT:3418sec]
(Feb 17 2019 15:16:33,  825513 sec) PistonMoveAbsWTO()    046->049 047 [30sec, 5.3Volts, 0.709Amps, CPT:3448sec]
(Feb 17 2019 15:17:14,  825554 sec) PistonMoveAbsWTO()    047->049 048 [30sec, 5.3Volts, 0.713Amps, CPT:3478sec]
(Feb 17 2019 15:17:55,  825595 sec) PistonMoveAbsWTO()    048->049 049 [4sec, 6.3Volts, 0.689Amps, CPT:3482sec]
(Feb 17 2019 15:18:11,  825611 sec) AscentControlAgent() Bouyancy nudge to 59 (v=0.068dbar/sec).
(Feb 17 2019 15:18:11,  825612 sec) PistonMoveAbsWTO()    049->059 050 [30sec, 5.3Volts, 0.669Amps, CPT:3512sec]
(Feb 17 2019 15:18:52,  825652 sec) PistonMoveAbsWTO()    050->059 051 052 [30sec, 5.3Volts, 0.729Amps, CPT:3542sec]
(Feb 17 2019 15:19:32,  825692 sec) PistonMoveAbsWTO()    052->059 053 [30sec, 5.3Volts, 0.673Amps, CPT:3572sec]
(Feb 17 2019 15:20:13,  825733 sec) PistonMoveAbsWTO()    053->059 054 [30sec, 5.3Volts, 0.673Amps, CPT:3602sec]
(Feb 17 2019 15:20:54,  825774 sec) PistonMoveAbsWTO()    054->059 055 056 [30sec, 5.3Volts, 0.685Amps, CPT:3632sec]
(Feb 17 2019 15:21:34,  825814 sec) PistonMoveAbsWTO()    056->059 057 [30sec, 5.3Volts, 0.709Amps, CPT:3662sec]
(Feb 17 2019 15:22:15,  825855 sec) PistonMoveAbsWTO()    057->059 058 [30sec, 5.3Volts, 0.677Amps, CPT:3692sec]
(Feb 17 2019 15:22:56,  825896 sec) PistonMoveAbsWTO()    058->059 059 [1sec, 7.2Volts, 0.665Amps, CPT:3693sec]
(Feb 17 2019 15:23:19,  825919 sec) AscentControlAgent() Bouyancy nudge to 69 (Obs25Min).
(Feb 17 2019 15:23:19,  825920 sec) PistonMoveAbsWTO()    059->069 060 [30sec, 5.3Volts, 0.713Amps, CPT:3723sec]
(Feb 17 2019 15:23:59,  825959 sec) PistonMoveAbsWTO()    060->069 061 [30sec, 5.3Volts, 0.677Amps, CPT:3753sec]
(Feb 17 2019 15:24:40,  826000 sec) PistonMoveAbsWTO()    061->069 062 063 [30sec, 5.3Volts, 0.717Amps, CPT:3783sec]
(Feb 17 2019 15:25:20,  826040 sec) PistonMoveAbsWTO()    063->069 064 [30sec, 5.2Volts, 0.665Amps, CPT:3813sec]
(Feb 17 2019 15:26:01,  826081 sec) PistonMoveAbsWTO()    064->069 065 [30sec, 5.2Volts, 0.693Amps, CPT:3843sec]
(Feb 17 2019 15:27:09,  826149 sec) Profile()            Sample 0 initiated at 1498.8dbars for bin 5 [1500dbars].  PTS: 1495.7dbars 4.6751C 34.8723PSU
(Feb 17 2019 15:27:10,  826150 sec) PistonMoveAbsWTO()    065->069 066 067 [30sec, 5.3Volts, 0.661Amps, CPT:3873sec]
(Feb 17 2019 15:27:50,  826190 sec) PistonMoveAbsWTO()    067->069 068 [30sec, 5.3Volts, 0.649Amps, CPT:3903sec]
(Feb 17 2019 15:28:33,  826233 sec) PistonMoveAbsWTO()    068->069 069 [13sec, 5.3Volts, 0.697Amps, CPT:3916sec]
(Feb 17 2019 15:39:47,  826907 sec) Profile()            Sample 1 initiated at 1400.9dbars for bin 6 [1400dbars].  PTS: 1397.8dbars 5.0850C 34.8879PSU
(Feb 17 2019 15:46:27,  827307 sec) Profile()            Sample 2 initiated at 1350.2dbars for bin 7 [1350dbars].  PTS: 1347.0dbars 5.3353C 34.8976PSU
(Feb 17 2019 15:53:07,  827707 sec) Profile()            Sample 3 initiated at 1300.1dbars for bin 8 [1300dbars].  PTS: 1296.9dbars 5.5144C 34.9039PSU
(Feb 17 2019 15:59:59,  828119 sec) Profile()            Sample 4 initiated at 1250.0dbars for bin 9 [1250dbars].  PTS: 1247.1dbars 5.7576C 34.9139PSU
(Feb 17 2019 16:07:19,  828559 sec) Profile()            Sample 5 initiated at 1200.2dbars for bin 10 [1200dbars].  PTS: 1197.5dbars 5.9590C 34.9212PSU
(Feb 17 2019 16:15:31,  829051 sec) Profile()            Sample 6 initiated at 1150.3dbars for bin 11 [1150dbars].  PTS: 1147.9dbars 6.1804C 34.9295PSU
(Feb 17 2019 16:23:51,  829551 sec) Profile()            Sample 7 initiated at 1100.9dbars for bin 12 [1100dbars].  PTS: 1098.4dbars 6.4051C 34.9387PSU
(Feb 17 2019 16:32:23,  830063 sec) Profile()            Sample 8 initiated at 1050.2dbars for bin 13 [1050dbars].  PTS: 1048.0dbars 6.5162C 34.9429PSU
(Feb 17 2019 16:42:15,  830655 sec) Profile()            Sample 9 initiated at 1000.5dbars for bin 14 [1000dbars].  PTS: 998.6dbars 6.7801C 34.9532PSU
(Feb 17 2019 16:43:58,  830758 sec) AscentControlAgent() Bouyancy nudge to 79 (v=0.079dbar/sec).
(Feb 17 2019 16:43:58,  830759 sec) PistonMoveAbsWTO()    069->079 070 071 [30sec, 6.2Volts, 0.488Amps, CPT:3946sec]
(Feb 17 2019 16:44:39,  830799 sec) PistonMoveAbsWTO()    071->079 072 073 [30sec, 6.2Volts, 0.508Amps, CPT:3976sec]
(Feb 17 2019 16:45:19,  830839 sec) PistonMoveAbsWTO()    073->079 074 075 [30sec, 6.2Volts, 0.479Amps, CPT:4006sec]
(Feb 17 2019 16:45:59,  830879 sec) PistonMoveAbsWTO()    075->079 076 077 [30sec, 6.2Volts, 0.471Amps, CPT:4036sec]
(Feb 17 2019 16:46:39,  830919 sec) PistonMoveAbsWTO()    077->079 078 079 [30sec, 6.2Volts, 0.475Amps, CPT:4066sec]
(Feb 17 2019 16:51:09,  831189 sec) Profile()            Sample 10 initiated at 949.9dbars for bin 15 [950dbars].  PTS: 947.2dbars 7.1073C 34.9634PSU
(Feb 17 2019 16:58:49,  831649 sec) Profile()            Sample 11 initiated at 900.3dbars for bin 16 [900dbars].  PTS: 897.7dbars 7.3717C 34.9736PSU
(Feb 17 2019 17:06:51,  832131 sec) Profile()            Sample 12 initiated at 850.8dbars for bin 17 [850dbars].  PTS: 848.3dbars 7.5821C 34.9809PSU
(Feb 17 2019 17:15:23,  832643 sec) Profile()            Sample 13 initiated at 800.9dbars for bin 18 [800dbars].  PTS: 798.6dbars 8.0416C 34.9968PSU
(Feb 17 2019 17:24:03,  833163 sec) Profile()            Sample 14 initiated at 750.9dbars for bin 19 [750dbars].  PTS: 748.4dbars 8.3678C 35.0073PSU
(Feb 17 2019 17:32:15,  833655 sec) Profile()            Sample 15 initiated at 700.4dbars for bin 20 [700dbars].  PTS: 697.8dbars 8.7552C 35.0184PSU
(Feb 17 2019 17:40:37,  834157 sec) Profile()            Sample 16 initiated at 650.5dbars for bin 21 [650dbars].  PTS: 648.2dbars 9.0937C 35.0284PSU
(Feb 17 2019 17:50:09,  834729 sec) Profile()            Sample 17 initiated at 600.9dbars for bin 22 [600dbars].  PTS: 598.8dbars 9.4079C 35.0309PSU
(Feb 17 2019 17:59:29,  835289 sec) Profile()            Sample 18 initiated at 550.5dbars for bin 23 [550dbars].  PTS: 548.1dbars 9.8532C 35.0388PSU
(Feb 17 2019 18:07:51,  835791 sec) Profile()            Sample 19 initiated at 500.8dbars for bin 24 [500dbars].  PTS: 498.3dbars 10.1747C 35.0451PSU
(Feb 17 2019 18:09:29,  835889 sec) Sbe41cpStartCP()     Continuous profile started.
(Feb 17 2019 19:05:35,  839255 sec) AscentControlAgent() Bouyancy nudge to 89 (v=0.036dbar/sec).
(Feb 17 2019 19:05:35,  839255 sec) PistonMoveAbsWTO()    079->089 080 081 [30sec, 7.1Volts, 0.230Amps, CPT:4096sec]
(Feb 17 2019 19:06:15,  839295 sec) PistonMoveAbsWTO()    081->089 082 083 084 [30sec, 7.1Volts, 0.230Amps, CPT:4126sec]
(Feb 17 2019 19:06:55,  839335 sec) PistonMoveAbsWTO()    084->089 085 086 087 [30sec, 7.1Volts, 0.222Amps, CPT:4156sec]
(Feb 17 2019 19:07:35,  839375 sec) PistonMoveAbsWTO()    087->089 088 089 [18sec, 7.1Volts, 0.222Amps, CPT:4174sec]
(Feb 17 2019 19:12:59,  839699 sec) AscentControlAgent() Bouyancy nudge to 99 (v=0.048dbar/sec).
(Feb 17 2019 19:12:59,  839699 sec) PistonMoveAbsWTO()    089->099 090 091 [30sec, 7.2Volts, 0.218Amps, CPT:4204sec]
(Feb 17 2019 19:13:39,  839739 sec) PistonMoveAbsWTO()    091->099 092 093 094 [30sec, 7.1Volts, 0.218Amps, CPT:4234sec]
(Feb 17 2019 19:14:19,  839779 sec) PistonMoveAbsWTO()    094->099 095 096 097 [30sec, 7.1Volts, 0.226Amps, CPT:4264sec]
(Feb 17 2019 19:14:59,  839819 sec) PistonMoveAbsWTO()    097->099 098 099 [16sec, 7.1Volts, 0.226Amps, CPT:4280sec]
(Feb 17 2019 19:20:21,  840141 sec) AscentControlAgent() Bouyancy nudge to 109 (v=0.043dbar/sec).
(Feb 17 2019 19:20:21,  840141 sec) PistonMoveAbsWTO()    099->109 100 101 [30sec, 7.2Volts, 0.218Amps, CPT:4310sec]
(Feb 17 2019 19:21:01,  840181 sec) PistonMoveAbsWTO()    101->109 102 103 104 [30sec, 7.2Volts, 0.214Amps, CPT:4340sec]
(Feb 17 2019 19:21:41,  840221 sec) PistonMoveAbsWTO()    104->109 105 106 107 [30sec, 7.1Volts, 0.222Amps, CPT:4370sec]
(Feb 17 2019 19:22:21,  840261 sec) PistonMoveAbsWTO()    107->109 108 109 [17sec, 7.1Volts, 0.214Amps, CPT:4387sec]
(Feb 17 2019 19:27:44,  840584 sec) AscentControlAgent() Bouyancy nudge to 119 (v=0.021dbar/sec).
(Feb 17 2019 19:27:44,  840584 sec) PistonMoveAbsWTO()    109->119 110 111 [30sec, 7.2Volts, 0.214Amps, CPT:4417sec]
(Feb 17 2019 19:28:24,  840624 sec) PistonMoveAbsWTO()    111->119 112 113 114 [30sec, 7.2Volts, 0.222Amps, CPT:4447sec]
(Feb 17 2019 19:29:04,  840664 sec) PistonMoveAbsWTO()    114->119 115 116 117 [30sec, 7.1Volts, 0.218Amps, CPT:4477sec]
(Feb 17 2019 19:29:44,  840704 sec) PistonMoveAbsWTO()    117->119 118 119 [16sec, 7.2Volts, 0.218Amps, CPT:4493sec]
(Feb 17 2019 19:35:07,  841027 sec) AscentControlAgent() Bouyancy nudge to 129 (v=0.014dbar/sec).
(Feb 17 2019 19:35:07,  841027 sec) PistonMoveAbsWTO()    119->129 120 121 [30sec, 7.2Volts, 0.222Amps, CPT:4523sec]
(Feb 17 2019 19:35:47,  841067 sec) PistonMoveAbsWTO()    121->129 122 123 124 [30sec, 7.2Volts, 0.210Amps, CPT:4553sec]
(Feb 17 2019 19:36:27,  841107 sec) PistonMoveAbsWTO()    124->129 125 126 127 [30sec, 7.2Volts, 0.222Amps, CPT:4583sec]
(Feb 17 2019 19:37:07,  841147 sec) PistonMoveAbsWTO()    127->129 128 129 [16sec, 7.2Volts, 0.218Amps, CPT:4599sec]
(Feb 17 2019 19:42:30,  841470 sec) AscentControlAgent() Bouyancy nudge to 139 (v=0.011dbar/sec).
(Feb 17 2019 19:42:30,  841470 sec) PistonMoveAbsWTO()    129->139 130 131 [30sec, 7.2Volts, 0.218Amps, CPT:4629sec]
(Feb 17 2019 19:43:10,  841510 sec) PistonMoveAbsWTO()    131->139 132 133 134 [30sec, 7.2Volts, 0.214Amps, CPT:4659sec]
(Feb 17 2019 19:43:50,  841550 sec) PistonMoveAbsWTO()    134->139 135 136 137 [30sec, 7.2Volts, 0.222Amps, CPT:4689sec]
(Feb 17 2019 19:44:30,  841590 sec) PistonMoveAbsWTO()    137->139 138 139 [16sec, 7.2Volts, 0.218Amps, CPT:4705sec]
(Feb 17 2019 19:49:53,  841913 sec) AscentControlAgent() Bouyancy nudge to 149 (v=0.033dbar/sec).
(Feb 17 2019 19:49:53,  841913 sec) PistonMoveAbsWTO()    139->149 140 141 [30sec, 7.3Volts, 0.214Amps, CPT:4735sec]
(Feb 17 2019 19:50:33,  841953 sec) PistonMoveAbsWTO()    141->149 142 143 144 [30sec, 7.2Volts, 0.214Amps, CPT:4765sec]
(Feb 17 2019 19:51:13,  841993 sec) PistonMoveAbsWTO()    144->149 145 146 147 [30sec, 7.2Volts, 0.214Amps, CPT:4795sec]
(Feb 17 2019 19:51:53,  842033 sec) PistonMoveAbsWTO()    147->149 148 149 [16sec, 7.2Volts, 0.218Amps, CPT:4811sec]
(Feb 17 2019 19:55:01,  842221 sec) AscentControlAgent() Bouyancy nudge to 159 (v=0.044dbar/sec).
(Feb 17 2019 19:55:01,  842221 sec) PistonMoveAbsWTO()    149->159 150 151 [30sec, 7.3Volts, 0.210Amps, CPT:4841sec]
(Feb 17 2019 19:55:41,  842261 sec) PistonMoveAbsWTO()    151->159 152 153 154 [30sec, 7.3Volts, 0.205Amps, CPT:4871sec]
(Feb 17 2019 19:56:21,  842301 sec) PistonMoveAbsWTO()    154->159 155 156 157 [30sec, 7.3Volts, 0.205Amps, CPT:4901sec]
(Feb 17 2019 19:57:01,  842341 sec) PistonMoveAbsWTO()    157->159 158 159 [14sec, 7.3Volts, 0.210Amps, CPT:4915sec]
(Feb 17 2019 20:00:08,  842528 sec) AscentControlAgent() Bouyancy nudge to 169 (v=0.079dbar/sec).
(Feb 17 2019 20:00:08,  842528 sec) PistonMoveAbsWTO()    159->169 160 [15sec, 7.3Volts, 0.197Amps, CPT:4930sec]
(Feb 17 2019 20:00:33,  842553 sec) PistonMoveAbsWTO()    160->169 161 [15sec, 7.3Volts, 0.197Amps, CPT:4945sec]
(Feb 17 2019 20:00:58,  842578 sec) PistonMoveAbsWTO()    161->169 162 163 [15sec, 7.3Volts, 0.193Amps, CPT:4960sec]
(Feb 17 2019 20:01:23,  842603 sec) PistonMoveAbsWTO()    163->169 164 [15sec, 7.3Volts, 0.197Amps, CPT:4975sec]
(Feb 17 2019 20:01:48,  842628 sec) PistonMoveAbsWTO()    164->169 165 166 [15sec, 7.3Volts, 0.189Amps, CPT:4990sec]
(Feb 17 2019 20:02:13,  842653 sec) PistonMoveAbsWTO()    166->169 167 [15sec, 7.3Volts, 0.197Amps, CPT:5005sec]
(Feb 17 2019 20:02:41,  842681 sec) SurfaceDetect()      SurfacePressure:-0.1dbars Pressure:2.6dbars PistonPosition:167
(Feb 17 2019 20:02:42,  842682 sec) Sbe41cpStopCP()      Continuous profile stopped.
(Feb 17 2019 20:02:48,  842688 sec) PistonMoveAbsWTO()    167->189 168 169 170 171 172 173 174 175 176 177 178 179 180 181 182 183 184 185 186 187 188 189 [216sec, 7.4Volts, 0.177Amps, CPT:5221sec]
(Feb 17 2019 20:06:36,  842916 sec) sbe41cp.c:chat()     Expected string [S>] not received.
(Feb 17 2019 20:08:29,  843029 sec) Sbe41cpBinAverage()  Finished averaging 6824 samples in 109 seconds.
(Feb 17 2019 20:08:34,  843034 sec) Sbe41cpUploadCP()    Sbe41cpSerNo[5994] NSample[6824] NBin[247]
(Feb 17 2019 20:09:15,  843075 sec) Sbe41cpUploadCP()    Continuous profile uploaded [247 lines].

<EOT>
