(Dec 06 2015 21:03:49,  842875 sec) TelemetryInit()      Profile 39. (Apf9i FwRev: 012811)
(Dec 06 2015 21:10:54,  843301 sec) AirSystem()          Battery [186cnt, 14.4V]  Current [77cnt, 31.0mA]  Barometer [127cnt, 6.8"Hg]  Run-Time [52s]
(Dec 06 2015 21:11:23,  843329 sec) GpsServices()        GPS almanac is current.
(Dec 06 2015 21:11:23,  843329 sec) GpsServices()        Initiating GPS fix acquisition.
(Dec 06 2015 21:11:39,  843345 sec) gga()                $GPGGA,211140,1114.5894,N,08240.6464,E,0,00,,,M,,M,,*51
(Dec 06 2015 21:11:45,  843352 sec) gga()                $GPGGA,211130,1114.5894,N,08240.6464,E,0,00,,,M,,M,,*56
(Dec 06 2015 21:11:55,  843361 sec) gga()                $GPGGA,211140,1114.5894,N,08240.6464,E,0,00,,,M,,M,,*51
(Dec 06 2015 21:12:05,  843371 sec) gga()                $GPGGA,211150,1114.5894,N,08240.6464,E,0,00,,,M,,M,,*50
(Dec 06 2015 21:12:15,  843381 sec) gga()                $GPGGA,211200,1114.5894,N,08240.6464,E,0,00,,,M,,M,,*56
(Dec 06 2015 21:12:25,  843391 sec) gga()                $GPGGA,211210,1114.5894,N,08240.6464,E,0,00,,,M,,M,,*57
(Dec 06 2015 21:12:35,  843401 sec) gga()                $GPGGA,211220,1114.5894,N,08240.6464,E,0,00,,,M,,M,,*54
(Dec 06 2015 21:12:45,  843411 sec) gga()                $GPGGA,211230,1114.5894,N,08240.6464,E,0,00,,,M,,M,,*55
(Dec 06 2015 21:12:55,  843421 sec) gga()                $GPGGA,211240,1114.5894,N,08240.6464,E,0,00,,,M,,M,,*52
(Dec 06 2015 21:13:05,  843431 sec) gga()                $GPGGA,211250,1114.5894,N,08240.6464,E,0,00,,,M,,M,,*53
(Dec 06 2015 21:13:15,  843441 sec) gga()                $GPGGA,211300,1114.5894,N,08240.6464,E,0,00,,,M,,M,,*57
(Dec 06 2015 21:13:25,  843451 sec) gga()                $GPGGA,211310,1114.5894,N,08240.6464,E,0,00,,,M,,M,,*56
(Dec 06 2015 21:13:35,  843461 sec) gga()                $GPGGA,211320,1114.5894,N,08240.6464,E,0,00,,,M,,M,,*55
(Dec 06 2015 21:13:45,  843471 sec) gga()                $GPGGA,211330,1114.5894,N,08240.6464,E,0,00,,,M,,M,,*54
(Dec 06 2015 21:14:14,  843500 sec) gga()                $GPGGA,211340,1128.4090,N,08238.4041,E,1,11,0.8,-6.9,M,-89.8,M,,*4E
(Dec 06 2015 21:14:14,  843500 sec) GpsServices()        Profile 39 GPS fix obtained in 171 seconds.
(Dec 06 2015 21:14:14,  843500 sec) GpsServices()                  lon     lat mm/dd/yyyy hhmmss nsat
(Dec 06 2015 21:14:14,  843500 sec) GpsServices()        Fix:   82.640  11.473 12/06/2015 211340   11
(Dec 06 2015 21:14:43,  843530 sec) gga()                $GPGGA,211410,1128.4123,N,08238.3984,E,1,11,0.8,-5.8,M,-89.8,M,,*40
(Dec 06 2015 21:14:49,  843536 sec) gga()                $GPGGA,211440,1128.4143,N,08238.3913,E,1,10,0.8,-5.7,M,-89.8,M,,*43
(Dec 06 2015 21:14:49,  843536 sec) GpsServices()        APF9 RTC skew (9s) OK.
(Dec 06 2015 21:14:50,  843536 sec) LogNmeaSentences()   2,145,46,11,04,039,35,13,23,275,43,17,49,330,49*72
(Dec 06 2015 21:14:50,  843536 sec) LogNmeaSentences()   $GPGSV,3,3,12,19,36,013,47,28,37,013,46,30,76,136,49,09,06,162,00*79
(Dec 06 2015 21:14:59,  843545 sec) LogNmeaSentences()   $GPRMC,211450,A,1128.4149,N,08238.3881,E,002.2,269.8,061215,001.7,W*64
(Dec 06 2015 21:14:59,  843546 sec) LogNmeaSentences()   $GPGGA,211450,1128.4149,N,08238.3881,E,1,02,1.2,-4.7,M,-89.8,M,,*4B
(Dec 06 2015 21:15:00,  843546 sec) LogNmeaSentences()   $GPGSA,A,3,01,28,,,,,,,,,,,1.5,1.2,0.9*37
(Dec 06 2015 21:15:00,  843546 sec) LogNmeaSentences()   $GPGSV,3,1,12,01,17,041,29,28,37,013,27,02,13,210,00,03,07,089,00*7E
(Dec 06 2015 21:15:00,  843547 sec) LogNmeaSentences()   $GPGSV,3,2,12,06,47,196,00,07,41,145,00,09,05,161,00,11,05,039,00*77
(Dec 06 2015 21:15:01,  843547 sec) LogNmeaSentences()   $GPGSV,3,3,12,13,23,277,00,17,50,331,00,19,36,012,00,30,77,133,00*75
(Dec 06 2015 21:15:09,  843556 sec) LogNmeaSentences()   $GPRMC,211500,A,1128.4153,N,08238.3850,E,001.8,239.4,061215,001.7,W*67
(Dec 06 2015 21:15:09,  843556 sec) LogNmeaSentences()   $GPGGA,211500,1128.4153,N,08238.3850,E,1,10,0.8,-2.7,M,-89.8,M,,*46
(Dec 06 2015 21:15:10,  843556 sec) LogNmeaSentences()   $GPGSA,A,3,01,02,03,06,07,,13,17,19,28,30,,1.1,0.8,0.8*36
(Dec 06 2015 21:15:10,  843557 sec) LogNmeaSentences()   $GPGSV,3,1,12,01,17,041,40,02,13,210,41,03,07,089,38,06,47,196,46*7F
(Dec 06 2015 21:15:11,  843557 sec) LogNmeaSentences()   $GPGSV,3,2,12,07,41,145,46,11,04,040,37,13,23,275,43,17,49,331,45*70
(Dec 06 2015 21:15:11,  843557 sec) LogNmeaSentences()   $GPGSV,3,3,12,19,36,013,37,28,37,013,44,30,76,136,48,09,05,161,00*7D
(Dec 06 2015 21:15:11,  843558 sec) LogNmeaSentences()   $PGRMT,GPS 15x-L software ver. 3.80,,,,,,,,*7C
(Dec 06 2015 21:15:19,  843566 sec) LogNmeaSentences()   $GPRMC,211510,A,1128.4149,N,08238.3851,E,000.0,180.6,061215,001.7,W*66
(Dec 06 2015 21:15:19,  843566 sec) LogNmeaSentences()   $GPGGA,211510,1128.4149,N,08238.3851,E,1,10,0.8,-2.4,M,-89.8,M,,*4E
(Dec 06 2015 21:15:20,  843566 sec) GpsServices()        GPS services complete.
(Dec 06 2015 21:15:52,  843599 sec) CLogin()             Connecting to primary host.
(Dec 06 2015 21:16:03,  843610 sec) CLogin()             Connection 1 established in 11 seconds.
(Dec 06 2015 21:16:33,  843639 sec) expect()             Attempt to read prompt string [login:] failed.
(Dec 06 2015 21:16:33,  843639 sec) login()              Login prompt not received.
(Dec 06 2015 21:16:33,  843639 sec) login()              No carrier detected.
(Dec 06 2015 21:16:33,  843639 sec) CLogin()             Attempt to login to host failed.
(Dec 06 2015 21:16:33,  843639 sec) DownLoadMissionCfg() Connect/login failed.  Mission configuration not downloaded from remote host.
(Dec 06 2015 21:16:38,  843645 sec) CLogin()             Connecting to primary host.
(Dec 06 2015 21:16:50,  843657 sec) CLogin()             Connection 2 established in 12 seconds.
(Dec 06 2015 21:17:20,  843686 sec) expect()             Attempt to read prompt string [login:] failed.
(Dec 06 2015 21:17:20,  843686 sec) login()              Login prompt not received.
(Dec 06 2015 21:17:20,  843686 sec) login()              No carrier detected.
(Dec 06 2015 21:17:20,  843686 sec) CLogin()             Attempt to login to host failed.
(Dec 06 2015 21:17:20,  843686 sec) DownLoadMissionCfg() Connect/login failed.  Mission configuration not downloaded from remote host.
(Dec 06 2015 21:17:20,  843687 sec) DownLoadMissionCfg() Aborting download: Retry limit [2] exceeded.
(Dec 06 2015 21:17:20,  843687 sec) WriteVitals()        Writing vitals to "9567.039.msg".
(Dec 06 2015 21:17:23,  843689 sec) CLogin()             Connecting to primary host.
(Dec 06 2015 21:17:35,  843702 sec) CLogin()             Connection 3 established in 12 seconds.
(Dec 06 2015 21:17:45,  843711 sec) login()              Login successful.
(Dec 06 2015 21:17:48,  843715 sec) CLogin()             Logged in to host.  [Login required 13 seconds]
(Dec 06 2015 21:17:53,  843719 sec) UpLoadFile()         Uploading "9567.039.msg" to host as "9567.039.msg".
(Dec 06 2015 21:17:55,  843721 sec) Tx()                 CRC negotiation successful. [16-bit CRC]
(Dec 06 2015 21:17:59,  843726 sec) TxPacket()           Invalid response [0x43] - resending packet. [PktNum=0x01]
(Dec 06 2015 21:17:59,  843726 sec) TxPacket()           Packet xmit history: [01110001] (0:ok, 1:fail).
(Dec 06 2015 21:18:01,  843728 sec) TxPacket()           NAK received - resending packet. [PktNum=0x01]
(Dec 06 2015 21:18:01,  843728 sec) TxPacket()           Packet xmit history: [11100011] (0:ok, 1:fail).
(Dec 06 2015 21:18:09,  843736 sec) TxPacket()           NAK received - resending packet. [PktNum=0x02]
(Dec 06 2015 21:18:09,  843736 sec) TxPacket()           Packet xmit history: [10001101] (0:ok, 1:fail).
(Dec 06 2015 21:18:28,  843754 sec) TxPacket()           Packet xmit history: [11010000] (0:ok, 1:fail).
(Dec 06 2015 21:18:37,  843764 sec) TxPacket()           Invalid response [0x63] - resending packet. [PktNum=0x05]
(Dec 06 2015 21:18:37,  843764 sec) TxPacket()           Packet xmit history: [10100001] (0:ok, 1:fail).
(Dec 06 2015 21:18:38,  843764 sec) TxPacket()           Invalid response [0x6d] - resending packet. [PktNum=0x05]
(Dec 06 2015 21:18:38,  843765 sec) TxPacket()           Packet xmit history: [01000011] (0:ok, 1:fail).
(Dec 06 2015 21:18:39,  843766 sec) TxPacket()           Invalid response [0x5e] - resending packet. [PktNum=0x05]
(Dec 06 2015 21:18:39,  843766 sec) TxPacket()           Packet xmit history: [10000111] (0:ok, 1:fail).
(Dec 06 2015 21:18:40,  843766 sec) TxPacket()           Invalid response [0x42] - resending packet. [PktNum=0x05]
(Dec 06 2015 21:18:40,  843767 sec) TxPacket()           Packet xmit history: [00001111] (0:ok, 1:fail).
(Dec 06 2015 21:18:42,  843769 sec) TxPacket()           Invalid response [0x36] - resending packet. [PktNum=0x05]
(Dec 06 2015 21:18:42,  843769 sec) TxPacket()           Packet xmit history: [00011111] (0:ok, 1:fail).
(Dec 06 2015 21:18:43,  843770 sec) TxPacket()           Invalid response [0x2e] - resending packet. [PktNum=0x05]
(Dec 06 2015 21:18:43,  843770 sec) TxPacket()           Packet xmit history: [00111111] (0:ok, 1:fail).
(Dec 06 2015 21:18:45,  843771 sec) TxPacket()           Invalid response [0x32] - resending packet. [PktNum=0x05]
(Dec 06 2015 21:18:45,  843771 sec) TxPacket()           Packet xmit history: [01111111] (0:ok, 1:fail).
(Dec 06 2015 21:18:46,  843772 sec) TxPacket()           Invalid response [0x50] - resending packet. [PktNum=0x05]
(Dec 06 2015 21:18:46,  843772 sec) TxPacket()           Packet xmit history: [11111111] (0:ok, 1:fail).
(Dec 06 2015 21:18:46,  843773 sec) TxPacket()           Invalid response [0x20] - resending packet. [PktNum=0x05]
(Dec 06 2015 21:18:46,  843773 sec) TxPacket()           Packet xmit history: [11111111] (0:ok, 1:fail).
(Dec 06 2015 21:18:47,  843773 sec) TxPacket()           Exit status: -5
(Dec 06 2015 21:18:47,  843773 sec) Tx()                 Packet transmission failed - aborting transfer.
(Dec 06 2015 21:18:58,  843784 sec) UpLoadFile()         Upload failed.
(Dec 06 2015 21:19:19,  843806 sec) UpLoadFile()         Uploading "9567.039.log" to host as "9567.039.log".
(Dec 06 2015 21:20:19,  843865 sec) Tx()                 CRC negotiation failed - aborting transfer.
(Dec 06 2015 21:20:29,  843876 sec) UpLoadFile()         Upload failed.
(Dec 06 2015 21:20:29,  843876 sec) UpLoad()             Files successfully uploaded: 0
(Dec 06 2015 21:20:29,  843876 sec) UpLoad()             Aborting upload: Retry limit [2] exceeded. Upload incomplete.
(Dec 06 2015 21:20:33,  843880 sec) logout()             Log-out successful.
(Dec 06 2015 21:20:35,  843881 sec) Telemetry()          Telemetry cycle complete: PrfId=39 ConnectionAttempts=3  Connections=3
(Dec 06 2015 21:35:49,  844795 sec) AirSystem()          Air-bladder inflation by-passed. Barometer: [126cnt, 6.5"Hg].
(Dec 06 2015 21:36:25,  844831 sec) GpsServices()        GPS almanac is current.
(Dec 06 2015 21:36:25,  844831 sec) GpsServices()        Initiating GPS fix acquisition.
(Dec 06 2015 21:36:53,  844860 sec) gga()                $GPGGA,213620,1128.5088,N,08238.0952,E,1,10,0.8,-1.3,M,-89.9,M,,*45
(Dec 06 2015 21:36:54,  844860 sec) GpsServices()        Profile 39 GPS fix obtained in 29 seconds.
(Dec 06 2015 21:36:54,  844860 sec) GpsServices()                  lon     lat mm/dd/yyyy hhmmss nsat
(Dec 06 2015 21:36:54,  844860 sec) GpsServices()        Fix:   82.635  11.475 12/06/2015 213620   10
(Dec 06 2015 21:37:23,  844890 sec) gga()                $GPGGA,213650,1128.5111,N,08238.0863,E,1,10,0.8,-2.1,M,-89.9,M,,*41
(Dec 06 2015 21:37:29,  844896 sec) gga()                $GPGGA,213720,1128.5140,N,08238.0808,E,1,10,0.8,-6.3,M,-89.9,M,,*48
(Dec 06 2015 21:37:29,  844896 sec) GpsServices()        APF9 RTC skew (9s) OK.
(Dec 06 2015 21:37:30,  844896 sec) LogNmeaSentences()   ,150,47,09,01,155,28,13,23,263,34,17,44,344,45*7E
(Dec 06 2015 21:37:30,  844896 sec) LogNmeaSentences()   $GPGSV,3,3,11,19,29,020,43,28,41,025,45,30,65,154,47*45
(Dec 06 2015 21:37:39,  844906 sec) LogNmeaSentences()   $GPRMC,213730,A,1128.5144,N,08238.0787,E,002.1,254.9,061215,001.7,W*69
(Dec 06 2015 21:37:39,  844906 sec) LogNmeaSentences()   $GPGGA,213730,1128.5144,N,08238.0787,E,1,10,0.8,-5.2,M,-89.9,M,,*47
(Dec 06 2015 21:37:40,  844906 sec) LogNmeaSentences()   $GPGSA,A,3,01,02,03,06,07,,13,17,19,28,30,,1.2,0.8,0.8*35
(Dec 06 2015 21:37:40,  844907 sec) LogNmeaSentences()   $GPGSV,3,1,11,01,09,037,37,02,22,212,42,03,08,079,38,06,59,199,47*70
(Dec 06 2015 21:37:41,  844907 sec) LogNmeaSentences()   $GPGSV,3,2,11,07,31,151,44,09,01,155,20,13,23,263,43,17,44,344,46*77
(Dec 06 2015 21:37:41,  844907 sec) LogNmeaSentences()   $GPGSV,3,3,11,19,29,020,44,28,41,025,45,30,65,154,48*4D
(Dec 06 2015 21:37:49,  844916 sec) LogNmeaSentences()   $GPRMC,213740,A,1128.5148,N,08238.0772,E,001.9,294.8,061215,001.7,W*6E
(Dec 06 2015 21:37:49,  844916 sec) LogNmeaSentences()   $GPGGA,213740,1128.5148,N,08238.0772,E,1,10,0.8,-4.7,M,-89.9,M,,*42
(Dec 06 2015 21:37:50,  844916 sec) LogNmeaSentences()   $GPGSA,A,3,01,02,03,06,07,,13,17,19,28,30,,1.2,0.8,0.8*35
(Dec 06 2015 21:37:50,  844917 sec) LogNmeaSentences()   $GPGSV,3,1,11,01,09,037,35,02,22,212,43,03,08,079,28,06,59,199,46*73
(Dec 06 2015 21:37:51,  844917 sec) LogNmeaSentences()   $GPGSV,3,2,11,07,31,151,42,09,01,155,16,13,23,263,46,17,44,344,49*7E
(Dec 06 2015 21:37:51,  844917 sec) LogNmeaSentences()   $GPGSV,3,3,11,19,29,020,44,28,41,025,45,30,65,154,47*42
(Dec 06 2015 21:37:59,  844926 sec) LogNmeaSentences()   $GPRMC,213750,A,1128.5148,N,08238.0757,E,001.1,224.8,061215,001.7,W*6B
(Dec 06 2015 21:37:59,  844926 sec) LogNmeaSentences()   $GPGGA,213750,1128.5148,N,08238.0757,E,1,10,0.8,-6.8,M,-89.9,M,,*49
(Dec 06 2015 21:38:00,  844926 sec) LogNmeaSentences()   $GPGSA,A,3,01,02,03,06,07,,13,17,19,28,30,,1.2,0.8,0.8*35
(Dec 06 2015 21:38:00,  844927 sec) LogNmeaSentences()   $GPGSV,3,1,11,01,09,037,38,02,22,212,48,03,08,079,40,06,59,199,50*7C
(Dec 06 2015 21:38:01,  844927 sec) LogNmeaSentences()   $GPGSV,3,2,11,07,31,151,45,09,01,155,17,13,23,263,45,17,44,344,46*74
(Dec 06 2015 21:38:01,  844927 sec) LogNmeaSentences()   $GPGSV,3,3,11,19,29,020,38,28,41,025,41,30,65,154,47*4D
(Dec 06 2015 21:38:09,  844935 sec) LogNmeaSentences()   $GPRMC,213800,A,1128.5162,N,08238.0735,E,000.7,306.5,061215,001.7,W*66
(Dec 06 2015 21:38:09,  844936 sec) LogNmeaSentences()   $GPGGA,213800,1128.5162,N,08238.0735,E,1,08,1.0,-7.7,M,-89.9,M,,*41
(Dec 06 2015 21:38:10,  844936 sec) LogNmeaSentences()   $GPGSA,A,3,01,03,06,07,,13,19,28,30,,,,1.3,1.0,0.8*39
(Dec 06 2015 21:38:10,  844937 sec) LogNmeaSentences()   $GPGSV,3,1,11,01,09,037,39,03,08,079,41,06,59,199,46,07,31,151,46*76
(Dec 06 2015 21:38:11,  844937 sec) LogNmeaSentences()   $GPGSV,3,2,11,09,01,155,23,13,23,263,41,19,29,020,42,28,41,025,43*79
(Dec 06 2015 21:38:11,  844937 sec) LogNmeaSentences()   $GPGSV,3,3,11,30,65,154,50,02,22,212,00,17,44,345,00*4B
(Dec 06 2015 21:38:11,  844938 sec) LogNmeaSentences()   $PGRMT,GPS 15x-L software ver. 3.80,,,,,,,,*7C
(Dec 06 2015 21:38:11,  844938 sec) GpsServices()        GPS services complete.
(Dec 06 2015 21:38:36,  844963 sec) CLogin()             Connecting to primary host.
(Dec 06 2015 21:38:48,  844974 sec) CLogin()             Connection 4 established in 12 seconds.
(Dec 06 2015 21:39:18,  845004 sec) expect()             Attempt to read prompt string [login:] failed.
(Dec 06 2015 21:39:18,  845004 sec) login()              Login prompt not received.
(Dec 06 2015 21:39:18,  845004 sec) login()              No carrier detected.
(Dec 06 2015 21:39:18,  845004 sec) CLogin()             Attempt to login to host failed.
(Dec 06 2015 21:39:18,  845004 sec) DownLoadMissionCfg() Connect/login failed.  Mission configuration not downloaded from remote host.
(Dec 06 2015 21:39:23,  845010 sec) CLogin()             Connecting to primary host.
(Dec 06 2015 21:39:46,  845032 sec) CLogin()             Connection 5 established in 23 seconds.
(Dec 06 2015 21:40:01,  845047 sec) login()              Login successful.
(Dec 06 2015 21:40:04,  845050 sec) CLogin()             Logged in to host.  [Login required 18 seconds]
(Dec 06 2015 21:40:14,  845061 sec) RxConfig()           Downloading "mission.cfg" from host.
(Dec 06 2015 21:40:17,  845063 sec) Rx()                 Initiating transfer. [0x43]
(Dec 06 2015 21:40:22,  845068 sec) Rx()                 Truncated packet received - retrying.
(Dec 06 2015 21:40:26,  845072 sec) RxStartByte()        Sync errors encountered: 967
(Dec 06 2015 21:40:28,  845074 sec) Rx()                 Pad character [0x1a] found in ascii mode - truncating packet.
(Dec 06 2015 21:40:32,  845078 sec) Rx()                 Received EOT - transfer complete. [1 packets, 1024 bytes, 15 sec, 68.3 bps]
(Dec 06 2015 21:40:32,  845078 sec) RxConfig()           Download successful.
(Dec 06 2015 21:40:45,  845092 sec) WriteVitals()        Writing vitals to "9567.039.msg".
(Dec 06 2015 21:40:53,  845099 sec) UpLoadFile()         Uploading "9567.039.msg" to host as "9567.039.msg".
(Dec 06 2015 21:40:57,  845103 sec) Tx()                 CRC negotiation successful. [16-bit CRC]
(Dec 06 2015 21:41:04,  845111 sec) TxPacket()           NAK received - resending packet. [PktNum=0x01]
(Dec 06 2015 21:41:04,  845111 sec) TxPacket()           Packet xmit history: [01110001] (0:ok, 1:fail).
(Dec 06 2015 21:41:13,  845119 sec) TxPacket()           NAK received - resending packet. [PktNum=0x01]
(Dec 06 2015 21:41:13,  845119 sec) TxPacket()           Packet xmit history: [11100011] (0:ok, 1:fail).
(Dec 06 2015 21:41:43,  845150 sec) TxPacket()           NAK received - resending packet. [PktNum=0x06]
(Dec 06 2015 21:41:43,  845150 sec) TxPacket()           Packet xmit history: [11000001] (0:ok, 1:fail).
(Dec 06 2015 21:42:10,  845177 sec) TxPacket()           NAK received - resending packet. [PktNum=0x0a]
(Dec 06 2015 21:42:10,  845177 sec) TxPacket()           Packet xmit history: [00100001] (0:ok, 1:fail).
(Dec 06 2015 21:42:25,  845192 sec) TxPacket()           NAK received - resending packet. [PktNum=0x0b]
(Dec 06 2015 21:42:25,  845192 sec) TxPacket()           Packet xmit history: [10000101] (0:ok, 1:fail).
(Dec 06 2015 21:42:29,  845196 sec) TxPacket()           NAK received - resending packet. [PktNum=0x0b]
(Dec 06 2015 21:42:29,  845196 sec) TxPacket()           Packet xmit history: [00001011] (0:ok, 1:fail).
(Dec 06 2015 21:42:40,  845207 sec) TxPacket()           NAK received - resending packet. [PktNum=0x0c]
(Dec 06 2015 21:42:40,  845207 sec) TxPacket()           Packet xmit history: [00101101] (0:ok, 1:fail).
(Dec 06 2015 21:43:41,  845268 sec) TxPacket()           NAK received - resending packet. [PktNum=0x17]
(Dec 06 2015 21:43:41,  845268 sec) TxPacket()           Packet xmit history: [00000001] (0:ok, 1:fail).
(Dec 06 2015 21:44:15,  845302 sec) Tx()                 Transmission completed successfully [27 packets, 24031 bytes, 197 sec, 126.7 bps]
(Dec 06 2015 21:44:15,  845302 sec) UpLoadFile()         Upload successful.
(Dec 06 2015 21:44:22,  845309 sec) UpLoadFile()         Uploading "9567.039.log" to host as "9567.039.log".
(Dec 06 2015 21:44:26,  845313 sec) Tx()                 CRC negotiation successful. [16-bit CRC]
(Dec 06 2015 21:44:55,  845342 sec) TxPacket()           NAK received - resending packet. [PktNum=0x05]
(Dec 06 2015 21:44:55,  845342 sec) TxPacket()           Packet xmit history: [00000001] (0:ok, 1:fail).
(Dec 06 2015 21:45:12,  845359 sec) TxPacket()           NAK received - resending packet. [PktNum=0x07]
(Dec 06 2015 21:45:12,  845359 sec) TxPacket()           Packet xmit history: [00001001] (0:ok, 1:fail).
(Dec 06 2015 21:46:17,  845424 sec) TxPacket()           NAK received - resending packet. [PktNum=0x12]
(Dec 06 2015 21:46:17,  845424 sec) TxPacket()           Packet xmit history: [00000001] (0:ok, 1:fail).
(Dec 06 2015 21:46:30,  845436 sec) TxPacket()           NAK received - resending packet. [PktNum=0x13]
(Dec 06 2015 21:46:30,  845436 sec) TxPacket()           Packet xmit history: [00000101] (0:ok, 1:fail).
(Dec 06 2015 21:46:52,  845459 sec) TxPacket()           NAK received - resending packet. [PktNum=0x16]
(Dec 06 2015 21:46:52,  845459 sec) TxPacket()           Packet xmit history: [01010001] (0:ok, 1:fail).
(Dec 06 2015 21:47:17,  845484 sec) TxPacket()           NAK received - resending packet. [PktNum=0x19]
(Dec 06 2015 21:47:17,  845484 sec) TxPacket()           Packet xmit history: [00010001] (0:ok, 1:fail).
(Dec 06 2015 21:47:22,  845489 sec) TxPacket()           NAK received - resending packet. [PktNum=0x19]
(Dec 06 2015 21:47:22,  845489 sec) TxPacket()           Packet xmit history: [00100011] (0:ok, 1:fail).
(Dec 06 2015 21:47:58,  845525 sec) TxPacket()           NAK received - resending packet. [PktNum=0x1e]
(Dec 06 2015 21:47:58,  845525 sec) TxPacket()           Packet xmit history: [11000001] (0:ok, 1:fail).
(Dec 06 2015 21:48:02,  845529 sec) TxPacket()           NAK received - resending packet. [PktNum=0x1e]
(Dec 06 2015 21:48:02,  845529 sec) TxPacket()           Packet xmit history: [10000011] (0:ok, 1:fail).
(Dec 06 2015 21:48:11,  845538 sec) TxPacket()           NAK received - resending packet. [PktNum=0x1e]
(Dec 06 2015 21:48:11,  845538 sec) TxPacket()           Packet xmit history: [00000111] (0:ok, 1:fail).
(Dec 06 2015 21:48:16,  845543 sec) TxPacket()           NAK received - resending packet. [PktNum=0x1e]
(Dec 06 2015 21:48:16,  845543 sec) TxPacket()           Packet xmit history: [00001111] (0:ok, 1:fail).
(Dec 06 2015 21:48:33,  845560 sec) TxPacket()           NAK received - resending packet. [PktNum=0x21]
(Dec 06 2015 21:48:33,  845560 sec) TxPacket()           Packet xmit history: [11110001] (0:ok, 1:fail).
(Dec 06 2015 21:48:50,  845577 sec) TxPacket()           NAK received - resending packet. [PktNum=0x24]
(Dec 06 2015 21:48:50,  845577 sec) TxPacket()           Packet xmit history: [00010001] (0:ok, 1:fail).
(Dec 06 2015 21:49:17,  845604 sec) Tx()                 Transmission completed successfully [39 packets, 35625 bytes, 289 sec, 125.8 bps]
(Dec 06 2015 21:49:17,  845604 sec) UpLoadFile()         Upload successful.
(Dec 06 2015 21:49:23,  845610 sec) UpLoad()             Files successfully uploaded: 2
(Dec 06 2015 21:49:24,  845610 sec) UpLoad()             Upload complete.
(Dec 06 2015 21:49:29,  845615 sec) chat()               Expected string [cmd>] not received.
(Dec 06 2015 21:49:29,  845615 sec) logout()             Can't get command prompt.
(Dec 06 2015 21:49:30,  845617 sec) logout()             Log-out successful.
(Dec 06 2015 21:49:31,  845618 sec) Telemetry()          Telemetry cycle complete: PrfId=39 ConnectionAttempts=5  Connections=5
(Dec 06 2015 21:49:32,  845618 sec) TelemetryTerminate() Parsing new mission configuration.
(Dec 06 2015 21:49:33,  845620 sec) configure()          Parsing configurators in "mission.cfg".
(Dec 06 2015 21:49:37,  845624 sec) configure()             TelemetryRetry(15)      [0x7BBC] [TelemetryRetry(15)].
(Dec 06 2015 21:49:37,  845624 sec) configure()          Configuration CRCs and syntax OK.
(Dec 06 2015 21:49:37,  845624 sec) ConfigSupervisor()   Sanity check violated: cfg->PressureCP >= 750
(Dec 06 2015 21:49:38,  845624 sec) ConfigSupervisor()   Configuration accepted.
(Dec 06 2015 21:49:38,  845624 sec) TelemetryTerminate() Reconditioning the file system.
(Dec 06 2015 21:49:49,       7 sec) DescentInit()        Deep profile 40 initiated at mission-time 845629sec.
(Dec 06 2015 21:49:52,      10 sec) DescentInit()        Surface pressure: 0.1dbars.
(Dec 06 2015 21:49:57,      15 sec) PistonMoveAbsWTO()    178->053 177 176 175 174 173 172 171 170 169 168 167 166 165 164 163 162 161 160 159 158 157 156 155 154 153 152 151 150 149 148 147 146 145 144 143 142 141 140 139 138 137 136 135 134 133 132 131 130 129 128 127 126 125 124 123 122 121 120 119 118 117 116 115 114 113 112 111 110 109 108 107 106 105 104 103 102 101 100 099 098 097 096 095 094 093 092 091 090 089 088 087 086 085 084 083 082 081 080 079 078 077 076 075 074 073 072 071 070 069 068 067 066 065 064 063 062 061 060 059 058 057 056 055 054 053 [630sec, 14.3Volts, 0.161Amps, CPT:630sec]
(Dec 06 2015 22:00:27,     645 sec) PistonMoveAbsWTO()    053->000 052 051 050 049 048 047 046 045 044 043 042 041 040 039 038 037 036 035 034 033 032 031 030 029 028 027 026 025 024 023 022 021 020 019 018 017 016 015 014 013 012 011 010 009 [221sec, 14.3Volts, 0.157Amps, CPT:851sec]
(Dec 06 2015 22:04:18,     876 sec) Descent()            Pressure: 74.3
(Dec 06 2015 22:49:46,    3604 sec) Descent()            Pressure: 403.1
(Dec 06 2015 23:49:46,    7204 sec) Descent()            Pressure: 888.3
(Dec 06 2015 23:49:46,    7204 sec) PistonMoveAbsWTO()    009->053 010 011 012 013 014 015 016 017 018 019 020 021 022 023 024 025 026 027 028 029 030 031 032 033 034 035 036 037 038 039 040 041 042 043 044 045 046 047 048 049 050 051 052 053 [247sec, 13.8Volts, 0.423Amps, CPT:1098sec]
(Dec 07 2015 00:49:46,   10804 sec) Descent()            Pressure: 894.8
(Dec 07 2015 01:49:46,   14404 sec) Descent()            Pressure: 914.4
(Dec 07 2015 02:49:46,   18004 sec) Descent()            Pressure: 930.9
(Dec 07 2015 02:49:46,   18004 sec) ParkInit()           
(Dec 07 2015 04:50:15,   25233 sec) Park()               ParkPOutOfBand[-3, 944.3 dbars]: retract piston.
(Dec 07 2015 04:50:16,   25234 sec) PistonMoveAbsWTO()    053->052 052 [1sec, 14.3Volts, 0.109Amps, CPT:1099sec]
(Dec 07 2015 07:50:15,   36033 sec) Park()               ParkPOutOfBand[-3, 962.5 dbars]: retract piston.
(Dec 07 2015 07:50:16,   36034 sec) PistonMoveAbsWTO()    052->051 051 [5sec, 14.4Volts, 0.081Amps, CPT:1104sec]
(Dec 07 2015 16:50:15,   68433 sec) Park()               ParkPOutOfBand[3, 1014.7 dbars]: extend piston.
(Dec 07 2015 16:50:16,   68434 sec) PistonMoveAbsWTO()    051->052 052 [2sec, 13.9Volts, 0.475Amps, CPT:1106sec]
(Dec 08 2015 04:50:16,  111633 sec) Park()               ParkPOutOfBand[3, 1013.1 dbars]: extend piston.
(Dec 08 2015 04:50:16,  111634 sec) PistonMoveAbsWTO()    052->053 053 [6sec, 13.8Volts, 0.475Amps, CPT:1112sec]
(Dec 08 2015 07:50:16,  122433 sec) Park()               ParkPOutOfBand[-3, 987.7 dbars]: retract piston.
(Dec 08 2015 07:50:16,  122434 sec) PistonMoveAbsWTO()    053->052 052 [2sec, 14.3Volts, 0.101Amps, CPT:1114sec]
(Dec 10 2015 03:50:16,  280834 sec) Park()               ParkPOutOfBand[3, 1010.7 dbars]: extend piston.
(Dec 10 2015 03:50:16,  280834 sec) PistonMoveAbsWTO()    052->053 053 [3sec, 13.9Volts, 0.479Amps, CPT:1117sec]
(Dec 14 2015 02:50:19,  622836 sec) Park()               ParkPOutOfBand[3, 1011.4 dbars]: extend piston.
(Dec 14 2015 02:50:19,  622837 sec) PistonMoveAbsWTO()    053->054 054 [6sec, 13.7Volts, 0.479Amps, CPT:1123sec]
(Dec 14 2015 05:50:19,  633636 sec) Park()               ParkPOutOfBand[-3, 980.8 dbars]: retract piston.
(Dec 14 2015 05:50:19,  633637 sec) PistonMoveAbsWTO()    054->053 053 [2sec, 14.3Volts, 0.109Amps, CPT:1125sec]
(Dec 14 2015 08:50:19,  644436 sec) Park()               ParkPOutOfBand[-3, 988.4 dbars]: retract piston.
(Dec 14 2015 08:50:19,  644437 sec) PistonMoveAbsWTO()    053->052 052 [6sec, 14.3Volts, 0.097Amps, CPT:1131sec]
(Dec 14 2015 11:50:19,  655236 sec) Park()               ParkPOutOfBand[3, 1020.6 dbars]: extend piston.
(Dec 14 2015 11:50:19,  655237 sec) PistonMoveAbsWTO()    052->053 053 [2sec, 13.9Volts, 0.471Amps, CPT:1133sec]
(Dec 14 2015 14:50:19,  666036 sec) Park()               ParkPOutOfBand[3, 1012.2 dbars]: extend piston.
(Dec 14 2015 14:50:19,  666037 sec) PistonMoveAbsWTO()    053->054 054 [6sec, 13.8Volts, 0.467Amps, CPT:1139sec]
(Dec 14 2015 17:50:19,  676837 sec) Park()               ParkPOutOfBand[-3, 980.3 dbars]: retract piston.
(Dec 14 2015 17:50:19,  676837 sec) PistonMoveAbsWTO()    054->053 053 [2sec, 14.3Volts, 0.105Amps, CPT:1141sec]
(Dec 16 2015 05:50:07,  806425 sec) CtdPower()           [  992.53,  6.8530, 34.9442]
(Dec 16 2015 05:50:07,  806425 sec) CtdPower()           CTD Power consumption [183VCnt 11ACnt]: 14.186Volts * 0.044Amps = 0.63Watts.
(Dec 16 2015 05:50:08,  806426 sec) ParkTerminate()      Piston Position:53 Vacuum:79 Vq:196 Aq:6 Vsbe:183 Asbe:11
(Dec 16 2015 05:50:35,  806453 sec) ParkTerminate()      PTS: 992.5dbars 6.8523C 34.9444PSU
(Dec 16 2015 05:50:36,  806454 sec) GoDeepInit()         Moving piston.
(Dec 16 2015 05:50:36,  806454 sec) PistonMoveAbsWTO()    053->015 052 051 050 049 048 047 046 045 044 043 042 041 040 039 038 037 036 035 034 033 032 031 030 029 028 027 026 025 024 023 022 021 020 019 018 017 016 015 [189sec, 14.3Volts, 0.081Amps, CPT:1330sec]
(Dec 16 2015 10:49:46,  824404 sec) ProfileInit()        PrfId:040  Pressure:1993.0dbar  pTable[1]:1900dbar
(Dec 16 2015 10:49:49,  824407 sec) PistonMoveAbsWTO()    015->037 016 017 018 019 020 [30sec, 13.3Volts, 0.778Amps, CPT:1360sec]
(Dec 16 2015 10:50:29,  824447 sec) PistonMoveAbsWTO()    020->037 021 022 023 024 025 [30sec, 13.1Volts, 0.802Amps, CPT:1390sec]
(Dec 16 2015 10:51:09,  824487 sec) PistonMoveAbsWTO()    025->037 026 027 028 029 [30sec, 13.0Volts, 0.774Amps, CPT:1420sec]
(Dec 16 2015 10:51:49,  824527 sec) PistonMoveAbsWTO()    029->037 030 031 032 033 [30sec, 13.0Volts, 0.774Amps, CPT:1450sec]
(Dec 16 2015 10:52:29,  824567 sec) PistonMoveAbsWTO()    033->037 034 035 036 037 [22sec, 12.9Volts, 0.798Amps, CPT:1472sec]
(Dec 16 2015 11:05:19,  825337 sec) Profile()            Sample 0 initiated at 1900.5dbars for bin 1 [1900dbars].  PTS: 1897.8dbars 3.1565C 34.7975PSU
(Dec 16 2015 11:22:35,  826373 sec) Profile()            Sample 1 initiated at 1800.9dbars for bin 2 [1800dbars].  PTS: 1798.6dbars 3.5138C 34.8128PSU
(Dec 16 2015 11:40:34,  827452 sec) AscentControlAgent() Bouyancy nudge to 47 (v=0.078dbar/sec).
(Dec 16 2015 11:40:35,  827453 sec) PistonMoveAbsWTO()    037->047 038 039 040 041 [30sec, 13.4Volts, 0.681Amps, CPT:1502sec]
(Dec 16 2015 11:41:15,  827493 sec) PistonMoveAbsWTO()    042->047 043 044 045 046 [30sec, 13.3Volts, 0.705Amps, CPT:1532sec]
(Dec 16 2015 11:41:55,  827533 sec) PistonMoveAbsWTO()    046->047 047 [5sec, 13.3Volts, 0.681Amps, CPT:1537sec]
(Dec 16 2015 11:42:37,  827575 sec) Profile()            Sample 2 initiated at 1700.6dbars for bin 3 [1700dbars].  PTS: 1697.8dbars 3.9157C 34.8297PSU
(Dec 16 2015 11:58:11,  828509 sec) Profile()            Sample 3 initiated at 1600.8dbars for bin 4 [1600dbars].  PTS: 1598.3dbars 4.2458C 34.8429PSU
(Dec 16 2015 12:16:27,  829605 sec) Profile()            Sample 4 initiated at 1501.0dbars for bin 5 [1500dbars].  PTS: 1498.9dbars 4.5838C 34.8560PSU
(Dec 16 2015 12:20:50,  829868 sec) AscentControlAgent() Bouyancy nudge to 57 (v=0.080dbar/sec).
(Dec 16 2015 12:20:51,  829869 sec) PistonMoveAbsWTO()    047->057 048 049 050 051 052 [30sec, 13.6Volts, 0.608Amps, CPT:1567sec]
(Dec 16 2015 12:21:31,  829909 sec) PistonMoveAbsWTO()    052->057 053 054 055 056 057 [30sec, 13.4Volts, 0.604Amps, CPT:1597sec]
(Dec 16 2015 12:34:02,  830660 sec) Profile()            Sample 5 initiated at 1400.5dbars for bin 6 [1400dbars].  PTS: 1398.0dbars 5.0890C 34.8750PSU
(Dec 16 2015 12:43:04,  831202 sec) Profile()            Sample 6 initiated at 1350.6dbars for bin 7 [1350dbars].  PTS: 1348.4dbars 5.2642C 34.8813PSU
(Dec 16 2015 12:52:36,  831774 sec) Profile()            Sample 7 initiated at 1300.5dbars for bin 8 [1300dbars].  PTS: 1298.3dbars 5.4861C 34.8893PSU
(Dec 16 2015 13:01:48,  832326 sec) Profile()            Sample 8 initiated at 1250.9dbars for bin 9 [1250dbars].  PTS: 1248.6dbars 5.6746C 34.8979PSU
(Dec 16 2015 13:10:58,  832876 sec) Profile()            Sample 9 initiated at 1200.7dbars for bin 10 [1200dbars].  PTS: 1198.5dbars 5.9158C 34.9060PSU
(Dec 16 2015 13:21:10,  833488 sec) Profile()            Sample 10 initiated at 1150.9dbars for bin 11 [1150dbars].  PTS: 1149.0dbars 6.0901C 34.9126PSU
(Dec 16 2015 13:21:13,  833491 sec) AscentControlAgent() Bouyancy nudge to 67 (v=0.077dbar/sec).
(Dec 16 2015 13:21:13,  833491 sec) PistonMoveAbsWTO()    057->067 058 059 060 061 [30sec, 13.7Volts, 0.504Amps, CPT:1627sec]
(Dec 16 2015 13:21:53,  833531 sec) PistonMoveAbsWTO()    062->067 063 064 065 066 [30sec, 13.6Volts, 0.504Amps, CPT:1657sec]
(Dec 16 2015 13:22:33,  833571 sec) PistonMoveAbsWTO()    066->067 067 [1sec, 13.9Volts, 0.508Amps, CPT:1658sec]
(Dec 16 2015 13:29:33,  833991 sec) Profile()            Sample 11 initiated at 1100.7dbars for bin 12 [1100dbars].  PTS: 1098.2dbars 6.3750C 34.9234PSU
(Dec 16 2015 13:38:05,  834503 sec) Profile()            Sample 12 initiated at 1050.9dbars for bin 13 [1050dbars].  PTS: 1048.4dbars 6.6702C 34.9361PSU
(Dec 16 2015 13:46:35,  835013 sec) Profile()            Sample 13 initiated at 1001.0dbars for bin 14 [1000dbars].  PTS: 998.5dbars 6.8981C 34.9452PSU
(Dec 16 2015 13:55:07,  835525 sec) Profile()            Sample 14 initiated at 950.1dbars for bin 15 [950dbars].  PTS: 947.7dbars 7.1601C 34.9574PSU
(Dec 16 2015 14:04:19,  836077 sec) Profile()            Sample 15 initiated at 900.4dbars for bin 16 [900dbars].  PTS: 898.4dbars 7.4249C 34.9651PSU
(Dec 16 2015 14:11:44,  836522 sec) AscentControlAgent() Bouyancy nudge to 77 (v=0.074dbar/sec).
(Dec 16 2015 14:11:45,  836523 sec) PistonMoveAbsWTO()    067->077 068 069 070 071 072 [30sec, 13.9Volts, 0.427Amps, CPT:1688sec]
(Dec 16 2015 14:12:25,  836563 sec) PistonMoveAbsWTO()    072->077 073 074 075 076 077 [27sec, 13.7Volts, 0.415Amps, CPT:1715sec]
(Dec 16 2015 14:14:39,  836697 sec) Profile()            Sample 16 initiated at 850.5dbars for bin 17 [850dbars].  PTS: 848.0dbars 7.7496C 34.9759PSU
(Dec 16 2015 14:22:51,  837189 sec) Profile()            Sample 17 initiated at 800.2dbars for bin 18 [800dbars].  PTS: 797.7dbars 8.0634C 34.9820PSU
(Dec 16 2015 14:31:01,  837679 sec) Profile()            Sample 18 initiated at 750.1dbars for bin 19 [750dbars].  PTS: 747.5dbars 8.3465C 34.9918PSU
(Dec 16 2015 14:39:13,  838171 sec) Profile()            Sample 19 initiated at 700.1dbars for bin 20 [700dbars].  PTS: 697.7dbars 8.6993C 35.0012PSU
(Dec 16 2015 14:47:45,  838683 sec) Profile()            Sample 20 initiated at 650.4dbars for bin 21 [650dbars].  PTS: 648.0dbars 9.1378C 35.0130PSU
(Dec 16 2015 14:56:15,  839193 sec) Profile()            Sample 21 initiated at 600.3dbars for bin 22 [600dbars].  PTS: 597.8dbars 9.4861C 35.0224PSU
(Dec 16 2015 15:04:27,  839685 sec) Profile()            Sample 22 initiated at 550.4dbars for bin 23 [550dbars].  PTS: 547.9dbars 9.8193C 35.0257PSU
(Dec 16 2015 15:12:39,  840177 sec) Profile()            Sample 23 initiated at 500.8dbars for bin 24 [500dbars].  PTS: 498.2dbars 10.1859C 35.0358PSU
(Dec 16 2015 15:14:17,  840275 sec) Sbe41cpStartCP()     Continuous profile started.
(Dec 16 2015 16:00:11,  843029 sec) AscentControlAgent() Bouyancy nudge to 87 (v=0.078dbar/sec).
(Dec 16 2015 16:00:11,  843029 sec) PistonMoveAbsWTO()    077->087 078 079 080 081 082 [30sec, 14.1Volts, 0.210Amps, CPT:1745sec]
(Dec 16 2015 16:00:51,  843069 sec) PistonMoveAbsWTO()    082->087 083 084 085 086 087 [24sec, 14.0Volts, 0.210Amps, CPT:1769sec]
(Dec 16 2015 16:11:27,  843705 sec) AscentControlAgent() Bouyancy nudge to 97 (v=0.048dbar/sec).
(Dec 16 2015 16:11:27,  843705 sec) PistonMoveAbsWTO()    087->097 088 089 090 091 092 [30sec, 14.1Volts, 0.210Amps, CPT:1799sec]
(Dec 16 2015 16:12:07,  843745 sec) PistonMoveAbsWTO()    092->097 093 094 095 096 097 [24sec, 14.0Volts, 0.197Amps, CPT:1823sec]
(Dec 16 2015 16:17:37,  844075 sec) AscentControlAgent() Bouyancy nudge to 107 (v=0.045dbar/sec).
(Dec 16 2015 16:17:37,  844075 sec) PistonMoveAbsWTO()    097->107 098 099 100 101 102 [30sec, 14.1Volts, 0.197Amps, CPT:1853sec]
(Dec 16 2015 16:18:17,  844115 sec) PistonMoveAbsWTO()    102->107 103 104 105 106 107 [24sec, 14.0Volts, 0.201Amps, CPT:1877sec]
(Dec 16 2015 16:23:47,  844445 sec) AscentControlAgent() Bouyancy nudge to 117 (v=0.035dbar/sec).
(Dec 16 2015 16:23:47,  844445 sec) PistonMoveAbsWTO()    107->117 108 109 110 111 112 [30sec, 14.1Volts, 0.193Amps, CPT:1907sec]
(Dec 16 2015 16:24:27,  844485 sec) PistonMoveAbsWTO()    112->117 113 114 115 116 117 [24sec, 14.1Volts, 0.193Amps, CPT:1931sec]
(Dec 16 2015 16:29:57,  844815 sec) AscentControlAgent() Bouyancy nudge to 127 (v=0.029dbar/sec).
(Dec 16 2015 16:29:57,  844815 sec) PistonMoveAbsWTO()    117->127 118 119 120 121 122 [30sec, 14.1Volts, 0.197Amps, CPT:1961sec]
(Dec 16 2015 16:30:37,  844855 sec) PistonMoveAbsWTO()    122->127 123 124 125 126 127 [23sec, 14.1Volts, 0.189Amps, CPT:1984sec]
(Dec 16 2015 16:36:06,  845184 sec) AscentControlAgent() Bouyancy nudge to 137 (v=0.031dbar/sec).
(Dec 16 2015 16:36:06,  845184 sec) PistonMoveAbsWTO()    127->137 128 129 130 131 132 [30sec, 14.1Volts, 0.189Amps, CPT:2014sec]
(Dec 16 2015 16:36:46,  845224 sec) PistonMoveAbsWTO()    132->137 133 134 135 136 137 [23sec, 14.1Volts, 0.189Amps, CPT:2037sec]
(Dec 16 2015 16:42:15,  845553 sec) AscentControlAgent() Bouyancy nudge to 147 (v=0.053dbar/sec).
(Dec 16 2015 16:42:15,  845553 sec) PistonMoveAbsWTO()    137->147 138 139 140 141 142 [30sec, 14.2Volts, 0.185Amps, CPT:2067sec]
(Dec 16 2015 16:42:55,  845593 sec) PistonMoveAbsWTO()    142->147 143 144 145 146 147 [23sec, 14.1Volts, 0.185Amps, CPT:2090sec]
(Dec 16 2015 16:47:20,  845858 sec) AscentControlAgent() Bouyancy nudge to 157 (v=0.063dbar/sec).
(Dec 16 2015 16:47:20,  845858 sec) PistonMoveAbsWTO()    147->157 148 149 150 151 152 [30sec, 14.2Volts, 0.177Amps, CPT:2120sec]
(Dec 16 2015 16:48:00,  845898 sec) PistonMoveAbsWTO()    152->157 153 154 155 156 157 [23sec, 14.1Volts, 0.177Amps, CPT:2143sec]
(Dec 16 2015 16:52:38,  846176 sec) SurfaceDetect()      SurfacePressure:0.1dbars Pressure:3.6dbars PistonPosition:157
(Dec 16 2015 16:52:39,  846177 sec) Sbe41cpStopCP()      Continuous profile stopped.
(Dec 16 2015 16:52:45,  846183 sec) PistonMoveAbsWTO()    157->179 158 159 160 161 162 163 164 165 166 167 168 169 170 171 172 173 174 175 176 177 178 179 [115sec, 14.2Volts, 0.149Amps, CPT:2258sec]
(Dec 16 2015 16:54:52,  846309 sec) sbe41cp.c:chat()     Expected string [S>] not received.
(Dec 16 2015 16:56:35,  846413 sec) Sbe41cpBinAverage()  Finished averaging 5933 samples in 99 seconds.
(Dec 16 2015 16:56:40,  846418 sec) Sbe41cpUploadCP()    Sbe41cpSerNo[5994] NSample[5933] NBin[246]
(Dec 16 2015 16:57:20,  846457 sec) Sbe41cpUploadCP()    Continuous profile uploaded [246 lines].

<EOT>
