(Jun 23 2015 01:52:20,  847355 sec) TelemetryInit()      Profile 22. (Apf9i FwRev: 012811)
(Jun 23 2015 01:59:19,  847774 sec) AirSystem()          Battery [187cnt, 14.5V]  Current [77cnt, 31.0mA]  Barometer [126cnt, 6.5"Hg]  Run-Time [49s]
(Jun 23 2015 02:00:04,  847818 sec) GpsServices()        GPS almanac is current.
(Jun 23 2015 02:00:04,  847818 sec) GpsServices()        Initiating GPS fix acquisition.
(Jun 23 2015 02:00:21,  847836 sec) gga()                $GPGGA,020020,1059.8332,N,08617.7199,E,0,00,,,M,,M,,*54
(Jun 23 2015 02:00:27,  847842 sec) gga()                $GPGGA,020010,1059.8332,N,08617.7199,E,0,00,,,M,,M,,*57
(Jun 23 2015 02:00:35,  847850 sec) gga()                $GPGGA,020020,1059.8332,N,08617.7199,E,0,00,,,M,,M,,*54
(Jun 23 2015 02:00:45,  847860 sec) gga()                $GPGGA,020030,1059.8332,N,08617.7199,E,0,00,,,M,,M,,*55
(Jun 23 2015 02:00:55,  847870 sec) gga()                $GPGGA,020040,1059.8332,N,08617.7199,E,0,00,,,M,,M,,*52
(Jun 23 2015 02:01:05,  847880 sec) gga()                $GPGGA,020050,1059.8332,N,08617.7199,E,0,00,,,M,,M,,*53
(Jun 23 2015 02:01:15,  847890 sec) gga()                $GPGGA,020100,1059.8332,N,08617.7199,E,0,00,,,M,,M,,*57
(Jun 23 2015 02:01:25,  847900 sec) gga()                $GPGGA,020110,1059.8332,N,08617.7199,E,0,00,,,M,,M,,*56
(Jun 23 2015 02:01:35,  847910 sec) gga()                $GPGGA,020120,1059.8332,N,08617.7199,E,0,00,,,M,,M,,*55
(Jun 23 2015 02:01:45,  847920 sec) gga()                $GPGGA,020130,1059.8332,N,08617.7199,E,0,00,,,M,,M,,*54
(Jun 23 2015 02:01:55,  847930 sec) gga()                $GPGGA,020140,1059.8332,N,08617.7199,E,0,00,,,M,,M,,*53
(Jun 23 2015 02:02:05,  847940 sec) gga()                $GPGGA,020150,1059.8332,N,08617.7199,E,0,00,,,M,,M,,*52
(Jun 23 2015 02:02:15,  847950 sec) gga()                $GPGGA,020200,1059.8332,N,08617.7199,E,0,00,,,M,,M,,*54
(Jun 23 2015 02:02:25,  847960 sec) gga()                $GPGGA,020210,1059.8332,N,08617.7199,E,0,00,,,M,,M,,*55
(Jun 23 2015 02:02:35,  847970 sec) gga()                $GPGGA,020220,1059.8332,N,08617.7199,E,0,00,,,M,,M,,*56
(Jun 23 2015 02:02:45,  847979 sec) gga()                $GPGGA,020230,1059.8332,N,08617.7199,E,0,00,,,M,,M,,*57
(Jun 23 2015 02:02:55,  847989 sec) gga()                $GPGGA,020240,1059.8332,N,08617.7199,E,0,00,,,M,,M,,*50
(Jun 23 2015 02:03:05,  847999 sec) gga()                $GPGGA,020250,1059.8332,N,08617.7199,E,0,00,,,M,,M,,*51
(Jun 23 2015 02:03:34,  848028 sec) gga()                $GPGGA,020300,1203.6327,N,08550.8358,E,1,09,0.9,-4.4,M,-79.5,M,,*46
(Jun 23 2015 02:03:34,  848028 sec) GpsServices()        Profile 22 GPS fix obtained in 210 seconds.
(Jun 23 2015 02:03:34,  848028 sec) GpsServices()                  lon     lat mm/dd/yyyy hhmmss nsat
(Jun 23 2015 02:03:34,  848029 sec) GpsServices()        Fix:   85.847  12.061 06/23/2015 020300    9
(Jun 23 2015 02:04:04,  848058 sec) gga()                $GPGGA,020330,1203.6332,N,08550.8361,E,1,12,0.9,-2.1,M,-79.5,M,,*42
(Jun 23 2015 02:04:09,  848064 sec) gga()                $GPGGA,020400,1203.6303,N,08550.8331,E,1,01,1.4,,M,-79.5,M,,*4F
(Jun 23 2015 02:04:09,  848064 sec) GpsServices()        APF9 RTC skew (9s) OK.
(Jun 23 2015 02:04:09,  848064 sec) LogNmeaSentences()   ,00,14,06,118,00,16,66,019,00*7D
(Jun 23 2015 02:04:10,  848064 sec) LogNmeaSentences()   $GPGSV,3,3,12,19,24,170,00,23,30,337,00,26,36,029,00,27,39,134,00*74
(Jun 23 2015 02:04:10,  848065 sec) LogNmeaSentences()   $PGRMT,GPS 15x-L software ver. 3.80,,,,,,,,*7C
(Jun 23 2015 02:04:19,  848074 sec) LogNmeaSentences()   $GPRMC,020410,A,1203.6325,N,08550.8341,E,000.6,010.5,230615,001.5,W*62
(Jun 23 2015 02:04:20,  848074 sec) LogNmeaSentences()   $GPGGA,020410,1203.6325,N,08550.8341,E,1,11,0.8,-7.6,M,-79.5,M,,*43
(Jun 23 2015 02:04:20,  848075 sec) LogNmeaSentences()   $GPGSA,A,3,01,03,07,09,14,16,19,23,26,27,31,,1.1,0.8,0.8*36
(Jun 23 2015 02:04:20,  848075 sec) LogNmeaSentences()   $GPGSV,3,1,12,01,11,221,42,03,54,276,47,07,06,274,43,09,05,321,39*7D
(Jun 23 2015 02:04:21,  848075 sec) LogNmeaSentences()   $GPGSV,3,2,12,14,06,119,42,16,66,019,49,19,23,170,42,23,32,337,49*76
(Jun 23 2015 02:04:21,  848076 sec) LogNmeaSentences()   $GPGSV,3,3,12,26,36,030,45,27,38,134,46,31,11,051,44,04,13,196,00*7D
(Jun 23 2015 02:04:29,  848084 sec) LogNmeaSentences()   $GPRMC,020420,A,1203.6322,N,08550.8357,E,000.7,238.8,230615,001.5,W*65
(Jun 23 2015 02:04:30,  848084 sec) LogNmeaSentences()   $GPGGA,020420,1203.6322,N,08550.8357,E,1,11,0.7,-6.2,M,-79.5,M,,*4A
(Jun 23 2015 02:04:30,  848085 sec) LogNmeaSentences()   $GPGSA,A,3,01,03,07,09,14,16,19,23,26,27,31,,1.0,0.7,0.7*37
(Jun 23 2015 02:04:30,  848085 sec) LogNmeaSentences()   $GPGSV,3,1,12,01,11,221,39,03,54,276,48,07,06,274,41,09,05,321,41*73
(Jun 23 2015 02:04:31,  848085 sec) LogNmeaSentences()   $GPGSV,3,2,12,14,06,119,37,16,66,019,48,19,23,170,43,23,32,337,46*7B
(Jun 23 2015 02:04:31,  848086 sec) LogNmeaSentences()   $GPGSV,3,3,12,26,36,030,45,27,38,134,44,31,11,051,43,04,13,196,00*78
(Jun 23 2015 02:04:39,  848094 sec) LogNmeaSentences()   $GPRMC,020430,A,1203.6339,N,08550.8363,E,002.4,019.7,230615,001.5,W*66
(Jun 23 2015 02:04:40,  848094 sec) GpsServices()        GPS services complete.
(Jun 23 2015 02:05:04,  848119 sec) CLogin()             Connecting to primary host.
(Jun 23 2015 02:05:22,  848137 sec) CLogin()             Connection 1 established in 18 seconds.
(Jun 23 2015 02:05:33,  848148 sec) login()              Login successful.
(Jun 23 2015 02:05:39,  848154 sec) CLogin()             Logged in to host.  [Login required 17 seconds]
(Jun 23 2015 02:05:52,  848167 sec) RxConfig()           Downloading "mission.cfg" from host.
(Jun 23 2015 02:05:55,  848169 sec) Rx()                 Initiating transfer. [0x43]
(Jun 23 2015 02:06:00,  848174 sec) RxStartByte()        Sync errors encountered: 229
(Jun 23 2015 02:06:03,  848177 sec) Rx()                 Truncated packet received - retrying.
(Jun 23 2015 02:06:04,  848179 sec) RxStartByte()        Sync errors encountered: 874
(Jun 23 2015 02:06:08,  848182 sec) Rx()                 Pad character [0x1a] found in ascii mode - truncating packet.
(Jun 23 2015 02:06:12,  848186 sec) Rx()                 Received EOT - transfer complete. [1 packets, 1024 bytes, 17 sec, 60.2 bps]
(Jun 23 2015 02:06:12,  848186 sec) RxConfig()           Download successful.
(Jun 23 2015 02:06:26,  848200 sec) WriteVitals()        Writing vitals to "9567.022.msg".
(Jun 23 2015 02:06:36,  848210 sec) UpLoadFile()         Uploading "9567.022.log" to host as "9567.022.log".
(Jun 23 2015 02:06:38,  848212 sec) Tx()                 CRC negotiation successful. [16-bit CRC]
(Jun 23 2015 02:07:06,  848240 sec) TxPacket()           NAK received - resending packet. [PktNum=0x04]
(Jun 23 2015 02:07:06,  848240 sec) TxPacket()           Packet xmit history: [10000001] (0:ok, 1:fail).
(Jun 23 2015 02:07:27,  848261 sec) TxPacket()           NAK received - resending packet. [PktNum=0x06]
(Jun 23 2015 02:07:27,  848261 sec) TxPacket()           Packet xmit history: [00001001] (0:ok, 1:fail).
(Jun 23 2015 02:07:47,  848281 sec) TxPacket()           NAK received - resending packet. [PktNum=0x08]
(Jun 23 2015 02:07:47,  848281 sec) TxPacket()           Packet xmit history: [01001001] (0:ok, 1:fail).
(Jun 23 2015 02:08:15,  848310 sec) TxPacket()           NAK received - resending packet. [PktNum=0x0c]
(Jun 23 2015 02:08:16,  848310 sec) TxPacket()           Packet xmit history: [00100001] (0:ok, 1:fail).
(Jun 23 2015 02:08:26,  848321 sec) TxPacket()           NAK received - resending packet. [PktNum=0x0c]
(Jun 23 2015 02:08:26,  848321 sec) TxPacket()           Packet xmit history: [01000011] (0:ok, 1:fail).
(Jun 23 2015 02:08:32,  848327 sec) TxPacket()           NAK received - resending packet. [PktNum=0x0c]
(Jun 23 2015 02:08:33,  848327 sec) TxPacket()           Packet xmit history: [10000111] (0:ok, 1:fail).
(Jun 23 2015 02:08:44,  848339 sec) TxPacket()           NAK received - resending packet. [PktNum=0x0c]
(Jun 23 2015 02:08:44,  848339 sec) TxPacket()           Packet xmit history: [00001111] (0:ok, 1:fail).
(Jun 23 2015 02:09:04,  848358 sec) TxPacket()           NAK received - resending packet. [PktNum=0x10]
(Jun 23 2015 02:09:04,  848358 sec) TxPacket()           Packet xmit history: [11100001] (0:ok, 1:fail).
(Jun 23 2015 02:09:27,  848382 sec) TxPacket()           NAK received - resending packet. [PktNum=0x14]
(Jun 23 2015 02:09:28,  848382 sec) TxPacket()           Packet xmit history: [00100001] (0:ok, 1:fail).
(Jun 23 2015 02:09:52,  848406 sec) TxPacket()           NAK received - resending packet. [PktNum=0x17]
(Jun 23 2015 02:09:52,  848406 sec) TxPacket()           Packet xmit history: [00010001] (0:ok, 1:fail).
(Jun 23 2015 02:09:57,  848411 sec) TxPacket()           NAK received - resending packet. [PktNum=0x17]
(Jun 23 2015 02:09:57,  848411 sec) TxPacket()           Packet xmit history: [00100011] (0:ok, 1:fail).
(Jun 23 2015 02:10:02,  848417 sec) TxPacket()           NAK received - resending packet. [PktNum=0x17]
(Jun 23 2015 02:10:03,  848417 sec) TxPacket()           Packet xmit history: [01000111] (0:ok, 1:fail).
(Jun 23 2015 02:10:10,  848425 sec) TxPacket()           NAK received - resending packet. [PktNum=0x17]
(Jun 23 2015 02:10:11,  848425 sec) TxPacket()           Packet xmit history: [10001111] (0:ok, 1:fail).
(Jun 23 2015 02:10:15,  848429 sec) TxPacket()           NAK received - resending packet. [PktNum=0x17]
(Jun 23 2015 02:10:15,  848429 sec) TxPacket()           Packet xmit history: [00011111] (0:ok, 1:fail).
(Jun 23 2015 02:11:05,  848480 sec) TxPacket()           NAK received - resending packet. [PktNum=0x20]
(Jun 23 2015 02:11:06,  848480 sec) TxPacket()           Packet xmit history: [00000001] (0:ok, 1:fail).
(Jun 23 2015 02:11:16,  848491 sec) TxPacket()           NAK received - resending packet. [PktNum=0x21]
(Jun 23 2015 02:11:17,  848491 sec) TxPacket()           Packet xmit history: [00000101] (0:ok, 1:fail).
(Jun 23 2015 02:11:39,  848513 sec) TxPacket()           NAK received - resending packet. [PktNum=0x22]
(Jun 23 2015 02:11:39,  848513 sec) TxPacket()           Packet xmit history: [00010101] (0:ok, 1:fail).
(Jun 23 2015 02:11:47,  848522 sec) TxPacket()           NAK received - resending packet. [PktNum=0x22]
(Jun 23 2015 02:11:48,  848522 sec) TxPacket()           Packet xmit history: [00101011] (0:ok, 1:fail).
(Jun 23 2015 02:11:57,  848532 sec) TxPacket()           NAK received - resending packet. [PktNum=0x22]
(Jun 23 2015 02:11:58,  848532 sec) TxPacket()           Packet xmit history: [01010111] (0:ok, 1:fail).
(Jun 23 2015 02:12:09,  848544 sec) TxPacket()           NAK received - resending packet. [PktNum=0x22]
(Jun 23 2015 02:12:10,  848544 sec) TxPacket()           Packet xmit history: [10101111] (0:ok, 1:fail).
(Jun 23 2015 02:12:14,  848548 sec) TxPacket()           NAK received - resending packet. [PktNum=0x22]
(Jun 23 2015 02:12:14,  848548 sec) TxPacket()           Packet xmit history: [01011111] (0:ok, 1:fail).
(Jun 23 2015 02:12:24,  848558 sec) TxPacket()           NAK received - resending packet. [PktNum=0x22]
(Jun 23 2015 02:12:24,  848558 sec) TxPacket()           Packet xmit history: [10111111] (0:ok, 1:fail).
(Jun 23 2015 02:12:49,  848584 sec) TxPacket()           NAK received - resending packet. [PktNum=0x26]
(Jun 23 2015 02:12:49,  848584 sec) TxPacket()           Packet xmit history: [11100001] (0:ok, 1:fail).
(Jun 23 2015 02:13:06,  848600 sec) TxPacket()           NAK received - resending packet. [PktNum=0x28]
(Jun 23 2015 02:13:06,  848600 sec) TxPacket()           Packet xmit history: [00001001] (0:ok, 1:fail).
(Jun 23 2015 02:13:16,  848610 sec) TxPacket()           NAK received - resending packet. [PktNum=0x29]
(Jun 23 2015 02:13:16,  848610 sec) TxPacket()           Packet xmit history: [00100101] (0:ok, 1:fail).
(Jun 23 2015 02:13:30,  848624 sec) TxPacket()           NAK received - resending packet. [PktNum=0x2a]
(Jun 23 2015 02:13:30,  848624 sec) TxPacket()           Packet xmit history: [10010101] (0:ok, 1:fail).
(Jun 23 2015 02:13:41,  848635 sec) TxPacket()           NAK received - resending packet. [PktNum=0x2b]
(Jun 23 2015 02:13:41,  848635 sec) TxPacket()           Packet xmit history: [01010101] (0:ok, 1:fail).
(Jun 23 2015 02:14:08,  848663 sec) TxPacket()           NAK received - resending packet. [PktNum=0x2d]
(Jun 23 2015 02:14:09,  848663 sec) TxPacket()           Packet xmit history: [10101001] (0:ok, 1:fail).
(Jun 23 2015 02:14:12,  848667 sec) TxPacket()           NAK received - resending packet. [PktNum=0x2d]
(Jun 23 2015 02:14:13,  848667 sec) TxPacket()           Packet xmit history: [01010011] (0:ok, 1:fail).
(Jun 23 2015 02:14:19,  848673 sec) TxPacket()           NAK received - resending packet. [PktNum=0x2d]
(Jun 23 2015 02:14:19,  848673 sec) TxPacket()           Packet xmit history: [10100111] (0:ok, 1:fail).
(Jun 23 2015 02:14:24,  848679 sec) TxPacket()           NAK received - resending packet. [PktNum=0x2d]
(Jun 23 2015 02:14:25,  848679 sec) TxPacket()           Packet xmit history: [01001111] (0:ok, 1:fail).
(Jun 23 2015 02:14:38,  848693 sec) TxPacket()           NAK received - resending packet. [PktNum=0x2f]
(Jun 23 2015 02:14:39,  848693 sec) TxPacket()           Packet xmit history: [01111001] (0:ok, 1:fail).
(Jun 23 2015 02:15:13,  848727 sec) TxPacket()           NAK received - resending packet. [PktNum=0x35]
(Jun 23 2015 02:15:13,  848728 sec) TxPacket()           Packet xmit history: [10000001] (0:ok, 1:fail).
(Jun 23 2015 02:15:17,  848732 sec) TxPacket()           NAK received - resending packet. [PktNum=0x35]
(Jun 23 2015 02:15:17,  848732 sec) TxPacket()           Packet xmit history: [00000011] (0:ok, 1:fail).
(Jun 23 2015 02:15:22,  848737 sec) TxPacket()           NAK received - resending packet. [PktNum=0x35]
(Jun 23 2015 02:15:23,  848737 sec) TxPacket()           Packet xmit history: [00000111] (0:ok, 1:fail).
(Jun 23 2015 02:15:37,  848752 sec) TxPacket()           NAK received - resending packet. [PktNum=0x36]
(Jun 23 2015 02:15:37,  848752 sec) TxPacket()           Packet xmit history: [00011101] (0:ok, 1:fail).
(Jun 23 2015 02:15:43,  848758 sec) TxPacket()           NAK received - resending packet. [PktNum=0x36]
(Jun 23 2015 02:15:44,  848758 sec) TxPacket()           Packet xmit history: [00111011] (0:ok, 1:fail).
(Jun 23 2015 02:16:07,  848782 sec) TxPacket()           NAK received - resending packet. [PktNum=0x3a]
(Jun 23 2015 02:16:08,  848782 sec) TxPacket()           Packet xmit history: [01100001] (0:ok, 1:fail).
(Jun 23 2015 02:16:14,  848789 sec) TxPacket()           NAK received - resending packet. [PktNum=0x3a]
(Jun 23 2015 02:16:15,  848789 sec) TxPacket()           Packet xmit history: [11000011] (0:ok, 1:fail).
(Jun 23 2015 02:16:23,  848798 sec) Tx()                 Transmission completed successfully [58 packets, 40704 bytes, 584 sec, 71.0 bps]
(Jun 23 2015 02:16:24,  848798 sec) UpLoadFile()         Upload successful.
(Jun 23 2015 02:16:28,  848803 sec) UpLoadFile()         Uploading "9567.022.msg" to host as "9567.022.msg".
(Jun 23 2015 02:16:31,  848805 sec) Tx()                 CRC negotiation successful. [16-bit CRC]
(Jun 23 2015 02:16:33,  848808 sec) TxPacket()           Invalid response [0x5d] - resending packet. [PktNum=0x01]
(Jun 23 2015 02:16:33,  848808 sec) TxPacket()           Packet xmit history: [00001101] (0:ok, 1:fail).
(Jun 23 2015 02:16:41,  848816 sec) TxPacket()           NAK received - resending packet. [PktNum=0x02]
(Jun 23 2015 02:16:41,  848816 sec) TxPacket()           Packet xmit history: [00110101] (0:ok, 1:fail).
(Jun 23 2015 02:17:43,  848878 sec) TxPacket()           NAK received - resending packet. [PktNum=0x06]
(Jun 23 2015 02:17:44,  848878 sec) TxPacket()           Packet xmit history: [10100001] (0:ok, 1:fail).
(Jun 23 2015 02:17:53,  848887 sec) TxPacket()           Packet xmit history: [01000010] (0:ok, 1:fail).
(Jun 23 2015 02:18:09,  848904 sec) TxPacket()           Invalid response [0x63] - resending packet. [PktNum=0x06]
(Jun 23 2015 02:18:09,  848904 sec) TxPacket()           Packet xmit history: [10000101] (0:ok, 1:fail).
(Jun 23 2015 02:18:16,  848911 sec) TxPacket()           Invalid response [0x5e] - resending packet. [PktNum=0x06]
(Jun 23 2015 02:18:16,  848911 sec) TxPacket()           Packet xmit history: [00001011] (0:ok, 1:fail).
(Jun 23 2015 02:18:20,  848914 sec) TxPacket()           Invalid response [0x64] - resending packet. [PktNum=0x06]
(Jun 23 2015 02:18:20,  848915 sec) TxPacket()           Packet xmit history: [00010111] (0:ok, 1:fail).
(Jun 23 2015 02:18:28,  848922 sec) TxPacket()           Invalid response [0x35] - resending packet. [PktNum=0x06]
(Jun 23 2015 02:18:28,  848922 sec) TxPacket()           Packet xmit history: [00101111] (0:ok, 1:fail).
(Jun 23 2015 02:18:29,  848924 sec) TxPacket()           Invalid response [0x73] - resending packet. [PktNum=0x06]
(Jun 23 2015 02:18:29,  848924 sec) TxPacket()           Packet xmit history: [01011111] (0:ok, 1:fail).
(Jun 23 2015 02:18:30,  848924 sec) TxPacket()           Invalid response [0x6e] - resending packet. [PktNum=0x06]
(Jun 23 2015 02:18:30,  848925 sec) TxPacket()           Packet xmit history: [10111111] (0:ok, 1:fail).
(Jun 23 2015 02:18:31,  848925 sec) TxPacket()           Invalid response [0x38] - resending packet. [PktNum=0x06]
(Jun 23 2015 02:18:31,  848925 sec) TxPacket()           Packet xmit history: [01111111] (0:ok, 1:fail).
(Jun 23 2015 02:18:35,  848930 sec) TxPacket()           Invalid response [0x67] - resending packet. [PktNum=0x06]
(Jun 23 2015 02:18:36,  848930 sec) TxPacket()           Packet xmit history: [11111111] (0:ok, 1:fail).
(Jun 23 2015 02:18:36,  848930 sec) TxPacket()           Exit status: -5
(Jun 23 2015 02:18:36,  848930 sec) Tx()                 Packet transmission failed - aborting transfer.
(Jun 23 2015 02:18:47,  848941 sec) UpLoadFile()         Upload failed.
(Jun 23 2015 02:19:05,  848960 sec) UpLoadFile()         Uploading "9567.022.msg" to host as "9567.022.msg".
(Jun 23 2015 02:20:05,  849019 sec) Tx()                 CRC negotiation failed - aborting transfer.
(Jun 23 2015 02:20:15,  849030 sec) UpLoadFile()         Upload failed.
(Jun 23 2015 02:20:15,  849030 sec) UpLoad()             Files successfully uploaded: 1
(Jun 23 2015 02:20:15,  849030 sec) UpLoad()             Aborting upload: Retry limit [2] exceeded. Upload incomplete.
(Jun 23 2015 02:20:22,  849036 sec) logout()             Log-out successful.
(Jun 23 2015 02:20:23,  849038 sec) Telemetry()          Telemetry cycle complete: PrfId=22 ConnectionAttempts=1  Connections=1
(Jun 23 2015 02:35:38,  849952 sec) AirSystem()          Air-bladder inflation by-passed. Barometer: [127cnt, 6.8"Hg].
(Jun 23 2015 02:36:14,  849988 sec) GpsServices()        GPS almanac is current.
(Jun 23 2015 02:36:14,  849988 sec) GpsServices()        Initiating GPS fix acquisition.
(Jun 23 2015 02:36:24,  849999 sec) gga()                $GPGGA,023610,1203.6319,N,08550.8352,E,0,00,,,M,,M,,*52
(Jun 23 2015 02:36:49,  850024 sec) gga()                $GPGGA,023610,1203.6316,N,08550.8347,E,1,10,0.8,-4.9,M,-79.5,M,,*49
(Jun 23 2015 02:36:49,  850024 sec) GpsServices()        Profile 22 GPS fix obtained in 35 seconds.
(Jun 23 2015 02:36:49,  850024 sec) GpsServices()                  lon     lat mm/dd/yyyy hhmmss nsat
(Jun 23 2015 02:36:50,  850024 sec) GpsServices()        Fix:   85.847  12.061 06/23/2015 023610   10
(Jun 23 2015 02:37:24,  850058 sec) gga()                $GPGGA,023650,1203.6342,N,08550.8388,E,1,11,0.7,-0.2,M,-79.5,M,,*4E
(Jun 23 2015 02:37:29,  850064 sec) gga()                $GPGGA,023720,1203.6348,N,08550.8385,E,1,11,0.7,-0.5,M,-79.5,M,,*48
(Jun 23 2015 02:37:29,  850064 sec) GpsServices()        APF9 RTC skew (9s) OK.
(Jun 23 2015 02:37:30,  850064 sec) LogNmeaSentences()   ,11,194,41,16,50,018,47,23,45,344,47,26,22,031,42*7A
(Jun 23 2015 02:37:30,  850065 sec) LogNmeaSentences()   $GPGSV,3,3,12,27,46,115,47,31,07,064,40,32,42,183,46,01,08,208,00*74
(Jun 23 2015 02:37:39,  850074 sec) LogNmeaSentences()   $GPRMC,023730,A,1203.6335,N,08550.8391,E,000.9,201.9,230615,001.5,W*6D
(Jun 23 2015 02:37:40,  850074 sec) LogNmeaSentences()   $GPGGA,023730,1203.6335,N,08550.8391,E,1,11,0.7,-0.7,M,-79.5,M,,*44
(Jun 23 2015 02:37:40,  850075 sec) LogNmeaSentences()   $GPGSA,A,3,03,04,07,09,11,16,23,26,27,31,32,,1.1,0.7,0.8*30
(Jun 23 2015 02:37:40,  850075 sec) LogNmeaSentences()   $GPGSV,3,1,12,03,52,247,45,04,11,182,39,07,09,288,33,09,16,327,41*78
(Jun 23 2015 02:37:41,  850075 sec) LogNmeaSentences()   $GPGSV,3,2,12,11,11,194,33,16,50,018,47,23,45,344,47,26,22,031,45*78
(Jun 23 2015 02:37:41,  850076 sec) LogNmeaSentences()   $GPGSV,3,3,12,27,46,115,47,31,07,064,39,32,42,183,45,01,08,208,00*79
(Jun 23 2015 02:37:49,  850084 sec) LogNmeaSentences()   $GPRMC,023740,A,1203.6338,N,08550.8389,E,002.0,212.5,230615,001.5,W*6B
(Jun 23 2015 02:37:50,  850084 sec) LogNmeaSentences()   $GPGGA,023740,1203.6338,N,08550.8389,E,1,11,0.7,-2.1,M,-79.5,M,,*43
(Jun 23 2015 02:37:50,  850085 sec) LogNmeaSentences()   $GPGSA,A,3,03,04,07,09,11,16,23,26,27,31,32,,1.1,0.7,0.8*30
(Jun 23 2015 02:37:50,  850085 sec) LogNmeaSentences()   $GPGSV,3,1,12,03,52,247,45,04,11,182,38,07,09,288,43,09,16,327,39*71
(Jun 23 2015 02:37:51,  850085 sec) LogNmeaSentences()   $GPGSV,3,2,12,11,11,194,42,16,50,018,47,23,45,344,47,26,22,031,44*7F
(Jun 23 2015 02:37:51,  850086 sec) LogNmeaSentences()   $GPGSV,3,3,12,27,46,114,48,31,07,064,38,32,42,183,44,01,08,208,00*77
(Jun 23 2015 02:37:59,  850094 sec) LogNmeaSentences()   $GPRMC,023750,A,1203.6344,N,08550.8406,E,001.2,191.2,230615,001.5,W*6F
(Jun 23 2015 02:37:59,  850094 sec) LogNmeaSentences()   $GPGGA,023750,1203.6344,N,08550.8406,E,1,00,1.7,-3.0,M,-79.5,M,,*48
(Jun 23 2015 02:38:00,  850094 sec) LogNmeaSentences()   $GPGSA,A,3,,,,,,,,,,,,,1.9,1.7,0.8*34
(Jun 23 2015 02:38:00,  850095 sec) LogNmeaSentences()   $GPGSV,3,1,12,01,08,208,00,03,53,249,00,04,11,183,00,07,09,288,00*73
(Jun 23 2015 02:38:00,  850095 sec) LogNmeaSentences()   $GPGSV,3,2,12,09,16,328,00,11,11,195,00,16,50,018,00,19,35,157,00*77
(Jun 23 2015 02:38:01,  850095 sec) LogNmeaSentences()   $GPGSV,3,3,12,23,44,344,00,26,22,030,00,27,46,115,00,31,08,062,00*73
(Jun 23 2015 02:38:09,  850104 sec) LogNmeaSentences()   $GPRMC,023800,A,1203.6349,N,08550.8393,E,001.3,298.5,230615,001.5,W*6F
(Jun 23 2015 02:38:10,  850104 sec) LogNmeaSentences()   $GPGGA,023800,1203.6349,N,08550.8393,E,1,11,0.7,-5.3,M,-79.5,M,,*40
(Jun 23 2015 02:38:10,  850105 sec) LogNmeaSentences()   $GPGSA,A,3,03,04,07,09,11,16,23,26,27,31,32,,1.1,0.7,0.8*30
(Jun 23 2015 02:38:10,  850105 sec) LogNmeaSentences()   $GPGSV,3,1,12,03,52,247,47,04,11,182,41,07,09,288,31,09,16,327,39*78
(Jun 23 2015 02:38:11,  850105 sec) LogNmeaSentences()   $GPGSV,3,2,12,11,11,194,39,16,50,018,49,23,45,344,48,26,22,031,44*72
(Jun 23 2015 02:38:11,  850106 sec) LogNmeaSentences()   $GPGSV,3,3,12,27,46,114,48,31,07,064,41,32,42,183,44,01,08,208,00*79
(Jun 23 2015 02:38:11,  850106 sec) LogNmeaSentences()   $PGRMT,GPS 15x-L software ver. 3.80,,,,,,,,*7C
(Jun 23 2015 02:38:12,  850106 sec) GpsServices()        GPS services complete.
(Jun 23 2015 02:38:44,  850139 sec) CLogin()             Connecting to primary host.
(Jun 23 2015 02:38:57,  850152 sec) CLogin()             Connection 2 established in 13 seconds.
(Jun 23 2015 02:39:12,  850167 sec) login()              Login successful.
(Jun 23 2015 02:39:18,  850172 sec) CLogin()             Logged in to host.  [Login required 21 seconds]
(Jun 23 2015 02:39:26,  850180 sec) RxConfig()           Downloading "mission.cfg" from host.
(Jun 23 2015 02:39:28,  850183 sec) Rx()                 Initiating transfer. [0x43]
(Jun 23 2015 02:39:31,  850185 sec) RxStartByte()        Sync errors encountered: 53
(Jun 23 2015 02:39:35,  850189 sec) Rx()                 Truncated packet received - retrying.
(Jun 23 2015 02:39:36,  850191 sec) RxStartByte()        Sync errors encountered: 471
(Jun 23 2015 02:39:40,  850194 sec) Rx()                 Truncated packet received - retrying.
(Jun 23 2015 02:39:43,  850197 sec) RxStartByte()        Sync errors encountered: 998
(Jun 23 2015 02:39:46,  850200 sec) Rx()                 Truncated packet received - retrying.
(Jun 23 2015 02:39:54,  850209 sec) RxStartByte()        Sync errors encountered: 874
(Jun 23 2015 02:39:58,  850212 sec) Rx()                 Pad character [0x1a] found in ascii mode - truncating packet.
(Jun 23 2015 02:40:03,  850217 sec) Rx()                 Received EOT - transfer complete. [1 packets, 1024 bytes, 35 sec, 29.3 bps]
(Jun 23 2015 02:40:03,  850217 sec) RxConfig()           Download successful.
(Jun 23 2015 02:40:16,  850231 sec) WriteVitals()        Writing vitals to "9567.022.msg".
(Jun 23 2015 02:40:29,  850244 sec) UpLoadFile()         Uploading "9567.022.msg" to host as "9567.022.msg".
(Jun 23 2015 02:40:31,  850245 sec) Tx()                 CRC negotiation successful. [16-bit CRC]
(Jun 23 2015 02:41:09,  850284 sec) TxPacket()           NAK received - resending packet. [PktNum=0x05]
(Jun 23 2015 02:41:09,  850284 sec) TxPacket()           Packet xmit history: [00000001] (0:ok, 1:fail).
(Jun 23 2015 02:41:33,  850308 sec) TxPacket()           NAK received - resending packet. [PktNum=0x08]
(Jun 23 2015 02:41:33,  850308 sec) TxPacket()           Packet xmit history: [00010001] (0:ok, 1:fail).
(Jun 23 2015 02:41:38,  850313 sec) TxPacket()           NAK received - resending packet. [PktNum=0x08]
(Jun 23 2015 02:41:38,  850313 sec) TxPacket()           Packet xmit history: [00100011] (0:ok, 1:fail).
(Jun 23 2015 02:41:52,  850326 sec) TxPacket()           NAK received - resending packet. [PktNum=0x09]
(Jun 23 2015 02:41:52,  850326 sec) TxPacket()           Packet xmit history: [10001101] (0:ok, 1:fail).
(Jun 23 2015 02:42:02,  850337 sec) TxPacket()           NAK received - resending packet. [PktNum=0x0a]
(Jun 23 2015 02:42:02,  850337 sec) TxPacket()           Packet xmit history: [00110101] (0:ok, 1:fail).
(Jun 23 2015 02:42:50,  850385 sec) TxPacket()           NAK received - resending packet. [PktNum=0x11]
(Jun 23 2015 02:42:50,  850385 sec) TxPacket()           Packet xmit history: [00000001] (0:ok, 1:fail).
(Jun 23 2015 02:43:01,  850396 sec) TxPacket()           NAK received - resending packet. [PktNum=0x12]
(Jun 23 2015 02:43:01,  850396 sec) TxPacket()           Packet xmit history: [00000101] (0:ok, 1:fail).
(Jun 23 2015 02:43:15,  850409 sec) TxPacket()           NAK received - resending packet. [PktNum=0x13]
(Jun 23 2015 02:43:15,  850409 sec) TxPacket()           Packet xmit history: [00010101] (0:ok, 1:fail).
(Jun 23 2015 02:43:24,  850419 sec) TxPacket()           NAK received - resending packet. [PktNum=0x14]
(Jun 23 2015 02:43:24,  850419 sec) TxPacket()           Packet xmit history: [01010101] (0:ok, 1:fail).
(Jun 23 2015 02:43:48,  850443 sec) TxPacket()           NAK received - resending packet. [PktNum=0x15]
(Jun 23 2015 02:43:48,  850443 sec) TxPacket()           Packet xmit history: [01010101] (0:ok, 1:fail).
(Jun 23 2015 02:43:57,  850452 sec) TxPacket()           NAK received - resending packet. [PktNum=0x18]
(Jun 23 2015 02:43:57,  850452 sec) TxPacket()           Packet xmit history: [01010001] (0:ok, 1:fail).
(Jun 23 2015 02:44:07,  850461 sec) TxPacket()           NAK received - resending packet. [PktNum=0x18]
(Jun 23 2015 02:44:07,  850461 sec) TxPacket()           Packet xmit history: [10100011] (0:ok, 1:fail).
(Jun 23 2015 02:44:17,  850471 sec) TxPacket()           Packet xmit history: [01000110] (0:ok, 1:fail).
(Jun 23 2015 02:44:23,  850478 sec) TxPacket()           Invalid response [0x63] - resending packet. [PktNum=0x18]
(Jun 23 2015 02:44:24,  850478 sec) TxPacket()           Packet xmit history: [10001101] (0:ok, 1:fail).
(Jun 23 2015 02:44:24,  850479 sec) TxPacket()           Invalid response [0x6d] - resending packet. [PktNum=0x18]
(Jun 23 2015 02:44:24,  850479 sec) TxPacket()           Packet xmit history: [00011011] (0:ok, 1:fail).
(Jun 23 2015 02:44:27,  850481 sec) TxPacket()           Invalid response [0x3a] - resending packet. [PktNum=0x18]
(Jun 23 2015 02:44:27,  850481 sec) TxPacket()           Packet xmit history: [00110111] (0:ok, 1:fail).
(Jun 23 2015 02:44:28,  850482 sec) TxPacket()           Invalid response [0x75] - resending packet. [PktNum=0x18]
(Jun 23 2015 02:44:28,  850482 sec) TxPacket()           Packet xmit history: [01101111] (0:ok, 1:fail).
(Jun 23 2015 02:44:30,  850485 sec) TxPacket()           Invalid response [0x3a] - resending packet. [PktNum=0x18]
(Jun 23 2015 02:44:30,  850485 sec) TxPacket()           Packet xmit history: [11011111] (0:ok, 1:fail).
(Jun 23 2015 02:44:35,  850490 sec) TxPacket()           Invalid response [0x0a] - resending packet. [PktNum=0x18]
(Jun 23 2015 02:44:36,  850490 sec) TxPacket()           Packet xmit history: [10111111] (0:ok, 1:fail).
(Jun 23 2015 02:44:37,  850491 sec) TxPacket()           Invalid response [0x38] - resending packet. [PktNum=0x18]
(Jun 23 2015 02:44:37,  850492 sec) TxPacket()           Packet xmit history: [01111111] (0:ok, 1:fail).
(Jun 23 2015 02:44:37,  850492 sec) TxPacket()           Exit status: -5
(Jun 23 2015 02:44:37,  850492 sec) Tx()                 Packet transmission failed - aborting transfer.
(Jun 23 2015 02:44:48,  850503 sec) UpLoadFile()         Upload failed.
(Jun 23 2015 02:45:28,  850542 sec) chat()               Expected string [rx -c  9567.022.msg] not received.
(Jun 23 2015 02:45:28,  850542 sec) UpLoadFile()         Failed attempt to execute "rx -c  9567.022.msg" on the host.
(Jun 23 2015 02:45:28,  850542 sec) UpLoad()             Files successfully uploaded: 0
(Jun 23 2015 02:45:28,  850542 sec) UpLoad()             Aborting upload: Retry limit [2] exceeded. Upload incomplete.
(Jun 23 2015 02:45:34,  850548 sec) chat()               Expected string [logout] not received.
(Jun 23 2015 02:45:34,  850548 sec) logout()             Attempt to log-out failed.
(Jun 23 2015 02:45:39,  850553 sec) chat()               Expected string [cmd>] not received.
(Jun 23 2015 02:45:39,  850553 sec) logout()             Can't get command prompt.
(Jun 23 2015 02:45:44,  850558 sec) chat()               Expected string [logout] not received.
(Jun 23 2015 02:45:44,  850558 sec) logout()             Attempt to log-out failed.
(Jun 23 2015 02:45:44,  850558 sec) logout()             No carrier detected.
(Jun 23 2015 02:45:44,  850558 sec) Telemetry()          Telemetry cycle complete: PrfId=22 ConnectionAttempts=2  Connections=2
(Jun 23 2015 03:00:59,  851473 sec) AirSystem()          Air-bladder inflation by-passed. Barometer: [128cnt, 7.1"Hg].
(Jun 23 2015 03:01:35,  851509 sec) GpsServices()        GPS almanac is current.
(Jun 23 2015 03:01:35,  851509 sec) GpsServices()        Initiating GPS fix acquisition.
(Jun 23 2015 03:02:04,  851538 sec) gga()                $GPGGA,030130,1203.6430,N,08550.8215,E,1,12,0.7,7.5,M,-79.5,M,,*64
(Jun 23 2015 03:02:04,  851539 sec) GpsServices()        Profile 22 GPS fix obtained in 29 seconds.
(Jun 23 2015 03:02:04,  851539 sec) GpsServices()                  lon     lat mm/dd/yyyy hhmmss nsat
(Jun 23 2015 03:02:04,  851539 sec) GpsServices()        Fix:   85.847  12.061 06/23/2015 030130   12
(Jun 23 2015 03:02:34,  851568 sec) gga()                $GPGGA,030200,1203.6443,N,08550.8203,E,1,10,0.9,1.9,M,-79.5,M,,*61
(Jun 23 2015 03:02:39,  851574 sec) gga()                $GPGGA,030230,1203.6439,N,08550.8183,E,1,11,0.9,7.2,M,-79.5,M,,*68
(Jun 23 2015 03:02:39,  851574 sec) GpsServices()        APF9 RTC skew (9s) OK.
(Jun 23 2015 03:02:40,  851574 sec) LogNmeaSentences()   ,26,330,44,11,14,186,37,16,38,020,47,19,44,149,44*71
(Jun 23 2015 03:02:40,  851575 sec) LogNmeaSentences()   $GPGSV,3,3,12,23,56,349,50,27,49,096,47,32,32,178,43,26,13,033,00*78
(Jun 23 2015 03:02:49,  851584 sec) LogNmeaSentences()   $GPRMC,030240,A,1203.6430,N,08550.8179,E,001.1,231.1,230615,001.5,W*69
(Jun 23 2015 03:02:49,  851584 sec) LogNmeaSentences()   $GPGGA,030240,1203.6430,N,08550.8179,E,1,02,0.9,1.7,M,-79.5,M,,*62
(Jun 23 2015 03:02:50,  851584 sec) LogNmeaSentences()   $GPGSA,A,3,01,04,,,,,,,,,,,1.2,0.9,0.8*35
(Jun 23 2015 03:02:50,  851585 sec) LogNmeaSentences()   $GPGSV,3,1,12,01,07,198,20,04,11,173,26,09,26,330,16,19,44,149,17*71
(Jun 23 2015 03:02:50,  851585 sec) LogNmeaSentences()   $GPGSV,3,2,12,03,47,231,00,07,12,299,00,11,14,186,00,16,38,020,00*79
(Jun 23 2015 03:02:51,  851585 sec) LogNmeaSentences()   $GPGSV,3,3,12,23,56,349,00,26,13,033,00,27,49,096,00,31,05,072,00*75
(Jun 23 2015 03:02:59,  851594 sec) LogNmeaSentences()   $GPRMC,030250,A,1203.6431,N,08550.8192,E,000.0,137.0,230615,001.5,W*68
(Jun 23 2015 03:03:00,  851594 sec) LogNmeaSentences()   $GPGGA,030250,1203.6431,N,08550.8192,E,1,11,0.9,0.1,M,-79.5,M,,*62
(Jun 23 2015 03:03:00,  851595 sec) LogNmeaSentences()   $GPGSA,A,3,01,03,04,07,09,11,16,19,23,27,32,,1.2,0.9,0.8*32
(Jun 23 2015 03:03:00,  851595 sec) LogNmeaSentences()   $GPGSV,3,1,12,01,07,198,43,03,46,230,48,04,11,173,42,07,12,298,41*70
(Jun 23 2015 03:03:01,  851595 sec) LogNmeaSentences()   $GPGSV,3,2,12,09,26,330,41,11,14,186,43,16,38,020,45,19,44,149,48*79
(Jun 23 2015 03:03:01,  851596 sec) LogNmeaSentences()   $GPGSV,3,3,12,23,56,349,48,27,49,096,49,32,32,178,44,26,13,033,00*78
(Jun 23 2015 03:03:09,  851604 sec) LogNmeaSentences()   $GPRMC,030300,A,1203.6423,N,08550.8193,E,003.0,305.0,230615,001.5,W*6E
(Jun 23 2015 03:03:10,  851604 sec) LogNmeaSentences()   $GPGGA,030300,1203.6423,N,08550.8193,E,1,11,0.9,1.3,M,-79.5,M,,*67
(Jun 23 2015 03:03:10,  851605 sec) LogNmeaSentences()   $GPGSA,A,3,01,03,04,07,09,11,16,19,23,27,32,,1.2,0.9,0.8*32
(Jun 23 2015 03:03:10,  851605 sec) LogNmeaSentences()   $GPGSV,3,1,12,01,07,198,35,03,46,230,47,04,11,173,35,07,12,298,46*79
(Jun 23 2015 03:03:11,  851605 sec) LogNmeaSentences()   $GPGSV,3,2,12,09,26,330,44,11,14,186,38,16,38,020,45,19,44,148,45*7C
(Jun 23 2015 03:03:11,  851606 sec) LogNmeaSentences()   $GPGSV,3,3,12,23,56,349,49,27,49,096,45,32,32,178,44,26,13,033,00*75
(Jun 23 2015 03:03:11,  851606 sec) LogNmeaSentences()   $PGRMT,GPS 15x-L software ver. 3.80,,,,,,,,*7C
(Jun 23 2015 03:03:12,  851606 sec) GpsServices()        GPS services complete.
(Jun 23 2015 03:03:36,  851631 sec) CLogin()             Connecting to primary host.
(Jun 23 2015 03:03:48,  851642 sec) CLogin()             Connection 3 established in 12 seconds.
(Jun 23 2015 03:04:18,  851672 sec) expect()             Attempt to read prompt string [login:] failed.
(Jun 23 2015 03:04:18,  851672 sec) login()              Login prompt not received.
(Jun 23 2015 03:04:18,  851672 sec) login()              No carrier detected.
(Jun 23 2015 03:04:18,  851672 sec) CLogin()             Attempt to login to host failed.
(Jun 23 2015 03:04:18,  851672 sec) DownLoadMissionCfg() Connect/login failed.  Mission configuration not downloaded from remote host.
(Jun 23 2015 03:04:23,  851678 sec) CLogin()             Connecting to primary host.
(Jun 23 2015 03:04:34,  851688 sec) CLogin()             Connection 4 established in 11 seconds.
(Jun 23 2015 03:04:45,  851700 sec) login()              Login successful.
(Jun 23 2015 03:04:49,  851703 sec) CLogin()             Logged in to host.  [Login required 15 seconds]
(Jun 23 2015 03:05:01,  851716 sec) RxConfig()           Downloading "mission.cfg" from host.
(Jun 23 2015 03:05:04,  851718 sec) Rx()                 Initiating transfer. [0x43]
(Jun 23 2015 03:05:10,  851724 sec) Rx()                 Truncated packet received - retrying.
(Jun 23 2015 03:05:11,  851726 sec) RxStartByte()        Sync errors encountered: 715
(Jun 23 2015 03:05:16,  851731 sec) Rx()                 Pad character [0x1a] found in ascii mode - truncating packet.
(Jun 23 2015 03:05:21,  851735 sec) Rx()                 Received EOT - transfer complete. [1 packets, 1024 bytes, 17 sec, 60.2 bps]
(Jun 23 2015 03:05:21,  851735 sec) RxConfig()           Download successful.
(Jun 23 2015 03:05:34,  851749 sec) WriteVitals()        Writing vitals to "9567.022.msg".
(Jun 23 2015 03:05:43,  851757 sec) UpLoadFile()         Uploading "9567.022.msg" to host as "9567.022.msg".
(Jun 23 2015 03:05:45,  851760 sec) Tx()                 CRC negotiation successful. [16-bit CRC]
(Jun 23 2015 03:05:51,  851766 sec) TxPacket()           NAK received - resending packet. [PktNum=0x01]
(Jun 23 2015 03:05:51,  851766 sec) TxPacket()           Packet xmit history: [01110001] (0:ok, 1:fail).
(Jun 23 2015 03:06:42,  851816 sec) TxPacket()           NAK received - resending packet. [PktNum=0x09]
(Jun 23 2015 03:06:42,  851817 sec) TxPacket()           Packet xmit history: [00000001] (0:ok, 1:fail).
(Jun 23 2015 03:06:59,  851833 sec) TxPacket()           NAK received - resending packet. [PktNum=0x0b]
(Jun 23 2015 03:06:59,  851834 sec) TxPacket()           Packet xmit history: [00001001] (0:ok, 1:fail).
(Jun 23 2015 03:07:21,  851856 sec) TxPacket()           NAK received - resending packet. [PktNum=0x0d]
(Jun 23 2015 03:07:21,  851856 sec) TxPacket()           Packet xmit history: [01001001] (0:ok, 1:fail).
(Jun 23 2015 03:07:31,  851865 sec) TxPacket()           NAK received - resending packet. [PktNum=0x0e]
(Jun 23 2015 03:07:31,  851866 sec) TxPacket()           Packet xmit history: [00100101] (0:ok, 1:fail).
(Jun 23 2015 03:07:43,  851877 sec) TxPacket()           NAK received - resending packet. [PktNum=0x0f]
(Jun 23 2015 03:07:43,  851878 sec) TxPacket()           Packet xmit history: [10010101] (0:ok, 1:fail).
(Jun 23 2015 03:08:17,  851911 sec) TxPacket()           NAK received - resending packet. [PktNum=0x14]
(Jun 23 2015 03:08:17,  851912 sec) TxPacket()           Packet xmit history: [01000001] (0:ok, 1:fail).
(Jun 23 2015 03:08:24,  851918 sec) TxPacket()           NAK received - resending packet. [PktNum=0x14]
(Jun 23 2015 03:08:24,  851919 sec) TxPacket()           Packet xmit history: [10000011] (0:ok, 1:fail).
(Jun 23 2015 03:08:29,  851923 sec) TxPacket()           NAK received - resending packet. [PktNum=0x14]
(Jun 23 2015 03:08:29,  851924 sec) TxPacket()           Packet xmit history: [00000111] (0:ok, 1:fail).
(Jun 23 2015 03:08:47,  851941 sec) TxPacket()           NAK received - resending packet. [PktNum=0x16]
(Jun 23 2015 03:08:47,  851942 sec) TxPacket()           Packet xmit history: [00111001] (0:ok, 1:fail).
(Jun 23 2015 03:09:21,  851975 sec) Tx()                 Transmission completed successfully [27 packets, 24849 bytes, 215 sec, 116.1 bps]
(Jun 23 2015 03:09:21,  851976 sec) UpLoadFile()         Upload successful.
(Jun 23 2015 03:09:27,  851982 sec) UpLoad()             Files successfully uploaded: 1
(Jun 23 2015 03:09:27,  851982 sec) UpLoad()             Upload complete.
(Jun 23 2015 03:09:32,  851986 sec) logout()             Log-out successful.
(Jun 23 2015 03:09:33,  851987 sec) Telemetry()          Telemetry cycle complete: PrfId=22 ConnectionAttempts=4  Connections=4


(Jun 23 2015 03:09:33) LogSize()            Log file is 38991 bytes.  Limit is 40960 bytes.

(Jun 23 2015 03:09:33,  851988 sec) TelemetryTerminate() Parsing new mission configuration.
(Jun 23 2015 03:09:35,  851989 sec) configure()          Parsing configurators in "mission.cfg".
(Jun 23 2015 03:09:39,  851993 sec) configure()             TelemetryRetry(15)      [0x7BBC] [TelemetryRetry(15)].
(Jun 23 2015 03:09:39,  851993 sec) configure()          Configuration CRCs and syntax OK.
(Jun 23 2015 03:09:39,  851993 sec) ConfigSupervisor()   Sanity check violated: cfg->PressureCP >= 750
(Jun 23 2015 03:09:39,  851993 sec) ConfigSupervisor()   Configuration accepted.
(Jun 23 2015 03:09:39,  851994 sec) TelemetryTerminate() Reconditioning the file system.
(Jun 23 2015 03:09:54,       6 sec) DescentInit()        Deep profile 23 initiated at mission-time 852002sec.
(Jun 23 2015 03:09:56,       9 sec) DescentInit()        Surface pressure: -0.2dbars.
(Jun 23 2015 03:10:01,      14 sec) PistonMoveAbsWTO()    199->052 198 197 196 195 194 193 192 191 190 189 188 187 186 185 184 183 182 181 180 179 178 177 176 175 174 173 172 171 170 169 168 167 166 165 164 163 162 161 160 159 158 157 156 155 154 153 152 151 150 149 148 147 146 145 144 143 142 141 140 139 138 137 136 135 134 133 132 131 130 129 128 127 126 125 124 123 122 121 120 119 118 117 116 115 114 113 112 111 110 109 108 107 106 105 104 103 102 101 100 099 098 097 096 095 094 093 092 091 090 089 088 087 086 085 084 083 082 081 080 079 078 077 076 075 074 073 072 071 070 069 068 067 066 065 064 063 062 061 060 059 058 057 056 055 054 053 052 [728sec, 14.5Volts, 0.157Amps, CPT:728sec]
(Jun 23 2015 03:22:10,     742 sec) PistonMoveAbsWTO()    052->000
<EOT>
