(Sep 05 2017 10:36:33,  846758 sec) TelemetryInit()      Profile 104. (Apf9i FwRev: 012811)
(Sep 05 2017 10:43:38,  847183 sec) AirSystem()          Battery [189cnt, 14.7V]  Current [78cnt, 31.4mA]  Barometer [128cnt, 7.1"Hg]  Run-Time [52s]
(Sep 05 2017 10:44:07,  847211 sec) GpsServices()        GPS almanac is current.
(Sep 05 2017 10:44:07,  847211 sec) GpsServices()        Initiating GPS fix acquisition.
(Sep 05 2017 10:44:14,  847218 sec) gga()                $GPGGA,104410,1233.3308,N,08617.6074,E,0,00,,,M,,M,,*5B
(Sep 05 2017 10:44:23,  847228 sec) gga()                $GPGGA,104420,1233.3308,N,08617.6074,E,0,00,,,M,,M,,*58
(Sep 05 2017 10:44:30,  847235 sec) gga()                $GPGGA,104410,1233.3308,N,08617.6074,E,0,00,,,M,,M,,*5B
(Sep 05 2017 10:44:40,  847245 sec) gga()                $GPGGA,104420,1233.3308,N,08617.6074,E,0,00,,,M,,M,,*58
(Sep 05 2017 10:45:09,  847273 sec) gga()                $GPGGA,104430,1241.6104,N,08630.7508,E,1,09,0.9,20.2,M,-77.0,M,,*5F
(Sep 05 2017 10:45:09,  847274 sec) GpsServices()        Profile 104 GPS fix obtained in 62 seconds.
(Sep 05 2017 10:45:09,  847274 sec) GpsServices()                  lon     lat mm/dd/yyyy hhmmss nsat
(Sep 05 2017 10:45:09,  847274 sec) GpsServices()        Fix:   86.513  12.694 09/05/2017 104430    9
(Sep 05 2017 10:45:39,  847303 sec) gga()                $GPGGA,104500,1241.6123,N,08630.7519,E,1,10,0.8,14.2,M,-77.0,M,,*56
(Sep 05 2017 10:45:45,  847309 sec) gga()                $GPGGA,104530,1241.6130,N,08630.7515,E,1,10,0.8,13.4,M,-77.0,M,,*5A
(Sep 05 2017 10:45:45,  847309 sec) GpsServices()        APF9 RTC skew (15s) OK.
(Sep 05 2017 10:45:45,  847310 sec) LogNmeaSentences()   5,030,47,18,35,315,46,20,29,034,42,21,41,344,46*7B
(Sep 05 2017 10:45:45,  847310 sec) LogNmeaSentences()   $GPGSV,3,3,12,24,37,122,45,25,10,186,41,29,58,189,49,32,16,221,43*7F
(Sep 05 2017 10:45:54,  847319 sec) LogNmeaSentences()   $GPRMC,104540,A,1241.6133,N,08630.7517,E,000.0,239.6,050917,001.4,W*69
(Sep 05 2017 10:45:55,  847319 sec) LogNmeaSentences()   $GPGGA,104540,1241.6133,N,08630.7517,E,1,10,0.8,13.3,M,-77.0,M,,*5B
(Sep 05 2017 10:45:55,  847320 sec) LogNmeaSentences()   $GPGSA,A,3,,10,13,,15,18,20,21,24,25,29,32,1.1,0.8,0.8*36
(Sep 05 2017 10:45:56,  847320 sec) LogNmeaSentences()   $GPGSV,3,1,12,02,04,123,33,10,18,286,42,13,14,036,42,14,01,217,24*7E
(Sep 05 2017 10:45:56,  847321 sec) LogNmeaSentences()   $GPGSV,3,2,12,15,45,030,47,18,35,315,46,20,29,034,43,21,41,344,46*7A
(Sep 05 2017 10:45:56,  847321 sec) LogNmeaSentences()   $GPGSV,3,3,12,24,37,122,45,25,10,186,41,29,58,189,50,32,16,221,42*76
(Sep 05 2017 10:46:04,  847329 sec) LogNmeaSentences()   $GPRMC,104550,A,1241.6137,N,08630.7515,E,000.4,029.7,050917,001.4,W*68
(Sep 05 2017 10:46:05,  847329 sec) LogNmeaSentences()   $GPGGA,104550,1241.6137,N,08630.7515,E,1,10,0.8,13.2,M,-77.0,M,,*5D
(Sep 05 2017 10:46:05,  847330 sec) LogNmeaSentences()   $GPGSA,A,3,,10,13,,15,18,20,21,24,25,29,32,1.1,0.8,0.8*36
(Sep 05 2017 10:46:06,  847330 sec) LogNmeaSentences()   $GPGSV,3,1,12,02,03,123,34,10,18,286,42,13,14,036,42,14,01,217,25*7F
(Sep 05 2017 10:46:06,  847331 sec) LogNmeaSentences()   $GPGSV,3,2,12,15,45,030,47,18,35,315,45,20,29,034,43,21,41,344,45*7A
(Sep 05 2017 10:46:06,  847331 sec) LogNmeaSentences()   $GPGSV,3,3,12,24,37,122,44,25,10,186,41,29,58,189,50,32,16,221,43*76
(Sep 05 2017 10:46:14,  847339 sec) LogNmeaSentences()   $GPRMC,104600,A,1241.6142,N,08630.7516,E,000.0,029.7,050917,001.4,W*6B
(Sep 05 2017 10:46:15,  847339 sec) LogNmeaSentences()   $GPGGA,104600,1241.6142,N,08630.7516,E,1,10,0.8,12.9,M,-77.0,M,,*50
(Sep 05 2017 10:46:15,  847340 sec) LogNmeaSentences()   $GPGSA,A,3,,10,13,,15,18,20,21,24,25,29,32,1.1,0.8,0.8*36
(Sep 05 2017 10:46:16,  847340 sec) LogNmeaSentences()   $GPGSV,3,1,12,02,03,123,38,10,18,286,41,13,13,035,43,14,01,217,25*75
(Sep 05 2017 10:46:16,  847341 sec) LogNmeaSentences()   $GPGSV,3,2,12,15,45,030,49,18,35,316,46,20,29,034,45,21,41,344,44*73
(Sep 05 2017 10:46:16,  847341 sec) LogNmeaSentences()   $GPGSV,3,3,12,24,37,122,44,25,10,186,40,29,58,189,50,32,16,221,41*75
(Sep 05 2017 10:46:17,  847341 sec) LogNmeaSentences()   $PGRMT,GPS 15x-L software ver. 3.80,,,,,,,,*7C
(Sep 05 2017 10:46:17,  847341 sec) GpsServices()        GPS services complete.
(Sep 05 2017 10:46:41,  847366 sec) CLogin()             Connecting to primary host.
(Sep 05 2017 10:46:56,  847381 sec) CLogin()             Connection 1 established in 15 seconds.
(Sep 05 2017 10:47:05,  847390 sec) login()              Login successful.
(Sep 05 2017 10:47:09,  847393 sec) CLogin()             Logged in to host.  [Login required 13 seconds]
(Sep 05 2017 10:47:17,  847401 sec) RxConfig()           Downloading "mission.cfg" from host.
(Sep 05 2017 10:47:19,  847403 sec) Rx()                 Initiating transfer. [0x43]
(Sep 05 2017 10:47:22,  847406 sec) RxStartByte()        Sync errors encountered: 330
(Sep 05 2017 10:47:25,  847409 sec) Rx()                 Pad character [0x1a] found in ascii mode - truncating packet.
(Sep 05 2017 10:47:30,  847414 sec) Rx()                 Received EOT - transfer complete. [1 packets, 1024 bytes, 11 sec, 93.1 bps]
(Sep 05 2017 10:47:30,  847414 sec) RxConfig()           Download successful.
(Sep 05 2017 10:47:43,  847428 sec) WriteVitals()        Writing vitals to "9567.104.msg".
(Sep 05 2017 10:47:51,  847435 sec) UpLoadFile()         Uploading "9567.104.msg" to host as "9567.104.msg".
(Sep 05 2017 10:47:53,  847438 sec) Tx()                 CRC negotiation successful. [16-bit CRC]
(Sep 05 2017 10:48:33,  847477 sec) TxPacket()           NAK received - resending packet. [PktNum=0x07]
(Sep 05 2017 10:48:33,  847477 sec) TxPacket()           Packet xmit history: [00000001] (0:ok, 1:fail).
(Sep 05 2017 10:48:39,  847483 sec) TxPacket()           NAK received - resending packet. [PktNum=0x07]
(Sep 05 2017 10:48:39,  847483 sec) TxPacket()           Packet xmit history: [00000011] (0:ok, 1:fail).
(Sep 05 2017 10:49:21,  847525 sec) TxPacket()           NAK received - resending packet. [PktNum=0x0e]
(Sep 05 2017 10:49:21,  847525 sec) TxPacket()           Packet xmit history: [00000001] (0:ok, 1:fail).
(Sep 05 2017 10:49:33,  847538 sec) TxPacket()           NAK received - resending packet. [PktNum=0x0f]
(Sep 05 2017 10:49:33,  847538 sec) TxPacket()           Packet xmit history: [00000101] (0:ok, 1:fail).
(Sep 05 2017 10:49:44,  847548 sec) TxPacket()           NAK received - resending packet. [PktNum=0x0f]
(Sep 05 2017 10:49:44,  847548 sec) TxPacket()           Packet xmit history: [00001011] (0:ok, 1:fail).
(Sep 05 2017 10:49:49,  847553 sec) TxPacket()           NAK received - resending packet. [PktNum=0x0f]
(Sep 05 2017 10:49:49,  847553 sec) TxPacket()           Packet xmit history: [00010111] (0:ok, 1:fail).
(Sep 05 2017 10:50:13,  847577 sec) TxPacket()           NAK received - resending packet. [PktNum=0x13]
(Sep 05 2017 10:50:13,  847577 sec) TxPacket()           Packet xmit history: [11100001] (0:ok, 1:fail).
(Sep 05 2017 10:50:21,  847585 sec) TxPacket()           NAK received - resending packet. [PktNum=0x13]
(Sep 05 2017 10:50:21,  847585 sec) TxPacket()           Packet xmit history: [11000011] (0:ok, 1:fail).
(Sep 05 2017 10:50:37,  847601 sec) TxPacket()           NAK received - resending packet. [PktNum=0x15]
(Sep 05 2017 10:50:37,  847601 sec) TxPacket()           Packet xmit history: [00011001] (0:ok, 1:fail).
(Sep 05 2017 10:50:42,  847606 sec) TxPacket()           NAK received - resending packet. [PktNum=0x15]
(Sep 05 2017 10:50:42,  847606 sec) TxPacket()           Packet xmit history: [00110011] (0:ok, 1:fail).
(Sep 05 2017 10:51:35,  847660 sec) TxPacket()           NAK received - resending packet. [PktNum=0x1c]
(Sep 05 2017 10:51:36,  847660 sec) TxPacket()           Packet xmit history: [00000001] (0:ok, 1:fail).
(Sep 05 2017 10:51:50,  847674 sec) Tx()                 Transmission completed successfully [28 packets, 23173 bytes, 236 sec, 102.5 bps]
(Sep 05 2017 10:51:50,  847674 sec) UpLoadFile()         Upload successful.
(Sep 05 2017 10:51:56,  847681 sec) UpLoadFile()         Uploading "9567.104.log" to host as "9567.104.log".
(Sep 05 2017 10:52:00,  847685 sec) Tx()                 CRC negotiation successful. [16-bit CRC]
(Sep 05 2017 10:52:08,  847692 sec) TxPacket()           NAK received - resending packet. [PktNum=0x01]
(Sep 05 2017 10:52:08,  847692 sec) TxPacket()           Packet xmit history: [00000101] (0:ok, 1:fail).
(Sep 05 2017 10:54:50,  847854 sec) TxPacket()           NAK received - resending packet. [PktNum=0x1d]
(Sep 05 2017 10:54:50,  847854 sec) TxPacket()           Packet xmit history: [00000001] (0:ok, 1:fail).
(Sep 05 2017 10:55:48,  847912 sec) Tx()                 Transmission completed successfully [37 packets, 37505 bytes, 227 sec, 166.9 bps]
(Sep 05 2017 10:55:48,  847912 sec) UpLoadFile()         Upload successful.
(Sep 05 2017 10:55:54,  847918 sec) UpLoad()             Files successfully uploaded: 2
(Sep 05 2017 10:55:54,  847919 sec) UpLoad()             Upload complete.
(Sep 05 2017 10:55:59,  847923 sec) chat()               Expected string [cmd>] not received.
(Sep 05 2017 10:55:59,  847923 sec) logout()             Can't get command prompt.
(Sep 05 2017 10:56:04,  847928 sec) chat()               Expected string [logout] not received.
(Sep 05 2017 10:56:04,  847928 sec) logout()             Attempt to log-out failed.
(Sep 05 2017 10:56:04,  847928 sec) logout()             No carrier detected.
(Sep 05 2017 10:56:04,  847928 sec) Telemetry()          Telemetry cycle complete: PrfId=104 ConnectionAttempts=1  Connections=1
(Sep 05 2017 10:56:04,  847929 sec) TelemetryTerminate() Parsing new mission configuration.
(Sep 05 2017 10:56:06,  847930 sec) configure()          Parsing configurators in "mission.cfg".
(Sep 05 2017 10:56:10,  847934 sec) configure()             TelemetryRetry(15)      [0x7BBC] [TelemetryRetry(15)].
(Sep 05 2017 10:56:10,  847934 sec) configure()          Configuration CRCs and syntax OK.
(Sep 05 2017 10:56:10,  847934 sec) ConfigSupervisor()   Sanity check violated: cfg->PressureCP >= 750
(Sep 05 2017 10:56:10,  847935 sec) ConfigSupervisor()   Configuration accepted.
(Sep 05 2017 10:56:10,  847935 sec) TelemetryTerminate() Reconditioning the file system.
(Sep 05 2017 10:56:20,       6 sec) DescentInit()        Deep profile 105 initiated at mission-time 847938sec.
(Sep 05 2017 10:56:23,       9 sec) DescentInit()        Surface pressure: -0.2dbars.
(Sep 05 2017 10:56:27,      14 sec) PistonMoveAbsWTO()    191->054 190 189 188 187 186 185 184 183 182 181 180 179 178 177 176 175 174 173 172 171 170 169 168 167 166 165 164 163 162 161 160 159 158 157 156 155 154 153 152 151 150 149 148 147 146 145 144 143 142 141 140 139 138 137 136 135 134 133 132 131 130 129 128 127 126 125 124 123 122 121 120 119 118 117 116 115 114 113 112 111 110 109 108 107 106 105 104 103 102 101 100 099 098 097 096 095 094 093 092 091 090 089 088 087 086 085 084 083 082 081 080 079 078 077 076 075 074 073 072 071 070 069 068 067 066 065 064 063 062 061 060 059 058 057 056 055 054 [696sec, 14.2Volts, 0.161Amps, CPT:696sec]
(Sep 05 2017 11:08:04,     710 sec) PistonMoveAbsWTO()    054->000 053 052 051 050 049 048 047 046 045 044 043 042 041 040 039 038 037 036 035 034 033 032 031 030 029 028 027 026 025 024 023 022 021 020 019 018 017 016 015 014 013 012 011 010 009 [228sec, 14.3Volts, 0.157Amps, CPT:924sec]
(Sep 05 2017 11:12:02,     948 sec) Descent()            Pressure: 72.0
(Sep 05 2017 11:56:18,    3604 sec) Descent()            Pressure: 396.6
(Sep 05 2017 12:56:18,    7204 sec) Descent()            Pressure: 895.1
(Sep 05 2017 12:56:18,    7204 sec) PistonMoveAbsWTO()    009->054 010 011 012 013 014 015 016 017 018 019 020 021 022 023 024 025 026 027 028 029 030 031 032 033 034 035 036 037 038 039 040 041 042 043 044 045 046 047 048 049 050 051 052 053 054 [259sec, 13.5Volts, 0.447Amps, CPT:1183sec]
(Sep 05 2017 13:56:18,   10804 sec) Descent()            Pressure: 906.3
(Sep 05 2017 14:56:18,   14404 sec) Descent()            Pressure: 927.6
(Sep 05 2017 15:56:18,   18004 sec) Descent()            Pressure: 941.7
(Sep 05 2017 15:56:18,   18004 sec) ParkInit()           
(Sep 05 2017 17:56:47,   25233 sec) Park()               ParkPOutOfBand[-3, 957.4 dbars]: retract piston.
(Sep 05 2017 17:56:47,   25234 sec) PistonMoveAbsWTO()    054->053 053 [1sec, 14.0Volts, 0.097Amps, CPT:1184sec]
(Sep 05 2017 20:56:47,   36033 sec) Park()               ParkPOutOfBand[-3, 985.1 dbars]: retract piston.
(Sep 05 2017 20:56:47,   36034 sec) PistonMoveAbsWTO()    053->052 052 [5sec, 14.0Volts, 0.097Amps, CPT:1189sec]
(Sep 05 2017 23:56:47,   46833 sec) Park()               ParkPOutOfBand[3, 1014.5 dbars]: extend piston.
(Sep 05 2017 23:56:47,   46834 sec) PistonMoveAbsWTO()    052->053 053 [2sec, 13.3Volts, 0.475Amps, CPT:1191sec]
(Sep 06 2017 03:56:47,   61233 sec) Park()               ParkPOutOfBand[3, 1017.3 dbars]: extend piston.
(Sep 06 2017 03:56:47,   61234 sec) PistonMoveAbsWTO()    053->054 054 [6sec, 13.2Volts, 0.479Amps, CPT:1197sec]
(Sep 08 2017 09:56:48,  255634 sec) Park()               ParkPOutOfBand[3, 1011.8 dbars]: extend piston.
(Sep 08 2017 09:56:48,  255634 sec) PistonMoveAbsWTO()    054->055 055 [7sec, 12.6Volts, 0.475Amps, CPT:1204sec]
(Sep 08 2017 12:56:48,  266434 sec) Park()               ParkPOutOfBand[-3, 983.6 dbars]: retract piston.
(Sep 08 2017 12:56:48,  266434 sec) PistonMoveAbsWTO()    055->054 054 [2sec, 13.9Volts, 0.085Amps, CPT:1206sec]
(Sep 13 2017 12:56:50,  698437 sec) Park()               ParkPOutOfBand[3, 1013.0 dbars]: extend piston.
(Sep 13 2017 12:56:51,  698437 sec) PistonMoveAbsWTO()    054->055 055 [2sec, 13.3Volts, 0.471Amps, CPT:1208sec]
(Sep 14 2017 18:56:39,  806425 sec) CtdPower()           [  991.00,  6.6873, 34.9414]
(Sep 14 2017 18:56:39,  806425 sec) CtdPower()           CTD Power consumption [175VCnt 11ACnt]: 13.566Volts * 0.044Amps = 0.60Watts.
(Sep 14 2017 18:56:39,  806426 sec) ParkTerminate()      Piston Position:55 Vacuum:80 Vq:195 Aq:6 Vsbe:175 Asbe:11
(Sep 14 2017 18:57:07,  806453 sec) ParkTerminate()      PTS: 991.0dbars 6.6880C 34.9401PSU
(Sep 14 2017 18:57:07,  806454 sec) GoDeepInit()         Moving piston.
(Sep 14 2017 18:57:08,  806454 sec) PistonMoveAbsWTO()    055->016 054 053 052 051 050 049 048 047 046 045 044 043 042 041 040 039 038 037 036 035 034 033 032 031 030 029 028 027 026 025 024 023 022 021 020 019 018 017 016 [198sec, 14.0Volts, 0.081Amps, CPT:1406sec]
(Sep 14 2017 22:41:18,  819904 sec) GoDeep()             Sequence point detected at 2001.9dbar.
(Sep 14 2017 22:41:20,  819906 sec) ProfileInit()        PrfId:105  Pressure:2001.9dbar  pTable[0]:2000dbar
(Sep 14 2017 22:41:31,  819917 sec) PistonMoveAbsWTO()    016->038 017 018 019 020 [30sec, 12.3Volts, 0.786Amps, CPT:1436sec]
(Sep 14 2017 22:42:11,  819957 sec) PistonMoveAbsWTO()    020->038 021 022 023 024 025 [30sec, 12.6Volts, 0.794Amps, CPT:1466sec]
(Sep 14 2017 22:43:18,  820024 sec) Profile()            Sample 0 initiated at 2000.6dbars for bin 0 [2000dbars].  PTS: 1999.1dbars 2.8529C 34.7909PSU
(Sep 14 2017 22:43:19,  820025 sec) PistonMoveAbsWTO()    025->038 026 027 028 029 [30sec, 12.5Volts, 0.794Amps, CPT:1496sec]
(Sep 14 2017 22:43:59,  820065 sec) PistonMoveAbsWTO()    029->038 030 031 032 033 [30sec, 12.2Volts, 0.798Amps, CPT:1526sec]
(Sep 14 2017 22:44:39,  820105 sec) PistonMoveAbsWTO()    033->038 034 035 036 037 [30sec, 12.0Volts, 0.790Amps, CPT:1556sec]
(Sep 14 2017 22:45:19,  820145 sec) PistonMoveAbsWTO()    037->038 038 [4sec, 11.9Volts, 0.790Amps, CPT:1560sec]
(Sep 14 2017 23:00:12,  821038 sec) Profile()            Sample 1 initiated at 1901.0dbars for bin 1 [1900dbars].  PTS: 1898.5dbars 3.1121C 34.8020PSU
(Sep 14 2017 23:18:18,  822124 sec) Profile()            Sample 2 initiated at 1800.2dbars for bin 2 [1800dbars].  PTS: 1797.9dbars 3.4193C 34.8148PSU
(Sep 14 2017 23:31:35,  822921 sec) AscentControlAgent() Bouyancy nudge to 48 (v=0.075dbar/sec).
(Sep 14 2017 23:31:35,  822922 sec) PistonMoveAbsWTO()    038->048 039 040 041 042 [30sec, 13.2Volts, 0.709Amps, CPT:1590sec]
(Sep 14 2017 23:32:16,  822962 sec) PistonMoveAbsWTO()    042->048 043 044 045 046 047 [30sec, 12.8Volts, 0.705Amps, CPT:1620sec]
(Sep 14 2017 23:32:56,  823002 sec) PistonMoveAbsWTO()    047->048 048 [7sec, 12.7Volts, 0.721Amps, CPT:1627sec]
(Sep 14 2017 23:37:33,  823279 sec) Profile()            Sample 3 initiated at 1700.8dbars for bin 3 [1700dbars].  PTS: 1698.2dbars 3.7861C 34.8293PSU
(Sep 14 2017 23:54:47,  824313 sec) Profile()            Sample 4 initiated at 1600.6dbars for bin 4 [1600dbars].  PTS: 1598.3dbars 4.2783C 34.8494PSU
(Sep 15 2017 00:13:33,  825439 sec) Profile()            Sample 5 initiated at 1500.4dbars for bin 5 [1500dbars].  PTS: 1498.2dbars 4.6610C 34.8650PSU
(Sep 15 2017 00:21:48,  825934 sec) AscentControlAgent() Bouyancy nudge to 58 (v=0.078dbar/sec).
(Sep 15 2017 00:21:48,  825935 sec) PistonMoveAbsWTO()    048->058 049 050 051 052 053 [30sec, 13.3Volts, 0.629Amps, CPT:1657sec]
(Sep 15 2017 00:22:29,  825975 sec) PistonMoveAbsWTO()    053->058 054 055 056 057 [30sec, 13.0Volts, 0.621Amps, CPT:1687sec]
(Sep 15 2017 00:23:09,  826015 sec) PistonMoveAbsWTO()    057->058 058 [2sec, 13.3Volts, 0.612Amps, CPT:1689sec]
(Sep 15 2017 00:31:50,  826536 sec) Profile()            Sample 6 initiated at 1400.2dbars for bin 6 [1400dbars].  PTS: 1397.7dbars 5.0551C 34.8803PSU
(Sep 15 2017 00:40:52,  827078 sec) Profile()            Sample 7 initiated at 1350.3dbars for bin 7 [1350dbars].  PTS: 1348.1dbars 5.2780C 34.8878PSU
(Sep 15 2017 00:50:44,  827670 sec) Profile()            Sample 8 initiated at 1300.4dbars for bin 8 [1300dbars].  PTS: 1298.3dbars 5.5428C 34.8976PSU
(Sep 15 2017 01:00:56,  828282 sec) Profile()            Sample 9 initiated at 1250.5dbars for bin 9 [1250dbars].  PTS: 1248.5dbars 5.7698C 34.9065PSU
(Sep 15 2017 01:11:18,  828904 sec) Profile()            Sample 10 initiated at 1200.4dbars for bin 10 [1200dbars].  PTS: 1198.4dbars 5.9944C 34.9152PSU
(Sep 15 2017 01:12:01,  828947 sec) AscentControlAgent() Bouyancy nudge to 68 (v=0.079dbar/sec).
(Sep 15 2017 01:12:01,  828948 sec) PistonMoveAbsWTO()    058->068 059 060 061 062 063 [30sec, 13.4Volts, 0.532Amps, CPT:1719sec]
(Sep 15 2017 01:12:42,  828988 sec) PistonMoveAbsWTO()    063->068 064 065 066 067 [30sec, 13.2Volts, 0.536Amps, CPT:1749sec]
(Sep 15 2017 01:13:22,  829028 sec) PistonMoveAbsWTO()    067->068 068 [1sec, 13.8Volts, 0.528Amps, CPT:1750sec]
(Sep 15 2017 01:19:22,  829388 sec) Profile()            Sample 11 initiated at 1150.2dbars for bin 11 [1150dbars].  PTS: 1147.5dbars 6.1999C 34.9233PSU
(Sep 15 2017 01:27:22,  829868 sec) Profile()            Sample 12 initiated at 1100.4dbars for bin 12 [1100dbars].  PTS: 1097.9dbars 6.4390C 34.9323PSU
(Sep 15 2017 01:36:04,  830390 sec) Profile()            Sample 13 initiated at 1050.7dbars for bin 13 [1050dbars].  PTS: 1048.4dbars 6.6346C 34.9406PSU
(Sep 15 2017 01:45:16,  830942 sec) Profile()            Sample 14 initiated at 1000.6dbars for bin 14 [1000dbars].  PTS: 998.4dbars 6.9503C 34.9516PSU
(Sep 15 2017 01:54:38,  831504 sec) Profile()            Sample 15 initiated at 950.2dbars for bin 15 [950dbars].  PTS: 948.0dbars 7.2775C 34.9634PSU
(Sep 15 2017 02:04:30,  832096 sec) Profile()            Sample 16 initiated at 900.8dbars for bin 16 [900dbars].  PTS: 898.9dbars 7.6041C 34.9753PSU
(Sep 15 2017 02:07:33,  832279 sec) AscentControlAgent() Bouyancy nudge to 78 (v=0.076dbar/sec).
(Sep 15 2017 02:07:33,  832280 sec) PistonMoveAbsWTO()    068->078 069 070 071 072 073 [30sec, 13.6Volts, 0.439Amps, CPT:1780sec]
(Sep 15 2017 02:08:14,  832320 sec) PistonMoveAbsWTO()    073->078 074 075 076 077 078 [28sec, 13.4Volts, 0.431Amps, CPT:1808sec]
(Sep 15 2017 02:13:42,  832648 sec) Profile()            Sample 17 initiated at 850.4dbars for bin 17 [850dbars].  PTS: 847.8dbars 7.9088C 34.9875PSU
(Sep 15 2017 02:22:02,  833148 sec) Profile()            Sample 18 initiated at 800.1dbars for bin 18 [800dbars].  PTS: 797.6dbars 8.2050C 34.9942PSU
(Sep 15 2017 02:30:14,  833640 sec) Profile()            Sample 19 initiated at 750.3dbars for bin 19 [750dbars].  PTS: 747.7dbars 8.5265C 35.0036PSU
(Sep 15 2017 02:38:36,  834142 sec) Profile()            Sample 20 initiated at 700.2dbars for bin 20 [700dbars].  PTS: 697.7dbars 8.8024C 35.0107PSU
(Sep 15 2017 02:46:56,  834642 sec) Profile()            Sample 21 initiated at 650.6dbars for bin 21 [650dbars].  PTS: 648.1dbars 9.1438C 35.0194PSU
(Sep 15 2017 02:55:08,  835134 sec) Profile()            Sample 22 initiated at 600.2dbars for bin 22 [600dbars].  PTS: 597.6dbars 9.4957C 35.0286PSU
(Sep 15 2017 03:03:08,  835614 sec) Profile()            Sample 23 initiated at 550.8dbars for bin 23 [550dbars].  PTS: 548.2dbars 9.8073C 35.0344PSU
(Sep 15 2017 03:11:10,  836096 sec) Profile()            Sample 24 initiated at 500.8dbars for bin 24 [500dbars].  PTS: 498.3dbars 10.2014C 35.0459PSU
(Sep 15 2017 03:12:47,  836194 sec) Sbe41cpStartCP()     Continuous profile started.
(Sep 15 2017 04:03:48,  839254 sec) AscentControlAgent() Bouyancy nudge to 88 (v=0.066dbar/sec).
(Sep 15 2017 04:03:48,  839254 sec) PistonMoveAbsWTO()    078->088 079 080 081 082 083 [30sec, 14.0Volts, 0.230Amps, CPT:1838sec]
(Sep 15 2017 04:04:28,  839294 sec) PistonMoveAbsWTO()    083->088 084 085 086 087 088 [25sec, 13.8Volts, 0.218Amps, CPT:1863sec]
(Sep 15 2017 04:09:59,  839625 sec) AscentControlAgent() Bouyancy nudge to 98 (v=0.074dbar/sec).
(Sep 15 2017 04:09:59,  839625 sec) PistonMoveAbsWTO()    088->098 089 090 091 092 093 [30sec, 14.0Volts, 0.218Amps, CPT:1893sec]
(Sep 15 2017 04:10:39,  839665 sec) PistonMoveAbsWTO()    093->098 094 095 096 097 098 [24sec, 13.8Volts, 0.210Amps, CPT:1917sec]
(Sep 15 2017 04:16:09,  839995 sec) AscentControlAgent() Bouyancy nudge to 108 (v=0.080dbar/sec).
(Sep 15 2017 04:16:09,  839995 sec) PistonMoveAbsWTO()    098->108 099 100 101 102 103 [30sec, 14.0Volts, 0.210Amps, CPT:1947sec]
(Sep 15 2017 04:16:49,  840035 sec) PistonMoveAbsWTO()    103->108 104 105 106 107 108 [24sec, 13.9Volts, 0.201Amps, CPT:1971sec]
(Sep 15 2017 04:22:19,  840365 sec) AscentControlAgent() Bouyancy nudge to 118 (v=0.079dbar/sec).
(Sep 15 2017 04:22:19,  840365 sec) PistonMoveAbsWTO()    108->118 109 110 111 112 113 [30sec, 14.0Volts, 0.197Amps, CPT:2001sec]
(Sep 15 2017 04:22:59,  840405 sec) PistonMoveAbsWTO()    113->118 114 115 116 117 118 [25sec, 13.9Volts, 0.197Amps, CPT:2026sec]
(Sep 15 2017 04:33:32,  841038 sec) AscentControlAgent() Bouyancy nudge to 128 (v=0.005dbar/sec).
(Sep 15 2017 04:33:32,  841038 sec) PistonMoveAbsWTO()    118->128 119 120 121 122 123 [30sec, 14.0Volts, 0.193Amps, CPT:2056sec]
(Sep 15 2017 04:34:12,  841078 sec) PistonMoveAbsWTO()    123->128 124 125 126 127 128 [23sec, 14.0Volts, 0.189Amps, CPT:2079sec]
(Sep 15 2017 04:38:37,  841343 sec) AscentControlAgent() Bouyancy nudge to 138 (v=0.009dbar/sec).
(Sep 15 2017 04:38:37,  841343 sec) PistonMoveAbsWTO()    128->138 129 130 131 132 133 [30sec, 14.0Volts, 0.185Amps, CPT:2109sec]
(Sep 15 2017 04:39:17,  841383 sec) PistonMoveAbsWTO()    133->138 134 135 136 137 138 [24sec, 14.0Volts, 0.189Amps, CPT:2133sec]
(Sep 15 2017 04:43:43,  841649 sec) AscentControlAgent() Bouyancy nudge to 148 (v=0.008dbar/sec).
(Sep 15 2017 04:43:43,  841649 sec) PistonMoveAbsWTO()    138->148 139 140 141 142 143 [30sec, 14.0Volts, 0.189Amps, CPT:2163sec]
(Sep 15 2017 04:44:23,  841689 sec) PistonMoveAbsWTO()    143->148 144 145 146 147 148 [23sec, 14.0Volts, 0.185Amps, CPT:2186sec]
(Sep 15 2017 04:48:48,  841954 sec) AscentControlAgent() Bouyancy nudge to 158 (v=0.006dbar/sec).
(Sep 15 2017 04:48:48,  841954 sec) PistonMoveAbsWTO()    148->158 149 150 [15sec, 14.1Volts, 0.189Amps, CPT:2201sec]
(Sep 15 2017 04:49:13,  841979 sec) PistonMoveAbsWTO()    150->158 151 152 153 [15sec, 14.0Volts, 0.185Amps, CPT:2216sec]
(Sep 15 2017 04:49:38,  842004 sec) PistonMoveAbsWTO()    153->158 154 155 156 [15sec, 14.0Volts, 0.185Amps, CPT:2231sec]
(Sep 15 2017 04:50:03,  842029 sec) PistonMoveAbsWTO()    156->158 157 158 [10sec, 14.0Volts, 0.181Amps, CPT:2241sec]
(Sep 15 2017 04:53:55,  842261 sec) AscentControlAgent() Bouyancy nudge to 168 (v=0.034dbar/sec).
(Sep 15 2017 04:53:55,  842261 sec) PistonMoveAbsWTO()    158->168 159 160 [15sec, 14.1Volts, 0.181Amps, CPT:2256sec]
(Sep 15 2017 04:54:20,  842286 sec) PistonMoveAbsWTO()    160->168 161 162 163 [15sec, 14.1Volts, 0.177Amps, CPT:2271sec]
(Sep 15 2017 04:54:45,  842311 sec) PistonMoveAbsWTO()    163->168 164 165 166 [15sec, 14.0Volts, 0.185Amps, CPT:2286sec]
(Sep 15 2017 04:55:10,  842336 sec) PistonMoveAbsWTO()    166->168 167 168 [9sec, 14.0Volts, 0.181Amps, CPT:2295sec]
(Sep 15 2017 04:55:32,  842358 sec) SurfaceDetect()      SurfacePressure:-0.2dbars Pressure:3.7dbars PistonPosition:168
(Sep 15 2017 04:55:33,  842359 sec) Sbe41cpStopCP()      Continuous profile stopped.
(Sep 15 2017 04:55:39,  842365 sec) PistonMoveAbsWTO()    168->190 169 170 171 172 173 174 175 176 177 178 179 180 181 182 183 184 185 186 187 188 189 190 [116sec, 14.1Volts, 0.165Amps, CPT:2411sec]
(Sep 15 2017 04:57:47,  842493 sec) sbe41cp.c:chat()     Expected string [S>] not received.
(Sep 15 2017 04:59:33,  842599 sec) Sbe41cpBinAverage()  Finished averaging 6196 samples in 102 seconds.
(Sep 15 2017 04:59:38,  842604 sec) Sbe41cpUploadCP()    Sbe41cpSerNo[5994] NSample[6196] NBin[246]
(Sep 15 2017 05:00:18,  842644 sec) Sbe41cpUploadCP()    Continuous profile uploaded [246 lines].

<EOT>
