(May 01 2016 20:32:16,  846848 sec) TelemetryInit()      Profile 54. (Apf9i FwRev: 012811)
(May 01 2016 20:39:15,  847267 sec) AirSystem()          Battery [187cnt, 14.5V]  Current [75cnt, 30.2mA]  Barometer [127cnt, 6.8"Hg]  Run-Time [49s]
(May 01 2016 20:39:44,  847295 sec) GpsServices()        GPS almanac is current.
(May 01 2016 20:39:44,  847295 sec) GpsServices()        Initiating GPS fix acquisition.
(May 01 2016 20:39:52,  847303 sec) gga()                $GPGGA,203950,0707.7867,N,08215.5910,E,0,00,,,M,,M,,*5D
(May 01 2016 20:40:01,  847313 sec) gga()                $GPGGA,204000,0707.7867,N,08215.5910,E,0,00,,,M,,M,,*56
(May 01 2016 20:40:07,  847319 sec) gga()                $GPGGA,203950,0707.7867,N,08215.5910,E,0,00,,,M,,M,,*5D
(May 01 2016 20:40:16,  847327 sec) gga()                $GPGGA,204000,0707.7867,N,08215.5910,E,0,00,,,M,,M,,*56
(May 01 2016 20:40:44,  847355 sec) gga()                $GPGGA,204010,0732.1816,N,08245.7692,E,1,10,0.8,-1.7,M,-93.8,M,,*41
(May 01 2016 20:40:44,  847355 sec) GpsServices()        Profile 54 GPS fix obtained in 60 seconds.
(May 01 2016 20:40:44,  847356 sec) GpsServices()                  lon     lat mm/dd/yyyy hhmmss nsat
(May 01 2016 20:40:44,  847356 sec) GpsServices()        Fix:   82.763   7.536 05/01/2016 204010   10
(May 01 2016 20:41:14,  847385 sec) gga()                $GPGGA,204040,0732.1856,N,08245.7668,E,1,10,0.8,3.0,M,-93.8,M,,*6D
(May 01 2016 20:41:19,  847391 sec) gga()                $GPGGA,204110,0732.1898,N,08245.7640,E,1,07,1.0,2.1,M,-93.8,M,,*6E
(May 01 2016 20:41:20,  847391 sec) GpsServices()        APF9 RTC skew (10s) OK.
(May 01 2016 20:41:20,  847391 sec) LogNmeaSentences()   ,24,36,099,44,25,13,177,34,26,02,263,16*78
(May 01 2016 20:41:20,  847392 sec) LogNmeaSentences()   $GPGSV,3,3,12,32,31,226,21,10,21,298,00,14,30,222,00,29,57,179,00*7F
(May 01 2016 20:41:29,  847401 sec) LogNmeaSentences()   $GPRMC,204120,A,0732.1905,N,08245.7638,E,000.4,285.1,010516,002.2,W*62
(May 01 2016 20:41:30,  847401 sec) LogNmeaSentences()   $GPGGA,204120,0732.1905,N,08245.7638,E,1,09,0.8,1.2,M,-93.8,M,,*60
(May 01 2016 20:41:30,  847402 sec) LogNmeaSentences()   $GPGSA,A,3,10,,14,18,20,21,24,25,,29,32,,1.2,0.8,0.9*37
(May 01 2016 20:41:30,  847402 sec) LogNmeaSentences()   $GPGSV,3,1,12,10,21,298,42,12,01,147,27,14,30,221,44,18,34,336,44*75
(May 01 2016 20:41:31,  847402 sec) LogNmeaSentences()   $GPGSV,3,2,12,20,19,041,41,21,43,355,47,24,36,099,44,25,13,177,40*76
(May 01 2016 20:41:31,  847403 sec) LogNmeaSentences()   $GPGSV,3,3,12,26,02,263,30,29,56,180,47,32,31,226,46,15,30,029,00*71
(May 01 2016 20:41:39,  847411 sec) LogNmeaSentences()   $GPRMC,204130,A,0732.1921,N,08245.7635,E,000.0,056.4,010516,002.2,W*65
(May 01 2016 20:41:40,  847411 sec) LogNmeaSentences()   $GPGGA,204130,0732.1921,N,08245.7635,E,1,09,0.8,1.3,M,-93.8,M,,*6B
(May 01 2016 20:41:40,  847412 sec) LogNmeaSentences()   $GPGSA,A,3,10,,14,18,20,21,24,25,,29,32,,1.2,0.8,0.9*37
(May 01 2016 20:41:40,  847412 sec) LogNmeaSentences()   $GPGSV,3,1,12,10,21,298,36,12,01,147,38,14,30,221,42,18,34,336,45*7F
(May 01 2016 20:41:41,  847412 sec) LogNmeaSentences()   $GPGSV,3,2,12,20,19,041,42,21,43,355,47,24,36,099,45,25,13,177,41*75
(May 01 2016 20:41:41,  847413 sec) LogNmeaSentences()   $GPGSV,3,3,12,26,02,263,29,29,56,180,46,32,31,226,44,15,30,029,00*7A
(May 01 2016 20:41:49,  847421 sec) LogNmeaSentences()   $GPRMC,204140,A,0732.1936,N,08245.7626,E,001.2,011.9,010516,002.2,W*6B
(May 01 2016 20:41:50,  847421 sec) LogNmeaSentences()   $GPGGA,204140,0732.1936,N,08245.7626,E,1,09,0.8,1.8,M,-93.8,M,,*63
(May 01 2016 20:41:50,  847422 sec) LogNmeaSentences()   $GPGSA,A,3,10,,14,18,20,21,24,25,,29,32,,1.2,0.8,0.9*37
(May 01 2016 20:41:50,  847422 sec) LogNmeaSentences()   $GPGSV,3,1,12,10,21,298,39,12,01,146,32,14,30,221,42,18,34,336,44*7A
(May 01 2016 20:41:51,  847422 sec) LogNmeaSentences()   $GPGSV,3,2,12,20,19,041,42,21,43,355,48,24,36,099,45,25,13,177,40*7B
(May 01 2016 20:41:51,  847423 sec) LogNmeaSentences()   $GPGSV,3,3,12,26,02,263,27,29,56,180,48,32,31,226,43,15,30,029,00*7D
(May 01 2016 20:41:59,  847431 sec) LogNmeaSentences()   $GPRMC,204150,A,0732.1945,N,08245.7620,E,001.4,346.5,010516,002.2,W*63
(May 01 2016 20:42:00,  847431 sec) LogNmeaSentences()   $GPGGA,204150,0732.1945,N,08245.7620,E,1,09,0.8,1.6,M,-93.8,M,,*6E
(May 01 2016 20:42:00,  847432 sec) LogNmeaSentences()   $GPGSA,A,3,10,,14,18,20,21,24,25,,29,32,,1.2,0.8,0.9*37
(May 01 2016 20:42:00,  847432 sec) LogNmeaSentences()   $GPGSV,3,1,12,10,21,298,44,12,01,146,22,14,30,221,43,18,34,336,46*72
(May 01 2016 20:42:01,  847432 sec) LogNmeaSentences()   $GPGSV,3,2,12,20,19,041,42,21,43,355,48,24,36,099,43,25,13,177,41*7C
(May 01 2016 20:42:01,  847433 sec) LogNmeaSentences()   $GPGSV,3,3,12,26,02,263,28,29,56,180,46,32,31,226,46,15,30,029,00*79
(May 01 2016 20:42:09,  847441 sec) LogNmeaSentences()   $GPRMC,204200,A,0732.1961,N,08245.7612,E,000.0,294.4,010516,002.2,W*68
(May 01 2016 20:42:10,  847441 sec) LogNmeaSentences()   $GPGGA,204200,0732.1961,N,08245.7612,E,1,09,0.8,0.9,M,-93.8,M,,*61
(May 01 2016 20:42:10,  847442 sec) LogNmeaSentences()   $GPGSA,A,3,10,,14,18,20,21,24,25,,29,32,,1.2,0.8,0.9*37
(May 01 2016 20:42:10,  847442 sec) LogNmeaSentences()   $GPGSV,3,1,12,10,21,298,43,12,01,146,25,14,30,221,42,18,34,336,45*70
(May 01 2016 20:42:11,  847442 sec) LogNmeaSentences()   $GPGSV,3,2,12,20,19,041,42,21,43,355,47,24,36,098,44,25,13,177,40*74
(May 01 2016 20:42:11,  847443 sec) LogNmeaSentences()   $GPGSV,3,3,12,26,02,263,33,29,56,180,46,32,31,226,45,15,30,029,00*70
(May 01 2016 20:42:11,  847443 sec) LogNmeaSentences()   $PGRMT,GPS 15x-L software ver. 3.80,,,,,,,,*7C
(May 01 2016 20:42:12,  847443 sec) GpsServices()        GPS services complete.
(May 01 2016 20:42:36,  847468 sec) CLogin()             Connecting to primary host.
(May 01 2016 20:42:50,  847482 sec) CLogin()             Connection 1 established in 14 seconds.
(May 01 2016 20:42:59,  847490 sec) login()              Login successful.
(May 01 2016 20:43:02,  847494 sec) CLogin()             Logged in to host.  [Login required 12 seconds]
(May 01 2016 20:43:10,  847502 sec) RxConfig()           Downloading "mission.cfg" from host.
(May 01 2016 20:43:13,  847504 sec) Rx()                 Initiating transfer. [0x43]
(May 01 2016 20:43:19,  847510 sec) Rx()                 Pad character [0x1a] found in ascii mode - truncating packet.
(May 01 2016 20:43:23,  847514 sec) Rx()                 Received EOT - transfer complete. [1 packets, 1024 bytes, 10 sec, 102.4 bps]
(May 01 2016 20:43:23,  847514 sec) RxConfig()           Download successful.
(May 01 2016 20:43:37,  847528 sec) WriteVitals()        Writing vitals to "9567.054.msg".
(May 01 2016 20:43:44,  847535 sec) UpLoadFile()         Uploading "9567.054.msg" to host as "9567.054.msg".
(May 01 2016 20:43:46,  847538 sec) Tx()                 CRC negotiation successful. [16-bit CRC]
(May 01 2016 20:43:54,  847546 sec) TxPacket()           NAK received - resending packet. [PktNum=0x01]
(May 01 2016 20:43:54,  847546 sec) TxPacket()           Packet xmit history: [01110001] (0:ok, 1:fail).
(May 01 2016 20:45:51,  847663 sec) TxPacket()           NAK received - resending packet. [PktNum=0x15]
(May 01 2016 20:45:51,  847663 sec) TxPacket()           Packet xmit history: [00000001] (0:ok, 1:fail).
(May 01 2016 20:46:15,  847687 sec) Tx()                 Transmission completed successfully [24 packets, 23185 bytes, 148 sec, 160.0 bps]
(May 01 2016 20:46:15,  847687 sec) UpLoadFile()         Upload successful.
(May 01 2016 20:46:23,  847695 sec) UpLoadFile()         Uploading "9567.054.log" to host as "9567.054.log".
(May 01 2016 20:46:25,  847697 sec) Tx()                 CRC negotiation successful. [16-bit CRC]
(May 01 2016 20:48:20,  847812 sec) TxPacket()           NAK received - resending packet. [PktNum=0x13]
(May 01 2016 20:48:20,  847812 sec) TxPacket()           Packet xmit history: [00000001] (0:ok, 1:fail).
(May 01 2016 20:48:30,  847822 sec) TxPacket()           NAK received - resending packet. [PktNum=0x14]
(May 01 2016 20:48:30,  847822 sec) TxPacket()           Packet xmit history: [00000101] (0:ok, 1:fail).
(May 01 2016 20:50:07,  847919 sec) TxPacket()           NAK received - resending packet. [PktNum=0x25]
(May 01 2016 20:50:07,  847919 sec) TxPacket()           Packet xmit history: [00000001] (0:ok, 1:fail).
(May 01 2016 20:50:11,  847923 sec) TxPacket()           NAK received - resending packet. [PktNum=0x25]
(May 01 2016 20:50:11,  847923 sec) TxPacket()           Packet xmit history: [00000011] (0:ok, 1:fail).
(May 01 2016 20:50:36,  847948 sec) Tx()                 Transmission completed successfully [40 packets, 40754 bytes, 250 sec, 163.8 bps]
(May 01 2016 20:50:37,  847948 sec) UpLoadFile()         Upload successful.
(May 01 2016 20:50:43,  847954 sec) UpLoad()             Files successfully uploaded: 2
(May 01 2016 20:50:43,  847954 sec) UpLoad()             Upload complete.
(May 01 2016 20:50:47,  847958 sec) logout()             Log-out successful.
(May 01 2016 20:50:48,  847959 sec) Telemetry()          Telemetry cycle complete: PrfId=54 ConnectionAttempts=1  Connections=1
(May 01 2016 20:50:48,  847960 sec) TelemetryTerminate() Parsing new mission configuration.
(May 01 2016 20:50:50,  847961 sec) configure()          Parsing configurators in "mission.cfg".
(May 01 2016 20:50:54,  847965 sec) configure()             TelemetryRetry(15)      [0x7BBC] [TelemetryRetry(15)].
(May 01 2016 20:50:54,  847965 sec) configure()          Configuration CRCs and syntax OK.
(May 01 2016 20:50:54,  847965 sec) ConfigSupervisor()   Sanity check violated: cfg->PressureCP >= 750
(May 01 2016 20:50:54,  847965 sec) ConfigSupervisor()   Configuration accepted.
(May 01 2016 20:50:54,  847966 sec) TelemetryTerminate() Reconditioning the file system.
(May 01 2016 20:51:04,       6 sec) DescentInit()        Deep profile 55 initiated at mission-time 847969sec.
(May 01 2016 20:51:06,       9 sec) DescentInit()        Surface pressure: -0.2dbars.
(May 01 2016 20:51:11,      14 sec) PistonMoveAbsWTO()    199->053 198 197 196 195 194 193 192 191 190 189 188 187 186 185 184 183 182 181 180 179 178 177 176 175 174 173 172 171 170 169 168 167 166 165 164 163 162 161 160 159 158 157 156 155 154 153 152 151 150 149 148 147 146 145 144 143 142 141 140 139 138 137 136 135 134 133 132 131 130 129 128 127 126 125 124 123 122 121 120 119 118 117 116 115 114 113 112 111 110 109 108 107 106 105 104 103 102 101 100 099 098 097 096 095 094 093 092 091 090 089 088 087 086 085 084 083 082 081 080 079 078 077 076 075 074 073 072 071 070 069 068 067 066 065 064 063 062 061 060 059 058 057 056 055 054 053 [738sec, 14.3Volts, 0.161Amps, CPT:738sec]
(May 01 2016 21:03:30,     752 sec) PistonMoveAbsWTO()    053->000 052 051 050 049 048 047 046 045 044 043 042 041 040 039 038 037 036 035 034 033 032 031 030 029 028 027 026 025 024 023 022 021 020 019 018 017 016 015 014 013 012 011 010 009 [222sec, 14.3Volts, 0.157Amps, CPT:960sec]
(May 01 2016 21:07:21,     984 sec) Descent()            Pressure: 104.4
(May 01 2016 21:51:01,    3604 sec) Descent()            Pressure: 417.1
(May 01 2016 22:51:01,    7204 sec) Descent()            Pressure: 909.8
(May 01 2016 22:51:02,    7204 sec) PistonMoveAbsWTO()    009->053 010 011 012 013 014 015 016 017 018 019 020 021 022 023 024 025 026 027 028 029 030 031 032 033 034 035 036 037 038 039 040 041 042 043 044 045 046 047 048 049 050 051 052 053 [253sec, 13.5Volts, 0.439Amps, CPT:1213sec]
(May 01 2016 23:51:01,   10804 sec) Descent()            Pressure: 919.5
(May 02 2016 00:51:01,   14404 sec) Descent()            Pressure: 944.8
(May 02 2016 01:51:01,   18004 sec) Descent()            Pressure: 951.0
(May 02 2016 01:51:02,   18004 sec) ParkInit()           
(May 02 2016 03:51:31,   25233 sec) Park()               ParkPOutOfBand[-3, 960.2 dbars]: retract piston.
(May 02 2016 03:51:31,   25234 sec) PistonMoveAbsWTO()    053->052 052 [1sec, 14.0Volts, 0.089Amps, CPT:1214sec]
(May 02 2016 06:51:31,   36033 sec) Park()               ParkPOutOfBand[-3, 985.0 dbars]: retract piston.
(May 02 2016 06:51:31,   36034 sec) PistonMoveAbsWTO()    052->051 051 [5sec, 14.1Volts, 0.081Amps, CPT:1219sec]
(May 02 2016 10:51:31,   50433 sec) Park()               ParkPOutOfBand[3, 1030.3 dbars]: extend piston.
(May 02 2016 10:51:31,   50434 sec) PistonMoveAbsWTO()    051->052 052 [1sec, 14.0Volts, 0.455Amps, CPT:1220sec]
(May 02 2016 13:51:31,   61233 sec) Park()               ParkPOutOfBand[3, 1021.0 dbars]: extend piston.
(May 02 2016 13:51:31,   61234 sec) PistonMoveAbsWTO()    052->053 053 [5sec, 13.5Volts, 0.475Amps, CPT:1225sec]
(May 03 2016 22:51:31,  180034 sec) Park()               ParkPOutOfBand[3, 1012.2 dbars]: extend piston.
(May 03 2016 22:51:32,  180034 sec) PistonMoveAbsWTO()    053->054 054 [7sec, 13.3Volts, 0.479Amps, CPT:1232sec]
(May 04 2016 01:51:31,  190834 sec) Park()               ParkPOutOfBand[-3, 978.5 dbars]: retract piston.
(May 04 2016 01:51:32,  190834 sec) PistonMoveAbsWTO()    054->053 053 [3sec, 14.0Volts, 0.101Amps, CPT:1235sec]
(May 04 2016 04:51:31,  201634 sec) Park()               ParkPOutOfBand[-3, 988.9 dbars]: retract piston.
(May 04 2016 04:51:32,  201634 sec) PistonMoveAbsWTO()    053->052 052 [5sec, 14.1Volts, 0.089Amps, CPT:1240sec]
(May 04 2016 07:51:31,  212434 sec) Park()               ParkPOutOfBand[3, 1019.0 dbars]: extend piston.
(May 04 2016 07:51:32,  212434 sec) PistonMoveAbsWTO()    052->053 053 [2sec, 14.0Volts, 0.475Amps, CPT:1242sec]
(May 04 2016 10:51:31,  223234 sec) Park()               ParkPOutOfBand[3, 1011.2 dbars]: extend piston.
(May 04 2016 10:51:32,  223234 sec) PistonMoveAbsWTO()    053->054 054 [7sec, 13.4Volts, 0.471Amps, CPT:1249sec]
(May 04 2016 13:51:31,  234034 sec) Park()               ParkPOutOfBand[-3, 983.5 dbars]: retract piston.
(May 04 2016 13:51:32,  234034 sec) PistonMoveAbsWTO()    054->053 053 [2sec, 14.0Volts, 0.105Amps, CPT:1251sec]
(May 04 2016 18:51:31,  252034 sec) Park()               ParkPOutOfBand[-3, 989.2 dbars]: retract piston.
(May 04 2016 18:51:32,  252034 sec) PistonMoveAbsWTO()    053->052 052 [6sec, 14.0Volts, 0.093Amps, CPT:1257sec]
(May 04 2016 21:51:31,  262834 sec) Park()               ParkPOutOfBand[3, 1022.3 dbars]: extend piston.
(May 04 2016 21:51:32,  262834 sec) PistonMoveAbsWTO()    052->053 053 [3sec, 13.6Volts, 0.471Amps, CPT:1260sec]
(May 05 2016 03:51:31,  284434 sec) Park()               ParkPOutOfBand[3, 1012.3 dbars]: extend piston.
(May 05 2016 03:51:32,  284434 sec) PistonMoveAbsWTO()    053->054 054 [7sec, 13.3Volts, 0.471Amps, CPT:1267sec]
(May 05 2016 06:51:31,  295234 sec) Park()               ParkPOutOfBand[-3, 982.7 dbars]: retract piston.
(May 05 2016 06:51:32,  295234 sec) PistonMoveAbsWTO()    054->053 053 [2sec, 14.0Volts, 0.101Amps, CPT:1269sec]
(May 11 2016 04:51:23,  806425 sec) CtdPower()           [ 1003.52,  6.6653, 34.9414]
(May 11 2016 04:51:23,  806425 sec) CtdPower()           CTD Power consumption [181VCnt 11ACnt]: 14.031Volts * 0.044Amps = 0.62Watts.
(May 11 2016 04:51:23,  806426 sec) ParkTerminate()      Piston Position:53 Vacuum:80 Vq:196 Aq:6 Vsbe:181 Asbe:11
(May 11 2016 04:51:51,  806453 sec) ParkTerminate()      PTS: 1003.3dbars 6.6639C 34.9413PSU
(May 11 2016 04:51:51,  806454 sec) GoDeepInit()         Moving piston.
(May 11 2016 04:51:51,  806454 sec) PistonMoveAbsWTO()    053->014 052 051 050 049 048 047 046 045 044 043 042 041 040 039 038 037 036 035 034 033 032 031 030 029 028 027 026 025 024 023 022 021 020 019 018 017 016 015 014 [198sec, 14.0Volts, 0.081Amps, CPT:1467sec]
(May 11 2016 08:36:01,  819904 sec) GoDeep()             Sequence point detected at 2001.5dbar.
(May 11 2016 08:36:04,  819906 sec) ProfileInit()        PrfId:055  Pressure:2001.5dbar  pTable[0]:2000dbar
(May 11 2016 08:36:15,  819917 sec) PistonMoveAbsWTO()    014->036 015 016 017 018 019 [30sec, 12.8Volts, 0.770Amps, CPT:1497sec]
(May 11 2016 08:36:55,  819957 sec) PistonMoveAbsWTO()    019->036 020 021 022 023 [30sec, 12.6Volts, 0.778Amps, CPT:1527sec]
(May 11 2016 08:38:02,  820024 sec) Profile()            Sample 0 initiated at 2000.2dbars for bin 0 [2000dbars].  PTS: 1998.5dbars 2.7984C 34.7842PSU
(May 11 2016 08:38:02,  820025 sec) PistonMoveAbsWTO()    023->036 024 025 026 027 [30sec, 12.5Volts, 0.794Amps, CPT:1557sec]
(May 11 2016 08:38:43,  820065 sec) PistonMoveAbsWTO()    027->036 028 029 030 031 032 [30sec, 12.3Volts, 0.794Amps, CPT:1587sec]
(May 11 2016 08:39:23,  820105 sec) PistonMoveAbsWTO()    032->036 033 034 035 036 [29sec, 12.2Volts, 0.790Amps, CPT:1616sec]
(May 11 2016 08:53:51,  820973 sec) Profile()            Sample 1 initiated at 1900.7dbars for bin 1 [1900dbars].  PTS: 1898.3dbars 3.0501C 34.7947PSU
(May 11 2016 09:11:20,  822022 sec) AscentControlAgent() Bouyancy nudge to 46 (v=0.077dbar/sec).
(May 11 2016 09:11:20,  822023 sec) PistonMoveAbsWTO()    036->046 037 038 039 040 [30sec, 13.0Volts, 0.729Amps, CPT:1646sec]
(May 11 2016 09:12:01,  822063 sec) PistonMoveAbsWTO()    040->046 041 042 043 044 045 [30sec, 12.8Volts, 0.721Amps, CPT:1676sec]
(May 11 2016 09:12:41,  822103 sec) PistonMoveAbsWTO()    045->046 046 [7sec, 12.8Volts, 0.737Amps, CPT:1683sec]
(May 11 2016 09:13:36,  822158 sec) Profile()            Sample 2 initiated at 1800.3dbars for bin 2 [1800dbars].  PTS: 1797.6dbars 3.3474C 34.8083PSU
(May 11 2016 09:28:50,  823072 sec) Profile()            Sample 3 initiated at 1700.4dbars for bin 3 [1700dbars].  PTS: 1697.6dbars 3.6710C 34.8216PSU
(May 11 2016 09:44:34,  824016 sec) Profile()            Sample 4 initiated at 1600.2dbars for bin 4 [1600dbars].  PTS: 1597.7dbars 3.9802C 34.8344PSU
(May 11 2016 10:03:20,  825142 sec) Profile()            Sample 5 initiated at 1500.3dbars for bin 5 [1500dbars].  PTS: 1498.4dbars 4.4302C 34.8530PSU
(May 11 2016 10:06:43,  825345 sec) AscentControlAgent() Bouyancy nudge to 56 (v=0.077dbar/sec).
(May 11 2016 10:06:43,  825346 sec) PistonMoveAbsWTO()    046->056 047 048 049 050 [30sec, 13.3Volts, 0.616Amps, CPT:1713sec]
(May 11 2016 10:07:24,  825386 sec) PistonMoveAbsWTO()    050->056 051 052 053 054 055 [30sec, 13.0Volts, 0.621Amps, CPT:1743sec]
(May 11 2016 10:08:04,  825426 sec) PistonMoveAbsWTO()    055->056 056 [3sec, 13.1Volts, 0.621Amps, CPT:1746sec]
(May 11 2016 10:19:48,  826130 sec) Profile()            Sample 6 initiated at 1400.6dbars for bin 6 [1400dbars].  PTS: 1397.9dbars 4.8171C 34.8676PSU
(May 11 2016 10:27:50,  826612 sec) Profile()            Sample 7 initiated at 1350.3dbars for bin 7 [1350dbars].  PTS: 1347.9dbars 5.0064C 34.8736PSU
(May 11 2016 10:36:50,  827152 sec) Profile()            Sample 8 initiated at 1300.8dbars for bin 8 [1300dbars].  PTS: 1298.7dbars 5.2014C 34.8822PSU
(May 11 2016 10:47:22,  827784 sec) Profile()            Sample 9 initiated at 1250.6dbars for bin 9 [1250dbars].  PTS: 1248.7dbars 5.4575C 34.8916PSU
(May 11 2016 10:47:24,  827787 sec) AscentControlAgent() Bouyancy nudge to 66 (v=0.078dbar/sec).
(May 11 2016 10:47:25,  827787 sec) PistonMoveAbsWTO()    056->066 057 058 059 060 [30sec, 13.4Volts, 0.540Amps, CPT:1776sec]
(May 11 2016 10:48:05,  827827 sec) PistonMoveAbsWTO()    060->066 061 062 063 064 065 [30sec, 13.2Volts, 0.532Amps, CPT:1806sec]
(May 11 2016 10:48:45,  827867 sec) PistonMoveAbsWTO()    065->066 066 [3sec, 13.2Volts, 0.552Amps, CPT:1809sec]
(May 11 2016 10:55:07,  828249 sec) Profile()            Sample 10 initiated at 1200.8dbars for bin 10 [1200dbars].  PTS: 1197.9dbars 5.7107C 34.9014PSU
(May 11 2016 11:02:27,  828689 sec) Profile()            Sample 11 initiated at 1150.4dbars for bin 11 [1150dbars].  PTS: 1147.6dbars 5.9547C 34.9106PSU
(May 11 2016 11:09:59,  829141 sec) Profile()            Sample 12 initiated at 1100.5dbars for bin 12 [1100dbars].  PTS: 1097.7dbars 6.1874C 34.9202PSU
(May 11 2016 11:17:59,  829621 sec) Profile()            Sample 13 initiated at 1050.3dbars for bin 13 [1050dbars].  PTS: 1047.8dbars 6.3549C 34.9262PSU
(May 11 2016 11:26:51,  830153 sec) Profile()            Sample 14 initiated at 1000.7dbars for bin 14 [1000dbars].  PTS: 998.6dbars 6.5409C 34.9335PSU
(May 11 2016 11:33:06,  830528 sec) AscentControlAgent() Bouyancy nudge to 76 (v=0.078dbar/sec).
(May 11 2016 11:33:06,  830529 sec) PistonMoveAbsWTO()    066->076 067 068 069 070 071 [30sec, 13.6Volts, 0.463Amps, CPT:1839sec]
(May 11 2016 11:33:47,  830569 sec) PistonMoveAbsWTO()    071->076 072 073 074 075 076 [29sec, 13.4Volts, 0.455Amps, CPT:1868sec]
(May 11 2016 11:36:33,  830735 sec) Profile()            Sample 15 initiated at 950.8dbars for bin 15 [950dbars].  PTS: 948.2dbars 6.7741C 34.9443PSU
(May 11 2016 11:44:15,  831197 sec) Profile()            Sample 16 initiated at 900.9dbars for bin 16 [900dbars].  PTS: 898.2dbars 7.0451C 34.9536PSU
(May 11 2016 11:51:55,  831657 sec) Profile()            Sample 17 initiated at 850.7dbars for bin 17 [850dbars].  PTS: 847.9dbars 7.3108C 34.9639PSU
(May 11 2016 11:59:47,  832129 sec) Profile()            Sample 18 initiated at 800.1dbars for bin 18 [800dbars].  PTS: 797.6dbars 7.5213C 34.9630PSU
(May 11 2016 12:08:07,  832629 sec) Profile()            Sample 19 initiated at 750.5dbars for bin 19 [750dbars].  PTS: 748.2dbars 7.8651C 34.9844PSU
(May 11 2016 12:16:59,  833161 sec) Profile()            Sample 20 initiated at 700.6dbars for bin 20 [700dbars].  PTS: 698.2dbars 8.1941C 34.9946PSU
(May 11 2016 12:25:31,  833673 sec) Profile()            Sample 21 initiated at 650.8dbars for bin 21 [650dbars].  PTS: 648.4dbars 8.5527C 35.0027PSU
(May 11 2016 12:34:03,  834185 sec) Profile()            Sample 22 initiated at 601.0dbars for bin 22 [600dbars].  PTS: 598.5dbars 8.9592C 35.0130PSU
(May 11 2016 12:42:03,  834665 sec) Profile()            Sample 23 initiated at 550.5dbars for bin 23 [550dbars].  PTS: 547.8dbars 9.2967C 35.0212PSU
(May 11 2016 12:49:45,  835127 sec) Profile()            Sample 24 initiated at 500.4dbars for bin 24 [500dbars].  PTS: 497.7dbars 9.6598C 35.0289PSU
(May 11 2016 12:51:22,  835225 sec) Sbe41cpStartCP()     Continuous profile started.
(May 11 2016 13:37:16,  837979 sec) AscentControlAgent() Bouyancy nudge to 86 (v=0.076dbar/sec).
(May 11 2016 13:37:17,  837979 sec) PistonMoveAbsWTO()    076->086 077 078 079 080 081 [30sec, 13.9Volts, 0.226Amps, CPT:1898sec]
(May 11 2016 13:37:57,  838019 sec) PistonMoveAbsWTO()    081->086 082 083 084 085 086 [25sec, 13.9Volts, 0.222Amps, CPT:1923sec]
(May 11 2016 13:43:27,  838350 sec) AscentControlAgent() Bouyancy nudge to 96 (v=0.064dbar/sec).
(May 11 2016 13:43:28,  838350 sec) PistonMoveAbsWTO()    086->096 087 088 089 090 091 [30sec, 13.9Volts, 0.222Amps, CPT:1953sec]
(May 11 2016 13:44:08,  838390 sec) PistonMoveAbsWTO()    091->096 092 093 094 095 096 [25sec, 13.9Volts, 0.226Amps, CPT:1978sec]
(May 11 2016 13:49:38,  838721 sec) AscentControlAgent() Bouyancy nudge to 106 (v=0.067dbar/sec).
(May 11 2016 13:49:39,  838721 sec) PistonMoveAbsWTO()    096->106 097 098 099 100 101 [30sec, 14.0Volts, 0.218Amps, CPT:2008sec]
(May 11 2016 13:50:19,  838761 sec) PistonMoveAbsWTO()    101->106 102 103 104 105 106 [24sec, 13.9Volts, 0.205Amps, CPT:2032sec]
(May 11 2016 13:55:48,  839091 sec) AscentControlAgent() Bouyancy nudge to 116 (v=0.046dbar/sec).
(May 11 2016 13:55:49,  839091 sec) PistonMoveAbsWTO()    106->116 107 108 109 110 111 [30sec, 14.0Volts, 0.205Amps, CPT:2062sec]
(May 11 2016 13:56:29,  839131 sec) PistonMoveAbsWTO()    111->116 112 113 114 115 116 [24sec, 14.0Volts, 0.201Amps, CPT:2086sec]
(May 11 2016 14:01:58,  839461 sec) AscentControlAgent() Bouyancy nudge to 126 (v=0.014dbar/sec).
(May 11 2016 14:01:59,  839461 sec) PistonMoveAbsWTO()    116->126 117 118 119 120 121 [30sec, 14.0Volts, 0.205Amps, CPT:2116sec]
(May 11 2016 14:02:39,  839501 sec) PistonMoveAbsWTO()    121->126 122 123 124 125 126 [24sec, 14.0Volts, 0.197Amps, CPT:2140sec]
(May 11 2016 14:08:08,  839831 sec) AscentControlAgent() Bouyancy nudge to 136 (v=0.006dbar/sec).
(May 11 2016 14:08:09,  839831 sec) PistonMoveAbsWTO()    126->136 127 128 129 130 131 [30sec, 14.0Volts, 0.201Amps, CPT:2170sec]
(May 11 2016 14:08:49,  839871 sec) PistonMoveAbsWTO()    131->136 132 133 134 135 136 [25sec, 14.0Volts, 0.197Amps, CPT:2195sec]
(May 11 2016 14:14:19,  840202 sec) AscentControlAgent() Bouyancy nudge to 146 (v=0.030dbar/sec).
(May 11 2016 14:14:20,  840202 sec) PistonMoveAbsWTO()    136->146 137 138 139 140 141 [30sec, 14.0Volts, 0.197Amps, CPT:2225sec]
(May 11 2016 14:15:00,  840242 sec) PistonMoveAbsWTO()    141->146 142 143 144 145 146 [24sec, 14.0Volts, 0.193Amps, CPT:2249sec]
(May 11 2016 14:20:29,  840572 sec) AscentControlAgent() Bouyancy nudge to 156 (v=0.043dbar/sec).
(May 11 2016 14:20:30,  840572 sec) PistonMoveAbsWTO()    146->156 147 148 149 150 151 [30sec, 14.1Volts, 0.189Amps, CPT:2279sec]
(May 11 2016 14:21:10,  840612 sec) PistonMoveAbsWTO()    151->156 152 153 154 155 156 [23sec, 14.0Volts, 0.197Amps, CPT:2302sec]
(May 11 2016 14:26:39,  840942 sec) AscentControlAgent() Bouyancy nudge to 166 (v=0.051dbar/sec).
(May 11 2016 14:26:40,  840942 sec) PistonMoveAbsWTO()    156->166 157 158 159 160 161 [30sec, 14.1Volts, 0.185Amps, CPT:2332sec]
(May 11 2016 14:27:20,  840982 sec) PistonMoveAbsWTO()    161->166 162 163 164 165 166 [23sec, 14.1Volts, 0.181Amps, CPT:2355sec]
(May 11 2016 14:31:44,  841247 sec) AscentControlAgent() Bouyancy nudge to 176 (v=0.049dbar/sec).
(May 11 2016 14:31:45,  841247 sec) PistonMoveAbsWTO()    166->176 167 168 169 170 171 [30sec, 14.1Volts, 0.181Amps, CPT:2385sec]
(May 11 2016 14:32:25,  841287 sec) PistonMoveAbsWTO()    171->176 172 173 174 175 176 [23sec, 14.1Volts, 0.181Amps, CPT:2408sec]
(May 11 2016 14:36:49,  841552 sec) AscentControlAgent() Bouyancy nudge to 186 (v=0.053dbar/sec).
(May 11 2016 14:36:50,  841552 sec) PistonMoveAbsWTO()    176->186 177 178 [15sec, 14.2Volts, 0.177Amps, CPT:2423sec]
(May 11 2016 14:37:15,  841577 sec) PistonMoveAbsWTO()    178->186 179 180 181 [15sec, 14.1Volts, 0.177Amps, CPT:2438sec]
(May 11 2016 14:37:40,  841602 sec) PistonMoveAbsWTO()    181->186 182 183 184 [15sec, 14.1Volts, 0.177Amps, CPT:2453sec]
(May 11 2016 14:38:05,  841627 sec) PistonMoveAbsWTO()    184->186 185 186 [9sec, 14.1Volts, 0.177Amps, CPT:2462sec]
(May 11 2016 14:39:27,  841709 sec) SurfaceDetect()      SurfacePressure:-0.2dbars Pressure:3.0dbars PistonPosition:186
(May 11 2016 14:39:27,  841710 sec) Sbe41cpStopCP()      Continuous profile stopped.
(May 11 2016 14:39:34,  841716 sec) PistonMoveAbsWTO()    186->208 187 188 189 190 191 192 193 194 195 196 197 198 199 200 201 202 203 204 205 206 207 208 [111sec, 14.1Volts, 0.157Amps, CPT:2573sec]
(May 11 2016 14:41:37,  841839 sec) sbe41cp.c:chat()     Expected string [S>] not received.
(May 11 2016 14:43:26,  841949 sec) Sbe41cpBinAverage()  Finished averaging 6516 samples in 105 seconds.
(May 11 2016 14:43:31,  841953 sec) Sbe41cpUploadCP()    Sbe41cpSerNo[5994] NSample[6516] NBin[246]
(May 11 2016 14:44:12,  841994 sec) Sbe41cpUploadCP()    Continuous profile uploaded [246 lines].

<EOT>
