(Aug 27 2016 15:12:51,  842643 sec) TelemetryInit()      Profile 66. (Apf9i FwRev: 012811)
(Aug 27 2016 15:19:54,  843066 sec) AirSystem()          Battery [188cnt, 14.6V]  Current [78cnt, 31.4mA]  Barometer [127cnt, 6.8"Hg]  Run-Time [51s]
(Aug 27 2016 15:20:31,  843103 sec) GpsServices()        GPS almanac is current.
(Aug 27 2016 15:20:31,  843103 sec) GpsServices()        Initiating GPS fix acquisition.
(Aug 27 2016 15:20:40,  843112 sec) gga()                $GPGGA,152020,1508.9806,N,08041.6615,E,0,00,,,M,,M,,*5B
(Aug 27 2016 15:20:50,  843122 sec) gga()                $GPGGA,152030,1508.9806,N,08041.6615,E,0,00,,,M,,M,,*5A
(Aug 27 2016 15:20:57,  843129 sec) gga()                $GPGGA,152020,1508.9806,N,08041.6615,E,0,00,,,M,,M,,*5B
(Aug 27 2016 15:21:07,  843139 sec) gga()                $GPGGA,152030,1508.9806,N,08041.6615,E,0,00,,,M,,M,,*5A
(Aug 27 2016 15:21:17,  843149 sec) gga()                $GPGGA,152040,1508.9806,N,08041.6615,E,0,00,,,M,,M,,*5D
(Aug 27 2016 15:21:27,  843159 sec) gga()                $GPGGA,152050,1508.9806,N,08041.6615,E,0,00,,,M,,M,,*5C
(Aug 27 2016 15:21:37,  843169 sec) gga()                $GPGGA,152100,1508.9806,N,08041.6615,E,0,00,,,M,,M,,*58
(Aug 27 2016 15:21:47,  843179 sec) gga()                $GPGGA,152110,1508.9806,N,08041.6615,E,0,00,,,M,,M,,*59
(Aug 27 2016 15:21:57,  843189 sec) gga()                $GPGGA,152120,1508.9806,N,08041.6615,E,0,00,,,M,,M,,*5A
(Aug 27 2016 15:22:07,  843199 sec) gga()                $GPGGA,152130,1508.9806,N,08041.6615,E,0,00,,,M,,M,,*5B
(Aug 27 2016 15:22:16,  843208 sec) gga()                $GPGGA,152140,1508.9806,N,08041.6615,E,0,00,,,M,,M,,*5C
(Aug 27 2016 15:22:26,  843218 sec) gga()                $GPGGA,152150,1508.9806,N,08041.6615,E,0,00,,,M,,M,,*5D
(Aug 27 2016 15:23:05,  843257 sec) gga()                $GPGGA,152210,1510.9186,N,08140.2064,E,1,07,1.0,10.6,M,-83.7,M,,*59
(Aug 27 2016 15:23:05,  843257 sec) GpsServices()        Profile 66 GPS fix obtained in 154 seconds.
(Aug 27 2016 15:23:05,  843257 sec) GpsServices()                  lon     lat mm/dd/yyyy hhmmss nsat
(Aug 27 2016 15:23:05,  843257 sec) GpsServices()        Fix:   81.670  15.182 08/27/2016 152210    7
(Aug 27 2016 15:23:35,  843287 sec) gga()                $GPGGA,152240,1510.9173,N,08140.2050,E,1,09,0.9,11.1,M,-83.7,M,,*51
(Aug 27 2016 15:23:41,  843293 sec) gga()                $GPGGA,152310,1510.9146,N,08140.2068,E,1,09,0.9,9.6,M,-83.7,M,,*66
(Aug 27 2016 15:23:41,  843293 sec) GpsServices()        Excessive RTC skew (31s) detected.  Resetting Apf9's RTC to Sat Aug 27 15:23:10 2016
(Aug 27 2016 15:23:11,  843293 sec) GpsServices()        Apf9's RTC now reads Sat Aug 27 15:23:11 2016
(Aug 27 2016 15:23:20,  843303 sec) LogNmeaSentences()   $GPRMC,152320,A,1510.9150,N,08140.2056,E,000.7,168.7,270816,001.2,W*61
(Aug 27 2016 15:23:20,  843303 sec) LogNmeaSentences()   $GPGGA,152320,1510.9150,N,08140.2056,E,1,09,0.9,10.0,M,-83.7,M,,*51
(Aug 27 2016 15:23:21,  843303 sec) LogNmeaSentences()   $GPGSA,A,3,08,10,14,18,,21,,25,27,31,32,,1.2,0.9,0.8*37
(Aug 27 2016 15:23:21,  843304 sec) LogNmeaSentences()   $GPGSV,3,1,12,08,07,288,39,10,46,017,48,14,48,291,45,18,41,066,47*7B
(Aug 27 2016 15:23:21,  843304 sec) LogNmeaSentences()   $GPGSV,3,2,12,20,02,109,24,21,39,153,46,24,03,038,34,25,16,115,43*72
(Aug 27 2016 15:23:22,  843304 sec) LogNmeaSentences()   $GPGSV,3,3,12,27,20,255,41,31,40,197,47,32,50,333,47,12,03,082,00*7E
(Aug 27 2016 15:23:30,  843313 sec) LogNmeaSentences()   $GPRMC,152330,A,1510.9141,N,08140.2038,E,001.0,168.7,270816,001.2,W*6E
(Aug 27 2016 15:23:30,  843313 sec) LogNmeaSentences()   $GPGGA,152330,1510.9141,N,08140.2038,E,1,08,1.0,9.6,M,-83.7,M,,*6F
(Aug 27 2016 15:23:31,  843313 sec) LogNmeaSentences()   $GPGSA,A,3,08,10,14,18,,,25,27,31,32,,,1.4,1.0,0.9*3B
(Aug 27 2016 15:23:31,  843314 sec) LogNmeaSentences()   $GPGSV,3,1,11,08,07,288,35,10,46,017,45,14,48,292,46,18,41,066,48*76
(Aug 27 2016 15:23:31,  843314 sec) LogNmeaSentences()   $GPGSV,3,2,11,20,02,110,25,24,03,038,25,25,16,115,45,27,20,255,42*71
(Aug 27 2016 15:23:32,  843314 sec) LogNmeaSentences()   $GPGSV,3,3,11,31,40,197,50,32,50,333,45,12,03,082,00*49
(Aug 27 2016 15:23:40,  843323 sec) LogNmeaSentences()   $GPRMC,152340,A,1510.9139,N,08140.2047,E,000.0,168.7,270816,001.2,W*6F
(Aug 27 2016 15:23:40,  843323 sec) LogNmeaSentences()   $GPGGA,152340,1510.9139,N,08140.2047,E,1,08,1.0,9.6,M,-83.7,M,,*6F
(Aug 27 2016 15:23:41,  843323 sec) LogNmeaSentences()   $GPGSA,A,3,08,10,14,18,,21,,25,27,31,,,1.4,1.0,0.9*39
(Aug 27 2016 15:23:41,  843324 sec) LogNmeaSentences()   $GPGSV,3,1,12,08,07,288,38,10,46,017,48,14,48,292,44,18,41,066,49*76
(Aug 27 2016 15:23:41,  843324 sec) LogNmeaSentences()   $GPGSV,3,2,12,20,02,110,28,21,39,154,48,24,03,037,36,25,16,115,45*74
(Aug 27 2016 15:23:42,  843324 sec) LogNmeaSentences()   $GPGSV,3,3,12,27,20,255,42,31,40,197,48,12,03,082,00,32,50,334,00*76
(Aug 27 2016 15:23:50,  843333 sec) LogNmeaSentences()   $GPRMC,152350,A,1510.9146,N,08140.2044,E,000.0,168.7,270816,001.2,W*65
(Aug 27 2016 15:23:50,  843333 sec) LogNmeaSentences()   $GPGGA,152350,1510.9146,N,08140.2044,E,1,09,0.9,10.4,M,-83.7,M,,*56
(Aug 27 2016 15:23:51,  843333 sec) LogNmeaSentences()   $GPGSA,A,3,08,10,14,18,,21,,25,27,31,32,,1.2,0.9,0.8*37
(Aug 27 2016 15:23:51,  843334 sec) LogNmeaSentences()   $GPGSV,3,1,12,08,07,287,29,10,46,018,45,14,48,292,44,18,41,066,45*77
(Aug 27 2016 15:23:51,  843334 sec) LogNmeaSentences()   $GPGSV,3,2,12,20,02,110,29,21,39,154,47,24,03,037,24,25,16,115,41*7D
(Aug 27 2016 15:23:52,  843334 sec) LogNmeaSentences()   $GPGSV,3,3,12,27,20,255,41,31,40,197,47,32,50,334,46,12,04,081,00*7C
(Aug 27 2016 15:24:00,  843343 sec) LogNmeaSentences()   $GPRMC,152400,A,1510.9146,N,08140.2043,E,000.7,168.7,270816,001.2,W*67
(Aug 27 2016 15:24:00,  843343 sec) LogNmeaSentences()   $GPGGA,152400,1510.9146,N,08140.2043,E,1,08,1.0,10.1,M,-83.7,M,,*5F
(Aug 27 2016 15:24:01,  843343 sec) LogNmeaSentences()   $GPGSA,A,3,08,14,18,,21,,25,27,31,32,,,1.3,1.0,0.9*3E
(Aug 27 2016 15:24:01,  843344 sec) LogNmeaSentences()   $GPGSV,3,1,12,08,07,287,38,14,48,292,47,18,41,067,45,20,02,110,26*7A
(Aug 27 2016 15:24:01,  843344 sec) LogNmeaSentences()   $GPGSV,3,2,12,21,39,154,47,24,03,037,33,25,16,115,43,27,20,255,42*71
(Aug 27 2016 15:24:02,  843344 sec) LogNmeaSentences()   $GPGSV,3,3,12,31,40,197,50,32,50,334,46,10,46,017,00,12,04,081,00*7F
(Aug 27 2016 15:24:02,  843345 sec) LogNmeaSentences()   $PGRMT,GPS 15x-L software ver. 3.80,,,,,,,,*7C
(Aug 27 2016 15:24:02,  843345 sec) GpsServices()        GPS services complete.
(Aug 27 2016 15:24:27,  843370 sec) CLogin()             Connecting to primary host.
(Aug 27 2016 15:24:39,  843382 sec) CLogin()             Connection 1 established in 12 seconds.
(Aug 27 2016 15:24:52,  843395 sec) login()              Login successful.
(Aug 27 2016 15:24:56,  843398 sec) CLogin()             Logged in to host.  [Login required 17 seconds]
(Aug 27 2016 15:25:04,  843406 sec) RxConfig()           Downloading "mission.cfg" from host.
(Aug 27 2016 15:25:06,  843409 sec) Rx()                 Initiating transfer. [0x43]
(Aug 27 2016 15:25:09,  843411 sec) RxStartByte()        Sync errors encountered: 361
(Aug 27 2016 15:25:13,  843415 sec) Rx()                 Pad character [0x1a] found in ascii mode - truncating packet.
(Aug 27 2016 15:25:17,  843419 sec) Rx()                 Received EOT - transfer complete. [1 packets, 1024 bytes, 11 sec, 93.1 bps]
(Aug 27 2016 15:25:17,  843419 sec) RxConfig()           Download successful.
(Aug 27 2016 15:25:31,  843433 sec) WriteVitals()        Writing vitals to "9567.066.msg".
(Aug 27 2016 15:25:38,  843440 sec) UpLoadFile()         Uploading "9567.066.msg" to host as "9567.066.msg".
(Aug 27 2016 15:25:40,  843443 sec) Tx()                 CRC negotiation successful. [16-bit CRC]
(Aug 27 2016 15:26:06,  843469 sec) TxPacket()           NAK received - resending packet. [PktNum=0x04]
(Aug 27 2016 15:26:06,  843469 sec) TxPacket()           Packet xmit history: [10000001] (0:ok, 1:fail).
(Aug 27 2016 15:26:24,  843487 sec) TxPacket()           NAK received - resending packet. [PktNum=0x06]
(Aug 27 2016 15:26:24,  843487 sec) TxPacket()           Packet xmit history: [00001001] (0:ok, 1:fail).
(Aug 27 2016 15:26:36,  843499 sec) TxPacket()           NAK received - resending packet. [PktNum=0x07]
(Aug 27 2016 15:26:36,  843499 sec) TxPacket()           Packet xmit history: [00100101] (0:ok, 1:fail).
(Aug 27 2016 15:26:56,  843519 sec) TxPacket()           NAK received - resending packet. [PktNum=0x0a]
(Aug 27 2016 15:26:56,  843519 sec) TxPacket()           Packet xmit history: [01010001] (0:ok, 1:fail).
(Aug 27 2016 15:27:28,  843551 sec) TxPacket()           NAK received - resending packet. [PktNum=0x0f]
(Aug 27 2016 15:27:28,  843551 sec) TxPacket()           Packet xmit history: [01000001] (0:ok, 1:fail).
(Aug 27 2016 15:27:56,  843579 sec) TxPacket()           NAK received - resending packet. [PktNum=0x13]
(Aug 27 2016 15:27:56,  843579 sec) TxPacket()           Packet xmit history: [00100001] (0:ok, 1:fail).
(Aug 27 2016 15:28:34,  843617 sec) Tx()                 Transmission completed successfully [23 packets, 23214 bytes, 173 sec, 136.1 bps]
(Aug 27 2016 15:28:34,  843617 sec) UpLoadFile()         Upload successful.
(Aug 27 2016 15:28:39,  843622 sec) UpLoadFile()         Uploading "9567.066.log" to host as "9567.066.log".
(Aug 27 2016 15:28:47,  843629 sec) Tx()                 CRC negotiation successful. [16-bit CRC]
(Aug 27 2016 15:28:53,  843636 sec) TxPacket()           NAK received - resending packet. [PktNum=0x01]
(Aug 27 2016 15:28:53,  843636 sec) TxPacket()           Packet xmit history: [01000001] (0:ok, 1:fail).
(Aug 27 2016 15:28:58,  843641 sec) TxPacket()           NAK received - resending packet. [PktNum=0x01]
(Aug 27 2016 15:28:58,  843641 sec) TxPacket()           Packet xmit history: [10000011] (0:ok, 1:fail).
(Aug 27 2016 15:29:20,  843663 sec) TxPacket()           NAK received - resending packet. [PktNum=0x03]
(Aug 27 2016 15:29:20,  843663 sec) TxPacket()           Packet xmit history: [00011001] (0:ok, 1:fail).
(Aug 27 2016 15:29:44,  843687 sec) TxPacket()           NAK received - resending packet. [PktNum=0x06]
(Aug 27 2016 15:29:44,  843687 sec) TxPacket()           Packet xmit history: [10010001] (0:ok, 1:fail).
(Aug 27 2016 15:29:50,  843693 sec) TxPacket()           NAK received - resending packet. [PktNum=0x06]
(Aug 27 2016 15:29:50,  843693 sec) TxPacket()           Packet xmit history: [00100011] (0:ok, 1:fail).
(Aug 27 2016 15:29:56,  843699 sec) TxPacket()           NAK received - resending packet. [PktNum=0x06]
(Aug 27 2016 15:29:56,  843699 sec) TxPacket()           Packet xmit history: [01000111] (0:ok, 1:fail).
(Aug 27 2016 15:30:00,  843703 sec) TxPacket()           NAK received - resending packet. [PktNum=0x06]
(Aug 27 2016 15:30:00,  843703 sec) TxPacket()           Packet xmit history: [10001111] (0:ok, 1:fail).
(Aug 27 2016 15:30:15,  843718 sec) TxPacket()           NAK received - resending packet. [PktNum=0x08]
(Aug 27 2016 15:30:15,  843718 sec) TxPacket()           Packet xmit history: [01111001] (0:ok, 1:fail).
(Aug 27 2016 15:30:25,  843728 sec) TxPacket()           NAK received - resending packet. [PktNum=0x09]
(Aug 27 2016 15:30:25,  843728 sec) TxPacket()           Packet xmit history: [11100101] (0:ok, 1:fail).
(Aug 27 2016 15:30:43,  843746 sec) TxPacket()           NAK received - resending packet. [PktNum=0x0b]
(Aug 27 2016 15:30:43,  843746 sec) TxPacket()           Packet xmit history: [00101001] (0:ok, 1:fail).
(Aug 27 2016 15:30:56,  843759 sec) TxPacket()           NAK received - resending packet. [PktNum=0x0c]
(Aug 27 2016 15:30:56,  843759 sec) TxPacket()           Packet xmit history: [10100101] (0:ok, 1:fail).
(Aug 27 2016 15:31:02,  843765 sec) TxPacket()           NAK received - resending packet. [PktNum=0x0c]
(Aug 27 2016 15:31:02,  843765 sec) TxPacket()           Packet xmit history: [01001011] (0:ok, 1:fail).
(Aug 27 2016 15:31:58,  843821 sec) TxPacket()           NAK received - resending packet. [PktNum=0x15]
(Aug 27 2016 15:31:59,  843821 sec) TxPacket()           Packet xmit history: [00000001] (0:ok, 1:fail).
(Aug 27 2016 15:32:08,  843831 sec) TxPacket()           NAK received - resending packet. [PktNum=0x16]
(Aug 27 2016 15:32:08,  843831 sec) TxPacket()           Packet xmit history: [00000101] (0:ok, 1:fail).
(Aug 27 2016 15:32:46,  843869 sec) Tx()                 Transmission completed successfully [27 packets, 22681 bytes, 238 sec, 97.3 bps]
(Aug 27 2016 15:32:46,  843869 sec) UpLoadFile()         Upload successful.
(Aug 27 2016 15:32:52,  843875 sec) UpLoad()             Files successfully uploaded: 2
(Aug 27 2016 15:32:52,  843875 sec) UpLoad()             Upload complete.
(Aug 27 2016 15:32:56,  843879 sec) logout()             Log-out successful.
(Aug 27 2016 15:32:58,  843880 sec) Telemetry()          Telemetry cycle complete: PrfId=66 ConnectionAttempts=1  Connections=1
(Aug 27 2016 15:32:58,  843881 sec) TelemetryTerminate() Parsing new mission configuration.
(Aug 27 2016 15:32:59,  843882 sec) configure()          Parsing configurators in "mission.cfg".
(Aug 27 2016 15:33:03,  843886 sec) configure()             TelemetryRetry(15)      [0x7BBC] [TelemetryRetry(15)].
(Aug 27 2016 15:33:03,  843886 sec) configure()          Configuration CRCs and syntax OK.
(Aug 27 2016 15:33:04,  843886 sec) ConfigSupervisor()   Sanity check violated: cfg->PressureCP >= 750
(Aug 27 2016 15:33:04,  843886 sec) ConfigSupervisor()   Configuration accepted.
(Aug 27 2016 15:33:04,  843887 sec) TelemetryTerminate() Reconditioning the file system.
(Aug 27 2016 15:33:14,       6 sec) DescentInit()        Deep profile 67 initiated at mission-time 843890sec.
(Aug 27 2016 15:33:16,       9 sec) DescentInit()        Surface pressure: -0.2dbars.
(Aug 27 2016 15:33:21,      14 sec) PistonMoveAbsWTO()    194->054 193 192 191 190 189 188 187 186 185 184 183 182 181 180 179 178 177 176 175 174 173 172 171 170 169 168 167 166 165 164 163 162 161 160 159 158 157 156 155 154 153 152 151 150 149 148 147 146 145 144 143 142 141 140 139 138 137 136 135 134 133 132 131 130 129 128 127 126 125 124 123 122 121 120 119 118 117 116 115 114 113 112 111 110 109 108 107 106 105 104 103 102 101 100 099 098 097 096 095 094 093 092 091 090 089 088 087 086 085 084 083 082 081 080 079 078 077 076 075 074 073 072 071 070 069 068 067 066 065 064 063 062 061 060 059 058 057 056 055 054 [711sec, 14.2Volts, 0.157Amps, CPT:711sec]
(Aug 27 2016 15:45:13,     725 sec) PistonMoveAbsWTO()    054->000 053 052 051 050 049 048 047 046 045 044 043 042 041 040 039 038 037 036 035 034 033 032 031 030 029 028 027 026 025 024 023 022 021 020 019 018 017 016 015 014 013 012 011 010 009 [227sec, 14.3Volts, 0.153Amps, CPT:938sec]
(Aug 27 2016 15:49:09,     962 sec) Descent()            Pressure: 87.7
(Aug 27 2016 16:33:11,    3604 sec) Descent()            Pressure: 406.7
(Aug 27 2016 17:33:11,    7204 sec) Descent()            Pressure: 903.2
(Aug 27 2016 17:33:12,    7204 sec) PistonMoveAbsWTO()    009->054 010 011 012 013 014 015 016 017 018 019 020 021 022 023 024 025 026 027 028 029 030 031 032 033 034 035 036 037 038 039 040 041 042 043 044 045 046 047 048 049 050 051 052 053 054 [261sec, 13.4Volts, 0.435Amps, CPT:1199sec]
(Aug 27 2016 18:33:11,   10804 sec) Descent()            Pressure: 880.1
(Aug 27 2016 19:33:11,   14404 sec) Descent()            Pressure: 885.1
(Aug 27 2016 20:33:11,   18004 sec) Descent()            Pressure: 900.2
(Aug 27 2016 20:33:12,   18004 sec) ParkInit()           
(Aug 27 2016 22:33:41,   25233 sec) Park()               ParkPOutOfBand[-3, 915.4 dbars]: retract piston.
(Aug 27 2016 22:33:41,   25234 sec) PistonMoveAbsWTO()    054->053 053 [1sec, 14.0Volts, 0.097Amps, CPT:1200sec]
(Aug 28 2016 01:33:41,   36033 sec) Park()               ParkPOutOfBand[-3, 940.8 dbars]: retract piston.
(Aug 28 2016 01:33:41,   36034 sec) PistonMoveAbsWTO()    053->052 052 [5sec, 14.0Volts, 0.101Amps, CPT:1205sec]
(Aug 28 2016 04:33:41,   46833 sec) Park()               ParkPOutOfBand[-3, 989.3 dbars]: retract piston.
(Aug 28 2016 04:33:41,   46834 sec) PistonMoveAbsWTO()    052->051 051 [5sec, 14.0Volts, 0.081Amps, CPT:1210sec]
(Aug 28 2016 07:33:41,   57633 sec) Park()               ParkPOutOfBand[3, 1026.6 dbars]: extend piston.
(Aug 28 2016 07:33:41,   57634 sec) PistonMoveAbsWTO()    051->052 052 [2sec, 13.6Volts, 0.463Amps, CPT:1212sec]
(Aug 28 2016 10:33:41,   68433 sec) Park()               ParkPOutOfBand[3, 1016.4 dbars]: extend piston.
(Aug 28 2016 10:33:41,   68434 sec) PistonMoveAbsWTO()    052->053 053 [6sec, 13.3Volts, 0.455Amps, CPT:1218sec]
(Aug 29 2016 18:33:41,  183634 sec) Park()               ParkPOutOfBand[3, 1010.1 dbars]: extend piston.
(Aug 29 2016 18:33:42,  183634 sec) PistonMoveAbsWTO()    053->054 054 [7sec, 12.9Volts, 0.475Amps, CPT:1225sec]
(Aug 29 2016 21:33:41,  194434 sec) Park()               ParkPOutOfBand[-3, 975.3 dbars]: retract piston.
(Aug 29 2016 21:33:42,  194434 sec) PistonMoveAbsWTO()    054->053 053 [3sec, 13.8Volts, 0.101Amps, CPT:1228sec]
(Aug 30 2016 08:33:41,  234034 sec) Park()               ParkPOutOfBand[-3, 988.5 dbars]: retract piston.
(Aug 30 2016 08:33:42,  234034 sec) PistonMoveAbsWTO()    053->052 052 [6sec, 13.9Volts, 0.097Amps, CPT:1234sec]
(Aug 30 2016 11:33:41,  244834 sec) Park()               ParkPOutOfBand[3, 1018.9 dbars]: extend piston.
(Aug 30 2016 11:33:42,  244834 sec) PistonMoveAbsWTO()    052->053 053 [3sec, 13.5Volts, 0.471Amps, CPT:1237sec]
(Aug 30 2016 14:33:41,  255634 sec) Park()               ParkPOutOfBand[3, 1014.6 dbars]: extend piston.
(Aug 30 2016 14:33:42,  255634 sec) PistonMoveAbsWTO()    053->054 054 [7sec, 13.0Volts, 0.479Amps, CPT:1244sec]
(Aug 30 2016 17:33:41,  266434 sec) Park()               ParkPOutOfBand[-3, 982.1 dbars]: retract piston.
(Aug 30 2016 17:33:42,  266434 sec) PistonMoveAbsWTO()    054->053 053 [3sec, 13.9Volts, 0.101Amps, CPT:1247sec]
(Sep 04 2016 10:33:44,  673237 sec) Park()               ParkPOutOfBand[3, 1011.5 dbars]: extend piston.
(Sep 04 2016 10:33:45,  673237 sec) PistonMoveAbsWTO()    053->054 054 [2sec, 13.5Volts, 0.475Amps, CPT:1249sec]
(Sep 05 2016 23:33:33,  806425 sec) CtdPower()           [  999.91,  6.5551, 34.9348]
(Sep 05 2016 23:33:33,  806425 sec) CtdPower()           CTD Power consumption [179VCnt 11ACnt]: 13.876Volts * 0.044Amps = 0.62Watts.
(Sep 05 2016 23:33:33,  806426 sec) ParkTerminate()      Piston Position:54 Vacuum:80 Vq:196 Aq:6 Vsbe:179 Asbe:11
(Sep 05 2016 23:34:01,  806453 sec) ParkTerminate()      PTS: 999.8dbars 6.5554C 34.9347PSU
(Sep 05 2016 23:34:01,  806454 sec) GoDeepInit()         Moving piston.
(Sep 05 2016 23:34:01,  806454 sec) PistonMoveAbsWTO()    054->016 053 052 051 050 049 048 047 046 045 044 043 042 041 040 039 038 037 036 035 034 033 032 031 030 029 028 027 026 025 024 023 022 021 020 019 018 017 016 [193sec, 13.9Volts, 0.089Amps, CPT:1442sec]
(Sep 06 2016 04:33:12,  824404 sec) ProfileInit()        PrfId:067  Pressure:1990.4dbar  pTable[1]:1900dbar
(Sep 06 2016 04:33:15,  824407 sec) PistonMoveAbsWTO()    016->038 017 018 019 020 021 [30sec, 12.6Volts, 0.778Amps, CPT:1472sec]
(Sep 06 2016 04:33:55,  824447 sec) PistonMoveAbsWTO()    021->038 022 023 024 025 [30sec, 12.6Volts, 0.778Amps, CPT:1502sec]
(Sep 06 2016 04:34:35,  824487 sec) PistonMoveAbsWTO()    025->038 026 027 028 029 [30sec, 12.4Volts, 0.774Amps, CPT:1532sec]
(Sep 06 2016 04:35:15,  824527 sec) PistonMoveAbsWTO()    029->038 030 031 032 033 [30sec, 12.2Volts, 0.786Amps, CPT:1562sec]
(Sep 06 2016 04:35:55,  824567 sec) PistonMoveAbsWTO()    033->038 034 035 036 037 [30sec, 12.1Volts, 0.778Amps, CPT:1592sec]
(Sep 06 2016 04:36:35,  824607 sec) PistonMoveAbsWTO()    037->038 038 [3sec, 12.2Volts, 0.770Amps, CPT:1595sec]
(Sep 06 2016 04:48:35,  825327 sec) Profile()            Sample 0 initiated at 1900.5dbars for bin 1 [1900dbars].  PTS: 1897.9dbars 3.1981C 34.8011PSU
(Sep 06 2016 05:05:51,  826363 sec) Profile()            Sample 1 initiated at 1800.4dbars for bin 2 [1800dbars].  PTS: 1798.0dbars 3.5231C 34.8149PSU
(Sep 06 2016 05:24:47,  827499 sec) Profile()            Sample 2 initiated at 1700.6dbars for bin 3 [1700dbars].  PTS: 1698.6dbars 3.8349C 34.8287PSU
(Sep 06 2016 05:28:50,  827742 sec) AscentControlAgent() Bouyancy nudge to 48 (v=0.077dbar/sec).
(Sep 06 2016 05:28:50,  827743 sec) PistonMoveAbsWTO()    038->048 039 040 041 042 [30sec, 13.1Volts, 0.697Amps, CPT:1625sec]
(Sep 06 2016 05:29:31,  827783 sec) PistonMoveAbsWTO()    042->048 043 044 045 046 [30sec, 12.9Volts, 0.673Amps, CPT:1655sec]
(Sep 06 2016 05:30:11,  827823 sec) PistonMoveAbsWTO()    046->048 047 048 [8sec, 12.8Volts, 0.677Amps, CPT:1663sec]
(Sep 06 2016 05:42:10,  828542 sec) Profile()            Sample 3 initiated at 1601.0dbars for bin 4 [1600dbars].  PTS: 1598.5dbars 4.1510C 34.8416PSU
(Sep 06 2016 06:00:16,  829628 sec) Profile()            Sample 4 initiated at 1500.5dbars for bin 5 [1500dbars].  PTS: 1498.4dbars 4.4812C 34.8550PSU
(Sep 06 2016 06:14:03,  830455 sec) AscentControlAgent() Bouyancy nudge to 58 (v=0.077dbar/sec).
(Sep 06 2016 06:14:03,  830456 sec) PistonMoveAbsWTO()    048->058 049 050 051 052 053 [30sec, 13.3Volts, 0.604Amps, CPT:1693sec]
(Sep 06 2016 06:14:44,  830496 sec) PistonMoveAbsWTO()    053->058 054 055 056 057 [30sec, 13.0Volts, 0.604Amps, CPT:1723sec]
(Sep 06 2016 06:15:24,  830536 sec) PistonMoveAbsWTO()    057->058 058 [2sec, 13.4Volts, 0.604Amps, CPT:1725sec]
(Sep 06 2016 06:19:33,  830785 sec) Profile()            Sample 5 initiated at 1400.9dbars for bin 6 [1400dbars].  PTS: 1398.2dbars 4.7992C 34.8670PSU
(Sep 06 2016 06:27:45,  831277 sec) Profile()            Sample 6 initiated at 1350.2dbars for bin 7 [1350dbars].  PTS: 1347.7dbars 4.9707C 34.8732PSU
(Sep 06 2016 06:36:17,  831789 sec) Profile()            Sample 7 initiated at 1301.0dbars for bin 8 [1300dbars].  PTS: 1298.6dbars 5.1322C 34.8803PSU
(Sep 06 2016 06:45:19,  832331 sec) Profile()            Sample 8 initiated at 1250.3dbars for bin 9 [1250dbars].  PTS: 1248.0dbars 5.3174C 34.8864PSU
(Sep 06 2016 06:54:59,  832911 sec) Profile()            Sample 9 initiated at 1200.6dbars for bin 10 [1200dbars].  PTS: 1198.7dbars 5.5861C 34.8967PSU
(Sep 06 2016 07:00:04,  833216 sec) AscentControlAgent() Bouyancy nudge to 68 (v=0.074dbar/sec).
(Sep 06 2016 07:00:04,  833217 sec) PistonMoveAbsWTO()    058->068 059 060 061 062 063 [30sec, 13.3Volts, 0.528Amps, CPT:1755sec]
(Sep 06 2016 07:00:45,  833257 sec) PistonMoveAbsWTO()    063->068 064 065 066 067 [30sec, 13.2Volts, 0.524Amps, CPT:1785sec]
(Sep 06 2016 07:01:25,  833297 sec) PistonMoveAbsWTO()    067->068 068 [2sec, 13.5Volts, 0.520Amps, CPT:1787sec]
(Sep 06 2016 07:04:44,  833496 sec) Profile()            Sample 10 initiated at 1150.9dbars for bin 11 [1150dbars].  PTS: 1148.3dbars 5.8438C 34.9065PSU
(Sep 06 2016 07:12:56,  833988 sec) Profile()            Sample 11 initiated at 1100.3dbars for bin 12 [1100dbars].  PTS: 1097.7dbars 6.0236C 34.9139PSU
(Sep 06 2016 07:21:48,  834520 sec) Profile()            Sample 12 initiated at 1050.1dbars for bin 13 [1050dbars].  PTS: 1047.9dbars 6.3671C 34.9271PSU
(Sep 06 2016 07:31:10,  835082 sec) Profile()            Sample 13 initiated at 1000.2dbars for bin 14 [1000dbars].  PTS: 998.0dbars 6.6794C 34.9392PSU
(Sep 06 2016 07:40:40,  835652 sec) Profile()            Sample 14 initiated at 950.8dbars for bin 15 [950dbars].  PTS: 948.6dbars 7.0535C 34.9519PSU
(Sep 06 2016 07:50:02,  836214 sec) Profile()            Sample 15 initiated at 900.6dbars for bin 16 [900dbars].  PTS: 898.5dbars 7.3797C 34.9632PSU
(Sep 06 2016 08:00:24,  836836 sec) Profile()            Sample 16 initiated at 850.2dbars for bin 17 [850dbars].  PTS: 848.3dbars 7.6983C 34.9754PSU
(Sep 06 2016 08:00:47,  836859 sec) AscentControlAgent() Bouyancy nudge to 78 (v=0.079dbar/sec).
(Sep 06 2016 08:00:47,  836860 sec) PistonMoveAbsWTO()    068->078 069 070 071 072 073 [30sec, 13.6Volts, 0.423Amps, CPT:1817sec]
(Sep 06 2016 08:01:28,  836900 sec) PistonMoveAbsWTO()    073->078 074 075 076 077 078 [28sec, 13.4Volts, 0.415Amps, CPT:1845sec]
(Sep 06 2016 08:08:36,  837328 sec) Profile()            Sample 17 initiated at 800.9dbars for bin 18 [800dbars].  PTS: 798.3dbars 7.9955C 34.9858PSU
(Sep 06 2016 08:16:28,  837800 sec) Profile()            Sample 18 initiated at 750.4dbars for bin 19 [750dbars].  PTS: 747.6dbars 8.2708C 34.9933PSU
(Sep 06 2016 08:24:08,  838260 sec) Profile()            Sample 19 initiated at 700.8dbars for bin 20 [700dbars].  PTS: 698.1dbars 8.6742C 35.0047PSU
(Sep 06 2016 08:32:20,  838752 sec) Profile()            Sample 20 initiated at 650.3dbars for bin 21 [650dbars].  PTS: 647.9dbars 8.9546C 35.0117PSU
(Sep 06 2016 08:41:00,  839272 sec) Profile()            Sample 21 initiated at 600.5dbars for bin 22 [600dbars].  PTS: 598.1dbars 9.2485C 35.0187PSU
(Sep 06 2016 08:49:12,  839764 sec) Profile()            Sample 22 initiated at 550.9dbars for bin 23 [550dbars].  PTS: 548.3dbars 9.6165C 35.0240PSU
(Sep 06 2016 08:57:14,  840246 sec) Profile()            Sample 23 initiated at 500.2dbars for bin 24 [500dbars].  PTS: 497.6dbars 9.9000C 35.0316PSU
(Sep 06 2016 08:58:51,  840344 sec) Sbe41cpStartCP()     Continuous profile started.
(Sep 06 2016 09:49:52,  843404 sec) AscentControlAgent() Bouyancy nudge to 88 (v=0.072dbar/sec).
(Sep 06 2016 09:49:52,  843404 sec) PistonMoveAbsWTO()    078->088 079 080 081 082 083 [30sec, 13.9Volts, 0.230Amps, CPT:1875sec]
(Sep 06 2016 09:50:32,  843444 sec) PistonMoveAbsWTO()    083->088 084 085 086 087 088 [24sec, 13.8Volts, 0.218Amps, CPT:1899sec]
(Sep 06 2016 09:56:02,  843774 sec) AscentControlAgent() Bouyancy nudge to 98 (v=0.073dbar/sec).
(Sep 06 2016 09:56:02,  843774 sec) PistonMoveAbsWTO()    088->098 089 090 091 092 093 [30sec, 13.9Volts, 0.214Amps, CPT:1929sec]
(Sep 06 2016 09:56:42,  843814 sec) PistonMoveAbsWTO()    093->098 094 095 096 097 098 [24sec, 13.9Volts, 0.205Amps, CPT:1953sec]
(Sep 06 2016 10:02:12,  844144 sec) AscentControlAgent() Bouyancy nudge to 108 (v=0.059dbar/sec).
(Sep 06 2016 10:02:12,  844144 sec) PistonMoveAbsWTO()    098->108 099 100 101 102 103 [30sec, 14.0Volts, 0.205Amps, CPT:1983sec]
(Sep 06 2016 10:02:52,  844184 sec) PistonMoveAbsWTO()    103->108 104 105 106 107 108 [25sec, 13.9Volts, 0.201Amps, CPT:2008sec]
(Sep 06 2016 10:08:23,  844515 sec) AscentControlAgent() Bouyancy nudge to 118 (v=0.038dbar/sec).
(Sep 06 2016 10:08:23,  844515 sec) PistonMoveAbsWTO()    108->118 109 110 111 112 113 [30sec, 14.0Volts, 0.197Amps, CPT:2038sec]
(Sep 06 2016 10:09:03,  844555 sec) PistonMoveAbsWTO()    113->118 114 115 116 117 118 [25sec, 13.9Volts, 0.197Amps, CPT:2063sec]
(Sep 06 2016 10:14:34,  844886 sec) AscentControlAgent() Bouyancy nudge to 128 (v=0.033dbar/sec).
(Sep 06 2016 10:14:34,  844886 sec) PistonMoveAbsWTO()    118->128 119 120 121 122 123 [30sec, 14.0Volts, 0.197Amps, CPT:2093sec]
(Sep 06 2016 10:15:14,  844926 sec) PistonMoveAbsWTO()    123->128 124 125 126 127 128 [24sec, 14.0Volts, 0.201Amps, CPT:2117sec]
(Sep 06 2016 10:20:44,  845256 sec) AscentControlAgent() Bouyancy nudge to 138 (v=0.028dbar/sec).
(Sep 06 2016 10:20:44,  845256 sec) PistonMoveAbsWTO()    128->138 129 130 131 132 133 [30sec, 14.0Volts, 0.193Amps, CPT:2147sec]
(Sep 06 2016 10:21:24,  845296 sec) PistonMoveAbsWTO()    133->138 134 135 136 137 138 [25sec, 14.0Volts, 0.189Amps, CPT:2172sec]
(Sep 06 2016 10:26:55,  845627 sec) AscentControlAgent() Bouyancy nudge to 148 (v=0.047dbar/sec).
(Sep 06 2016 10:26:55,  845627 sec) PistonMoveAbsWTO()    138->148 139 140 141 142 143 [30sec, 14.0Volts, 0.189Amps, CPT:2202sec]
(Sep 06 2016 10:27:35,  845667 sec) PistonMoveAbsWTO()    143->148 144 145 146 147 148 [23sec, 14.0Volts, 0.193Amps, CPT:2225sec]
(Sep 06 2016 10:32:00,  845932 sec) AscentControlAgent() Bouyancy nudge to 158 (v=0.023dbar/sec).
(Sep 06 2016 10:32:00,  845932 sec) PistonMoveAbsWTO()    148->158 149 150 151 152 153 [30sec, 14.0Volts, 0.193Amps, CPT:2255sec]
(Sep 06 2016 10:32:40,  845972 sec) PistonMoveAbsWTO()    153->158 154 155 156 157 158 [24sec, 14.0Volts, 0.181Amps, CPT:2279sec]
(Sep 06 2016 10:37:06,  846238 sec) AscentControlAgent() Bouyancy nudge to 168 (v=0.053dbar/sec).
(Sep 06 2016 10:37:06,  846238 sec) PistonMoveAbsWTO()    158->168 159 160 161 162 163 [30sec, 14.0Volts, 0.185Amps, CPT:2309sec]
(Sep 06 2016 10:37:46,  846278 sec) PistonMoveAbsWTO()    163->168 164 165 166 [15sec, 14.0Volts, 0.185Amps, CPT:2324sec]
(Sep 06 2016 10:38:11,  846303 sec) PistonMoveAbsWTO()    166->168 167 168 [8sec, 14.0Volts, 0.185Amps, CPT:2332sec]
(Sep 06 2016 10:40:42,  846454 sec) SurfaceDetect()      SurfacePressure:-0.2dbars Pressure:3.3dbars PistonPosition:168
(Sep 06 2016 10:40:43,  846455 sec) Sbe41cpStopCP()      Continuous profile stopped.
(Sep 06 2016 10:40:49,  846461 sec) PistonMoveAbsWTO()    168->190 169 170 171 172 173 174 175 176 177 178 179 180 181 182 183 184 185 186 187 188 189 190 [116sec, 14.1Volts, 0.161Amps, CPT:2448sec]
(Sep 06 2016 10:42:55,  846587 sec) sbe41cp.c:chat()     Expected string [S>] not received.
(Sep 06 2016 10:44:40,  846692 sec) Sbe41cpBinAverage()  Finished averaging 6142 samples in 101 seconds.
(Sep 06 2016 10:44:45,  846697 sec) Sbe41cpUploadCP()    Sbe41cpSerNo[5994] NSample[6142] NBin[246]
(Sep 06 2016 10:45:25,  846737 sec) Sbe41cpUploadCP()    Continuous profile uploaded [246 lines].

<EOT>
