(Jun 19 2016 20:19:54,  846458 sec) TelemetryInit()      Profile 59. (Apf9i FwRev: 012811)
(Jun 19 2016 20:26:55,  846878 sec) AirSystem()          Battery [187cnt, 14.5V]  Current [78cnt, 31.4mA]  Barometer [127cnt, 6.8"Hg]  Run-Time [50s]
(Jun 19 2016 20:27:23,  846906 sec) GpsServices()        GPS almanac is current.
(Jun 19 2016 20:27:23,  846906 sec) GpsServices()        Initiating GPS fix acquisition.
(Jun 19 2016 20:27:36,  846919 sec) gga()                $GPGGA,202730,1206.1772,N,08142.6465,E,0,00,,,M,,M,,*51
(Jun 19 2016 20:27:53,  846936 sec) gga()                $GPGGA,202730,1206.1772,N,08142.6465,E,0,00,,,M,,M,,*51
(Jun 19 2016 20:28:03,  846946 sec) gga()                $GPGGA,202740,1206.1772,N,08142.6465,E,0,00,,,M,,M,,*56
(Jun 19 2016 20:28:13,  846956 sec) gga()                $GPGGA,202750,1206.1772,N,08142.6465,E,0,00,,,M,,M,,*57
(Jun 19 2016 20:28:23,  846966 sec) gga()                $GPGGA,202800,1206.1772,N,08142.6465,E,0,00,,,M,,M,,*5D
(Jun 19 2016 20:28:33,  846976 sec) gga()                $GPGGA,202810,1206.1772,N,08142.6465,E,0,00,,,M,,M,,*5C
(Jun 19 2016 20:28:43,  846986 sec) gga()                $GPGGA,202820,1206.1772,N,08142.6465,E,0,00,,,M,,M,,*5F
(Jun 19 2016 20:29:11,  847015 sec) gga()                $GPGGA,202830,1145.0557,N,08153.5877,E,1,09,0.9,2.7,M,-91.4,M,,*69
(Jun 19 2016 20:29:11,  847015 sec) GpsServices()        Profile 59 GPS fix obtained in 108 seconds.
(Jun 19 2016 20:29:12,  847015 sec) GpsServices()                  lon     lat mm/dd/yyyy hhmmss nsat
(Jun 19 2016 20:29:12,  847015 sec) GpsServices()        Fix:   81.893  11.751 06/19/2016 202830    9
(Jun 19 2016 20:29:41,  847045 sec) gga()                $GPGGA,202900,1145.0601,N,08153.5842,E,1,10,0.8,4.5,M,-91.4,M,,*60
(Jun 19 2016 20:29:47,  847050 sec) gga()                $GPGGA,202930,1145.0644,N,08153.5807,E,1,10,0.8,4.3,M,-91.4,M,,*65
(Jun 19 2016 20:29:47,  847050 sec) GpsServices()        APF9 RTC skew (17s) OK.
(Jun 19 2016 20:29:47,  847051 sec) LogNmeaSentences()   30,46,18,38,077,48,21,35,156,46,25,20,100,42*77
(Jun 19 2016 20:29:48,  847051 sec) LogNmeaSentences()   $GPGSV,3,3,12,26,08,192,31,27,18,247,40,31,59,201,45,32,42,346,48*71
(Jun 19 2016 20:29:57,  847060 sec) LogNmeaSentences()   $GPRMC,202940,A,1145.0660,N,08153.5790,E,000.9,294.8,190616,001.7,W*6D
(Jun 19 2016 20:29:57,  847061 sec) LogNmeaSentences()   $GPGGA,202940,1145.0660,N,08153.5790,E,1,10,0.8,3.4,M,-91.4,M,,*65
(Jun 19 2016 20:29:58,  847061 sec) LogNmeaSentences()   $GPGSA,A,3,08,10,,,14,18,21,25,26,27,31,32,1.2,0.8,0.8*32
(Jun 19 2016 20:29:58,  847061 sec) LogNmeaSentences()   $GPGSV,3,1,12,08,07,277,43,10,47,030,48,11,01,315,33,12,03,069,34*71
(Jun 19 2016 20:29:58,  847062 sec) LogNmeaSentences()   $GPGSV,3,2,12,14,46,330,46,18,38,077,45,21,35,156,44,25,20,100,41*7B
(Jun 19 2016 20:29:59,  847062 sec) LogNmeaSentences()   $GPGSV,3,3,12,26,08,192,39,27,18,247,43,31,59,201,48,32,42,347,47*79
(Jun 19 2016 20:30:07,  847070 sec) LogNmeaSentences()   $GPRMC,202950,A,1145.0672,N,08153.5785,E,000.0,303.8,190616,001.7,W*6D
(Jun 19 2016 20:30:07,  847071 sec) LogNmeaSentences()   $GPGGA,202950,1145.0672,N,08153.5785,E,1,10,0.8,2.8,M,-91.4,M,,*6E
(Jun 19 2016 20:30:08,  847071 sec) LogNmeaSentences()   $GPGSA,A,3,08,10,,,14,18,21,25,26,27,31,32,1.2,0.8,0.8*32
(Jun 19 2016 20:30:08,  847071 sec) LogNmeaSentences()   $GPGSV,3,1,12,08,07,277,43,10,47,030,47,11,01,315,27,12,03,069,36*79
(Jun 19 2016 20:30:08,  847072 sec) LogNmeaSentences()   $GPGSV,3,2,12,14,46,330,47,18,38,078,43,21,35,156,44,25,20,100,40*72
(Jun 19 2016 20:30:09,  847072 sec) LogNmeaSentences()   $GPGSV,3,3,12,26,08,192,39,27,18,247,43,31,59,201,46,32,42,347,47*77
(Jun 19 2016 20:30:17,  847080 sec) LogNmeaSentences()   $GPRMC,203000,A,1145.0680,N,08153.5779,E,001.4,270.0,190616,001.7,W*66
(Jun 19 2016 20:30:17,  847081 sec) LogNmeaSentences()   $GPGGA,203000,1145.0680,N,08153.5779,E,1,10,0.8,2.8,M,-91.4,M,,*6D
(Jun 19 2016 20:30:18,  847081 sec) LogNmeaSentences()   $GPGSA,A,3,08,10,,,14,18,21,25,26,27,31,32,1.2,0.8,0.8*32
(Jun 19 2016 20:30:18,  847081 sec) LogNmeaSentences()   $GPGSV,3,1,12,08,07,277,38,10,47,030,48,11,01,315,24,12,03,069,35*7A
(Jun 19 2016 20:30:18,  847082 sec) LogNmeaSentences()   $GPGSV,3,2,12,14,46,330,45,18,38,078,47,21,35,156,46,25,20,099,42*75
(Jun 19 2016 20:30:19,  847082 sec) LogNmeaSentences()   $GPGSV,3,3,12,26,08,192,36,27,18,246,39,31,59,201,46,32,42,347,48*7B
(Jun 19 2016 20:30:19,  847082 sec) LogNmeaSentences()   $PGRMT,GPS 15x-L software ver. 3.80,,,,,,,,*7C
(Jun 19 2016 20:30:19,  847083 sec) GpsServices()        GPS services complete.
(Jun 19 2016 20:30:44,  847108 sec) CLogin()             Connecting to primary host.
(Jun 19 2016 20:31:04,  847127 sec) CLogin()             Connection 1 established in 20 seconds.
(Jun 19 2016 20:31:29,  847152 sec) login()              Login successful.
(Jun 19 2016 20:31:32,  847155 sec) CLogin()             Logged in to host.  [Login required 28 seconds]
(Jun 19 2016 20:31:42,  847166 sec) RxConfig()           Downloading "mission.cfg" from host.
(Jun 19 2016 20:31:45,  847168 sec) Rx()                 Initiating transfer. [0x43]
(Jun 19 2016 20:31:54,  847177 sec) RxStartByte()        Sync errors encountered: 374
(Jun 19 2016 20:31:58,  847181 sec) Rx()                 Truncated packet received - retrying.
(Jun 19 2016 20:31:59,  847183 sec) RxStartByte()        Sync errors encountered: 130
(Jun 19 2016 20:32:06,  847189 sec) Rx()                 Truncated packet received - retrying.
(Jun 19 2016 20:32:11,  847194 sec) RxStartByte()        Sync errors encountered: 688
(Jun 19 2016 20:32:15,  847198 sec) Rx()                 Pad character [0x1a] found in ascii mode - truncating packet.
(Jun 19 2016 20:32:22,  847205 sec) Rx()                 Received EOT - transfer complete. [1 packets, 1024 bytes, 37 sec, 27.7 bps]
(Jun 19 2016 20:32:22,  847205 sec) RxConfig()           Download successful.
(Jun 19 2016 20:32:36,  847219 sec) WriteVitals()        Writing vitals to "9567.059.msg".
(Jun 19 2016 20:32:43,  847226 sec) UpLoadFile()         Uploading "9567.059.msg" to host as "9567.059.msg".
(Jun 19 2016 20:32:59,  847242 sec) Tx()                 CRC negotiation successful. [16-bit CRC]
(Jun 19 2016 20:33:07,  847250 sec) TxPacket()           NAK received - resending packet. [PktNum=0x01]
(Jun 19 2016 20:33:07,  847250 sec) TxPacket()           Packet xmit history: [01110001] (0:ok, 1:fail).
(Jun 19 2016 20:33:13,  847256 sec) TxPacket()           NAK received - resending packet. [PktNum=0x01]
(Jun 19 2016 20:33:13,  847257 sec) TxPacket()           Packet xmit history: [11100011] (0:ok, 1:fail).
(Jun 19 2016 20:33:24,  847267 sec) TxPacket()           NAK received - resending packet. [PktNum=0x02]
(Jun 19 2016 20:33:24,  847267 sec) TxPacket()           Packet xmit history: [10001101] (0:ok, 1:fail).
(Jun 19 2016 20:33:33,  847276 sec) TxPacket()           NAK received - resending packet. [PktNum=0x02]
(Jun 19 2016 20:33:33,  847276 sec) TxPacket()           Packet xmit history: [00011011] (0:ok, 1:fail).
(Jun 19 2016 20:33:40,  847283 sec) TxPacket()           NAK received - resending packet. [PktNum=0x03]
(Jun 19 2016 20:33:40,  847283 sec) TxPacket()           Packet xmit history: [01101101] (0:ok, 1:fail).
(Jun 19 2016 20:34:00,  847303 sec) TxPacket()           NAK received - resending packet. [PktNum=0x07]
(Jun 19 2016 20:34:00,  847303 sec) TxPacket()           Packet xmit history: [10100001] (0:ok, 1:fail).
(Jun 19 2016 20:34:05,  847308 sec) TxPacket()           NAK received - resending packet. [PktNum=0x07]
(Jun 19 2016 20:34:05,  847308 sec) TxPacket()           Packet xmit history: [01000011] (0:ok, 1:fail).
(Jun 19 2016 20:34:30,  847334 sec) TxPacket()           NAK received - resending packet. [PktNum=0x09]
(Jun 19 2016 20:34:31,  847334 sec) TxPacket()           Packet xmit history: [00011001] (0:ok, 1:fail).
(Jun 19 2016 20:34:37,  847340 sec) TxPacket()           NAK received - resending packet. [PktNum=0x09]
(Jun 19 2016 20:34:37,  847340 sec) TxPacket()           Packet xmit history: [00110011] (0:ok, 1:fail).
(Jun 19 2016 20:35:11,  847374 sec) TxPacket()           NAK received - resending packet. [PktNum=0x0f]
(Jun 19 2016 20:35:11,  847374 sec) TxPacket()           Packet xmit history: [10000001] (0:ok, 1:fail).
(Jun 19 2016 20:35:51,  847414 sec) TxPacket()           NAK received - resending packet. [PktNum=0x15]
(Jun 19 2016 20:35:51,  847415 sec) TxPacket()           Packet xmit history: [10000001] (0:ok, 1:fail).
(Jun 19 2016 20:36:14,  847437 sec) TxPacket()           NAK received - resending packet. [PktNum=0x18]
(Jun 19 2016 20:36:14,  847437 sec) TxPacket()           Packet xmit history: [00010001] (0:ok, 1:fail).
(Jun 19 2016 20:36:45,  847469 sec) Tx()                 Transmission completed successfully [28 packets, 23172 bytes, 225 sec, 103.5 bps]
(Jun 19 2016 20:36:46,  847469 sec) UpLoadFile()         Upload successful.
(Jun 19 2016 20:36:54,  847478 sec) UpLoadFile()         Uploading "9567.059.log" to host as "9567.059.log".
(Jun 19 2016 20:36:57,  847480 sec) Tx()                 CRC negotiation successful. [16-bit CRC]
(Jun 19 2016 20:37:03,  847486 sec) TxPacket()           NAK received - resending packet. [PktNum=0x01]
(Jun 19 2016 20:37:03,  847487 sec) TxPacket()           Packet xmit history: [01000001] (0:ok, 1:fail).
(Jun 19 2016 20:37:11,  847494 sec) TxPacket()           NAK received - resending packet. [PktNum=0x01]
(Jun 19 2016 20:37:11,  847494 sec) TxPacket()           Packet xmit history: [10000011] (0:ok, 1:fail).
(Jun 19 2016 20:37:22,  847505 sec) TxPacket()           NAK received - resending packet. [PktNum=0x02]
(Jun 19 2016 20:37:22,  847505 sec) TxPacket()           Packet xmit history: [00001101] (0:ok, 1:fail).
(Jun 19 2016 20:38:12,  847555 sec) TxPacket()           NAK received - resending packet. [PktNum=0x02]
(Jun 19 2016 20:38:12,  847555 sec) TxPacket()           Packet xmit history: [00011011] (0:ok, 1:fail).
(Jun 19 2016 20:38:36,  847579 sec) TxPacket()           NAK received - resending packet. [PktNum=0x07]
(Jun 19 2016 20:38:36,  847579 sec) TxPacket()           Packet xmit history: [11000001] (0:ok, 1:fail).
(Jun 19 2016 20:38:51,  847594 sec) TxPacket()           NAK received - resending packet. [PktNum=0x08]
(Jun 19 2016 20:38:51,  847594 sec) TxPacket()           Packet xmit history: [00000101] (0:ok, 1:fail).
(Jun 19 2016 20:39:16,  847619 sec) TxPacket()           NAK received - resending packet. [PktNum=0x0c]
(Jun 19 2016 20:39:16,  847619 sec) TxPacket()           Packet xmit history: [10100001] (0:ok, 1:fail).
(Jun 19 2016 20:40:41,  847704 sec) TxPacket()           NAK received - resending packet. [PktNum=0x1b]
(Jun 19 2016 20:40:41,  847704 sec) TxPacket()           Packet xmit history: [00000001] (0:ok, 1:fail).
(Jun 19 2016 20:40:43,  847706 sec) TxPacket()           NAK received - resending packet. [PktNum=0x1b]
(Jun 19 2016 20:40:43,  847706 sec) TxPacket()           Packet xmit history: [00000011] (0:ok, 1:fail).
(Jun 19 2016 20:40:46,  847709 sec) TxPacket()           NAK received - resending packet. [PktNum=0x1b]
(Jun 19 2016 20:40:46,  847709 sec) TxPacket()           Packet xmit history: [00000111] (0:ok, 1:fail).
(Jun 19 2016 20:40:52,  847715 sec) TxPacket()           NAK received - resending packet. [PktNum=0x1b]
(Jun 19 2016 20:40:52,  847715 sec) TxPacket()           Packet xmit history: [00001111] (0:ok, 1:fail).
(Jun 19 2016 20:40:54,  847717 sec) TxPacket()           NAK received - resending packet. [PktNum=0x1b]
(Jun 19 2016 20:40:54,  847717 sec) TxPacket()           Packet xmit history: [00011111] (0:ok, 1:fail).
(Jun 19 2016 20:41:01,  847724 sec) TxPacket()           NAK received - resending packet. [PktNum=0x1b]
(Jun 19 2016 20:41:01,  847724 sec) TxPacket()           Packet xmit history: [00111111] (0:ok, 1:fail).
(Jun 19 2016 20:41:03,  847726 sec) TxPacket()           NAK received - resending packet. [PktNum=0x1b]
(Jun 19 2016 20:41:03,  847726 sec) TxPacket()           Packet xmit history: [01111111] (0:ok, 1:fail).
(Jun 19 2016 20:41:06,  847729 sec) TxPacket()           NAK received - resending packet. [PktNum=0x1b]
(Jun 19 2016 20:41:06,  847729 sec) TxPacket()           Packet xmit history: [11111111] (0:ok, 1:fail).
(Jun 19 2016 20:41:14,  847738 sec) TxPacket()           NAK received - resending packet. [PktNum=0x1b]
(Jun 19 2016 20:41:14,  847738 sec) TxPacket()           Packet xmit history: [11111111] (0:ok, 1:fail).
(Jun 19 2016 20:41:19,  847742 sec) TxPacket()           NAK received - resending packet. [PktNum=0x1b]
(Jun 19 2016 20:41:19,  847742 sec) TxPacket()           Packet xmit history: [11111111] (0:ok, 1:fail).
(Jun 19 2016 20:41:19,  847742 sec) TxPacket()           Exit status: -2
(Jun 19 2016 20:41:19,  847742 sec) Tx()                 Packet transmission failed - aborting transfer.
(Jun 19 2016 20:41:30,  847753 sec) UpLoadFile()         Upload failed.
(Jun 19 2016 20:41:42,  847766 sec) UpLoadFile()         Uploading "9567.059.log" to host as "9567.059.log".
(Jun 19 2016 20:42:42,  847825 sec) Tx()                 CRC negotiation failed - aborting transfer.
(Jun 19 2016 20:42:52,  847836 sec) UpLoadFile()         Upload failed.
(Jun 19 2016 20:42:52,  847836 sec) UpLoad()             Files successfully uploaded: 1
(Jun 19 2016 20:42:52,  847836 sec) UpLoad()             Aborting upload: Retry limit [2] exceeded. Upload incomplete.
(Jun 19 2016 20:43:02,  847845 sec) chat()               Expected string [logout] not received.
(Jun 19 2016 20:43:02,  847845 sec) logout()             Attempt to log-out failed.
(Jun 19 2016 20:43:02,  847845 sec) logout()             No carrier detected.
(Jun 19 2016 20:43:02,  847845 sec) Telemetry()          Telemetry cycle complete: PrfId=59 ConnectionAttempts=1  Connections=1
(Jun 19 2016 20:58:17,  848760 sec) AirSystem()          Air-bladder inflation by-passed. Barometer: [127cnt, 6.8"Hg].
(Jun 19 2016 20:58:42,  848785 sec) GpsServices()        GPS almanac is current.
(Jun 19 2016 20:58:42,  848785 sec) GpsServices()        Initiating GPS fix acquisition.
(Jun 19 2016 20:58:50,  848794 sec) gga()                $GPGGA,205830,1145.0633,N,08153.5815,E,0,00,,,M,,M,,*50
(Jun 19 2016 20:58:56,  848800 sec) gga()                $GPGGA,205830,1145.0633,N,08153.5815,E,0,00,,,M,,M,,*50
(Jun 19 2016 20:59:21,  848825 sec) gga()                $GPGGA,205830,1145.3428,N,08153.4110,E,1,11,0.7,7.1,M,-91.4,M,,*69
(Jun 19 2016 20:59:21,  848825 sec) GpsServices()        Profile 59 GPS fix obtained in 39 seconds.
(Jun 19 2016 20:59:22,  848825 sec) GpsServices()                  lon     lat mm/dd/yyyy hhmmss nsat
(Jun 19 2016 20:59:22,  848825 sec) GpsServices()        Fix:   81.890  11.756 06/19/2016 205830   11
(Jun 19 2016 20:59:53,  848857 sec) gga()                $GPGGA,205910,1145.3513,N,08153.4075,E,1,11,0.7,-1.8,M,-91.4,M,,*43
(Jun 19 2016 20:59:59,  848862 sec) gga()                $GPGGA,205940,1145.3568,N,08153.4050,E,1,11,0.7,-2.3,M,-91.4,M,,*45
(Jun 19 2016 20:59:59,  848863 sec) GpsServices()        APF9 RTC skew (19s) OK.
(Jun 19 2016 20:59:59,  848863 sec) LogNmeaSentences()   1,347,45,18,35,095,46,21,21,157,40,25,21,085,40*71
(Jun 19 2016 21:00:00,  848863 sec) LogNmeaSentences()   $GPGSV,3,3,12,26,16,183,41,27,14,233,42,31,74,217,48,32,37,002,47*7F
(Jun 19 2016 21:00:09,  848872 sec) LogNmeaSentences()   $GPRMC,205950,A,1145.3599,N,08153.4037,E,000.0,314.9,190616,001.7,W*67
(Jun 19 2016 21:00:09,  848873 sec) LogNmeaSentences()   $GPGGA,205950,1145.3599,N,08153.4037,E,1,08,0.9,-2.7,M,-91.4,M,,*49
(Jun 19 2016 21:00:10,  848873 sec) LogNmeaSentences()   $GPGSA,A,3,08,10,,14,18,21,25,26,31,,,,1.2,0.9,0.8*37
(Jun 19 2016 21:00:10,  848873 sec) LogNmeaSentences()   $GPGSV,3,1,12,08,06,264,32,10,51,051,48,11,09,306,19,14,41,347,42*78
(Jun 19 2016 21:00:10,  848874 sec) LogNmeaSentences()   $GPGSV,3,2,12,18,35,095,40,21,21,157,35,25,21,085,37,26,16,183,36*78
(Jun 19 2016 21:00:11,  848874 sec) LogNmeaSentences()   $GPGSV,3,3,12,31,74,217,47,01,01,323,00,12,01,057,00,27,14,234,00*7B
(Jun 19 2016 21:00:19,  848882 sec) LogNmeaSentences()   $GPRMC,210000,A,1145.3609,N,08153.4036,E,001.0,023.8,190616,001.7,W*63
(Jun 19 2016 21:00:19,  848883 sec) LogNmeaSentences()   $GPGGA,210000,1145.3609,N,08153.4036,E,1,11,0.7,-3.3,M,-91.4,M,,*49
(Jun 19 2016 21:00:20,  848883 sec) LogNmeaSentences()   $GPGSA,A,3,,08,10,11,14,18,21,25,26,27,31,32,1.1,0.7,0.8*3E
(Jun 19 2016 21:00:20,  848883 sec) LogNmeaSentences()   $GPGSV,3,1,12,01,01,323,26,08,06,264,39,10,51,051,49,11,09,306,40*7E
(Jun 19 2016 21:00:20,  848884 sec) LogNmeaSentences()   $GPGSV,3,2,12,14,41,347,45,18,35,095,46,21,21,157,40,25,21,084,43*73
(Jun 19 2016 21:00:21,  848884 sec) LogNmeaSentences()   $GPGSV,3,3,12,26,16,183,39,27,14,233,41,31,74,217,48,32,37,002,47*73
(Jun 19 2016 21:00:21,  848884 sec) LogNmeaSentences()   $PGRMT,GPS 15x-L software ver. 3.80,,,,,,,,*7C
(Jun 19 2016 21:00:29,  848892 sec) LogNmeaSentences()   $GPRMC,210010,A,1145.3624,N,08153.4030,E,005.7,022.8,190616,001.7,W*69
(Jun 19 2016 21:00:29,  848893 sec) LogNmeaSentences()   $GPGGA,210010,1145.3624,N,08153.4030,E,1,07,1.0,-2.8,M,-91.4,M,,*4A
(Jun 19 2016 21:00:30,  848893 sec) GpsServices()        GPS services complete.
(Jun 19 2016 21:01:02,  848926 sec) CLogin()             Connecting to primary host.
(Jun 19 2016 21:01:17,  848940 sec) CLogin()             Connection 2 established in 15 seconds.
(Jun 19 2016 21:01:52,  848975 sec) expect()             Attempt to read prompt string [Last login:] failed.
(Jun 19 2016 21:01:52,  848975 sec) login()              Login failed.
(Jun 19 2016 21:02:07,  848990 sec) login()              Login successful.
(Jun 19 2016 21:02:12,  848995 sec) chat()               Expected string [cmd>] not received.
(Jun 19 2016 21:02:12,  848995 sec) login()              Attempt to set the command prompt failed.
(Jun 19 2016 21:02:15,  848998 sec) CLogin()             Logged in to host.  [Login required 58 seconds]
(Jun 19 2016 21:02:23,  849006 sec) RxConfig()           Downloading "mission.cfg" from host.
(Jun 19 2016 21:02:25,  849008 sec) Rx()                 Initiating transfer. [0x43]
(Jun 19 2016 21:02:28,  849011 sec) RxStartByte()        Sync errors encountered: 133
(Jun 19 2016 21:02:32,  849015 sec) Rx()                 Truncated packet received - retrying.
(Jun 19 2016 21:02:33,  849017 sec) RxStartByte()        Sync errors encountered: 415
(Jun 19 2016 21:02:36,  849019 sec) Rx()                 Truncated packet received - retrying.
(Jun 19 2016 21:02:38,  849021 sec) RxStartByte()        Sync errors encountered: 998
(Jun 19 2016 21:02:43,  849026 sec) Rx()                 Pad character [0x1a] found in ascii mode - truncating packet.
(Jun 19 2016 21:02:52,  849035 sec) Rx()                 Received EOT - transfer complete. [1 packets, 1024 bytes, 27 sec, 37.9 bps]
(Jun 19 2016 21:02:52,  849035 sec) RxConfig()           Download successful.
(Jun 19 2016 21:03:14,  849057 sec) UpLoadFile()         Uploading "9567.059.log" to host as "9567.059.log".
(Jun 19 2016 21:03:21,  849064 sec) Tx()                 CRC negotiation successful. [16-bit CRC]
(Jun 19 2016 21:03:26,  849069 sec) TxPacket()           Invalid response [0x5d] - resending packet. [PktNum=0x01]
(Jun 19 2016 21:03:26,  849069 sec) TxPacket()           Packet xmit history: [01110001] (0:ok, 1:fail).
(Jun 19 2016 21:03:40,  849083 sec) TxPacket()           NAK received - resending packet. [PktNum=0x01]
(Jun 19 2016 21:03:40,  849083 sec) TxPacket()           Packet xmit history: [11100011] (0:ok, 1:fail).
(Jun 19 2016 21:03:49,  849092 sec) TxPacket()           NAK received - resending packet. [PktNum=0x01]
(Jun 19 2016 21:03:49,  849092 sec) TxPacket()           Packet xmit history: [11000111] (0:ok, 1:fail).
(Jun 19 2016 21:04:41,  849145 sec) TxPacket()           NAK received - resending packet. [PktNum=0x05]
(Jun 19 2016 21:04:41,  849145 sec) TxPacket()           Packet xmit history: [11100001] (0:ok, 1:fail).
(Jun 19 2016 21:04:52,  849155 sec) TxPacket()           NAK received - resending packet. [PktNum=0x05]
(Jun 19 2016 21:04:52,  849155 sec) TxPacket()           Packet xmit history: [11000011] (0:ok, 1:fail).
(Jun 19 2016 21:05:05,  849168 sec) TxPacket()           NAK received - resending packet. [PktNum=0x05]
(Jun 19 2016 21:05:05,  849169 sec) TxPacket()           Packet xmit history: [10000111] (0:ok, 1:fail).
(Jun 19 2016 21:05:19,  849183 sec) TxPacket()           NAK received - resending packet. [PktNum=0x06]
(Jun 19 2016 21:05:19,  849183 sec) TxPacket()           Packet xmit history: [00011101] (0:ok, 1:fail).
(Jun 19 2016 21:05:38,  849202 sec) TxPacket()           NAK received - resending packet. [PktNum=0x09]
(Jun 19 2016 21:05:38,  849202 sec) TxPacket()           Packet xmit history: [11010001] (0:ok, 1:fail).
(Jun 19 2016 21:05:51,  849214 sec) TxPacket()           NAK received - resending packet. [PktNum=0x0a]
(Jun 19 2016 21:05:51,  849215 sec) TxPacket()           Packet xmit history: [01000101] (0:ok, 1:fail).
(Jun 19 2016 21:05:56,  849220 sec) TxPacket()           NAK received - resending packet. [PktNum=0x0a]
(Jun 19 2016 21:05:56,  849220 sec) TxPacket()           Packet xmit history: [10001011] (0:ok, 1:fail).
(Jun 19 2016 21:06:31,  849255 sec) TxPacket()           NAK received - resending packet. [PktNum=0x0e]
(Jun 19 2016 21:06:31,  849255 sec) TxPacket()           Packet xmit history: [01100001] (0:ok, 1:fail).
(Jun 19 2016 21:06:43,  849267 sec) TxPacket()           NAK received - resending packet. [PktNum=0x0f]
(Jun 19 2016 21:06:43,  849267 sec) TxPacket()           Packet xmit history: [10000101] (0:ok, 1:fail).
(Jun 19 2016 21:07:32,  849315 sec) TxPacket()           NAK received - resending packet. [PktNum=0x14]
(Jun 19 2016 21:07:32,  849315 sec) TxPacket()           Packet xmit history: [01000001] (0:ok, 1:fail).
(Jun 19 2016 21:08:00,  849344 sec) TxPacket()           NAK received - resending packet. [PktNum=0x18]
(Jun 19 2016 21:08:00,  849344 sec) TxPacket()           Packet xmit history: [00100001] (0:ok, 1:fail).
(Jun 19 2016 21:08:25,  849369 sec) TxPacket()           NAK received - resending packet. [PktNum=0x1b]
(Jun 19 2016 21:08:25,  849369 sec) TxPacket()           Packet xmit history: [00010001] (0:ok, 1:fail).
(Jun 19 2016 21:08:42,  849386 sec) TxPacket()           NAK received - resending packet. [PktNum=0x1d]
(Jun 19 2016 21:08:42,  849386 sec) TxPacket()           Packet xmit history: [10001001] (0:ok, 1:fail).
(Jun 19 2016 21:08:54,  849398 sec) TxPacket()           NAK received - resending packet. [PktNum=0x1e]
(Jun 19 2016 21:08:54,  849398 sec) TxPacket()           Packet xmit history: [00100101] (0:ok, 1:fail).
(Jun 19 2016 21:09:09,  849412 sec) TxPacket()           NAK received - resending packet. [PktNum=0x1f]
(Jun 19 2016 21:09:09,  849412 sec) TxPacket()           Packet xmit history: [10010101] (0:ok, 1:fail).
(Jun 19 2016 21:09:28,  849432 sec) TxPacket()           NAK received - resending packet. [PktNum=0x21]
(Jun 19 2016 21:09:28,  849432 sec) TxPacket()           Packet xmit history: [10101001] (0:ok, 1:fail).
(Jun 19 2016 21:09:33,  849437 sec) TxPacket()           NAK received - resending packet. [PktNum=0x21]
(Jun 19 2016 21:09:33,  849437 sec) TxPacket()           Packet xmit history: [01010011] (0:ok, 1:fail).
(Jun 19 2016 21:09:51,  849455 sec) TxPacket()           NAK received - resending packet. [PktNum=0x23]
(Jun 19 2016 21:09:51,  849455 sec) TxPacket()           Packet xmit history: [10011001] (0:ok, 1:fail).
(Jun 19 2016 21:10:13,  849476 sec) Tx()                 Transmission completed successfully [37 packets, 32808 bytes, 411 sec, 81.3 bps]
(Jun 19 2016 21:10:13,  849476 sec) UpLoadFile()         Upload successful.
(Jun 19 2016 21:10:19,  849482 sec) UpLoad()             Files successfully uploaded: 1
(Jun 19 2016 21:10:19,  849483 sec) UpLoad()             Upload complete.
(Jun 19 2016 21:10:25,  849488 sec) logout()             Log-out successful.
(Jun 19 2016 21:10:26,  849489 sec) Telemetry()          Telemetry cycle complete: PrfId=59 ConnectionAttempts=2  Connections=2
(Jun 19 2016 21:10:26,  849490 sec) TelemetryTerminate() Parsing new mission configuration.
(Jun 19 2016 21:10:28,  849491 sec) configure()          Parsing configurators in "mission.cfg".
(Jun 19 2016 21:10:31,  849495 sec) configure()             TelemetryRetry(15)      [0x7BBC] [TelemetryRetry(15)].
(Jun 19 2016 21:10:32,  849495 sec) configure()          Configuration CRCs and syntax OK.
(Jun 19 2016 21:10:32,  849495 sec) ConfigSupervisor()   Sanity check violated: cfg->PressureCP >= 750
(Jun 19 2016 21:10:32,  849495 sec) ConfigSupervisor()   Configuration accepted.
(Jun 19 2016 21:10:32,  849495 sec) TelemetryTerminate() Reconditioning the file system.
(Jun 19 2016 21:10:45,       7 sec) DescentInit()        Deep profile 60 initiated at mission-time 849501sec.
(Jun 19 2016 21:10:47,      10 sec) DescentInit()        Surface pressure: -0.2dbars.
(Jun 19 2016 21:10:52,      15 sec) PistonMoveAbsWTO()    190->054 189 188 187 186 185 184 183 182 181 180 179 178 177 176 175 174 173 172 171 170 169 168 167 166 165 164 163 162 161 160 159 158 157 156 155 154 153 152 151 150 149 148 147 146 145 144 143 142 141 140 139 138 137 136 135 134 133 132 131 130 129 128 127 126 125 124 123 122 121 120 119 118 117 116 115 114 113 112 111 110 109 108 107 106 105 104 103 102 101 100 099 098 097 096 095 094 093 092 091 090 089 088 087 086 085 084 083 082 081 080 079 078 077 076 075 074 073 072 071 070 069 068 067 066 065 064 063 062 061 060 059 058 057 056 055 054 [683sec, 14.3Volts, 0.161Amps, CPT:683sec]
(Jun 19 2016 21:22:16,     699 sec) PistonMoveAbsWTO()    054->000 053 052 051 050 049 048 047 046 045 044 043 042 041 040 039 038 037 036 035 034 033 032 031 030 029 028 027 026 025 024 023 022 021 020 019 018 017 016 015 014 013 012 011 010 009 [224sec, 14.3Volts, 0.153Amps, CPT:907sec]
(Jun 19 2016 21:26:11,     934 sec) Descent()            Pressure: 99.5
(Jun 19 2016 22:10:41,    3604 sec) Descent()            Pressure: 414.2
(Jun 19 2016 23:10:41,    7204 sec) Descent()            Pressure: 902.6
(Jun 19 2016 23:10:42,    7204 sec) PistonMoveAbsWTO()    009->054 010 011 012 013 014 015 016 017 018 019 020 021 022 023 024 025 026 027 028 029 030 031 032 033 034 035 036 037 038 039 040 041 042 043 044 045 046 047 048 049 050 051 052 053 054 [260sec, 13.5Volts, 0.443Amps, CPT:1167sec]
(Jun 20 2016 00:10:41,   10804 sec) Descent()            Pressure: 868.8
(Jun 20 2016 01:10:41,   14404 sec) Descent()            Pressure: 871.8
(Jun 20 2016 02:10:41,   18004 sec) Descent()            Pressure: 885.6
(Jun 20 2016 02:10:42,   18004 sec) ParkInit()           
(Jun 20 2016 04:11:11,   25233 sec) Park()               ParkPOutOfBand[-3, 907.2 dbars]: retract piston.
(Jun 20 2016 04:11:11,   25234 sec) PistonMoveAbsWTO()    054->053 053 [2sec, 14.0Volts, 0.109Amps, CPT:1169sec]
(Jun 20 2016 07:11:11,   36033 sec) Park()               ParkPOutOfBand[-3, 939.0 dbars]: retract piston.
(Jun 20 2016 07:11:11,   36034 sec) PistonMoveAbsWTO()    053->052 052 [5sec, 14.0Volts, 0.085Amps, CPT:1174sec]
(Jun 20 2016 10:11:11,   46833 sec) Park()               ParkPOutOfBand[-3, 985.5 dbars]: retract piston.
(Jun 20 2016 10:11:11,   46834 sec) PistonMoveAbsWTO()    052->051 051 [5sec, 14.1Volts, 0.081Amps, CPT:1179sec]
(Jun 20 2016 13:11:11,   57633 sec) Park()               ParkPOutOfBand[3, 1018.2 dbars]: extend piston.
(Jun 20 2016 13:11:11,   57634 sec) PistonMoveAbsWTO()    051->052 052 [1sec, 13.9Volts, 0.459Amps, CPT:1180sec]
(Jun 20 2016 16:11:11,   68433 sec) Park()               ParkPOutOfBand[3, 1020.8 dbars]: extend piston.
(Jun 20 2016 16:11:11,   68434 sec) PistonMoveAbsWTO()    052->053 053 [6sec, 13.3Volts, 0.475Amps, CPT:1186sec]
(Jun 22 2016 14:11:11,  234034 sec) Park()               ParkPOutOfBand[3, 1010.8 dbars]: extend piston.
(Jun 22 2016 14:11:12,  234034 sec) PistonMoveAbsWTO()    053->054 054 [7sec, 13.1Volts, 0.479Amps, CPT:1193sec]
(Jun 22 2016 17:11:11,  244834 sec) Park()               ParkPOutOfBand[-3, 982.3 dbars]: retract piston.
(Jun 22 2016 17:11:12,  244834 sec) PistonMoveAbsWTO()    054->053 053 [3sec, 13.9Volts, 0.109Amps, CPT:1196sec]
(Jun 29 2016 05:11:03,  806425 sec) CtdPower()           [ 1008.69,  6.7539, 34.9430]
(Jun 29 2016 05:11:03,  806425 sec) CtdPower()           CTD Power consumption [180VCnt 11ACnt]: 13.953Volts * 0.044Amps = 0.62Watts.
(Jun 29 2016 05:11:03,  806426 sec) ParkTerminate()      Piston Position:53 Vacuum:80 Vq:196 Aq:6 Vsbe:180 Asbe:11
(Jun 29 2016 05:11:31,  806453 sec) ParkTerminate()      PTS: 1008.7dbars 6.7539C 34.9431PSU
(Jun 29 2016 05:11:31,  806454 sec) GoDeepInit()         Moving piston.
(Jun 29 2016 05:11:31,  806454 sec) PistonMoveAbsWTO()    053->015 052 051 050 049 048 047 046 045 044 043 042 041 040 039 038 037 036 035 034 033 032 031 030 029 028 027 026 025 024 023 022 021 020 019 018 017 016 015 [194sec, 14.0Volts, 0.085Amps, CPT:1390sec]
(Jun 29 2016 09:15:41,  821104 sec) GoDeep()             Sequence point detected at 2002.1dbar.
(Jun 29 2016 09:15:44,  821106 sec) ProfileInit()        PrfId:060  Pressure:2002.1dbar  pTable[0]:2000dbar
(Jun 29 2016 09:15:55,  821117 sec) PistonMoveAbsWTO()    015->037 016 017 018 019 020 [30sec, 12.6Volts, 0.818Amps, CPT:1420sec]
(Jun 29 2016 09:16:35,  821157 sec) PistonMoveAbsWTO()    020->037 021 022 023 024 [30sec, 12.6Volts, 0.778Amps, CPT:1450sec]
(Jun 29 2016 09:17:42,  821224 sec) Profile()            Sample 0 initiated at 2000.7dbars for bin 0 [2000dbars].  PTS: 1999.0dbars 3.0231C 34.7939PSU
(Jun 29 2016 09:17:42,  821225 sec) PistonMoveAbsWTO()    024->037 025 026 027 028 [30sec, 12.5Volts, 0.798Amps, CPT:1480sec]
(Jun 29 2016 09:18:23,  821265 sec) PistonMoveAbsWTO()    028->037 029 030 031 032 [30sec, 12.2Volts, 0.798Amps, CPT:1510sec]
(Jun 29 2016 09:19:03,  821305 sec) PistonMoveAbsWTO()    032->037 033 034 035 036 [30sec, 12.2Volts, 0.794Amps, CPT:1540sec]
(Jun 29 2016 09:19:43,  821345 sec) PistonMoveAbsWTO()    036->037 037 [1sec, 13.2Volts, 0.794Amps, CPT:1541sec]
(Jun 29 2016 09:33:43,  822185 sec) Profile()            Sample 1 initiated at 1900.5dbars for bin 1 [1900dbars].  PTS: 1897.9dbars 3.1478C 34.7993PSU
(Jun 29 2016 09:51:27,  823249 sec) Profile()            Sample 2 initiated at 1800.6dbars for bin 2 [1800dbars].  PTS: 1798.4dbars 3.5582C 34.8165PSU
(Jun 29 2016 10:11:43,  824465 sec) Profile()            Sample 3 initiated at 1700.6dbars for bin 3 [1700dbars].  PTS: 1698.8dbars 3.8501C 34.8300PSU
(Jun 29 2016 10:11:45,  824468 sec) AscentControlAgent() Bouyancy nudge to 47 (v=0.074dbar/sec).
(Jun 29 2016 10:11:46,  824468 sec) PistonMoveAbsWTO()    037->047 038 039 040 041 [30sec, 13.1Volts, 0.697Amps, CPT:1571sec]
(Jun 29 2016 10:12:26,  824508 sec) PistonMoveAbsWTO()    041->047 042 043 044 045 046 [30sec, 12.9Volts, 0.705Amps, CPT:1601sec]
(Jun 29 2016 10:13:06,  824548 sec) PistonMoveAbsWTO()    046->047 047 [7sec, 12.8Volts, 0.693Amps, CPT:1608sec]
(Jun 29 2016 10:28:57,  825499 sec) Profile()            Sample 4 initiated at 1600.6dbars for bin 4 [1600dbars].  PTS: 1598.3dbars 4.2213C 34.8447PSU
(Jun 29 2016 10:48:23,  826665 sec) Profile()            Sample 5 initiated at 1500.6dbars for bin 5 [1500dbars].  PTS: 1498.5dbars 4.6687C 34.8609PSU
(Jun 29 2016 10:56:58,  827180 sec) AscentControlAgent() Bouyancy nudge to 57 (v=0.078dbar/sec).
(Jun 29 2016 10:56:58,  827181 sec) PistonMoveAbsWTO()    047->057 048 049 050 051 052 [30sec, 13.3Volts, 0.612Amps, CPT:1638sec]
(Jun 29 2016 10:57:39,  827221 sec) PistonMoveAbsWTO()    052->057 053 054 055 056 [30sec, 13.0Volts, 0.608Amps, CPT:1668sec]
(Jun 29 2016 10:58:19,  827261 sec) PistonMoveAbsWTO()    056->057 057 [2sec, 13.4Volts, 0.612Amps, CPT:1670sec]
(Jun 29 2016 11:06:40,  827762 sec) Profile()            Sample 6 initiated at 1400.6dbars for bin 6 [1400dbars].  PTS: 1398.1dbars 5.0406C 34.8761PSU
(Jun 29 2016 11:15:42,  828304 sec) Profile()            Sample 7 initiated at 1350.3dbars for bin 7 [1350dbars].  PTS: 1348.1dbars 5.3392C 34.8874PSU
(Jun 29 2016 11:25:34,  828896 sec) Profile()            Sample 8 initiated at 1300.7dbars for bin 8 [1300dbars].  PTS: 1298.6dbars 5.5072C 34.8941PSU
(Jun 29 2016 11:35:36,  829498 sec) Profile()            Sample 9 initiated at 1250.2dbars for bin 9 [1250dbars].  PTS: 1248.0dbars 5.7109C 34.9013PSU
(Jun 29 2016 11:45:28,  830090 sec) Profile()            Sample 10 initiated at 1200.7dbars for bin 10 [1200dbars].  PTS: 1198.7dbars 5.8615C 34.9073PSU
(Jun 29 2016 11:52:13,  830495 sec) AscentControlAgent() Bouyancy nudge to 67 (v=0.078dbar/sec).
(Jun 29 2016 11:52:13,  830496 sec) PistonMoveAbsWTO()    057->067 058 059 060 061 [30sec, 13.4Volts, 0.516Amps, CPT:1700sec]
(Jun 29 2016 11:52:54,  830536 sec) PistonMoveAbsWTO()    062->067 063 064 065 066 [30sec, 13.3Volts, 0.516Amps, CPT:1730sec]
(Jun 29 2016 11:53:34,  830576 sec) PistonMoveAbsWTO()    066->067 067 [2sec, 13.5Volts, 0.528Amps, CPT:1732sec]
(Jun 29 2016 11:55:23,  830685 sec) Profile()            Sample 11 initiated at 1150.3dbars for bin 11 [1150dbars].  PTS: 1147.5dbars 6.0666C 34.9145PSU
(Jun 29 2016 12:03:15,  831157 sec) Profile()            Sample 12 initiated at 1100.2dbars for bin 12 [1100dbars].  PTS: 1097.6dbars 6.2374C 34.9215PSU
(Jun 29 2016 12:11:35,  831657 sec) Profile()            Sample 13 initiated at 1050.8dbars for bin 13 [1050dbars].  PTS: 1048.4dbars 6.5348C 34.9336PSU
(Jun 29 2016 12:20:47,  832209 sec) Profile()            Sample 14 initiated at 1000.2dbars for bin 14 [1000dbars].  PTS: 998.0dbars 6.8285C 34.9444PSU
(Jun 29 2016 12:30:39,  832801 sec) Profile()            Sample 15 initiated at 950.5dbars for bin 15 [950dbars].  PTS: 948.5dbars 7.0664C 34.9520PSU
(Jun 29 2016 12:37:24,  833206 sec) AscentControlAgent() Bouyancy nudge to 77 (v=0.079dbar/sec).
(Jun 29 2016 12:37:24,  833207 sec) PistonMoveAbsWTO()    067->077 068 069 070 071 072 [30sec, 13.6Volts, 0.443Amps, CPT:1762sec]
(Jun 29 2016 12:38:05,  833247 sec) PistonMoveAbsWTO()    072->077 073 074 075 076 077 [28sec, 13.4Volts, 0.443Amps, CPT:1790sec]
(Jun 29 2016 12:40:21,  833383 sec) Profile()            Sample 16 initiated at 900.9dbars for bin 16 [900dbars].  PTS: 898.1dbars 7.3931C 34.9664PSU
(Jun 29 2016 12:48:03,  833845 sec) Profile()            Sample 17 initiated at 849.7dbars for bin 17 [850dbars].  PTS: 846.9dbars 7.6393C 34.9729PSU
(Jun 29 2016 12:55:23,  834285 sec) Profile()            Sample 18 initiated at 800.9dbars for bin 18 [800dbars].  PTS: 798.2dbars 7.9229C 34.9836PSU
(Jun 29 2016 13:03:35,  834777 sec) Profile()            Sample 19 initiated at 750.3dbars for bin 19 [750dbars].  PTS: 747.9dbars 8.1745C 34.9886PSU
(Jun 29 2016 13:12:05,  835287 sec) Profile()            Sample 20 initiated at 700.3dbars for bin 20 [700dbars].  PTS: 697.8dbars 8.4769C 35.0012PSU
(Jun 29 2016 13:19:57,  835759 sec) Profile()            Sample 21 initiated at 651.0dbars for bin 21 [650dbars].  PTS: 648.3dbars 8.8087C 35.0092PSU
(Jun 29 2016 13:27:37,  836219 sec) Profile()            Sample 22 initiated at 600.6dbars for bin 22 [600dbars].  PTS: 597.9dbars 9.0762C 35.0160PSU
(Jun 29 2016 13:35:49,  836711 sec) Profile()            Sample 23 initiated at 550.3dbars for bin 23 [550dbars].  PTS: 547.8dbars 9.5091C 35.0239PSU
(Jun 29 2016 13:44:11,  837213 sec) Profile()            Sample 24 initiated at 500.1dbars for bin 24 [500dbars].  PTS: 497.6dbars 10.0166C 35.0442PSU
(Jun 29 2016 13:45:48,  837311 sec) Sbe41cpStartCP()     Continuous profile started.
(Jun 29 2016 14:36:48,  840371 sec) AscentControlAgent() Bouyancy nudge to 87 (v=0.066dbar/sec).
(Jun 29 2016 14:36:49,  840371 sec) PistonMoveAbsWTO()    077->087 078 079 080 081 082 [30sec, 14.0Volts, 0.226Amps, CPT:1820sec]
(Jun 29 2016 14:37:29,  840411 sec) PistonMoveAbsWTO()    082->087 083 084 085 086 087 [25sec, 13.9Volts, 0.226Amps, CPT:1845sec]
(Jun 29 2016 14:42:59,  840742 sec) AscentControlAgent() Bouyancy nudge to 97 (v=0.067dbar/sec).
(Jun 29 2016 14:43:00,  840742 sec) PistonMoveAbsWTO()    087->097 088 089 090 091 092 [30sec, 13.9Volts, 0.218Amps, CPT:1875sec]
(Jun 29 2016 14:43:40,  840782 sec) PistonMoveAbsWTO()    092->097 093 094 095 096 097 [24sec, 13.9Volts, 0.218Amps, CPT:1899sec]
(Jun 29 2016 14:49:09,  841112 sec) AscentControlAgent() Bouyancy nudge to 107 (v=0.056dbar/sec).
(Jun 29 2016 14:49:10,  841112 sec) PistonMoveAbsWTO()    097->107 098 099 100 101 102 [30sec, 14.0Volts, 0.218Amps, CPT:1929sec]
(Jun 29 2016 14:49:50,  841152 sec) PistonMoveAbsWTO()    102->107 103 104 105 106 107 [24sec, 13.9Volts, 0.214Amps, CPT:1953sec]
(Jun 29 2016 14:55:19,  841482 sec) AscentControlAgent() Bouyancy nudge to 117 (v=0.037dbar/sec).
(Jun 29 2016 14:55:20,  841482 sec) PistonMoveAbsWTO()    107->117 108 109 110 111 112 [30sec, 14.0Volts, 0.210Amps, CPT:1983sec]
(Jun 29 2016 14:56:00,  841522 sec) PistonMoveAbsWTO()    112->117 113 114 115 116 117 [25sec, 13.9Volts, 0.205Amps, CPT:2008sec]
(Jun 29 2016 15:01:30,  841853 sec) AscentControlAgent() Bouyancy nudge to 127 (v=0.014dbar/sec).
(Jun 29 2016 15:01:31,  841853 sec) PistonMoveAbsWTO()    117->127 118 119 120 121 122 [30sec, 14.0Volts, 0.205Amps, CPT:2038sec]
(Jun 29 2016 15:02:11,  841893 sec) PistonMoveAbsWTO()    122->127 123 124 125 126 127 [23sec, 14.0Volts, 0.210Amps, CPT:2061sec]
(Jun 29 2016 15:07:40,  842223 sec) AscentControlAgent() Bouyancy nudge to 137 (v=0.027dbar/sec).
(Jun 29 2016 15:07:41,  842223 sec) PistonMoveAbsWTO()    127->137 128 129 130 131 132 [30sec, 14.0Volts, 0.205Amps, CPT:2091sec]
(Jun 29 2016 15:08:21,  842263 sec) PistonMoveAbsWTO()    132->137 133 134 135 136 137 [24sec, 14.0Volts, 0.197Amps, CPT:2115sec]
(Jun 29 2016 15:13:50,  842593 sec) AscentControlAgent() Bouyancy nudge to 147 (v=0.037dbar/sec).
(Jun 29 2016 15:13:51,  842593 sec) PistonMoveAbsWTO()    137->147 138 139 140 141 142 [30sec, 14.0Volts, 0.197Amps, CPT:2145sec]
(Jun 29 2016 15:14:31,  842633 sec) PistonMoveAbsWTO()    142->147 143 144 145 146 147 [23sec, 14.0Volts, 0.197Amps, CPT:2168sec]
(Jun 29 2016 15:20:00,  842963 sec) AscentControlAgent() Bouyancy nudge to 157 (v=0.022dbar/sec).
(Jun 29 2016 15:20:01,  842963 sec) PistonMoveAbsWTO()    147->157 148 149 150 151 152 [30sec, 14.1Volts, 0.193Amps, CPT:2198sec]
(Jun 29 2016 15:20:41,  843003 sec) PistonMoveAbsWTO()    152->157 153 154 155 156 157 [24sec, 14.0Volts, 0.193Amps, CPT:2222sec]
(Jun 29 2016 15:25:06,  843269 sec) AscentControlAgent() Bouyancy nudge to 167 (v=0.052dbar/sec).
(Jun 29 2016 15:25:07,  843269 sec) PistonMoveAbsWTO()    157->167 158 159 160 161 162 [30sec, 14.1Volts, 0.189Amps, CPT:2252sec]
(Jun 29 2016 15:25:47,  843309 sec) PistonMoveAbsWTO()    162->167 163 164 165 166 167 [23sec, 14.0Volts, 0.185Amps, CPT:2275sec]
(Jun 29 2016 15:30:11,  843574 sec) AscentControlAgent() Bouyancy nudge to 177 (v=0.061dbar/sec).


(Jun 29 2016 15:30:12) LogSize()            Log file is 38917 bytes.  Limit is 40960 bytes.

(Jun 29 2016 15:30:12,  843574 sec) PistonMoveAbsWTO()    167->177 168 169 [15sec, 14.1Volts, 0.181Amps, CPT:2290sec]
(Jun 29 2016 15:30:37,  843599 sec) PistonMoveAbsWTO()    169->177 170 171 172 [15sec, 14.1Volts, 0.181Amps, CPT:2305sec]
(Jun 29 2016 15:31:02,  843624 sec) PistonMoveAbsWTO()    172->177 173 174 175 [15sec, 14.1Volts, 0.173Amps, CPT:2320sec]
(Jun 29 2016 15:31:27,  843649 sec) PistonMoveAbsWTO()    175->177 176 177 [10sec, 14.1Volts, 0.181Amps, CPT:2330sec]
(Jun 29 2016 15:31:50,  843672 sec) SurfaceDetect()      SurfacePressure:-0.2dbars Pressure:3.4dbars PistonPosition:177
(Jun 29 2016 15:31:50,  843673 sec) Sbe41cpStopCP()      Continuous profile stopped.
(Jun 29 2016 15:31:57,  843679 sec) PistonMoveAbsWTO()    177->199 178 179 180 181 182 183 184 185 186 187 188 189 190 191 192 193 194 195 196 197 198 199 [114sec, 14.1Volts, 0.169Amps, CPT:2444sec]
(Jun 29 2016 15:34:02,  843804 sec) sbe41cp.c:chat()     Expected string [S>] not received.
(Jun 29 2016 15:35:50,  843912 sec) Sbe41cpBinAverage()  Finished averaging 6393 samples in 104 seconds.
(Jun 29 2016 15:35:55,  843917 sec) Sbe41cpUploadCP()    Sbe41cpSerNo[5994] NSample[6393] NBin[246]
(Jun 29 2016 15:36:36,  843958 sec) Sbe41cpUploadCP()    Continuous profile uploaded [246 lines].

<EOT>
