(Nov 24 2016 08:27:56,  846952 sec) TelemetryInit()      Profile 75. (Apf9i FwRev: 012811)
(Nov 24 2016 08:34:59,  847375 sec) AirSystem()          Battery [188cnt, 14.6V]  Current [81cnt, 32.6mA]  Barometer [128cnt, 7.1"Hg]  Run-Time [51s]
(Nov 24 2016 08:35:28,  847404 sec) GpsServices()        GPS almanac is current.
(Nov 24 2016 08:35:28,  847404 sec) GpsServices()        Initiating GPS fix acquisition.
(Nov 24 2016 08:35:42,  847418 sec) gga()                $GPGGA,083530,1524.5598,N,08344.4626,E,0,00,,,M,,M,,*5E
(Nov 24 2016 08:35:56,  847433 sec) gga()                $GPGGA,083530,1524.5598,N,08344.4626,E,0,00,,,M,,M,,*5E
(Nov 24 2016 08:36:06,  847443 sec) gga()                $GPGGA,083540,1524.5598,N,08344.4626,E,0,00,,,M,,M,,*59
(Nov 24 2016 08:36:16,  847453 sec) gga()                $GPGGA,083550,1524.5598,N,08344.4626,E,0,00,,,M,,M,,*58
(Nov 24 2016 08:36:26,  847463 sec) gga()                $GPGGA,083600,1524.5598,N,08344.4626,E,0,00,,,M,,M,,*5E
(Nov 24 2016 08:36:36,  847473 sec) gga()                $GPGGA,083610,1524.5598,N,08344.4626,E,0,00,,,M,,M,,*5F
(Nov 24 2016 08:36:46,  847483 sec) gga()                $GPGGA,083620,1524.5598,N,08344.4626,E,0,00,,,M,,M,,*5C
(Nov 24 2016 08:36:56,  847493 sec) gga()                $GPGGA,083630,1524.5598,N,08344.4626,E,0,00,,,M,,M,,*5D
(Nov 24 2016 08:37:25,  847521 sec) gga()                $GPGGA,083640,1545.6657,N,08345.3848,E,1,07,0.9,-4.4,M,-78.6,M,,*46
(Nov 24 2016 08:37:25,  847521 sec) GpsServices()        Profile 75 GPS fix obtained in 117 seconds.
(Nov 24 2016 08:37:25,  847521 sec) GpsServices()                  lon     lat mm/dd/yyyy hhmmss nsat
(Nov 24 2016 08:37:25,  847522 sec) GpsServices()        Fix:   83.756  15.761 11/24/2016 083640    7
(Nov 24 2016 08:37:55,  847551 sec) gga()                $GPGGA,083710,1545.6621,N,08345.3809,E,1,08,0.9,-4.1,M,-78.6,M,,*4C
(Nov 24 2016 08:38:01,  847557 sec) gga()                $GPGGA,083740,1545.6601,N,08345.3773,E,1,08,0.9,-6.1,M,-78.6,M,,*4B
(Nov 24 2016 08:38:01,  847557 sec) GpsServices()        APF9 RTC skew (21s) OK.
(Nov 24 2016 08:38:01,  847557 sec) LogNmeaSentences()   ,48,20,10,096,40,21,62,147,46,24,21,045,44*70
(Nov 24 2016 08:38:01,  847557 sec) LogNmeaSentences()   $GPGSV,3,3,12,25,11,135,39,27,22,275,42,31,24,196,38,32,54,300,49*7C
(Nov 24 2016 08:38:10,  847567 sec) LogNmeaSentences()   $GPRMC,083750,A,1545.6583,N,08345.3758,E,001.3,229.3,241116,001.2,W*69
(Nov 24 2016 08:38:11,  847567 sec) LogNmeaSentences()   $GPGGA,083750,1545.6583,N,08345.3758,E,1,08,0.9,-4.9,M,-78.6,M,,*40
(Nov 24 2016 08:38:11,  847567 sec) LogNmeaSentences()   $GPGSA,A,3,,10,,,18,20,21,,25,27,31,32,1.2,0.9,0.8*38
(Nov 24 2016 08:38:12,  847568 sec) LogNmeaSentences()   $GPGSV,3,1,12,08,01,307,27,10,40,352,48,12,02,100,37,14,41,262,45*7E
(Nov 24 2016 08:38:12,  847568 sec) LogNmeaSentences()   $GPGSV,3,2,12,18,45,038,46,20,10,096,39,21,62,147,47,24,21,045,41*7B
(Nov 24 2016 08:38:12,  847568 sec) LogNmeaSentences()   $GPGSV,3,3,12,25,11,135,38,27,22,275,43,31,24,196,44,32,54,300,49*77
(Nov 24 2016 08:38:20,  847577 sec) LogNmeaSentences()   $GPRMC,083800,A,1545.6544,N,08345.3707,E,001.0,242.2,241116,001.2,W*6D
(Nov 24 2016 08:38:21,  847577 sec) LogNmeaSentences()   $GPGGA,083800,1545.6544,N,08345.3707,E,1,08,0.9,-7.9,M,-78.6,M,,*48
(Nov 24 2016 08:38:21,  847577 sec) LogNmeaSentences()   $GPGSA,A,3,,10,,,18,20,21,,25,27,31,32,1.2,0.9,0.8*38
(Nov 24 2016 08:38:22,  847578 sec) LogNmeaSentences()   $GPGSV,3,1,12,08,01,307,16,10,40,352,43,12,02,100,37,14,41,262,42*70
(Nov 24 2016 08:38:22,  847578 sec) LogNmeaSentences()   $GPGSV,3,2,12,18,45,038,47,20,10,096,42,21,62,147,49,24,21,045,39*77
(Nov 24 2016 08:38:22,  847578 sec) LogNmeaSentences()   $GPGSV,3,3,12,25,11,135,44,27,22,274,38,31,24,196,47,32,54,300,46*7D
(Nov 24 2016 08:38:23,  847579 sec) LogNmeaSentences()   $PGRMT,GPS 15x-L software ver. 3.80,,,,,,,,*7C
(Nov 24 2016 08:38:30,  847587 sec) LogNmeaSentences()   $GPRMC,083810,A,1545.6568,N,08345.3740,E,002.0,278.2,241116,001.2,W*6B
(Nov 24 2016 08:38:31,  847587 sec) LogNmeaSentences()   $GPGGA,083810,1545.6568,N,08345.3740,E,1,08,0.9,-5.9,M,-78.6,M,,*46
(Nov 24 2016 08:38:31,  847587 sec) LogNmeaSentences()   $GPGSA,A,3,,10,,,18,20,21,,25,27,31,32,1.2,0.9,0.8*38
(Nov 24 2016 08:38:32,  847588 sec) LogNmeaSentences()   $GPGSV,3,1,12,08,01,307,25,10,40,352,46,12,02,100,35,14,41,262,47*72
(Nov 24 2016 08:38:32,  847588 sec) GpsServices()        GPS services complete.
(Nov 24 2016 08:38:56,  847612 sec) CLogin()             Connecting to primary host.
(Nov 24 2016 08:39:09,  847625 sec) CLogin()             Connection 1 established in 13 seconds.
(Nov 24 2016 08:39:20,  847636 sec) login()              Login successful.
(Nov 24 2016 08:39:26,  847642 sec) CLogin()             Logged in to host.  [Login required 17 seconds]
(Nov 24 2016 08:39:36,  847652 sec) RxConfig()           Downloading "mission.cfg" from host.
(Nov 24 2016 08:39:38,  847654 sec) Rx()                 Initiating transfer. [0x43]
(Nov 24 2016 08:39:42,  847658 sec) RxStartByte()        Sync errors encountered: 547
(Nov 24 2016 08:39:47,  847663 sec) Rx()                 Truncated packet received - retrying.
(Nov 24 2016 08:39:48,  847665 sec) RxStartByte()        Sync errors encountered: 659
(Nov 24 2016 08:39:51,  847667 sec) Rx()                 Truncated packet received - retrying.
(Nov 24 2016 08:39:52,  847668 sec) RxStartByte()        Sync errors encountered: 936
(Nov 24 2016 08:39:56,  847672 sec) Rx()                 Pad character [0x1a] found in ascii mode - truncating packet.
(Nov 24 2016 08:40:00,  847676 sec) Rx()                 Received EOT - transfer complete. [1 packets, 1024 bytes, 22 sec, 46.5 bps]
(Nov 24 2016 08:40:00,  847676 sec) RxConfig()           Download successful.
(Nov 24 2016 08:40:14,  847690 sec) WriteVitals()        Writing vitals to "9567.075.msg".
(Nov 24 2016 08:40:21,  847697 sec) UpLoadFile()         Uploading "9567.075.msg" to host as "9567.075.msg".
(Nov 24 2016 08:40:25,  847701 sec) Tx()                 CRC negotiation successful. [16-bit CRC]
(Nov 24 2016 08:40:31,  847708 sec) TxPacket()           NAK received - resending packet. [PktNum=0x01]
(Nov 24 2016 08:40:32,  847708 sec) TxPacket()           Packet xmit history: [01110001] (0:ok, 1:fail).
(Nov 24 2016 08:41:18,  847755 sec) TxPacket()           NAK received - resending packet. [PktNum=0x08]
(Nov 24 2016 08:41:19,  847755 sec) TxPacket()           Packet xmit history: [00000001] (0:ok, 1:fail).
(Nov 24 2016 08:41:50,  847787 sec) TxPacket()           NAK received - resending packet. [PktNum=0x0b]
(Nov 24 2016 08:41:51,  847787 sec) TxPacket()           Packet xmit history: [00010001] (0:ok, 1:fail).
(Nov 24 2016 08:42:09,  847806 sec) TxPacket()           NAK received - resending packet. [PktNum=0x0d]
(Nov 24 2016 08:42:10,  847806 sec) TxPacket()           Packet xmit history: [10001001] (0:ok, 1:fail).
(Nov 24 2016 08:42:54,  847851 sec) TxPacket()           NAK received - resending packet. [PktNum=0x13]
(Nov 24 2016 08:42:55,  847851 sec) TxPacket()           Packet xmit history: [10000001] (0:ok, 1:fail).
(Nov 24 2016 08:43:08,  847864 sec) TxPacket()           NAK received - resending packet. [PktNum=0x14]
(Nov 24 2016 08:43:08,  847864 sec) TxPacket()           Packet xmit history: [00000101] (0:ok, 1:fail).
(Nov 24 2016 08:43:28,  847885 sec) TxPacket()           NAK received - resending packet. [PktNum=0x15]
(Nov 24 2016 08:43:29,  847885 sec) TxPacket()           Packet xmit history: [00010101] (0:ok, 1:fail).
(Nov 24 2016 08:43:59,  847915 sec) Tx()                 Transmission completed successfully [24 packets, 23171 bytes, 213 sec, 111.2 bps]
(Nov 24 2016 08:43:59,  847915 sec) UpLoadFile()         Upload successful.
(Nov 24 2016 08:44:10,  847926 sec) UpLoadFile()         Uploading "9567.075.log" to host as "9567.075.log".
(Nov 24 2016 08:44:20,  847936 sec) Tx()                 CRC negotiation successful. [16-bit CRC]
(Nov 24 2016 08:45:33,  848010 sec) TxPacket()           NAK received - resending packet. [PktNum=0x0d]
(Nov 24 2016 08:45:34,  848010 sec) TxPacket()           Packet xmit history: [00000001] (0:ok, 1:fail).
(Nov 24 2016 08:46:19,  848056 sec) TxPacket()           NAK received - resending packet. [PktNum=0x0e]
(Nov 24 2016 08:46:20,  848056 sec) TxPacket()           Packet xmit history: [00000101] (0:ok, 1:fail).
(Nov 24 2016 08:47:17,  848114 sec) TxPacket()           NAK received - resending packet. [PktNum=0x17]
(Nov 24 2016 08:47:18,  848114 sec) TxPacket()           Packet xmit history: [00000001] (0:ok, 1:fail).
(Nov 24 2016 08:47:21,  848118 sec) TxPacket()           NAK received - resending packet. [PktNum=0x17]
(Nov 24 2016 08:47:22,  848118 sec) TxPacket()           Packet xmit history: [00000011] (0:ok, 1:fail).
(Nov 24 2016 08:47:26,  848123 sec) TxPacket()           NAK received - resending packet. [PktNum=0x17]
(Nov 24 2016 08:47:27,  848123 sec) TxPacket()           Packet xmit history: [00000111] (0:ok, 1:fail).
(Nov 24 2016 08:47:45,  848142 sec) Tx()                 Transmission completed successfully [25 packets, 24979 bytes, 204 sec, 125.5 bps]
(Nov 24 2016 08:47:46,  848142 sec) UpLoadFile()         Upload successful.
(Nov 24 2016 08:47:52,  848148 sec) UpLoad()             Files successfully uploaded: 2
(Nov 24 2016 08:47:52,  848148 sec) UpLoad()             Upload complete.
(Nov 24 2016 08:47:57,  848153 sec) chat()               Expected string [cmd>] not received.
(Nov 24 2016 08:47:57,  848153 sec) logout()             Can't get command prompt.
(Nov 24 2016 08:48:02,  848158 sec) chat()               Expected string [logout] not received.
(Nov 24 2016 08:48:02,  848158 sec) logout()             Attempt to log-out failed.
(Nov 24 2016 08:48:07,  848163 sec) chat()               Expected string [cmd>] not received.
(Nov 24 2016 08:48:07,  848163 sec) logout()             Can't get command prompt.
(Nov 24 2016 08:48:12,  848168 sec) chat()               Expected string [logout] not received.
(Nov 24 2016 08:48:12,  848168 sec) logout()             Attempt to log-out failed.
(Nov 24 2016 08:48:12,  848168 sec) logout()             No carrier detected.
(Nov 24 2016 08:48:12,  848168 sec) Telemetry()          Telemetry cycle complete: PrfId=75 ConnectionAttempts=1  Connections=1
(Nov 24 2016 08:48:12,  848168 sec) TelemetryTerminate() Parsing new mission configuration.
(Nov 24 2016 08:48:14,  848170 sec) configure()          Parsing configurators in "mission.cfg".
(Nov 24 2016 08:48:18,  848174 sec) configure()             TelemetryRetry(15)      [0x7BBC] [TelemetryRetry(15)].
(Nov 24 2016 08:48:18,  848174 sec) configure()          Configuration CRCs and syntax OK.
(Nov 24 2016 08:48:18,  848174 sec) ConfigSupervisor()   Sanity check violated: cfg->PressureCP >= 750
(Nov 24 2016 08:48:18,  848174 sec) ConfigSupervisor()   Configuration accepted.
(Nov 24 2016 08:48:18,  848174 sec) TelemetryTerminate() Reconditioning the file system.
(Nov 24 2016 08:48:28,       7 sec) DescentInit()        Deep profile 76 initiated at mission-time 848177sec.
(Nov 24 2016 08:48:30,      10 sec) DescentInit()        Surface pressure: -0.2dbars.
(Nov 24 2016 08:48:35,      15 sec) PistonMoveAbsWTO()    200->054 199 198 197 196 195 194 193 192 191 190 189 188 187 186 185 184 183 182 181 180 179 178 177 176 175 174 173 172 171 170 169 168 167 166 165 164 163 162 161 160 159 158 157 156 155 154 153 152 151 150 149 148 147 146 145 144 143 142 141 140 139 138 137 136 135 134 133 132 131 130 129 128 127 126 125 124 123 122 121 120 119 118 117 116 115 114 113 112 111 110 109 108 107 106 105 104 103 102 101 100 099 098 097 096 095 094 093 092 091 090 089 088 087 086 085 084 083 082 081 080 079 078 077 076 075 074 073 072 071 070 069 068 067 066 065 064 063 062 061 060 059 058 057 056 055 054 [739sec, 14.3Volts, 0.161Amps, CPT:739sec]
(Nov 24 2016 09:00:55,     755 sec) PistonMoveAbsWTO()    054->000 053 052 051 050 049 048 047 046 045 044 043 042 041 040 039 038 037 036 035 034 033 032 031 030 029 028 027 026 025 024 023 022 021 020 019 018 017 016 015 014 013 012 011 010 009 [227sec, 14.3Volts, 0.153Amps, CPT:966sec]
(Nov 24 2016 09:04:52,     992 sec) Descent()            Pressure: 92.6
(Nov 24 2016 09:48:24,    3604 sec) Descent()            Pressure: 403.1
(Nov 24 2016 10:48:24,    7204 sec) Descent()            Pressure: 886.9
(Nov 24 2016 10:48:25,    7204 sec) PistonMoveAbsWTO()    009->054 010 011 012 013 014 015 016 017 018 019 020 021 022 023 024 025 026 027 028 029 030 031 032 033 034 035 036 037 038 039 040 041 042 043 044 045 046 047 048 049 050 051 052 053 054 [261sec, 13.4Volts, 0.431Amps, CPT:1227sec]
(Nov 24 2016 11:48:24,   10804 sec) Descent()            Pressure: 852.3
(Nov 24 2016 12:48:24,   14404 sec) Descent()            Pressure: 863.5
(Nov 24 2016 13:48:24,   18004 sec) Descent()            Pressure: 872.6
(Nov 24 2016 13:48:25,   18004 sec) ParkInit()           
(Nov 24 2016 15:48:54,   25233 sec) Park()               ParkPOutOfBand[-3, 895.4 dbars]: retract piston.
(Nov 24 2016 15:48:54,   25234 sec) PistonMoveAbsWTO()    054->053 053 [2sec, 13.9Volts, 0.109Amps, CPT:1229sec]
(Nov 24 2016 18:48:54,   36033 sec) Park()               ParkPOutOfBand[-3, 928.2 dbars]: retract piston.
(Nov 24 2016 18:48:54,   36034 sec) PistonMoveAbsWTO()    053->052 052 [5sec, 13.9Volts, 0.101Amps, CPT:1234sec]
(Nov 24 2016 21:48:54,   46833 sec) Park()               ParkPOutOfBand[-3, 980.4 dbars]: retract piston.
(Nov 24 2016 21:48:54,   46834 sec) PistonMoveAbsWTO()    052->051 051 [4sec, 14.0Volts, 0.081Amps, CPT:1238sec]
(Nov 25 2016 00:48:54,   57633 sec) Park()               ParkPOutOfBand[3, 1022.3 dbars]: extend piston.
(Nov 25 2016 00:48:54,   57634 sec) PistonMoveAbsWTO()    051->052 052 [1sec, 13.8Volts, 0.463Amps, CPT:1239sec]
(Nov 25 2016 03:48:54,   68433 sec) Park()               ParkPOutOfBand[3, 1023.2 dbars]: extend piston.
(Nov 25 2016 03:48:54,   68434 sec) PistonMoveAbsWTO()    052->053 053 [6sec, 13.2Volts, 0.479Amps, CPT:1245sec]
(Nov 26 2016 01:48:54,  147633 sec) Park()               ParkPOutOfBand[3, 1016.0 dbars]: extend piston.
(Nov 26 2016 01:48:55,  147634 sec) PistonMoveAbsWTO()    053->054 054 [7sec, 12.8Volts, 0.484Amps, CPT:1252sec]
(Nov 26 2016 04:48:54,  158433 sec) Park()               ParkPOutOfBand[-3, 989.2 dbars]: retract piston.
(Nov 26 2016 04:48:55,  158434 sec) PistonMoveAbsWTO()    054->053 053 [2sec, 13.8Volts, 0.101Amps, CPT:1254sec]
(Nov 27 2016 15:48:54,  284434 sec) Park()               ParkPOutOfBand[3, 1010.5 dbars]: extend piston.
(Nov 27 2016 15:48:55,  284434 sec) PistonMoveAbsWTO()    053->054 054 [3sec, 13.3Volts, 0.463Amps, CPT:1257sec]
(Dec 02 2016 12:48:57,  705637 sec) Park()               ParkPOutOfBand[3, 1012.1 dbars]: extend piston.
(Dec 02 2016 12:48:58,  705637 sec) PistonMoveAbsWTO()    054->055 055 [7sec, 12.5Volts, 0.463Amps, CPT:1264sec]
(Dec 02 2016 15:48:57,  716437 sec) Park()               ParkPOutOfBand[-3, 986.5 dbars]: retract piston.
(Dec 02 2016 15:48:58,  716437 sec) PistonMoveAbsWTO()    055->054 054 [2sec, 13.9Volts, 0.085Amps, CPT:1266sec]
(Dec 02 2016 21:48:59,  738038 sec) Park()               ParkPOutOfBand[-3, 987.7 dbars]: retract piston.
(Dec 02 2016 21:48:59,  738039 sec) PistonMoveAbsWTO()    054->053 053 [5sec, 13.8Volts, 0.101Amps, CPT:1271sec]
(Dec 03 2016 00:48:59,  748838 sec) Park()               ParkPOutOfBand[3, 1017.3 dbars]: extend piston.
(Dec 03 2016 00:48:59,  748839 sec) PistonMoveAbsWTO()    053->054 054 [2sec, 13.3Volts, 0.479Amps, CPT:1273sec]
(Dec 03 2016 05:48:59,  766838 sec) Park()               ParkPOutOfBand[3, 1011.4 dbars]: extend piston.
(Dec 03 2016 05:48:59,  766839 sec) PistonMoveAbsWTO()    054->055 055 [6sec, 12.6Volts, 0.488Amps, CPT:1279sec]
(Dec 03 2016 08:48:59,  777638 sec) Park()               ParkPOutOfBand[-3, 982.1 dbars]: retract piston.
(Dec 03 2016 08:48:59,  777639 sec) PistonMoveAbsWTO()    055->054 054 [2sec, 13.9Volts, 0.093Amps, CPT:1281sec]
(Dec 03 2016 16:48:46,  806425 sec) CtdPower()           [  996.10,  7.0491, 34.9537]
(Dec 03 2016 16:48:46,  806425 sec) CtdPower()           CTD Power consumption [178VCnt 11ACnt]: 13.798Volts * 0.044Amps = 0.61Watts.
(Dec 03 2016 16:48:46,  806426 sec) ParkTerminate()      Piston Position:54 Vacuum:80 Vq:196 Aq:6 Vsbe:178 Asbe:11
(Dec 03 2016 16:49:14,  806453 sec) ParkTerminate()      PTS: 996.2dbars 7.0493C 34.9537PSU
(Dec 03 2016 16:49:14,  806454 sec) GoDeepInit()         Moving piston.
(Dec 03 2016 16:49:14,  806454 sec) PistonMoveAbsWTO()    054->015 053 052 051 050 049 048 047 046 045 044 043 042 041 040 039 038 037 036 035 034 033 032 031 030 029 028 027 026 025 024 023 022 021 020 019 018 017 016 015 [202sec, 13.8Volts, 0.093Amps, CPT:1483sec]
(Dec 03 2016 20:33:24,  819904 sec) GoDeep()             Sequence point detected at 2001.4dbar.
(Dec 03 2016 20:33:27,  819906 sec) ProfileInit()        PrfId:076  Pressure:2001.4dbar  pTable[0]:2000dbar
(Dec 03 2016 20:33:38,  819917 sec) PistonMoveAbsWTO()    015->037 016 017 018 019 020 [30sec, 12.4Volts, 0.794Amps, CPT:1513sec]
(Dec 03 2016 20:34:18,  819957 sec) PistonMoveAbsWTO()    020->037 021 022 023 024 [30sec, 12.6Volts, 0.810Amps, CPT:1543sec]
(Dec 03 2016 20:35:25,  820024 sec) Profile()            Sample 0 initiated at 2000.4dbars for bin 0 [2000dbars].  PTS: 1998.8dbars 2.7874C 34.7851PSU
(Dec 03 2016 20:35:25,  820025 sec) PistonMoveAbsWTO()    024->037 025 026 027 028 [30sec, 12.5Volts, 0.806Amps, CPT:1573sec]
(Dec 03 2016 20:36:06,  820065 sec) PistonMoveAbsWTO()    028->037 029 030 031 032 [30sec, 12.2Volts, 0.806Amps, CPT:1603sec]
(Dec 03 2016 20:36:46,  820105 sec) PistonMoveAbsWTO()    032->037 033 034 035 036 [30sec, 12.2Volts, 0.786Amps, CPT:1633sec]
(Dec 03 2016 20:37:26,  820145 sec) PistonMoveAbsWTO()    036->037 037 [2sec, 12.8Volts, 0.774Amps, CPT:1635sec]
(Dec 03 2016 20:51:17,  820976 sec) Profile()            Sample 1 initiated at 1900.4dbars for bin 1 [1900dbars].  PTS: 1897.7dbars 3.0493C 34.7959PSU
(Dec 03 2016 21:08:11,  821990 sec) Profile()            Sample 2 initiated at 1801.0dbars for bin 2 [1800dbars].  PTS: 1798.8dbars 3.3225C 34.8074PSU
(Dec 03 2016 21:18:38,  822617 sec) AscentControlAgent() Bouyancy nudge to 47 (v=0.079dbar/sec).
(Dec 03 2016 21:18:38,  822618 sec) PistonMoveAbsWTO()    037->047 038 039 040 041 [30sec, 13.0Volts, 0.705Amps, CPT:1665sec]
(Dec 03 2016 21:19:19,  822658 sec) PistonMoveAbsWTO()    041->047 042 043 044 045 046 [30sec, 12.8Volts, 0.701Amps, CPT:1695sec]
(Dec 03 2016 21:19:59,  822698 sec) PistonMoveAbsWTO()    046->047 047 [7sec, 12.8Volts, 0.693Amps, CPT:1702sec]
(Dec 03 2016 21:26:26,  823085 sec) Profile()            Sample 3 initiated at 1700.0dbars for bin 3 [1700dbars].  PTS: 1697.3dbars 3.7139C 34.8232PSU
(Dec 03 2016 21:41:50,  824009 sec) Profile()            Sample 4 initiated at 1600.9dbars for bin 4 [1600dbars].  PTS: 1598.3dbars 4.1575C 34.8419PSU
(Dec 03 2016 21:59:36,  825075 sec) Profile()            Sample 5 initiated at 1500.3dbars for bin 5 [1500dbars].  PTS: 1498.2dbars 4.5144C 34.8565PSU
(Dec 03 2016 22:08:51,  825630 sec) AscentControlAgent() Bouyancy nudge to 57 (v=0.074dbar/sec).
(Dec 03 2016 22:08:51,  825631 sec) PistonMoveAbsWTO()    047->057 048 049 050 051 052 [30sec, 13.2Volts, 0.612Amps, CPT:1732sec]
(Dec 03 2016 22:09:32,  825671 sec) PistonMoveAbsWTO()    052->057 053 054 055 056 [30sec, 13.0Volts, 0.608Amps, CPT:1762sec]
(Dec 03 2016 22:10:12,  825711 sec) PistonMoveAbsWTO()    056->057 057 [2sec, 13.4Volts, 0.604Amps, CPT:1764sec]
(Dec 03 2016 22:18:03,  826182 sec) Profile()            Sample 6 initiated at 1401.0dbars for bin 6 [1400dbars].  PTS: 1398.4dbars 4.9829C 34.8738PSU
(Dec 03 2016 22:26:15,  826674 sec) Profile()            Sample 7 initiated at 1350.9dbars for bin 7 [1350dbars].  PTS: 1348.5dbars 5.2214C 34.8831PSU
(Dec 03 2016 22:35:17,  827216 sec) Profile()            Sample 8 initiated at 1300.2dbars for bin 8 [1300dbars].  PTS: 1298.0dbars 5.3771C 34.8897PSU
(Dec 03 2016 22:45:19,  827818 sec) Profile()            Sample 9 initiated at 1250.7dbars for bin 9 [1250dbars].  PTS: 1248.7dbars 5.6341C 34.8994PSU
(Dec 03 2016 22:49:02,  828041 sec) AscentControlAgent() Bouyancy nudge to 67 (v=0.076dbar/sec).
(Dec 03 2016 22:49:02,  828042 sec) PistonMoveAbsWTO()    057->067 058 059 060 061 [30sec, 13.3Volts, 0.540Amps, CPT:1794sec]
(Dec 03 2016 22:49:43,  828082 sec) PistonMoveAbsWTO()    061->067 062 063 064 065 066 [30sec, 13.1Volts, 0.540Amps, CPT:1824sec]
(Dec 03 2016 22:50:23,  828122 sec) PistonMoveAbsWTO()    066->067 067 [3sec, 13.3Volts, 0.540Amps, CPT:1827sec]
(Dec 03 2016 22:54:23,  828362 sec) Profile()            Sample 10 initiated at 1200.7dbars for bin 10 [1200dbars].  PTS: 1197.9dbars 5.8643C 34.9082PSU
(Dec 03 2016 23:02:05,  828824 sec) Profile()            Sample 11 initiated at 1149.9dbars for bin 11 [1150dbars].  PTS: 1147.2dbars 6.0728C 34.9160PSU
(Dec 03 2016 23:09:45,  829284 sec) Profile()            Sample 12 initiated at 1100.0dbars for bin 12 [1100dbars].  PTS: 1097.4dbars 6.3196C 34.9253PSU
(Dec 03 2016 23:18:07,  829786 sec) Profile()            Sample 13 initiated at 1050.1dbars for bin 13 [1050dbars].  PTS: 1047.8dbars 6.6040C 34.9352PSU
(Dec 03 2016 23:27:49,  830368 sec) Profile()            Sample 14 initiated at 1000.8dbars for bin 14 [1000dbars].  PTS: 998.8dbars 6.8957C 34.9466PSU
(Dec 03 2016 23:34:54,  830793 sec) AscentControlAgent() Bouyancy nudge to 77 (v=0.078dbar/sec).
(Dec 03 2016 23:34:54,  830794 sec) PistonMoveAbsWTO()    067->077 068 069 070 071 072 [30sec, 13.5Volts, 0.459Amps, CPT:1857sec]
(Dec 03 2016 23:35:35,  830834 sec) PistonMoveAbsWTO()    072->077 073 074 075 076 077 [29sec, 13.3Volts, 0.459Amps, CPT:1886sec]
(Dec 03 2016 23:37:51,  830970 sec) Profile()            Sample 15 initiated at 950.0dbars for bin 15 [950dbars].  PTS: 947.2dbars 7.1855C 34.9585PSU
(Dec 03 2016 23:45:11,  831410 sec) Profile()            Sample 16 initiated at 900.0dbars for bin 16 [900dbars].  PTS: 897.1dbars 7.4885C 34.9683PSU
(Dec 03 2016 23:52:23,  831842 sec) Profile()            Sample 17 initiated at 850.4dbars for bin 17 [850dbars].  PTS: 847.6dbars 7.7675C 34.9762PSU
(Dec 03 2016 23:59:53,  832292 sec) Profile()            Sample 18 initiated at 800.9dbars for bin 18 [800dbars].  PTS: 798.3dbars 8.0258C 34.9850PSU
(Dec 04 2016 00:08:05,  832784 sec) Profile()            Sample 19 initiated at 751.0dbars for bin 19 [750dbars].  PTS: 748.7dbars 8.3136C 34.9933PSU
(Dec 04 2016 00:17:27,  833346 sec) Profile()            Sample 20 initiated at 700.2dbars for bin 20 [700dbars].  PTS: 698.0dbars 8.6591C 35.0024PSU
(Dec 04 2016 00:26:29,  833888 sec) Profile()            Sample 21 initiated at 650.2dbars for bin 21 [650dbars].  PTS: 647.8dbars 9.0787C 35.0134PSU
(Dec 04 2016 00:34:49,  834388 sec) Profile()            Sample 22 initiated at 600.3dbars for bin 22 [600dbars].  PTS: 597.7dbars 9.3841C 35.0207PSU
(Dec 04 2016 00:43:01,  834880 sec) Profile()            Sample 23 initiated at 550.1dbars for bin 23 [550dbars].  PTS: 547.6dbars 9.6514C 35.0267PSU
(Dec 04 2016 00:51:13,  835372 sec) Profile()            Sample 24 initiated at 500.9dbars for bin 24 [500dbars].  PTS: 498.4dbars 10.0617C 35.0347PSU
(Dec 04 2016 00:52:50,  835470 sec) Sbe41cpStartCP()     Continuous profile started.
(Dec 04 2016 01:43:51,  838530 sec) AscentControlAgent() Bouyancy nudge to 87 (v=0.077dbar/sec).
(Dec 04 2016 01:43:51,  838530 sec) PistonMoveAbsWTO()    077->087 078 079 080 081 082 [30sec, 13.9Volts, 0.218Amps, CPT:1916sec]
(Dec 04 2016 01:44:31,  838570 sec) PistonMoveAbsWTO()    082->087 083 084 085 086 087 [25sec, 13.8Volts, 0.210Amps, CPT:1941sec]
(Dec 04 2016 01:50:02,  838901 sec) AscentControlAgent() Bouyancy nudge to 97 (v=0.071dbar/sec).
(Dec 04 2016 01:50:02,  838901 sec) PistonMoveAbsWTO()    087->097 088 089 090 091 092 [30sec, 13.9Volts, 0.214Amps, CPT:1971sec]
(Dec 04 2016 01:50:42,  838941 sec) PistonMoveAbsWTO()    092->097 093 094 095 096 097 [24sec, 13.8Volts, 0.205Amps, CPT:1995sec]
(Dec 04 2016 01:56:12,  839271 sec) AscentControlAgent() Bouyancy nudge to 107 (v=0.057dbar/sec).
(Dec 04 2016 01:56:12,  839271 sec) PistonMoveAbsWTO()    097->107 098 099 100 101 102 [30sec, 14.0Volts, 0.205Amps, CPT:2025sec]
(Dec 04 2016 01:56:52,  839311 sec) PistonMoveAbsWTO()    102->107 103 104 105 106 107 [25sec, 13.9Volts, 0.210Amps, CPT:2050sec]
(Dec 04 2016 02:02:23,  839642 sec) AscentControlAgent() Bouyancy nudge to 117 (v=0.042dbar/sec).
(Dec 04 2016 02:02:23,  839642 sec) PistonMoveAbsWTO()    107->117 108 109 110 111 112 [30sec, 14.0Volts, 0.197Amps, CPT:2080sec]
(Dec 04 2016 02:03:03,  839682 sec) PistonMoveAbsWTO()    112->117 113 114 115 116 117 [25sec, 13.9Volts, 0.197Amps, CPT:2105sec]
(Dec 04 2016 02:08:34,  840013 sec) AscentControlAgent() Bouyancy nudge to 127 (v=0.026dbar/sec).
(Dec 04 2016 02:08:34,  840013 sec) PistonMoveAbsWTO()    117->127 118 119 120 121 122 [30sec, 14.0Volts, 0.197Amps, CPT:2135sec]
(Dec 04 2016 02:09:14,  840053 sec) PistonMoveAbsWTO()    122->127 123 124 125 126 127 [24sec, 14.0Volts, 0.197Amps, CPT:2159sec]
(Dec 04 2016 02:14:44,  840383 sec) AscentControlAgent() Bouyancy nudge to 137 (v=0.021dbar/sec).
(Dec 04 2016 02:14:44,  840383 sec) PistonMoveAbsWTO()    127->137 128 129 130 131 132 [30sec, 14.0Volts, 0.197Amps, CPT:2189sec]
(Dec 04 2016 02:15:24,  840423 sec) PistonMoveAbsWTO()    132->137 133 134 135 136 137 [24sec, 14.0Volts, 0.193Amps, CPT:2213sec]
(Dec 04 2016 02:20:54,  840753 sec) AscentControlAgent() Bouyancy nudge to 147 (v=0.014dbar/sec).
(Dec 04 2016 02:20:54,  840753 sec) PistonMoveAbsWTO()    137->147 138 139 140 141 142 [30sec, 14.0Volts, 0.197Amps, CPT:2243sec]
(Dec 04 2016 02:21:34,  840793 sec) PistonMoveAbsWTO()    142->147 143 144 145 146 147 [24sec, 14.0Volts, 0.193Amps, CPT:2267sec]
(Dec 04 2016 02:26:00,  841059 sec) AscentControlAgent() Bouyancy nudge to 157 (v=0.013dbar/sec).
(Dec 04 2016 02:26:00,  841059 sec) PistonMoveAbsWTO()    147->157 148 149 150 151 152 [30sec, 14.0Volts, 0.193Amps, CPT:2297sec]
(Dec 04 2016 02:26:40,  841099 sec) PistonMoveAbsWTO()    152->157 153 154 155 156 157 [23sec, 14.0Volts, 0.193Amps, CPT:2320sec]
(Dec 04 2016 02:31:05,  841364 sec) AscentControlAgent() Bouyancy nudge to 167 (v=0.016dbar/sec).
(Dec 04 2016 02:31:05,  841364 sec) PistonMoveAbsWTO()    157->167 158 159 160 161 162 [30sec, 14.0Volts, 0.189Amps, CPT:2350sec]
(Dec 04 2016 02:31:45,  841404 sec) PistonMoveAbsWTO()    162->167 163 164 165 166 167 [24sec, 14.0Volts, 0.189Amps, CPT:2374sec]
(Dec 04 2016 02:36:11,  841670 sec) AscentControlAgent() Bouyancy nudge to 177 (v=0.033dbar/sec).
(Dec 04 2016 02:36:11,  841670 sec) PistonMoveAbsWTO()    167->177 168 169 170 171 172 [30sec, 14.0Volts, 0.189Amps, CPT:2404sec]
(Dec 04 2016 02:36:51,  841710 sec) PistonMoveAbsWTO()    172->177 173 174 175 176 177 [23sec, 14.0Volts, 0.185Amps, CPT:2427sec]
(Dec 04 2016 02:41:16,  841975 sec) AscentControlAgent() Bouyancy nudge to 187 (v=0.068dbar/sec).
(Dec 04 2016 02:41:16,  841975 sec) PistonMoveAbsWTO()    177->187 178 179 [15sec, 14.1Volts, 0.185Amps, CPT:2442sec]
(Dec 04 2016 02:41:41,  842000 sec) PistonMoveAbsWTO()    179->187 180 181 182 [15sec, 14.1Volts, 0.181Amps, CPT:2457sec]
(Dec 04 2016 02:42:09,  842028 sec) SurfaceDetect()      SurfacePressure:-0.2dbars Pressure:2.8dbars PistonPosition:182
(Dec 04 2016 02:42:09,  842029 sec) Sbe41cpStopCP()      Continuous profile stopped.
(Dec 04 2016 02:42:16,  842035 sec) PistonMoveAbsWTO()    182->204 183 184 185 186 187 188 189 190 191 192 193 194 195 196 197 198 199 200 201 202 203 204 [110sec, 14.1Volts, 0.165Amps, CPT:2567sec]
(Dec 04 2016 02:44:17,  842156 sec) sbe41cp.c:chat()     Expected string [S>] not received.
(Dec 04 2016 02:46:07,  842266 sec) Sbe41cpBinAverage()  Finished averaging 6590 samples in 106 seconds.
(Dec 04 2016 02:46:12,  842271 sec) Sbe41cpUploadCP()    Sbe41cpSerNo[5994] NSample[6590] NBin[247]
(Dec 04 2016 02:46:53,  842312 sec) Sbe41cpUploadCP()    Continuous profile uploaded [247 lines].

<EOT>
