(Nov 03 2017 07:47:24,  847012 sec) TelemetryInit()      Profile 110. (Apf9i FwRev: 012811)
(Nov 03 2017 07:54:31,  847439 sec) AirSystem()          Battery [188cnt, 14.6V]  Current [82cnt, 33.0mA]  Barometer [128cnt, 7.1"Hg]  Run-Time [53s]
(Nov 03 2017 07:55:00,  847467 sec) GpsServices()        Replacing aged (98 days) almanac.
(Nov 03 2017 07:55:00,  847468 sec) UpLoadGpsAlmanac()   Pausing for 15 minutes to upload GPS almanac.
(Nov 03 2017 08:10:00,  848368 sec) UpLoadGpsAlmanac()   Pause complete.
(Nov 03 2017 08:10:00,  848368 sec) GpsServices()        New almanac acquired.
(Nov 03 2017 08:10:00,  848368 sec) GpsServices()        Initiating GPS fix acquisition.
(Nov 03 2017 08:10:34,  848401 sec) gga()                $GPGGA,080940,1229.8525,N,08719.5071,E,1,10,0.7,0.9,M,-75.0,M,,*61
(Nov 03 2017 08:10:34,  848402 sec) GpsServices()        Profile 110 GPS fix obtained in 34 seconds.
(Nov 03 2017 08:10:34,  848402 sec) GpsServices()                  lon     lat mm/dd/yyyy hhmmss nsat
(Nov 03 2017 08:10:34,  848402 sec) GpsServices()        Fix:   87.325  12.498 11/03/2017 080940   10
(Nov 03 2017 08:11:04,  848431 sec) gga()                $GPGGA,081010,1229.8561,N,08719.5080,E,1,10,0.7,1.6,M,-75.0,M,,*6C
(Nov 03 2017 08:11:09,  848437 sec) gga()                $GPGGA,081040,1229.8620,N,08719.5094,E,1,06,0.9,-0.0,M,-75.0,M,,*49
(Nov 03 2017 08:11:10,  848437 sec) GpsServices()        APF9 RTC skew (30s) OK.
(Nov 03 2017 08:11:10,  848437 sec) LogNmeaSentences()   27,14,302,44,32,41,257,47,14,28,241,00*7C
(Nov 03 2017 08:11:10,  848438 sec) LogNmeaSentences()   $GPGSV,3,3,12,18,39,000,00,21,78,025,00,24,40,066,00,29,17,172,00*79
(Nov 03 2017 08:11:19,  848447 sec) LogNmeaSentences()   $GPRMC,081050,A,1229.8640,N,08719.5101,E,000.8,099.3,031117,001.4,W*63
(Nov 03 2017 08:11:20,  848447 sec) LogNmeaSentences()   $GPGGA,081050,1229.8640,N,08719.5101,E,1,10,0.7,-1.7,M,-75.0,M,,*4C
(Nov 03 2017 08:11:20,  848448 sec) LogNmeaSentences()   $GPGSA,A,3,10,,14,15,18,20,21,25,27,29,32,,1.1,0.7,0.8*3D
(Nov 03 2017 08:11:20,  848448 sec) LogNmeaSentences()   $GPGSV,3,1,12,10,26,325,43,12,01,122,29,14,29,241,42,15,10,039,42*70
(Nov 03 2017 08:11:21,  848449 sec) LogNmeaSentences()   $GPGSV,3,2,12,18,39,000,44,20,20,072,41,21,79,027,45,25,09,156,39*77
(Nov 03 2017 08:11:21,  848449 sec) LogNmeaSentences()   $GPGSV,3,3,12,27,14,302,43,29,17,172,43,32,42,257,47,24,40,066,00*74
(Nov 03 2017 08:11:29,  848457 sec) LogNmeaSentences()   $GPRMC,081100,A,1229.8651,N,08719.5106,E,001.4,000.4,031117,001.4,W*6A
(Nov 03 2017 08:11:30,  848457 sec) LogNmeaSentences()   $GPGGA,081100,1229.8651,N,08719.5106,E,1,10,0.7,-1.3,M,-75.0,M,,*4B
(Nov 03 2017 08:11:30,  848458 sec) LogNmeaSentences()   $GPGSA,A,3,10,,14,15,18,20,21,25,27,29,32,,1.1,0.7,0.8*3D
(Nov 03 2017 08:11:30,  848458 sec) LogNmeaSentences()   $GPGSV,3,1,12,10,26,325,45,12,01,122,20,14,29,241,43,15,10,039,44*78
(Nov 03 2017 08:11:31,  848459 sec) LogNmeaSentences()   $GPGSV,3,2,12,18,39,000,46,20,20,072,41,21,79,027,45,25,09,156,35*79
(Nov 03 2017 08:11:31,  848459 sec) LogNmeaSentences()   $GPGSV,3,3,12,27,14,302,41,29,17,172,42,32,42,257,46,24,40,066,00*76
(Nov 03 2017 08:11:32,  848459 sec) LogNmeaSentences()   $PGRMT,GPS 15x-L software ver. 3.80,,,,,,,,*7C
(Nov 03 2017 08:11:39,  848467 sec) LogNmeaSentences()   $GPRMC,081110,A,1229.8674,N,08719.5096,E,000.8,298.1,031117,001.4,W*6F
(Nov 03 2017 08:11:40,  848467 sec) LogNmeaSentences()   $GPGGA,081110,1229.8674,N,08719.5096,E,1,10,0.8,-1.9,M,-75.0,M,,*40
(Nov 03 2017 08:11:40,  848468 sec) LogNmeaSentences()   $GPGSA,A,3,10,,14,15,18,20,21,25,27,29,32,,1.6,0.8,1.4*38
(Nov 03 2017 08:11:40,  848468 sec) LogNmeaSentences()   $GPGSV,3,1,12,10,26,325,43,12,01,122,29,14,29,241,43,15,10,039,38*7C
(Nov 03 2017 08:11:41,  848468 sec) GpsServices()        GPS services complete.
(Nov 03 2017 08:12:05,  848493 sec) CLogin()             Connecting to primary host.
(Nov 03 2017 08:12:17,  848505 sec) CLogin()             Connection 1 established in 12 seconds.
(Nov 03 2017 08:12:55,  848542 sec) expect()             Attempt to read prompt string [Last login:] failed.
(Nov 03 2017 08:12:55,  848542 sec) login()              Login failed.
(Nov 03 2017 08:13:25,  848572 sec) expect()             Attempt to read prompt string [login:] failed.
(Nov 03 2017 08:13:25,  848572 sec) login()              Login prompt not received.
(Nov 03 2017 08:13:25,  848572 sec) login()              No carrier detected.
(Nov 03 2017 08:13:25,  848573 sec) CLogin()             Attempt to login to host failed.
(Nov 03 2017 08:13:25,  848573 sec) DownLoadMissionCfg() Connect/login failed.  Mission configuration not downloaded from remote host.
(Nov 03 2017 08:13:30,  848578 sec) CLogin()             Connecting to primary host.
(Nov 03 2017 08:14:32,  848639 sec) chat()               Expected string [CONNECT] not received.
(Nov 03 2017 08:14:32,  848639 sec) modem_connect()      Modem command [AT+CBST=71,0,1;DT0088160000573] failed.
(Nov 03 2017 08:15:33,  848700 sec) chat()               Expected string [CONNECT] not received.
(Nov 03 2017 08:15:33,  848700 sec) modem_connect()      Modem command [AT+CBST=71,0,1;DT0088160000573] failed.
(Nov 03 2017 08:15:33,  848700 sec) connect()            Aborted after 2 failed attempts.
(Nov 03 2017 08:15:33,  848701 sec) CLogin()             Attempt to connect to primary host failed after 2 tries.  Connecting to alternate host.
(Nov 03 2017 08:16:34,  848761 sec) chat()               Expected string [CONNECT] not received.
(Nov 03 2017 08:16:34,  848761 sec) modem_connect()      Modem command [AT+CBST=7,0,1;DT0013016366303] failed.
(Nov 03 2017 08:17:35,  848822 sec) chat()               Expected string [CONNECT] not received.
(Nov 03 2017 08:17:35,  848822 sec) modem_connect()      Modem command [AT+CBST=7,0,1;DT0013016366303] failed.
(Nov 03 2017 08:17:35,  848822 sec) connect()            Aborted after 2 failed attempts.
(Nov 03 2017 08:17:35,  848823 sec) CLogin()             Attempt to connect to primary and alternate hosts failed - aborting.
(Nov 03 2017 08:17:35,  848823 sec) DownLoadMissionCfg() Connect/login failed.  Mission configuration not downloaded from remote host.
(Nov 03 2017 08:17:35,  848823 sec) DownLoadMissionCfg() Aborting download: Retry limit [2] exceeded.
(Nov 03 2017 08:17:35,  848823 sec) WriteVitals()        Writing vitals to "9567.110.msg".
(Nov 03 2017 08:17:38,  848826 sec) CLogin()             Connecting to primary host.
(Nov 03 2017 08:18:40,  848887 sec) chat()               Expected string [CONNECT] not received.
(Nov 03 2017 08:18:40,  848887 sec) modem_connect()      Modem command [AT+CBST=71,0,1;DT0088160000573] failed.
(Nov 03 2017 08:19:41,  848948 sec) chat()               Expected string [CONNECT] not received.
(Nov 03 2017 08:19:41,  848948 sec) modem_connect()      Modem command [AT+CBST=71,0,1;DT0088160000573] failed.
(Nov 03 2017 08:19:41,  848948 sec) connect()            Aborted after 2 failed attempts.
(Nov 03 2017 08:19:41,  848949 sec) CLogin()             Attempt to connect to primary host failed after 2 tries.  Connecting to alternate host.
(Nov 03 2017 08:20:13,  848980 sec) CLogin()             Connection 2 established in 155 seconds.
(Nov 03 2017 08:20:43,  849010 sec) expect()             Attempt to read prompt string [login:] failed.
(Nov 03 2017 08:20:43,  849010 sec) login()              Login prompt not received.
(Nov 03 2017 08:21:13,  849040 sec) expect()             Attempt to read prompt string [login:] failed.
(Nov 03 2017 08:21:13,  849040 sec) login()              Login prompt not received.
(Nov 03 2017 08:21:13,  849040 sec) login()              No carrier detected.
(Nov 03 2017 08:21:13,  849041 sec) CLogin()             Attempt to login to host failed.
(Nov 03 2017 08:21:13,  849041 sec) CLogin()             Connecting to primary host.
(Nov 03 2017 08:21:30,  849057 sec) CLogin()             Connection 3 established in 17 seconds.
(Nov 03 2017 08:21:38,  849066 sec) login()              Login successful.
(Nov 03 2017 08:21:41,  849069 sec) CLogin()             Logged in to host.  [Login required 11 seconds]
(Nov 03 2017 08:21:46,  849074 sec) UpLoadFile()         Uploading "9567.110.msg" to host as "9567.110.msg".
(Nov 03 2017 08:21:48,  849076 sec) Tx()                 CRC negotiation successful. [16-bit CRC]
(Nov 03 2017 08:22:01,  849089 sec) TxPacket()           NAK received - resending packet. [PktNum=0x02]
(Nov 03 2017 08:22:01,  849089 sec) TxPacket()           Packet xmit history: [11100001] (0:ok, 1:fail).
(Nov 03 2017 08:22:12,  849100 sec) TxPacket()           NAK received - resending packet. [PktNum=0x03]
(Nov 03 2017 08:22:12,  849100 sec) TxPacket()           Packet xmit history: [10000101] (0:ok, 1:fail).
(Nov 03 2017 08:22:30,  849118 sec) TxPacket()           NAK received - resending packet. [PktNum=0x04]
(Nov 03 2017 08:22:30,  849118 sec) TxPacket()           Packet xmit history: [00010101] (0:ok, 1:fail).
(Nov 03 2017 08:22:53,  849141 sec) TxPacket()           NAK received - resending packet. [PktNum=0x07]
(Nov 03 2017 08:22:54,  849141 sec) TxPacket()           Packet xmit history: [01010001] (0:ok, 1:fail).
(Nov 03 2017 08:23:08,  849156 sec) TxPacket()           NAK received - resending packet. [PktNum=0x09]
(Nov 03 2017 08:23:08,  849156 sec) TxPacket()           Packet xmit history: [10001001] (0:ok, 1:fail).
(Nov 03 2017 08:23:14,  849162 sec) TxPacket()           NAK received - resending packet. [PktNum=0x09]
(Nov 03 2017 08:23:14,  849162 sec) TxPacket()           Packet xmit history: [00010011] (0:ok, 1:fail).
(Nov 03 2017 08:23:34,  849182 sec) TxPacket()           NAK received - resending packet. [PktNum=0x0c]
(Nov 03 2017 08:23:35,  849182 sec) TxPacket()           Packet xmit history: [00110001] (0:ok, 1:fail).
(Nov 03 2017 08:23:40,  849188 sec) TxPacket()           NAK received - resending packet. [PktNum=0x0c]
(Nov 03 2017 08:23:40,  849188 sec) TxPacket()           Packet xmit history: [01100011] (0:ok, 1:fail).
(Nov 03 2017 08:23:45,  849193 sec) TxPacket()           NAK received - resending packet. [PktNum=0x0c]
(Nov 03 2017 08:23:45,  849193 sec) TxPacket()           Packet xmit history: [11000111] (0:ok, 1:fail).
(Nov 03 2017 08:25:01,  849269 sec) Tx()                 Transmission completed successfully [24 packets, 23169 bytes, 192 sec, 123.3 bps]
(Nov 03 2017 08:25:02,  849269 sec) UpLoadFile()         Upload successful.
(Nov 03 2017 08:25:12,  849280 sec) UpLoadFile()         Uploading "9567.110.log" to host as "9567.110.log".
(Nov 03 2017 08:25:16,  849283 sec) Tx()                 CRC negotiation successful. [16-bit CRC]
(Nov 03 2017 08:25:52,  849320 sec) TxPacket()           NAK received - resending packet. [PktNum=0x07]
(Nov 03 2017 08:25:52,  849320 sec) TxPacket()           Packet xmit history: [00000001] (0:ok, 1:fail).
(Nov 03 2017 08:26:39,  849367 sec) TxPacket()           NAK received - resending packet. [PktNum=0x0f]
(Nov 03 2017 08:26:39,  849367 sec) TxPacket()           Packet xmit history: [00000001] (0:ok, 1:fail).
(Nov 03 2017 08:27:01,  849389 sec) TxPacket()           NAK received - resending packet. [PktNum=0x12]
(Nov 03 2017 08:27:02,  849389 sec) TxPacket()           Packet xmit history: [00010001] (0:ok, 1:fail).
(Nov 03 2017 08:27:12,  849400 sec) TxPacket()           NAK received - resending packet. [PktNum=0x13]
(Nov 03 2017 08:27:13,  849400 sec) TxPacket()           Packet xmit history: [01000101] (0:ok, 1:fail).
(Nov 03 2017 08:27:17,  849405 sec) TxPacket()           NAK received - resending packet. [PktNum=0x13]
(Nov 03 2017 08:27:17,  849405 sec) TxPacket()           Packet xmit history: [10001011] (0:ok, 1:fail).
(Nov 03 2017 08:27:38,  849426 sec) TxPacket()           NAK received - resending packet. [PktNum=0x16]
(Nov 03 2017 08:27:38,  849426 sec) TxPacket()           Packet xmit history: [10110001] (0:ok, 1:fail).
(Nov 03 2017 08:27:52,  849440 sec) Tx()                 Transmission completed successfully [23 packets, 23255 bytes, 155 sec, 151.9 bps]
(Nov 03 2017 08:27:53,  849440 sec) UpLoadFile()         Upload successful.
(Nov 03 2017 08:27:59,  849446 sec) UpLoad()             Files successfully uploaded: 2
(Nov 03 2017 08:27:59,  849446 sec) UpLoad()             Upload complete.
(Nov 03 2017 08:28:06,  849453 sec) chat()               Expected string [logout] not received.
(Nov 03 2017 08:28:06,  849453 sec) logout()             Attempt to log-out failed.
(Nov 03 2017 08:28:06,  849453 sec) logout()             No carrier detected.
(Nov 03 2017 08:28:06,  849454 sec) Telemetry()          Telemetry cycle complete: PrfId=110 ConnectionAttempts=3  Connections=3
(Nov 03 2017 08:28:06,  849454 sec) TelemetryTerminate() By-passing mission configuration.
(Nov 03 2017 08:28:06,  849454 sec) TelemetryTerminate() Reconditioning the file system.
(Nov 03 2017 08:28:16,       7 sec) DescentInit()        Deep profile 111 initiated at mission-time 849457sec.
(Nov 03 2017 08:28:19,      10 sec) DescentInit()        Surface pressure: -0.2dbars.
(Nov 03 2017 08:28:24,      15 sec) PistonMoveAbsWTO()    191->054 190 189 188 187 186 185 184 183 182 181 180 179 178 177 176 175 174 173 172 171 170 169 168 167 166 165 164 163 162 161 160 159 158 157 156 155 154 153 152 151 150 149 148 147 146 145 144 143 142 141 140 139 138 137 136 135 134 133 132 131 130 129 128 127 126 125 124 123 122 121 120 119 118 117 116 115 114 113 112 111 110 109 108 107 106 105 104 103 102 101 100 099 098 097 096 095 094 093 092 091 090 089 088 087 086 085 084 083 082 081 080 079 078 077 076 075 074 073 072 071 070 069 068 067 066 065 064 063 062 061 060 059 058 057 056 055 054 [691sec, 14.3Volts, 0.157Amps, CPT:691sec]
(Nov 03 2017 08:39:55,     706 sec) PistonMoveAbsWTO()    054->000 053 052 051 050 049 048 047 046 045 044 043 042 041 040 039 038 037 036 035 034 033 032 031 030 029 028 027 026 025 024 023 022 021 020 019 018 017 016 015 014 013 012 011 010 009 [227sec, 14.3Volts, 0.157Amps, CPT:918sec]
(Nov 03 2017 08:43:52,     943 sec) Descent()            Pressure: 75.2
(Nov 03 2017 09:28:13,    3604 sec) Descent()            Pressure: 391.1
(Nov 03 2017 10:28:13,    7204 sec) Descent()            Pressure: 886.1
(Nov 03 2017 10:28:13,    7204 sec) PistonMoveAbsWTO()    009->054 010 011 012 013 014 015 016 017 018 019 020 021 022 023 024 025 026 027 028 029 030 031 032 033 034 035 036 037 038 039 040 041 042 043 044 045 046 047 048 049 050 051 052 053 054 [257sec, 13.4Volts, 0.439Amps, CPT:1175sec]
(Nov 03 2017 11:28:13,   10804 sec) Descent()            Pressure: 893.0
(Nov 03 2017 12:28:13,   14404 sec) Descent()            Pressure: 911.8
(Nov 03 2017 13:28:13,   18004 sec) Descent()            Pressure: 928.0
(Nov 03 2017 13:28:13,   18004 sec) ParkInit()           
(Nov 03 2017 15:28:42,   25233 sec) Park()               ParkPOutOfBand[-3, 944.5 dbars]: retract piston.
(Nov 03 2017 15:28:43,   25234 sec) PistonMoveAbsWTO()    054->053 053 [1sec, 14.1Volts, 0.109Amps, CPT:1176sec]
(Nov 03 2017 18:28:42,   36033 sec) Park()               ParkPOutOfBand[-3, 976.1 dbars]: retract piston.
(Nov 03 2017 18:28:43,   36034 sec) PistonMoveAbsWTO()    053->052 052 [5sec, 14.1Volts, 0.093Amps, CPT:1181sec]
(Nov 03 2017 23:28:42,   54033 sec) Park()               ParkPOutOfBand[3, 1012.9 dbars]: extend piston.
(Nov 03 2017 23:28:43,   54034 sec) PistonMoveAbsWTO()    052->053 053 [2sec, 13.3Volts, 0.471Amps, CPT:1183sec]
(Nov 04 2017 04:28:42,   72033 sec) Park()               ParkPOutOfBand[3, 1017.5 dbars]: extend piston.
(Nov 04 2017 04:28:43,   72034 sec) PistonMoveAbsWTO()    053->054 054 [6sec, 13.3Volts, 0.484Amps, CPT:1189sec]
(Nov 06 2017 07:28:43,  255634 sec) Park()               ParkPOutOfBand[3, 1011.2 dbars]: extend piston.
(Nov 06 2017 07:28:43,  255634 sec) PistonMoveAbsWTO()    054->055 055 [7sec, 12.7Volts, 0.484Amps, CPT:1196sec]
(Nov 06 2017 12:28:43,  273634 sec) Park()               ParkPOutOfBand[-3, 986.6 dbars]: retract piston.
(Nov 06 2017 12:28:43,  273634 sec) PistonMoveAbsWTO()    055->054 054 [2sec, 13.9Volts, 0.085Amps, CPT:1198sec]
(Nov 12 2017 16:28:34,  806425 sec) CtdPower()           [ 1011.68,  6.6312, 34.9408]
(Nov 12 2017 16:28:34,  806425 sec) CtdPower()           CTD Power consumption [174VCnt 11ACnt]: 13.488Volts * 0.044Amps = 0.60Watts.
(Nov 12 2017 16:28:35,  806426 sec) ParkTerminate()      Piston Position:54 Vacuum:80 Vq:194 Aq:6 Vsbe:174 Asbe:11
(Nov 12 2017 16:29:02,  806453 sec) ParkTerminate()      PTS: 1011.6dbars 6.6314C 34.9407PSU
(Nov 12 2017 16:29:03,  806454 sec) GoDeepInit()         Moving piston.
(Nov 12 2017 16:29:03,  806454 sec) PistonMoveAbsWTO()    054->016 053 052 051 050 049 048 047 046 045 044 043 042 041 040 039 038 037 036 035 034 033 032 031 030 029 028 027 026 025 024 023 022 021 020 019 018 017 016 [196sec, 14.0Volts, 0.085Amps, CPT:1394sec]
(Nov 12 2017 20:18:13,  820204 sec) GoDeep()             Sequence point detected at 2001.5dbar.
(Nov 12 2017 20:18:16,  820206 sec) ProfileInit()        PrfId:111  Pressure:2001.6dbar  pTable[0]:2000dbar
(Nov 12 2017 20:18:26,  820217 sec) PistonMoveAbsWTO()    016->038 017 018 019 020 [30sec, 12.2Volts, 0.802Amps, CPT:1424sec]
(Nov 12 2017 20:19:06,  820257 sec) PistonMoveAbsWTO()    020->038 021 022 023 024 [30sec, 12.2Volts, 0.778Amps, CPT:1454sec]
(Nov 12 2017 20:20:13,  820324 sec) Profile()            Sample 0 initiated at 2000.7dbars for bin 0 [2000dbars].  PTS: 1999.2dbars 2.7144C 34.7858PSU
(Nov 12 2017 20:20:14,  820325 sec) PistonMoveAbsWTO()    024->038 025 026 027 028 029 [30sec, 12.2Volts, 0.794Amps, CPT:1484sec]
(Nov 12 2017 20:20:54,  820365 sec) PistonMoveAbsWTO()    029->038 030 031 032 033 [30sec, 11.9Volts, 0.810Amps, CPT:1514sec]
(Nov 12 2017 20:21:34,  820405 sec) PistonMoveAbsWTO()    033->038 034 035 036 037 [30sec, 11.8Volts, 0.798Amps, CPT:1544sec]
(Nov 12 2017 20:22:14,  820445 sec) PistonMoveAbsWTO()    037->038 038 [7sec, 11.7Volts, 0.794Amps, CPT:1551sec]
(Nov 12 2017 20:36:31,  821302 sec) Profile()            Sample 1 initiated at 1900.0dbars for bin 1 [1900dbars].  PTS: 1897.5dbars 2.9529C 34.7958PSU
(Nov 12 2017 20:53:55,  822346 sec) Profile()            Sample 2 initiated at 1800.2dbars for bin 2 [1800dbars].  PTS: 1798.0dbars 3.2143C 34.8071PSU
(Nov 12 2017 21:09:04,  823255 sec) AscentControlAgent() Bouyancy nudge to 48 (v=0.079dbar/sec).
(Nov 12 2017 21:09:05,  823256 sec) PistonMoveAbsWTO()    038->048 039 040 041 042 [30sec, 13.3Volts, 0.705Amps, CPT:1581sec]
(Nov 12 2017 21:09:45,  823296 sec) PistonMoveAbsWTO()    042->048 043 044 045 046 047 [30sec, 12.8Volts, 0.713Amps, CPT:1611sec]
(Nov 12 2017 21:10:25,  823336 sec) PistonMoveAbsWTO()    047->048 048 [7sec, 12.6Volts, 0.709Amps, CPT:1618sec]
(Nov 12 2017 21:13:00,  823491 sec) Profile()            Sample 3 initiated at 1700.7dbars for bin 3 [1700dbars].  PTS: 1698.0dbars 3.5437C 34.8212PSU
(Nov 12 2017 21:29:14,  824465 sec) Profile()            Sample 4 initiated at 1600.8dbars for bin 4 [1600dbars].  PTS: 1598.2dbars 4.0005C 34.8396PSU
(Nov 12 2017 21:46:10,  825481 sec) Profile()            Sample 5 initiated at 1501.0dbars for bin 5 [1500dbars].  PTS: 1498.6dbars 4.4334C 34.8567PSU
(Nov 12 2017 21:59:27,  826278 sec) AscentControlAgent() Bouyancy nudge to 58 (v=0.076dbar/sec).
(Nov 12 2017 21:59:28,  826279 sec) PistonMoveAbsWTO()    048->058 049 050 051 052 053 [30sec, 13.4Volts, 0.616Amps, CPT:1648sec]
(Nov 12 2017 22:00:08,  826319 sec) PistonMoveAbsWTO()    053->058 054 055 056 057 [30sec, 13.0Volts, 0.612Amps, CPT:1678sec]
(Nov 12 2017 22:00:48,  826359 sec) PistonMoveAbsWTO()    057->058 058 [1sec, 13.4Volts, 0.592Amps, CPT:1679sec]
(Nov 12 2017 22:05:08,  826619 sec) Profile()            Sample 6 initiated at 1400.3dbars for bin 6 [1400dbars].  PTS: 1397.8dbars 4.8282C 34.8717PSU
(Nov 12 2017 22:13:48,  827139 sec) Profile()            Sample 7 initiated at 1351.0dbars for bin 7 [1350dbars].  PTS: 1348.7dbars 5.0441C 34.8796PSU
(Nov 12 2017 22:23:10,  827701 sec) Profile()            Sample 8 initiated at 1300.9dbars for bin 8 [1300dbars].  PTS: 1298.7dbars 5.2704C 34.8887PSU
(Nov 12 2017 22:32:32,  828263 sec) Profile()            Sample 9 initiated at 1250.3dbars for bin 9 [1250dbars].  PTS: 1248.0dbars 5.4752C 34.8963PSU
(Nov 12 2017 22:42:14,  828845 sec) Profile()            Sample 10 initiated at 1201.0dbars for bin 10 [1200dbars].  PTS: 1199.0dbars 5.6639C 34.9033PSU
(Nov 12 2017 22:44:37,  828988 sec) AscentControlAgent() Bouyancy nudge to 68 (v=0.079dbar/sec).
(Nov 12 2017 22:44:38,  828989 sec) PistonMoveAbsWTO()    058->068 059 060 061 062 063 [30sec, 13.5Volts, 0.536Amps, CPT:1709sec]
(Nov 12 2017 22:45:18,  829029 sec) PistonMoveAbsWTO()    063->068 064 065 066 067 [30sec, 13.2Volts, 0.528Amps, CPT:1739sec]
(Nov 12 2017 22:45:58,  829069 sec) PistonMoveAbsWTO()    067->068 068 [1sec, 13.6Volts, 0.528Amps, CPT:1740sec]
(Nov 12 2017 22:50:58,  829369 sec) Profile()            Sample 11 initiated at 1150.6dbars for bin 11 [1150dbars].  PTS: 1148.0dbars 5.8905C 34.9112PSU
(Nov 12 2017 22:59:08,  829859 sec) Profile()            Sample 12 initiated at 1100.4dbars for bin 12 [1100dbars].  PTS: 1098.0dbars 6.1312C 34.9206PSU
(Nov 12 2017 23:08:00,  830391 sec) Profile()            Sample 13 initiated at 1050.3dbars for bin 13 [1050dbars].  PTS: 1048.0dbars 6.3950C 34.9312PSU
(Nov 12 2017 23:17:12,  830943 sec) Profile()            Sample 14 initiated at 1000.6dbars for bin 14 [1000dbars].  PTS: 998.4dbars 6.6511C 34.9410PSU
(Nov 12 2017 23:26:44,  831515 sec) Profile()            Sample 15 initiated at 950.5dbars for bin 15 [950dbars].  PTS: 948.4dbars 6.9249C 34.9516PSU
(Nov 12 2017 23:36:46,  832117 sec) Profile()            Sample 16 initiated at 900.5dbars for bin 16 [900dbars].  PTS: 898.5dbars 7.1931C 34.9606PSU
(Nov 12 2017 23:44:51,  832602 sec) AscentControlAgent() Bouyancy nudge to 78 (v=0.078dbar/sec).
(Nov 12 2017 23:44:52,  832603 sec) PistonMoveAbsWTO()    068->078 069 070 071 072 073 [30sec, 13.7Volts, 0.431Amps, CPT:1770sec]
(Nov 12 2017 23:45:32,  832643 sec) PistonMoveAbsWTO()    073->078 074 075 076 077 078 [28sec, 13.4Volts, 0.431Amps, CPT:1798sec]
(Nov 12 2017 23:46:57,  832728 sec) Profile()            Sample 17 initiated at 850.6dbars for bin 17 [850dbars].  PTS: 847.8dbars 7.4894C 34.9717PSU
(Nov 12 2017 23:54:37,  833188 sec) Profile()            Sample 18 initiated at 800.0dbars for bin 18 [800dbars].  PTS: 797.3dbars 7.7686C 34.9812PSU
(Nov 13 2017 00:02:19,  833650 sec) Profile()            Sample 19 initiated at 750.9dbars for bin 19 [750dbars].  PTS: 748.2dbars 8.1327C 34.9930PSU
(Nov 13 2017 00:10:09,  834120 sec) Profile()            Sample 20 initiated at 700.3dbars for bin 20 [700dbars].  PTS: 697.6dbars 8.4502C 35.0029PSU
(Nov 13 2017 00:18:01,  834592 sec) Profile()            Sample 21 initiated at 650.1dbars for bin 21 [650dbars].  PTS: 647.6dbars 8.7343C 35.0101PSU
(Nov 13 2017 00:26:23,  835094 sec) Profile()            Sample 22 initiated at 600.5dbars for bin 22 [600dbars].  PTS: 598.2dbars 9.0755C 35.0182PSU
(Nov 13 2017 00:35:13,  835624 sec) Profile()            Sample 23 initiated at 550.0dbars for bin 23 [550dbars].  PTS: 547.6dbars 9.5065C 35.0272PSU
(Nov 13 2017 00:43:15,  836106 sec) Profile()            Sample 24 initiated at 500.5dbars for bin 24 [500dbars].  PTS: 497.8dbars 9.9014C 35.0371PSU
(Nov 13 2017 00:44:53,  836204 sec) Sbe41cpStartCP()     Continuous profile started.
(Nov 13 2017 01:35:53,  839264 sec) AscentControlAgent() Bouyancy nudge to 88 (v=0.061dbar/sec).
(Nov 13 2017 01:35:53,  839264 sec) PistonMoveAbsWTO()    078->088 079 080 081 082 083 [30sec, 14.0Volts, 0.234Amps, CPT:1828sec]
(Nov 13 2017 01:36:33,  839304 sec) PistonMoveAbsWTO()    083->088 084 085 086 087 088 [24sec, 13.9Volts, 0.222Amps, CPT:1852sec]
(Nov 13 2017 01:47:09,  839940 sec) AscentControlAgent() Bouyancy nudge to 98 (v=0.036dbar/sec).
(Nov 13 2017 01:47:09,  839940 sec) PistonMoveAbsWTO()    088->098 089 090 091 092 093 [30sec, 14.0Volts, 0.210Amps, CPT:1882sec]
(Nov 13 2017 01:47:49,  839980 sec) PistonMoveAbsWTO()    093->098 094 095 096 097 098 [23sec, 13.9Volts, 0.214Amps, CPT:1905sec]
(Nov 13 2017 01:53:19,  840310 sec) AscentControlAgent() Bouyancy nudge to 108 (v=0.068dbar/sec).
(Nov 13 2017 01:53:19,  840310 sec) PistonMoveAbsWTO()    098->108 099 100 101 102 103 [30sec, 14.0Volts, 0.210Amps, CPT:1935sec]
(Nov 13 2017 01:53:59,  840350 sec) PistonMoveAbsWTO()    103->108 104 105 106 107 108 [24sec, 14.0Volts, 0.205Amps, CPT:1959sec]
(Nov 13 2017 01:59:29,  840680 sec) AscentControlAgent() Bouyancy nudge to 118 (v=0.054dbar/sec).
(Nov 13 2017 01:59:29,  840680 sec) PistonMoveAbsWTO()    108->118 109 110 111 112 113 [30sec, 14.0Volts, 0.201Amps, CPT:1989sec]
(Nov 13 2017 02:00:09,  840720 sec) PistonMoveAbsWTO()    113->118 114 115 116 117 118 [24sec, 14.0Volts, 0.197Amps, CPT:2013sec]
(Nov 13 2017 02:04:35,  840986 sec) AscentControlAgent() Bouyancy nudge to 128 (v=0.033dbar/sec).
(Nov 13 2017 02:04:35,  840986 sec) PistonMoveAbsWTO()    118->128 119 120 121 122 123 [30sec, 14.0Volts, 0.197Amps, CPT:2043sec]
(Nov 13 2017 02:05:15,  841026 sec) PistonMoveAbsWTO()    123->128 124 125 126 127 128 [23sec, 14.0Volts, 0.197Amps, CPT:2066sec]
(Nov 13 2017 02:09:40,  841291 sec) AscentControlAgent() Bouyancy nudge to 138 (v=0.024dbar/sec).
(Nov 13 2017 02:09:40,  841291 sec) PistonMoveAbsWTO()    128->138 129 130 131 132 133 [30sec, 14.1Volts, 0.189Amps, CPT:2096sec]
(Nov 13 2017 02:10:20,  841331 sec) PistonMoveAbsWTO()    133->138 134 135 136 137 138 [24sec, 14.0Volts, 0.193Amps, CPT:2120sec]
(Nov 13 2017 02:14:46,  841597 sec) AscentControlAgent() Bouyancy nudge to 148 (v=0.003dbar/sec).
(Nov 13 2017 02:14:46,  841597 sec) PistonMoveAbsWTO()    138->148 139 140 141 142 143 [30sec, 14.1Volts, 0.193Amps, CPT:2150sec]
(Nov 13 2017 02:15:26,  841637 sec) PistonMoveAbsWTO()    143->148 144 145 146 147 148 [23sec, 14.0Volts, 0.193Amps, CPT:2173sec]
(Nov 13 2017 02:19:51,  841902 sec) AscentControlAgent() Bouyancy nudge to 158 (v=0.001dbar/sec).
(Nov 13 2017 02:19:51,  841902 sec) PistonMoveAbsWTO()    148->158 149 150 151 152 153 [30sec, 14.1Volts, 0.193Amps, CPT:2203sec]
(Nov 13 2017 02:20:31,  841942 sec) PistonMoveAbsWTO()    153->158 154 155 156 157 158 [23sec, 14.0Volts, 0.189Amps, CPT:2226sec]
(Nov 13 2017 02:24:56,  842207 sec) AscentControlAgent() Bouyancy nudge to 168 (v=0.060dbar/sec).
(Nov 13 2017 02:24:56,  842207 sec) PistonMoveAbsWTO()    158->168 159 160 [15sec, 14.2Volts, 0.185Amps, CPT:2241sec]
(Nov 13 2017 02:25:21,  842232 sec) PistonMoveAbsWTO()    160->168 161 162 163 [15sec, 14.1Volts, 0.193Amps, CPT:2256sec]
(Nov 13 2017 02:25:46,  842257 sec) PistonMoveAbsWTO()    163->168 164 165 166 [15sec, 14.0Volts, 0.189Amps, CPT:2271sec]
(Nov 13 2017 02:26:11,  842282 sec) PistonMoveAbsWTO()    166->168 167 168 [9sec, 14.0Volts, 0.185Amps, CPT:2280sec]
(Nov 13 2017 02:26:43,  842314 sec) SurfaceDetect()      SurfacePressure:-0.2dbars Pressure:3.5dbars PistonPosition:168
(Nov 13 2017 02:26:44,  842315 sec) Sbe41cpStopCP()      Continuous profile stopped.
(Nov 13 2017 02:26:50,  842321 sec) PistonMoveAbsWTO()    168->190 169 170 171 172 173 174 175 176 177 178 179 180 181 182 183 184 185 186 187 188 189 190 [115sec, 14.1Volts, 0.165Amps, CPT:2395sec]
(Nov 13 2017 02:28:57,  842447 sec) sbe41cp.c:chat()     Expected string [S>] not received.
(Nov 13 2017 02:30:42,  842553 sec) Sbe41cpBinAverage()  Finished averaging 6142 samples in 101 seconds.
(Nov 13 2017 02:30:47,  842558 sec) Sbe41cpUploadCP()    Sbe41cpSerNo[5994] NSample[6142] NBin[246]
(Nov 13 2017 02:31:27,  842597 sec) Sbe41cpUploadCP()    Continuous profile uploaded [246 lines].

<EOT>
