(Nov 02 2018 00:16:01,  847242 sec) TelemetryInit()      Profile 147. (Apf9i FwRev: 012811)
(Nov 02 2018 00:23:39,  847701 sec) AirSystem()          Battery [142cnt, 11.0V]  Current [72cnt, 29.0mA]  Barometer [125cnt, 6.2"Hg]  Run-Time [66s]
(Nov 02 2018 00:24:07,  847728 sec) GpsServices()        GPS almanac is current.
(Nov 02 2018 00:24:07,  847728 sec) GpsServices()        Initiating GPS fix acquisition.
(Nov 02 2018 00:24:13,  847735 sec) gga()                $GPGGA,002420,1326.0233,N,08611.9310,E,0,00,,,M,,M,,*58
(Nov 02 2018 00:24:22,  847744 sec) gga()                $GPGGA,002430,1326.0233,N,08611.9310,E,0,00,,,M,,M,,*59
(Nov 02 2018 00:24:29,  847750 sec) gga()                $GPGGA,002420,1326.0233,N,08611.9310,E,0,00,,,M,,M,,*58
(Nov 02 2018 00:24:38,  847760 sec) gga()                $GPGGA,002430,1326.0233,N,08611.9310,E,0,00,,,M,,M,,*59
(Nov 02 2018 00:24:48,  847770 sec) gga()                $GPGGA,002440,1326.0233,N,08611.9310,E,0,00,,,M,,M,,*5E
(Nov 02 2018 00:24:58,  847780 sec) gga()                $GPGGA,002450,1326.0233,N,08611.9310,E,0,00,,,M,,M,,*5F
(Nov 02 2018 00:25:08,  847790 sec) gga()                $GPGGA,002500,1326.0233,N,08611.9310,E,0,00,,,M,,M,,*5B
(Nov 02 2018 00:25:36,  847818 sec) gga()                $GPGGA,002510,1340.5781,N,08557.6787,E,1,09,0.8,2.6,M,-77.2,M,,*62
(Nov 02 2018 00:25:36,  847818 sec) GpsServices()        Profile 147 GPS fix obtained in 89 seconds.
(Nov 02 2018 00:25:36,  847818 sec) GpsServices()                  lon     lat mm/dd/yyyy hhmmss nsat
(Nov 02 2018 00:25:36,  847818 sec) GpsServices()        Fix:   85.961  13.676 11/02/2018 002510    9
(Nov 02 2018 00:26:06,  847848 sec) gga()                $GPGGA,002540,1340.5810,N,08557.6785,E,1,10,0.8,4.2,M,-77.2,M,,*68
(Nov 02 2018 00:26:12,  847853 sec) gga()                $GPGGA,002610,1340.5829,N,08557.6784,E,1,09,0.8,6.2,M,-77.2,M,,*6F
(Nov 02 2018 00:26:12,  847854 sec) GpsServices()        APF9 RTC skew (2s) OK.
(Nov 02 2018 00:26:12,  847854 sec) LogNmeaSentences()   8,182,39,19,33,054,44,24,23,249,45,25,06,324,38*7D
(Nov 02 2018 00:26:12,  847854 sec) LogNmeaSentences()   $GPGSV,3,3,10,28,12,144,38,17,21,078,00*71
(Nov 02 2018 00:26:22,  847863 sec) LogNmeaSentences()   $GPRMC,002620,A,1340.5838,N,08557.6778,E,002.1,337.3,021118,001.3,W*6D
(Nov 02 2018 00:26:22,  847864 sec) LogNmeaSentences()   $GPGGA,002620,1340.5838,N,08557.6778,E,1,10,0.8,7.9,M,-77.2,M,,*6D
(Nov 02 2018 00:26:22,  847864 sec) LogNmeaSentences()   $GPGSA,A,3,02,05,06,12,13,17,19,24,25,28,,,1.1,0.8,0.8*37
(Nov 02 2018 00:26:23,  847864 sec) LogNmeaSentences()   $GPGSV,3,1,10,02,50,331,46,05,54,190,46,06,29,024,44,12,41,326,48*76
(Nov 02 2018 00:26:23,  847865 sec) LogNmeaSentences()   $GPGSV,3,2,10,13,08,182,36,17,21,079,44,19,33,054,44,24,23,249,43*70
(Nov 02 2018 00:26:23,  847865 sec) LogNmeaSentences()   $GPGSV,3,3,10,25,06,324,39,28,12,144,37*7A
(Nov 02 2018 00:26:32,  847873 sec) LogNmeaSentences()   $GPRMC,002630,A,1340.5846,N,08557.6777,E,000.7,047.7,021118,001.3,W*6E
(Nov 02 2018 00:26:32,  847874 sec) LogNmeaSentences()   $GPGGA,002630,1340.5846,N,08557.6777,E,1,10,0.8,5.7,M,-77.2,M,,*66
(Nov 02 2018 00:26:32,  847874 sec) LogNmeaSentences()   $GPGSA,A,3,02,05,06,12,13,17,19,24,25,28,,,1.6,0.8,1.4*3D
(Nov 02 2018 00:26:33,  847874 sec) LogNmeaSentences()   $GPGSV,3,1,10,02,49,331,46,05,54,190,48,06,29,024,44,12,41,326,47*7F
(Nov 02 2018 00:26:33,  847875 sec) LogNmeaSentences()   $GPGSV,3,2,10,13,08,182,39,17,21,079,44,19,33,054,44,24,23,249,41*7D
(Nov 02 2018 00:26:33,  847875 sec) LogNmeaSentences()   $GPGSV,3,3,10,25,06,324,39,28,12,144,40*7A
(Nov 02 2018 00:26:42,  847883 sec) LogNmeaSentences()   $GPRMC,002640,A,1340.5854,N,08557.6776,E,001.1,228.7,021118,001.3,W*67
(Nov 02 2018 00:26:42,  847884 sec) LogNmeaSentences()   $GPGGA,002640,1340.5854,N,08557.6776,E,1,10,0.8,5.6,M,-77.2,M,,*62
(Nov 02 2018 00:26:42,  847884 sec) LogNmeaSentences()   $GPGSA,A,3,02,05,06,12,13,17,19,24,25,28,,,1.1,0.8,0.8*37
(Nov 02 2018 00:26:43,  847884 sec) LogNmeaSentences()   $GPGSV,3,1,10,02,49,331,46,05,54,190,47,06,29,024,43,12,41,326,47*77
(Nov 02 2018 00:26:43,  847885 sec) LogNmeaSentences()   $GPGSV,3,2,10,13,08,182,38,17,21,079,43,19,33,054,44,24,23,249,45*7F
(Nov 02 2018 00:26:43,  847885 sec) LogNmeaSentences()   $GPGSV,3,3,10,25,06,324,39,28,12,144,39*74
(Nov 02 2018 00:26:52,  847893 sec) LogNmeaSentences()   $GPRMC,002650,A,1340.5864,N,08557.6779,E,000.8,339.2,021118,001.3,W*66
(Nov 02 2018 00:26:52,  847894 sec) LogNmeaSentences()   $GPGGA,002650,1340.5864,N,08557.6779,E,1,10,0.8,5.1,M,-77.2,M,,*68
(Nov 02 2018 00:26:52,  847894 sec) LogNmeaSentences()   $GPGSA,A,3,02,05,06,12,13,17,19,24,25,28,,,1.1,0.8,0.8*37
(Nov 02 2018 00:26:53,  847894 sec) LogNmeaSentences()   $GPGSV,3,1,10,02,49,331,46,05,54,190,49,06,29,024,44,12,41,326,47*7E
(Nov 02 2018 00:26:53,  847895 sec) LogNmeaSentences()   $GPGSV,3,2,10,13,08,182,39,17,21,079,45,19,33,054,43,24,23,249,42*78
(Nov 02 2018 00:26:53,  847895 sec) LogNmeaSentences()   $GPGSV,3,3,10,25,06,324,38,28,12,144,40*7B
(Nov 02 2018 00:27:02,  847903 sec) LogNmeaSentences()   $GPRMC,002700,A,1340.5873,N,08557.6779,E,000.8,300.4,021118,001.3,W*68
(Nov 02 2018 00:27:02,  847904 sec) LogNmeaSentences()   $GPGGA,002700,1340.5873,N,08557.6779,E,1,10,0.8,4.3,M,-77.2,M,,*69
(Nov 02 2018 00:27:02,  847904 sec) LogNmeaSentences()   $GPGSA,A,3,02,05,06,12,13,17,19,24,25,28,,,1.1,0.8,0.8*37
(Nov 02 2018 00:27:03,  847904 sec) LogNmeaSentences()   $GPGSV,3,1,10,02,49,332,46,05,54,190,48,06,29,024,44,12,41,326,47*7C
(Nov 02 2018 00:27:03,  847905 sec) LogNmeaSentences()   $GPGSV,3,2,10,13,08,182,38,17,21,079,44,19,33,054,43,24,23,249,43*79
(Nov 02 2018 00:27:03,  847905 sec) LogNmeaSentences()   $GPGSV,3,3,10,25,06,324,40,28,12,144,38*7B
(Nov 02 2018 00:27:04,  847905 sec) LogNmeaSentences()   $PGRMT,GPS 15x-L software ver. 3.80,,,,,,,,*7C
(Nov 02 2018 00:27:04,  847906 sec) GpsServices()        GPS services complete.
(Nov 02 2018 00:27:36,  847938 sec) CLogin()             Connecting to primary host.
(Nov 02 2018 00:27:47,  847949 sec) CLogin()             Connection 1 established in 11 seconds.
(Nov 02 2018 00:27:56,  847958 sec) login()              Login successful.
(Nov 02 2018 00:28:01,  847962 sec) chat()               Expected string [cmd>] not received.
(Nov 02 2018 00:28:01,  847962 sec) login()              Attempt to set the command prompt failed.
(Nov 02 2018 00:28:02,  847964 sec) CLogin()             Logged in to host.  [Login required 15 seconds]
(Nov 02 2018 00:28:10,  847971 sec) RxConfig()           Downloading "mission.cfg" from host.
(Nov 02 2018 00:28:12,  847974 sec) Rx()                 Initiating transfer. [0x43]
(Nov 02 2018 00:28:15,  847976 sec) RxStartByte()        Sync errors encountered: 683
(Nov 02 2018 00:28:18,  847980 sec) Rx()                 Pad character [0x1a] found in ascii mode - truncating packet.
(Nov 02 2018 00:28:23,  847984 sec) Rx()                 Received EOT - transfer complete. [1 packets, 1024 bytes, 11 sec, 93.1 bps]
(Nov 02 2018 00:28:23,  847984 sec) RxConfig()           Download successful.
(Nov 02 2018 00:28:37,  847998 sec) WriteVitals()        Writing vitals to "9567.147.msg".
(Nov 02 2018 00:28:44,  848005 sec) UpLoadFile()         Uploading "9567.147.msg" to host as "9567.147.msg".
(Nov 02 2018 00:28:46,  848008 sec) Tx()                 CRC negotiation successful. [16-bit CRC]
(Nov 02 2018 00:29:00,  848021 sec) TxPacket()           NAK received - resending packet. [PktNum=0x02]
(Nov 02 2018 00:29:00,  848021 sec) TxPacket()           Packet xmit history: [11100001] (0:ok, 1:fail).
(Nov 02 2018 00:29:27,  848048 sec) TxPacket()           NAK received - resending packet. [PktNum=0x06]
(Nov 02 2018 00:29:27,  848048 sec) TxPacket()           Packet xmit history: [00100001] (0:ok, 1:fail).
(Nov 02 2018 00:29:55,  848076 sec) TxPacket()           NAK received - resending packet. [PktNum=0x0a]
(Nov 02 2018 00:29:55,  848076 sec) TxPacket()           Packet xmit history: [00100001] (0:ok, 1:fail).
(Nov 02 2018 00:30:21,  848103 sec) TxPacket()           NAK received - resending packet. [PktNum=0x0e]
(Nov 02 2018 00:30:21,  848103 sec) TxPacket()           Packet xmit history: [00100001] (0:ok, 1:fail).
(Nov 02 2018 00:31:15,  848156 sec) TxPacket()           NAK received - resending packet. [PktNum=0x17]
(Nov 02 2018 00:31:15,  848156 sec) TxPacket()           Packet xmit history: [00000001] (0:ok, 1:fail).
(Nov 02 2018 00:31:24,  848165 sec) Tx()                 Transmission completed successfully [23 packets, 23170 bytes, 157 sec, 150.0 bps]
(Nov 02 2018 00:31:24,  848165 sec) UpLoadFile()         Upload successful.
(Nov 02 2018 00:31:29,  848171 sec) UpLoadFile()         Uploading "9567.147.log" to host as "9567.147.log".
(Nov 02 2018 00:31:31,  848173 sec) Tx()                 CRC negotiation successful. [16-bit CRC]
(Nov 02 2018 00:31:45,  848186 sec) TxPacket()           NAK received - resending packet. [PktNum=0x02]
(Nov 02 2018 00:31:45,  848186 sec) TxPacket()           Packet xmit history: [00001001] (0:ok, 1:fail).
(Nov 02 2018 00:31:49,  848190 sec) TxPacket()           NAK received - resending packet. [PktNum=0x02]
(Nov 02 2018 00:31:49,  848190 sec) TxPacket()           Packet xmit history: [00010011] (0:ok, 1:fail).
(Nov 02 2018 00:32:18,  848219 sec) TxPacket()           NAK received - resending packet. [PktNum=0x06]
(Nov 02 2018 00:32:18,  848219 sec) TxPacket()           Packet xmit history: [01100001] (0:ok, 1:fail).
(Nov 02 2018 00:32:23,  848224 sec) TxPacket()           NAK received - resending packet. [PktNum=0x06]
(Nov 02 2018 00:32:23,  848224 sec) TxPacket()           Packet xmit history: [11000011] (0:ok, 1:fail).
(Nov 02 2018 00:33:07,  848268 sec) TxPacket()           NAK received - resending packet. [PktNum=0x0c]
(Nov 02 2018 00:33:07,  848268 sec) TxPacket()           Packet xmit history: [10000001] (0:ok, 1:fail).
(Nov 02 2018 00:33:54,  848316 sec) TxPacket()           NAK received - resending packet. [PktNum=0x13]
(Nov 02 2018 00:33:54,  848316 sec) TxPacket()           Packet xmit history: [00000001] (0:ok, 1:fail).
(Nov 02 2018 00:34:24,  848345 sec) TxPacket()           NAK received - resending packet. [PktNum=0x17]
(Nov 02 2018 00:34:24,  848345 sec) TxPacket()           Packet xmit history: [00100001] (0:ok, 1:fail).
(Nov 02 2018 00:34:30,  848351 sec) TxPacket()           NAK received - resending packet. [PktNum=0x17]
(Nov 02 2018 00:34:30,  848352 sec) TxPacket()           Packet xmit history: [01000011] (0:ok, 1:fail).
(Nov 02 2018 00:34:47,  848368 sec) TxPacket()           NAK received - resending packet. [PktNum=0x19]
(Nov 02 2018 00:34:47,  848368 sec) TxPacket()           Packet xmit history: [00011001] (0:ok, 1:fail).
(Nov 02 2018 00:35:13,  848394 sec) Tx()                 Transmission completed successfully [28 packets, 28536 bytes, 220 sec, 130.3 bps]
(Nov 02 2018 00:35:13,  848394 sec) UpLoadFile()         Upload successful.
(Nov 02 2018 00:35:19,  848401 sec) UpLoad()             Files successfully uploaded: 2
(Nov 02 2018 00:35:19,  848401 sec) UpLoad()             Upload complete.
(Nov 02 2018 00:35:23,  848404 sec) logout()             Log-out successful.
(Nov 02 2018 00:35:24,  848406 sec) Telemetry()          Telemetry cycle complete: PrfId=147 ConnectionAttempts=1  Connections=1
(Nov 02 2018 00:35:24,  848406 sec) TelemetryTerminate() Parsing new mission configuration.
(Nov 02 2018 00:35:26,  848407 sec) configure()          Parsing configurators in "mission.cfg".
(Nov 02 2018 00:35:30,  848411 sec) configure()             TelemetryRetry(15)      [0x7BBC] [TelemetryRetry(15)].
(Nov 02 2018 00:35:30,  848412 sec) configure()          Configuration CRCs and syntax OK.
(Nov 02 2018 00:35:30,  848412 sec) ConfigSupervisor()   Sanity check violated: cfg->PressureCP >= 750
(Nov 02 2018 00:35:30,  848412 sec) ConfigSupervisor()   Configuration accepted.
(Nov 02 2018 00:35:30,  848412 sec) TelemetryTerminate() Reconditioning the file system.
(Nov 02 2018 00:35:40,       7 sec) DescentInit()        Deep profile 148 initiated at mission-time 848415sec.
(Nov 02 2018 00:35:43,      10 sec) DescentInit()        Surface pressure: -0.1dbars.
(Nov 02 2018 00:35:48,      15 sec) PistonMoveAbsWTO()    202->055 201 200 199 198 197 196 195 194 193 192 191 190 189 188 187 186 185 184 183 182 181 180 179 178 177 176 175 174 173 172 171 170 169 168 167 166 165 164 163 162 161 160 159 158 157 156 155 154 153 152 151 150 149 148 147 146 145 144 143 142 141 140 139 138 137 136 135 134 133 132 131 130 129 128 127 126 125 124 123 122 121 120 119 118 117 116 115 114 113 112 111 110 109 108 107 106 105 104 103 102 101 100 099 098 097 096 095 094 093 092 091 090 089 088 087 086 085 084 083 082 081 080 079 078 077 076 075 074 073 072 071 070 069 068 067 066 065 064 063 062 061 060 059 058 057 056 055 [1012sec, 10.5Volts, 0.157Amps, CPT:1012sec]
(Nov 02 2018 00:52:40,    1027 sec) PistonMoveAbsWTO()    055->000 054 053 052 051 050 049 048 047 046 045 044 043 042 041 040 039 038 037 036 035 034 033 032 031 030 029 028 027 026 025 024 023 022 021 020 019 018 017 016 015 014 013 012 011 010 009 [315sec, 10.5Volts, 0.153Amps, CPT:1327sec]
(Nov 02 2018 00:58:05,    1352 sec) Descent()            Pressure: 103.3
(Nov 02 2018 01:35:37,    3604 sec) Descent()            Pressure: 374.9
(Nov 02 2018 02:35:37,    7204 sec) Descent()            Pressure: 883.2
(Nov 02 2018 02:35:37,    7204 sec) PistonMoveAbsWTO()    009->055 010 011 012 013 014 015 016 017 018 019 020 021 022 023 024 025 026 027 028 029 030 031 032 033 034 035 036 037 038 039 040 041 042 043 044 045 046 047 048 049 050 051 052 053 054 055 [391sec, 9.4Volts, 0.447Amps, CPT:1718sec]
(Nov 02 2018 03:35:37,   10804 sec) Descent()            Pressure: 883.9
(Nov 02 2018 04:35:37,   14404 sec) Descent()            Pressure: 901.1
(Nov 02 2018 05:35:37,   18004 sec) Descent()            Pressure: 914.8
(Nov 02 2018 05:35:37,   18004 sec) ParkInit()           
(Nov 02 2018 07:36:06,   25233 sec) Park()               ParkPOutOfBand[-3, 930.3 dbars]: retract piston.
(Nov 02 2018 07:36:06,   25234 sec) PistonMoveAbsWTO()    055->054 054 [1sec, 10.8Volts, 0.085Amps, CPT:1719sec]
(Nov 02 2018 10:36:06,   36033 sec) Park()               ParkPOutOfBand[-3, 959.3 dbars]: retract piston.
(Nov 02 2018 10:36:06,   36034 sec) PistonMoveAbsWTO()    054->053 053 [7sec, 10.7Volts, 0.105Amps, CPT:1726sec]
(Nov 02 2018 16:36:06,   57633 sec) Park()               ParkPOutOfBand[3, 1015.6 dbars]: extend piston.
(Nov 02 2018 16:36:07,   57634 sec) PistonMoveAbsWTO()    053->054 054 [3sec, 10.0Volts, 0.471Amps, CPT:1729sec]
(Nov 02 2018 22:36:06,   79233 sec) Park()               ParkPOutOfBand[3, 1016.6 dbars]: extend piston.
(Nov 02 2018 22:36:07,   79234 sec) PistonMoveAbsWTO()    054->055 055 [8sec, 9.4Volts, 0.471Amps, CPT:1737sec]
(Nov 04 2018 09:36:07,  205234 sec) Park()               ParkPOutOfBand[3, 1010.5 dbars]: extend piston.
(Nov 04 2018 09:36:07,  205234 sec) PistonMoveAbsWTO()    055->056 056 [9sec, 9.4Volts, 0.475Amps, CPT:1746sec]
(Nov 04 2018 12:36:07,  216034 sec) Park()               ParkPOutOfBand[-3, 986.0 dbars]: retract piston.
(Nov 04 2018 12:36:07,  216034 sec) PistonMoveAbsWTO()    056->055 055 [3sec, 10.9Volts, 0.093Amps, CPT:1749sec]
(Nov 10 2018 15:36:11,  745238 sec) Park()               ParkPOutOfBand[3, 1010.7 dbars]: extend piston.
(Nov 10 2018 15:36:12,  745239 sec) PistonMoveAbsWTO()    055->056 056 [3sec, 10.0Volts, 0.475Amps, CPT:1752sec]
(Nov 11 2018 08:35:58,  806425 sec) CtdPower()           [  998.30,  6.6971, 34.9484]
(Nov 11 2018 08:35:58,  806425 sec) CtdPower()           CTD Power consumption [143VCnt 11ACnt]: 11.085Volts * 0.044Amps = 0.49Watts.
(Nov 11 2018 08:35:59,  806426 sec) ParkTerminate()      Piston Position:56 Vacuum:81 Vq:147 Aq:6 Vsbe:143 Asbe:11
(Nov 11 2018 08:36:26,  806453 sec) ParkTerminate()      PTS: 998.4dbars 6.6953C 34.9483PSU
(Nov 11 2018 08:36:26,  806454 sec) GoDeepInit()         Moving piston.
(Nov 11 2018 08:36:27,  806454 sec) PistonMoveAbsWTO()    056->017 055 054 053 052 051 050 049 048 047 046 045 044 043 042 041 040 039 038 037 036 035 034 033 032 031 030 029 028 027 026 025 024 023 022 021 020 019 018 017 [256sec, 10.7Volts, 0.085Amps, CPT:2008sec]
(Nov 11 2018 12:35:37,  820804 sec) GoDeep()             Sequence point detected at 2001.5dbar.
(Nov 11 2018 12:35:39,  820806 sec) ProfileInit()        PrfId:148  Pressure:2001.5dbar  pTable[0]:2000dbar
(Nov 11 2018 12:35:50,  820817 sec) PistonMoveAbsWTO()    017->039 018 019 020 [30sec, 8.4Volts, 0.830Amps, CPT:2038sec]
(Nov 11 2018 12:36:30,  820857 sec) PistonMoveAbsWTO()    020->039 021 022 [30sec, 8.4Volts, 0.802Amps, CPT:2068sec]
(Nov 11 2018 12:37:37,  820924 sec) Profile()            Sample 0 initiated at 2000.8dbars for bin 0 [2000dbars].  PTS: 1999.6dbars 2.7884C 34.7943PSU
(Nov 11 2018 12:37:38,  820925 sec) PistonMoveAbsWTO()    022->039 023 024 025 [30sec, 8.3Volts, 0.802Amps, CPT:2098sec]
(Nov 11 2018 12:38:18,  820965 sec) PistonMoveAbsWTO()    025->039 026 027 [30sec, 8.3Volts, 0.810Amps, CPT:2128sec]
(Nov 11 2018 12:38:58,  821005 sec) PistonMoveAbsWTO()    028->039 029 030 [30sec, 8.2Volts, 0.798Amps, CPT:2158sec]
(Nov 11 2018 12:39:38,  821045 sec) PistonMoveAbsWTO()    030->039 031 032 [30sec, 8.2Volts, 0.782Amps, CPT:2188sec]
(Nov 11 2018 12:40:18,  821085 sec) PistonMoveAbsWTO()    032->039 033 034 035 [30sec, 8.2Volts, 0.802Amps, CPT:2218sec]
(Nov 11 2018 12:40:58,  821125 sec) PistonMoveAbsWTO()    035->039 036 037 [30sec, 8.1Volts, 0.798Amps, CPT:2248sec]
(Nov 11 2018 12:41:38,  821165 sec) PistonMoveAbsWTO()    037->039 038 039 [15sec, 8.1Volts, 0.826Amps, CPT:2263sec]
(Nov 11 2018 12:54:02,  821909 sec) Profile()            Sample 1 initiated at 1900.8dbars for bin 1 [1900dbars].  PTS: 1898.2dbars 3.0223C 34.8041PSU
(Nov 11 2018 13:11:28,  822955 sec) Profile()            Sample 2 initiated at 1800.4dbars for bin 2 [1800dbars].  PTS: 1798.1dbars 3.2977C 34.8160PSU
(Nov 11 2018 13:25:55,  823822 sec) AscentControlAgent() Bouyancy nudge to 49 (v=0.078dbar/sec).
(Nov 11 2018 13:25:55,  823823 sec) PistonMoveAbsWTO()    039->049 040 041 [30sec, 8.4Volts, 0.725Amps, CPT:2293sec]
(Nov 11 2018 13:26:36,  823863 sec) PistonMoveAbsWTO()    041->049 042 043 044 [30sec, 8.4Volts, 0.721Amps, CPT:2323sec]
(Nov 11 2018 13:27:16,  823903 sec) PistonMoveAbsWTO()    044->049 045 046 [30sec, 8.4Volts, 0.713Amps, CPT:2353sec]
(Nov 11 2018 13:27:56,  823943 sec) PistonMoveAbsWTO()    046->049 047 048 049 [26sec, 8.3Volts, 0.737Amps, CPT:2379sec]
(Nov 11 2018 13:30:49,  824116 sec) Profile()            Sample 3 initiated at 1700.1dbars for bin 3 [1700dbars].  PTS: 1697.3dbars 3.6922C 34.8323PSU
(Nov 11 2018 13:46:33,  825060 sec) Profile()            Sample 4 initiated at 1600.2dbars for bin 4 [1600dbars].  PTS: 1597.7dbars 4.0339C 34.8470PSU
(Nov 11 2018 14:04:39,  826146 sec) Profile()            Sample 5 initiated at 1500.4dbars for bin 5 [1500dbars].  PTS: 1498.3dbars 4.4456C 34.8621PSU
(Nov 11 2018 14:11:44,  826571 sec) AscentControlAgent() Bouyancy nudge to 59 (v=0.074dbar/sec).
(Nov 11 2018 14:11:44,  826572 sec) PistonMoveAbsWTO()    049->059 050 051 052 [30sec, 8.5Volts, 0.661Amps, CPT:2409sec]
(Nov 11 2018 14:12:25,  826612 sec) PistonMoveAbsWTO()    052->059 053 054 055 [30sec, 8.5Volts, 0.641Amps, CPT:2439sec]
(Nov 11 2018 14:13:05,  826652 sec) PistonMoveAbsWTO()    055->059 056 057 [30sec, 8.5Volts, 0.641Amps, CPT:2469sec]
(Nov 11 2018 14:13:45,  826692 sec) PistonMoveAbsWTO()    057->059 058 059 [13sec, 8.5Volts, 0.625Amps, CPT:2482sec]
(Nov 11 2018 14:23:39,  827286 sec) Profile()            Sample 6 initiated at 1400.2dbars for bin 6 [1400dbars].  PTS: 1397.8dbars 4.8846C 34.8791PSU
(Nov 11 2018 14:32:19,  827806 sec) Profile()            Sample 7 initiated at 1350.9dbars for bin 7 [1350dbars].  PTS: 1348.5dbars 5.1122C 34.8886PSU
(Nov 11 2018 14:41:11,  828338 sec) Profile()            Sample 8 initiated at 1300.2dbars for bin 8 [1300dbars].  PTS: 1297.8dbars 5.3123C 34.8955PSU
(Nov 11 2018 14:50:13,  828880 sec) Profile()            Sample 9 initiated at 1250.1dbars for bin 9 [1250dbars].  PTS: 1248.0dbars 5.5442C 34.9043PSU
(Nov 11 2018 15:00:25,  829492 sec) Profile()            Sample 10 initiated at 1200.8dbars for bin 10 [1200dbars].  PTS: 1199.0dbars 5.7323C 34.9125PSU
(Nov 11 2018 15:02:28,  829615 sec) AscentControlAgent() Bouyancy nudge to 69 (v=0.074dbar/sec).
(Nov 11 2018 15:02:28,  829616 sec) PistonMoveAbsWTO()    059->069 060 061 062 [30sec, 8.8Volts, 0.540Amps, CPT:2512sec]
(Nov 11 2018 15:03:09,  829656 sec) PistonMoveAbsWTO()    062->069 063 064 065 [30sec, 8.8Volts, 0.540Amps, CPT:2542sec]
(Nov 11 2018 15:03:49,  829696 sec) PistonMoveAbsWTO()    065->069 066 067 068 [30sec, 8.7Volts, 0.544Amps, CPT:2572sec]
(Nov 11 2018 15:04:29,  829736 sec) PistonMoveAbsWTO()    068->069 069 [9sec, 8.7Volts, 0.552Amps, CPT:2581sec]
(Nov 11 2018 15:09:38,  830045 sec) Profile()            Sample 11 initiated at 1150.6dbars for bin 11 [1150dbars].  PTS: 1148.1dbars 6.0378C 34.9236PSU
(Nov 11 2018 15:17:48,  830535 sec) Profile()            Sample 12 initiated at 1100.9dbars for bin 12 [1100dbars].  PTS: 1098.3dbars 6.2561C 34.9323PSU
(Nov 11 2018 15:26:00,  831027 sec) Profile()            Sample 13 initiated at 1050.6dbars for bin 13 [1050dbars].  PTS: 1048.1dbars 6.4677C 34.9399PSU
(Nov 11 2018 15:34:32,  831539 sec) Profile()            Sample 14 initiated at 1000.5dbars for bin 14 [1000dbars].  PTS: 998.2dbars 6.6801C 34.9492PSU
(Nov 11 2018 15:44:14,  832121 sec) Profile()            Sample 15 initiated at 950.4dbars for bin 15 [950dbars].  PTS: 948.4dbars 6.9307C 34.9580PSU
(Nov 11 2018 15:47:57,  832344 sec) AscentControlAgent() Bouyancy nudge to 79 (v=0.079dbar/sec).
(Nov 11 2018 15:47:57,  832345 sec) PistonMoveAbsWTO()    069->079 070 071 072 [30sec, 9.0Volts, 0.471Amps, CPT:2611sec]
(Nov 11 2018 15:48:38,  832385 sec) PistonMoveAbsWTO()    072->079 073 074 075 [30sec, 9.0Volts, 0.447Amps, CPT:2641sec]
(Nov 11 2018 15:49:18,  832425 sec) PistonMoveAbsWTO()    075->079 076 077 078 [30sec, 8.9Volts, 0.443Amps, CPT:2671sec]
(Nov 11 2018 15:49:58,  832465 sec) PistonMoveAbsWTO()    078->079 079 [4sec, 9.5Volts, 0.439Amps, CPT:2675sec]
(Nov 11 2018 15:53:19,  832666 sec) Profile()            Sample 16 initiated at 900.4dbars for bin 16 [900dbars].  PTS: 897.7dbars 7.1924C 34.9669PSU
(Nov 11 2018 16:00:41,  833108 sec) Profile()            Sample 17 initiated at 850.9dbars for bin 17 [850dbars].  PTS: 848.1dbars 7.4823C 34.9754PSU
(Nov 11 2018 16:08:11,  833558 sec) Profile()            Sample 18 initiated at 800.1dbars for bin 18 [800dbars].  PTS: 797.4dbars 7.8532C 34.9875PSU
(Nov 11 2018 16:16:03,  834030 sec) Profile()            Sample 19 initiated at 750.2dbars for bin 19 [750dbars].  PTS: 747.7dbars 8.2361C 35.0017PSU
(Nov 11 2018 16:24:35,  834542 sec) Profile()            Sample 20 initiated at 700.2dbars for bin 20 [700dbars].  PTS: 697.8dbars 8.5664C 35.0109PSU
(Nov 11 2018 16:33:15,  835062 sec) Profile()            Sample 21 initiated at 650.5dbars for bin 21 [650dbars].  PTS: 648.1dbars 8.8831C 35.0194PSU
(Nov 11 2018 16:41:37,  835564 sec) Profile()            Sample 22 initiated at 600.6dbars for bin 22 [600dbars].  PTS: 598.1dbars 9.2051C 35.0262PSU
(Nov 11 2018 16:50:09,  836076 sec) Profile()            Sample 23 initiated at 550.0dbars for bin 23 [550dbars].  PTS: 547.6dbars 9.5522C 35.0297PSU
(Nov 11 2018 16:59:19,  836626 sec) Sbe41cpStartCP()     Continuous profile started.
(Nov 11 2018 17:50:21,  839688 sec) AscentControlAgent() Bouyancy nudge to 89 (v=0.073dbar/sec).
(Nov 11 2018 17:50:21,  839688 sec) PistonMoveAbsWTO()    079->089 080 081 082 083 [30sec, 9.9Volts, 0.234Amps, CPT:2705sec]
(Nov 11 2018 17:51:01,  839728 sec) PistonMoveAbsWTO()    083->089 084 085 086 087 [30sec, 9.9Volts, 0.234Amps, CPT:2735sec]
(Nov 11 2018 17:51:41,  839768 sec) PistonMoveAbsWTO()    087->089 088 089 [16sec, 9.9Volts, 0.226Amps, CPT:2751sec]
(Nov 11 2018 17:57:04,  840091 sec) AscentControlAgent() Bouyancy nudge to 99 (v=0.065dbar/sec).
(Nov 11 2018 17:57:04,  840091 sec) PistonMoveAbsWTO()    089->099 090 091 092 093 [30sec, 9.9Volts, 0.234Amps, CPT:2781sec]
(Nov 11 2018 17:57:44,  840131 sec) PistonMoveAbsWTO()    093->099 094 095 096 097 [30sec, 9.9Volts, 0.226Amps, CPT:2811sec]
(Nov 11 2018 17:58:24,  840171 sec) PistonMoveAbsWTO()    097->099 098 099 [16sec, 9.9Volts, 0.230Amps, CPT:2827sec]
(Nov 11 2018 18:03:46,  840493 sec) AscentControlAgent() Bouyancy nudge to 109 (v=0.041dbar/sec).
(Nov 11 2018 18:03:46,  840493 sec) PistonMoveAbsWTO()    099->109 100 101 102 [30sec, 9.9Volts, 0.226Amps, CPT:2857sec]
(Nov 11 2018 18:04:26,  840533 sec) PistonMoveAbsWTO()    103->109 104 105 106 [30sec, 9.9Volts, 0.230Amps, CPT:2887sec]
(Nov 11 2018 18:05:06,  840573 sec) PistonMoveAbsWTO()    106->109 107 108 109 [16sec, 9.9Volts, 0.230Amps, CPT:2903sec]
(Nov 11 2018 18:10:29,  840896 sec) AscentControlAgent() Bouyancy nudge to 119 (v=0.039dbar/sec).
(Nov 11 2018 18:10:29,  840896 sec) PistonMoveAbsWTO()    109->119 110 111 112 113 [30sec, 9.9Volts, 0.234Amps, CPT:2933sec]
(Nov 11 2018 18:11:09,  840936 sec) PistonMoveAbsWTO()    113->119 114 115 116 [30sec, 10.0Volts, 0.226Amps, CPT:2963sec]
(Nov 11 2018 18:11:49,  840976 sec) PistonMoveAbsWTO()    116->119 117 118 119 [16sec, 10.0Volts, 0.214Amps, CPT:2979sec]
(Nov 11 2018 18:17:11,  841298 sec) AscentControlAgent() Bouyancy nudge to 129 (v=0.017dbar/sec).
(Nov 11 2018 18:17:11,  841298 sec) PistonMoveAbsWTO()    119->129 120 121 122 123 [30sec, 10.0Volts, 0.218Amps, CPT:3009sec]
(Nov 11 2018 18:17:51,  841338 sec) PistonMoveAbsWTO()    123->129 124 125 126 127 [30sec, 10.0Volts, 0.218Amps, CPT:3039sec]
(Nov 11 2018 18:18:31,  841378 sec) PistonMoveAbsWTO()    127->129 128 129 [15sec, 10.0Volts, 0.222Amps, CPT:3054sec]
(Nov 11 2018 18:23:52,  841699 sec) AscentControlAgent() Bouyancy nudge to 139 (v=0.025dbar/sec).
(Nov 11 2018 18:23:52,  841699 sec) PistonMoveAbsWTO()    129->139 130 131 132 [30sec, 10.0Volts, 0.226Amps, CPT:3084sec]
(Nov 11 2018 18:24:32,  841739 sec) PistonMoveAbsWTO()    133->139 134 135 136 [30sec, 10.0Volts, 0.226Amps, CPT:3114sec]
(Nov 11 2018 18:25:12,  841779 sec) PistonMoveAbsWTO()    136->139 137 138 139 [16sec, 10.0Volts, 0.226Amps, CPT:3130sec]
(Nov 11 2018 18:30:35,  842102 sec) AscentControlAgent() Bouyancy nudge to 149 (v=0.018dbar/sec).
(Nov 11 2018 18:30:35,  842102 sec) PistonMoveAbsWTO()    139->149 140 141 142 143 [30sec, 10.0Volts, 0.222Amps, CPT:3160sec]
(Nov 11 2018 18:31:15,  842142 sec) PistonMoveAbsWTO()    143->149 144 145 146 147 [30sec, 10.0Volts, 0.214Amps, CPT:3190sec]
(Nov 11 2018 18:31:55,  842182 sec) PistonMoveAbsWTO()    147->149 148 149 [15sec, 10.1Volts, 0.210Amps, CPT:3205sec]
(Nov 11 2018 18:37:16,  842503 sec) AscentControlAgent() Bouyancy nudge to 159 (v=0.031dbar/sec).
(Nov 11 2018 18:37:16,  842503 sec) PistonMoveAbsWTO()    149->159 150 151 152 153 [30sec, 10.1Volts, 0.205Amps, CPT:3235sec]
(Nov 11 2018 18:37:56,  842543 sec) PistonMoveAbsWTO()    153->159 154 155 156 157 [30sec, 10.1Volts, 0.205Amps, CPT:3265sec]
(Nov 11 2018 18:38:36,  842583 sec) PistonMoveAbsWTO()    157->159 158 159 [15sec, 10.1Volts, 0.205Amps, CPT:3280sec]
(Nov 11 2018 18:42:23,  842810 sec) AscentControlAgent() Bouyancy nudge to 169 (v=0.057dbar/sec).
(Nov 11 2018 18:42:23,  842810 sec) PistonMoveAbsWTO()    159->169 160 161 162 163 [30sec, 10.1Volts, 0.210Amps, CPT:3310sec]
(Nov 11 2018 18:43:03,  842850 sec) PistonMoveAbsWTO()    163->169 164 165 166 167 [30sec, 10.1Volts, 0.201Amps, CPT:3340sec]
(Nov 11 2018 18:43:43,  842890 sec) PistonMoveAbsWTO()    167->169 168 169 [14sec, 10.1Volts, 0.205Amps, CPT:3354sec]
(Nov 11 2018 18:47:52,  843139 sec) SurfaceDetect()      SurfacePressure:-0.1dbars Pressure:3.3dbars PistonPosition:169
(Nov 11 2018 18:47:53,  843140 sec) Sbe41cpStopCP()      Continuous profile stopped.
(Nov 11 2018 18:47:59,  843146 sec) PistonMoveAbsWTO()    169->191 170 171 172 173 174 175 176 177 178 179 180 181 182 183 184 185 186 187 188 189 190 191 [159sec, 10.2Volts, 0.177Amps, CPT:3513sec]
(Nov 11 2018 18:50:50,  843317 sec) sbe41cp.c:chat()     Expected string [S>] not received.
(Nov 11 2018 18:52:40,  843427 sec) Sbe41cpBinAverage()  Finished averaging 6545 samples in 106 seconds.
(Nov 11 2018 18:52:45,  843432 sec) Sbe41cpUploadCP()    Sbe41cpSerNo[5994] NSample[6545] NBin[248]
(Nov 11 2018 18:53:26,  843473 sec) Sbe41cpUploadCP()    Continuous profile uploaded [248 lines].

<EOT>
