(Aug 15 2018 08:46:38,  846625 sec) TelemetryInit()      Profile 139. (Apf9i FwRev: 012811)
(Aug 15 2018 08:54:17,  847084 sec) AirSystem()          Battery [143cnt, 11.1V]  Current [72cnt, 29.0mA]  Barometer [126cnt, 6.5"Hg]  Run-Time [66s]
(Aug 15 2018 08:54:45,  847112 sec) GpsServices()        GPS almanac is current.
(Aug 15 2018 08:54:45,  847112 sec) GpsServices()        Initiating GPS fix acquisition.
(Aug 15 2018 08:55:03,  847130 sec) gga()                $GPGGA,085450,1416.2571,N,08627.9948,E,0,00,,,M,,M,,*55
(Aug 15 2018 08:55:09,  847136 sec) gga()                $GPGGA,085440,1416.2571,N,08627.9948,E,0,00,,,M,,M,,*54
(Aug 15 2018 08:55:19,  847146 sec) gga()                $GPGGA,085450,1416.2571,N,08627.9948,E,0,00,,,M,,M,,*55
(Aug 15 2018 08:55:29,  847156 sec) gga()                $GPGGA,085500,1416.2571,N,08627.9948,E,0,00,,,M,,M,,*51
(Aug 15 2018 08:55:39,  847166 sec) gga()                $GPGGA,085510,1416.2571,N,08627.9948,E,0,00,,,M,,M,,*50
(Aug 15 2018 08:55:49,  847176 sec) gga()                $GPGGA,085520,1416.2571,N,08627.9948,E,0,00,,,M,,M,,*53
(Aug 15 2018 08:55:59,  847186 sec) gga()                $GPGGA,085530,1416.2571,N,08627.9948,E,0,00,,,M,,M,,*52
(Aug 15 2018 08:56:09,  847196 sec) gga()                $GPGGA,085540,1416.2571,N,08627.9948,E,0,00,,,M,,M,,*55
(Aug 15 2018 08:56:19,  847206 sec) gga()                $GPGGA,085550,1416.2571,N,08627.9948,E,0,00,,,M,,M,,*54
(Aug 15 2018 08:56:29,  847216 sec) gga()                $GPGGA,085600,1416.2571,N,08627.9948,E,0,00,,,M,,M,,*52
(Aug 15 2018 08:56:39,  847226 sec) gga()                $GPGGA,085610,1416.2571,N,08627.9948,E,0,00,,,M,,M,,*53
(Aug 15 2018 08:56:59,  847246 sec) gga()                $GPGGA,085630,1416.2571,N,08627.9948,E,0,00,,,M,,M,,*51
(Aug 15 2018 08:57:26,  847273 sec) gga()                $GPGGA,085640,1417.1149,N,08623.7485,E,1,01,1.8,,M,-75.5,M,,*4E
(Aug 15 2018 08:57:51,  847298 sec) gga()                $GPGGA,085650,1417.1157,N,08623.7501,E,1,03,0.8,-5.5,M,-75.5,M,,*4D
(Aug 15 2018 08:57:51,  847298 sec) GpsServices()        Profile 139 GPS fix obtained in 186 seconds.
(Aug 15 2018 08:57:51,  847298 sec) GpsServices()                  lon     lat mm/dd/yyyy hhmmss nsat
(Aug 15 2018 08:57:51,  847298 sec) GpsServices()        Fix:   86.396  14.285 08/15/2018 085650    3
(Aug 15 2018 08:58:16,  847323 sec) gga()                $GPGGA,085730,1417.1192,N,08623.7559,E,1,10,0.8,1.1,M,-75.5,M,,*61
(Aug 15 2018 08:58:22,  847329 sec) gga()                $GPGGA,085800,1417.1226,N,08623.7588,E,1,10,0.9,-8.7,M,-75.5,M,,*4E
(Aug 15 2018 08:58:22,  847329 sec) GpsServices()        APF9 RTC skew (22s) OK.
(Aug 15 2018 08:58:23,  847330 sec) LogNmeaSentences()   5,169,47,20,14,247,34,21,08,302,37,24,10,176,34*7E
(Aug 15 2018 08:58:23,  847330 sec) LogNmeaSentences()   $GPGSV,3,3,11,25,37,245,45,29,46,336,50,19,01,137,00*4E
(Aug 15 2018 08:58:23,  847330 sec) LogNmeaSentences()   $PGRMT,GPS 15x-L software ver. 3.80,,,,,,,,*7C
(Aug 15 2018 08:58:32,  847339 sec) LogNmeaSentences()   $GPRMC,085810,A,1417.1219,N,08623.7598,E,000.0,214.9,150818,001.3,W*6D
(Aug 15 2018 08:58:33,  847339 sec) LogNmeaSentences()   $GPGGA,085810,1417.1219,N,08623.7598,E,1,10,0.8,-6.9,M,-75.5,M,,*43
(Aug 15 2018 08:58:33,  847340 sec) LogNmeaSentences()   $GPGSA,A,3,02,05,12,13,15,20,21,24,25,29,,,1.1,0.8,0.8*3B
(Aug 15 2018 08:58:33,  847340 sec) LogNmeaSentences()   $GPGSV,3,1,11,02,28,063,41,05,32,026,47,12,29,192,47,13,49,095,47*71
(Aug 15 2018 08:58:34,  847341 sec) LogNmeaSentences()   $GPGSV,3,2,11,15,56,169,48,20,15,248,42,21,08,302,40,24,10,176,37*7E
(Aug 15 2018 08:58:34,  847341 sec) LogNmeaSentences()   $GPGSV,3,3,11,25,37,245,47,29,46,336,50,19,01,137,00*4C
(Aug 15 2018 08:58:42,  847349 sec) LogNmeaSentences()   $GPRMC,085820,A,1417.1231,N,08623.7600,E,000.8,075.2,150818,001.3,W*60
(Aug 15 2018 08:58:43,  847350 sec) LogNmeaSentences()   $GPGGA,085820,1417.1231,N,08623.7600,E,1,10,0.8,-5.3,M,-75.5,M,,*41
(Aug 15 2018 08:58:43,  847350 sec) LogNmeaSentences()   $GPGSA,A,3,02,05,12,13,15,20,21,24,25,29,,,1.1,0.8,0.8*3B
(Aug 15 2018 08:58:43,  847350 sec) LogNmeaSentences()   $GPGSV,3,1,11,02,28,063,47,05,32,026,49,12,29,192,44,13,49,095,49*74
(Aug 15 2018 08:58:44,  847351 sec) LogNmeaSentences()   $GPGSV,3,2,11,15,56,169,46,20,15,248,37,21,08,302,37,24,10,176,33*76
(Aug 15 2018 08:58:44,  847351 sec) LogNmeaSentences()   $GPGSV,3,3,11,25,37,244,44,29,46,336,48,19,01,137,00*47
(Aug 15 2018 08:58:52,  847359 sec) LogNmeaSentences()   $GPRMC,085830,A,1417.1232,N,08623.7621,E,000.0,240.9,150818,001.3,W*66
(Aug 15 2018 08:58:53,  847359 sec) LogNmeaSentences()   $GPGGA,085830,1417.1232,N,08623.7621,E,1,10,0.9,-7.7,M,-75.5,M,,*47
(Aug 15 2018 08:58:53,  847360 sec) LogNmeaSentences()   $GPGSA,A,3,02,05,12,13,15,20,21,24,25,29,,,1.3,0.9,0.9*39
(Aug 15 2018 08:58:53,  847360 sec) LogNmeaSentences()   $GPGSV,3,1,11,02,28,064,43,05,31,026,48,12,29,192,45,13,49,095,47*7A
(Aug 15 2018 08:58:54,  847361 sec) GpsServices()        GPS services complete.
(Aug 15 2018 08:59:26,  847393 sec) CLogin()             Connecting to primary host.
(Aug 15 2018 08:59:36,  847403 sec) CLogin()             Connection 1 established in 10 seconds.
(Aug 15 2018 09:00:06,  847433 sec) expect()             Attempt to read prompt string [login:] failed.
(Aug 15 2018 09:00:06,  847433 sec) login()              Login prompt not received.
(Aug 15 2018 09:00:36,  847462 sec) expect()             Attempt to read prompt string [login:] failed.
(Aug 15 2018 09:00:36,  847463 sec) login()              Login prompt not received.
(Aug 15 2018 09:00:36,  847463 sec) login()              No carrier detected.
(Aug 15 2018 09:00:36,  847463 sec) CLogin()             Attempt to login to host failed.
(Aug 15 2018 09:00:36,  847463 sec) DownLoadMissionCfg() Connect/login failed.  Mission configuration not downloaded from remote host.
(Aug 15 2018 09:00:41,  847468 sec) CLogin()             Connecting to primary host.
(Aug 15 2018 09:00:59,  847486 sec) CLogin()             Connection 2 established in 18 seconds.
(Aug 15 2018 09:01:29,  847516 sec) expect()             Attempt to read prompt string [login:] failed.
(Aug 15 2018 09:01:29,  847516 sec) login()              Login prompt not received.
(Aug 15 2018 09:01:59,  847546 sec) expect()             Attempt to read prompt string [login:] failed.
(Aug 15 2018 09:01:59,  847546 sec) login()              Login prompt not received.
(Aug 15 2018 09:01:59,  847546 sec) login()              No carrier detected.
(Aug 15 2018 09:01:59,  847546 sec) CLogin()             Attempt to login to host failed.
(Aug 15 2018 09:01:59,  847546 sec) DownLoadMissionCfg() Connect/login failed.  Mission configuration not downloaded from remote host.
(Aug 15 2018 09:01:59,  847546 sec) DownLoadMissionCfg() Aborting download: Retry limit [2] exceeded.
(Aug 15 2018 09:01:59,  847546 sec) WriteVitals()        Writing vitals to "9567.139.msg".
(Aug 15 2018 09:02:02,  847549 sec) CLogin()             Connecting to primary host.
(Aug 15 2018 09:02:24,  847571 sec) CLogin()             Connection 3 established in 22 seconds.
(Aug 15 2018 09:02:54,  847600 sec) expect()             Attempt to read prompt string [login:] failed.
(Aug 15 2018 09:02:54,  847601 sec) login()              Login prompt not received.
(Aug 15 2018 09:03:24,  847630 sec) expect()             Attempt to read prompt string [login:] failed.
(Aug 15 2018 09:03:24,  847631 sec) login()              Login prompt not received.
(Aug 15 2018 09:03:24,  847631 sec) login()              No carrier detected.
(Aug 15 2018 09:03:24,  847631 sec) CLogin()             Attempt to login to host failed.
(Aug 15 2018 09:03:24,  847631 sec) CLogin()             Connecting to primary host.
(Aug 15 2018 09:03:35,  847642 sec) CLogin()             Connection 4 established in 11 seconds.
(Aug 15 2018 09:04:05,  847672 sec) expect()             Attempt to read prompt string [login:] failed.
(Aug 15 2018 09:04:05,  847672 sec) login()              Login prompt not received.
(Aug 15 2018 09:04:35,  847702 sec) expect()             Attempt to read prompt string [login:] failed.
(Aug 15 2018 09:04:35,  847702 sec) login()              Login prompt not received.
(Aug 15 2018 09:04:35,  847702 sec) login()              No carrier detected.
(Aug 15 2018 09:04:35,  847702 sec) CLogin()             Attempt to login to host failed.
(Aug 15 2018 09:04:35,  847702 sec) UpLoad()             Files successfully uploaded: 0
(Aug 15 2018 09:04:35,  847702 sec) UpLoad()             Aborting upload: Retry limit [2] exceeded. Upload incomplete.
(Aug 15 2018 09:04:35,  847702 sec) logout()             No carrier detected.
(Aug 15 2018 09:04:35,  847702 sec) Telemetry()          Telemetry cycle complete: PrfId=139 ConnectionAttempts=4  Connections=4
(Aug 15 2018 09:19:50,  848617 sec) AirSystem()          Air-bladder inflation by-passed. Barometer: [125cnt, 6.2"Hg].
(Aug 15 2018 09:20:26,  848653 sec) GpsServices()        GPS almanac is current.
(Aug 15 2018 09:20:26,  848653 sec) GpsServices()        Initiating GPS fix acquisition.
(Aug 15 2018 09:20:57,  848684 sec) gga()                $GPGGA,092010,1417.2137,N,08623.9122,E,1,10,0.8,-5.5,M,-75.5,M,,*45
(Aug 15 2018 09:20:58,  848685 sec) GpsServices()        Profile 139 GPS fix obtained in 32 seconds.
(Aug 15 2018 09:20:58,  848685 sec) GpsServices()                  lon     lat mm/dd/yyyy hhmmss nsat
(Aug 15 2018 09:20:58,  848685 sec) GpsServices()        Fix:   86.399  14.287 08/15/2018 092010   10
(Aug 15 2018 09:21:26,  848713 sec) gga()                $GPGGA,092040,1417.2114,N,08623.9147,E,1,01,0.8,-5.6,M,-75.5,M,,*41
(Aug 15 2018 09:21:51,  848738 sec) gga()                $GPGGA,092050,1417.2145,N,08623.9175,E,1,10,0.9,-6.5,M,-75.5,M,,*44
(Aug 15 2018 09:22:02,  848749 sec) GpsServices()        Apf9 RTC skew check aborted.
(Aug 15 2018 09:22:02,  848749 sec) LogNmeaSentences()   ,*44
(Aug 15 2018 09:22:02,  848749 sec) LogNmeaSentences()   $GPGSA,A,3,02,05,,12,13,15,20,21,24,25,29,,1.2,0.9,0.8*39
(Aug 15 2018 09:22:03,  848750 sec) LogNmeaSentences()   $GPGSV,3,1,11,02,25,075,44,05,24,031,47,10,01,239,17,12,20,186,43*79
(Aug 15 2018 09:22:03,  848750 sec) LogNmeaSentences()   $GPGSV,3,2,11,13,48,077,46,15,67,159,48,20,19,257,41,21,12,310,42*7B
(Aug 15 2018 09:22:03,  848750 sec) LogNmeaSentences()   $GPGSV,3,3,11,24,13,167,37,25,32,232,43,29,57,335,49*4A
(Aug 15 2018 09:22:12,  848759 sec) LogNmeaSentences()   $GPRMC,092150,A,1417.2182,N,08623.9244,E,001.2,223.5,150818,001.3,W*67
(Aug 15 2018 09:22:13,  848760 sec) LogNmeaSentences()   $GPGGA,092150,1417.2182,N,08623.9244,E,1,10,0.8,-3.9,M,-75.5,M,,*47
(Aug 15 2018 09:22:13,  848760 sec) LogNmeaSentences()   $GPGSA,A,3,02,05,,12,13,15,20,21,24,25,29,,1.6,0.8,1.4*31
(Aug 15 2018 09:22:13,  848760 sec) LogNmeaSentences()   $GPGSV,3,1,11,02,25,075,45,05,23,032,47,10,01,239,20,12,20,186,41*7A
(Aug 15 2018 09:22:14,  848761 sec) LogNmeaSentences()   $GPGSV,3,2,11,13,48,077,48,15,67,159,48,20,19,257,37,21,12,310,39*78
(Aug 15 2018 09:22:14,  848761 sec) LogNmeaSentences()   $GPGSV,3,3,11,24,13,167,37,25,32,232,41,29,57,335,46*47
(Aug 15 2018 09:22:22,  848769 sec) LogNmeaSentences()   $GPRMC,092200,A,1417.2183,N,08623.9243,E,001.9,203.4,150818,001.3,W*6F
(Aug 15 2018 09:22:23,  848770 sec) LogNmeaSentences()   $GPGGA,092200,1417.2183,N,08623.9243,E,1,10,0.8,-5.1,M,-75.5,M,,*49
(Aug 15 2018 09:22:23,  848770 sec) LogNmeaSentences()   $GPGSA,A,3,02,05,,12,13,15,20,21,24,25,29,,1.1,0.8,0.8*3B
(Aug 15 2018 09:22:23,  848770 sec) LogNmeaSentences()   $GPGSV,3,1,11,02,25,075,40,05,23,032,44,10,01,239,20,12,20,186,46*7B
(Aug 15 2018 09:22:24,  848771 sec) LogNmeaSentences()   $GPGSV,3,2,11,13,48,076,47,15,67,159,48,20,19,257,42,21,12,310,39*74
(Aug 15 2018 09:22:24,  848771 sec) LogNmeaSentences()   $GPGSV,3,3,11,24,13,167,39,25,32,232,45,29,57,335,48*43
(Aug 15 2018 09:22:24,  848771 sec) LogNmeaSentences()   $PGRMT,GPS 15x-L software ver. 3.80,,,,,,,,*7C
(Aug 15 2018 09:22:32,  848779 sec) LogNmeaSentences()   $GPRMC,092210,A,1417.2170,N,08623.9260,E,000.0,175.8,150818,001.3,W*65
(Aug 15 2018 09:22:32,  848779 sec) LogNmeaSentences()   $GPGGA,092210,1417.2170,N,08623.9260,E,1,08,0.9,-2.3,M,-75.5,M,,*48
(Aug 15 2018 09:22:33,  848780 sec) GpsServices()        GPS services complete.
(Aug 15 2018 09:23:13,  848820 sec) CLogin()             Connecting to primary host.
(Aug 15 2018 09:23:29,  848836 sec) CLogin()             Connection 5 established in 16 seconds.
(Aug 15 2018 09:24:00,  848866 sec) expect()             Attempt to read prompt string [login:] failed.
(Aug 15 2018 09:24:00,  848867 sec) login()              Login prompt not received.
(Aug 15 2018 09:24:30,  848896 sec) expect()             Attempt to read prompt string [login:] failed.
(Aug 15 2018 09:24:30,  848897 sec) login()              Login prompt not received.
(Aug 15 2018 09:24:30,  848897 sec) login()              No carrier detected.
(Aug 15 2018 09:24:30,  848897 sec) CLogin()             Attempt to login to host failed.
(Aug 15 2018 09:24:30,  848897 sec) DownLoadMissionCfg() Connect/login failed.  Mission configuration not downloaded from remote host.
(Aug 15 2018 09:24:35,  848902 sec) CLogin()             Connecting to primary host.
(Aug 15 2018 09:24:59,  848926 sec) CLogin()             Connection 6 established in 24 seconds.
(Aug 15 2018 09:25:29,  848956 sec) expect()             Attempt to read prompt string [login:] failed.
(Aug 15 2018 09:25:29,  848956 sec) login()              Login prompt not received.
(Aug 15 2018 09:25:59,  848986 sec) expect()             Attempt to read prompt string [login:] failed.
(Aug 15 2018 09:25:59,  848986 sec) login()              Login prompt not received.
(Aug 15 2018 09:25:59,  848986 sec) login()              No carrier detected.
(Aug 15 2018 09:25:59,  848986 sec) CLogin()             Attempt to login to host failed.
(Aug 15 2018 09:25:59,  848986 sec) DownLoadMissionCfg() Connect/login failed.  Mission configuration not downloaded from remote host.
(Aug 15 2018 09:25:59,  848986 sec) DownLoadMissionCfg() Aborting download: Retry limit [2] exceeded.
(Aug 15 2018 09:25:59,  848986 sec) WriteVitals()        Writing vitals to "9567.139.msg".
(Aug 15 2018 09:26:02,  848989 sec) CLogin()             Connecting to primary host.
(Aug 15 2018 09:26:13,  849000 sec) CLogin()             Connection 7 established in 11 seconds.
(Aug 15 2018 09:26:43,  849029 sec) expect()             Attempt to read prompt string [login:] failed.
(Aug 15 2018 09:26:43,  849030 sec) login()              Login prompt not received.
(Aug 15 2018 09:27:13,  849060 sec) expect()             Attempt to read prompt string [login:] failed.
(Aug 15 2018 09:27:13,  849060 sec) login()              Login prompt not received.
(Aug 15 2018 09:27:13,  849060 sec) login()              No carrier detected.
(Aug 15 2018 09:27:13,  849060 sec) CLogin()             Attempt to login to host failed.
(Aug 15 2018 09:27:13,  849060 sec) CLogin()             Connecting to primary host.
(Aug 15 2018 09:27:27,  849074 sec) CLogin()             Connection 8 established in 14 seconds.
(Aug 15 2018 09:27:57,  849103 sec) expect()             Attempt to read prompt string [login:] failed.
(Aug 15 2018 09:27:57,  849104 sec) login()              Login prompt not received.
(Aug 15 2018 09:28:27,  849134 sec) expect()             Attempt to read prompt string [login:] failed.
(Aug 15 2018 09:28:27,  849134 sec) login()              Login prompt not received.
(Aug 15 2018 09:28:27,  849134 sec) login()              No carrier detected.
(Aug 15 2018 09:28:27,  849134 sec) CLogin()             Attempt to login to host failed.
(Aug 15 2018 09:28:27,  849134 sec) UpLoad()             Files successfully uploaded: 0
(Aug 15 2018 09:28:27,  849134 sec) UpLoad()             Aborting upload: Retry limit [2] exceeded. Upload incomplete.
(Aug 15 2018 09:28:27,  849134 sec) logout()             No carrier detected.
(Aug 15 2018 09:28:27,  849134 sec) Telemetry()          Telemetry cycle complete: PrfId=139 ConnectionAttempts=8  Connections=8
(Aug 15 2018 09:43:42,  850049 sec) AirSystem()          Air-bladder inflation by-passed. Barometer: [126cnt, 6.5"Hg].
(Aug 15 2018 09:44:10,  850077 sec) GpsServices()        GPS almanac is current.
(Aug 15 2018 09:44:10,  850077 sec) GpsServices()        Initiating GPS fix acquisition.
(Aug 15 2018 09:44:18,  850085 sec) gga()                $GPGGA,094350,1417.2187,N,08623.9246,E,0,00,,,M,,M,,*5F
(Aug 15 2018 09:44:47,  850114 sec) gga()                $GPGGA,094400,1417.2928,N,08624.0643,E,1,05,1.3,-8.7,M,-75.5,M,,*4F
(Aug 15 2018 09:44:48,  850115 sec) GpsServices()        Profile 139 GPS fix obtained in 37 seconds.
(Aug 15 2018 09:44:48,  850115 sec) GpsServices()                  lon     lat mm/dd/yyyy hhmmss nsat
(Aug 15 2018 09:44:48,  850115 sec) GpsServices()        Fix:   86.401  14.288 08/15/2018 094400    5
(Aug 15 2018 09:45:17,  850144 sec) gga()                $GPGGA,094430,1417.2932,N,08624.0671,E,1,11,0.7,-0.2,M,-75.5,M,,*4B
(Aug 15 2018 09:45:22,  850149 sec) gga()                $GPGGA,094500,1417.2930,N,08624.0699,E,1,11,0.7,-0.1,M,-75.5,M,,*4E
(Aug 15 2018 09:45:22,  850149 sec) GpsServices()        APF9 RTC skew (22s) OK.
(Aug 15 2018 09:45:23,  850150 sec) LogNmeaSentences()   ,44,061,46,15,76,133,50,20,23,268,32,21,17,318,40*7B
(Aug 15 2018 09:45:23,  850150 sec) LogNmeaSentences()   $GPGSV,3,3,11,24,17,158,39,25,26,222,42,29,69,328,47*46
(Aug 15 2018 09:45:23,  850150 sec) LogNmeaSentences()   $PGRMT,GPS 15x-L software ver. 3.80,,,,,,,,*7C
(Aug 15 2018 09:45:32,  850159 sec) LogNmeaSentences()   $GPRMC,094510,A,1417.2938,N,08624.0709,E,000.0,262.4,150818,001.3,W*6D
(Aug 15 2018 09:45:32,  850159 sec) LogNmeaSentences()   $GPGGA,094510,1417.2938,N,08624.0709,E,1,01,2.1,4.9,M,-75.5,M,,*6B
(Aug 15 2018 09:45:33,  850160 sec) LogNmeaSentences()   $GPGSA,A,3,10,,,,,,,,,,,,2.3,2.1,1.0*30
(Aug 15 2018 09:45:33,  850160 sec) LogNmeaSentences()   $GPGSV,3,1,11,10,07,248,26,02,23,086,00,05,16,037,00,12,13,179,00*72
(Aug 15 2018 09:45:33,  850160 sec) LogNmeaSentences()   $GPGSV,3,2,11,13,44,061,00,15,76,132,00,20,23,268,00,21,16,318,00*79
(Aug 15 2018 09:45:34,  850161 sec) LogNmeaSentences()   $GPGSV,3,3,11,24,16,158,00,25,27,223,00,29,68,329,00*48
(Aug 15 2018 09:45:42,  850169 sec) LogNmeaSentences()   $GPRMC,094520,A,1417.2956,N,08624.0720,E,000.0,035.7,150818,001.3,W*6E
(Aug 15 2018 09:45:42,  850169 sec) LogNmeaSentences()   $GPGGA,094520,1417.2956,N,08624.0720,E,1,10,0.8,6.8,M,-75.5,M,,*63
(Aug 15 2018 09:45:43,  850170 sec) LogNmeaSentences()   $GPGSA,A,3,02,05,10,12,13,15,21,24,25,29,,,1.2,0.8,0.8*3B
(Aug 15 2018 09:45:43,  850170 sec) LogNmeaSentences()   $GPGSV,3,1,11,02,23,086,44,05,16,038,43,10,07,248,37,12,13,179,39*70
(Aug 15 2018 09:45:44,  850171 sec) LogNmeaSentences()   $GPGSV,3,2,11,13,44,061,48,15,76,132,48,21,17,318,40,24,17,158,41*7A
(Aug 15 2018 09:45:44,  850171 sec) LogNmeaSentences()   $GPGSV,3,3,11,25,26,222,45,29,69,328,51,20,23,268,00*4F
(Aug 15 2018 09:45:52,  850179 sec) LogNmeaSentences()   $GPRMC,094530,A,1417.2942,N,08624.0749,E,001.5,081.6,150818,001.3,W*6F
(Aug 15 2018 09:45:53,  850180 sec) LogNmeaSentences()   $GPGGA,094530,1417.2942,N,08624.0749,E,1,10,0.8,3.6,M,-75.5,M,,*63
(Aug 15 2018 09:45:53,  850180 sec) LogNmeaSentences()   $GPGSA,A,3,02,05,10,12,13,15,21,24,25,29,,,1.1,0.8,0.8*38
(Aug 15 2018 09:45:53,  850180 sec) LogNmeaSentences()   $GPGSV,3,1,11,02,23,087,42,05,16,038,46,10,07,248,37,12,13,179,42*7E
(Aug 15 2018 09:45:54,  850181 sec) GpsServices()        GPS services complete.
(Aug 15 2018 09:46:18,  850205 sec) CLogin()             Connecting to primary host.
(Aug 15 2018 09:46:29,  850216 sec) CLogin()             Connection 9 established in 11 seconds.
(Aug 15 2018 09:46:59,  850245 sec) expect()             Attempt to read prompt string [login:] failed.
(Aug 15 2018 09:46:59,  850246 sec) login()              Login prompt not received.
(Aug 15 2018 09:47:29,  850275 sec) expect()             Attempt to read prompt string [login:] failed.
(Aug 15 2018 09:47:29,  850276 sec) login()              Login prompt not received.
(Aug 15 2018 09:47:29,  850276 sec) login()              No carrier detected.
(Aug 15 2018 09:47:29,  850276 sec) CLogin()             Attempt to login to host failed.
(Aug 15 2018 09:47:29,  850276 sec) DownLoadMissionCfg() Connect/login failed.  Mission configuration not downloaded from remote host.
(Aug 15 2018 09:47:34,  850281 sec) CLogin()             Connecting to primary host.
(Aug 15 2018 09:47:45,  850292 sec) CLogin()             Connection 10 established in 11 seconds.
(Aug 15 2018 09:48:15,  850321 sec) expect()             Attempt to read prompt string [login:] failed.
(Aug 15 2018 09:48:15,  850322 sec) login()              Login prompt not received.
(Aug 15 2018 09:48:45,  850352 sec) expect()             Attempt to read prompt string [login:] failed.
(Aug 15 2018 09:48:45,  850352 sec) login()              Login prompt not received.
(Aug 15 2018 09:48:45,  850352 sec) login()              No carrier detected.
(Aug 15 2018 09:48:45,  850352 sec) CLogin()             Attempt to login to host failed.
(Aug 15 2018 09:48:45,  850352 sec) DownLoadMissionCfg() Connect/login failed.  Mission configuration not downloaded from remote host.
(Aug 15 2018 09:48:45,  850352 sec) DownLoadMissionCfg() Aborting download: Retry limit [2] exceeded.
(Aug 15 2018 09:48:45,  850352 sec) WriteVitals()        Writing vitals to "9567.139.msg".
(Aug 15 2018 09:48:48,  850355 sec) CLogin()             Connecting to primary host.
(Aug 15 2018 09:49:05,  850372 sec) CLogin()             Connection 11 established in 17 seconds.
(Aug 15 2018 09:49:35,  850401 sec) expect()             Attempt to read prompt string [login:] failed.
(Aug 15 2018 09:49:35,  850402 sec) login()              Login prompt not received.
(Aug 15 2018 09:50:05,  850432 sec) expect()             Attempt to read prompt string [login:] failed.
(Aug 15 2018 09:50:05,  850432 sec) login()              Login prompt not received.
(Aug 15 2018 09:50:05,  850432 sec) login()              No carrier detected.
(Aug 15 2018 09:50:05,  850432 sec) CLogin()             Attempt to login to host failed.
(Aug 15 2018 09:50:05,  850432 sec) CLogin()             Connecting to primary host.
(Aug 15 2018 09:50:15,  850442 sec) CLogin()             Connection 12 established in 10 seconds.
(Aug 15 2018 09:50:45,  850471 sec) expect()             Attempt to read prompt string [login:] failed.
(Aug 15 2018 09:50:45,  850472 sec) login()              Login prompt not received.
(Aug 15 2018 09:51:15,  850502 sec) expect()             Attempt to read prompt string [login:] failed.
(Aug 15 2018 09:51:15,  850502 sec) login()              Login prompt not received.
(Aug 15 2018 09:51:15,  850502 sec) login()              No carrier detected.
(Aug 15 2018 09:51:15,  850502 sec) CLogin()             Attempt to login to host failed.
(Aug 15 2018 09:51:15,  850502 sec) UpLoad()             Files successfully uploaded: 0
(Aug 15 2018 09:51:15,  850502 sec) UpLoad()             Aborting upload: Retry limit [2] exceeded. Upload incomplete.
(Aug 15 2018 09:51:15,  850502 sec) logout()             No carrier detected.
(Aug 15 2018 09:51:15,  850502 sec) Telemetry()          Telemetry cycle complete: PrfId=139 ConnectionAttempts=12  Connections=12
(Aug 15 2018 10:06:30,  851417 sec) AirSystem()          Air-bladder inflation by-passed. Barometer: [126cnt, 6.5"Hg].
(Aug 15 2018 10:06:59,  851446 sec) GpsServices()        GPS almanac is current.
(Aug 15 2018 10:06:59,  851446 sec) GpsServices()        Initiating GPS fix acquisition.
(Aug 15 2018 10:07:07,  851454 sec) gga()                $GPGGA,100640,1417.2959,N,08624.0722,E,0,00,,,M,,M,,*55
(Aug 15 2018 10:07:47,  851494 sec) gga()                $GPGGA,100700,1417.3680,N,08624.2043,E,1,11,0.7,2.1,M,-75.5,M,,*69
(Aug 15 2018 10:07:47,  851494 sec) GpsServices()        Profile 139 GPS fix obtained in 48 seconds.
(Aug 15 2018 10:07:47,  851494 sec) GpsServices()                  lon     lat mm/dd/yyyy hhmmss nsat
(Aug 15 2018 10:07:47,  851494 sec) GpsServices()        Fix:   86.403  14.289 08/15/2018 100700   11
(Aug 15 2018 10:08:17,  851524 sec) gga()                $GPGGA,100730,1417.3709,N,08624.2061,E,1,11,0.8,-4.5,M,-75.5,M,,*4A
(Aug 15 2018 10:08:22,  851529 sec) gga()                $GPGGA,100800,1417.3732,N,08624.2066,E,1,11,0.8,-8.0,M,-75.5,M,,*40
(Aug 15 2018 10:08:22,  851529 sec) GpsServices()        APF9 RTC skew (22s) OK.
(Aug 15 2018 10:08:23,  851530 sec) LogNmeaSentences()   7,050,45,15,78,075,51,20,27,279,43,21,22,325,44*7F
(Aug 15 2018 10:08:23,  851530 sec) LogNmeaSentences()   $GPGSV,3,3,12,24,21,150,42,25,21,213,44,26,01,294,22,29,78,301,50*70
(Aug 15 2018 10:08:23,  851530 sec) LogNmeaSentences()   $PGRMT,GPS 15x-L software ver. 3.80,,,,,,,,*7C
(Aug 15 2018 10:08:32,  851539 sec) LogNmeaSentences()   $GPRMC,100810,A,1417.3731,N,08624.2077,E,001.7,225.9,150818,001.3,W*6E
(Aug 15 2018 10:08:33,  851540 sec) LogNmeaSentences()   $GPGGA,100810,1417.3731,N,08624.2077,E,1,11,0.8,-3.4,M,-75.5,M,,*4D
(Aug 15 2018 10:08:33,  851540 sec) LogNmeaSentences()   $GPGSA,A,3,02,05,10,12,13,15,20,21,24,25,,29,1.1,0.8,0.8*3A
(Aug 15 2018 10:08:33,  851540 sec) LogNmeaSentences()   $GPGSV,3,1,12,02,19,097,47,05,10,045,46,10,11,257,30,12,07,173,36*7E
(Aug 15 2018 10:08:34,  851541 sec) LogNmeaSentences()   $GPGSV,3,2,12,13,37,050,47,15,78,075,49,20,27,279,37,21,22,325,42*71
(Aug 15 2018 10:08:34,  851541 sec) LogNmeaSentences()   $GPGSV,3,3,12,24,21,149,39,25,21,213,30,26,01,294,16,29,78,301,47*76
(Aug 15 2018 10:08:42,  851549 sec) LogNmeaSentences()   $GPRMC,100820,A,1417.3731,N,08624.2099,E,002.6,098.0,150818,001.3,W*62
(Aug 15 2018 10:08:43,  851550 sec) LogNmeaSentences()   $GPGGA,100820,1417.3731,N,08624.2099,E,1,11,0.8,2.9,M,-75.5,M,,*6F
(Aug 15 2018 10:08:43,  851550 sec) LogNmeaSentences()   $GPGSA,A,3,02,05,10,12,13,15,20,21,24,25,29,,1.1,0.8,0.8*3A
(Aug 15 2018 10:08:43,  851550 sec) LogNmeaSentences()   $GPGSV,3,1,12,02,19,097,42,05,10,045,45,10,11,257,37,12,07,173,41*7F
(Aug 15 2018 10:08:44,  851551 sec) LogNmeaSentences()   $GPGSV,3,2,12,13,37,050,47,15,78,075,51,20,27,279,43,21,22,325,36*78
(Aug 15 2018 10:08:44,  851551 sec) LogNmeaSentences()   $GPGSV,3,3,12,24,21,149,40,25,21,213,41,29,79,300,49,26,01,295,00*76
(Aug 15 2018 10:08:52,  851559 sec) LogNmeaSentences()   $GPRMC,100830,A,1417.3727,N,08624.2129,E,002.7,065.7,150818,001.3,W*6A
(Aug 15 2018 10:08:53,  851560 sec) LogNmeaSentences()   $GPGGA,100830,1417.3727,N,08624.2129,E,1,11,0.7,4.4,M,-75.5,M,,*67
(Aug 15 2018 10:08:53,  851560 sec) LogNmeaSentences()   $GPGSA,A,3,02,05,10,12,13,15,20,21,24,25,,29,1.0,0.7,0.7*3B
(Aug 15 2018 10:08:53,  851560 sec) LogNmeaSentences()   $GPGSV,3,1,12,02,19,097,43,05,10,045,43,10,11,257,38,12,07,173,42*74
(Aug 15 2018 10:08:54,  851561 sec) GpsServices()        GPS services complete.
(Aug 15 2018 10:09:18,  851585 sec) CLogin()             Connecting to primary host.
(Aug 15 2018 10:09:31,  851598 sec) CLogin()             Connection 13 established in 13 seconds.
(Aug 15 2018 10:10:01,  851628 sec) expect()             Attempt to read prompt string [login:] failed.
(Aug 15 2018 10:10:01,  851628 sec) login()              Login prompt not received.
(Aug 15 2018 10:10:01,  851628 sec) login()              No carrier detected.
(Aug 15 2018 10:10:01,  851628 sec) CLogin()             Attempt to login to host failed.
(Aug 15 2018 10:10:01,  851628 sec) DownLoadMissionCfg() Connect/login failed.  Mission configuration not downloaded from remote host.
(Aug 15 2018 10:10:06,  851633 sec) CLogin()             Connecting to primary host.
(Aug 15 2018 10:10:24,  851651 sec) CLogin()             Connection 14 established in 18 seconds.
(Aug 15 2018 10:10:54,  851681 sec) expect()             Attempt to read prompt string [login:] failed.
(Aug 15 2018 10:10:54,  851681 sec) login()              Login prompt not received.
(Aug 15 2018 10:10:54,  851681 sec) login()              No carrier detected.
(Aug 15 2018 10:10:54,  851681 sec) CLogin()             Attempt to login to host failed.
(Aug 15 2018 10:10:54,  851681 sec) DownLoadMissionCfg() Connect/login failed.  Mission configuration not downloaded from remote host.
(Aug 15 2018 10:10:54,  851681 sec) DownLoadMissionCfg() Aborting download: Retry limit [2] exceeded.
(Aug 15 2018 10:10:54,  851681 sec) WriteVitals()        Writing vitals to "9567.139.msg".
(Aug 15 2018 10:10:57,  851684 sec) CLogin()             Connecting to primary host.
(Aug 15 2018 10:11:08,  851695 sec) CLogin()             Connection 15 established in 11 seconds.
(Aug 15 2018 10:11:38,  851725 sec) expect()             Attempt to read prompt string [login:] failed.
(Aug 15 2018 10:11:38,  851725 sec) login()              Login prompt not received.
(Aug 15 2018 10:12:08,  851755 sec) expect()             Attempt to read prompt string [login:] failed.
(Aug 15 2018 10:12:08,  851755 sec) login()              Login prompt not received.
(Aug 15 2018 10:12:08,  851755 sec) login()              No carrier detected.
(Aug 15 2018 10:12:08,  851755 sec) CLogin()             Attempt to login to host failed.
(Aug 15 2018 10:12:08,  851755 sec) CLogin()             Connecting to primary host.
(Aug 15 2018 10:12:26,  851773 sec) CLogin()             Connection 16 established in 18 seconds.
(Aug 15 2018 10:12:56,  851802 sec) expect()             Attempt to read prompt string [login:] failed.
(Aug 15 2018 10:12:56,  851803 sec) login()              Login prompt not received.
(Aug 15 2018 10:13:26,  851833 sec) expect()             Attempt to read prompt string [login:] failed.
(Aug 15 2018 10:13:26,  851833 sec) login()              Login prompt not received.
(Aug 15 2018 10:13:26,  851833 sec) login()              No carrier detected.
(Aug 15 2018 10:13:26,  851833 sec) CLogin()             Attempt to login to host failed.
(Aug 15 2018 10:13:26,  851833 sec) UpLoad()             Files successfully uploaded: 0
(Aug 15 2018 10:13:26,  851833 sec) UpLoad()             Aborting upload: Retry limit [2] exceeded. Upload incomplete.
(Aug 15 2018 10:13:26,  851833 sec) logout()             No carrier detected.
(Aug 15 2018 10:13:26,  851833 sec) Telemetry()          Telemetry cycle complete: PrfId=139 ConnectionAttempts=16  Connections=16
(Aug 15 2018 10:28:41,  852748 sec) AirSystem()          Air-bladder inflation by-passed. Barometer: [126cnt, 6.5"Hg].
(Aug 15 2018 10:29:18,  852785 sec) GpsServices()        GPS almanac is current.
(Aug 15 2018 10:29:18,  852785 sec) GpsServices()        Initiating GPS fix acquisition.
(Aug 15 2018 10:29:47,  852814 sec) gga()                $GPGGA,102900,1417.4387,N,08624.3262,E,1,09,0.8,15.3,M,-75.5,M,,*52
(Aug 15 2018 10:29:47,  852814 sec) GpsServices()        Profile 139 GPS fix obtained in 29 seconds.
(Aug 15 2018 10:29:47,  852814 sec) GpsServices()                  lon     lat mm/dd/yyyy hhmmss nsat
(Aug 15 2018 10:29:48,  852815 sec) GpsServices()        Fix:   86.405  14.291 08/15/2018 102900    9
(Aug 15 2018 10:30:16,  852843 sec) gga()                $GPGGA,102930,1417.4466,N,08624.3298,E,1,09,0.8,4.0,M,-75.5,M,,*6F
(Aug 15 2018 10:30:22,  852849 sec) gga()                $GPGGA,103000,1417.4455,N,08624.3318,E,1,09,0.8,2.6,M,-75.5,M,,*6D
(Aug 15 2018 10:30:22,  852849 sec) GpsServices()        APF9 RTC skew (22s) OK.
(Aug 15 2018 10:30:23,  852850 sec) LogNmeaSentences()   043,45,15,70,043,50,20,29,290,42,24,26,140,41*73
(Aug 15 2018 10:30:23,  852850 sec) LogNmeaSentences()   $GPGSV,3,3,12,25,16,204,41,29,79,235,50,32,02,214,29,21,28,332,00*79
(Aug 15 2018 10:30:23,  852850 sec) LogNmeaSentences()   $PGRMT,GPS 15x-L software ver. 3.80,,,,,,,,*7C
(Aug 15 2018 10:30:32,  852859 sec) LogNmeaSentences()   $GPRMC,103010,A,1417.4478,N,08624.3321,E,003.7,057.5,150818,001.3,W*64
(Aug 15 2018 10:30:32,  852859 sec) LogNmeaSentences()   $GPGGA,103010,1417.4478,N,08624.3321,E,1,08,1.0,-0.9,M,-75.5,M,,*41
(Aug 15 2018 10:30:33,  852860 sec) LogNmeaSentences()   $GPGSA,A,3,02,05,10,,13,15,20,25,29,,,,1.2,1.0,0.8*36
(Aug 15 2018 10:30:33,  852860 sec) LogNmeaSentences()   $GPGSV,3,1,12,02,15,107,42,05,05,052,41,10,14,266,41,12,03,166,34*79
(Aug 15 2018 10:30:34,  852861 sec) LogNmeaSentences()   $GPGSV,3,2,12,13,29,043,45,15,70,043,50,20,29,290,41,25,16,204,36*71
(Aug 15 2018 10:30:34,  852861 sec) LogNmeaSentences()   $GPGSV,3,3,12,29,79,235,49,32,02,214,34,21,28,332,00,24,26,140,00*79
(Aug 15 2018 10:30:42,  852869 sec) LogNmeaSentences()   $GPRMC,103020,A,1417.4481,N,08624.3326,E,001.0,046.4,150818,001.3,W*62
(Aug 15 2018 10:30:42,  852869 sec) LogNmeaSentences()   $GPGGA,103020,1417.4481,N,08624.3326,E,1,08,1.0,-2.4,M,-75.5,M,,*4C
(Aug 15 2018 10:30:43,  852870 sec) LogNmeaSentences()   $GPGSA,A,3,02,05,10,,13,15,21,25,29,,,,1.3,1.0,0.8*36
(Aug 15 2018 10:30:43,  852870 sec) LogNmeaSentences()   $GPGSV,3,1,12,02,15,107,35,05,05,052,31,10,14,266,32,12,02,166,36*79
(Aug 15 2018 10:30:44,  852871 sec) LogNmeaSentences()   $GPGSV,3,2,12,13,29,042,44,15,70,043,49,21,28,331,45,25,16,204,33*72
(Aug 15 2018 10:30:44,  852871 sec) LogNmeaSentences()   $GPGSV,3,3,12,29,79,235,49,32,02,214,32,20,29,290,00,24,26,140,00*76
(Aug 15 2018 10:30:52,  852879 sec) LogNmeaSentences()   $GPRMC,103030,A,1417.4477,N,08624.3343,E,001.7,299.6,150818,001.3,W*6C
(Aug 15 2018 10:30:52,  852879 sec) LogNmeaSentences()   $GPGGA,103030,1417.4477,N,08624.3343,E,1,09,0.9,-1.5,M,-75.5,M,,*4C
(Aug 15 2018 10:30:53,  852880 sec) LogNmeaSentences()   $GPGSA,A,3,02,10,13,15,20,21,24,25,29,,,,1.2,0.9,0.8*3E
(Aug 15 2018 10:30:53,  852880 sec) LogNmeaSentences()   $GPGSV,3,1,12,02,15,107,43,10,14,266,42,13,29,042,43,15,70,043,52*74
(Aug 15 2018 10:30:54,  852881 sec) GpsServices()        GPS services complete.
(Aug 15 2018 10:31:18,  852905 sec) CLogin()             Connecting to primary host.
(Aug 15 2018 10:31:29,  852916 sec) CLogin()             Connection 17 established in 11 seconds.
(Aug 15 2018 10:31:59,  852946 sec) expect()             Attempt to read prompt string [login:] failed.
(Aug 15 2018 10:31:59,  852946 sec) login()              Login prompt not received.
(Aug 15 2018 10:32:29,  852975 sec) expect()             Attempt to read prompt string [login:] failed.
(Aug 15 2018 10:32:29,  852976 sec) login()              Login prompt not received.
(Aug 15 2018 10:32:29,  852976 sec) login()              No carrier detected.
(Aug 15 2018 10:32:29,  852976 sec) CLogin()             Attempt to login to host failed.
(Aug 15 2018 10:32:29,  852976 sec) DownLoadMissionCfg() Connect/login failed.  Mission configuration not downloaded from remote host.
(Aug 15 2018 10:32:34,  852981 sec) CLogin()             Connecting to primary host.
(Aug 15 2018 10:32:43,  852990 sec) CLogin()             Connection 18 established in 9 seconds.
(Aug 15 2018 10:33:13,  853020 sec) expect()             Attempt to read prompt string [login:] failed.
(Aug 15 2018 10:33:13,  853020 sec) login()              Login prompt not received.
(Aug 15 2018 10:33:43,  853050 sec) expect()             Attempt to read prompt string [login:] failed.
(Aug 15 2018 10:33:43,  853050 sec) login()              Login prompt not received.
(Aug 15 2018 10:33:43,  853050 sec) login()              No carrier detected.
(Aug 15 2018 10:33:43,  853050 sec) CLogin()             Attempt to login to host failed.
(Aug 15 2018 10:33:43,  853050 sec) DownLoadMissionCfg() Connect/login failed.  Mission configuration not downloaded from remote host.
(Aug 15 2018 10:33:43,  853050 sec) DownLoadMissionCfg() Aborting download: Retry limit [2] exceeded.
(Aug 15 2018 10:33:43,  853050 sec) WriteVitals()        Writing vitals to "9567.139.msg".
(Aug 15 2018 10:33:46,  853053 sec) CLogin()             Connecting to primary host.
(Aug 15 2018 10:34:03,  853070 sec) CLogin()             Connection 19 established in 17 seconds.
(Aug 15 2018 10:34:33,  853099 sec) expect()             Attempt to read prompt string [login:] failed.
(Aug 15 2018 10:34:33,  853100 sec) login()              Login prompt not received.
(Aug 15 2018 10:35:03,  853130 sec) expect()             Attempt to read prompt string [login:] failed.
(Aug 15 2018 10:35:03,  853130 sec) login()              Login prompt not received.
(Aug 15 2018 10:35:03,  853130 sec) login()              No carrier detected.
(Aug 15 2018 10:35:03,  853130 sec) CLogin()             Attempt to login to host failed.
(Aug 15 2018 10:35:03,  853130 sec) CLogin()             Connecting to primary host.
(Aug 15 2018 10:35:18,  853145 sec) CLogin()             Connection 20 established in 15 seconds.
(Aug 15 2018 10:35:48,  853174 sec) expect()             Attempt to read prompt string [login:] failed.
(Aug 15 2018 10:35:48,  853175 sec) login()              Login prompt not received.
(Aug 15 2018 10:35:48,  853175 sec) login()              No carrier detected.
(Aug 15 2018 10:35:48,  853175 sec) CLogin()             Attempt to login to host failed.
(Aug 15 2018 10:35:48,  853175 sec) UpLoad()             Files successfully uploaded: 0
(Aug 15 2018 10:35:48,  853175 sec) UpLoad()             Aborting upload: Retry limit [2] exceeded. Upload incomplete.
(Aug 15 2018 10:35:48,  853175 sec) logout()             No carrier detected.
(Aug 15 2018 10:35:48,  853175 sec) Telemetry()          Telemetry cycle complete: PrfId=139 ConnectionAttempts=20  Connections=20
(Aug 15 2018 10:51:10,  854097 sec) AirSystem()          Battery [144cnt, 11.2V]  Current [75cnt, 30.2mA]  Barometer [128cnt, 7.1"Hg]  Run-Time [3s]
(Aug 15 2018 10:51:40,  854127 sec) GpsServices()        GPS almanac is current.
(Aug 15 2018 10:51:40,  854127 sec) GpsServices()        Initiating GPS fix acquisition.
(Aug 15 2018 10:52:07,  854154 sec) gga()                $GPGGA,105120,1417.4698,N,08624.4421,E,1,08,0.9,1.6,M,-75.5,M,,*62
(Aug 15 2018 10:52:07,  854154 sec) GpsServices()        Profile 139 GPS fix obtained in 27 seconds.
(Aug 15 2018 10:52:07,  854154 sec) GpsServices()                  lon     lat mm/dd/yyyy hhmmss nsat
(Aug 15 2018 10:52:08,  854155 sec) GpsServices()        Fix:   86.407  14.291 08/15/2018 105120    8
(Aug 15 2018 10:52:37,  854184 sec) gga()                $GPGGA,105150,1417.4692,N,08624.4423,E,1,10,0.8,4.0,M,-75.5,M,,*66
(Aug 15 2018 10:52:42,  854189 sec) gga()                $GPGGA,105220,1417.4706,N,08624.4452,E,1,10,0.9,-4.3,M,-75.5,M,,*47
(Aug 15 2018 10:52:42,  854189 sec) GpsServices()        APF9 RTC skew (22s) OK.
(Aug 15 2018 10:52:43,  854190 sec) LogNmeaSentences()   301,43,21,35,337,44,24,32,130,45,25,12,196,41*77
(Aug 15 2018 10:52:43,  854190 sec) LogNmeaSentences()   $GPGSV,3,3,12,26,01,276,22,29,70,205,50,32,10,216,42,05,01,059,00*79
(Aug 15 2018 10:52:52,  854199 sec) LogNmeaSentences()   $GPRMC,105230,A,1417.4727,N,08624.4437,E,001.7,122.1,150818,001.3,W*69
(Aug 15 2018 10:52:53,  854200 sec) LogNmeaSentences()   $GPGGA,105230,1417.4727,N,0

(Aug 15 2018 10:52:53) LogSize()            Log file is 38913 bytes.  Limit is 40960 bytes.

8624.4437,E,1,10,0.8,-1.3,M,-75.5,M,,*42
(Aug 15 2018 10:52:53,  854200 sec) LogNmeaSentences()   $GPGSA,A,3,02,10,13,15,20,21,24,25,,29,32,,1.1,0.8,0.8*3D
(Aug 15 2018 10:52:53,  854200 sec) LogNmeaSentences()   $GPGSV,3,1,12,02,10,116,45,10,17,276,42,13,21,038,41,15,60,033,49*7E
(Aug 15 2018 10:52:54,  854201 sec) LogNmeaSentences()   $GPGSV,3,2,12,20,31,301,37,21,35,337,44,24,32,130,42,25,12,196,35*70
(Aug 15 2018 10:52:54,  854201 sec) LogNmeaSentences()   $GPGSV,3,3,12,26,01,276,18,29,70,204,49,32,11,216,41,05,01,059,00*7B
(Aug 15 2018 10:53:02,  854209 sec) LogNmeaSentences()   $GPRMC,105240,A,1417.4716,N,08624.4439,E,000.8,192.7,150818,001.3,W*61
(Aug 15 2018 10:53:03,  854210 sec) LogNmeaSentences()   $GPGGA,105240,1417.4716,N,08624.4439,E,1,10,0.8,-0.8,M,-75.5,M,,*43
(Aug 15 2018 10:53:03,  854210 sec) LogNmeaSentences()   $GPGSA,A,3,02,10,13,15,20,21,24,25,,29,32,,1.2,0.8,0.8*3E
(Aug 15 2018 10:53:03,  854210 sec) LogNmeaSentences()   $GPGSV,3,1,12,02,10,116,39,10,17,276,43,13,21,038,38,15,59,033,50*78
(Aug 15 2018 10:53:03,  854210 sec) LogNmeaSentences()   $GPGSV,3,2,12,20,31,301,45,21,35,337,42,24,32,130,43,25,12,196,35*72
(Aug 15 2018 10:53:04,  854211 sec) LogNmeaSentences()   $GPGSV,3,3,12,26,01,276,18,29,70,204,50,32,11,216,37,05,01,059,00*72
(Aug 15 2018 10:53:12,  854219 sec) LogNmeaSentences()   $GPRMC,105250,A,1417.4757,N,08624.4423,E,000.0,189.4,150818,001.3,W*6F
(Aug 15 2018 10:53:12,  854219 sec) LogNmeaSentences()   $GPGGA,105250,1417.4757,N,08624.4423,E,1,10,0.8,0.8,M,-75.5,M,,*61
(Aug 15 2018 10:53:13,  854220 sec) LogNmeaSentences()   $GPGSA,A,3,02,10,13,15,20,21,24,25,,29,32,,1.2,0.8,0.8*3E
(Aug 15 2018 10:53:13,  854220 sec) LogNmeaSentences()   
<EOT>
