(Jul 16 2018 20:28:22,  845846 sec) TelemetryInit()      Profile 136. (Apf9i FwRev: 012811)
(Jul 16 2018 20:35:58,  846302 sec) AirSystem()          Battery [143cnt, 11.1V]  Current [74cnt, 29.8mA]  Barometer [127cnt, 6.8"Hg]  Run-Time [65s]
(Jul 16 2018 20:36:27,  846331 sec) GpsServices()        GPS almanac is current.
(Jul 16 2018 20:36:27,  846331 sec) GpsServices()        Initiating GPS fix acquisition.
(Jul 16 2018 20:36:37,  846341 sec) gga()                $GPGGA,203630,1358.2091,N,08556.4517,E,0,00,,,M,,M,,*55
(Jul 16 2018 20:36:47,  846351 sec) gga()                $GPGGA,203640,1358.2091,N,08556.4517,E,0,00,,,M,,M,,*52
(Jul 16 2018 20:36:53,  846357 sec) gga()                $GPGGA,203630,1358.2091,N,08556.4517,E,0,00,,,M,,M,,*55
(Jul 16 2018 20:37:03,  846367 sec) gga()                $GPGGA,203640,1358.2091,N,08556.4517,E,0,00,,,M,,M,,*52
(Jul 16 2018 20:37:13,  846377 sec) gga()                $GPGGA,203650,1358.2091,N,08556.4517,E,0,00,,,M,,M,,*53
(Jul 16 2018 20:37:23,  846387 sec) gga()                $GPGGA,203700,1358.2091,N,08556.4517,E,0,00,,,M,,M,,*57
(Jul 16 2018 20:37:33,  846397 sec) gga()                $GPGGA,203710,1358.2091,N,08556.4517,E,0,00,,,M,,M,,*56
(Jul 16 2018 20:38:01,  846424 sec) gga()                $GPGGA,203720,1405.9954,N,08620.7150,E,1,10,0.9,-11.4,M,-75.8,M,,*7E
(Jul 16 2018 20:38:01,  846425 sec) GpsServices()        Profile 136 GPS fix obtained in 94 seconds.
(Jul 16 2018 20:38:01,  846425 sec) GpsServices()                  lon     lat mm/dd/yyyy hhmmss nsat
(Jul 16 2018 20:38:01,  846425 sec) GpsServices()        Fix:   86.345  14.100 07/16/2018 203720   10
(Jul 16 2018 20:38:31,  846454 sec) gga()                $GPGGA,203750,1405.9881,N,08620.7116,E,1,10,0.8,-4.6,M,-75.8,M,,*45
(Jul 16 2018 20:38:36,  846460 sec) gga()                $GPGGA,203820,1405.9831,N,08620.7123,E,1,12,0.8,-7.7,M,-75.8,M,,*40
(Jul 16 2018 20:38:36,  846460 sec) GpsServices()        APF9 RTC skew (16s) OK.
(Jul 16 2018 20:38:37,  846461 sec) LogNmeaSentences()   81,121,45,18,16,215,39,22,63,278,44,23,16,322,42*7F
(Jul 16 2018 20:38:37,  846461 sec) LogNmeaSentences()   $GPGSV,3,3,12,26,56,041,48,27,21,158,43,31,19,038,46,32,19,103,49*7C
(Jul 16 2018 20:38:46,  846470 sec) LogNmeaSentences()   $GPRMC,203830,A,1405.9814,N,08620.7101,E,001.7,233.8,160718,001.3,W*66
(Jul 16 2018 20:38:47,  846470 sec) LogNmeaSentences()   $GPGGA,203830,1405.9814,N,08620.7101,E,1,10,0.9,-5.6,M,-75.8,M,,*46
(Jul 16 2018 20:38:47,  846471 sec) LogNmeaSentences()   $GPGSA,A,3,01,03,08,,16,18,22,23,27,31,32,,1.2,0.9,0.8*33
(Jul 16 2018 20:38:47,  846471 sec) LogNmeaSentences()   $GPGSV,3,1,12,01,16,241,45,03,45,308,47,08,08,189,42,11,04,224,34*73
(Jul 16 2018 20:38:48,  846471 sec) LogNmeaSentences()   $GPGSV,3,2,12,16,81,121,44,18,16,215,46,22,63,278,46,23,16,322,39*78
(Jul 16 2018 20:38:48,  846472 sec) LogNmeaSentences()   $GPGSV,3,3,12,27,21,158,43,31,19,038,44,32,19,103,41,14,35,077,00*7B
(Jul 16 2018 20:38:56,  846480 sec) LogNmeaSentences()   $GPRMC,203840,A,1405.9786,N,08620.7136,E,005.8,092.9,160718,001.3,W*62
(Jul 16 2018 20:38:56,  846480 sec) LogNmeaSentences()   $GPGGA,203840,1405.9786,N,08620.7136,E,1,00,1.1,-0.9,M,-75.8,M,,*43
(Jul 16 2018 20:38:57,  846481 sec) LogNmeaSentences()   $GPGSA,A,3,,,,,,,,,,,,,1.4,1.1,0.9*3E
(Jul 16 2018 20:38:57,  846481 sec) LogNmeaSentences()   $GPGSV,3,1,12,01,16,242,00,03,45,310,00,08,08,190,00,11,04,224,00*72
(Jul 16 2018 20:38:57,  846481 sec) LogNmeaSentences()   $GPGSV,3,2,12,14,35,077,00,16,81,122,00,18,16,215,00,22,62,279,00*77
(Jul 16 2018 20:38:58,  846482 sec) LogNmeaSentences()   $GPGSV,3,3,12,23,16,322,00,26,56,041,00,27,21,157,00,31,19,037,00*76
(Jul 16 2018 20:39:06,  846490 sec) LogNmeaSentences()   $GPRMC,203850,A,1405.9742,N,08620.7110,E,005.1,207.5,160718,001.3,W*64
(Jul 16 2018 20:39:06,  846490 sec) LogNmeaSentences()   $GPGGA,203850,1405.9742,N,08620.7110,E,1,04,1.6,,M,-75.8,M,,*47
(Jul 16 2018 20:39:07,  846491 sec) LogNmeaSentences()   $GPGSA,A,2,01,16,31,32,,,,,,,,,1.8,1.6,*16
(Jul 16 2018 20:39:07,  846491 sec) LogNmeaSentences()   $GPGSV,3,1,12,01,16,241,42,16,81,119,17,31,19,038,31,32,19,103,42*70
(Jul 16 2018 20:39:07,  846491 sec) LogNmeaSentences()   $GPGSV,3,2,12,03,45,310,00,08,08,190,00,11,04,224,00,14,35,077,00*70
(Jul 16 2018 20:39:08,  846492 sec) LogNmeaSentences()   $GPGSV,3,3,12,18,16,215,00,22,62,279,00,23,16,322,00,26,56,041,00*7D
(Jul 16 2018 20:39:16,  846500 sec) LogNmeaSentences()   $GPRMC,203900,A,1405.9749,N,08620.7069,E,001.7,282.5,160718,001.3,W*6B
(Jul 16 2018 20:39:17,  846500 sec) LogNmeaSentences()   $GPGGA,203900,1405.9749,N,08620.7069,E,1,11,0.8,0.3,M,-75.8,M,,*61
(Jul 16 2018 20:39:17,  846501 sec) LogNmeaSentences()   $GPGSA,A,3,01,03,14,16,18,22,23,26,27,31,32,,1.1,0.8,0.8*38
(Jul 16 2018 20:39:17,  846501 sec) LogNmeaSentences()   $GPGSV,3,1,12,01,16,241,43,03,45,308,46,14,35,078,44,16,81,119,44*7E
(Jul 16 2018 20:39:18,  846502 sec) LogNmeaSentences()   $GPGSV,3,2,12,18,16,214,41,22,63,277,46,23,16,322,41,26,56,041,45*71
(Jul 16 2018 20:39:18,  846502 sec) LogNmeaSentences()   $GPGSV,3,3,12,27,21,158,44,31,19,038,43,32,19,103,43,08,08,190,00*72
(Jul 16 2018 20:39:18,  846502 sec) LogNmeaSentences()   $PGRMT,GPS 15x-L software ver. 3.80,,,,,,,,*7C
(Jul 16 2018 20:39:19,  846502 sec) GpsServices()        GPS services complete.
(Jul 16 2018 20:39:43,  846527 sec) CLogin()             Connecting to primary host.
(Jul 16 2018 20:40:01,  846545 sec) CLogin()             Connection 1 established in 18 seconds.
(Jul 16 2018 20:40:12,  846556 sec) login()              Login successful.
(Jul 16 2018 20:40:15,  846559 sec) CLogin()             Logged in to host.  [Login required 14 seconds]
(Jul 16 2018 20:40:26,  846569 sec) RxConfig()           Downloading "mission.cfg" from host.
(Jul 16 2018 20:40:28,  846572 sec) Rx()                 Initiating transfer. [0x43]
(Jul 16 2018 20:40:37,  846581 sec) Rx()                 Pad character [0x1a] found in ascii mode - truncating packet.
(Jul 16 2018 20:40:42,  846585 sec) Rx()                 Received EOT - transfer complete. [1 packets, 1024 bytes, 14 sec, 73.1 bps]
(Jul 16 2018 20:40:42,  846586 sec) RxConfig()           Download successful.
(Jul 16 2018 20:40:56,  846599 sec) WriteVitals()        Writing vitals to "9567.136.msg".
(Jul 16 2018 20:41:03,  846607 sec) UpLoadFile()         Uploading "9567.136.msg" to host as "9567.136.msg".
(Jul 16 2018 20:41:05,  846609 sec) Tx()                 CRC negotiation successful. [16-bit CRC]
(Jul 16 2018 20:41:07,  846611 sec) TxPacket()           Invalid response [0x31] - resending packet. [PktNum=0x01]
(Jul 16 2018 20:41:08,  846611 sec) TxPacket()           Packet xmit history: [01110001] (0:ok, 1:fail).
(Jul 16 2018 20:41:26,  846630 sec) TxPacket()           NAK received - resending packet. [PktNum=0x06]
(Jul 16 2018 20:41:26,  846630 sec) TxPacket()           Packet xmit history: [01000001] (0:ok, 1:fail).
(Jul 16 2018 20:41:32,  846635 sec) TxPacket()           False CAN detected - resending packet. [PktNum=0x06]
(Jul 16 2018 20:41:32,  846636 sec) TxPacket()           Packet xmit history: [10000011] (0:ok, 1:fail).
(Jul 16 2018 20:41:35,  846638 sec) TxPacket()           Packet xmit history: [00000110] (0:ok, 1:fail).
(Jul 16 2018 20:41:39,  846643 sec) TxPacket()           Invalid response [0x63] - resending packet. [PktNum=0x06]
(Jul 16 2018 20:41:39,  846643 sec) TxPacket()           Packet xmit history: [00001101] (0:ok, 1:fail).
(Jul 16 2018 20:41:42,  846646 sec) TxPacket()           Invalid response [0x6d] - resending packet. [PktNum=0x06]
(Jul 16 2018 20:41:43,  846647 sec) TxPacket()           Packet xmit history: [00011011] (0:ok, 1:fail).
(Jul 16 2018 20:41:43,  846647 sec) TxPacket()           Invalid response [0x32] - resending packet. [PktNum=0x06]
(Jul 16 2018 20:41:44,  846647 sec) TxPacket()           Packet xmit history: [00110111] (0:ok, 1:fail).
(Jul 16 2018 20:41:46,  846649 sec) TxPacket()           Invalid response [0x74] - resending packet. [PktNum=0x06]
(Jul 16 2018 20:41:46,  846650 sec) TxPacket()           Packet xmit history: [01101111] (0:ok, 1:fail).
(Jul 16 2018 20:41:46,  846650 sec) TxPacket()           Invalid response [0x20] - resending packet. [PktNum=0x06]
(Jul 16 2018 20:41:47,  846651 sec) TxPacket()           Packet xmit history: [11011111] (0:ok, 1:fail).
(Jul 16 2018 20:41:48,  846651 sec) TxPacket()           Invalid response [0x20] - resending packet. [PktNum=0x06]
(Jul 16 2018 20:41:48,  846652 sec) TxPacket()           Packet xmit history: [10111111] (0:ok, 1:fail).
(Jul 16 2018 20:41:50,  846654 sec) TxPacket()           Invalid response [0x30] - resending packet. [PktNum=0x06]
(Jul 16 2018 20:41:50,  846654 sec) TxPacket()           Packet xmit history: [01111111] (0:ok, 1:fail).
(Jul 16 2018 20:41:51,  846654 sec) TxPacket()           Exit status: -5
(Jul 16 2018 20:41:51,  846655 sec) Tx()                 Packet transmission failed - aborting transfer.
(Jul 16 2018 20:42:02,  846665 sec) UpLoadFile()         Upload failed.
(Jul 16 2018 20:42:21,  846685 sec) UpLoadFile()         Uploading "9567.136.log" to host as "9567.136.log".
(Jul 16 2018 20:43:21,  846744 sec) Tx()                 CRC negotiation failed - aborting transfer.
(Jul 16 2018 20:43:31,  846755 sec) UpLoadFile()         Upload failed.
(Jul 16 2018 20:43:31,  846755 sec) UpLoad()             Files successfully uploaded: 0
(Jul 16 2018 20:43:31,  846755 sec) UpLoad()             Aborting upload: Retry limit [2] exceeded. Upload incomplete.
(Jul 16 2018 20:43:35,  846759 sec) logout()             Log-out successful.
(Jul 16 2018 20:43:37,  846760 sec) Telemetry()          Telemetry cycle complete: PrfId=136 ConnectionAttempts=1  Connections=1
(Jul 16 2018 20:58:51,  847675 sec) AirSystem()          Air-bladder inflation by-passed. Barometer: [127cnt, 6.8"Hg].
(Jul 16 2018 20:59:20,  847704 sec) GpsServices()        GPS almanac is current.
(Jul 16 2018 20:59:20,  847704 sec) GpsServices()        Initiating GPS fix acquisition.
(Jul 16 2018 20:59:51,  847735 sec) gga()                $GPGGA,205910,1405.7453,N,08620.6309,E,1,10,0.9,-6.7,M,-75.8,M,,*4B
(Jul 16 2018 20:59:52,  847736 sec) GpsServices()        Profile 136 GPS fix obtained in 32 seconds.
(Jul 16 2018 20:59:52,  847736 sec) GpsServices()                  lon     lat mm/dd/yyyy hhmmss nsat
(Jul 16 2018 20:59:52,  847736 sec) GpsServices()        Fix:   86.344  14.096 07/16/2018 205910   10
(Jul 16 2018 21:00:21,  847764 sec) gga()                $GPGGA,205940,1405.7380,N,08620.6283,E,1,11,0.9,-2.1,M,-75.8,M,,*47
(Jul 16 2018 21:00:26,  847770 sec) gga()                $GPGGA,210010,1405.7313,N,08620.6252,E,1,10,0.9,-1.4,M,-75.8,M,,*4E
(Jul 16 2018 21:00:26,  847770 sec) GpsServices()        APF9 RTC skew (16s) OK.
(Jul 16 2018 21:00:27,  847771 sec) LogNmeaSentences()   ,090,42,16,78,050,45,18,13,206,39,23,23,327,44*7E
(Jul 16 2018 21:00:27,  847771 sec) LogNmeaSentences()   $GPGSV,3,3,12,26,47,035,47,27,27,149,42,32,14,112,41,22,63,256,00*75
(Jul 16 2018 21:00:36,  847780 sec) LogNmeaSentences()   $GPRMC,210020,A,1405.7322,N,08620.6267,E,001.3,346.2,160718,001.3,W*62
(Jul 16 2018 21:00:37,  847780 sec) LogNmeaSentences()   $GPGGA,210020,1405.7322,N,08620.6267,E,1,11,0.9,2.2,M,-75.8,M,,*60
(Jul 16 2018 21:00:37,  847781 sec) LogNmeaSentences()   $GPGSA,A,3,01,03,08,14,16,18,22,23,26,27,32,,1.2,0.9,0.8*30
(Jul 16 2018 21:00:37,  847781 sec) LogNmeaSentences()   $GPGSV,3,1,12,01,12,231,40,03,51,295,47,08,14,183,41,14,33,090,42*7C
(Jul 16 2018 21:00:38,  847782 sec) LogNmeaSentences()   $GPGSV,3,2,12,16,78,050,47,18,13,206,39,22,63,254,45,23,23,327,42*77
(Jul 16 2018 21:00:38,  847782 sec) LogNmeaSentences()   $GPGSV,3,3,12,26,47,035,46,27,27,149,42,32,14,112,42,11,04,216,00*72
(Jul 16 2018 21:00:46,  847790 sec) LogNmeaSentences()   $GPRMC,210030,A,1405.7292,N,08620.6238,E,002.1,259.3,160718,001.3,W*6C
(Jul 16 2018 21:00:47,  847790 sec) LogNmeaSentences()   $GPGGA,210030,1405.7292,N,08620.6238,E,1,08,1.0,-1.1,M,-75.8,M,,*4C
(Jul 16 2018 21:00:47,  847791 sec) LogNmeaSentences()   $GPGSA,A,3,01,08,,14,16,22,23,26,32,,,,1.3,1.0,0.8*36
(Jul 16 2018 21:00:47,  847791 sec) LogNmeaSentences()   $GPGSV,3,1,12,01,12,231,32,08,14,183,36,11,04,216,20,14,33,090,36*73
(Jul 16 2018 21:00:48,  847791 sec) LogNmeaSentences()   $GPGSV,3,2,12,16,78,049,44,22,63,254,45,23,23,327,44,26,47,035,45*7F
(Jul 16 2018 21:00:48,  847792 sec) LogNmeaSentences()   $GPGSV,3,3,12,32,14,112,36,03,51,296,00,18,13,207,00,27,27,149,00*71
(Jul 16 2018 21:00:56,  847800 sec) LogNmeaSentences()   $GPRMC,210040,A,1405.7278,N,08620.6249,E,001.7,169.6,160718,001.3,W*69
(Jul 16 2018 21:00:57,  847800 sec) LogNmeaSentences()   $GPGGA,210040,1405.7278,N,08620.6249,E,1,10,0.9,-3.6,M,-75.8,M,,*4D
(Jul 16 2018 21:00:57,  847801 sec) LogNmeaSentences()   $GPGSA,A,3,01,03,08,,14,16,22,23,26,27,32,,1.2,0.9,0.8*39
(Jul 16 2018 21:00:57,  847801 sec) LogNmeaSentences()   $GPGSV,3,1,12,01,12,231,38,03,51,295,48,08,14,183,39,11,04,216,29*73
(Jul 16 2018 21:00:58,  847801 sec) LogNmeaSentences()   $GPGSV,3,2,12,14,33,090,44,16,78,049,46,22,63,253,45,23,23,328,44*79
(Jul 16 2018 21:00:58,  847802 sec) LogNmeaSentences()   $GPGSV,3,3,12,26,47,034,47,27,28,149,42,32,14,112,41,18,12,207,00*70
(Jul 16 2018 21:01:06,  847810 sec) LogNmeaSentences()   $GPRMC,210050,A,1405.7254,N,08620.6255,E,001.8,133.2,160718,001.3,W*6F
(Jul 16 2018 21:01:07,  847810 sec) LogNmeaSentences()   $GPGGA,210050,1405.7254,N,08620.6255,E,1,10,0.8,-0.8,M,-75.8,M,,*43
(Jul 16 2018 21:01:07,  847811 sec) LogNmeaSentences()   $GPGSA,A,3,01,03,08,,14,16,22,23,27,31,32,,1.1,0.8,0.8*3D
(Jul 16 2018 21:01:07,  847811 sec) LogNmeaSentences()   $GPGSV,3,1,12,01,12,231,41,03,51,295,48,08,14,182,41,11,04,216,32*79
(Jul 16 2018 21:01:08,  847811 sec) LogNmeaSentences()   $GPGSV,3,2,12,14,33,090,43,16,78,049,45,22,63,253,44,23,23,328,44*7C
(Jul 16 2018 21:01:08,  847812 sec) LogNmeaSentences()   $GPGSV,3,3,12,27,28,149,41,31,14,046,44,32,14,112,43,18,12,207,00*77
(Jul 16 2018 21:01:16,  847820 sec) LogNmeaSentences()   $GPRMC,210100,A,1405.7245,N,08620.6262,E,002.3,181.7,160718,001.3,W*6B
(Jul 16 2018 21:01:17,  847820 sec) LogNmeaSentences()   $GPGGA,210100,1405.7245,N,08620.6262,E,1,09,0.9,-1.1,M,-75.8,M,,*42
(Jul 16 2018 21:01:17,  847821 sec) LogNmeaSentences()   $GPGSA,A,3,01,03,08,,14,16,22,23,31,32,,,1.2,0.9,0.8*3A
(Jul 16 2018 21:01:17,  847821 sec) LogNmeaSentences()   $GPGSV,3,1,12,01,12,231,40,03,51,295,48,08,14,182,38,11,04,215,42*72
(Jul 16 2018 21:01:18,  847821 sec) LogNmeaSentences()   $GPGSV,3,2,12,14,33,091,44,16,78,048,45,22,63,253,46,23,23,328,44*79
(Jul 16 2018 21:01:18,  847822 sec) LogNmeaSentences()   $GPGSV,3,3,12,31,14,046,46,32,14,112,40,18,12,207,00,26,47,034,00*70
(Jul 16 2018 21:01:18,  847822 sec) LogNmeaSentences()   $PGRMT,GPS 15x-L software ver. 3.80,,,,,,,,*7C
(Jul 16 2018 21:01:19,  847822 sec) GpsServices()        GPS services complete.
(Jul 16 2018 21:01:43,  847847 sec) CLogin()             Connecting to primary host.
(Jul 16 2018 21:02:03,  847867 sec) CLogin()             Connection 2 established in 20 seconds.
(Jul 16 2018 21:02:33,  847896 sec) expect()             Attempt to read prompt string [login:] failed.
(Jul 16 2018 21:02:33,  847897 sec) login()              Login prompt not received.
(Jul 16 2018 21:02:44,  847908 sec) login()              Login successful.
(Jul 16 2018 21:02:47,  847911 sec) CLogin()             Logged in to host.  [Login required 44 seconds]
(Jul 16 2018 21:02:55,  847919 sec) RxConfig()           Downloading "mission.cfg" from host.
(Jul 16 2018 21:02:57,  847921 sec) Rx()                 Initiating transfer. [0x43]
(Jul 16 2018 21:03:03,  847927 sec) Rx()                 Pad character [0x1a] found in ascii mode - truncating packet.
(Jul 16 2018 21:03:08,  847931 sec) Rx()                 Received EOT - transfer complete. [1 packets, 1024 bytes, 11 sec, 93.1 bps]
(Jul 16 2018 21:03:08,  847932 sec) RxConfig()           Download successful.
(Jul 16 2018 21:03:22,  847945 sec) WriteVitals()        Writing vitals to "9567.136.msg".
(Jul 16 2018 21:03:29,  847953 sec) UpLoadFile()         Uploading "9567.136.msg" to host as "9567.136.msg".
(Jul 16 2018 21:03:31,  847955 sec) Tx()                 CRC negotiation successful. [16-bit CRC]
(Jul 16 2018 21:03:42,  847966 sec) TxPacket()           NAK received - resending packet. [PktNum=0x02]
(Jul 16 2018 21:03:42,  847966 sec) TxPacket()           Packet xmit history: [11100001] (0:ok, 1:fail).
(Jul 16 2018 21:03:47,  847971 sec) TxPacket()           NAK received - resending packet. [PktNum=0x02]
(Jul 16 2018 21:03:47,  847971 sec) TxPacket()           Packet xmit history: [11000011] (0:ok, 1:fail).
(Jul 16 2018 21:04:01,  847984 sec) TxPacket()           NAK received - resending packet. [PktNum=0x03]
(Jul 16 2018 21:04:01,  847985 sec) TxPacket()           Packet xmit history: [00001101] (0:ok, 1:fail).
(Jul 16 2018 21:04:10,  847994 sec) TxPacket()           NAK received - resending packet. [PktNum=0x04]
(Jul 16 2018 21:04:10,  847994 sec) TxPacket()           Packet xmit history: [00110101] (0:ok, 1:fail).
(Jul 16 2018 21:04:15,  847999 sec) TxPacket()           NAK received - resending packet. [PktNum=0x04]
(Jul 16 2018 21:04:15,  847999 sec) TxPacket()           Packet xmit history: [01101011] (0:ok, 1:fail).
(Jul 16 2018 21:05:44,  848088 sec) TxPacket()           NAK received - resending packet. [PktNum=0x14]
(Jul 16 2018 21:05:44,  848088 sec) TxPacket()           Packet xmit history: [00000001] (0:ok, 1:fail).
(Jul 16 2018 21:05:58,  848102 sec) TxPacket()           NAK received - resending packet. [PktNum=0x15]
(Jul 16 2018 21:05:58,  848102 sec) TxPacket()           Packet xmit history: [00000101] (0:ok, 1:fail).
(Jul 16 2018 21:06:32,  848136 sec) Tx()                 Transmission completed successfully [26 packets, 24027 bytes, 180 sec, 138.0 bps]
(Jul 16 2018 21:06:32,  848136 sec) UpLoadFile()         Upload successful.
(Jul 16 2018 21:06:42,  848146 sec) UpLoadFile()         Uploading "9567.136.log" to host as "9567.136.log".
(Jul 16 2018 21:06:44,  848148 sec) Tx()                 CRC negotiation successful. [16-bit CRC]
(Jul 16 2018 21:06:51,  848155 sec) TxPacket()           NAK received - resending packet. [PktNum=0x01]
(Jul 16 2018 21:06:51,  848155 sec) TxPacket()           Packet xmit history: [10000001] (0:ok, 1:fail).
(Jul 16 2018 21:07:01,  848165 sec) TxPacket()           NAK received - resending packet. [PktNum=0x02]
(Jul 16 2018 21:07:01,  848165 sec) TxPacket()           Packet xmit history: [00000101] (0:ok, 1:fail).
(Jul 16 2018 21:07:24,  848188 sec) TxPacket()           NAK received - resending packet. [PktNum=0x05]
(Jul 16 2018 21:07:24,  848188 sec) TxPacket()           Packet xmit history: [01010001] (0:ok, 1:fail).
(Jul 16 2018 21:07:29,  848193 sec) TxPacket()           NAK received - resending packet. [PktNum=0x05]
(Jul 16 2018 21:07:29,  848193 sec) TxPacket()           Packet xmit history: [10100011] (0:ok, 1:fail).
(Jul 16 2018 21:07:46,  848210 sec) TxPacket()           NAK received - resending packet. [PktNum=0x07]
(Jul 16 2018 21:07:46,  848210 sec) TxPacket()           Packet xmit history: [00011001] (0:ok, 1:fail).
(Jul 16 2018 21:08:06,  848230 sec) TxPacket()           NAK received - resending packet. [PktNum=0x09]
(Jul 16 2018 21:08:06,  848230 sec) TxPacket()           Packet xmit history: [11001001] (0:ok, 1:fail).
(Jul 16 2018 21:08:25,  848249 sec) TxPacket()           NAK received - resending packet. [PktNum=0x0b]
(Jul 16 2018 21:08:25,  848249 sec) TxPacket()           Packet xmit history: [01001001] (0:ok, 1:fail).
(Jul 16 2018 21:08:47,  848271 sec) TxPacket()           NAK received - resending packet. [PktNum=0x0b]
(Jul 16 2018 21:08:47,  848271 sec) TxPacket()           Packet xmit history: [10010011] (0:ok, 1:fail).
(Jul 16 2018 21:09:01,  848285 sec) TxPacket()           No carrier detected.
(Jul 16 2018 21:09:01,  848285 sec) TxPacket()           Exit status: -5
(Jul 16 2018 21:09:01,  848285 sec) Tx()                 Packet transmission failed - aborting transfer.
(Jul 16 2018 21:09:12,  848296 sec) UpLoadFile()         Upload failed.
(Jul 16 2018 21:09:18,  848302 sec) CLogin()             Connecting to primary host.
(Jul 16 2018 21:09:24,  848307 sec) chat()               Expected string [OK] not received.
(Jul 16 2018 21:09:24,  848308 sec) modem_restore_factor Modem command [AT&F0] failed.
(Jul 16 2018 21:09:24,  848308 sec) modem_initialize()   Unable to restore modem's factory defaults.
(Jul 16 2018 21:09:24,  848308 sec) modem_connect()      Modem configuration failed.
(Jul 16 2018 21:09:29,  848312 sec) chat()               Expected string [OK] not received.
(Jul 16 2018 21:09:29,  848313 sec) modem_restore_factor Modem command [AT&F0] failed.
(Jul 16 2018 21:09:29,  848313 sec) modem_initialize()   Unable to restore modem's factory defaults.
(Jul 16 2018 21:09:29,  848313 sec) modem_connect()      Modem configuration failed.
(Jul 16 2018 21:09:29,  848313 sec) connect()            Aborted after 2 failed attempts.
(Jul 16 2018 21:09:29,  848313 sec) CLogin()             Attempt to connect to primary host failed after 2 tries.  Connecting to alternate host.
(Jul 16 2018 21:09:52,  848336 sec) CLogin()             Connection 3 established in 34 seconds.
(Jul 16 2018 21:10:23,  848366 sec) expect()             Attempt to read prompt string [login:] failed.
(Jul 16 2018 21:10:23,  848367 sec) login()              Login prompt not received.
(Jul 16 2018 21:10:53,  848396 sec) expect()             Attempt to read prompt string [login:] failed.
(Jul 16 2018 21:10:53,  848397 sec) login()              Login prompt not received.
(Jul 16 2018 21:10:53,  848397 sec) login()              No carrier detected.
(Jul 16 2018 21:10:53,  848397 sec) CLogin()             Attempt to login to host failed.
(Jul 16 2018 21:10:53,  848397 sec) UpLoad()             Files successfully uploaded: 1
(Jul 16 2018 21:10:53,  848397 sec) UpLoad()             Aborting upload: Retry limit [2] exceeded. Upload incomplete.
(Jul 16 2018 21:10:53,  848397 sec) logout()             No carrier detected.
(Jul 16 2018 21:10:53,  848397 sec) Telemetry()          Telemetry cycle complete: PrfId=136 ConnectionAttempts=3  Connections=3
(Jul 16 2018 21:26:08,  849312 sec) AirSystem()          Air-bladder inflation by-passed. Barometer: [126cnt, 6.5"Hg].
(Jul 16 2018 21:26:34,  849338 sec) GpsServices()        GPS almanac is current.
(Jul 16 2018 21:26:34,  849338 sec) GpsServices()        Initiating GPS fix acquisition.
(Jul 16 2018 21:26:42,  849346 sec) gga()                $GPGGA,212620,1405.7314,N,08620.6248,E,0,00,,,M,,M,,*5D
(Jul 16 2018 21:27:11,  849375 sec) gga()                $GPGGA,212630,1405.4178,N,08620.5357,E,1,10,0.8,-4.5,M,-75.8,M,,*46
(Jul 16 2018 21:27:11,  849375 sec) GpsServices()        Profile 136 GPS fix obtained in 37 seconds.
(Jul 16 2018 21:27:11,  849375 sec) GpsServices()                  lon     lat mm/dd/yyyy hhmmss nsat
(Jul 16 2018 21:27:11,  849375 sec) GpsServices()        Fix:   86.342  14.090 07/16/2018 212630   10
(Jul 16 2018 21:27:41,  849404 sec) gga()                $GPGGA,212700,1405.4111,N,08620.5332,E,1,10,1.0,-3.7,M,-75.8,M,,*44
(Jul 16 2018 21:27:46,  849410 sec) gga()                $GPGGA,212730,1405.4044,N,08620.5310,E,1,03,1.1,-7.1,M,-75.8,M,,*47
(Jul 16 2018 21:27:46,  849410 sec) GpsServices()        APF9 RTC skew (16s) OK.
(Jul 16 2018 21:27:47,  849410 sec) LogNmeaSentences()   5,00,09,04,320,00,14,28,104,00*75
(Jul 16 2018 21:27:47,  849411 sec) LogNmeaSentences()   $GPGSV,3,3,12,16,66,027,00,22,57,230,00,23,31,334,00,26,35,031,00*7C
(Jul 16 2018 21:27:56,  849420 sec) LogNmeaSentences()   $GPRMC,212740,A,1405.4040,N,08620.5302,E,000.6,307.8,160718,001.3,W*6F
(Jul 16 2018 21:27:57,  849420 sec) LogNmeaSentences()   $GPGGA,212740,1405.4040,N,08620.5302,E,1,10,1.0,-4.1,M,-75.8,M,,*47
(Jul 16 2018 21:27:57,  849421 sec) LogNmeaSentences()   $GPGSA,A,3,03,,08,,11,16,18,22,23,26,27,32,1.3,1.0,0.8*3D
(Jul 16 2018 21:27:57,  849421 sec) LogNmeaSentences()   $GPGSV,3,1,12,03,55,273,48,07,04,271,37,08,22,175,38,09,04,319,36*71
(Jul 16 2018 21:27:58,  849422 sec) LogNmeaSentences()   $GPGSV,3,2,12,11,05,206,27,16,65,027,46,18,10,196,35,22,57,228,44*76
(Jul 16 2018 21:27:58,  849422 sec) LogNmeaSentences()   $GPGSV,3,3,12,23,32,334,48,26,35,032,47,27,36,138,39,32,08,122,34*7D
(Jul 16 2018 21:28:06,  849430 sec) LogNmeaSentences()   $GPRMC,212750,A,1405.4038,N,08620.5294,E,000.0,250.8,160718,001.3,W*6A
(Jul 16 2018 21:28:06,  849430 sec) LogNmeaSentences()   $GPGGA,212750,1405.4038,N,08620.5294,E,1,07,1.4,-8.9,M,-75.8,M,,*41
(Jul 16 2018 21:28:07,  849431 sec) LogNmeaSentences()   $GPGSA,A,3,03,08,,11,16,18,22,,27,,,,1.7,1.4,0.9*38
(Jul 16 2018 21:28:07,  849431 sec) LogNmeaSentences()   $GPGSV,3,1,12,03,55,273,44,08,22,175,41,09,04,319,36,11,05,206,31*73
(Jul 16 2018 21:28:08,  849431 sec) LogNmeaSentences()   $GPGSV,3,2,12,16,65,027,46,18,10,196,37,22,57,228,45,23,32,334,21*76
(Jul 16 2018 21:28:08,  849432 sec) LogNmeaSentences()   $GPGSV,3,3,12,27,36,138,47,01,09,222,00,07,03,271,00,14,28,104,00*73
(Jul 16 2018 21:28:16,  849440 sec) LogNmeaSentences()   $GPRMC,212800,A,1405.3994,N,08620.5287,E,001.6,259.0,160718,001.3,W*6C
(Jul 16 2018 21:28:17,  849440 sec) LogNmeaSentences()   $GPGGA,212800,1405.3994,N,08620.5287,E,1,09,1.1,-5.8,M,-75.8,M,,*46
(Jul 16 2018 21:28:17,  849441 sec) LogNmeaSentences()   $GPGSA,A,3,03,,08,,,16,18,22,23,26,27,32,1.4,1.1,0.9*3A
(Jul 16 2018 21:28:17,  849441 sec) LogNmeaSentences()   $GPGSV,3,1,12,03,55,272,47,07,04,271,32,08,22,175,40,09,04,319,36*75
(Jul 16 2018 21:28:18,  849442 sec) LogNmeaSentences()   $GPGSV,3,2,12,11,05,206,22,16,65,027,47,18,10,196,26,22,57,228,45*71
(Jul 16 2018 21:28:18,  849442 sec) LogNmeaSentences()   $GPGSV,3,3,12,23,32,334,42,26,35,032,47,27,36,137,46,32,07,122,35*7E
(Jul 16 2018 21:28:18,  849442 sec) LogNmeaSentences()   $PGRMT,GPS 15x-L software ver. 3.80,,,,,,,,*7C
(Jul 16 2018 21:28:19,  849442 sec) GpsServices()        GPS services complete.
(Jul 16 2018 21:28:43,  849467 sec) CLogin()             Connecting to primary host.
(Jul 16 2018 21:29:11,  849495 sec) CLogin()             Connection 4 established in 28 seconds.
(Jul 16 2018 21:29:42,  849525 sec) expect()             Attempt to read prompt string [login:] failed.
(Jul 16 2018 21:29:42,  849526 sec) login()              Login prompt not received.
(Jul 16 2018 21:30:00,  849544 sec) login()              Login successful.
(Jul 16 2018 21:30:03,  849547 sec) CLogin()             Logged in to host.  [Login required 52 seconds]
(Jul 16 2018 21:30:16,  849560 sec) RxConfig()           Downloading "mission.cfg" from host.
(Jul 16 2018 21:30:18,  849562 sec) Rx()                 Initiating transfer. [0x43]
(Jul 16 2018 21:30:21,  849565 sec) RxStartByte()        Sync errors encountered: 671
(Jul 16 2018 21:30:25,  849568 sec) Rx()                 Truncated packet received - retrying.
(Jul 16 2018 21:30:29,  849573 sec) RxStartByte()        Sync errors encountered: 611
(Jul 16 2018 21:30:32,  849575 sec) Rx()                 Truncated packet received - retrying.
(Jul 16 2018 21:30:33,  849577 sec) RxStartByte()        Sync errors encountered: 812
(Jul 16 2018 21:30:37,  849580 sec) Rx()                 Truncated packet received - retrying.
(Jul 16 2018 21:30:43,  849587 sec) RxStartByte()        Sync errors encountered: 750
(Jul 16 2018 21:30:44,  849588 sec) Rx()                 Pad character [0x1a] found in ascii mode - truncating packet.
(Jul 16 2018 21:30:49,  849592 sec) Rx()                 Received EOT - transfer complete. [1 packets, 1024 bytes, 31 sec, 33.0 bps]
(Jul 16 2018 21:30:49,  849593 sec) RxConfig()           Download successful.
(Jul 16 2018 21:31:10,  849613 sec) UpLoadFile()         Uploading "9567.136.log" to host as "9567.136.log".
(Jul 16 2018 21:31:12,  849616 sec) Tx()                 CRC negotiation successful. [16-bit CRC]
(Jul 16 2018 21:31:47,  849651 sec) TxPacket()           NAK received - resending packet. [PktNum=0x04]
(Jul 16 2018 21:31:47,  849651 sec) TxPacket()           Packet xmit history: [10000001] (0:ok, 1:fail).
(Jul 16 2018 21:32:01,  849665 sec) TxPacket()           NAK received - resending packet. [PktNum=0x05]
(Jul 16 2018 21:32:01,  849665 sec) TxPacket()           Packet xmit history: [00000101] (0:ok, 1:fail).
(Jul 16 2018 21:32:18,  849682 sec) TxPacket()           NAK received - resending packet. [PktNum=0x07]
(Jul 16 2018 21:32:18,  849682 sec) TxPacket()           Packet xmit history: [00101001] (0:ok, 1:fail).
(Jul 16 2018 21:33:04,  849728 sec) TxPacket()           NAK received - resending packet. [PktNum=0x0d]
(Jul 16 2018 21:33:04,  849728 sec) TxPacket()           Packet xmit history: [10000001] (0:ok, 1:fail).
(Jul 16 2018 21:33:09,  849733 sec) TxPacket()           NAK received - resending packet. [PktNum=0x0d]
(Jul 16 2018 21:33:09,  849733 sec) TxPacket()           Packet xmit history: [00000011] (0:ok, 1:fail).
(Jul 16 2018 21:33:20,  849744 sec) TxPacket()           NAK received - resending packet. [PktNum=0x0e]
(Jul 16 2018 21:33:20,  849744 sec) TxPacket()           Packet xmit history: [00001101] (0:ok, 1:fail).
(Jul 16 2018 21:33:26,  849750 sec) TxPacket()           NAK received - resending packet. [PktNum=0x0e]
(Jul 16 2018 21:33:26,  849750 sec) TxPacket()           Packet xmit history: [00011011] (0:ok, 1:fail).
(Jul 16 2018 21:33:32,  849755 sec) TxPacket()           NAK received - resending packet. [PktNum=0x0e]
(Jul 16 2018 21:33:32,  849756 sec) TxPacket()           Packet xmit history: [00110111] (0:ok, 1:fail).
(Jul 16 2018 21:33:36,  849760 sec) TxPacket()           NAK received - resending packet. [PktNum=0x0e]
(Jul 16 2018 21:33:36,  849760 sec) TxPacket()           Packet xmit history: [01101111] (0:ok, 1:fail).
(Jul 16 2018 21:33:42,  849766 sec) TxPacket()           NAK received - resending packet. [PktNum=0x0e]
(Jul 16 2018 21:33:42,  849766 sec) TxPacket()           Packet xmit history: [11011111] (0:ok, 1:fail).
(Jul 16 2018 21:33:47,  849771 sec) TxPacket()           NAK received - resending packet. [PktNum=0x0e]
(Jul 16 2018 21:33:47,  849771 sec) TxPacket()           Packet xmit history: [10111111] (0:ok, 1:fail).
(Jul 16 2018 21:33:59,  849783 sec) TxPacket()           NAK received - resending packet. [PktNum=0x0e]
(Jul 16 2018 21:33:59,  849783 sec) TxPacket()           Packet xmit history: [01111111] (0:ok, 1:fail).
(Jul 16 2018 21:34:29,  849813 sec) TxPacket()           NAK received - resending packet. [PktNum=0x14]
(Jul 16 2018 21:34:29,  849813 sec) TxPacket()           Packet xmit history: [10000001] (0:ok, 1:fail).
(Jul 16 2018 21:34:54,  849838 sec) TxPacket()           NAK received - resending packet. [PktNum=0x17]
(Jul 16 2018 21:34:54,  849838 sec) TxPacket()           Packet xmit history: [00010001] (0:ok, 1:fail).
(Jul 16 2018 21:35:25,  849869 sec) TxPacket()           NAK received - resending packet. [PktNum=0x1b]
(Jul 16 2018 21:35:25,  849869 sec) TxPacket()           Packet xmit history: [00100001] (0:ok, 1:fail).
(Jul 16 2018 21:35:55,  849899 sec) TxPacket()           NAK received - resending packet. [PktNum=0x1f]
(Jul 16 2018 21:35:55,  849899 sec) TxPacket()           Packet xmit history: [00100001] (0:ok, 1:fail).
(Jul 16 2018 21:36:14,  849918 sec) TxPacket()           NAK received - resending packet. [PktNum=0x20]
(Jul 16 2018 21:36:14,  849918 sec) TxPacket()           Packet xmit history: [10000101] (0:ok, 1:fail).
(Jul 16 2018 21:36:18,  849922 sec) TxPacket()           NAK received - resending packet. [PktNum=0x20]
(Jul 16 2018 21:36:18,  849922 sec) TxPacket()           Packet xmit history: [00001011] (0:ok, 1:fail).
(Jul 16 2018 21:36:57,  849961 sec) TxPacket()           NAK received - resending packet. [PktNum=0x24]
(Jul 16 2018 21:36:57,  849961 sec) TxPacket()           Packet xmit history: [01100001] (0:ok, 1:fail).
(Jul 16 2018 21:37:03,  849967 sec) TxPacket()           NAK received - resending packet. [PktNum=0x25]
(Jul 16 2018 21:37:03,  849967 sec) TxPacket()           Packet xmit history: [10000101] (0:ok, 1:fail).
(Jul 16 2018 21:37:14,  849978 sec) TxPacket()           NAK received - resending packet. [PktNum=0x26]
(Jul 16 2018 21:37:14,  849978 sec) TxPacket()           Packet xmit history: [00010101] (0:ok, 1:fail).
(Jul 16 2018 21:37:37,  850001 sec) TxPacket()           NAK received - resending packet. [PktNum=0x2c]
(Jul 16 2018 21:37:37,  850001 sec) TxPacket()           Packet xmit history: [10000001] (0:ok, 1:fail).
(Jul 16 2018 21:37:47,  850010 sec) TxPacket()           Packet xmit history: [00000010] (0:ok, 1:fail).
(Jul 16 2018 21:37:51,  850015 sec) TxPacket()           Invalid response [0x63] - resending packet. [PktNum=0x2c]
(Jul 16 2018 21:37:51,  850015 sec) TxPacket()           Packet xmit history: [00000101] (0:ok, 1:fail).
(Jul 16 2018 21:37:54,  850018 sec) TxPacket()           Invalid response [0x6d] - resending packet. [PktNum=0x2c]
(Jul 16 2018 21:37:54,  850018 sec) TxPacket()           Packet xmit history: [00001011] (0:ok, 1:fail).
(Jul 16 2018 21:37:55,  850019 sec) TxPacket()           Invalid response [0x5e] - resending packet. [PktNum=0x2c]
(Jul 16 2018 21:37:55,  850019 sec) TxPacket()           Packet xmit history: [00010111] (0:ok, 1:fail).
(Jul 16 2018 21:38:05,  850029 sec) TxPacket()           Invalid response [0x5e] - resending packet. [PktNum=0x2c]
(Jul 16 2018 21:38:06,  850029 sec) TxPacket()           Packet xmit history: [00101111] (0:ok, 1:fail).
(Jul 16 2018 21:38:08,  850031 sec) TxPacket()           Invalid response [0x36] - resending packet. [PktNum=0x2c]
(Jul 16 2018 21:38:08,  850032 sec) TxPacket()           Packet xmit history: [01011111] (0:ok, 1:fail).
(Jul 16 2018 21:38:16,  850040 sec) TxPacket()           Invalid response [0x5e] - resending packet. [PktNum=0x2c]
(Jul 16 2018 21:38:16,  850040 sec) TxPacket()           Packet xmit history: [10111111] (0:ok, 1:fail).
(Jul 16 2018 21:38:18,  850042 sec) TxPacket()           Invalid response [0x5e] - resending packet. [PktNum=0x2c]
(Jul 16 2018 21:38:18,  850042 sec) TxPacket()           Packet xmit history: [01111111] (0:ok, 1:fail).
(Jul 16 2018 21:38:20,  850044 sec) TxPacket()           Invalid response [0x5e] - resending packet. [PktNum=0x2c]
(Jul 16 2018 21:38:20,  850044 sec) TxPacket()           Packet xmit history: [11111111] (0:ok, 1:fail).
(Jul 16 2018 21:38:21,  850044 sec) TxPacket()           Exit status: -5
(Jul 16 2018 21:38:21,  850045 sec) Tx()                 Packet transmission failed - aborting transfer.
(Jul 16 2018 21:38:31,  850055 sec) UpLoadFile()         Upload failed.
(Jul 16 2018 21:38:45,  850069 sec) UpLoadFile()         Uploading "9567.136.log" to host as "9567.136.log".
(Jul 16 2018 21:39:45,  850128 sec) Tx()                 CRC negotiation failed - aborting transfer.
(Jul 16 2018 21:39:55,  850139 sec) UpLoadFile()         Upload failed.
(Jul 16 2018 21:39:55,  850139 sec) UpLoad()             Files successfully uploaded: 0
(Jul 16 2018 21:39:55,  850139 sec) UpLoad()             Aborting upload: Retry limit [2] exceeded. Upload incomplete.
(Jul 16 2018 21:40:01,  850144 sec) chat()               Expected string [cmd>] not received.
(Jul 16 2018 21:40:01,  850144 sec) logout()             Can't get command prompt.
(Jul 16 2018 21:40:06,  850149 sec) chat()               Expected string [logout] not received.
(Jul 16 2018 21:40:06,  850150 sec) logout()             Attempt to log-out failed.
(Jul 16 2018 21:40:06,  850150 sec) logout()             No carrier detected.
(Jul 16 2018 21:40:06,  850150 sec) Telemetry()          Telemetry cycle complete: PrfId=136 ConnectionAttempts=4  Connections=4
(Jul 16 2018 21:55:20,  851064 sec) AirSystem()          Air-bladder inflation by-passed. Barometer: [126cnt, 6.5"Hg].
(Jul 16 2018 21:55:46,  851090 sec) GpsServices()        GPS almanac is current.
(Jul 16 2018 21:55:46,  851090 sec) GpsServices()        Initiating GPS fix acquisition.
(Jul 16 2018 21:56:21,  851125 sec) gga()                $GPGGA,215540,1405.0967,N,08620.4059,E,1,12,0.7,-3.5,M,-75.8,M,,*41
(Jul 16 2018 21:56:21,  851125 sec) GpsServices()        Profile 136 GPS fix obtained in 35 seconds.
(Jul 16 2018 21:56:21,  851125 sec) GpsServices()                  lon     lat mm/dd/yyyy hhmmss nsat
(Jul 16 2018 21:56:21,  851125 sec) GpsServices()        Fix:   86.340  14.085 07/16/2018 215540   12
(Jul 16 2018 21:56:51,  851154 sec) gga()                $GPGGA,215610,1405.0894,N,08620.4028,E,1,12,1.0,-4.0,M,-75.8,M,,*48
(Jul 16 2018 21:56:56,  851160 sec) gga()                $GPGGA,215640,1405.0836,N,08620.3994,E,1,12,0.9,-5.5,M,-75.8,M,,*40
(Jul 16 2018 21:56:56,  851160 sec) GpsServices()        APF9 RTC skew (16s) OK.
(Jul 16 2018 21:56:57,  851161 sec) LogNmeaSentences()   14,324,42,11,07,196,40,14,21,118,39,16,51,023,49*72
(Jul 16 2018 21:56:57,  851161 sec) LogNmeaSentences()   $GPGSV,3,3,12,18,08,186,40,22,47,211,46,23,43,339,47,27,44,122,44*7B
(Jul 16 2018 21:57:06,  851170 sec) LogNmeaSentences()   $GPRMC,215650,A,1405.0818,N,08620.3996,E,002.0,207.5,160718,001.3,W*60
(Jul 16 2018 21:57:07,  851170 sec) LogNmeaSentences()   $GPGGA,215650,1405.0818,N,08620.3996,E,1,12,0.9,-5.9,M,-75.8,M,,*43
(Jul 16 2018 21:57:07,  851171 sec) LogNmeaSentences()   $GPGSA,A,3,01,03,07,08,09,11,14,16,18,22,23,27,1.2,0.9,0.8*3B
(Jul 16 2018 21:57:07,  851171 sec) LogNmeaSentences()   $GPGSV,3,1,12,01,06,209,31,03,53,248,49,07,07,283,40,08,33,167,42*73
(Jul 16 2018 21:57:08,  851172 sec) LogNmeaSentences()   $GPGSV,3,2,12,09,14,325,43,11,07,196,31,14,21,118,41,16,51,023,46*74
(Jul 16 2018 21:57:08,  851172 sec) LogNmeaSentences()   $GPGSV,3,3,12,18,08,186,32,22,47,211,46,23,43,339,47,27,44,122,46*7C
(Jul 16 2018 21:57:16,  851180 sec) LogNmeaSentences()   $GPRMC,215700,A,1405.0835,N,08620.4005,E,000.9,280.0,160718,001.3,W*6E
(Jul 16 2018 21:57:17,  851180 sec) LogNmeaSentences()   $GPGGA,215700,1405.0835,N,08620.4005,E,1,12,0.9,-11.4,M,-75.8,M,,*74
(Jul 16 2018 21:57:17,  851181 sec) LogNmeaSentences()   $GPGSA,A,3,01,03,07,08,09,11,14,16,18,22,23,27,1.2,0.9,0.8*3B
(Jul 16 2018 21:57:17,  851181 sec) LogNmeaSentences()   $GPGSV,3,1,12,01,06,209,36,03,53,248,47,07,07,283,37,08,33,167,41*79
(Jul 16 2018 21:57:18,  851182 sec) LogNmeaSentences()   $GPGSV,3,2,12,09,14,325,45,11,07,196,38,14,21,118,37,16,51,023,49*75
(Jul 16 2018 21:57:18,  851182 sec) LogNmeaSentences()   $GPGSV,3,3,12,18,08,185,38,22,47,211,43,23,43,339,47,27,44,122,42*74
(Jul 16 2018 21:57:18,  851182 sec) LogNmeaSentences()   $PGRMT,GPS 15x-L software ver. 3.80,,,,,,,,*7C
(Jul 16 2018 21:57:26,  851190 sec) LogNmeaSentences()   $GPRMC,215710,A,1405.0796,N,08620.3991,E,001.6,121.0,160718,001.3,W*6C
(Jul 16 2018 21:57:27,  851190 sec) LogNmeaSentences()   $GPGGA,215710,1405.0796,N,08620.3991,E,1,11,0.8,-13.6,M,-75.8,M,,*72
(Jul 16 2018 21:57:27,  851191 sec) LogNmeaSentences()   

(Jul 16 2018 21:57:27) LogSize()            Log file is 38928 bytes.  Limit is 40960 bytes.

$GPGSA,A,3,,03,07,08,09,14,16,18,22,23,27,31,1.1,0.8,0.8*3A
(Jul 16 2018 21:57:27,  851191 sec) LogNmeaSentences()   $GPGSV,3,1,12,01,06,209,21,03,53,248,36,07,07,283,30,08,33,167,40*7F
(Jul 16 2018 21:57:28,  851192 sec) GpsServices()        GPS services complete.
(Jul 16 2018 21:57:52,  851216 sec) CLogin()             Connecting to primary host.
(Jul 16 2018 21:58:05,  851229 sec) CLogin()             Connection 5 established in 13 seconds.
(Jul 16 2018 21:58:25,  851249 sec) login()              Login successful.
(Jul 16 2018 21:58:29,  851252 sec) CLogin()             Logged in to host.  [Login required 24 seconds]
(Jul 16 2018 21:58:36,  851260 sec) RxConfig()           Downloading "mission.cfg" from host.
(Jul 16 2018 21:58:39,  851263 sec) Rx()                 Initiating transfer. [0x43]
(Jul 16 2018 21:58:48,  851272 sec) Rx()                 Pad character [0x1a] found in ascii mode - truncating packet.
(Jul 16 2018 21:58:53,  851276 sec) Rx()                 Received EOT - transfer complete. [1 packets, 1024 bytes, 14 sec, 73.1 bps]
(Jul 16 2018 21:58:53,  851277 sec) RxConfig()           Download successful.
(Jul 16 2018 21:59:14,  851298 sec) UpLoadFile()         Uploading "9567.136.log" to host as "9567.136.log".
(Jul 16 2018 21:59:16,  851300 sec) Tx()                 CRC negotiation successful. [16-bit CRC]
(Jul 16 2018 21:59:23,  851307 sec) TxPacket()           NAK received - resending packet. [PktNum=0x01]
(Jul 16 2018 21:59:23,  851307 sec) TxPacket()           Packet xmit history: [01110001] (0:ok, 1:fail).
(Jul 16 2018 21:59:57,  851341 sec) TxPacket()           NAK received - resending packet. [PktNum=0x06]
(Jul 16 2018 21:59:57,  851341 sec) TxPacket()           Packet xmit history: [
<EOT>
