(Apr 02 2016 10:19:05,  841955 sec) TelemetryInit()      Profile 51. (Apf9i FwRev: 012811)
(Apr 02 2016 10:26:04,  842374 sec) AirSystem()          Battery [187cnt, 14.5V]  Current [76cnt, 30.6mA]  Barometer [126cnt, 6.5"Hg]  Run-Time [49s]
(Apr 02 2016 10:26:32,  842402 sec) GpsServices()        GPS almanac is current.
(Apr 02 2016 10:26:32,  842402 sec) GpsServices()        Initiating GPS fix acquisition.
(Apr 02 2016 10:26:44,  842414 sec) gga()                $GPGGA,102650,0555.0844,N,08224.2244,E,0,00,,,M,,M,,*5C
(Apr 02 2016 10:26:59,  842429 sec) gga()                $GPGGA,102650,0555.0844,N,08224.2244,E,0,00,,,M,,M,,*5C
(Apr 02 2016 10:27:09,  842439 sec) gga()                $GPGGA,102700,0555.0844,N,08224.2244,E,0,00,,,M,,M,,*58
(Apr 02 2016 10:27:37,  842467 sec) gga()                $GPGGA,102710,0538.4561,N,08227.9156,E,1,11,0.8,5.4,M,-95.8,M,,*6B
(Apr 02 2016 10:27:37,  842468 sec) GpsServices()        Profile 51 GPS fix obtained in 65 seconds.
(Apr 02 2016 10:27:38,  842468 sec) GpsServices()                  lon     lat mm/dd/yyyy hhmmss nsat
(Apr 02 2016 10:27:38,  842468 sec) GpsServices()        Fix:   82.465   5.641 04/02/2016 102710   11
(Apr 02 2016 10:28:07,  842497 sec) gga()                $GPGGA,102740,0538.4586,N,08227.9084,E,1,11,0.8,4.5,M,-95.8,M,,*69
(Apr 02 2016 10:28:13,  842503 sec) gga()                $GPGGA,102810,0538.4597,N,08227.9003,E,1,11,0.8,4.8,M,-95.8,M,,*61
(Apr 02 2016 10:28:13,  842503 sec) GpsServices()        APF9 RTC skew (3s) OK.
(Apr 02 2016 10:28:13,  842504 sec) LogNmeaSentences()   71,217,49,11,50,088,46,17,37,221,47,19,06,216,40*76
(Apr 02 2016 10:28:14,  842504 sec) LogNmeaSentences()   $GPGSV,3,3,11,23,45,165,48,28,26,299,43,30,22,338,42*41
(Apr 02 2016 10:28:23,  842513 sec) LogNmeaSentences()   $GPRMC,102820,A,0538.4603,N,08227.8966,E,000.8,282.0,020416,002.5,W*6A
(Apr 02 2016 10:28:23,  842514 sec) LogNmeaSentences()   $GPGGA,102820,0538.4603,N,08227.8966,E,1,11,0.8,4.7,M,-95.8,M,,*68
(Apr 02 2016 10:28:24,  842514 sec) LogNmeaSentences()   $GPGSA,A,3,01,03,07,08,09,11,17,19,23,28,30,,1.1,0.8,0.8*30
(Apr 02 2016 10:28:24,  842514 sec) LogNmeaSentences()   $GPGSV,3,1,11,01,37,118,45,03,10,158,42,07,40,006,45,08,23,031,43*77
(Apr 02 2016 10:28:24,  842515 sec) LogNmeaSentences()   $GPGSV,3,2,11,09,71,217,48,11,50,088,48,17,37,221,47,19,06,216,39*77
(Apr 02 2016 10:28:25,  842515 sec) LogNmeaSentences()   $GPGSV,3,3,11,23,45,165,49,28,26,299,42,30,22,338,42*41
(Apr 02 2016 10:28:33,  842523 sec) LogNmeaSentences()   $GPRMC,102830,A,0538.4614,N,08227.8942,E,000.5,290.5,020416,002.5,W*60
(Apr 02 2016 10:28:33,  842524 sec) LogNmeaSentences()   $GPGGA,102830,0538.4614,N,08227.8942,E,1,11,0.8,6.1,M,-95.8,M,,*6D
(Apr 02 2016 10:28:34,  842524 sec) LogNmeaSentences()   $GPGSA,A,3,01,03,07,08,09,11,17,19,23,28,30,,1.1,0.8,0.8*30
(Apr 02 2016 10:28:34,  842524 sec) LogNmeaSentences()   $GPGSV,3,1,11,01,37,118,43,03,10,158,41,07,40,006,46,08,23,031,41*73
(Apr 02 2016 10:28:34,  842525 sec) LogNmeaSentences()   $GPGSV,3,2,11,09,71,217,48,11,50,088,46,17,37,221,47,19,06,216,39*79
(Apr 02 2016 10:28:35,  842525 sec) LogNmeaSentences()   $GPGSV,3,3,11,23,45,165,47,28,26,299,44,30,22,338,43*48
(Apr 02 2016 10:28:43,  842533 sec) LogNmeaSentences()   $GPRMC,102840,A,0538.4616,N,08227.8913,E,000.9,267.2,020416,002.5,W*62
(Apr 02 2016 10:28:43,  842534 sec) LogNmeaSentences()   $GPGGA,102840,0538.4616,N,08227.8913,E,1,11,0.8,4.2,M,-95.8,M,,*6D
(Apr 02 2016 10:28:44,  842534 sec) LogNmeaSentences()   $GPGSA,A,3,01,03,07,08,09,11,17,19,23,28,30,,1.1,0.8,0.8*30
(Apr 02 2016 10:28:44,  842534 sec) LogNmeaSentences()   $GPGSV,3,1,11,01,37,118,45,03,10,158,42,07,40,006,46,08,23,031,41*76
(Apr 02 2016 10:28:44,  842535 sec) LogNmeaSentences()   $GPGSV,3,2,11,09,71,217,49,11,50,088,48,17,37,221,47,19,06,216,39*76
(Apr 02 2016 10:28:45,  842535 sec) LogNmeaSentences()   $GPGSV,3,3,11,23,45,165,48,28,26,299,41,30,22,338,40*41
(Apr 02 2016 10:28:53,  842543 sec) LogNmeaSentences()   $GPRMC,102850,A,0538.4622,N,08227.8887,E,001.4,276.2,020416,002.5,W*64
(Apr 02 2016 10:28:53,  842544 sec) LogNmeaSentences()   $GPGGA,102850,0538.4622,N,08227.8887,E,1,11,0.8,4.9,M,-95.8,M,,*6C
(Apr 02 2016 10:28:54,  842544 sec) LogNmeaSentences()   $GPGSA,A,3,01,03,07,08,09,11,17,19,23,28,30,,1.1,0.8,0.8*30
(Apr 02 2016 10:28:54,  842544 sec) LogNmeaSentences()   $GPGSV,3,1,11,01,37,118,45,03,10,158,41,07,40,006,45,08,23,031,42*75
(Apr 02 2016 10:28:54,  842545 sec) LogNmeaSentences()   $GPGSV,3,2,11,09,71,217,48,11,50,088,48,17,37,221,46,19,06,216,39*76
(Apr 02 2016 10:28:55,  842545 sec) LogNmeaSentences()   $GPGSV,3,3,11,23,45,165,48,28,26,299,42,30,22,338,42*40
(Apr 02 2016 10:29:03,  842553 sec) LogNmeaSentences()   $GPRMC,102900,A,0538.4625,N,08227.8851,E,001.3,289.8,020416,002.5,W*61
(Apr 02 2016 10:29:03,  842554 sec) LogNmeaSentences()   $GPGGA,102900,0538.4625,N,08227.8851,E,1,11,0.8,4.6,M,-95.8,M,,*6B
(Apr 02 2016 10:29:04,  842554 sec) LogNmeaSentences()   $GPGSA,A,3,01,03,07,08,09,11,17,19,23,28,30,,1.1,0.8,0.8*30
(Apr 02 2016 10:29:04,  842554 sec) LogNmeaSentences()   $GPGSV,3,1,11,01,37,117,43,03,10,158,40,07,40,006,45,08,23,031,41*7E
(Apr 02 2016 10:29:04,  842555 sec) LogNmeaSentences()   $GPGSV,3,2,11,09,71,217,49,11,50,088,47,17,37,221,47,19,06,216,40*77
(Apr 02 2016 10:29:05,  842555 sec) LogNmeaSentences()   $GPGSV,3,3,11,23,45,165,48,28,26,299,43,30,23,339,42*41
(Apr 02 2016 10:29:05,  842555 sec) LogNmeaSentences()   $PGRMT,GPS 15x-L software ver. 3.80,,,,,,,,*7C
(Apr 02 2016 10:29:05,  842555 sec) GpsServices()        GPS services complete.
(Apr 02 2016 10:29:30,  842580 sec) CLogin()             Connecting to primary host.
(Apr 02 2016 10:29:41,  842591 sec) CLogin()             Connection 1 established in 11 seconds.
(Apr 02 2016 10:29:54,  842604 sec) login()              Login successful.
(Apr 02 2016 10:29:57,  842608 sec) CLogin()             Logged in to host.  [Login required 16 seconds]
(Apr 02 2016 10:30:05,  842616 sec) RxConfig()           Downloading "mission.cfg" from host.
(Apr 02 2016 10:30:08,  842618 sec) Rx()                 Initiating transfer. [0x43]
(Apr 02 2016 10:30:10,  842621 sec) RxStartByte()        Sync errors encountered: 392
(Apr 02 2016 10:30:14,  842624 sec) Rx()                 Pad character [0x1a] found in ascii mode - truncating packet.
(Apr 02 2016 10:30:18,  842628 sec) Rx()                 Received EOT - transfer complete. [1 packets, 1024 bytes, 10 sec, 102.4 bps]
(Apr 02 2016 10:30:18,  842628 sec) RxConfig()           Download successful.
(Apr 02 2016 10:30:31,  842642 sec) WriteVitals()        Writing vitals to "9567.051.msg".
(Apr 02 2016 10:30:40,  842651 sec) UpLoadFile()         Uploading "9567.051.log" to host as "9567.051.log".
(Apr 02 2016 10:30:43,  842653 sec) Tx()                 CRC negotiation successful. [16-bit CRC]
(Apr 02 2016 10:34:00,  842850 sec) Tx()                 Transmission completed successfully [35 packets, 35226 bytes, 196 sec, 182.9 bps]
(Apr 02 2016 10:34:00,  842851 sec) UpLoadFile()         Upload successful.
(Apr 02 2016 10:34:05,  842855 sec) UpLoadFile()         Uploading "9567.051.msg" to host as "9567.051.msg".
(Apr 02 2016 10:34:09,  842860 sec) Tx()                 CRC negotiation successful. [16-bit CRC]
(Apr 02 2016 10:34:46,  842896 sec) TxPacket()           NAK received - resending packet. [PktNum=0x07]
(Apr 02 2016 10:34:46,  842897 sec) TxPacket()           Packet xmit history: [00000001] (0:ok, 1:fail).
(Apr 02 2016 10:35:57,  842968 sec) TxPacket()           NAK received - resending packet. [PktNum=0x14]
(Apr 02 2016 10:35:57,  842968 sec) TxPacket()           Packet xmit history: [00000001] (0:ok, 1:fail).
(Apr 02 2016 10:36:24,  842994 sec) Tx()                 Transmission completed successfully [23 packets, 23197 bytes, 134 sec, 175.8 bps]
(Apr 02 2016 10:36:24,  842995 sec) UpLoadFile()         Upload successful.
(Apr 02 2016 10:36:31,  843001 sec) UpLoad()             Files successfully uploaded: 2
(Apr 02 2016 10:36:31,  843001 sec) UpLoad()             Upload complete.
(Apr 02 2016 10:36:35,  843005 sec) logout()             Log-out successful.
(Apr 02 2016 10:36:36,  843006 sec) Telemetry()          Telemetry cycle complete: PrfId=51 ConnectionAttempts=1  Connections=1
(Apr 02 2016 10:36:36,  843006 sec) TelemetryTerminate() Parsing new mission configuration.
(Apr 02 2016 10:36:38,  843008 sec) configure()          Parsing configurators in "mission.cfg".
(Apr 02 2016 10:36:42,  843012 sec) configure()             TelemetryRetry(15)      [0x7BBC] [TelemetryRetry(15)].
(Apr 02 2016 10:36:42,  843012 sec) configure()          Configuration CRCs and syntax OK.
(Apr 02 2016 10:36:42,  843012 sec) ConfigSupervisor()   Sanity check violated: cfg->PressureCP >= 750
(Apr 02 2016 10:36:42,  843012 sec) ConfigSupervisor()   Configuration accepted.
(Apr 02 2016 10:36:42,  843012 sec) TelemetryTerminate() Reconditioning the file system.
(Apr 02 2016 10:36:52,       7 sec) DescentInit()        Deep profile 52 initiated at mission-time 843015sec.
(Apr 02 2016 10:36:54,      10 sec) DescentInit()        Surface pressure: -0.2dbars.
(Apr 02 2016 10:36:59,      15 sec) PistonMoveAbsWTO()    193->053 192 191 190 189 188 187 186 185 184 183 182 181 180 179 178 177 176 175 174 173 172 171 170 169 168 167 166 165 164 163 162 161 160 159 158 157 156 155 154 153 152 151 150 149 148 147 146 145 144 143 142 141 140 139 138 137 136 135 134 133 132 131 130 129 128 127 126 125 124 123 122 121 120 119 118 117 116 115 114 113 112 111 110 109 108 107 106 105 104 103 102 101 100 099 098 097 096 095 094 093 092 091 090 089 088 087 086 085 084 083 082 081 080 079 078 077 076 075 074 073 072 071 070 069 068 067 066 065 064 063 062 061 060 059 058 057 056 055 054 053 [710sec, 14.3Volts, 0.161Amps, CPT:710sec]
(Apr 02 2016 10:48:50,     725 sec) PistonMoveAbsWTO()    053->000 052 051 050 049 048 047 046 045 044 043 042 041 040 039 038 037 036 035 034 033 032 031 030 029 028 027 026 025 024 023 022 021 020 019 018 017 016 015 014 013 012 011 010 009 [223sec, 14.3Volts, 0.153Amps, CPT:933sec]
(Apr 02 2016 10:52:42,     958 sec) Descent()            Pressure: 96.9
(Apr 02 2016 11:36:48,    3604 sec) Descent()            Pressure: 405.3
(Apr 02 2016 12:36:48,    7204 sec) Descent()            Pressure: 904.5
(Apr 02 2016 12:36:49,    7204 sec) PistonMoveAbsWTO()    009->053 010 011 012 013 014 015 016 017 018 019 020 021 022 023 024 025 026 027 028 029 030 031 032 033 034 035 036 037 038 039 040 041 042 043 044 045 046 047 048 049 050 051 052 053 [253sec, 13.5Volts, 0.431Amps, CPT:1186sec]
(Apr 02 2016 13:36:48,   10804 sec) Descent()            Pressure: 917.1
(Apr 02 2016 14:36:48,   14404 sec) Descent()            Pressure: 947.8
(Apr 02 2016 15:36:48,   18004 sec) Descent()            Pressure: 952.3
(Apr 02 2016 15:36:49,   18004 sec) ParkInit()           
(Apr 02 2016 17:37:18,   25233 sec) Park()               ParkPOutOfBand[-3, 973.5 dbars]: retract piston.
(Apr 02 2016 17:37:18,   25234 sec) PistonMoveAbsWTO()    053->052 052 [1sec, 14.1Volts, 0.089Amps, CPT:1187sec]
(Apr 02 2016 20:37:18,   36033 sec) Park()               ParkPOutOfBand[-3, 980.5 dbars]: retract piston.
(Apr 02 2016 20:37:18,   36034 sec) PistonMoveAbsWTO()    052->051 051 [5sec, 14.2Volts, 0.085Amps, CPT:1192sec]
(Apr 02 2016 23:37:18,   46833 sec) Park()               ParkPOutOfBand[3, 1024.4 dbars]: extend piston.
(Apr 02 2016 23:37:18,   46834 sec) PistonMoveAbsWTO()    051->052 052 [2sec, 13.7Volts, 0.463Amps, CPT:1194sec]
(Apr 03 2016 02:37:18,   57633 sec) Park()               ParkPOutOfBand[3, 1015.6 dbars]: extend piston.
(Apr 03 2016 02:37:18,   57634 sec) PistonMoveAbsWTO()    052->053 053 [5sec, 13.6Volts, 0.467Amps, CPT:1199sec]
(Apr 04 2016 14:37:18,  187234 sec) Park()               ParkPOutOfBand[3, 1013.9 dbars]: extend piston.
(Apr 04 2016 14:37:19,  187234 sec) PistonMoveAbsWTO()    053->054 054 [7sec, 13.3Volts, 0.475Amps, CPT:1206sec]
(Apr 04 2016 17:37:18,  198034 sec) Park()               ParkPOutOfBand[-3, 979.2 dbars]: retract piston.
(Apr 04 2016 17:37:19,  198034 sec) PistonMoveAbsWTO()    054->053 053 [3sec, 14.0Volts, 0.101Amps, CPT:1209sec]
(Apr 11 2016 18:37:10,  806425 sec) CtdPower()           [ 1005.25,  6.9597, 34.9503]
(Apr 11 2016 18:37:10,  806425 sec) CtdPower()           CTD Power consumption [182VCnt 11ACnt]: 14.108Volts * 0.044Amps = 0.63Watts.
(Apr 11 2016 18:37:10,  806426 sec) ParkTerminate()      Piston Position:53 Vacuum:80 Vq:196 Aq:6 Vsbe:182 Asbe:11
(Apr 11 2016 18:37:38,  806453 sec) ParkTerminate()      PTS: 1005.2dbars 6.9605C 34.9499PSU
(Apr 11 2016 18:37:38,  806454 sec) GoDeepInit()         Moving piston.
(Apr 11 2016 18:37:38,  806454 sec) PistonMoveAbsWTO()    053->015 052 051 050 049 048 047 046 045 044 043 042 041 040 039 038 037 036 035 034 033 032 031 030 029 028 027 026 025 024 023 022 021 020 019 018 017 016 015 [192sec, 14.1Volts, 0.085Amps, CPT:1401sec]
(Apr 11 2016 23:36:48,  824404 sec) ProfileInit()        PrfId:052  Pressure:1998.9dbar  pTable[1]:1900dbar
(Apr 11 2016 23:36:51,  824407 sec) PistonMoveAbsWTO()    015->037 016 017 018 019 020 [30sec, 12.7Volts, 0.774Amps, CPT:1431sec]
(Apr 11 2016 23:37:32,  824447 sec) PistonMoveAbsWTO()    020->037 021 022 023 024 [30sec, 12.5Volts, 0.798Amps, CPT:1461sec]
(Apr 11 2016 23:38:12,  824487 sec) PistonMoveAbsWTO()    024->037 025 026 027 028 [30sec, 12.4Volts, 0.786Amps, CPT:1491sec]
(Apr 11 2016 23:38:52,  824527 sec) PistonMoveAbsWTO()    028->037 029 030 031 032 [30sec, 12.2Volts, 0.806Amps, CPT:1521sec]
(Apr 11 2016 23:39:32,  824567 sec) PistonMoveAbsWTO()    032->037 033 034 035 036 [30sec, 12.2Volts, 0.802Amps, CPT:1551sec]
(Apr 11 2016 23:53:41,  825416 sec) Profile()            Sample 0 initiated at 1900.2dbars for bin 1 [1900dbars].  PTS: 1897.6dbars 3.0791C 34.7981PSU
(Apr 12 2016 00:11:35,  826490 sec) Profile()            Sample 1 initiated at 1800.8dbars for bin 2 [1800dbars].  PTS: 1798.6dbars 3.3415C 34.8088PSU
(Apr 12 2016 00:31:11,  827666 sec) Profile()            Sample 2 initiated at 1700.9dbars for bin 3 [1700dbars].  PTS: 1699.0dbars 3.6917C 34.8225PSU
(Apr 12 2016 00:32:04,  827719 sec) AscentControlAgent() Bouyancy nudge to 47 (v=0.077dbar/sec).
(Apr 12 2016 00:32:04,  827720 sec) PistonMoveAbsWTO()    037->047 038 039 040 041 [30sec, 13.1Volts, 0.697Amps, CPT:1581sec]
(Apr 12 2016 00:32:45,  827760 sec) PistonMoveAbsWTO()    041->047 042 043 044 045 046 [30sec, 12.9Volts, 0.685Amps, CPT:1611sec]
(Apr 12 2016 00:33:25,  827800 sec) PistonMoveAbsWTO()    046->047 047 [7sec, 12.9Volts, 0.693Amps, CPT:1618sec]
(Apr 12 2016 00:48:26,  828701 sec) Profile()            Sample 3 initiated at 1600.3dbars for bin 4 [1600dbars].  PTS: 1598.0dbars 4.1250C 34.8406PSU
(Apr 12 2016 01:06:00,  829755 sec) Profile()            Sample 4 initiated at 1500.7dbars for bin 5 [1500dbars].  PTS: 1498.1dbars 4.5427C 34.8573PSU
(Apr 12 2016 01:23:46,  830821 sec) Profile()            Sample 5 initiated at 1400.4dbars for bin 6 [1400dbars].  PTS: 1398.5dbars 4.9810C 34.8727PSU
(Apr 12 2016 01:27:19,  831034 sec) AscentControlAgent() Bouyancy nudge to 57 (v=0.071dbar/sec).
(Apr 12 2016 01:27:19,  831035 sec) PistonMoveAbsWTO()    047->057 048 049 050 051 052 [30sec, 13.3Volts, 0.588Amps, CPT:1648sec]
(Apr 12 2016 01:28:00,  831075 sec) PistonMoveAbsWTO()    052->057 053 054 055 056 [30sec, 13.1Volts, 0.596Amps, CPT:1678sec]
(Apr 12 2016 01:33:29,  831404 sec) Profile()            Sample 6 initiated at 1350.7dbars for bin 7 [1350dbars].  PTS: 1348.2dbars 5.1611C 34.8802PSU
(Apr 12 2016 01:42:19,  831934 sec) Profile()            Sample 7 initiated at 1300.4dbars for bin 8 [1300dbars].  PTS: 1298.1dbars 5.2206C 34.8825PSU
(Apr 12 2016 01:51:01,  832456 sec) Profile()            Sample 8 initiated at 1250.8dbars for bin 9 [1250dbars].  PTS: 1248.4dbars 5.4619C 34.8912PSU
(Apr 12 2016 02:00:03,  832998 sec) Profile()            Sample 9 initiated at 1200.7dbars for bin 10 [1200dbars].  PTS: 1198.5dbars 5.7320C 34.9022PSU
(Apr 12 2016 02:07:28,  833443 sec) AscentControlAgent() Bouyancy nudge to 67 (v=0.076dbar/sec).
(Apr 12 2016 02:07:28,  833444 sec) PistonMoveAbsWTO()    057->067 058 059 060 061 [30sec, 13.4Volts, 0.516Amps, CPT:1708sec]
(Apr 12 2016 02:08:09,  833484 sec) PistonMoveAbsWTO()    062->067 063 064 065 066 [30sec, 13.3Volts, 0.512Amps, CPT:1738sec]
(Apr 12 2016 02:08:49,  833524 sec) PistonMoveAbsWTO()    066->067 067 [2sec, 13.5Volts, 0.520Amps, CPT:1740sec]
(Apr 12 2016 02:10:08,  833603 sec) Profile()            Sample 10 initiated at 1151.0dbars for bin 11 [1150dbars].  PTS: 1148.4dbars 6.0332C 34.9125PSU
(Apr 12 2016 02:18:20,  834095 sec) Profile()            Sample 11 initiated at 1100.5dbars for bin 12 [1100dbars].  PTS: 1098.0dbars 6.4209C 34.9266PSU
(Apr 12 2016 02:26:30,  834585 sec) Profile()            Sample 12 initiated at 1050.5dbars for bin 13 [1050dbars].  PTS: 1048.0dbars 6.8325C 34.9445PSU
(Apr 12 2016 02:35:02,  835097 sec) Profile()            Sample 13 initiated at 1000.8dbars for bin 14 [1000dbars].  PTS: 998.4dbars 7.0614C 34.9528PSU
(Apr 12 2016 02:45:14,  835709 sec) Profile()            Sample 14 initiated at 950.4dbars for bin 15 [950dbars].  PTS: 948.6dbars 7.4426C 34.9660PSU
(Apr 12 2016 02:47:37,  835852 sec) AscentControlAgent() Bouyancy nudge to 77 (v=0.074dbar/sec).
(Apr 12 2016 02:47:37,  835853 sec) PistonMoveAbsWTO()    067->077 068 069 070 071 072 [30sec, 13.6Volts, 0.455Amps, CPT:1770sec]
(Apr 12 2016 02:48:18,  835893 sec) PistonMoveAbsWTO()    072->077 073 074 075 076 077 [28sec, 13.4Volts, 0.455Amps, CPT:1798sec]
(Apr 12 2016 02:54:16,  836251 sec) Profile()            Sample 15 initiated at 900.3dbars for bin 16 [900dbars].  PTS: 897.7dbars 7.6427C 34.9752PSU
(Apr 12 2016 03:01:56,  836711 sec) Profile()            Sample 16 initiated at 850.7dbars for bin 17 [850dbars].  PTS: 847.9dbars 7.8326C 34.9825PSU
(Apr 12 2016 03:09:18,  837153 sec) Profile()            Sample 17 initiated at 800.5dbars for bin 18 [800dbars].  PTS: 797.6dbars 8.1155C 34.9954PSU
(Apr 12 2016 03:16:48,  837603 sec) Profile()            Sample 18 initiated at 750.8dbars for bin 19 [750dbars].  PTS: 748.2dbars 8.4202C 35.0094PSU
(Apr 12 2016 03:25:10,  838105 sec) Profile()            Sample 19 initiated at 700.6dbars for bin 20 [700dbars].  PTS: 698.2dbars 8.7046C 35.0122PSU
(Apr 12 2016 03:34:22,  838657 sec) Profile()            Sample 20 initiated at 650.2dbars for bin 21 [650dbars].  PTS: 648.0dbars 9.0455C 35.0215PSU
(Apr 12 2016 03:43:24,  839199 sec) Profile()            Sample 21 initiated at 600.2dbars for bin 22 [600dbars].  PTS: 597.9dbars 9.2929C 35.0273PSU
(Apr 12 2016 03:51:44,  839699 sec) Profile()            Sample 22 initiated at 550.1dbars for bin 23 [550dbars].  PTS: 547.5dbars 9.7015C 35.0362PSU
(Apr 12 2016 03:59:36,  840171 sec) Profile()            Sample 23 initiated at 500.4dbars for bin 24 [500dbars].  PTS: 497.7dbars 9.9369C 35.0425PSU
(Apr 12 2016 04:01:13,  840269 sec) Sbe41cpStartCP()     Continuous profile started.
(Apr 12 2016 04:52:13,  843329 sec) AscentControlAgent() Bouyancy nudge to 87 (v=0.059dbar/sec).
(Apr 12 2016 04:52:14,  843329 sec) PistonMoveAbsWTO()    077->087 078 079 080 081 082 [30sec, 14.0Volts, 0.218Amps, CPT:1828sec]
(Apr 12 2016 04:52:54,  843369 sec) PistonMoveAbsWTO()    082->087 083 084 085 086 087 [24sec, 13.9Volts, 0.218Amps, CPT:1852sec]
(Apr 12 2016 04:58:23,  843699 sec) AscentControlAgent() Bouyancy nudge to 97 (v=0.059dbar/sec).
(Apr 12 2016 04:58:24,  843699 sec) PistonMoveAbsWTO()    087->097 088 089 090 091 092 [30sec, 14.0Volts, 0.222Amps, CPT:1882sec]
(Apr 12 2016 04:59:04,  843739 sec) PistonMoveAbsWTO()    092->097 093 094 095 096 097 [24sec, 13.9Volts, 0.218Amps, CPT:1906sec]
(Apr 12 2016 05:04:33,  844069 sec) AscentControlAgent() Bouyancy nudge to 107 (v=0.058dbar/sec).
(Apr 12 2016 05:04:34,  844069 sec) PistonMoveAbsWTO()    097->107 098 099 100 101 102 [30sec, 14.0Volts, 0.210Amps, CPT:1936sec]
(Apr 12 2016 05:05:14,  844109 sec) PistonMoveAbsWTO()    102->107 103 104 105 106 107 [24sec, 13.9Volts, 0.214Amps, CPT:1960sec]
(Apr 12 2016 05:10:43,  844439 sec) AscentControlAgent() Bouyancy nudge to 117 (v=0.037dbar/sec).
(Apr 12 2016 05:10:44,  844439 sec) PistonMoveAbsWTO()    107->117 108 109 110 111 112 [30sec, 14.0Volts, 0.205Amps, CPT:1990sec]
(Apr 12 2016 05:11:24,  844479 sec) PistonMoveAbsWTO()    112->117 113 114 115 116 117 [24sec, 14.0Volts, 0.205Amps, CPT:2014sec]
(Apr 12 2016 05:16:53,  844809 sec) AscentControlAgent() Bouyancy nudge to 127 (v=0.022dbar/sec).
(Apr 12 2016 05:16:54,  844809 sec) PistonMoveAbsWTO()    117->127 118 119 120 121 122 [30sec, 14.0Volts, 0.201Amps, CPT:2044sec]
(Apr 12 2016 05:17:34,  844849 sec) PistonMoveAbsWTO()    122->127 123 124 125 126 127 [23sec, 14.0Volts, 0.201Amps, CPT:2067sec]
(Apr 12 2016 05:23:03,  845179 sec) AscentControlAgent() Bouyancy nudge to 137 (v=0.026dbar/sec).
(Apr 12 2016 05:23:04,  845179 sec) PistonMoveAbsWTO()    127->137 128 129 130 131 132 [30sec, 14.0Volts, 0.197Amps, CPT:2097sec]
(Apr 12 2016 05:23:44,  845219 sec) PistonMoveAbsWTO()    132->137 133 134 135 136 137 [24sec, 14.0Volts, 0.193Amps, CPT:2121sec]
(Apr 12 2016 05:29:13,  845549 sec) AscentControlAgent() Bouyancy nudge to 147 (v=0.029dbar/sec).
(Apr 12 2016 05:29:14,  845549 sec) PistonMoveAbsWTO()    137->147 138 139 140 141 142 [30sec, 14.1Volts, 0.193Amps, CPT:2151sec]
(Apr 12 2016 05:29:54,  845589 sec) PistonMoveAbsWTO()    142->147 143 144 145 146 147 [23sec, 14.0Volts, 0.197Amps, CPT:2174sec]
(Apr 12 2016 05:34:18,  845854 sec) AscentControlAgent() Bouyancy nudge to 157 (v=0.033dbar/sec).
(Apr 12 2016 05:34:19,  845854 sec) PistonMoveAbsWTO()    147->157 148 149 150 151 152 [30sec, 14.0Volts, 0.197Amps, CPT:2204sec]
(Apr 12 2016 05:34:59,  845894 sec) PistonMoveAbsWTO()    152->157 153 154 155 156 157 [23sec, 14.0Volts, 0.197Amps, CPT:2227sec]
(Apr 12 2016 05:39:23,  846159 sec) AscentControlAgent() Bouyancy nudge to 167 (v=0.032dbar/sec).
(Apr 12 2016 05:39:24,  846159 sec) PistonMoveAbsWTO()    157->167 158 159 160 161 162 [30sec, 14.1Volts, 0.193Amps, CPT:2257sec]
(Apr 12 2016 05:40:04,  846199 sec) PistonMoveAbsWTO()    162->167 163 164 165 166 167 [23sec, 14.0Volts, 0.193Amps, CPT:2280sec]
(Apr 12 2016 05:44:28,  846464 sec) AscentControlAgent() Bouyancy nudge to 177 (v=0.048dbar/sec).
(Apr 12 2016 05:44:29,  846464 sec) PistonMoveAbsWTO()    167->177 168 169 [15sec, 14.1Volts, 0.189Amps, CPT:2295sec]
(Apr 12 2016 05:44:54,  846489 sec) PistonMoveAbsWTO()    169->177 170 171 172 [15sec, 14.1Volts, 0.189Amps, CPT:2310sec]
(Apr 12 2016 05:45:19,  846514 sec) PistonMoveAbsWTO()    172->177 173 174 175 [15sec, 14.1Volts, 0.189Amps, CPT:2325sec]
(Apr 12 2016 05:45:44,  846539 sec) PistonMoveAbsWTO()    175->177 176 177 [10sec, 14.1Volts, 0.189Amps, CPT:2335sec]
(Apr 12 2016 05:46:57,  846612 sec) SurfaceDetect()      SurfacePressure:-0.2dbars Pressure:3.6dbars PistonPosition:177
(Apr 12 2016 05:46:57,  846613 sec) Sbe41cpStopCP()      Continuous profile stopped.
(Apr 12 2016 05:47:04,  846619 sec) PistonMoveAbsWTO()    177->199 178 179 180 181 182 183 184 185 186 187 188 189 190 191 192 193 194 195 196 197 198 199 [113sec, 14.1Volts, 0.165Amps, CPT:2448sec]
(Apr 12 2016 05:49:09,  846744 sec) sbe41cp.c:chat()     Expected string [S>] not received.
(Apr 12 2016 05:50:57,  846852 sec) Sbe41cpBinAverage()  Finished averaging 6375 samples in 104 seconds.
(Apr 12 2016 05:51:02,  846857 sec) Sbe41cpUploadCP()    Sbe41cpSerNo[5994] NSample[6375] NBin[246]
(Apr 12 2016 05:51:43,  846898 sec) Sbe41cpUploadCP()    Continuous profile uploaded [246 lines].

<EOT>
