(Nov 28 2014 06:42:03,   14050 sec) AirSystem()          Air-bladder inflation by-passed. Barometer: [126cnt, 6.5"Hg].
(Nov 28 2014 06:42:43,   14089 sec) GpsServices()        GPS almanac is current.
(Nov 28 2014 06:42:43,   14089 sec) GpsServices()        Initiating GPS fix acquisition.
(Nov 28 2014 06:43:15,   14122 sec) gga()                $GPGGA,064250,0858.7914,N,08549.5695,E,1,11,0.7,-0.8,M,-82.3,M,,*40
(Nov 28 2014 06:43:16,   14122 sec) GpsServices()        Profile 0 GPS fix obtained in 33 seconds.
(Nov 28 2014 06:43:16,   14122 sec) GpsServices()                  lon     lat mm/dd/yyyy hhmmss nsat
(Nov 28 2014 06:43:16,   14122 sec) GpsServices()        Fix:   85.826   8.980 11/28/2014 064250   11
(Nov 28 2014 06:43:45,   14151 sec) gga()                $GPGGA,064320,0858.7954,N,08549.5758,E,1,11,0.7,1.5,M,-82.3,M,,*63
(Nov 28 2014 06:43:50,   14157 sec) gga()                $GPGGA,064350,0858.7984,N,08549.5829,E,1,11,0.7,1.5,M,-82.3,M,,*60
(Nov 28 2014 06:43:50,   14157 sec) GpsServices()        APF9 RTC skew (0s) OK.
(Nov 28 2014 06:43:51,   14157 sec) LogNmeaSentences()   1,18,33,281,44,21,17,324,40,22,07,253,40,24,23,153,42*7F
(Nov 28 2014 06:43:51,   14157 sec) LogNmeaSentences()   $GPGSV,3,3,11,25,27,216,42,26,33,046,46,29,72,327,47*47
(Nov 28 2014 06:44:00,   14166 sec) LogNmeaSentences()   $GPRMC,064400,A,0858.7994,N,08549.5855,E,000.5,069.5,281114,001.8,W*60
(Nov 28 2014 06:44:01,   14167 sec) LogNmeaSentences()   $GPGGA,064400,0858.7994,N,08549.5855,E,1,11,0.7,1.3,M,-82.3,M,,*6E
(Nov 28 2014 06:44:01,   14167 sec) LogNmeaSentences()   $GPGSA,A,3,02,05,12,15,18,21,22,24,25,26,29,,1.0,0.7,0.7*37
(Nov 28 2014 06:44:01,   14168 sec) LogNmeaSentences()   $GPGSV,3,1,11,02,14,095,43,05,07,042,39,12,16,177,44,15,75,070,49*70
(Nov 28 2014 06:44:02,   14168 sec) LogNmeaSentences()   $GPGSV,3,2,11,18,33,281,45,21,17,324,40,22,07,253,40,24,23,153,43*7F
(Nov 28 2014 06:44:02,   14168 sec) LogNmeaSentences()   $GPGSV,3,3,11,25,27,216,43,26,33,046,45,29,72,327,49*4B
(Nov 28 2014 06:44:02,   14169 sec) LogNmeaSentences()   $PGRMT,GPS 15x-L software ver. 3.80,,,,,,,,*7C
(Nov 28 2014 06:44:10,   14176 sec) LogNmeaSentences()   $GPRMC,064410,A,0858.8007,N,08549.5881,E,001.1,085.3,281114,001.8,W*65
(Nov 28 2014 06:44:11,   14177 sec) LogNmeaSentences()   $GPGGA,064410,0858.8007,N,08549.5881,E,1,11,0.7,0.9,M,-82.3,M,,*61
(Nov 28 2014 06:44:11,   14177 sec) LogNmeaSentences()   $GPGSA,A,3,02,05,12,15,18,21,22,24,25,26,29,,1.0,0.7,0.7*37
(Nov 28 2014 06:44:11,   14178 sec) LogNmeaSentences()   $GPGSV,3,1,11,02,14,095,44,05,07,042,41,12,16,177,43,15,75,069,49*77
(Nov 28 2014 06:44:12,   14178 sec) LogNmeaSentences()   $GPGSV,3,2,11,18,33,282,45,21,17,324,41,22,07,253,41,24,23,153,42*7D
(Nov 28 2014 06:44:12,   14178 sec) LogNmeaSentences()   $GPGSV,3,3,11,25,27,216,44,26,33,046,45,29,72,327,48*4D
(Nov 28 2014 06:44:20,   14186 sec) LogNmeaSentences()   $GPRMC,064420,A,0858.8021,N,08549.5906,E,001.5,107.8,281114,001.8,W*68
(Nov 28 2014 06:44:21,   14187 sec) LogNmeaSentences()   $GPGGA,064420,0858.8021,N,08549.5906,E,1,11,0.7,1.2,M,-82.3,M,,*62
(Nov 28 2014 06:44:21,   14187 sec) LogNmeaSentences()   $GPGSA,A,3,02,05,12,15,18,21,22,24,25,26,29,,1.0,0.7,0.7*37
(Nov 28 2014 06:44:21,   14188 sec) LogNmeaSentences()   $GPGSV,3,1,11,02,14,095,43,05,07,042,41,12,16,177,43,15,75,069,47*7E
(Nov 28 2014 06:44:22,   14188 sec) GpsServices()        GPS services complete.
(Nov 28 2014 06:44:46,   14212 sec) CLogin()             Connecting to primary host.
(Nov 28 2014 06:45:10,   14236 sec) CLogin()             Connection 1 established in 24 seconds.
(Nov 28 2014 06:45:40,   14266 sec) expect()             Attempt to read prompt string [login:] failed.
(Nov 28 2014 06:45:40,   14266 sec) login()              Login prompt not received.
(Nov 28 2014 06:45:40,   14266 sec) login()              No carrier detected.
(Nov 28 2014 06:45:40,   14266 sec) CLogin()             Attempt to login to host failed.
(Nov 28 2014 06:45:40,   14266 sec) DownLoadMissionCfg() Connect/login failed.  Mission configuration not downloaded from remote host.
(Nov 28 2014 06:45:45,   14272 sec) CLogin()             Connecting to primary host.
(Nov 28 2014 06:46:14,   14300 sec) CLogin()             Connection 2 established in 29 seconds.
(Nov 28 2014 06:46:24,   14310 sec) login()              Login successful.
(Nov 28 2014 06:46:28,   14314 sec) CLogin()             Logged in to host.  [Login required 14 seconds]
(Nov 28 2014 06:46:37,   14323 sec) RxConfig()           Downloading "mission.cfg" from host.
(Nov 28 2014 06:46:39,   14325 sec) Rx()                 Initiating transfer. [0x43]
(Nov 28 2014 06:46:45,   14331 sec) Rx()                 Truncated packet received - retrying.
(Nov 28 2014 06:46:47,   14333 sec) RxStartByte()        Sync errors encountered: 843
(Nov 28 2014 06:46:50,   14336 sec) Rx()                 Truncated packet received - retrying.
(Nov 28 2014 06:46:54,   14340 sec) RxStartByte()        Sync errors encountered: 843
(Nov 28 2014 06:46:57,   14343 sec) Rx()                 Truncated packet received - retrying.
(Nov 28 2014 06:47:05,   14351 sec) RxStartByte()        Sync errors encountered: 998
(Nov 28 2014 06:47:07,   14353 sec) Rx()                 Pad character [0x1a] found in ascii mode - truncating packet.
(Nov 28 2014 06:47:12,   14358 sec) Rx()                 Received EOT - transfer complete. [1 packets, 1024 bytes, 33 sec, 31.0 bps]
(Nov 28 2014 06:47:12,   14358 sec) RxConfig()           Download successful.
(Nov 28 2014 06:47:26,   14372 sec) WriteVitals()        Writing vitals to "9567.1411280641".
(Nov 28 2014 06:47:30,   14377 sec) UpLoadFile()         Uploading "9567.1411280620.log" to host as "9567.1411280620.log".
(Nov 28 2014 06:47:33,   14379 sec) Tx()                 CRC negotiation successful. [16-bit CRC]
(Nov 28 2014 06:47:39,   14386 sec) TxPacket()           NAK received - resending packet. [PktNum=0x01]
(Nov 28 2014 06:47:40,   14386 sec) TxPacket()           Packet xmit history: [01110001] (0:ok, 1:fail).
(Nov 28 2014 06:48:34,   14441 sec) Tx()                 Transmission completed successfully [10 packets, 9241 bytes, 60 sec, 155.7 bps]
(Nov 28 2014 06:48:34,   14441 sec) UpLoadFile()         Upload successful.
(Nov 28 2014 06:48:38,   14444 sec) UpLoadFile()         Uploading "9567.1411280641" to host as "9567.1411280641".
(Nov 28 2014 06:48:40,   14446 sec) Tx()                 CRC negotiation successful. [16-bit CRC]
(Nov 28 2014 06:48:47,   14453 sec) TxPacket()           Invalid response [0x43] - resending packet. [PktNum=0x01]
(Nov 28 2014 06:48:47,   14453 sec) TxPacket()           Packet xmit history: [00000001] (0:ok, 1:fail).
(Nov 28 2014 06:48:48,   14455 sec) TxPacket()           NAK received - resending packet. [PktNum=0x01]
(Nov 28 2014 06:48:48,   14455 sec) TxPacket()           Packet xmit history: [00000011] (0:ok, 1:fail).
(Nov 28 2014 06:48:53,   14460 sec) TxPacket()           NAK received - resending packet. [PktNum=0x01]
(Nov 28 2014 06:48:53,   14460 sec) TxPacket()           Packet xmit history: [00000111] (0:ok, 1:fail).
(Nov 28 2014 06:48:59,   14465 sec) Tx()                 Transmission completed successfully [1 packets, 699 bytes, 18 sec, 56.9 bps]
(Nov 28 2014 06:48:59,   14465 sec) UpLoadFile()         Upload successful.
(Nov 28 2014 06:49:05,   14471 sec) UpLoad()             Files successfully uploaded: 2
(Nov 28 2014 06:49:05,   14471 sec) UpLoad()             Upload complete.
(Nov 28 2014 06:49:12,   14478 sec) chat()               Expected string [logout] not received.
(Nov 28 2014 06:49:12,   14478 sec) logout()             Attempt to log-out failed.
(Nov 28 2014 06:49:12,   14478 sec) logout()             No carrier detected.
(Nov 28 2014 06:49:12,   14478 sec) Telemetry()          Telemetry cycle complete: PrfId=0 ConnectionAttempts=2  Connections=2
(Nov 28 2014 06:49:14,   14480 sec) configure()          Parsing configurators in "mission.cfg".
(Nov 28 2014 06:49:17,   14484 sec) configure()             TelemetryRetry(15)      [0x7BBC] [TelemetryRetry(15)].
(Nov 28 2014 06:49:18,   14484 sec) configure()          Configuration CRCs and syntax OK.
(Nov 28 2014 06:49:18,   14484 sec) ConfigSupervisor()   Sanity check violated: cfg->PressureCP >= 750
(Nov 28 2014 06:49:18,   14484 sec) ConfigSupervisor()   Configuration accepted.
(Nov 28 2014 07:04:25,   15392 sec) Prelude()            Logging configuration and initiating telemetry.
(Nov 28 2014 07:04:25,   15392 sec) LogConfiguration()   Mission configuration for Apf9i FwRev 012811:
(Nov 28 2014 07:04:25,   15392 sec) LogConfiguration()      AscentTimeOut(540) [min]
(Nov 28 2014 07:04:26,   15392 sec) LogConfiguration()      AtDialCmd(AT+CBST=71,0,1;DT0088160000573) [primary]
(Nov 28 2014 07:04:26,   15392 sec) LogConfiguration()      AltDialCmd(AT+CBST=7,0,1;DT0013016366303) [alternate]
(Nov 28 2014 07:04:26,   15392 sec) LogConfiguration()      BuoyancyNudge(10) [count]
(Nov 28 2014 07:04:26,   15392 sec) LogConfiguration()      BuoyancyNudgeInitial(22) [count]
(Nov 28 2014 07:04:26,   15392 sec) LogConfiguration()      ConnectTimeOut(60) [sec]
(Nov 28 2014 07:04:26,   15392 sec) LogConfiguration()      CpActivationP(500) [dbar]
(Nov 28 2014 07:04:26,   15393 sec) LogConfiguration()      DeepProfileDescentTime(300) [min]
(Nov 28 2014 07:04:26,   15393 sec) LogConfiguration()      DeepProfilePistonPos(16) [count]
(Nov 28 2014 07:04:26,   15393 sec) LogConfiguration()      DeepProfilePressure(2000) [dbar]
(Nov 28 2014 07:04:27,   15393 sec) LogConfiguration()      CompensatorHyperRetraction(254) [count]
(Nov 28 2014 07:04:27,   15393 sec) LogConfiguration()      DownTime(13740) [min]
(Nov 28 2014 07:04:27,   15393 sec) LogConfiguration()      FloatId(9567)
(Nov 28 2014 07:04:27,   15393 sec) LogConfiguration()      FullExtension(227) [count]
(Nov 28 2014 07:04:27,   15393 sec) LogConfiguration()      FullRetraction(9) [count]
(Nov 28 2014 07:04:27,   15393 sec) LogConfiguration()      MaxAirBladder(124) [count]
(Nov 28 2014 07:04:27,   15393 sec) LogConfiguration()      MaxLogKb(40) [KByte]
(Nov 28 2014 07:04:27,   15394 sec) LogConfiguration()      MissionPrelude(360) [min]
(Nov 28 2014 07:04:27,   15394 sec) LogConfiguration()      OkVacuum(96) [count]
(Nov 28 2014 07:04:27,   15394 sec) LogConfiguration()      PActivationPistonPosition(16) [count]
(Nov 28 2014 07:04:28,   15394 sec) LogConfiguration()      ParkDescentTime(300) [min]
(Nov 28 2014 07:04:28,   15394 sec) LogConfiguration()      ParkPistonPos(66) [count]
(Nov 28 2014 07:04:28,   15394 sec) LogConfiguration()      ParkPressure(1000) [dbar]
(Nov 28 2014 07:04:28,   15394 sec) LogConfiguration()      PnPCycleLen(1)
(Nov 28 2014 07:04:28,   15394 sec) LogConfiguration()      Pwd(0x3c35)
(Nov 28 2014 07:04:28,   15394 sec) LogConfiguration()      TelemetryRetry(15) [min]
(Nov 28 2014 07:04:28,   15394 sec) LogConfiguration()      TimeOfDay(DISABLED) [min]
(Nov 28 2014 07:04:28,   15395 sec) LogConfiguration()      UpTime(660) [min]
(Nov 28 2014 07:04:28,   15395 sec) LogConfiguration()      User(f9567)
(Nov 28 2014 07:04:28,   15395 sec) LogConfiguration()      Verbosity(2)
(Nov 28 2014 07:04:29,   15395 sec) LogConfiguration()      DebugBits(0x0002)

<EOT>
