(Jun 13 2011 11:24:04,   14547 sec) AirSystem()          Air-bladder inflation by-passed. Barometer: [129cnt, 7.4"Hg].
(Jun 13 2011 11:24:51,   14594 sec) GpsServices()        GPS almanac is current.
(Jun 13 2011 11:24:51,   14594 sec) GpsServices()        Initiating GPS fix acquisition.
(Jun 13 2011 11:25:07,   14610 sec) gga()                $GPGGA,112501,1059.2213,S,08025.5964,E,0,00,,,M,,M,,*48
(Jun 13 2011 11:25:36,   14639 sec) gga()                $GPGGA,112510,1059.2111,S,08025.3420,E,1,07,1.1,4.8,M,-71.1,M,,*7C
(Jun 13 2011 11:25:36,   14639 sec) GpsServices()        Profile 0 GPS fix obtained in 45 seconds.
(Jun 13 2011 11:25:36,   14639 sec) GpsServices()                  lon     lat mm/dd/yyyy hhmmss nsat
(Jun 13 2011 11:25:37,   14639 sec) GpsServices()        Fix:   80.422 -10.987 06/13/2011 112510    7
(Jun 13 2011 11:26:06,   14669 sec) gga()                $GPGGA,112540,1059.2128,S,08025.3360,E,1,11,0.8,0.4,M,-71.1,M,,*77
(Jun 13 2011 11:26:12,   14675 sec) gga()                $GPGGA,112610,1059.2108,S,08025.3324,E,1,11,0.8,-0.4,M,-71.1,M,,*5E
(Jun 13 2011 11:26:12,   14675 sec) GpsServices()        APF9 RTC skew (2s) OK.
(Jun 13 2011 11:26:12,   14675 sec) LogNmeaSentences()   6,M,8.8,M*2E
(Jun 13 2011 11:26:12,   14675 sec) LogNmeaSentences()   $PGRMB,0.0,200,,,,K,,N,N*31
(Jun 13 2011 11:26:13,   14675 sec) LogNmeaSentences()   $PGRMM,WGS 84*06
(Jun 13 2011 11:26:22,   14685 sec) LogNmeaSentences()   $GPRMC,112620,A,1059.2123,S,08025.3318,E,000.8,327.8,130611,008.3,W*7F
(Jun 13 2011 11:26:22,   14685 sec) LogNmeaSentences()   $GPGGA,112620,1059.2123,S,08025.3318,E,1,11,0.7,2.0,M,-71.1,M,,*7F
(Jun 13 2011 11:26:22,   14685 sec) LogNmeaSentences()   $GPGSA,A,3,04,07,08,10,11,13,17,20,23,24,28,,1.7,0.7,1.6*35
(Jun 13 2011 11:26:23,   14686 sec) LogNmeaSentences()   $GPGSV,3,3,11,23,29,151,45,24,29,068,44,28,11,334,41*4F
(Jun 13 2011 11:26:23,   14686 sec) LogNmeaSentences()   $PGRME,4.5,M,7.6,M,8.8,M*2E
(Jun 13 2011 11:26:23,   14686 sec) LogNmeaSentences()   $PGRMB,0.0,200,,,,K,,N,N*31
(Jun 13 2011 11:26:23,   14686 sec) LogNmeaSentences()   $PGRMM,WGS 84*06
(Jun 13 2011 11:26:32,   14695 sec) LogNmeaSentences()   $GPRMC,112630,A,1059.2126,S,08025.3310,E,001.2,068.3,130611,008.3,W*7B
(Jun 13 2011 11:26:32,   14695 sec) LogNmeaSentences()   $GPGGA,112630,1059.2126,S,08025.3310,E,1,11,0.8,0.5,M,-71.1,M,,*7B
(Jun 13 2011 11:26:32,   14695 sec) LogNmeaSentences()   $GPGSA,A,3,04,07,08,10,11,13,17,20,23,24,28,,1.7,0.8,1.6*3A
(Jun 13 2011 11:26:33,   14696 sec) LogNmeaSentences()   $GPGSV,3,1,11,04,28,208,45,07,40,028,46,08,22,001,43,10,23,236,43*7B
(Jun 13 2011 11:26:33,   14696 sec) LogNmeaSentences()   $PGRME,4.5,M,7.6,M,8.8,M*2E
(Jun 13 2011 11:26:33,   14696 sec) LogNmeaSentences()   $PGRMB,0.0,200,,,,K,,N,N*31
(Jun 13 2011 11:26:34,   14696 sec) LogNmeaSentences()   $PGRMM,WGS 84*06
(Jun 13 2011 11:26:42,   14705 sec) LogNmeaSentences()   $GPRMC,112640,A,1059.2142,S,08025.3282,E,001.7,283.6,130611,008.3,W*73
(Jun 13 2011 11:26:42,   14705 sec) LogNmeaSentences()   $GPGGA,112640,1059.2142,S,08025.3282,E,1,11,0.7,-4.2,M,-71.1,M,,*55
(Jun 13 2011 11:26:43,   14705 sec) LogNmeaSentences()   $GPGSA,A,3,04,07,08,10,11,13,17,20,23,24,28,,1.7,0.7,1.6*35
(Jun 13 2011 11:26:43,   14706 sec) LogNmeaSentences()   $GPGSV,3,2,11,11,22,049,42,13,62,169,47,17,55,281,47,20,21,130,43*72
(Jun 13 2011 11:26:43,   14706 sec) LogNmeaSentences()   $PGRME,4.5,M,7.6,M,8.9,M*2F
(Jun 13 2011 11:26:43,   14706 sec) LogNmeaSentences()   $PGRMB,0.0,200,,,,K,,N,N*31
(Jun 13 2011 11:26:44,   14706 sec) LogNmeaSentences()   $PGRMM,WGS 84*06
(Jun 13 2011 11:26:52,   14715 sec) LogNmeaSentences()   $GPRMC,112650,A,1059.2144,S,08025.3262,E,000.6,166.5,130611,008.3,W*71
(Jun 13 2011 11:26:52,   14715 sec) LogNmeaSentences()   $GPGGA,112650,1059.2144,S,08025.3262,E,1,11,0.7,0.7,M,-71.1,M,,*70
(Jun 13 2011 11:26:52,   14715 sec) LogNmeaSentences()   $GPGSA,A,3,04,07,08,10,11,13,17,20,23,24,28,,1.7,0.7,1.6*35
(Jun 13 2011 11:26:53,   14716 sec) LogNmeaSentences()   $GPGSV,3,3,11,23,29,151,44,24,29,067,42,28,10,335,42*44
(Jun 13 2011 11:26:53,   14716 sec) LogNmeaSentences()   $PGRME,4.5,M,7.7,M,8.9,M*2E
(Jun 13 2011 11:26:53,   14716 sec) LogNmeaSentences()   $PGRMB,0.0,200,,,,K,,N,N*31
(Jun 13 2011 11:26:53,   14716 sec) LogNmeaSentences()   $PGRMM,WGS 84*06
(Jun 13 2011 11:27:02,   14725 sec) LogNmeaSentences()   $GPRMC,112700,A,1059.2148,S,08025.3252,E,001.4,054.9,130611,008.3,W*75
(Jun 13 2011 11:27:02,   14725 sec) LogNmeaSentences()   $GPGGA,112700,1059.2148,S,08025.3252,E,1,11,0.8,1.1,M,-71.1,M,,*73
(Jun 13 2011 11:27:03,   14725 sec) LogNmeaSentences()   $GPGSA,A,3,04,07,08,10,11,13,17,20,23,24,28,,1.7,0.8,1.6*3A
(Jun 13 2011 11:27:03,   14726 sec) LogNmeaSentences()   $GPGSV,3,1,11,04,28,208,44,07,40,028,48,08,22,001,46,10,23,236,44*76
(Jun 13 2011 11:27:03,   14726 sec) LogNmeaSentences()   $PGRME,4.5,M,7.7,M,8.9,M*2E
(Jun 13 2011 11:27:03,   14726 sec) LogNmeaSentences()   $PGRMT,GPS 15-L Ver. 4.40,P,P,R,R,P,,,R,P*7E
(Jun 13 2011 11:27:04,   14726 sec) GpsServices()        GPS services complete.
(Jun 13 2011 11:27:28,   14751 sec) CLogin()             Connecting to primary host.
(Jun 13 2011 11:27:50,   14773 sec) CLogin()             Connection 1 established in 22 seconds.
(Jun 13 2011 11:28:01,   14784 sec) login()              Login successful.
(Jun 13 2011 11:28:05,   14788 sec) CLogin()             Logged in to host.  [Login required 15 seconds]
(Jun 13 2011 11:28:12,   14795 sec) RxConfig()           Downloading "mission.cfg" from host.
(Jun 13 2011 11:28:15,   14798 sec) Rx()                 Initiating transfer. [0x43]
(Jun 13 2011 11:28:19,   14802 sec) RxStartByte()        Sync errors encountered: 667
(Jun 13 2011 11:28:23,   14806 sec) Rx()                 Pad character [0x1a] found in ascii mode - truncating packet.
(Jun 13 2011 11:28:30,   14812 sec) Rx()                 Received EOT - transfer complete. [1 packets, 1024 bytes, 15 sec, 68.3 bps]
(Jun 13 2011 11:28:30,   14813 sec) RxConfig()           Download successful.
(Jun 13 2011 11:28:43,   14826 sec) WriteVitals()        Writing vitals to "6856.1106131123".
(Jun 13 2011 11:28:49,   14832 sec) UpLoadFile()         Uploading "6856.1106131055.log" to host as "6856.1106131055.log".
(Jun 13 2011 11:28:51,   14834 sec) Tx()                 CRC negotiation successful. [16-bit CRC]
(Jun 13 2011 11:29:04,   14847 sec) GetReceiverResponse( Return value: 21
(Jun 13 2011 11:29:04,   14847 sec) TxPacket()           NAK received - resending packet. [PktNum=0x02]
(Jun 13 2011 11:29:04,   14847 sec) TxPacket()           History of packet transmission failures: [11100001]  (0:xmit-ok, 1:xmit-failed).
(Jun 13 2011 11:29:04,   14847 sec) LogPacket()          0x02 0x02 0xfd  []   0x1c 0x8d
(Jun 13 2011 11:29:22,   14865 sec) GetReceiverResponse( Return value: 21
(Jun 13 2011 11:29:22,   14865 sec) TxPacket()           NAK received - resending packet. [PktNum=0x04]
(Jun 13 2011 11:29:22,   14865 sec) TxPacket()           History of packet transmission failures: [00001001]  (0:xmit-ok, 1:xmit-failed).
(Jun 13 2011 11:29:22,   14865 sec) LogPacket()          0x02 0x04 0xfb  []   0xf8 0xd4
(Jun 13 2011 11:30:01,   14904 sec) GetReceiverResponse( Return value: 21
(Jun 13 2011 11:30:01,   14904 sec) TxPacket()           NAK received - resending packet. [PktNum=0x09]
(Jun 13 2011 11:30:02,   14904 sec) TxPacket()           History of packet transmission failures: [01000001]  (0:xmit-ok, 1:xmit-failed).
(Jun 13 2011 11:30:02,   14905 sec) LogPacket()          0x02 0x09 0xf6  []   0x06 0x40
(Jun 13 2011 11:30:53,   14956 sec) GetReceiverResponse( Return value: 21
(Jun 13 2011 11:30:53,   14956 sec) TxPacket()           NAK received - resending packet. [PktNum=0x10]
(Jun 13 2011 11:30:53,   14956 sec) TxPacket()           History of packet transmission failures: [00000001]  (0:xmit-ok, 1:xmit-failed).
(Jun 13 2011 11:30:53,   14956 sec) LogPacket()          0x02 0x10 0xef  []   0x68 0x5a
(Jun 13 2011 11:31:09,   14972 sec) Tx()                 Transmission completed successfully [17 packets, 17001 bytes, 137 sec, 127.1 bps]
(Jun 13 2011 11:31:09,   14972 sec) UpLoadFile()         Upload successful.
(Jun 13 2011 11:31:12,   14975 sec) UpLoadFile()         Uploading "6856.1106131123" to host as "6856.1106131123".
(Jun 13 2011 11:31:14,   14977 sec) Tx()                 CRC negotiation successful. [16-bit CRC]
(Jun 13 2011 11:31:17,   14980 sec) GetReceiverResponse( Return value: 67
(Jun 13 2011 11:31:17,   14980 sec) TxPacket()           Invalid response [0x43] - resending packet. [PktNum=0x01]
(Jun 13 2011 11:31:17,   14980 sec) TxPacket()           History of packet transmission failures: [00001001]  (0:xmit-ok, 1:xmit-failed).
(Jun 13 2011 11:31:17,   14980 sec) LogPacket()          0x02 0x01 0xfe  []   0x31 0xe4
(Jun 13 2011 11:31:21,   14984 sec) GetReceiverResponse( Return value: 21
(Jun 13 2011 11:31:21,   14984 sec) TxPacket()           NAK received - resending packet. [PktNum=0x01]
(Jun 13 2011 11:31:21,   14984 sec) TxPacket()           History of packet transmission failures: [00010011]  (0:xmit-ok, 1:xmit-failed).
(Jun 13 2011 11:31:21,   14984 sec) LogPacket()          0x02 0x01 0xfe  []   0x31 0xe4
(Jun 13 2011 11:31:30,   14993 sec) GetReceiverResponse( Return value: 21
(Jun 13 2011 11:31:34,   14997 sec) GetReceiverResponse( Return value: 21
(Jun 13 2011 11:31:34,   14997 sec) Tx()                 Receiver failed to acknowledge EOT.
(Jun 13 2011 11:31:34,   14997 sec) Tx()                 Transmission completed successfully [1 packets, 688 bytes, 18 sec, 56.9 bps]
(Jun 13 2011 11:31:34,   14997 sec) UpLoadFile()         Upload successful.
(Jun 13 2011 11:31:40,   15003 sec) UpLoad()             Files successfully uploaded: 2
(Jun 13 2011 11:31:40,   15003 sec) UpLoad()             Upload complete.
(Jun 13 2011 11:31:46,   15008 sec) chat()               Expected string [cmd>] not received.
(Jun 13 2011 11:31:46,   15009 sec) logout()             Can't get command prompt.
(Jun 13 2011 11:31:51,   15013 sec) chat()               Expected string [logout] not received.
(Jun 13 2011 11:31:51,   15014 sec) logout()             Attempt to log-out failed.
(Jun 13 2011 11:31:56,   15018 sec) chat()               Expected string [cmd>] not received.
(Jun 13 2011 11:31:56,   15019 sec) logout()             Can't get command prompt.
(Jun 13 2011 11:32:01,   15023 sec) chat()               Expected string [logout] not received.
(Jun 13 2011 11:32:01,   15024 sec) logout()             Attempt to log-out failed.
(Jun 13 2011 11:32:06,   15028 sec) chat()               Expected string [cmd>] not received.
(Jun 13 2011 11:32:06,   15029 sec) logout()             Can't get command prompt.
(Jun 13 2011 11:32:11,   15033 sec) chat()               Expected string [logout] not received.
(Jun 13 2011 11:32:11,   15034 sec) logout()             Attempt to log-out failed.
(Jun 13 2011 11:32:11,   15034 sec) Telemetry()          Telemetry cycle complete: PrfId=0 ConnectionAttempts=1  Connections=1
(Jun 13 2011 11:32:12,   15035 sec) configure()          Parsing configurators in "mission.cfg".
(Jun 13 2011 11:32:16,   15039 sec) configure()             TelemetryRetry(15)      [0x7BBC] [TelemetryRetry(15)].
(Jun 13 2011 11:32:17,   15039 sec) configure()          Configuration CRCs and syntax OK.
(Jun 13 2011 11:32:17,   15040 sec) ConfigSupervisor()   Sanity check violated: cfg->PressureCP >= 750
(Jun 13 2011 11:32:17,   15040 sec) ConfigSupervisor()   Sanity check violated: cfg->TimeUp >= cfg->TimeOutAscent + 2*Hour
(Jun 13 2011 11:32:17,   15040 sec) ConfigSupervisor()   Configuration accepted.
(Jun 13 2011 11:47:25,   15947 sec) Prelude()            Logging configuration and initiating telemetry.
(Jun 13 2011 11:47:25,   15948 sec) LogConfiguration()   Mission configuration for Apf9i FwRev 101207:
(Jun 13 2011 11:47:25,   15948 sec) LogConfiguration()      AscentTimeOut(540) [min]
(Jun 13 2011 11:47:25,   15948 sec) LogConfiguration()      AtDialCmd(AT+CBST=71,0,1;DT0088160000573) [primary]
(Jun 13 2011 11:47:25,   15948 sec) LogConfiguration()      AtDialCmd(AT+CBST=7,0,1;DT0013016366303) [alternate]
(Jun 13 2011 11:47:25,   15948 sec) LogConfiguration()      BuoyancyNudge(10) [count]
(Jun 13 2011 11:47:25,   15948 sec) LogConfiguration()      BuoyancyNudgeInitial(22) [count]
(Jun 13 2011 11:47:25,   15948 sec) LogConfiguration()      ConnectTimeOut(60) [sec]
(Jun 13 2011 11:47:25,   15948 sec) LogConfiguration()      CpActivationP(200) [dbar]
(Jun 13 2011 11:47:26,   15948 sec) LogConfiguration()      DeepProfileDescentTime(360) [min]
(Jun 13 2011 11:47:26,   15949 sec) LogConfiguration()      DeepProfilePistonPos(16) [count]
(Jun 13 2011 11:47:26,   15949 sec) LogConfiguration()      DeepProfilePressure(2000) [dbar]
(Jun 13 2011 11:47:26,   15949 sec) LogConfiguration()      DownTime(13800) [min]
(Jun 13 2011 11:47:26,   15949 sec) LogConfiguration()      FloatId(6856)
(Jun 13 2011 11:47:26,   15949 sec) LogConfiguration()      FullExtension(227) [count]
(Jun 13 2011 11:47:26,   15949 sec) LogConfiguration()      FullRetraction(9) [count]
(Jun 13 2011 11:47:26,   15949 sec) LogConfiguration()      MaxAirBladder(124) [count]
(Jun 13 2011 11:47:26,   15949 sec) LogConfiguration()      MaxLogKb(40) [KByte]
(Jun 13 2011 11:47:26,   15949 sec) LogConfiguration()      MissionPrelude(360) [min]
(Jun 13 2011 11:47:27,   15949 sec) LogConfiguration()      OkVacuum(96) [count]
(Jun 13 2011 11:47:27,   15950 sec) LogConfiguration()      ParkDescentTime(360) [min]
(Jun 13 2011 11:47:27,   15950 sec) LogConfiguration()      ParkPistonPos(66) [count]
(Jun 13 2011 11:47:27,   15950 sec) LogConfiguration()      ParkPressure(1000) [dbar]
(Jun 13 2011 11:47:27,   15950 sec) LogConfiguration()      PnPCycleLen(1)
(Jun 13 2011 11:47:27,   15950 sec) LogConfiguration()      Pwd(0x2c14)
(Jun 13 2011 11:47:27,   15950 sec) LogConfiguration()      TelemetryRetry(15) [min]
(Jun 13 2011 11:47:27,   15950 sec) LogConfiguration()      TimeOfDay(DISABLED) [min]
(Jun 13 2011 11:47:27,   15950 sec) LogConfiguration()      UpTime(600) [min]
(Jun 13 2011 11:47:27,   15950 sec) LogConfiguration()      User(f6856)
(Jun 13 2011 11:47:28,   15950 sec) LogConfiguration()      Verbosity(2)
(Jun 13 2011 11:47:28,   15951 sec) LogConfiguration()      DebugBits(0x0002)

<EOT>
