(Jun 13 2011 12:10:39,   17342 sec) AirSystem()          Air-bladder inflation by-passed. Barometer: [129cnt, 7.4"Hg].
(Jun 13 2011 12:11:19,   17382 sec) GpsServices()        GPS almanac is current.
(Jun 13 2011 12:11:19,   17382 sec) GpsServices()        Initiating GPS fix acquisition.
(Jun 13 2011 12:11:35,   17398 sec) gga()                $GPGGA,121129,1059.2408,S,08025.0915,E,0,00,,,M,,M,,*49
(Jun 13 2011 12:12:06,   17429 sec) gga()                $GPGGA,121140,1059.3232,S,08024.8761,E,1,06,1.4,11.3,M,-71.1,M,,*49
(Jun 13 2011 12:12:06,   17429 sec) GpsServices()        Profile 0 GPS fix obtained in 47 seconds.
(Jun 13 2011 12:12:06,   17429 sec) GpsServices()                  lon     lat mm/dd/yyyy hhmmss nsat
(Jun 13 2011 12:12:06,   17429 sec) GpsServices()        Fix:   80.415 -10.989 06/13/2011 121140    6
(Jun 13 2011 12:12:36,   17459 sec) gga()                $GPGGA,121210,1059.3242,S,08024.8711,E,1,09,1.0,7.5,M,-71.1,M,,*75
(Jun 13 2011 12:12:42,   17465 sec) gga()                $GPGGA,121240,1059.3263,S,08024.8688,E,1,09,1.2,6.4,M,-71.1,M,,*70
(Jun 13 2011 12:12:42,   17465 sec) GpsServices()        APF9 RTC skew (2s) OK.
(Jun 13 2011 12:12:42,   17465 sec) LogNmeaSentences()   ,M,12.1,M*29
(Jun 13 2011 12:12:42,   17465 sec) LogNmeaSentences()   $PGRMB,0.0,200,,,,K,,N,N*31
(Jun 13 2011 12:12:43,   17465 sec) LogNmeaSentences()   $PGRMM,WGS 84*06
(Jun 13 2011 12:12:52,   17475 sec) LogNmeaSentences()   $GPRMC,121250,A,1059.3257,S,08024.8657,E,002.3,295.5,130611,008.3,W*75
(Jun 13 2011 12:12:52,   17475 sec) LogNmeaSentences()   $GPGGA,121250,1059.3257,S,08024.8657,E,1,09,1.0,3.9,M,-71.1,M,,*7E
(Jun 13 2011 12:12:52,   17475 sec) LogNmeaSentences()   $GPGSA,A,3,,04,07,08,10,13,17,20,23,24,,,2.2,1.0,1.9*30
(Jun 13 2011 12:12:53,   17476 sec) LogNmeaSentences()   $GPGSV,3,3,11,23,12,146,41,24,16,049,42,26,09,311,43*4E
(Jun 13 2011 12:12:53,   17476 sec) LogNmeaSentences()   $PGRME,5.7,M,10.6,M,12.1,M*29
(Jun 13 2011 12:12:53,   17476 sec) LogNmeaSentences()   $PGRMB,0.0,200,,,,K,,N,N*31
(Jun 13 2011 12:12:53,   17476 sec) LogNmeaSentences()   $PGRMM,WGS 84*06
(Jun 13 2011 12:13:02,   17485 sec) LogNmeaSentences()   $GPRMC,121300,A,1059.3268,S,08024.8654,E,000.0,326.1,130611,008.3,W*72
(Jun 13 2011 12:13:02,   17485 sec) LogNmeaSentences()   $GPGGA,121300,1059.3268,S,08024.8654,E,1,09,1.0,2.6,M,-71.1,M,,*7B
(Jun 13 2011 12:13:02,   17485 sec) LogNmeaSentences()   $GPGSA,A,3,,04,07,08,10,13,17,20,23,24,,,2.2,1.0,1.9*30
(Jun 13 2011 12:13:03,   17486 sec) LogNmeaSentences()   $GPGSV,3,1,11,02,10,216,43,04,47,203,47,07,56,055,45,08,40,013,46*76
(Jun 13 2011 12:13:03,   17486 sec) LogNmeaSentences()   $PGRME,5.7,M,10.7,M,12.1,M*28
(Jun 13 2011 12:13:03,   17486 sec) LogNmeaSentences()   $PGRMB,0.0,200,,,,K,,N,N*31
(Jun 13 2011 12:13:04,   17486 sec) LogNmeaSentences()   $PGRMM,WGS 84*06
(Jun 13 2011 12:13:12,   17495 sec) LogNmeaSentences()   $GPRMC,121310,A,1059.3293,S,08024.8649,E,001.2,193.3,130611,008.3,W*76
(Jun 13 2011 12:13:12,   17495 sec) LogNmeaSentences()   $GPGGA,121310,1059.3293,S,08024.8649,E,1,09,1.1,1.9,M,-71.1,M,,*7F
(Jun 13 2011 12:13:13,   17495 sec) LogNmeaSentences()   $GPGSA,A,3,,04,07,08,10,13,17,20,23,24,,,2.6,1.1,2.4*3B
(Jun 13 2011 12:13:13,   17496 sec) LogNmeaSentences()   $GPGSV,3,2,11,10,27,215,43,13,41,163,44,17,46,315,46,20,16,110,39*70
(Jun 13 2011 12:13:13,   17496 sec) LogNmeaSentences()   $PGRME,6.0,M,11.9,M,13.3,M*20
(Jun 13 2011 12:13:13,   17496 sec) LogNmeaSentences()   $PGRMB,0.0,200,,,,K,,N,N*31
(Jun 13 2011 12:13:14,   17496 sec) LogNmeaSentences()   $PGRMM,WGS 84*06
(Jun 13 2011 12:13:22,   17505 sec) LogNmeaSentences()   $GPRMC,121320,A,1059.3267,S,08024.8612,E,001.6,333.5,130611,008.3,W*7A
(Jun 13 2011 12:13:22,   17505 sec) LogNmeaSentences()   $GPGGA,121320,1059.3267,S,08024.8612,E,1,09,1.1,3.1,M,-71.1,M,,*73
(Jun 13 2011 12:13:22,   17505 sec) LogNmeaSentences()   $GPGSA,A,3,,04,07,08,10,13,17,20,23,24,,,2.7,1.1,2.4*3A
(Jun 13 2011 12:13:23,   17506 sec) LogNmeaSentences()   $GPGSV,3,3,11,23,12,146,40,24,16,049,41,26,09,310,42*4C
(Jun 13 2011 12:13:23,   17506 sec) LogNmeaSentences()   $PGRME,5.9,M,13.0,M,14.4,M*21
(Jun 13 2011 12:13:23,   17506 sec) LogNmeaSentences()   $PGRMB,0.0,200,,,,K,,N,N*31
(Jun 13 2011 12:13:23,   17506 sec) LogNmeaSentences()   $PGRMM,WGS 84*06
(Jun 13 2011 12:13:32,   17515 sec) LogNmeaSentences()   $GPRMC,121330,A,1059.3287,S,08024.8596,E,002.9,204.9,130611,008.3,W*7F
(Jun 13 2011 12:13:32,   17515 sec) LogNmeaSentences()   $GPGGA,121330,1059.3287,S,08024.8596,E,1,09,1.1,3.7,M,-71.1,M,,*75
(Jun 13 2011 12:13:33,   17516 sec) LogNmeaSentences()   $GPGSA,A,3,,04,07,08,10,13,17,20,23,24,,,2.1,1.1,1.4*3F
(Jun 13 2011 12:13:33,   17516 sec) LogNmeaSentences()   $GPGSV,3,1,11,02,11,216,41,04,47,203,45,07,56,055,45,08,40,013,47*76
(Jun 13 2011 12:13:33,   17516 sec) LogNmeaSentences()   $PGRME,5.7,M,10.6,M,12.0,M*28
(Jun 13 2011 12:13:33,   17516 sec) LogNmeaSentences()   $PGRMT,GPS 15-L Ver. 4.40,P,P,R,R,P,,,R,P*7E
(Jun 13 2011 12:13:34,   17517 sec) GpsServices()        GPS services complete.
(Jun 13 2011 12:13:58,   17541 sec) CLogin()             Connecting to primary host.
(Jun 13 2011 12:14:17,   17560 sec) CLogin()             Connection 1 established in 19 seconds.
(Jun 13 2011 12:14:26,   17569 sec) login()              Login successful.
(Jun 13 2011 12:14:29,   17572 sec) CLogin()             Logged in to host.  [Login required 12 seconds]
(Jun 13 2011 12:14:37,   17580 sec) RxConfig()           Downloading "mission.cfg" from host.
(Jun 13 2011 12:14:39,   17582 sec) Rx()                 Initiating transfer. [0x43]
(Jun 13 2011 12:14:45,   17587 sec) RxStartByte()        Sync errors encountered: 149
(Jun 13 2011 12:14:48,   17591 sec) Rx()                 Pad character [0x1a] found in ascii mode - truncating packet.
(Jun 13 2011 12:14:55,   17597 sec) Rx()                 Received EOT - transfer complete. [1 packets, 1024 bytes, 16 sec, 64.0 bps]
(Jun 13 2011 12:14:55,   17598 sec) RxConfig()           Download successful.
(Jun 13 2011 12:15:08,   17611 sec) WriteVitals()        Writing vitals to "6856.1106131210".
(Jun 13 2011 12:15:13,   17616 sec) UpLoadFile()         Uploading "6856.1106131147.log" to host as "6856.1106131147.log".
(Jun 13 2011 12:15:15,   17618 sec) Tx()                 CRC negotiation successful. [16-bit CRC]
(Jun 13 2011 12:15:18,   17620 sec) GetReceiverResponse( Return value: 105
(Jun 13 2011 12:15:18,   17621 sec) TxPacket()           Invalid response [0x69] - resending packet. [PktNum=0x01]
(Jun 13 2011 12:15:18,   17621 sec) TxPacket()           History of packet transmission failures: [01110001]  (0:xmit-ok, 1:xmit-failed).
(Jun 13 2011 12:15:18,   17621 sec) LogPacket()          0x02 0x01 0xfe  []   0x8a 0x4b
(Jun 13 2011 12:15:24,   17627 sec) GetReceiverResponse( Return value: 21
(Jun 13 2011 12:15:24,   17627 sec) TxPacket()           NAK received - resending packet. [PktNum=0x01]
(Jun 13 2011 12:15:24,   17627 sec) TxPacket()           History of packet transmission failures: [11100011]  (0:xmit-ok, 1:xmit-failed).
(Jun 13 2011 12:15:25,   17627 sec) LogPacket()          0x02 0x01 0xfe  []   0x8a 0x4b
(Jun 13 2011 12:15:29,   17632 sec) GetReceiverResponse( Return value: 21
(Jun 13 2011 12:15:29,   17632 sec) TxPacket()           NAK received - resending packet. [PktNum=0x02]
(Jun 13 2011 12:15:29,   17632 sec) TxPacket()           History of packet transmission failures: [10001101]  (0:xmit-ok, 1:xmit-failed).
(Jun 13 2011 12:15:29,   17632 sec) LogPacket()          0x01 0x02 0xfd  []   0x53 0xd2
(Jun 13 2011 12:15:42,   17645 sec) GetReceiverResponse( Return value: 21
(Jun 13 2011 12:15:42,   17645 sec) TxPacket()           NAK received - resending packet. [PktNum=0x03]
(Jun 13 2011 12:15:42,   17645 sec) TxPacket()           History of packet transmission failures: [00110101]  (0:xmit-ok, 1:xmit-failed).
(Jun 13 2011 12:15:43,   17645 sec) LogPacket()          0x02 0x03 0xfc  []   0x6e 0x4a
(Jun 13 2011 12:16:04,   17667 sec) GetReceiverResponse( Return value: 21
(Jun 13 2011 12:16:04,   17667 sec) TxPacket()           NAK received - resending packet. [PktNum=0x07]
(Jun 13 2011 12:16:04,   17667 sec) TxPacket()           History of packet transmission failures: [10100001]  (0:xmit-ok, 1:xmit-failed).
(Jun 13 2011 12:16:04,   17667 sec) LogPacket()          0x02 0x07 0xf8  []   0x80 0x1d
(Jun 13 2011 12:16:11,   17674 sec) GetReceiverResponse( Return value: 21
(Jun 13 2011 12:16:11,   17674 sec) TxPacket()           NAK received - resending packet. [PktNum=0x07]
(Jun 13 2011 12:16:11,   17674 sec) TxPacket()           History of packet transmission failures: [01000011]  (0:xmit-ok, 1:xmit-failed).
(Jun 13 2011 12:16:12,   17674 sec) LogPacket()          0x02 0x07 0xf8  []   0x80 0x1d
(Jun 13 2011 12:16:18,   17681 sec) GetReceiverResponse( Return value: 21
(Jun 13 2011 12:16:18,   17681 sec) TxPacket()           NAK received - resending packet. [PktNum=0x07]
(Jun 13 2011 12:16:18,   17681 sec) TxPacket()           History of packet transmission failures: [10000111]  (0:xmit-ok, 1:xmit-failed).
(Jun 13 2011 12:16:19,   17681 sec) LogPacket()          0x02 0x07 0xf8  []   0x80 0x1d
(Jun 13 2011 12:17:18,   17741 sec) Tx()                 Transmission completed successfully [15 packets, 12351 bytes, 122 sec, 103.9 bps]
(Jun 13 2011 12:17:18,   17741 sec) UpLoadFile()         Upload successful.
(Jun 13 2011 12:17:21,   17744 sec) UpLoadFile()         Uploading "6856.1106131210" to host as "6856.1106131210".
(Jun 13 2011 12:17:23,   17746 sec) Tx()                 CRC negotiation successful. [16-bit CRC]
(Jun 13 2011 12:17:27,   17750 sec) GetReceiverResponse( Return value: 67
(Jun 13 2011 12:17:27,   17750 sec) TxPacket()           Invalid response [0x43] - resending packet. [PktNum=0x01]
(Jun 13 2011 12:17:28,   17750 sec) TxPacket()           History of packet transmission failures: [00000001]  (0:xmit-ok, 1:xmit-failed).
(Jun 13 2011 12:17:28,   17751 sec) LogPacket()          0x02 0x01 0xfe  []   0x80 0x44
(Jun 13 2011 12:17:33,   17756 sec) Tx()                 Transmission completed successfully [1 packets, 688 bytes, 9 sec, 113.8 bps]
(Jun 13 2011 12:17:33,   17756 sec) UpLoadFile()         Upload successful.
(Jun 13 2011 12:17:40,   17762 sec) UpLoad()             Files successfully uploaded: 2
(Jun 13 2011 12:17:40,   17763 sec) UpLoad()             Upload complete.
(Jun 13 2011 12:17:46,   17769 sec) logout()             Log-out successful.
(Jun 13 2011 12:17:47,   17770 sec) Telemetry()          Telemetry cycle complete: PrfId=0 ConnectionAttempts=1  Connections=1
(Jun 13 2011 12:17:49,   17772 sec) configure()          Parsing configurators in "mission.cfg".
(Jun 13 2011 12:17:53,   17776 sec) configure()             TelemetryRetry(15)      [0x7BBC] [TelemetryRetry(15)].
(Jun 13 2011 12:17:53,   17776 sec) configure()          Configuration CRCs and syntax OK.
(Jun 13 2011 12:17:53,   17776 sec) ConfigSupervisor()   Sanity check violated: cfg->PressureCP >= 750
(Jun 13 2011 12:17:53,   17776 sec) ConfigSupervisor()   Sanity check violated: cfg->TimeUp >= cfg->TimeOutAscent + 2*Hour
(Jun 13 2011 12:17:54,   17777 sec) ConfigSupervisor()   Configuration accepted.
(Jun 13 2011 12:33:02,   18684 sec) Prelude()            Logging configuration and initiating telemetry.
(Jun 13 2011 12:33:02,   18685 sec) LogConfiguration()   Mission configuration for Apf9i FwRev 101207:
(Jun 13 2011 12:33:02,   18685 sec) LogConfiguration()      AscentTimeOut(540) [min]
(Jun 13 2011 12:33:02,   18685 sec) LogConfiguration()      AtDialCmd(AT+CBST=71,0,1;DT0088160000573) [primary]
(Jun 13 2011 12:33:02,   18685 sec) LogConfiguration()      AtDialCmd(AT+CBST=7,0,1;DT0013016366303) [alternate]
(Jun 13 2011 12:33:02,   18685 sec) LogConfiguration()      BuoyancyNudge(10) [count]
(Jun 13 2011 12:33:02,   18685 sec) LogConfiguration()      BuoyancyNudgeInitial(22) [count]
(Jun 13 2011 12:33:02,   18685 sec) LogConfiguration()      ConnectTimeOut(60) [sec]
(Jun 13 2011 12:33:02,   18685 sec) LogConfiguration()      CpActivationP(200) [dbar]
(Jun 13 2011 12:33:03,   18685 sec) LogConfiguration()      DeepProfileDescentTime(360) [min]
(Jun 13 2011 12:33:03,   18686 sec) LogConfiguration()      DeepProfilePistonPos(16) [count]
(Jun 13 2011 12:33:03,   18686 sec) LogConfiguration()      DeepProfilePressure(2000) [dbar]
(Jun 13 2011 12:33:03,   18686 sec) LogConfiguration()      DownTime(13800) [min]
(Jun 13 2011 12:33:03,   18686 sec) LogConfiguration()      FloatId(6856)
(Jun 13 2011 12:33:03,   18686 sec) LogConfiguration()      FullExtension(227) [count]
(Jun 13 2011 12:33:03,   18686 sec) LogConfiguration()      FullRetraction(9) [count]
(Jun 13 2011 12:33:03,   18686 sec) LogConfiguration()      MaxAirBladder(124) [count]
(Jun 13 2011 12:33:03,   18686 sec) LogConfiguration()      MaxLogKb(40) [KByte]
(Jun 13 2011 12:33:03,   18686 sec) LogConfiguration()      MissionPrelude(360) [min]
(Jun 13 2011 12:33:04,   18686 sec) LogConfiguration()      OkVacuum(96) [count]
(Jun 13 2011 12:33:04,   18687 sec) LogConfiguration()      ParkDescentTime(360) [min]
(Jun 13 2011 12:33:04,   18687 sec) LogConfiguration()      ParkPistonPos(66) [count]
(Jun 13 2011 12:33:04,   18687 sec) LogConfiguration()      ParkPressure(1000) [dbar]
(Jun 13 2011 12:33:04,   18687 sec) LogConfiguration()      PnPCycleLen(1)
(Jun 13 2011 12:33:04,   18687 sec) LogConfiguration()      Pwd(0x2c14)
(Jun 13 2011 12:33:04,   18687 sec) LogConfiguration()      TelemetryRetry(15) [min]
(Jun 13 2011 12:33:04,   18687 sec) LogConfiguration()      TimeOfDay(DISABLED) [min]
(Jun 13 2011 12:33:04,   18687 sec) LogConfiguration()      UpTime(600) [min]
(Jun 13 2011 12:33:04,   18687 sec) LogConfiguration()      User(f6856)
(Jun 13 2011 12:33:05,   18687 sec) LogConfiguration()      Verbosity(2)
(Jun 13 2011 12:33:05,   18688 sec) LogConfiguration()      DebugBits(0x0002)

<EOT>
