(May 26 2011 00:51:38,    1601 sec) AirSystem()          Air-bladder inflation by-passed. Barometer: [126cnt, 6.5"Hg].
(May 26 2011 00:52:10,    1633 sec) GpsServices()        GPS almanac is current.
(May 26 2011 00:52:10,    1633 sec) GpsServices()        Initiating GPS fix acquisition.
(May 26 2011 00:52:26,    1649 sec) gga()                $GPGGA,005221,0157.1146,S,08120.6962,E,0,00,,,M,,M,,*45
(May 26 2011 00:52:53,    1675 sec) gga()                $GPGGA,005230,0200.4179,S,08120.4224,E,1,04,1.5,2.6,M,-92.1,M,,*7A
(May 26 2011 00:52:53,    1676 sec) GpsServices()        Profile 0 GPS fix obtained in 42 seconds.
(May 26 2011 00:52:54,    1676 sec) GpsServices()                  lon     lat mm/dd/yyyy hhmmss nsat
(May 26 2011 00:52:54,    1677 sec) GpsServices()        Fix:   81.340  -2.007 05/26/2011 005230    4
(May 26 2011 00:53:23,    1705 sec) gga()                $GPGGA,005300,0200.4872,S,08120.4174,E,1,07,1.2,4.1,M,-92.1,M,,*79
(May 26 2011 00:53:29,    1711 sec) gga()                $GPGGA,005330,0200.5581,S,08120.4122,E,1,07,1.2,0.9,M,-92.1,M,,*75
(May 26 2011 00:53:29,    1712 sec) GpsServices()        APF9 RTC skew (-1s) OK.
(May 26 2011 00:53:38,    1721 sec) LogNmeaSentences()   $GPRMC,005340,A,0200.5819,S,08120.4106,E,008.6,184.9,260511,004.5,W*7E
(May 26 2011 00:53:39,    1722 sec) LogNmeaSentences()   $GPGGA,005340,0200.5819,S,08120.4106,E,1,08,1.0,0.9,M,-92.1,M,,*75
(May 26 2011 00:53:40,    1722 sec) LogNmeaSentences()   $GPGSA,A,3,06,09,,14,18,21,22,25,,29,,,2.0,1.0,1.7*3B
(May 26 2011 00:53:40,    1723 sec) LogNmeaSentences()   $GPGSV,3,3,11,27,12,049,36,29,41,168,49,31,15,205,35*4C
(May 26 2011 00:53:41,    1724 sec) LogNmeaSentences()   $PGRME,7.6,M,13.1,M,15.1,M*29
(May 26 2011 00:53:41,    1724 sec) LogNmeaSentences()   $PGRMB,0.0,200,,,,K,,N,N*31
(May 26 2011 00:53:42,    1724 sec) LogNmeaSentences()   $PGRMM,WGS 84*06
(May 26 2011 00:53:48,    1731 sec) LogNmeaSentences()   $GPRMC,005350,A,0200.6059,S,08120.4089,E,008.6,183.3,260511,004.5,W*7B
(May 26 2011 00:53:49,    1732 sec) LogNmeaSentences()   $GPGGA,005350,0200.6059,S,08120.4089,E,1,08,1.0,0.9,M,-92.1,M,,*7D
(May 26 2011 00:53:50,    1732 sec) LogNmeaSentences()   $GPGSA,A,3,06,09,,14,18,21,22,25,,29,,,2.0,1.0,1.7*3B
(May 26 2011 00:53:50,    1733 sec) LogNmeaSentences()   $GPGSV,3,1,11,06,15,305,43,09,29,061,45,12,06,123,38,14,57,274,47*77
(May 26 2011 00:53:51,    1734 sec) LogNmeaSentences()   $PGRME,7.6,M,13.1,M,15.2,M*2A
(May 26 2011 00:53:51,    1734 sec) LogNmeaSentences()   $PGRMB,0.0,200,,,,K,,N,N*31
(May 26 2011 00:53:52,    1735 sec) LogNmeaSentences()   $PGRMM,WGS 84*06
(May 26 2011 00:53:58,    1741 sec) LogNmeaSentences()   $GPRMC,005400,A,0200.6293,S,08120.4070,E,008.7,185.4,260511,004.5,W*7B
(May 26 2011 00:53:59,    1742 sec) LogNmeaSentences()   $GPGGA,005400,0200.6293,S,08120.4070,E,1,08,1.0,1.3,M,-92.1,M,,*76
(May 26 2011 00:54:00,    1742 sec) LogNmeaSentences()   $GPGSA,A,3,06,09,,14,18,21,22,25,,29,,,2.0,1.0,1.8*34
(May 26 2011 00:54:00,    1743 sec) LogNmeaSentences()   $GPGSV,3,2,11,18,22,000,44,21,53,025,50,22,18,326,44,25,21,156,41*7B
(May 26 2011 00:54:01,    1744 sec) LogNmeaSentences()   $PGRME,7.6,M,13.0,M,15.1,M*28
(May 26 2011 00:54:02,    1744 sec) LogNmeaSentences()   $PGRMB,0.0,200,,,,K,,N,N*31
(May 26 2011 00:54:02,    1745 sec) LogNmeaSentences()   $PGRMM,WGS 84*06
(May 26 2011 00:54:08,    1751 sec) LogNmeaSentences()   $GPRMC,005410,A,0200.6530,S,08120.4052,E,008.6,183.6,260511,004.5,W*71
(May 26 2011 00:54:09,    1752 sec) LogNmeaSentences()   $GPGGA,005410,0200.6530,S,08120.4052,E,1,08,1.0,1.2,M,-92.1,M,,*78
(May 26 2011 00:54:10,    1752 sec) LogNmeaSentences()   $GPGSA,A,3,06,09,,14,18,21,22,25,,29,,,2.0,1.0,1.7*3B
(May 26 2011 00:54:10,    1753 sec) LogNmeaSentences()   $GPGSV,3,3,11,27,12,049,00,29,40,168,49,31,16,205,36*48
(May 26 2011 00:54:11,    1754 sec) LogNmeaSentences()   $PGRME,7.6,M,13.0,M,15.1,M*28
(May 26 2011 00:54:11,    1754 sec) LogNmeaSentences()   $PGRMB,0.0,200,,,,K,,N,N*31
(May 26 2011 00:54:12,    1754 sec) LogNmeaSentences()   $PGRMM,WGS 84*06
(May 26 2011 00:54:18,    1761 sec) LogNmeaSentences()   $GPRMC,005420,A,0200.6770,S,08120.4033,E,008.7,182.5,260511,004.5,W*70
(May 26 2011 00:54:19,    1762 sec) LogNmeaSentences()   $GPGGA,005420,0200.6770,S,08120.4033,E,1,08,1.0,0.9,M,-92.1,M,,*70
(May 26 2011 00:54:20,    1762 sec) LogNmeaSentences()   $GPGSA,A,3,06,09,,14,18,21,22,25,,29,,,2.0,1.0,1.8*34
(May 26 2011 00:54:20,    1763 sec) LogNmeaSentences()   $GPGSV,3,1,11,06,15,305,43,09,29,061,45,12,06,123,36,14,57,274,47*79
(May 26 2011 00:54:21,    1764 sec) LogNmeaSentences()   $PGRME,7.6,M,13.1,M,15.1,M*29
(May 26 2011 00:54:21,    1764 sec) LogNmeaSentences()   $PGRMB,0.0,200,,,,K,,N,N*31
(May 26 2011 00:54:22,    1765 sec) LogNmeaSentences()   $PGRMM,WGS 84*06
(May 26 2011 00:54:28,    1771 sec) LogNmeaSentences()   $GPRMC,005430,A,0200.7010,S,08120.4014,E,008.6,182.5,260511,004.5,W*75
(May 26 2011 00:54:29,    1772 sec) LogNmeaSentences()   $GPGGA,005430,0200.7010,S,08120.4014,E,1,08,1.0,1.7,M,-92.1,M,,*7B
(May 26 2011 00:54:30,    1772 sec) LogNmeaSentences()   $GPGSA,A,3,06,09,,14,18,21,22,25,,29,,,2.0,1.0,1.8*34
(May 26 2011 00:54:30,    1773 sec) LogNmeaSentences()   $GPGSV,3,2,11,18,22,000,41,21,53,025,50,22,18,326,45,25,21,156,42*7C
(May 26 2011 00:54:31,    1774 sec) LogNmeaSentences()   $PGRME,7.6,M,13.0,M,15.1,M*28
(May 26 2011 00:54:32,    1774 sec) LogNmeaSentences()   $PGRMT,GPS 15-L Ver. 4.40,P,P,R,R,P,,,R,P*7E
(May 26 2011 00:54:32,    1775 sec) GpsServices()        GPS services complete.
(May 26 2011 00:54:56,    1799 sec) CLogin()             Connecting to primary host.
(May 26 2011 00:55:08,    1811 sec) CLogin()             Connection 1 established in 12 seconds.
(May 26 2011 00:55:16,    1819 sec) login()              Login successful.
(May 26 2011 00:55:20,    1823 sec) CLogin()             Logged in to host.  [Login required 12 seconds]
(May 26 2011 00:55:28,    1831 sec) RxConfig()           Downloading "mission.cfg" from host.
(May 26 2011 00:55:31,    1833 sec) Rx()                 Initiating transfer. [0x43]
(May 26 2011 00:55:44,    1847 sec) RxStartByte()        Sync errors encountered: 523
(May 26 2011 00:55:50,    1852 sec) Rx()                 Truncated packet received - retrying.
(May 26 2011 00:55:50,    1852 sec) LogPacket()          0x02 0x01 0xfe  []   0x00 0x00
(May 26 2011 00:55:55,    1857 sec) RxStartByte()        Sync errors encountered: 564
(May 26 2011 00:56:00,    1862 sec) Rx()                 Truncated packet received - retrying.
(May 26 2011 00:56:00,    1863 sec) LogPacket()          0x02 0x01 0xfe  []   0x00 0x00
(May 26 2011 00:56:04,    1867 sec) RxStartByte()        Sync errors encountered: 895
(May 26 2011 00:56:08,    1870 sec) Rx()                 Pad character [0x1a] found in ascii mode - truncating packet.
(May 26 2011 00:56:13,    1875 sec) Rx()                 Received EOT - transfer complete. [1 packets, 1024 bytes, 42 sec, 24.4 bps]
(May 26 2011 00:56:13,    1876 sec) RxConfig()           Download successful.
(May 26 2011 00:56:27,    1890 sec) WriteVitals()        Writing vitals to "6856.1105260051".
(May 26 2011 00:56:32,    1895 sec) UpLoadFile()         Uploading "6856.1105260025.log" to host as "6856.1105260025.log".
(May 26 2011 00:56:34,    1896 sec) Tx()                 CRC negotiation successful. [16-bit CRC]
(May 26 2011 00:57:43,    1966 sec) Tx()                 Transmission completed successfully [12 packets, 12116 bytes, 68 sec, 180.7 bps]
(May 26 2011 00:57:43,    1966 sec) UpLoadFile()         Upload successful.
(May 26 2011 00:57:47,    1969 sec) UpLoadFile()         Uploading "6856.1105260051" to host as "6856.1105260051".
(May 26 2011 00:57:51,    1974 sec) Tx()                 CRC negotiation successful. [16-bit CRC]
(May 26 2011 00:58:02,    1984 sec) Tx()                 Transmission completed successfully [1 packets, 689 bytes, 10 sec, 102.4 bps]
(May 26 2011 00:58:02,    1985 sec) UpLoadFile()         Upload successful.
(May 26 2011 00:58:09,    1991 sec) UpLoad()             Files successfully uploaded: 2
(May 26 2011 00:58:09,    1991 sec) UpLoad()             Upload complete.
(May 26 2011 00:58:13,    1996 sec) logout()             Log-out successful.
(May 26 2011 00:58:14,    1997 sec) Telemetry()          Telemetry cycle complete: PrfId=0 ConnectionAttempts=1  Connections=1
(May 26 2011 00:58:16,    1999 sec) configure()          Parsing configurators in "mission.cfg".
(May 26 2011 00:58:20,    2003 sec) configure()             TelemetryRetry(15)      [0x7BBC] [TelemetryRetry(15)].
(May 26 2011 00:58:21,    2004 sec) configure()          Configuration CRCs and syntax OK.
(May 26 2011 00:58:21,    2004 sec) ConfigSupervisor()   Sanity check violated: cfg->PressureCP >= 750
(May 26 2011 00:58:22,    2004 sec) ConfigSupervisor()   Configuration accepted.
(May 26 2011 01:13:30,    2912 sec) Prelude()            Logging configuration and initiating telemetry.
(May 26 2011 01:13:30,    2913 sec) LogConfiguration()   Mission configuration for Apf9i FwRev 101207:
(May 26 2011 01:13:30,    2913 sec) LogConfiguration()      AscentTimeOut(120) [min]
(May 26 2011 01:13:30,    2913 sec) LogConfiguration()      AtDialCmd(AT+CBST=71,0,1;DT0088160000573) [primary]
(May 26 2011 01:13:30,    2913 sec) LogConfiguration()      AtDialCmd(AT+CBST=7,0,1;DT0013016366303) [alternate]
(May 26 2011 01:13:30,    2913 sec) LogConfiguration()      BuoyancyNudge(10) [count]
(May 26 2011 01:13:30,    2913 sec) LogConfiguration()      BuoyancyNudgeInitial(22) [count]
(May 26 2011 01:13:31,    2913 sec) LogConfiguration()      ConnectTimeOut(60) [sec]
(May 26 2011 01:13:31,    2913 sec) LogConfiguration()      CpActivationP(0) [dbar]
(May 26 2011 01:13:31,    2913 sec) LogConfiguration()      DeepProfileDescentTime(30) [min]
(May 26 2011 01:13:31,    2914 sec) LogConfiguration()      DeepProfilePistonPos(12) [count]
(May 26 2011 01:13:31,    2914 sec) LogConfiguration()      DeepProfilePressure(200) [dbar]
(May 26 2011 01:13:31,    2914 sec) LogConfiguration()      DownTime(540) [min]
(May 26 2011 01:13:31,    2914 sec) LogConfiguration()      FloatId(6856)
(May 26 2011 01:13:31,    2914 sec) LogConfiguration()      FullExtension(227) [count]
(May 26 2011 01:13:31,    2914 sec) LogConfiguration()      FullRetraction(9) [count]
(May 26 2011 01:13:31,    2914 sec) LogConfiguration()      MaxAirBladder(124) [count]
(May 26 2011 01:13:32,    2914 sec) LogConfiguration()      MaxLogKb(40) [KByte]
(May 26 2011 01:13:32,    2914 sec) LogConfiguration()      MissionPrelude(180) [min]
(May 26 2011 01:13:32,    2914 sec) LogConfiguration()      OkVacuum(96) [count]
(May 26 2011 01:13:32,    2914 sec) LogConfiguration()      ParkDescentTime(30) [min]
(May 26 2011 01:13:32,    2915 sec) LogConfiguration()      ParkPistonPos(25) [count]
(May 26 2011 01:13:32,    2915 sec) LogConfiguration()      ParkPressure(100) [dbar]
(May 26 2011 01:13:32,    2915 sec) LogConfiguration()      PnPCycleLen(1)
(May 26 2011 01:13:32,    2915 sec) LogConfiguration()      Pwd(0x2c14)
(May 26 2011 01:13:32,    2915 sec) LogConfiguration()      TelemetryRetry(15) [min]
(May 26 2011 01:13:32,    2915 sec) LogConfiguration()      TimeOfDay(DISABLED) [min]
(May 26 2011 01:13:33,    2915 sec) LogConfiguration()      UpTime(240) [min]
(May 26 2011 01:13:33,    2915 sec) LogConfiguration()      User(f6856)
(May 26 2011 01:13:33,    2915 sec) LogConfiguration()      Verbosity(2)
(May 26 2011 01:13:33,    2915 sec) LogConfiguration()      DebugBits(0x0002)

<EOT>
