(Jun 13 2011 10:55:13,   12816 sec) AirSystem()          Air-bladder inflation by-passed. Barometer: [129cnt, 7.4"Hg].
(Jun 13 2011 10:55:45,   12848 sec) GpsServices()        GPS almanac is current.
(Jun 13 2011 10:55:45,   12848 sec) GpsServices()        Initiating GPS fix acquisition.
(Jun 13 2011 10:56:01,   12864 sec) gga()                $GPGGA,105555,1059.2270,S,08025.7991,E,0,00,,,M,,M,,*42
(Jun 13 2011 10:56:11,   12874 sec) gga()                $GPGGA,105605,1059.2270,S,08025.7991,E,0,00,,,M,,M,,*44
(Jun 13 2011 10:56:21,   12884 sec) gga()                $GPGGA,105615,1059.2270,S,08025.7991,E,0,00,,,M,,M,,*45
(Jun 13 2011 10:56:31,   12894 sec) gga()                $GPGGA,105625,1059.2270,S,08025.7991,E,0,00,,,M,,M,,*46
(Jun 13 2011 10:56:41,   12904 sec) gga()                $GPGGA,105635,1059.2270,S,08025.7991,E,0,00,,,M,,M,,*47
(Jun 13 2011 10:56:51,   12914 sec) gga()                $GPGGA,105645,1059.2270,S,08025.7991,E,0,00,,,M,,M,,*40
(Jun 13 2011 10:57:01,   12924 sec) gga()                $GPGGA,105655,1059.2270,S,08025.7991,E,0,00,,,M,,M,,*41
(Jun 13 2011 10:57:11,   12934 sec) gga()                $GPGGA,105705,1059.2270,S,08025.7991,E,0,00,,,M,,M,,*45
(Jun 13 2011 10:57:21,   12944 sec) gga()                $GPGGA,105715,1059.2270,S,08025.7991,E,0,00,,,M,,M,,*44
(Jun 13 2011 10:57:31,   12954 sec) gga()                $GPGGA,105725,1059.2270,S,08025.7991,E,0,00,,,M,,M,,*47
(Jun 13 2011 10:57:41,   12964 sec) gga()                $GPGGA,105735,1059.2270,S,08025.7991,E,0,00,,,M,,M,,*46
(Jun 13 2011 10:58:36,   13019 sec) gga()                $GPGGA,105810,1059.2193,S,08025.6077,E,1,10,0.9,2.0,M,-71.1,M,,*7F
(Jun 13 2011 10:58:36,   13019 sec) GpsServices()        Profile 0 GPS fix obtained in 171 seconds.
(Jun 13 2011 10:58:36,   13019 sec) GpsServices()                  lon     lat mm/dd/yyyy hhmmss nsat
(Jun 13 2011 10:58:36,   13019 sec) GpsServices()        Fix:   80.427 -10.987 06/13/2011 105810   10
(Jun 13 2011 10:59:06,   13049 sec) gga()                $GPGGA,105840,1059.2219,S,08025.6048,E,1,11,0.8,1.5,M,-71.1,M,,*71
(Jun 13 2011 10:59:12,   13055 sec) gga()                $GPGGA,105910,1059.2221,S,08025.6019,E,1,11,0.8,0.8,M,-71.1,M,,*76
(Jun 13 2011 10:59:12,   13055 sec) GpsServices()        APF9 RTC skew (2s) OK.
(Jun 13 2011 10:59:12,   13055 sec) LogNmeaSentences()   22
(Jun 13 2011 10:59:12,   13055 sec) LogNmeaSentences()   $PGRMB,0.0,200,,,,K,,N,N*31
(Jun 13 2011 10:59:12,   13055 sec) LogNmeaSentences()   $PGRMM,WGS 84*06
(Jun 13 2011 10:59:22,   13065 sec) LogNmeaSentences()   $GPRMC,105920,A,1059.2203,S,08025.6007,E,000.5,313.7,130611,008.3,W*7A
(Jun 13 2011 10:59:22,   13065 sec) LogNmeaSentences()   $GPGGA,105920,1059.2203,S,08025.6007,E,1,11,0.8,-3.6,M,-71.1,M,,*5A
(Jun 13 2011 10:59:22,   13065 sec) LogNmeaSentences()   $GPGSA,A,3,04,07,08,10,11,13,17,20,23,24,28,,1.6,0.8,1.5*38
(Jun 13 2011 10:59:23,   13066 sec) LogNmeaSentences()   $GPGSV,3,1,11,04,18,213,42,07,31,017,45,08,13,355,43,10,21,248,42*76
(Jun 13 2011 10:59:23,   13066 sec) LogNmeaSentences()   $PGRME,4.4,M,6.5,M,7.8,M*22
(Jun 13 2011 10:59:23,   13066 sec) LogNmeaSentences()   $PGRMB,0.0,200,,,,K,,N,N*31
(Jun 13 2011 10:59:24,   13066 sec) LogNmeaSentences()   $PGRMM,WGS 84*06
(Jun 13 2011 10:59:32,   13075 sec) LogNmeaSentences()   $GPRMC,105930,A,1059.2223,S,08025.5975,E,000.7,264.3,130611,008.3,W*71
(Jun 13 2011 10:59:32,   13075 sec) LogNmeaSentences()   $GPGGA,105930,1059.2223,S,08025.5975,E,1,11,0.8,-0.8,M,-71.1,M,,*5B
(Jun 13 2011 10:59:32,   13075 sec) LogNmeaSentences()   $GPGSA,A,3,04,07,08,10,11,13,17,20,23,24,28,,1.6,0.8,1.5*38
(Jun 13 2011 10:59:33,   13076 sec) LogNmeaSentences()   $GPGSV,3,2,11,11,31,057,45,13,76,171,48,17,55,257,48,20,24,142,43*7F
(Jun 13 2011 10:59:33,   13076 sec) LogNmeaSentences()   $PGRME,4.4,M,6.5,M,7.8,M*22
(Jun 13 2011 10:59:33,   13076 sec) LogNmeaSentences()   $PGRMB,0.0,200,,,,K,,N,N*31
(Jun 13 2011 10:59:34,   13076 sec) LogNmeaSentences()   $PGRMM,WGS 84*06
(Jun 13 2011 10:59:42,   13085 sec) LogNmeaSentences()   $GPRMC,105940,A,1059.2217,S,08025.5955,E,001.6,245.2,130611,008.3,W*71
(Jun 13 2011 10:59:42,   13085 sec) LogNmeaSentences()   $GPGGA,105940,1059.2217,S,08025.5955,E,1,11,0.8,-1.5,M,-71.1,M,,*55
(Jun 13 2011 10:59:42,   13085 sec) LogNmeaSentences()   $GPGSA,A,3,04,07,08,10,11,13,17,20,23,24,28,,1.6,0.8,1.5*38
(Jun 13 2011 10:59:43,   13086 sec) LogNmeaSentences()   $GPGSV,3,3,11,23,41,151,46,24,35,082,45,28,13,324,44*4C
(Jun 13 2011 10:59:43,   13086 sec) LogNmeaSentences()   $PGRME,4.4,M,6.5,M,7.8,M*22
(Jun 13 2011 10:59:43,   13086 sec) LogNmeaSentences()   $PGRMB,0.0,200,,,,K,,N,N*31
(Jun 13 2011 10:59:43,   13086 sec) LogNmeaSentences()   $PGRMM,WGS 84*06
(Jun 13 2011 10:59:52,   13095 sec) LogNmeaSentences()   $GPRMC,105950,A,1059.2215,S,08025.5943,E,001.4,168.7,130611,008.3,W*7E
(Jun 13 2011 10:59:52,   13095 sec) LogNmeaSentences()   $GPGGA,105950,1059.2215,S,08025.5943,E,1,11,0.8,-0.9,M,-71.1,M,,*5C
(Jun 13 2011 10:59:52,   13095 sec) LogNmeaSentences()   $GPGSA,A,3,04,07,08,10,11,13,17,20,23,24,28,,1.6,0.8,1.5*38
(Jun 13 2011 10:59:53,   13096 sec) LogNmeaSentences()   $GPGSV,3,1,11,04,18,213,45,07,31,017,46,08,13,355,42,10,21,248,45*74
(Jun 13 2011 10:59:53,   13096 sec) LogNmeaSentences()   $PGRME,4.4,M,6.5,M,7.8,M*22
(Jun 13 2011 10:59:53,   13096 sec) LogNmeaSentences()   $PGRMB,0.0,200,,,,K,,N,N*31
(Jun 13 2011 10:59:54,   13096 sec) LogNmeaSentences()   $PGRMM,WGS 84*06
(Jun 13 2011 11:00:02,   13105 sec) LogNmeaSentences()   $GPRMC,110000,A,1059.2214,S,08025.5925,E,001.0,319.8,130611,008.3,W*78
(Jun 13 2011 11:00:02,   13105 sec) LogNmeaSentences()   $GPGGA,110000,1059.2214,S,08025.5925,E,1,11,0.8,3.2,M,-71.1,M,,*70
(Jun 13 2011 11:00:03,   13105 sec) LogNmeaSentences()   $GPGSA,A,3,04,07,08,10,11,13,17,20,23,24,28,,1.6,0.8,1.5*38
(Jun 13 2011 11:00:03,   13106 sec) LogNmeaSentences()   $GPGSV,3,2,11,11,31,057,46,13,76,171,48,17,55,257,49,20,24,141,42*7F
(Jun 13 2011 11:00:03,   13106 sec) LogNmeaSentences()   $PGRME,4.4,M,6.5,M,7.8,M*22
(Jun 13 2011 11:00:03,   13106 sec) LogNmeaSentences()   $PGRMT,GPS 15-L Ver. 4.40,P,P,R,R,P,,,R,P*7E
(Jun 13 2011 11:00:04,   13106 sec) GpsServices()        GPS services complete.
(Jun 13 2011 11:00:36,   13139 sec) CLogin()             Connecting to primary host.
(Jun 13 2011 11:00:50,   13153 sec) CLogin()             Connection 1 established in 14 seconds.
(Jun 13 2011 11:01:02,   13165 sec) login()              Login successful.
(Jun 13 2011 11:01:07,   13170 sec) CLogin()             Logged in to host.  [Login required 17 seconds]
(Jun 13 2011 11:01:15,   13178 sec) RxConfig()           Downloading "mission.cfg" from host.
(Jun 13 2011 11:01:18,   13180 sec) Rx()                 Initiating transfer. [0x43]
(Jun 13 2011 11:01:21,   13184 sec) RxStartByte()        Sync errors encountered: 124
(Jun 13 2011 11:01:26,   13188 sec) Rx()                 Truncated packet received - retrying.
(Jun 13 2011 11:01:26,   13189 sec) LogPacket()          0x02 0x01 0xfe  []   0x00 0x00
(Jun 13 2011 11:01:29,   13191 sec) RxStartByte()        Sync errors encountered: 230
(Jun 13 2011 11:01:34,   13196 sec) Rx()                 Truncated packet received - retrying.
(Jun 13 2011 11:01:34,   13197 sec) LogPacket()          0x02 0x01 0xfe  []   0x00 0x00
(Jun 13 2011 11:01:39,   13202 sec) RxStartByte()        Sync errors encountered: 211
(Jun 13 2011 11:01:43,   13205 sec) Rx()                 Truncated packet received - retrying.
(Jun 13 2011 11:01:43,   13206 sec) LogPacket()          0x02 0x01 0xfe  []   0x00 0x00
(Jun 13 2011 11:01:46,   13209 sec) RxStartByte()        Sync errors encountered: 479
(Jun 13 2011 11:01:51,   13213 sec) Rx()                 Truncated packet received - retrying.
(Jun 13 2011 11:01:51,   13214 sec) LogPacket()          0x02 0x01 0xfe  []   0x00 0x00
(Jun 13 2011 11:01:56,   13219 sec) RxStartByte()        Sync errors encountered: 37
(Jun 13 2011 11:01:59,   13222 sec) Rx()                 Pad character [0x1a] found in ascii mode - truncating packet.
(Jun 13 2011 11:02:07,   13229 sec) Rx()                 Received EOT - transfer complete. [1 packets, 1024 bytes, 49 sec, 20.9 bps]
(Jun 13 2011 11:02:07,   13230 sec) RxConfig()           Download successful.
(Jun 13 2011 11:02:20,   13243 sec) WriteVitals()        Writing vitals to "6856.1106131055".
(Jun 13 2011 11:02:53,   13275 sec) chat()               Expected string [rx -c  6856.1106131032.log] not received.
(Jun 13 2011 11:02:53,   13276 sec) UpLoadFile()         Failed attempt to execute "rx -c  6856.1106131032.log" on the host.
(Jun 13 2011 11:02:53,   13276 sec) CLogin()             Connecting to primary host.
(Jun 13 2011 11:03:19,   13302 sec) CLogin()             Connection 2 established in 26 seconds.
(Jun 13 2011 11:03:37,   13320 sec) login()              Login successful.
(Jun 13 2011 11:03:42,   13325 sec) CLogin()             Logged in to host.  [Login required 23 seconds]
(Jun 13 2011 11:03:48,   13331 sec) UpLoadFile()         Uploading "6856.1106131055" to host as "6856.1106131055".
(Jun 13 2011 11:03:50,   13333 sec) Tx()                 CRC negotiation successful. [16-bit CRC]
(Jun 13 2011 11:04:02,   13345 sec) GetReceiverResponse( Return value: 21
(Jun 13 2011 11:04:02,   13345 sec) TxPacket()           NAK received - resending packet. [PktNum=0x01]
(Jun 13 2011 11:04:02,   13345 sec) TxPacket()           History of packet transmission failures: [01110001]  (0:xmit-ok, 1:xmit-failed).
(Jun 13 2011 11:04:02,   13345 sec) LogPacket()          0x02 0x01 0xfe  []   0x78 0xd5
(Jun 13 2011 11:04:11,   13354 sec) GetReceiverResponse( Return value: 21
(Jun 13 2011 11:04:11,   13354 sec) TxPacket()           NAK received - resending packet. [PktNum=0x01]
(Jun 13 2011 11:04:11,   13354 sec) TxPacket()           History of packet transmission failures: [11100011]  (0:xmit-ok, 1:xmit-failed).
(Jun 13 2011 11:04:11,   13354 sec) LogPacket()          0x02 0x01 0xfe  []   0x78 0xd5
(Jun 13 2011 11:04:24,   13367 sec) Tx()                 Transmission completed successfully [1 packets, 690 bytes, 33 sec, 31.0 bps]
(Jun 13 2011 11:04:24,   13367 sec) UpLoadFile()         Upload successful.
(Jun 13 2011 11:05:02,   13404 sec) chat()               Expected string [rx -c  6856.1106131032.log] not received.
(Jun 13 2011 11:05:02,   13405 sec) UpLoadFile()         Failed attempt to execute "rx -c  6856.1106131032.log" on the host.
(Jun 13 2011 11:05:08,   13411 sec) CLogin()             Connecting to primary host.
(Jun 13 2011 11:05:25,   13428 sec) CLogin()             Connection 3 established in 17 seconds.
(Jun 13 2011 11:05:45,   13448 sec) login()              Login successful.
(Jun 13 2011 11:05:50,   13452 sec) chat()               Expected string [cmd>] not received.
(Jun 13 2011 11:05:50,   13453 sec) login()              Attempt to set the command prompt failed.
(Jun 13 2011 11:05:53,   13456 sec) CLogin()             Logged in to host.  [Login required 28 seconds]
(Jun 13 2011 11:05:59,   13462 sec) UpLoadFile()         Uploading "6856.1106131032.log" to host as "6856.1106131032.log".
(Jun 13 2011 11:06:08,   13471 sec) Tx()                 CRC negotiation successful. [16-bit CRC]
(Jun 13 2011 11:06:56,   13519 sec) GetReceiverResponse( Return value: 21
(Jun 13 2011 11:06:56,   13519 sec) TxPacket()           NAK received - resending packet. [PktNum=0x06]
(Jun 13 2011 11:06:56,   13519 sec) TxPacket()           History of packet transmission failures: [10000001]  (0:xmit-ok, 1:xmit-failed).
(Jun 13 2011 11:06:57,   13519 sec) LogPacket()          0x02 0x06 0xf9  []   0x97 0x2a
(Jun 13 2011 11:07:10,   13533 sec) GetReceiverResponse( Return value: 21
(Jun 13 2011 11:07:10,   13533 sec) TxPacket()           NAK received - resending packet. [PktNum=0x06]
(Jun 13 2011 11:07:11,   13533 sec) TxPacket()           History of packet transmission failures: [00000011]  (0:xmit-ok, 1:xmit-failed).
(Jun 13 2011 11:07:11,   13534 sec) LogPacket()          0x02 0x06 0xf9  []   0x97 0x2a
(Jun 13 2011 11:07:29,   13551 sec) GetReceiverResponse( Return value: 21
(Jun 13 2011 11:07:29,   13552 sec) TxPacket()           NAK received - resending packet. [PktNum=0x07]
(Jun 13 2011 11:07:29,   13552 sec) TxPacket()           History of packet transmission failures: [00001101]  (0:xmit-ok, 1:xmit-failed).
(Jun 13 2011 11:07:29,   13552 sec) LogPacket()          0x02 0x07 0xf8  []   0x1a 0x6a
(Jun 13 2011 11:08:06,   13589 sec) Tx()                 Transmission completed successfully [14 packets, 12485 bytes, 117 sec, 114.9 bps]
(Jun 13 2011 11:08:07,   13589 sec) UpLoadFile()         Upload successful.
(Jun 13 2011 11:08:13,   13596 sec) UpLoad()             Files successfully uploaded: 2
(Jun 13 2011 11:08:13,   13596 sec) UpLoad()             Upload complete.
(Jun 13 2011 11:08:18,   13600 sec) chat()               Expected string [cmd>] not received.
(Jun 13 2011 11:08:18,   13601 sec) logout()             Can't get command prompt.
(Jun 13 2011 11:08:23,   13605 sec) chat()               Expected string [logout] not received.
(Jun 13 2011 11:08:23,   13606 sec) logout()             Attempt to log-out failed.
(Jun 13 2011 11:08:28,   13610 sec) chat()               Expected string [cmd>] not received.
(Jun 13 2011 11:08:28,   13611 sec) logout()             Can't get command prompt.
(Jun 13 2011 11:08:33,   13615 sec) chat()               Expected string [logout] not received.
(Jun 13 2011 11:08:33,   13616 sec) logout()             Attempt to log-out failed.
(Jun 13 2011 11:08:33,   13616 sec) logout()             No carrier detected.
(Jun 13 2011 11:08:33,   13616 sec) Telemetry()          Telemetry cycle complete: PrfId=0 ConnectionAttempts=3  Connections=3
(Jun 13 2011 11:08:35,   13617 sec) configure()          Parsing configurators in "mission.cfg".
(Jun 13 2011 11:08:38,   13621 sec) configure()             TelemetryRetry(15)      [0x7BBC] [TelemetryRetry(15)].
(Jun 13 2011 11:08:39,   13622 sec) configure()          Configuration CRCs and syntax OK.
(Jun 13 2011 11:08:39,   13622 sec) ConfigSupervisor()   Sanity check violated: cfg->PressureCP >= 750
(Jun 13 2011 11:08:39,   13622 sec) ConfigSupervisor()   Sanity check violated: cfg->TimeUp >= cfg->TimeOutAscent + 2*Hour
(Jun 13 2011 11:08:39,   13622 sec) ConfigSupervisor()   Configuration accepted.
(Jun 13 2011 11:23:47,   14529 sec) Prelude()            Logging configuration and initiating telemetry.
(Jun 13 2011 11:23:47,   14530 sec) LogConfiguration()   Mission configuration for Apf9i FwRev 101207:
(Jun 13 2011 11:23:47,   14530 sec) LogConfiguration()      AscentTimeOut(540) [min]
(Jun 13 2011 11:23:47,   14530 sec) LogConfiguration()      AtDialCmd(AT+CBST=71,0,1;DT0088160000573) [primary]
(Jun 13 2011 11:23:47,   14530 sec) LogConfiguration()      AtDialCmd(AT+CBST=7,0,1;DT0013016366303) [alternate]
(Jun 13 2011 11:23:47,   14530 sec) LogConfiguration()      BuoyancyNudge(10) [count]
(Jun 13 2011 11:23:47,   14530 sec) LogConfiguration()      BuoyancyNudgeInitial(22) [count]
(Jun 13 2011 11:23:47,   14530 sec) LogConfiguration()      ConnectTimeOut(60) [sec]
(Jun 13 2011 11:23:47,   14530 sec) LogConfiguration()      CpActivationP(200) [dbar]
(Jun 13 2011 11:23:48,   14530 sec) LogConfiguration()      DeepProfileDescentTime(360) [min]
(Jun 13 2011 11:23:48,   14531 sec) LogConfiguration()      DeepProfilePistonPos(16) [count]
(Jun 13 2011 11:23:48,   14531 sec) LogConfiguration()      DeepProfilePressure(2000) [dbar]
(Jun 13 2011 11:23:48,   14531 sec) LogConfiguration()      DownTime(13800) [min]
(Jun 13 2011 11:23:48,   14531 sec) LogConfiguration()      FloatId(6856)
(Jun 13 2011 11:23:48,   14531 sec) LogConfiguration()      FullExtension(227) [count]
(Jun 13 2011 11:23:48,   14531 sec) LogConfiguration()      FullRetraction(9) [count]
(Jun 13 2011 11:23:48,   14531 sec) LogConfiguration()      MaxAirBladder(124) [count]
(Jun 13 2011 11:23:48,   14531 sec) LogConfiguration()      MaxLogKb(40) [KByte]
(Jun 13 2011 11:23:48,   14531 sec) LogConfiguration()      MissionPrelude(360) [min]
(Jun 13 2011 11:23:49,   14531 sec) LogConfiguration()      OkVacuum(96) [count]
(Jun 13 2011 11:23:49,   14532 sec) LogConfiguration()      ParkDescentTime(360) [min]
(Jun 13 2011 11:23:49,   14532 sec) LogConfiguration()      ParkPistonPos(66) [count]
(Jun 13 2011 11:23:49,   14532 sec) LogConfiguration()      ParkPressure(1000) [dbar]
(Jun 13 2011 11:23:49,   14532 sec) LogConfiguration()      PnPCycleLen(1)
(Jun 13 2011 11:23:49,   14532 sec) LogConfiguration()      Pwd(0x2c14)
(Jun 13 2011 11:23:49,   14532 sec) LogConfiguration()      TelemetryRetry(15) [min]
(Jun 13 2011 11:23:49,   14532 sec) LogConfiguration()      TimeOfDay(DISABLED) [min]
(Jun 13 2011 11:23:49,   14532 sec) LogConfiguration()      UpTime(600) [min]
(Jun 13 2011 11:23:49,   14532 sec) LogConfiguration()      User(f6856)
(Jun 13 2011 11:23:50,   14532 sec) LogConfiguration()      Verbosity(2)
(Jun 13 2011 11:23:50,   14533 sec) LogConfiguration()      DebugBits(0x0002)

<EOT>
