(Aug 31 2011 15:00:32,  850822 sec) TelemetryInit()      Profile 9. (Apf9i FwRev: 101207)
(Aug 31 2011 15:07:17,  851227 sec) AirSystem()          Battery [187cnt, 14.5V]  Current [83cnt, 33.4mA]  Barometer [128cnt, 7.1"Hg]  Run-Time [43s]
(Aug 31 2011 15:07:53,  851262 sec) GpsServices()        Replacing aged (98 days) almanac.
(Aug 31 2011 15:07:53,  851263 sec) UpLoadGpsAlmanac()   Pausing for 15 minutes to upload GPS almanac.
(Aug 31 2011 15:22:53,  852163 sec) UpLoadGpsAlmanac()   Pause complete.
(Aug 31 2011 15:22:53,  852163 sec) GpsServices()        New almanac acquired.
(Aug 31 2011 15:22:53,  852163 sec) GpsServices()        Initiating GPS fix acquisition.
(Aug 31 2011 15:23:21,  852191 sec) gga()                $GPGGA,152240,1025.9812,S,07913.6798,E,1,09,0.9,2.9,M,-72.3,M,,*77
(Aug 31 2011 15:23:22,  852191 sec) GpsServices()        Profile 9 GPS fix obtained in 28 seconds.
(Aug 31 2011 15:23:22,  852191 sec) GpsServices()                  lon     lat mm/dd/yyyy hhmmss nsat
(Aug 31 2011 15:23:22,  852191 sec) GpsServices()        Fix:   79.228 -10.433 08/31/2011 152240    9
(Aug 31 2011 15:23:51,  852221 sec) gga()                $GPGGA,152310,1025.9747,S,07913.6670,E,1,09,0.9,1.0,M,-72.3,M,,*71
(Aug 31 2011 15:23:57,  852227 sec) gga()                $GPGGA,152340,1025.9722,S,07913.6551,E,1,09,1.1,1.1,M,-72.3,M,,*7F
(Aug 31 2011 15:23:57,  852227 sec) GpsServices()        APF9 RTC skew (17s) OK.
(Aug 31 2011 15:23:57,  852227 sec) LogNmeaSentences()   ,M*25
(Aug 31 2011 15:23:58,  852227 sec) LogNmeaSentences()   $PGRMB,0.0,200,,,,K,,N,N*31
(Aug 31 2011 15:23:58,  852227 sec) LogNmeaSentences()   $PGRMM,WGS 84*06
(Aug 31 2011 15:24:07,  852237 sec) LogNmeaSentences()   $GPRMC,152350,A,1025.9696,S,07913.6495,E,000.5,334.7,310811,008.3,W*7A
(Aug 31 2011 15:24:07,  852237 sec) LogNmeaSentences()   $GPGGA,152350,1025.9696,S,07913.6495,E,1,09,0.9,0.5,M,-72.3,M,,*75
(Aug 31 2011 15:24:08,  852238 sec) LogNmeaSentences()   $GPGSA,A,3,02,09,12,,15,18,,22,25,26,29,,1.8,0.9,1.6*38
(Aug 31 2011 15:24:08,  852238 sec) LogNmeaSentences()   $GPGSV,3,2,11,15,54,049,45,18,37,293,48,21,03,325,35,22,19,252,45*76
(Aug 31 2011 15:24:08,  852238 sec) LogNmeaSentences()   $PGRME,5.0,M,10.4,M,11.5,M*2B
(Aug 31 2011 15:24:09,  852238 sec) LogNmeaSentences()   $PGRMT,GPS 15-L Ver. 4.40,P,P,R,R,P,,,R,P*7E
(Aug 31 2011 15:24:09,  852239 sec) LogNmeaSentences()   $PGRMB,0.0,200,,,,K,,N,N*31
(Aug 31 2011 15:24:09,  852239 sec) LogNmeaSentences()   $PGRMM,WGS 84*06
(Aug 31 2011 15:24:17,  852247 sec) LogNmeaSentences()   $GPRMC,152400,A,1025.9665,S,07913.6449,E,002.6,337.6,310811,008.3,W*76
(Aug 31 2011 15:24:17,  852247 sec) LogNmeaSentences()   $GPGGA,152400,1025.9665,S,07913.6449,E,1,10,0.9,0.5,M,-72.3,M,,*72
(Aug 31 2011 15:24:18,  852247 sec) LogNmeaSentences()   $GPGSA,A,3,02,09,12,14,15,18,,22,25,26,29,,1.9,0.9,1.4*3E
(Aug 31 2011 15:24:18,  852248 sec) LogNmeaSentences()   $GPGSV,3,3,11,25,51,247,51,26,19,044,42,29,39,354,48*4A
(Aug 31 2011 15:24:18,  852248 sec) LogNmeaSentences()   $PGRME,4.9,M,8.5,M,9.8,M*2F
(Aug 31 2011 15:24:19,  852248 sec) LogNmeaSentences()   $PGRMB,0.0,200,,,,K,,N,N*31
(Aug 31 2011 15:24:19,  852248 sec) LogNmeaSentences()   $PGRMM,WGS 84*06
(Aug 31 2011 15:24:27,  852257 sec) LogNmeaSentences()   $GPRMC,152410,A,1025.9651,S,07913.6395,E,002.0,274.5,310811,008.3,W*75
(Aug 31 2011 15:24:27,  852257 sec) LogNmeaSentences()   $GPGGA,152410,1025.9651,S,07913.6395,E,1,10,0.9,-1.7,M,-72.3,M,,*5C
(Aug 31 2011 15:24:28,  852257 sec) GpsServices()        GPS services complete.
(Aug 31 2011 15:24:52,  852282 sec) CLogin()             Connecting to primary host.
(Aug 31 2011 15:25:54,  852343 sec) chat()               Expected string [CONNECT] not received.
(Aug 31 2011 15:25:54,  852343 sec) modem_connect()      Modem command [AT+CBST=71,0,1;DT0088160000573] failed.
(Aug 31 2011 15:26:23,  852373 sec) CLogin()             Connection 1 established in 91 seconds.
(Aug 31 2011 15:27:04,  852413 sec) expect()             Attempt to read prompt string [Last login:] failed.
(Aug 31 2011 15:27:04,  852413 sec) login()              Login failed.
(Aug 31 2011 15:27:34,  852443 sec) expect()             Attempt to read prompt string [login:] failed.
(Aug 31 2011 15:27:34,  852443 sec) login()              Login prompt not received.
(Aug 31 2011 15:27:34,  852443 sec) login()              No carrier detected.
(Aug 31 2011 15:27:34,  852444 sec) CLogin()             Attempt to login to host failed.
(Aug 31 2011 15:27:34,  852444 sec) DownLoadMissionCfg() Connect/login failed.  Mission configuration not downloaded from remote host.
(Aug 31 2011 15:27:39,  852449 sec) CLogin()             Connecting to primary host.
(Aug 31 2011 15:27:59,  852469 sec) CLogin()             Connection 2 established in 20 seconds.
(Aug 31 2011 15:28:11,  852481 sec) login()              Login successful.
(Aug 31 2011 15:28:16,  852485 sec) chat()               Expected string [cmd>] not received.
(Aug 31 2011 15:28:16,  852485 sec) login()              Attempt to set the command prompt failed.
(Aug 31 2011 15:28:19,  852489 sec) CLogin()             Logged in to host.  [Login required 20 seconds]
(Aug 31 2011 15:28:27,  852497 sec) RxConfig()           Downloading "mission.cfg" from host.
(Aug 31 2011 15:28:30,  852499 sec) Rx()                 Initiating transfer. [0x43]
(Aug 31 2011 15:28:36,  852506 sec) Rx()                 Pad character [0x1a] found in ascii mode - truncating packet.
(Aug 31 2011 15:28:41,  852510 sec) Rx()                 Received EOT - transfer complete. [1 packets, 1024 bytes, 11 sec, 93.1 bps]
(Aug 31 2011 15:28:41,  852510 sec) RxConfig()           Download successful.
(Aug 31 2011 15:28:54,  852524 sec) WriteVitals()        Writing vitals to "6856.009.msg".
(Aug 31 2011 15:29:07,  852536 sec) UpLoadFile()         Uploading "6856.009.log" to host as "6856.009.log".
(Aug 31 2011 15:29:10,  852540 sec) Tx()                 CRC negotiation successful. [16-bit CRC]
(Aug 31 2011 15:29:43,  852572 sec) GetReceiverResponse( Return value: 21
(Aug 31 2011 15:29:43,  852572 sec) TxPacket()           NAK received - resending packet. [PktNum=0x05]
(Aug 31 2011 15:29:43,  852572 sec) TxPacket()           History of packet transmission failures: [00000001]  (0:xmit-ok, 1:xmit-failed).
(Aug 31 2011 15:29:43,  852573 sec) LogPacket()          0x02 0x05 0xfa  []   0x96 0x4a
(Aug 31 2011 15:29:56,  852585 sec) GetReceiverResponse( Return value: 21
(Aug 31 2011 15:29:56,  852585 sec) TxPacket()           NAK received - resending packet. [PktNum=0x06]
(Aug 31 2011 15:29:56,  852586 sec) TxPacket()           History of packet transmission failures: [00000101]  (0:xmit-ok, 1:xmit-failed).
(Aug 31 2011 15:29:56,  852586 sec) LogPacket()          0x02 0x06 0xf9  []   0x6c 0x7e
(Aug 31 2011 15:30:10,  852599 sec) GetReceiverResponse( Return value: 21
(Aug 31 2011 15:30:10,  852599 sec) TxPacket()           NAK received - resending packet. [PktNum=0x07]
(Aug 31 2011 15:30:10,  852599 sec) TxPacket()           History of packet transmission failures: [00010101]  (0:xmit-ok, 1:xmit-failed).
(Aug 31 2011 15:30:10,  852600 sec) LogPacket()          0x02 0x07 0xf8  []   0x20 0x4c
(Aug 31 2011 15:30:24,  852614 sec) GetReceiverResponse( Return value: 21
(Aug 31 2011 15:30:24,  852614 sec) TxPacket()           NAK received - resending packet. [PktNum=0x08]
(Aug 31 2011 15:30:24,  852614 sec) TxPacket()           History of packet transmission failures: [01010101]  (0:xmit-ok, 1:xmit-failed).
(Aug 31 2011 15:30:24,  852614 sec) LogPacket()          0x02 0x08 0xf7  []   0x39 0x23
(Aug 31 2011 15:30:30,  852619 sec) GetReceiverResponse( Return value: 21
(Aug 31 2011 15:30:30,  852619 sec) TxPacket()           NAK received - resending packet. [PktNum=0x08]
(Aug 31 2011 15:30:30,  852620 sec) TxPacket()           History of packet transmission failures: [10101011]  (0:xmit-ok, 1:xmit-failed).
(Aug 31 2011 15:30:30,  852620 sec) LogPacket()          0x02 0x08 0xf7  []   0x39 0x23
(Aug 31 2011 15:30:40,  852629 sec) GetReceiverResponse( Return value: 21
(Aug 31 2011 15:30:40,  852629 sec) TxPacket()           NAK received - resending packet. [PktNum=0x08]
(Aug 31 2011 15:30:40,  852629 sec) TxPacket()           History of packet transmission failures: [01010111]  (0:xmit-ok, 1:xmit-failed).
(Aug 31 2011 15:30:40,  852630 sec) LogPacket()          0x02 0x08 0xf7  []   0x39 0x23
(Aug 31 2011 15:31:39,  852688 sec) GetReceiverResponse( Return value: 21
(Aug 31 2011 15:31:39,  852688 sec) TxPacket()           NAK received - resending packet. [PktNum=0x12]
(Aug 31 2011 15:31:39,  852688 sec) TxPacket()           History of packet transmission failures: [00000001]  (0:xmit-ok, 1:xmit-failed).
(Aug 31 2011 15:31:39,  852689 sec) LogPacket()          0x02 0x12 0xed  []   0x9d 0xa2
(Aug 31 2011 15:31:51,  852700 sec) GetReceiverResponse( Return value: 21
(Aug 31 2011 15:31:51,  852700 sec) TxPacket()           NAK received - resending packet. [PktNum=0x13]
(Aug 31 2011 15:31:51,  852700 sec) TxPacket()           History of packet transmission failures: [00000101]  (0:xmit-ok, 1:xmit-failed).
(Aug 31 2011 15:31:51,  852701 sec) LogPacket()          0x02 0x13 0xec  []   0x32 0x46
(Aug 31 2011 15:32:29,  852738 sec) GetReceiverResponse( Return value: 21
(Aug 31 2011 15:32:29,  852738 sec) TxPacket()           NAK received - resending packet. [PktNum=0x18]
(Aug 31 2011 15:32:29,  852739 sec) TxPacket()           History of packet transmission failures: [01000001]  (0:xmit-ok, 1:xmit-failed).
(Aug 31 2011 15:32:29,  852739 sec) LogPacket()          0x02 0x18 0xe7  []   0xcd 0x61
(Aug 31 2011 15:32:53,  852762 sec) GetReceiverResponse( Return value: 21
(Aug 31 2011 15:32:53,  852762 sec) TxPacket()           NAK received - resending packet. [PktNum=0x1b]
(Aug 31 2011 15:32:53,  852762 sec) TxPacket()           History of packet transmission failures: [00010001]  (0:xmit-ok, 1:xmit-failed).
(Aug 31 2011 15:32:53,  852763 sec) LogPacket()          0x02 0x1b 0xe4  []   0xc2 0xd7
(Aug 31 2011 15:32:58,  852767 sec) GetReceiverResponse( Return value: 21
(Aug 31 2011 15:32:58,  852767 sec) TxPacket()           NAK received - resending packet. [PktNum=0x1b]
(Aug 31 2011 15:32:58,  852767 sec) TxPacket()           History of packet transmission failures: [00100011]  (0:xmit-ok, 1:xmit-failed).
(Aug 31 2011 15:32:58,  852768 sec) LogPacket()          0x02 0x1b 0xe4  []   0xc2 0xd7
(Aug 31 2011 15:33:17,  852786 sec) GetReceiverResponse( Return value: 21
(Aug 31 2011 15:33:17,  852786 sec) TxPacket()           NAK received - resending packet. [PktNum=0x1d]
(Aug 31 2011 15:33:17,  852787 sec) TxPacket()           History of packet transmission failures: [00011001]  (0:xmit-ok, 1:xmit-failed).
(Aug 31 2011 15:33:17,  852787 sec) LogPacket()          0x02 0x1d 0xe2  []   0xe4 0x65
(Aug 31 2011 15:33:41,  852810 sec) GetReceiverResponse( Return value: 21
(Aug 31 2011 15:33:41,  852810 sec) TxPacket()           NAK received - resending packet. [PktNum=0x1f]
(Aug 31 2011 15:33:41,  852811 sec) TxPacket()           History of packet transmission failures: [11001001]  (0:xmit-ok, 1:xmit-failed).
(Aug 31 2011 15:33:41,  852811 sec) LogPacket()          0x02 0x1f 0xe0  []   0xf2 0xb8
(Aug 31 2011 15:34:00,  852829 sec) GetReceiverResponse( Return value: 21
(Aug 31 2011 15:34:00,  852829 sec) TxPacket()           NAK received - resending packet. [PktNum=0x21]
(Aug 31 2011 15:34:00,  852829 sec) TxPacket()           History of packet transmission failures: [01001001]  (0:xmit-ok, 1:xmit-failed).
(Aug 31 2011 15:34:00,  852830 sec) LogPacket()          0x02 0x21 0xde  []   0xc4 0x0f
(Aug 31 2011 15:34:28,  852858 sec) GetReceiverResponse( Return value: 21
(Aug 31 2011 15:34:28,  852858 sec) TxPacket()           NAK received - resending packet. [PktNum=0x24]
(Aug 31 2011 15:34:28,  852858 sec) TxPacket()           History of packet transmission failures: [10010001]  (0:xmit-ok, 1:xmit-failed).
(Aug 31 2011 15:34:28,  852858 sec) LogPacket()          0x02 0x24 0xdb  []   0x4b 0x28
(Aug 31 2011 15:34:35,  852864 sec) GetReceiverResponse( Return value: 21
(Aug 31 2011 15:34:35,  852865 sec) TxPacket()           NAK received - resending packet. [PktNum=0x24]
(Aug 31 2011 15:34:35,  852865 sec) TxPacket()           History of packet transmission failures: [00100011]  (0:xmit-ok, 1:xmit-failed).
(Aug 31 2011 15:34:35,  852865 sec) LogPacket()          0x02 0x24 0xdb  []   0x4b 0x28
(Aug 31 2011 15:34:44,  852874 sec) GetReceiverResponse( Return value: 21
(Aug 31 2011 15:34:44,  852874 sec) TxPacket()           NAK received - resending packet. [PktNum=0x24]
(Aug 31 2011 15:34:44,  852874 sec) TxPacket()           History of packet transmission failures: [01000111]  (0:xmit-ok, 1:xmit-failed).
(Aug 31 2011 15:34:44,  852874 sec) LogPacket()          0x02 0x24 0xdb  []   0x4b 0x28
(Aug 31 2011 15:34:58,  852887 sec) GetReceiverResponse( Return value: 21
(Aug 31 2011 15:34:58,  852887 sec) TxPacket()           NAK received - resending packet. [PktNum=0x26]
(Aug 31 2011 15:34:58,  852887 sec) TxPacket()           History of packet transmission failures: [00111001]  (0:xmit-ok, 1:xmit-failed).
(Aug 31 2011 15:34:58,  852888 sec) LogPacket()          0x02 0x26 0xd9  []   0x48 0xe7
(Aug 31 2011 15:35:06,  852895 sec) GetReceiverResponse( Return value: 21
(Aug 31 2011 15:35:06,  852895 sec) TxPacket()           NAK received - resending packet. [PktNum=0x26]
(Aug 31 2011 15:35:06,  852895 sec) TxPacket()           History of packet transmission failures: [01110011]  (0:xmit-ok, 1:xmit-failed).
(Aug 31 2011 15:35:06,  852896 sec) LogPacket()          0x02 0x26 0xd9  []   0x48 0xe7
(Aug 31 2011 15:35:12,  852901 sec) GetReceiverResponse( Return value: 21
(Aug 31 2011 15:35:12,  852901 sec) TxPacket()           NAK received - resending packet. [PktNum=0x26]
(Aug 31 2011 15:35:12,  852902 sec) TxPacket()           History of packet transmission failures: [11100111]  (0:xmit-ok, 1:xmit-failed).
(Aug 31 2011 15:35:12,  852902 sec) LogPacket()          0x02 0x26 0xd9  []   0x48 0xe7
(Aug 31 2011 15:35:17,  852906 sec) GetReceiverResponse( Return value: 21
(Aug 31 2011 15:35:17,  852906 sec) TxPacket()           NAK received - resending packet. [PktNum=0x26]
(Aug 31 2011 15:35:17,  852906 sec) TxPacket()           History of packet transmission failures: [11001111]  (0:xmit-ok, 1:xmit-failed).
(Aug 31 2011 15:35:17,  852907 sec) LogPacket()          0x02 0x26 0xd9  []   0x48 0xe7
(Aug 31 2011 15:35:25,  852914 sec) GetReceiverResponse( Return value: 21
(Aug 31 2011 15:35:25,  852914 sec) TxPacket()           NAK received - resending packet. [PktNum=0x26]
(Aug 31 2011 15:35:25,  852914 sec) TxPacket()           History of packet transmission failures: [10011111]  (0:xmit-ok, 1:xmit-failed).
(Aug 31 2011 15:35:25,  852915 sec) LogPacket()          0x02 0x26 0xd9  []   0x48 0xe7
(Aug 31 2011 15:35:40,  852929 sec) GetReceiverResponse( Return value: 21
(Aug 31 2011 15:35:40,  852929 sec) TxPacket()           NAK received - resending packet. [PktNum=0x28]
(Aug 31 2011 15:35:40,  852929 sec) TxPacket()           History of packet transmission failures: [11111001]  (0:xmit-ok, 1:xmit-failed).
(Aug 31 2011 15:35:40,  852930 sec) LogPacket()          0x01 0x28 0xd7  []   0x9a 0xe5
(Aug 31 2011 15:35:58,  852947 sec) GetReceiverResponse( Return value: 21
(Aug 31 2011 15:35:58,  852947 sec) TxPacket()           NAK received - resending packet. [PktNum=0x2b]
(Aug 31 2011 15:35:58,  852947 sec) TxPacket()           History of packet transmission failures: [10010001]  (0:xmit-ok, 1:xmit-failed).
(Aug 31 2011 15:35:58,  852948 sec) LogPacket()          0x02 0x2b 0xd4  []   0x9e 0x9d
(Aug 31 2011 15:36:33,  852983 sec) Tx()                 Transmission completed successfully [47 packets, 40729 bytes, 442 sec, 92.7 bps]
(Aug 31 2011 15:36:33,  852983 sec) UpLoadFile()         Upload successful.
(Aug 31 2011 15:36:46,  852995 sec) UpLoadFile()         Uploading "6856.009.msg" to host as "6856.009.msg".
(Aug 31 2011 15:36:50,  852999 sec) Tx()                 CRC negotiation successful. [16-bit CRC]
(Aug 31 2011 15:36:58,  853007 sec) GetReceiverResponse( Return value: 21
(Aug 31 2011 15:36:58,  853007 sec) TxPacket()           NAK received - resending packet. [PktNum=0x01]
(Aug 31 2011 15:36:58,  853008 sec) TxPacket()           History of packet transmission failures: [01000001]  (0:xmit-ok, 1:xmit-failed).
(Aug 31 2011 15:36:58,  853008 sec) LogPacket()          0x02 0x01 0xfe  []   0x61 0x00
(Aug 31 2011 15:37:11,  853020 sec) GetReceiverResponse( Return value: 21
(Aug 31 2011 15:37:11,  853020 sec) TxPacket()           NAK received - resending packet. [PktNum=0x02]
(Aug 31 2011 15:37:11,  853021 sec) TxPacket()           History of packet transmission failures: [00000101]  (0:xmit-ok, 1:xmit-failed).
(Aug 31 2011 15:37:11,  853021 sec) LogPacket()          0x02 0x02 0xfd  []   0x21 0x32
(Aug 31 2011 15:37:26,  853035 sec) GetReceiverResponse( Return value: 21
(Aug 31 2011 15:37:26,  853035 sec) TxPacket()           NAK received - resending packet. [PktNum=0x03]
(Aug 31 2011 15:37:26,  853036 sec) TxPacket()           History of packet transmission failures: [00010101]  (0:xmit-ok, 1:xmit-failed).
(Aug 31 2011 15:37:26,  853036 sec) LogPacket()          0x02 0x03 0xfc  []   0x84 0xa4
(Aug 31 2011 15:37:31,  853040 sec) GetReceiverResponse( Return value: 21
(Aug 31 2011 15:37:31,  853040 sec) TxPacket()           NAK received - resending packet. [PktNum=0x03]
(Aug 31 2011 15:37:31,  853041 sec) TxPacket()           History of packet transmission failures: [00101011]  (0:xmit-ok, 1:xmit-failed).
(Aug 31 2011 15:37:31,  853041 sec) LogPacket()          0x02 0x03 0xfc  []   0x84 0xa4
(Aug 31 2011 15:38:26,  853095 sec) GetReceiverResponse( Return value: 21
(Aug 31 2011 15:38:26,  853095 sec) TxPacket()           NAK received - resending packet. [PktNum=0x0b]
(Aug 31 2011 15:38:26,  853096 sec) TxPacket()           History of packet transmission failures: [00000001]  (0:xmit-ok, 1:xmit-failed).
(Aug 31 2011 15:38:26,  853096 sec) LogPacket()          0x02 0x0b 0xf4  []   0x41 0xad
(Aug 31 2011 15:38:43,  853112 sec) GetReceiverResponse( Return value: 21
(Aug 31 2011 15:38:43,  853112 sec) TxPacket()           NAK received - resending packet. [PktNum=0x0d]
(Aug 31 2011 15:38:43,  853112 sec) TxPacket()           History of packet transmission failures: [00001001]  (0:xmit-ok, 1:xmit-failed).
(Aug 31 2011 15:38:43,  853113 sec) LogPacket()          0x02 0x0d 0xf2  []   0x5c 0xec
(Aug 31 2011 15:39:12,  853142 sec) GetReceiverResponse( Return value: 21
(Aug 31 2011 15:39:12,  853142 sec) TxPacket()           NAK received - resending packet. [PktNum=0x0f]
(Aug 31 2011 15:39:12,  853142 sec) TxPacket()           History of packet transmission failures: [01001001]  (0:xmit-ok, 1:xmit-failed).
(Aug 31 2011 15:39:12,  853142 sec) LogPacket()          0x02 0x0f 0xf0  []   0xbe 0xe6
(Aug 31 2011 15:39:23,  853152 sec) GetReceiverResponse( Return value: 21
(Aug 31 2011 15:39:23,  853152 sec) TxPacket()           NAK received - resending packet. [PktNum=0x10]
(Aug 31 2011 15:39:23,  853153 sec) TxPacket()           History of packet transmission failures: [00100101]  (0:xmit-ok, 1:xmit-failed).
(Aug 31 2011 15:39:23,  853153 sec) LogPacket()          0x02 0x10 0xef  []   0xfa 0xf3
(Aug 31 2011 15:39:36,  853165 sec) GetReceiverResponse( Return value: 21
(Aug 31 2011 15:39:36,  853165 sec) TxPacket()           NAK received - resending packet. [PktNum=0x11]
(Aug 31 2011 15:39:36,  853165 sec) TxPacket()           History of packet transmission failures: [10010101]  (0:xmit-ok, 1:xmit-failed).
(Aug 31 2011 15:39:36,  853166 sec) LogPacket()          0x02 0x11 0xee  []   0x2c 0xa5
(Aug 31 2011 15:39:54,  853183 sec) GetReceiverResponse( Return value: 21
(Aug 31 2011 15:39:54,  853183 sec) TxPacket()           NAK received - resending packet. [PktNum=0x13]
(Aug 31 2011 15:39:54,  853183 sec) TxPacket()           History of packet transmission failures: [10101001]  (0:xmit-ok, 1:xmit-failed).
(Aug 31 2011 15:39:54,  853184 sec) LogPacket()          0x02 0x13 0xec  []   0x89 0x61
(Aug 31 2011 15:40:04,  853193 sec) GetReceiverResponse( Return value: 21
(Aug 31 2011 15:40:04,  853193 sec) TxPacket()           NAK received - resending packet. [PktNum=0x14]
(Aug 31 2011 15:40:04,  853194 sec) TxPacket()           History of packet transmission failures: [10100101]  (0:xmit-ok, 1:xmit-failed).
(Aug 31 2011 15:40:04,  853194 sec) LogPacket()          0x02 0x14 0xeb  []   0x1d 0x6f
(Aug 31 2011 15:40:21,  853211 sec) GetReceiverResponse( Return value: 21
(Aug 31 2011 15:40:22,  853211 sec) TxPacket()           NAK received - resending packet. [PktNum=0x15]
(Aug 31 2011 15:40:22,  853211 sec) TxPacket()           History of packet transmission failures: [10010101]  (0:xmit-ok, 1:xmit-failed).
(Aug 31 2011 15:40:22,  853212 sec) LogPacket()          0x02 0x15 0xea  []   0xcb 0xf5
(Aug 31 2011 15:40:27,  853216 sec) GetReceiverResponse( Return value: 21
(Aug 31 2011 15:40:27,  853216 sec) TxPacket()           NAK received - resending packet. [PktNum=0x15]
(Aug 31 2011 15:40:27,  853217 sec) TxPacket()           History of packet transmission failures: [00101011]  (0:xmit-ok, 1:xmit-failed).
(Aug 31 2011 15:40:27,  853217 sec) LogPacket()          0x02 0x15 0xea  []   0xcb 0xf5
(Aug 31 2011 15:40:38,  853227 sec) Tx()                 Transmission completed successfully [21 packets, 18706 bytes, 227 sec, 86.8 bps]
(Aug 31 2011 15:40:38,  853227 sec) UpLoadFile()         Upload successful.
(Aug 31 2011 15:40:44,  853233 sec) UpLoad()             Files successfully uploaded: 2
(Aug 31 2011 15:40:44,  853234 sec) UpLoad()             Upload complete.
(Aug 31 2011 15:40:51,  853240 sec) chat()               Expected string [logout] not received.
(Aug 31 2011 15:40:51,  853240 sec) logout()             Attempt to log-out failed.
(Aug 31 2011 15:40:51,  853240 sec) logout()             No carrier detected.
(Aug 31 2011 15:40:51,  853241 sec) Telemetry()          Telemetry cycle complete: PrfId=9 ConnectionAttempts=3  Connections=2
(Aug 31 2011 15:40:51,  853241 sec) TelemetryTerminate() Parsing new mission configuration.
(Aug 31 2011 15:40:53,  853242 sec) configure()          Parsing configurators in "mission.cfg".
(Aug 31 2011 15:40:57,  853246 sec) configure()             TelemetryRetry(15)      [0x7BBC] [TelemetryRetry(15)].
(Aug 31 2011 15:40:57,  853246 sec) configure()          Configuration CRCs and syntax OK.
(Aug 31 2011 15:40:57,  853247 sec) ConfigSupervisor()   Sanity check violated: cfg->PressureCP >= 750
(Aug 31 2011 15:40:57,  853247 sec) ConfigSupervisor()   Sanity check violated: cfg->TimeUp >= cfg->TimeOutAscent + 2*Hour
(Aug 31 2011 15:40:57,  853247 sec) ConfigSupervisor()   Configuration accepted.
(Aug 31 2011 15:40:57,  853247 sec) TelemetryTerminate() Reconditioning the file system.
(Aug 31 2011 15:41:08,       6 sec) DescentInit()        Deep profile 10 initiated at mission-time 853252sec.
(Aug 31 2011 15:41:11,       8 sec) DescentInit()        Surface pressure: 3.7dbars.
(Aug 31 2011 15:41:16,      13 sec) PistonMoveAbsWTO()    227->073 226 225 224 223 222 221 220 219 218 217 216 215 214 213 212 211 210 209 208 207 206 205 204 203 202 201 200 199 198 197 196 195 194 193 192 191 190 189 188 187 186 185 184 183 182 181 180 179 178 177 176 175 174 173 172 171 170 169 168 167 166 165 164 163 162 161 160 159 158 157 156 155 154 153 152 151 150 149 148 147 146 145 144 143 142 141 140 139 138 137 136 135 134 133 132 131 130 129 128 127 126 125 124 123 122 121 120 119 118 117 116 115 114 113 112 111 110 109 108 107 106 105 104 103 102 101 100 099 098 097 096 095 094 093 092 091 090 089 088 087 086 085 084 083 082 081 080 079 078 077 076 075 074 073 [754sec, 14.4Volts, 0.125Amps, CPT:754sec]
(Aug 31 2011 15:54:00,     777 sec) Descent()            Pressure: 61.2
(Aug 31 2011 16:41:07,    3604 sec) Descent()            Pressure: 425.2
(Aug 31 2011 17:41:07,    7204 sec) Descent()            Pressure: 757.1
(Aug 31 2011 18:41:07,   10804 sec) Descent()            Pressure: 937.0
(Aug 31 2011 19:41:07,   14404 sec) Descent()            Pressure: 978.9
(Aug 31 2011 20:41:07,   18004 sec) Descent()            Pressure: 988.8
(Aug 31 2011 21:41:07,   21604 sec) Descent()            Pressure: 994.8
(Aug 31 2011 21:41:07,   21604 sec) ParkInit()           
(Sep 09 2011 23:41:32,  806429 sec) CtdPower()           [  998.78,  6.0021, 34.7378]
(Sep 09 2011 23:41:32,  806430 sec) CtdPower()           CTD Power consumption [186VCnt 12ACnt]: 14.418Volts * 0.048Amps = 0.70Watts.
(Sep 09 2011 23:41:33,  806430 sec) ParkTerminate()      Piston Position:73 Vacuum:83 Vq:196 Aq:6 Vsbe:186 Asbe:12
(Sep 09 2011 23:42:04,  806462 sec) ParkTerminate()      PTS: 998.8dbars 6.0017C 34.7383PSU
(Sep 09 2011 23:42:05,  806462 sec) GoDeepInit()         Moving piston.
(Sep 09 2011 23:42:05,  806462 sec) PistonMoveAbsWTO()    073->021 072 071 070 069 068 067 066 065 064 063 062 061 060 059 058 057 056 055 054 053 052 051 050 049 048 047 046 045 044 043 042 041 040 039 038 037 036 035 034 033 032 031 030 029 028 027 026 025 024 023 022 021 [256sec, 14.3Volts, 0.056Amps, CPT:1010sec]
(Sep 10 2011 05:41:07,  828004 sec) ProfileInit()        PrfId:010  Pressure:1997.9dbar  pTable[1]:1950dbar
(Sep 10 2011 05:41:10,  828007 sec) PistonMoveAbsWTO()    021->043 022 023 024 025 026 [30sec, 13.4Volts, 0.782Amps, CPT:1040sec]
(Sep 10 2011 05:41:50,  828047 sec) PistonMoveAbsWTO()    026->043 027 028 029 030 [30sec, 13.4Volts, 0.774Amps, CPT:1070sec]
(Sep 10 2011 05:42:30,  828087 sec) PistonMoveAbsWTO()    030->043 031 032 033 034 [30sec, 13.3Volts, 0.766Amps, CPT:1100sec]
(Sep 10 2011 05:43:10,  828127 sec) PistonMoveAbsWTO()    034->043 035 036 037 038 [30sec, 13.1Volts, 0.802Amps, CPT:1130sec]
(Sep 10 2011 05:43:50,  828167 sec) PistonMoveAbsWTO()    038->043 039 040 041 042 043 [29sec, 13.1Volts, 0.794Amps, CPT:1159sec]
(Sep 10 2011 05:50:32,  828569 sec) Profile()            Sample 0 initiated at 1950.5dbars for bin 1 [1950dbars].  PTS: 1947.4dbars 2.8450C 34.7400PSU
(Sep 10 2011 05:58:26,  829044 sec) Profile()            Sample 1 initiated at 1900.7dbars for bin 2 [1900dbars].  PTS: 1897.7dbars 2.9668C 34.7424PSU
(Sep 10 2011 06:06:41,  829539 sec) Profile()            Sample 2 initiated at 1850.2dbars for bin 3 [1850dbars].  PTS: 1847.4dbars 3.0878C 34.7444PSU
(Sep 10 2011 06:15:09,  830047 sec) Profile()            Sample 3 initiated at 1800.9dbars for bin 4 [1800dbars].  PTS: 1798.3dbars 3.1955C 34.7427PSU
(Sep 10 2011 06:24:57,  830635 sec) Profile()            Sample 4 initiated at 1750.4dbars for bin 5 [1750dbars].  PTS: 1748.1dbars 3.2913C 34.7431PSU
(Sep 10 2011 06:27:00,  830757 sec) AscentControlAgent() Bouyancy nudge to 53 (v=0.078dbar/sec).
(Sep 10 2011 06:27:01,  830758 sec) PistonMoveAbsWTO()    043->053 044 045 046 047 [30sec, 13.7Volts, 0.713Amps, CPT:1189sec]
(Sep 10 2011 06:27:41,  830798 sec) PistonMoveAbsWTO()    047->053 048 049 050 051 [30sec, 13.3Volts, 0.721Amps, CPT:1219sec]
(Sep 10 2011 06:28:21,  830838 sec) PistonMoveAbsWTO()    051->053 052 053 [9sec, 13.5Volts, 0.749Amps, CPT:1228sec]
(Sep 10 2011 06:33:44,  831162 sec) Profile()            Sample 5 initiated at 1701.0dbars for bin 6 [1700dbars].  PTS: 1698.1dbars 3.4045C 34.7397PSU
(Sep 10 2011 06:42:39,  831697 sec) Profile()            Sample 6 initiated at 1650.3dbars for bin 7 [1650dbars].  PTS: 1647.7dbars 3.5671C 34.7374PSU
(Sep 10 2011 06:51:57,  832255 sec) Profile()            Sample 7 initiated at 1601.0dbars for bin 8 [1600dbars].  PTS: 1598.5dbars 3.6768C 34.7366PSU
(Sep 10 2011 07:01:45,  832843 sec) Profile()            Sample 8 initiated at 1550.7dbars for bin 9 [1550dbars].  PTS: 1548.4dbars 3.8528C 34.7378PSU
(Sep 10 2011 07:08:01,  833218 sec) AscentControlAgent() Bouyancy nudge to 63 (v=0.078dbar/sec).
(Sep 10 2011 07:08:02,  833219 sec) PistonMoveAbsWTO()    053->063 054 055 056 057 [30sec, 13.8Volts, 0.649Amps, CPT:1258sec]
(Sep 10 2011 07:08:42,  833259 sec) PistonMoveAbsWTO()    057->063 058 059 060 061 062 [30sec, 13.6Volts, 0.701Amps, CPT:1288sec]
(Sep 10 2011 07:09:22,  833299 sec) PistonMoveAbsWTO()    062->063 063 [7sec, 13.6Volts, 0.625Amps, CPT:1295sec]
(Sep 10 2011 07:11:40,  833438 sec) Profile()            Sample 9 initiated at 1500.0dbars for bin 10 [1500dbars].  PTS: 1496.9dbars 3.9876C 34.7328PSU
(Sep 10 2011 07:19:49,  833926 sec) Profile()            Sample 10 initiated at 1451.0dbars for bin 11 [1450dbars].  PTS: 1448.4dbars 4.1805C 34.7391PSU
(Sep 10 2011 07:29:46,  834524 sec) Profile()            Sample 11 initiated at 1400.3dbars for bin 12 [1400dbars].  PTS: 1398.1dbars 4.3291C 34.7405PSU
(Sep 10 2011 07:33:19,  834736 sec) AscentControlAgent() Bouyancy nudge to 73 (v=0.077dbar/sec).
(Sep 10 2011 07:33:20,  834737 sec) PistonMoveAbsWTO()    063->073 064 065 066 067 [30sec, 13.8Volts, 0.604Amps, CPT:1325sec]
(Sep 10 2011 07:34:00,  834777 sec) PistonMoveAbsWTO()    067->073 068 069 070 071 072 [30sec, 13.6Volts, 0.576Amps, CPT:1355sec]
(Sep 10 2011 07:34:40,  834817 sec) PistonMoveAbsWTO()    072->073 073 [3sec, 13.8Volts, 0.588Amps, CPT:1358sec]
(Sep 10 2011 07:38:44,  835062 sec) Profile()            Sample 12 initiated at 1350.5dbars for bin 13 [1350dbars].  PTS: 1347.2dbars 4.5266C 34.7349PSU
(Sep 10 2011 07:46:12,  835510 sec) Profile()            Sample 13 initiated at 1300.0dbars for bin 14 [1300dbars].  PTS: 1296.8dbars 4.6838C 34.7351PSU
(Sep 10 2011 07:53:47,  835965 sec) Profile()            Sample 14 initiated at 1250.7dbars for bin 15 [1250dbars].  PTS: 1247.8dbars 4.8277C 34.7320PSU
(Sep 10 2011 08:02:45,  836503 sec) Profile()            Sample 15 initiated at 1200.7dbars for bin 16 [1200dbars].  PTS: 1198.4dbars 4.9569C 34.7237PSU
(Sep 10 2011 08:09:11,  836888 sec) AscentControlAgent() Bouyancy nudge to 83 (v=0.074dbar/sec).
(Sep 10 2011 08:09:12,  836889 sec) PistonMoveAbsWTO()    073->083 074 075 076 077 078 [30sec, 14.0Volts, 0.524Amps, CPT:1388sec]
(Sep 10 2011 08:09:53,  836930 sec) PistonMoveAbsWTO()    078->083 079 080 081 082 083 [30sec, 13.6Volts, 0.520Amps, CPT:1418sec]
(Sep 10 2011 08:13:05,  837122 sec) Profile()            Sample 16 initiated at 1150.1dbars for bin 17 [1150dbars].  PTS: 1147.2dbars 4.9738C 34.6892PSU
(Sep 10 2011 08:21:32,  837630 sec) Profile()            Sample 17 initiated at 1100.9dbars for bin 18 [1100dbars].  PTS: 1098.2dbars 5.3852C 34.7126PSU
(Sep 10 2011 08:31:00,  838198 sec) Profile()            Sample 18 initiated at 1050.4dbars for bin 19 [1050dbars].  PTS: 1048.0dbars 5.5737C 34.7110PSU
(Sep 10 2011 08:40:59,  838796 sec) Profile()            Sample 19 initiated at 1000.5dbars for bin 20 [1000dbars].  PTS: 998.2dbars 5.9596C 34.7430PSU
(Sep 10 2011 08:44:41,  839018 sec) AscentControlAgent() Bouyancy nudge to 93 (v=0.078dbar/sec).
(Sep 10 2011 08:44:42,  839019 sec) PistonMoveAbsWTO()    083->093 084 085 086 087 088 [30sec, 14.0Volts, 0.439Amps, CPT:1448sec]
(Sep 10 2011 08:45:23,  839060 sec) PistonMoveAbsWTO()    088->093 089 090 091 092 093 [27sec, 13.8Volts, 0.463Amps, CPT:1475sec]
(Sep 10 2011 08:50:11,  839349 sec) Profile()            Sample 20 initiated at 950.0dbars for bin 21 [950dbars].  PTS: 947.0dbars 6.1836C 34.7466PSU
(Sep 10 2011 08:58:39,  839857 sec) Profile()            Sample 21 initiated at 900.5dbars for bin 22 [900dbars].  PTS: 898.0dbars 6.4376C 34.7480PSU
(Sep 10 2011 09:08:37,  840455 sec) Profile()            Sample 22 initiated at 850.9dbars for bin 23 [850dbars].  PTS: 848.6dbars 6.7404C 34.7672PSU
(Sep 10 2011 09:18:55,  841073 sec) Profile()            Sample 23 initiated at 800.8dbars for bin 24 [800dbars].  PTS: 798.5dbars 6.9754C 34.7547PSU
(Sep 10 2011 09:25:41,  841478 sec) AscentControlAgent() Bouyancy nudge to 103 (v=0.077dbar/sec).
(Sep 10 2011 09:25:42,  841479 sec) PistonMoveAbsWTO()    093->103 094 095 096 097 098 [30sec, 14.0Volts, 0.395Amps, CPT:1505sec]
(Sep 10 2011 09:26:23,  841520 sec) PistonMoveAbsWTO()    098->103 099 100 101 102 103 [25sec, 14.0Volts, 0.399Amps, CPT:1530sec]
(Sep 10 2011 09:28:59,  841677 sec) Profile()            Sample 24 initiated at 750.2dbars for bin 25 [750dbars].  PTS: 747.2dbars 7.1997C 34.7508PSU
(Sep 10 2011 09:37:47,  842205 sec) Profile()            Sample 25 initiated at 700.3dbars for bin 26 [700dbars].  PTS: 697.9dbars 7.4989C 34.7500PSU
(Sep 10 2011 09:45:53,  842690 sec) AscentControlAgent() Bouyancy nudge to 113 (v=0.074dbar/sec).
(Sep 10 2011 09:45:54,  842691 sec) PistonMoveAbsWTO()    103->113 104 105 106 107 108 [30sec, 14.1Volts, 0.355Amps, CPT:1560sec]
(Sep 10 2011 09:46:35,  842732 sec) PistonMoveAbsWTO()    108->113 109 110 111 112 113 [25sec, 14.0Volts, 0.314Amps, CPT:1585sec]
(Sep 10 2011 09:48:11,  842829 sec) Profile()            Sample 26 initiated at 650.6dbars for bin 27 [650dbars].  PTS: 647.8dbars 7.8839C 34.7515PSU
(Sep 10 2011 09:56:49,  843347 sec) Profile()            Sample 27 initiated at 600.3dbars for bin 28 [600dbars].  PTS: 597.7dbars 8.2371C 34.7328PSU
(Sep 10 2011 10:05:14,  843852 sec) Profile()            Sample 28 initiated at 550.9dbars for bin 29 [550dbars].  PTS: 548.0dbars 8.5929C 34.7293PSU
(Sep 10 2011 10:14:02,  844380 sec) Profile()            Sample 29 initiated at 500.3dbars for bin 30 [500dbars].  PTS: 498.0dbars 9.0774C 34.7579PSU
(Sep 10 2011 10:21:18,  844815 sec) AscentControlAgent() Bouyancy nudge to 123 (v=0.068dbar/sec).
(Sep 10 2011 10:21:19,  844816 sec) PistonMoveAbsWTO()    113->123 114 115 116 117 118 [30sec, 14.2Volts, 0.270Amps, CPT:1615sec]
(Sep 10 2011 10:22:00,  844857 sec) PistonMoveAbsWTO()    118->123 119 120 121 122 123 [25sec, 14.1Volts, 0.286Amps, CPT:1640sec]
(Sep 10 2011 10:24:56,  845034 sec) Profile()            Sample 30 initiated at 450.3dbars for bin 31 [450dbars].  PTS: 447.6dbars 9.6508C 34.7907PSU
(Sep 10 2011 10:34:24,  845602 sec) Profile()            Sample 31 initiated at 400.8dbars for bin 32 [400dbars].  PTS: 398.3dbars 10.3659C 34.8375PSU
(Sep 10 2011 10:38:09,  845827 sec) Profile()            Sample 32 initiated at 380.5dbars for bin 33 [380dbars].  PTS: 377.7dbars 10.7012C 34.8604PSU
(Sep 10 2011 10:41:31,  846029 sec) Profile()            Sample 33 initiated at 360.3dbars for bin 34 [360dbars].  PTS: 357.4dbars 11.0091C 34.8828PSU
(Sep 10 2011 10:43:06,  846124 sec) Profile()            Sample 34 initiated at 350.4dbars for bin 35 [350dbars].  PTS: 347.4dbars 11.0983C 34.8928PSU
(Sep 10 2011 10:44:38,  846216 sec) Profile()            Sample 35 initiated at 340.8dbars for bin 36 [340dbars].  PTS: 337.8dbars 11.1863C 34.8965PSU
(Sep 10 2011 10:46:20,  846318 sec) Profile()            Sample 36 initiated at 330.5dbars for bin 37 [330dbars].  PTS: 327.8dbars 11.3189C 34.9087PSU
(Sep 10 2011 10:48:05,  846423 sec) Profile()            Sample 37 initiated at 320.6dbars for bin 38 [320dbars].  PTS: 318.1dbars 11.4467C 34.9177PSU
(Sep 10 2011 10:49:57,  846535 sec) Profile()            Sample 38 initiated at 311.0dbars for bin 39 [310dbars].  PTS: 308.7dbars 11.5796C 34.9319PSU
(Sep 10 2011 10:52:09,  846667 sec) Profile()            Sample 39 initiated at 300.9dbars for bin 40 [300dbars].  PTS: 298.9dbars 11.8629C 34.9383PSU
(Sep 10 2011 10:54:44,  846822 sec) Profile()            Sample 40 initiated at 290.8dbars for bin 41 [290dbars].  PTS: 289.0dbars 11.8762C 34.9040PSU
(Sep 10 2011 10:57:36,  846994 sec) Profile()            Sample 41 initiated at 280.8dbars for bin 42 [280dbars].  PTS: 279.3dbars 12.0598C 34.9048PSU
(Sep 10 2011 10:57:39,  846996 sec) AscentControlAgent() Bouyancy nudge to 133 (v=0.060dbar/sec).
(Sep 10 2011 10:57:40,  846997 sec) PistonMoveAbsWTO()    123->133 124 125 126 127 128 [30sec, 14.3Volts, 0.230Amps, CPT:1670sec]
(Sep 10 2011 10:58:21,  847038 sec) PistonMoveAbsWTO()    128->133 129 130 131 132 133 [22sec, 14.2Volts, 0.234Amps, CPT:1692sec]
(Sep 10 2011 10:59:55,  847133 sec) Profile()            Sample 42 initiated at 270.6dbars for bin 43 [270dbars].  PTS: 267.9dbars 12.5332C 34.9691PSU
(Sep 10 2011 11:01:37,  847235 sec) Profile()            Sample 43 initiated at 260.8dbars for bin 44 [260dbars].  PTS: 258.2dbars 12.6970C 34.9694PSU
(Sep 10 2011 11:03:22,  847340 sec) Profile()            Sample 44 initiated at 251.0dbars for bin 45 [250dbars].  PTS: 248.3dbars 12.8098C 34.9899PSU
(Sep 10 2011 11:05:14,  847452 sec) Profile()            Sample 45 initiated at 240.7dbars for bin 46 [240dbars].  PTS: 238.1dbars 13.2018C 35.0340PSU
(Sep 10 2011 11:07:06,  847564 sec) Profile()            Sample 46 initiated at 230.6dbars for bin 47 [230dbars].  PTS: 228.1dbars 13.3437C 35.0410PSU
(Sep 10 2011 11:09:01,  847679 sec) Profile()            Sample 47 initiated at 220.4dbars for bin 48 [220dbars].  PTS: 217.9dbars 13.3375C 34.9909PSU
(Sep 10 2011 11:10:53,  847791 sec) Profile()            Sample 48 initiated at 210.6dbars for bin 49 [210dbars].  PTS: 208.1dbars 13.3565C 34.9370PSU
(Sep 10 2011 11:12:45,  847903 sec) Profile()            Sample 49 initiated at 200.9dbars for bin 50 [200dbars].  PTS: 198.6dbars 13.6904C 34.9406PSU
(Sep 10 2011 11:14:16,  847993 sec) Sbe41cpStartCP()     Continuous profile started.
(Sep 10 2011 11:19:23,  848300 sec) AscentControlAgent() Bouyancy nudge to 143 (v=0.071dbar/sec).
(Sep 10 2011 11:19:23,  848300 sec) PistonMoveAbsWTO()    133->143 134 135 136 137 138 [30sec, 14.2Volts, 0.226Amps, CPT:1722sec]
(Sep 10 2011 11:20:03,  848340 sec) PistonMoveAbsWTO()    138->143 139 140 141 142 143 [23sec, 14.1Volts, 0.226Amps, CPT:1745sec]
(Sep 10 2011 11:35:41,  849278 sec) AscentControlAgent() Bouyancy nudge to 153 (v=0.053dbar/sec).
(Sep 10 2011 11:35:41,  849279 sec) PistonMoveAbsWTO()    143->153 144 145 146 147 148 [30sec, 14.3Volts, 0.205Amps, CPT:1775sec]
(Sep 10 2011 11:36:21,  849318 sec) PistonMoveAbsWTO()    149->153 150 151 152 153 [21sec, 14.2Volts, 0.201Amps, CPT:1796sec]
(Sep 10 2011 11:46:53,  849950 sec) AscentControlAgent() Bouyancy nudge to 163 (v=0.021dbar/sec).
(Sep 10 2011 11:46:53,  849950 sec) PistonMoveAbsWTO()    153->163 154 155 156 157 158 [30sec, 14.3Volts, 0.193Amps, CPT:1826sec]
(Sep 10 2011 11:47:33,  849990 sec) PistonMoveAbsWTO()    158->163 159 160 161 162 163 [22sec, 14.2Volts, 0.197Amps, CPT:1848sec]
(Sep 10 2011 11:53:00,  850317 sec) AscentControlAgent() Bouyancy nudge to 173 (v=-0.001dbar/sec).
(Sep 10 2011 11:53:00,  850317 sec) PistonMoveAbsWTO()    163->173 164 165 166 167 168 169 [30sec, 14.3Volts, 0.193Amps, CPT:1878sec]
(Sep 10 2011 11:53:40,  850357 sec) PistonMoveAbsWTO()    169->173 170 171 172 173 [21sec, 14.2Volts, 0.193Amps, CPT:1899sec]
(Sep 10 2011 11:59:07,  850684 sec) AscentControlAgent() Bouyancy nudge to 183 (v=0.004dbar/sec).
(Sep 10 2011 11:59:07,  850684 sec) PistonMoveAbsWTO()    173->183 174 175 176 177 178 179 [30sec, 14.3Volts, 0.197Amps, CPT:1929sec]
(Sep 10 2011 11:59:47,  850724 sec) PistonMoveAbsWTO()    179->183 180 181 182 183 [21sec, 14.2Volts, 0.193Amps, CPT:1950sec]


(Sep 10 2011 12:05:14) LogSize()            Log file is 38922 bytes.  Limit is 40960 bytes.

(Sep 10 2011 12:05:14,  851051 sec) AscentControlAgent() Bouyancy nudge to 193 (v=0.012dbar/sec).
(Sep 10 2011 12:05:14,  851052 sec) PistonMoveAbsWTO()    183->193 184 185 186 187 188 189 [30sec, 14.3Volts, 0.189Amps, CPT:1980sec]
(Sep 10 2011 12:05:55,  851092 sec) PistonMoveAbsWTO()    189->193 190 191 192 193 [20sec, 14.3Volts, 0.197Amps, CPT:2000sec]
(Sep 10 2011 12:10:17,  851354 sec) AscentControlAgent() Bouyancy nudge to 203 (v=0.071dbar/sec).
(Sep 10 2011 12:10:17,  851354 sec) PistonMoveAbsWTO()    193->203 194 195 196 197 198 [30sec, 14.3Volts, 0.189Amps, CPT:2030sec]
(Sep 10 2011 12:10:57,  851394 sec) PistonMoveAbsWTO()    199->203 200 201 202 203 [21sec, 14.3Volts, 0.185Amps, CPT:2051sec]
(Sep 10 2011 12:14:01,  851578 sec) SurfaceDetect()      SurfacePressure:3.7dbars Pressure:7.2dbars PistonPosition:203
(Sep 10 2011 12:14:02,  851579 sec) Sbe41cpStopCP()      Continuous profile stopped.
(Sep 10 2011 12:14:08,  851586 sec) PistonMoveAbsWTO()    203->227 204 205 206 207 208 209 210 211 212 213 214 215 216 217 218 219 220 221 222 223 224 225 226 227 [119sec, 14.3Volts, 0.161Amps, CPT:2170sec]
(Sep 10 2011 12:18:08,  851825 sec) Sbe41cpBinAverage()  Finished averaging 3606 samples in 110 seconds.
(Sep 10 2011 12:18:13,  851830 sec) Sbe41cpUploadCP()    Sbe41cpSerNo[2279] NSample[3606] NBin[97]
(Sep 10 2011 12:18:40,  851857 sec) Sbe41cpUploadCP()    Continuous profile uploaded [97 lines].

<EOT>
