(Jun 13 2011 07:23:36,     119 sec) AirSystem()          Battery [188cnt, 14.6V]  Current [78cnt, 31.4mA]  Barometer [127cnt, 6.8"Hg]  Run-Time [39s]
(Jun 13 2011 07:24:07,     150 sec) GpsServices()        GPS almanac is current.
(Jun 13 2011 07:24:07,     150 sec) GpsServices()        Initiating GPS fix acquisition.
(Jun 13 2011 07:24:24,     167 sec) gga()                $GPGGA,072417,1100.6242,S,08027.0036,E,0,00,,,M,,M,,*4D
(Jun 13 2011 07:24:49,     192 sec) gga()                $GPGGA,072420,1058.9283,S,08027.2347,E,1,06,1.8,12.0,M,-71.1,M,,*49
(Jun 13 2011 07:24:50,     193 sec) GpsServices()        Profile 0 GPS fix obtained in 42 seconds.
(Jun 13 2011 07:24:50,     193 sec) GpsServices()                  lon     lat mm/dd/yyyy hhmmss nsat
(Jun 13 2011 07:24:51,     194 sec) GpsServices()        Fix:   80.454 -10.982 06/13/2011 072420    6
(Jun 13 2011 07:25:16,     219 sec) gga()                $GPGGA,072450,1058.9392,S,08027.2700,E,1,06,1.8,4.5,M,-71.1,M,,*7A
(Jun 13 2011 07:25:22,     225 sec) gga()                $GPGGA,072520,1058.9697,S,08027.2943,E,1,08,1.2,5.7,M,-71.1,M,,*72
(Jun 13 2011 07:25:22,     225 sec) GpsServices()        APF9 RTC skew (2s) OK.
(Jun 13 2011 07:25:32,     235 sec) LogNmeaSentences()   $GPRMC,072530,A,1058.9810,S,08027.3030,E,005.4,146.1,130611,008.3,W*77
(Jun 13 2011 07:25:32,     235 sec) LogNmeaSentences()   $GPGGA,072530,1058.9810,S,08027.3030,E,1,08,1.2,5.5,M,-71.1,M,,*7C
(Jun 13 2011 07:25:33,     236 sec) LogNmeaSentences()   $GPGSA,A,3,03,,11,,,19,20,23,24,28,32,,2.1,1.2,1.7*31
(Jun 13 2011 07:25:34,     237 sec) LogNmeaSentences()   $GPGSV,3,3,11,24,35,204,47,28,13,226,41,32,78,213,49*44
(Jun 13 2011 07:25:34,     237 sec) LogNmeaSentences()   $PGRME,5.4,M,8.1,M,9.8,M*27
(Jun 13 2011 07:25:35,     238 sec) LogNmeaSentences()   $PGRMB,0.0,200,,,,K,,N,N*31
(Jun 13 2011 07:25:35,     238 sec) LogNmeaSentences()   $PGRMM,WGS 84*06
(Jun 13 2011 07:25:42,     245 sec) LogNmeaSentences()   $GPRMC,072540,A,1058.9937,S,08027.3069,E,004.8,172.0,130611,008.3,W*73
(Jun 13 2011 07:25:43,     245 sec) LogNmeaSentences()   $GPGGA,072540,1058.9937,S,08027.3069,E,1,08,1.2,5.1,M,-71.1,M,,*77
(Jun 13 2011 07:25:43,     246 sec) LogNmeaSentences()   $GPGSA,A,3,03,,11,,,19,20,23,24,28,32,,2.1,1.2,1.7*31
(Jun 13 2011 07:25:44,     247 sec) LogNmeaSentences()   $GPGSV,3,1,11,03,44,065,48,06,28,060,38,11,39,187,46,14,05,130,00*72
(Jun 13 2011 07:25:44,     247 sec) LogNmeaSentences()   $PGRME,5.4,M,8.1,M,9.8,M*27
(Jun 13 2011 07:25:45,     248 sec) LogNmeaSentences()   $PGRMB,0.0,200,,,,K,,N,N*31
(Jun 13 2011 07:25:45,     248 sec) LogNmeaSentences()   $PGRMM,WGS 84*06
(Jun 13 2011 07:25:52,     255 sec) LogNmeaSentences()   $GPRMC,072550,A,1059.0070,S,08027.3067,E,004.2,178.3,130611,008.3,W*7D
(Jun 13 2011 07:25:52,     255 sec) LogNmeaSentences()   $GPGGA,072550,1059.0070,S,08027.3067,E,1,08,1.2,7.5,M,-71.1,M,,*7C
(Jun 13 2011 07:25:53,     256 sec) LogNmeaSentences()   $GPGSA,A,3,03,,11,,,19,20,23,24,28,32,,2.1,1.2,1.7*31
(Jun 13 2011 07:25:54,     257 sec) LogNmeaSentences()   $GPGSV,3,2,11,16,14,019,00,19,56,115,48,20,61,282,48,23,27,000,41*70
(Jun 13 2011 07:25:54,     257 sec) LogNmeaSentences()   $PGRME,5.4,M,8.1,M,9.8,M*27
(Jun 13 2011 07:25:55,     258 sec) LogNmeaSentences()   $PGRMB,0.0,200,,,,K,,N,N*31
(Jun 13 2011 07:25:55,     258 sec) LogNmeaSentences()   $PGRMM,WGS 84*06
(Jun 13 2011 07:26:02,     265 sec) LogNmeaSentences()   $GPRMC,072600,A,1059.0196,S,08027.3087,E,004.5,169.8,130611,008.3,W*70
(Jun 13 2011 07:26:02,     265 sec) LogNmeaSentences()   $GPGGA,072600,1059.0196,S,08027.3087,E,1,08,1.2,6.0,M,-71.1,M,,*79
(Jun 13 2011 07:26:03,     266 sec) LogNmeaSentences()   $GPGSA,A,3,03,,11,,,19,20,23,24,28,32,,2.1,1.2,1.7*31
(Jun 13 2011 07:26:04,     267 sec) LogNmeaSentences()   $GPGSV,3,3,11,24,35,203,47,28,13,226,42,32,78,213,49*40
(Jun 13 2011 07:26:04,     267 sec) LogNmeaSentences()   $PGRME,5.6,M,8.3,M,10.0,M*17
(Jun 13 2011 07:26:05,     268 sec) LogNmeaSentences()   $PGRMB,0.0,200,,,,K,,N,N*31
(Jun 13 2011 07:26:05,     268 sec) LogNmeaSentences()   $PGRMM,WGS 84*06
(Jun 13 2011 07:26:12,     275 sec) LogNmeaSentences()   $GPRMC,072610,A,1059.0334,S,08027.3112,E,004.7,166.8,130611,008.3,W*7B
(Jun 13 2011 07:26:12,     275 sec) LogNmeaSentences()   $GPGGA,072610,1059.0334,S,08027.3112,E,1,08,1.2,8.7,M,-71.1,M,,*76
(Jun 13 2011 07:26:13,     276 sec) LogNmeaSentences()   $GPGSA,A,3,03,,11,,,19,20,23,24,28,32,,2.1,1.2,1.7*31
(Jun 13 2011 07:26:14,     277 sec) LogNmeaSentences()   $GPGSV,3,1,11,03,44,065,47,06,28,060,38,11,39,187,47,14,05,130,00*7C
(Jun 13 2011 07:26:14,     277 sec) LogNmeaSentences()   $PGRME,5.4,M,8.1,M,9.8,M*27
(Jun 13 2011 07:26:15,     278 sec) LogNmeaSentences()   $PGRMB,0.0,200,,,,K,,N,N*31
(Jun 13 2011 07:26:15,     278 sec) LogNmeaSentences()   $PGRMM,WGS 84*06
(Jun 13 2011 07:26:22,     285 sec) LogNmeaSentences()   $GPRMC,072620,A,1059.0481,S,08027.3147,E,005.0,160.4,130611,008.3,W*7D
(Jun 13 2011 07:26:23,     285 sec) LogNmeaSentences()   $GPGGA,072620,1059.0481,S,08027.3147,E,1,08,1.2,6.2,M,-71.1,M,,*77
(Jun 13 2011 07:26:23,     286 sec) LogNmeaSentences()   $GPGSA,A,3,03,,11,,,19,20,23,24,28,32,,2.1,1.2,1.7*31
(Jun 13 2011 07:26:24,     287 sec) LogNmeaSentences()   $GPGSV,3,2,11,16,14,019,00,19,56,115,47,20,61,282,48,23,27,000,40*7E
(Jun 13 2011 07:26:24,     287 sec) LogNmeaSentences()   $PGRME,5.4,M,8.1,M,9.8,M*27
(Jun 13 2011 07:26:25,     288 sec) LogNmeaSentences()   $PGRMT,GPS 15-L Ver. 4.40,P,P,R,R,P,,,R,P*7E
(Jun 13 2011 07:26:25,     288 sec) GpsServices()        GPS services complete.
(Jun 13 2011 07:26:50,     313 sec) CLogin()             Connecting to primary host.
(Jun 13 2011 07:27:11,     334 sec) CLogin()             Connection 1 established in 21 seconds.
(Jun 13 2011 07:27:20,     342 sec) login()              Login successful.
(Jun 13 2011 07:27:23,     346 sec) CLogin()             Logged in to host.  [Login required 12 seconds]
(Jun 13 2011 07:27:32,     355 sec) RxConfig()           Downloading "mission.cfg" from host.
(Jun 13 2011 07:27:34,     357 sec) Rx()                 Initiating transfer. [0x43]
(Jun 13 2011 07:27:40,     363 sec) Rx()                 Pad character [0x1a] found in ascii mode - truncating packet.
(Jun 13 2011 07:27:45,     367 sec) Rx()                 Received EOT - transfer complete. [1 packets, 1024 bytes, 11 sec, 93.1 bps]
(Jun 13 2011 07:27:45,     368 sec) RxConfig()           Download successful.
(Jun 13 2011 07:27:51,     374 sec) RxConfig()           Attempt to delete "mission.cfg" failed [errno=2].
(Jun 13 2011 07:28:05,     388 sec) WriteVitals()        Writing vitals to "6856.1106130721".
(Jun 13 2011 07:28:09,     392 sec) UpLoadFile()         Uploading "6856.000.log" to host as "6856.000.log".
(Jun 13 2011 07:28:11,     393 sec) Tx()                 CRC negotiation successful. [16-bit CRC]
(Jun 13 2011 07:28:42,     425 sec) Tx()                 Transmission completed successfully [5 packets, 4674 bytes, 30 sec, 170.7 bps]
(Jun 13 2011 07:28:42,     425 sec) UpLoadFile()         Upload successful.
(Jun 13 2011 07:28:46,     429 sec) UpLoadFile()         Uploading "6856.1106130721" to host as "6856.1106130721".
(Jun 13 2011 07:28:48,     431 sec) Tx()                 CRC negotiation successful. [16-bit CRC]
(Jun 13 2011 07:28:58,     441 sec) Tx()                 Transmission completed successfully [1 packets, 688 bytes, 9 sec, 113.8 bps]
(Jun 13 2011 07:28:58,     441 sec) UpLoadFile()         Upload successful.
(Jun 13 2011 07:29:05,     448 sec) UpLoad()             Files successfully uploaded: 2
(Jun 13 2011 07:29:05,     448 sec) UpLoad()             Upload complete.
(Jun 13 2011 07:29:09,     452 sec) logout()             Log-out successful.
(Jun 13 2011 07:29:10,     453 sec) Telemetry()          Telemetry cycle complete: PrfId=0 ConnectionAttempts=1  Connections=1
(Jun 13 2011 07:29:12,     455 sec) configure()          Parsing configurators in "mission.cfg".
(Jun 13 2011 07:29:17,     460 sec) configure()             TelemetryRetry(15)      [0x7BBC] [TelemetryRetry(15)].
(Jun 13 2011 07:29:17,     460 sec) configure()          Configuration CRCs and syntax OK.
(Jun 13 2011 07:29:17,     460 sec) ConfigSupervisor()   Sanity check violated: cfg->PressureCP >= 750
(Jun 13 2011 07:29:18,     461 sec) ConfigSupervisor()   Sanity check violated: cfg->TimeUp >= cfg->TimeOutAscent + 2*Hour
(Jun 13 2011 07:29:18,     461 sec) ConfigSupervisor()   Configuration accepted.
(Jun 13 2011 07:29:22,     465 sec) Apf9Init()           Asynchronous wake-up detected (ie., wake-up not initiated by alarm signal).
(Jun 13 2011 07:29:22,     465 sec) Prelude()            Logging configuration and initiating telemetry.
(Jun 13 2011 07:29:23,     465 sec) LogConfiguration()   Mission configuration for Apf9i FwRev 101207:
(Jun 13 2011 07:29:23,     466 sec) LogConfiguration()      AscentTimeOut(540) [min]
(Jun 13 2011 07:29:23,     466 sec) LogConfiguration()      AtDialCmd(AT+CBST=71,0,1;DT0088160000573) [primary]
(Jun 13 2011 07:29:23,     466 sec) LogConfiguration()      AtDialCmd(AT+CBST=7,0,1;DT0013016366303) [alternate]
(Jun 13 2011 07:29:23,     466 sec) LogConfiguration()      BuoyancyNudge(10) [count]
(Jun 13 2011 07:29:23,     466 sec) LogConfiguration()      BuoyancyNudgeInitial(22) [count]
(Jun 13 2011 07:29:23,     466 sec) LogConfiguration()      ConnectTimeOut(60) [sec]
(Jun 13 2011 07:29:23,     466 sec) LogConfiguration()      CpActivationP(200) [dbar]
(Jun 13 2011 07:29:23,     466 sec) LogConfiguration()      DeepProfileDescentTime(360) [min]
(Jun 13 2011 07:29:23,     466 sec) LogConfiguration()      DeepProfilePistonPos(16) [count]
(Jun 13 2011 07:29:24,     466 sec) LogConfiguration()      DeepProfilePressure(2000) [dbar]
(Jun 13 2011 07:29:24,     467 sec) LogConfiguration()      DownTime(13800) [min]
(Jun 13 2011 07:29:24,     467 sec) LogConfiguration()      FloatId(6856)
(Jun 13 2011 07:29:24,     467 sec) LogConfiguration()      FullExtension(227) [count]
(Jun 13 2011 07:29:24,     467 sec) LogConfiguration()      FullRetraction(9) [count]
(Jun 13 2011 07:29:24,     467 sec) LogConfiguration()      MaxAirBladder(124) [count]
(Jun 13 2011 07:29:24,     467 sec) LogConfiguration()      MaxLogKb(40) [KByte]
(Jun 13 2011 07:29:24,     467 sec) LogConfiguration()      MissionPrelude(360) [min]
(Jun 13 2011 07:29:24,     467 sec) LogConfiguration()      OkVacuum(96) [count]
(Jun 13 2011 07:29:24,     467 sec) LogConfiguration()      ParkDescentTime(360) [min]
(Jun 13 2011 07:29:25,     467 sec) LogConfiguration()      ParkPistonPos(66) [count]
(Jun 13 2011 07:29:25,     468 sec) LogConfiguration()      ParkPressure(1000) [dbar]
(Jun 13 2011 07:29:25,     468 sec) LogConfiguration()      PnPCycleLen(1)
(Jun 13 2011 07:29:25,     468 sec) LogConfiguration()      Pwd(0x2c14)
(Jun 13 2011 07:29:25,     468 sec) LogConfiguration()      TelemetryRetry(15) [min]
(Jun 13 2011 07:29:25,     468 sec) LogConfiguration()      TimeOfDay(DISABLED) [min]
(Jun 13 2011 07:29:25,     468 sec) LogConfiguration()      UpTime(600) [min]
(Jun 13 2011 07:29:25,     468 sec) LogConfiguration()      User(f6856)
(Jun 13 2011 07:29:25,     468 sec) LogConfiguration()      Verbosity(2)
(Jun 13 2011 07:29:25,     468 sec) LogConfiguration()      DebugBits(0x0002)

<EOT>
