(May 19 2017 18:03:07,  415534 sec) TelemetryInit()      Profile 31. (Apf9i FwRev: 061016)
(May 19 2017 18:09:56,  415943 sec) AirSystem()          Battery [189cnt, 14.7V]  Current [66cnt, 265.9mA]  Barometer [126cnt, 6.5"Hg]  Run-Time [45s]
(May 19 2017 18:10:42,  415988 sec) GetSurfaceObs()      P/O2,T2,TPhase,RPhase,RawTemp/FSig,BbSig,TSig: -0.1dbars / 217.4uM 30.363C 29.398 8.780 -234.678 / 58,161,525
(May 19 2017 18:10:47,  415994 sec) GpsServices()        GPS almanac is current.
(May 19 2017 18:10:47,  415994 sec) GpsServices()        Initiating GPS fix acquisition.
(May 19 2017 18:11:02,  416009 sec) gga()                $GPGGA,181020,1651.8012,N,08924.1433,E,0,00,,,M,,M,,*5D
(May 19 2017 18:11:18,  416025 sec) gga()                $GPGGA,181040,1651.8012,N,08924.1433,E,0,00,,,M,,M,,*5B
(May 19 2017 18:11:29,  416036 sec) gga()                $GPGGA,181050,1651.8012,N,08924.1433,E,0,00,,,M,,M,,*5A
(May 19 2017 18:12:12,  416079 sec) gga()                $GPGGA,181100,1648.0173,N,08931.0061,E,1,07,1.0,11.6,M,-68.0,M,,*52
(May 19 2017 18:12:12,  416079 sec) GpsServices()        Profile 31 GPS fix obtained in 84 seconds.
(May 19 2017 18:12:12,  416079 sec) GpsServices()                  lon     lat mm/dd/yyyy hhmmss nsat
(May 19 2017 18:12:13,  416079 sec) GpsServices()        Fix:   89.517  16.800 05/19/2017 181100    7
(May 19 2017 18:13:00,  416127 sec) gga()                $GPGGA,181150,1647.9975,N,08931.0077,E,1,09,0.9,3.6,M,-68.0,M,,*6D
(May 19 2017 18:13:07,  416134 sec) gga()                $GPGGA,181240,1647.9784,N,08931.0092,E,1,10,0.8,5.2,M,-68.0,M,,*6F
(May 19 2017 18:13:08,  416135 sec) GpsServices()        APF9 RTC skew (28s) OK.
(May 19 2017 18:13:08,  416135 sec) GpsServices()        GPS services complete.
(May 19 2017 18:13:41,  416168 sec) CLogin()             Connecting to primary host.
(May 19 2017 18:13:55,  416182 sec) CLogin()             Connection 1 established in 14 seconds.
(May 19 2017 18:14:07,  416194 sec) login()              Login successful.
(May 19 2017 18:14:10,  416197 sec) CLogin()             Logged in to host.  [Login required 15 seconds]
(May 19 2017 18:14:23,  416209 sec) RxConfig()           Downloading "mission.cfg" from host.
(May 19 2017 18:14:25,  416212 sec) Rx()                 Initiating transfer. [0x43]
(May 19 2017 18:14:32,  416218 sec) Rx()                 Pad character [0x1a] found in ascii mode - truncating packet.
(May 19 2017 18:14:36,  416222 sec) Rx()                 Received EOT - transfer complete. [1 packets, 1024 bytes, 11 sec, 93.1 bps]
(May 19 2017 18:14:36,  416223 sec) RxConfig()           Download successful.
(May 19 2017 18:14:59,  416246 sec) WriteVitals()        Writing vitals to "7825.031.msg".
(May 19 2017 18:15:09,  416256 sec) UpLoadFile()         Uploading "7825.031.msg" to host as "7825.031.msg".
(May 19 2017 18:15:12,  416259 sec) Tx()                 CRC negotiation successful. [16-bit CRC]
(May 19 2017 18:15:16,  416263 sec) TxPacket()           Invalid response [0x20] - resending packet. [PktNum=0x01]
(May 19 2017 18:15:17,  416263 sec) TxPacket()           Packet xmit history: [01110001] (0:ok, 1:fail).
(May 19 2017 18:15:18,  416265 sec) TxPacket()           Invalid response [0x43] - resending packet. [PktNum=0x01]
(May 19 2017 18:15:18,  416265 sec) TxPacket()           Packet xmit history: [11100011] (0:ok, 1:fail).
(May 19 2017 18:15:27,  416274 sec) TxPacket()           NAK received - resending packet. [PktNum=0x02]
(May 19 2017 18:15:27,  416274 sec) TxPacket()           Packet xmit history: [10001101] (0:ok, 1:fail).
(May 19 2017 18:17:13,  416380 sec) Tx()                 Transmission completed successfully [18 packets, 17152 bytes, 119 sec, 147.4 bps]
(May 19 2017 18:17:14,  416380 sec) UpLoadFile()         Upload successful.
(May 19 2017 18:17:25,  416392 sec) UpLoadFile()         Uploading "7825.031.log" to host as "7825.031.log".
(May 19 2017 18:17:31,  416398 sec) Tx()                 CRC negotiation successful. [16-bit CRC]
(May 19 2017 18:17:54,  416421 sec) TxPacket()           NAK received - resending packet. [PktNum=0x03]
(May 19 2017 18:17:54,  416421 sec) TxPacket()           Packet xmit history: [00000001] (0:ok, 1:fail).
(May 19 2017 18:18:48,  416475 sec) TxPacket()           NAK received - resending packet. [PktNum=0x0b]
(May 19 2017 18:18:48,  416475 sec) TxPacket()           Packet xmit history: [00000001] (0:ok, 1:fail).
(May 19 2017 18:19:02,  416489 sec) TxPacket()           NAK received - resending packet. [PktNum=0x0c]
(May 19 2017 18:19:02,  416489 sec) TxPacket()           Packet xmit history: [00000101] (0:ok, 1:fail).
(May 19 2017 18:21:40,  416647 sec) TxPacket()           NAK received - resending packet. [PktNum=0x26]
(May 19 2017 18:21:41,  416647 sec) TxPacket()           Packet xmit history: [00000001] (0:ok, 1:fail).
(May 19 2017 18:22:00,  416667 sec) Tx()                 Transmission completed successfully [40 packets, 40719 bytes, 267 sec, 153.4 bps]
(May 19 2017 18:22:01,  416667 sec) UpLoadFile()         Upload successful.
(May 19 2017 18:22:11,  416678 sec) UpLoad()             Files successfully uploaded: 2
(May 19 2017 18:22:11,  416678 sec) UpLoad()             Upload complete.
(May 19 2017 18:22:15,  416682 sec) logout()             Log-out successful.
(May 19 2017 18:22:16,  416683 sec) Telemetry()          Telemetry cycle complete: PrfId=31 ConnectionAttempts=1  Connections=1
(May 19 2017 18:22:17,  416683 sec) TelemetryTerminate(  Parsing new mission configuration.
(May 19 2017 18:22:19,  416686 sec) configure()          Parsing configurators in "mission.cfg".
(May 19 2017 18:22:26,  416693 sec) configure()             TelemetryRetry(15)      [0x7BBC] [TelemetryRetry(15)].
(May 19 2017 18:22:26,  416693 sec) configure()          Configuration CRCs and syntax OK.
(May 19 2017 18:22:26,  416693 sec) ConfigSupervisor()   Sanity check violated: cfg->PressureCP >= 750
(May 19 2017 18:22:26,  416693 sec) ConfigSupervisor()   Configuration accepted.
(May 19 2017 18:22:27,  416693 sec) TelemetryTerminate(  Reconditioning the file system.
(May 19 2017 18:22:41,      11 sec) DescentInit()        Deep profile 32 initiated at mission-time 416697sec.
(May 19 2017 18:22:44,      13 sec) DescentInit()        Surface pressure: -0.1dbars.
(May 19 2017 18:22:48,      18 sec) PistonMoveAbsWTO()    196->061 195 194 193 192 191 190 189 188 187 186 185 184 183 182 181 180 179 178 177 176 175 174 173 172 171 170 169 168 167 166 165 164 163 162 161 160 159 158 157 156 155 154 153 152 151 150 149 148 147 146 145 144 143 142 141 140 139 138 137 136 135 134 133 132 131 130 129 128 127 126 125 124 123 122 121 120 119 118 117 116 115 114 113 112 111 110 109 108 107 106 105 104 103 102 101 100 099 098 097 096 095 094 093 092 091 090 089 088 087 086 085 084 083 082 081 080 079 078 077 076 075 074 073 072 071 070 069 068 067 066 065 064 063 062 061 [684sec, 14.5Volts, 0.149Amps, CPT:684sec]
(May 19 2017 18:34:13,     702 sec) PistonMoveAbsWTO()    061->000 060 059 058 057 056 055 054 053 052 051 050 049 048 047 046 045 044 043 042 041 040 039 038 037 036 035 034 033 032 031 030 029 028 027 026 025 024 023 022 021 020 019 018 017 016 015 014 013 012 011 010 009 [265sec, 14.5Volts, 0.149Amps, CPT:949sec]
(May 19 2017 18:38:47,     977 sec) Descent()            Pressure: 103.0
(May 19 2017 19:22:34,    3604 sec) Descent()            Pressure: 435.6
(May 19 2017 20:22:34,    7204 sec) Descent()            Pressure: 970.3
(May 19 2017 20:22:35,    7204 sec) PistonMoveAbsWTO()    009->061 010 011 012 013 014 015 016 017 018 019 020 021 022 023 024 025 026 027 028 029 030 031 032 033 034 035 036 037 038 039 040 041 042 043 044 045 046 047 048 049 050 051 052 053 054 055 056 057 058 059 060 061 [295sec, 13.8Volts, 0.504Amps, CPT:1244sec]
(May 19 2017 21:22:34,   10804 sec) Descent()            Pressure: 949.4
(May 19 2017 22:22:34,   14404 sec) Descent()            Pressure: 960.7
(May 19 2017 23:22:34,   18004 sec) Descent()            Pressure: 966.7
(May 19 2017 23:22:35,   18004 sec) ParkInit()           
(May 20 2017 01:22:41,   25210 sec) Park()               ParkPOutOfBand[-3, 974.9 dbars]: retract piston.
(May 20 2017 01:22:41,   25211 sec) PistonMoveAbsWTO()    061->060 060 [2sec, 14.5Volts, 0.105Amps, CPT:1246sec]
(May 21 2017 01:22:41,  111611 sec) Park()               ParkPOutOfBand[3, 1012.3 dbars]: extend piston.
(May 21 2017 01:22:41,  111611 sec) PistonMoveAbsWTO()    060->061 061 [2sec, 14.0Volts, 0.496Amps, CPT:1248sec]
(May 21 2017 10:22:41,  144011 sec) Park()               ParkPOutOfBand[3, 1010.4 dbars]: extend piston.
(May 21 2017 10:22:41,  144011 sec) PistonMoveAbsWTO()    061->062 062 [7sec, 14.0Volts, 0.492Amps, CPT:1255sec]
(May 21 2017 13:22:41,  154811 sec) Park()               ParkPOutOfBand[-3, 983.1 dbars]: retract piston.
(May 21 2017 13:22:41,  154811 sec) PistonMoveAbsWTO()    062->061 061 [2sec, 14.6Volts, 0.101Amps, CPT:1257sec]
(May 24 2017 02:22:55,  374424 sec) CtdPower()           [  999.21,  6.2789, 34.9145]
(May 24 2017 02:22:55,  374424 sec) CtdPower()           CTD Power consumption [187VCnt 8ACnt]: 14.496Volts * 0.032Amps = 0.47Watts.
(May 24 2017 02:22:56,  374425 sec) ParkTerminate()      Piston Position:61 Vacuum:79 Vq:195 Aq:4 Vsbe:187 Asbe:8 Vflbb:186 Aflbb:12
(May 24 2017 02:23:32,  374462 sec) ParkTerminate()      PTS/O2,T2,TPhase,RawTemp: 999.3dbars 6.2776C 34.9149PSU / 49.4uM 6.299C 55.013 7.980 538.108
(May 24 2017 02:23:32,  374462 sec) ParkTerminate()      FLBB FSig, BbSig, TSig: 53, 105, 564
(May 24 2017 02:23:33,  374463 sec) GoDeepInit()         Moving piston.
(May 24 2017 02:23:33,  374463 sec) PistonMoveAbsWTO()    061->023 060 059 058 057 056 055 054 053 052 051 050 049 048 047 046 045 044 043 042 041 040 039 038 037 036 035 034 033 032 031 030 029 028 027 026 025 024 023 [194sec, 14.5Volts, 0.085Amps, CPT:1451sec]
(May 24 2017 07:22:34,  392404 sec) ProfileInit()        PrfId:032  Pressure:1980.8dbar  pTable[1]:1900dbar
(May 24 2017 07:22:37,  392407 sec) PistonMoveAbsWTO()    023->045 024 025 026 027 028 [30sec, 13.6Volts, 0.834Amps, CPT:1481sec]
(May 24 2017 07:23:18,  392447 sec) PistonMoveAbsWTO()    028->045 029 030 031 032 [30sec, 13.4Volts, 0.846Amps, CPT:1511sec]
(May 24 2017 07:23:58,  392487 sec) PistonMoveAbsWTO()    032->045 033 034 035 036 037 [30sec, 13.3Volts, 0.830Amps, CPT:1541sec]
(May 24 2017 07:24:38,  392527 sec) PistonMoveAbsWTO()    037->045 038 039 040 041 [30sec, 13.2Volts, 0.818Amps, CPT:1571sec]
(May 24 2017 07:25:18,  392567 sec) PistonMoveAbsWTO()    041->045 042 043 044 045 [23sec, 13.1Volts, 0.794Amps, CPT:1594sec]
(May 24 2017 07:36:36,  393246 sec) Profile()            Sample 0 initiated at 1901.4dbars for bin 1 [1900dbars].  PTS/O2,T2,TPhase,RPhase,RawTemp/FSig,BbSig,TSig: 1899.0dbars 2.9006C 34.7791PSU / 123.5uM 2.917C 48.749 8.021 643.608 /   52   99  569
(May 24 2017 07:53:31,  394261 sec) Profile()            Sample 1 initiated at 1801.9dbars for bin 2 [1800dbars].  PTS/O2,T2,TPhase,RPhase,RawTemp/FSig,BbSig,TSig: 1799.9dbars 3.0885C 34.7879PSU / 118.8uM 3.106C 49.051 8.029 637.797 /   53  100  569
(May 24 2017 08:02:56,  394826 sec) AscentControlAgent(  Bouyancy nudge to 55 (v=0.079dbar/sec).
(May 24 2017 08:02:57,  394827 sec) PistonMoveAbsWTO()    045->055 046 047 048 049 [30sec, 13.7Volts, 0.762Amps, CPT:1624sec]
(May 24 2017 08:03:38,  394867 sec) PistonMoveAbsWTO()    049->055 050 051 052 053 054 [30sec, 13.5Volts, 0.737Amps, CPT:1654sec]
(May 24 2017 08:04:18,  394907 sec) PistonMoveAbsWTO()    054->055 055 [3sec, 13.5Volts, 0.749Amps, CPT:1657sec]
(May 24 2017 08:12:08,  395378 sec) Profile()            Sample 2 initiated at 1701.5dbars for bin 3 [1700dbars].  PTS/O2,T2,TPhase,RPhase,RawTemp/FSig,BbSig,TSig: 1699.4dbars 3.4161C 34.8007PSU / 111.1uM 3.431C 49.562 8.030 627.766 /   53  100  568
(May 24 2017 08:29:43,  396433 sec) Profile()            Sample 3 initiated at 1601.3dbars for bin 4 [1600dbars].  PTS/O2,T2,TPhase,RPhase,RawTemp/FSig,BbSig,TSig: 1599.3dbars 3.8074C 34.8175PSU / 101.4uM 3.825C 50.255 8.033 615.577 /   56  104  568
(May 24 2017 08:48:32,  397562 sec) AscentControlAgent(  Bouyancy nudge to 65 (v=0.077dbar/sec).
(May 24 2017 08:48:33,  397563 sec) PistonMoveAbsWTO()    055->065 056 057 058 059 060 [30sec, 13.9Volts, 0.677Amps, CPT:1687sec]
(May 24 2017 08:49:49,  397639 sec) Profile()            Sample 4 initiated at 1499.9dbars for bin 5 [1500dbars].  PTS/O2,T2,TPhase,RPhase,RawTemp/FSig,BbSig,TSig: 1498.0dbars 4.1689C 34.8313PSU / 93.3uM 4.184C 50.863 8.041 604.435 /   54  116  567
(May 24 2017 08:49:50,  397640 sec) PistonMoveAbsWTO()    060->065 061 062 063 064 [30sec, 13.6Volts, 0.665Amps, CPT:1717sec]
(May 24 2017 09:07:13,  398683 sec) Profile()            Sample 5 initiated at 1401.2dbars for bin 6 [1400dbars].  PTS/O2,T2,TPhase,RPhase,RawTemp/FSig,BbSig,TSig: 1399.3dbars 4.6046C 34.8486PSU / 84.8uM 4.621C 51.536 8.105 590.846 /   53  103  567
(May 24 2017 09:16:54,  399264 sec) Profile()            Sample 6 initiated at 1351.5dbars for bin 7 [1350dbars].  PTS/O2,T2,TPhase,RPhase,RawTemp/FSig,BbSig,TSig: 1349.7dbars 4.8176C 34.8580PSU / 79.9uM 4.835C 51.959 8.060 584.163 /   56  105  566
(May 24 2017 09:23:59,  399689 sec) AscentControlAgent(  Bouyancy nudge to 75 (v=0.080dbar/sec).
(May 24 2017 09:24:00,  399690 sec) PistonMoveAbsWTO()    065->075 066 067 068 069 070 [30sec, 14.0Volts, 0.600Amps, CPT:1747sec]
(May 24 2017 09:24:41,  399730 sec) PistonMoveAbsWTO()    070->075 071 072 073 074 075 [30sec, 13.6Volts, 0.600Amps, CPT:1777sec]
(May 24 2017 09:26:46,  399856 sec) Profile()            Sample 7 initiated at 1301.5dbars for bin 8 [1300dbars].  PTS/O2,T2,TPhase,RPhase,RawTemp/FSig,BbSig,TSig: 1299.1dbars 5.0232C 34.8661PSU / 75.3uM 5.041C 52.363 8.113 577.695 /   54  103  566
(May 24 2017 09:34:47,  400337 sec) Profile()            Sample 8 initiated at 1251.0dbars for bin 9 [1250dbars].  PTS/O2,T2,TPhase,RPhase,RawTemp/FSig,BbSig,TSig: 1248.8dbars 5.2252C 34.8733PSU / 71.3uM 5.245C 52.729 8.067 571.297 /   55  105  566
(May 24 2017 09:43:16,  400846 sec) Profile()            Sample 9 initiated at 1201.9dbars for bin 10 [1200dbars].  PTS/O2,T2,TPhase,RPhase,RawTemp/FSig,BbSig,TSig: 1199.8dbars 5.4724C 34.8828PSU / 66.5uM 5.491C 53.188 8.066 563.578 /   54  104  565
(May 24 2017 09:52:27,  401397 sec) Profile()            Sample 10 initiated at 1151.7dbars for bin 11 [1150dbars].  PTS/O2,T2,TPhase,RPhase,RawTemp/FSig,BbSig,TSig: 1149.7dbars 5.6919C 34.8908PSU / 61.8uM 5.711C 53.655 8.119 556.656 /   54  106  565
(May 24 2017 10:01:48,  401958 sec) Profile()            Sample 11 initiated at 1101.2dbars for bin 12 [1100dbars].  PTS/O2,T2,TPhase,RPhase,RawTemp/FSig,BbSig,TSig: 1099.1dbars 5.8946C 34.8990PSU / 58.0uM 5.913C 54.054 8.074 550.292 /   53  106  565
(May 24 2017 10:10:59,  402509 sec) Profile()            Sample 12 initiated at 1051.4dbars for bin 13 [1050dbars].  PTS/O2,T2,TPhase,RPhase,RawTemp/FSig,BbSig,TSig: 1049.5dbars 6.0945C 34.9059PSU / 54.4uM 6.112C 54.423 8.074 544.014 /   55  103  564
(May 24 2017 10:20:40,  403090 sec) Profile()            Sample 13 initiated at 1001.8dbars for bin 14 [1000dbars].  PTS/O2,T2,TPhase,RPhase,RawTemp/FSig,BbSig,TSig: 999.9dbars 6.3069C 34.9147PSU / 50.1uM 6.325C 54.909 8.074 537.278 /   54  107  564
(May 24 2017 10:25:03,  403353 sec) AscentControlAgent(  Bouyancy nudge to 85 (v=0.080dbar/sec).
(May 24 2017 10:25:04,  403354 sec) PistonMoveAbsWTO()    075->085 076 077 078 079 080 [30sec, 14.0Volts, 0.484Amps, CPT:1807sec]
(May 24 2017 10:25:45,  403394 sec) PistonMoveAbsWTO()    080->085 081 082 083 084 085 [27sec, 13.9Volts, 0.512Amps, CPT:1834sec]
(May 24 2017 10:37:47,  404117 sec) Profile()            Sample 15 initiated at 901.7dbars for bin 16 [900dbars].  PTS/O2,T2,TPhase,RPhase,RawTemp/FSig,BbSig,TSig: 899.3dbars 6.8828C 34.9352PSU / 39.3uM 6.903C 56.210 8.097 518.946 /   55  108  563
(May 24 2017 11:13:16,  406246 sec) Profile()            Sample 19 initiated at 701.9dbars for bin 20 [700dbars].  PTS/O2,T2,TPhase,RPhase,RawTemp/FSig,BbSig,TSig: 699.9dbars 8.2507C 34.9801PSU / 19.6uM 8.272C 58.931 8.088 475.228 /   58  112  561
(May 24 2017 11:49:45,  408435 sec) Profile()            Sample 23 initiated at 501.5dbars for bin 24 [500dbars].  PTS/O2,T2,TPhase,RPhase,RawTemp/FSig,BbSig,TSig: 499.4dbars 9.5999C 35.0134PSU / 5.2uM 9.624C 61.363 8.202 431.673 /   55  114  559
(May 24 2017 11:51:20,  408529 sec) Sbe41cpStartCP()     Continuous profile started.
(May 24 2017 12:16:12,  410021 sec) Profile()            Sample 27 initiated at 331.6dbars for bin 28 [330dbars].  PTS/O2,T2,TPhase,RPhase,RawTemp/FSig,BbSig,TSig: 331.2dbars 10.8885C 35.0280PSU / 1.6uM 10.916C 61.996 8.288 389.781 /   56  127  557
(May 24 2017 12:28:09,  410738 sec) Profile()            Sample 31 initiated at 241.9dbars for bin 32 [240dbars].  PTS/O2,T2,TPhase,RPhase,RawTemp/FSig,BbSig,TSig: 241.5dbars 11.9116C 35.0190PSU / 1.5uM 11.941C 61.931 8.336 356.356 /   54  140  556
(May 24 2017 12:36:52,  411261 sec) Profile()            Sample 35 initiated at 181.1dbars for bin 36 [180dbars].  PTS/O2,T2,TPhase,RPhase,RawTemp/FSig,BbSig,TSig: 180.8dbars 13.2597C 34.9895PSU / 1.2uM 13.303C 61.878 8.396 311.784 /   50  126  554
(May 24 2017 12:44:46,  411736 sec) Profile()            Sample 39 initiated at 141.6dbars for bin 40 [140dbars].  PTS/O2,T2,TPhase,RPhase,RawTemp/FSig,BbSig,TSig: 141.4dbars 16.2567C 34.9065PSU / 2.7uM 16.278C 61.236 8.463 214.112 /   51  124  551
(May 24 2017 12:47:49,  411919 sec) AscentControlAgent(  Bouyancy nudge to 95 (v=0.051dbar/sec).
(May 24 2017 12:47:49,  411919 sec) PistonMoveAbsWTO()    085->095 086 087 088 089 090 [30sec, 14.3Volts, 0.234Amps, CPT:1864sec]
(May 24 2017 12:48:45,  411974 sec) PistonMoveAbsWTO()    090->095 091 092 093 094 095 [24sec, 14.2Volts, 0.238Amps, CPT:1888sec]
(May 24 2017 12:58:02,  412532 sec) AscentControlAgent(  Bouyancy nudge to 100 (v=0.019dbar/sec).
(May 24 2017 12:58:02,  412532 sec) PistonMoveAbsWTO()    095->100 096 097 098 099 100 [27sec, 14.3Volts, 0.230Amps, CPT:1915sec]
(May 24 2017 13:03:11,  412841 sec) AscentControlAgent(  Bouyancy nudge to 105 (v=0.019dbar/sec).
(May 24 2017 13:03:11,  412841 sec) PistonMoveAbsWTO()    100->105 101 102 103 104 105 [26sec, 14.3Volts, 0.234Amps, CPT:1941sec]
(May 24 2017 13:05:03,  412953 sec) Profile()            Sample 43 initiated at 102.0dbars for bin 44 [100dbars].  PTS/O2,T2,TPhase,RPhase,RawTemp/FSig,BbSig,TSig: 101.8dbars 21.5601C 34.8089PSU / 13.1uM 21.561C 57.726 8.679 41.495 /   61  120  543
(May 24 2017 13:08:16,  413146 sec) AscentControlAgent(  Bouyancy nudge to 110 (v=0.032dbar/sec).
(May 24 2017 13:08:16,  413146 sec) PistonMoveAbsWTO()    105->110 106 107 108 109 110 [26sec, 14.3Volts, 0.234Amps, CPT:1967sec]
(May 24 2017 13:13:19,  413449 sec) AscentControlAgent(  Bouyancy nudge to 115 (v=0.031dbar/sec).
(May 24 2017 13:13:19,  413449 sec) PistonMoveAbsWTO()    110->115 111 112 113 114 115 [27sec, 14.3Volts, 0.226Amps, CPT:1994sec]
(May 24 2017 13:18:23,  413753 sec) AscentControlAgent(  Bouyancy nudge to 120 (v=0.018dbar/sec).
(May 24 2017 13:18:23,  413753 sec) PistonMoveAbsWTO()    115->120 116 117 118 119 120 [26sec, 14.3Volts, 0.226Amps, CPT:2020sec]
(May 24 2017 13:23:32,  414062 sec) AscentControlAgent(  Bouyancy nudge to 125 (v=0.011dbar/sec).
(May 24 2017 13:23:32,  414062 sec) PistonMoveAbsWTO()    120->125 121 122 123 124 125 [26sec, 14.3Volts, 0.222Amps, CPT:2046sec]
(May 24 2017 13:28:40,  414370 sec) AscentControlAgent(  Bouyancy nudge to 130 (v=0.010dbar/sec).
(May 24 2017 13:28:40,  414370 sec) PistonMoveAbsWTO()    125->130 126 127 128 129 130 [26sec, 14.3Volts, 0.222Amps, CPT:2072sec]
(May 24 2017 13:33:44,  414674 sec) AscentControlAgent(  Bouyancy nudge to 135 (v=0.012dbar/sec).
(May 24 2017 13:33:44,  414674 sec) PistonMoveAbsWTO()    130->135 131 132 133 134 135 [26sec, 14.3Volts, 0.226Amps, CPT:2098sec]
(May 24 2017 13:38:52,  414982 sec) AscentControlAgent(  Bouyancy nudge to 140 (v=0.013dbar/sec).
(May 24 2017 13:38:52,  414982 sec) PistonMoveAbsWTO()    135->140 136 137 138 139 140 [26sec, 14.3Volts, 0.222Amps, CPT:2124sec]
(May 24 2017 13:41:43,  415153 sec) Profile()            Sample 47 initiated at 61.9dbars for bin 48 [60dbars].  PTS/O2,T2,TPhase,RPhase,RawTemp/FSig,BbSig,TSig: 61.7dbars 27.0171C 34.0137PSU / 132.3uM 27.001C 36.528 8.787 -131.577 /  166  141  532
(May 24 2017 13:43:56,  415286 sec) AscentControlAgent(  Bouyancy nudge to 145 (v=0.021dbar/sec).
(May 24 2017 13:43:56,  415286 sec) PistonMoveAbsWTO()    140->145 141 142 143 144 145 [26sec, 14.4Volts, 0.218Amps, CPT:2150sec]
(May 24 2017 13:49:05,  415595 sec) AscentControlAgent(  Bouyancy nudge to 150 (v=0.022dbar/sec).
(May 24 2017 13:49:05,  415595 sec) PistonMoveAbsWTO()    145->150 146 147 148 149 150 [26sec, 14.4Volts, 0.214Amps, CPT:2176sec]
(May 24 2017 13:54:09,  415899 sec) AscentControlAgent(  Bouyancy nudge to 155 (v=0.021dbar/sec).
(May 24 2017 13:54:09,  415899 sec) PistonMoveAbsWTO()    150->155 151 152 153 154 155 [25sec, 14.4Volts, 0.214Amps, CPT:2201sec]
(May 24 2017 13:59:16,  416206 sec) AscentControlAgent(  Bouyancy nudge to 160 (v=0.020dbar/sec).
(May 24 2017 13:59:16,  416206 sec) PistonMoveAbsWTO()    155->160 156 157 158 159 160 [26sec, 14.4Volts, 0.205Amps, CPT:2227sec]
(May 24 2017 14:02:08,  416378 sec) Profile()            Sample 51 initiated at 36.8dbars for bin 52 [35dbars].  PTS/O2,T2,TPhase,RPhase,RawTemp/FSig,BbSig,TSig: 36.7dbars 27.8980C 33.1256PSU / 222.9uM 27.919C 30.023 8.794 -160.052 /   86  136  530
(May 24 2017 14:04:21,  416511 sec) AscentControlAgent(  Bouyancy nudge to 165 (v=0.023dbar/sec).
(May 24 2017 14:04:21,  416511 sec) PistonMoveAbsWTO()    160->165 161 162 163 164 165 [25sec, 14.5Volts, 0.210Amps, CPT:2252sec]
(May 24 2017 14:09:30,  416820 sec) AscentControlAgent(  Bouyancy nudge to 170 (v=0.021dbar/sec).
(May 24 2017 14:09:30,  416820 sec) PistonMoveAbsWTO()    165->170 166 167 168 169 170 [26sec, 14.5Volts, 0.210Amps, CPT:2278sec]
(May 24 2017 14:14:30,  417120 sec) AscentControlAgent(  Bouyancy nudge to 175 (v=0.020dbar/sec).
(May 24 2017 14:14:30,  417120 sec) PistonMoveAbsWTO()    170->175 171 172 173 174 175 [26sec, 14.5Volts, 0.205Amps, CPT:2304sec]
(May 24 2017 14:18:40,  417370 sec) Profile()            Sample 55 initiated at 17.0dbars for bin 56 [15dbars].  PTS/O2,T2,TPhase,RPhase,RawTemp/FSig,BbSig,TSig: 17.1dbars 29.6637C 32.7830PSU / 233.3uM 29.557C 28.920 8.764 -210.253 /   61  145  529
(May 24 2017 14:19:38,  417428 sec) AscentControlAgent(  Bouyancy nudge to 180 (v=0.018dbar/sec).
(May 24 2017 14:19:38,  417428 sec) PistonMoveAbsWTO()    175->180 176 177 [15sec, 14.5Volts, 0.201Amps, CPT:2319sec]
(May 24 2017 14:20:04,  417454 sec) PistonMoveAbsWTO()    178->180 179 180 [11sec, 14.5Volts, 0.201Amps, CPT:2330sec]
(May 24 2017 14:24:41,  417731 sec) AscentControlAgent(  Bouyancy nudge to 185 (v=0.009dbar/sec).
(May 24 2017 14:24:41,  417731 sec) PistonMoveAbsWTO()    180->185 181 182 183 [15sec, 14.6Volts, 0.197Amps, CPT:2345sec]
(May 24 2017 14:25:08,  417758 sec) PistonMoveAbsWTO()    183->185 184 185 [10sec, 14.5Volts, 0.201Amps, CPT:2355sec]
(May 24 2017 14:26:17,  417827 sec) Profile()            Sample 56 initiated at 12.0dbars for bin 57 [10dbars].  PTS/O2,T2,TPhase,RPhase,RawTemp/FSig,BbSig,TSig: 12.1dbars 30.8753C 32.6312PSU / 221.5uM 30.880C 29.014 8.805 -250.196 /   60  131  527
(May 24 2017 14:29:49,  418039 sec) AscentControlAgent(  Bouyancy nudge to 190 (v=0.009dbar/sec).
(May 24 2017 14:29:49,  418039 sec) PistonMoveAbsWTO()    185->190 186 187 188 [15sec, 14.6Volts, 0.201Amps, CPT:2370sec]
(May 24 2017 14:30:16,  418066 sec) PistonMoveAbsWTO()    188->190 189 190 [10sec, 14.6Volts, 0.197Amps, CPT:2380sec]
(May 24 2017 14:33:04,  418234 sec) Profile()            Sample 57 initiated at 5.7dbars for bin 58 [4dbars].  PTS/O2,T2,TPhase,RPhase,RawTemp/FSig,BbSig,TSig: 5.8dbars 31.0752C 32.5918PSU / 218.0uM 31.106C 29.104 8.861 -256.978 /   56  128  525
(May 24 2017 14:33:31,  418261 sec) Profile()            Sample 58 initiated at 4.9dbars for bin 58 [4dbars].  PTS/O2,T2,TPhase,RPhase,RawTemp/FSig,BbSig,TSig: 4.9dbars 31.0973C 32.5905PSU / 217.8uM 31.128C 29.105 8.861 -257.641 /   57  130  525
(May 24 2017 14:33:58,  418288 sec) Profile()            Sample 59 initiated at 4.1dbars for bin 58 [4dbars].  PTS/O2,T2,TPhase,RPhase,RawTemp/FSig,BbSig,TSig: 4.0dbars 31.1261C 32.5883PSU / 217.6uM 31.155C 29.105 8.862 -258.430 /   58  125  525
(May 24 2017 14:34:13,  418303 sec) SurfaceDetect()      SurfacePressure:-0.1dbars Pressure:3.0dbars PistonPosition:190
(May 24 2017 14:34:14,  418304 sec) Sbe41cpStopCP()      Continuous profile stopped.
(May 24 2017 14:34:21,  418311 sec) PistonMoveAbsWTO()    190->212 191 192 193 194 195 196 197 198 199 200 201 202 203 204 205 206 207 208 209 210 211 212 [111sec, 14.5Volts, 0.181Amps, CPT:2491sec]
(May 24 2017 14:36:27,  418436 sec) sbe41cp.c:chat()     Expected string [S>] not received.
(May 24 2017 14:38:11,  418541 sec) Sbe41cpBinAverage()  Finished averaging 9802 samples in 99 seconds.
(May 24 2017 14:38:16,  418546 sec) Sbe41cpUploadCP()    Sbe41cpSerNo[08352] NSample[9802] NBin[249]
(May 24 2017 14:38:59,  418589 sec) Sbe41cpUploadCP()    Continuous profile uploaded [249 lines].

<EOT>

<EOT>
