(Jun 13 2017 00:01:26,  418531 sec) TelemetryInit()      Profile 36. (Apf9i FwRev: 061016)
(Jun 13 2017 00:08:17,  418941 sec) AirSystem()          Battery [189cnt, 14.7V]  Current [66cnt, 265.9mA]  Barometer [126cnt, 6.5"Hg]  Run-Time [45s]
(Jun 13 2017 00:09:42,  419026 sec) GetSurfaceObs()      P/O2,T2,TPhase,RPhase,RawTemp/FSig,BbSig,TSig: -0.2dbars / 220.3uM 29.055C 29.732 8.804 -194.959 / 98,163,527
(Jun 13 2017 00:09:47,  419032 sec) GpsServices()        GPS almanac is current.
(Jun 13 2017 00:09:47,  419032 sec) GpsServices()        Initiating GPS fix acquisition.
(Jun 13 2017 00:10:08,  419052 sec) gga()                $GPGGA,000950,1700.5741,N,08953.8354,E,0,00,,,M,,M,,*5D
(Jun 13 2017 00:10:19,  419063 sec) gga()                $GPGGA,001000,1700.5741,N,08953.8354,E,0,00,,,M,,M,,*50
(Jun 13 2017 00:10:30,  419074 sec) gga()                $GPGGA,001010,1700.5741,N,08953.8354,E,0,00,,,M,,M,,*51
(Jun 13 2017 00:10:41,  419085 sec) gga()                $GPGGA,001020,1700.5741,N,08953.8354,E,0,00,,,M,,M,,*52
(Jun 13 2017 00:10:52,  419096 sec) gga()                $GPGGA,001030,1700.5741,N,08953.8354,E,0,00,,,M,,M,,*53
(Jun 13 2017 00:11:03,  419107 sec) gga()                $GPGGA,001030,1700.5741,N,08953.8354,E,0,00,,,M,,M,,*53
(Jun 13 2017 00:11:14,  419118 sec) gga()                $GPGGA,001040,1700.5741,N,08953.8354,E,0,00,,,M,,M,,*54
(Jun 13 2017 00:11:33,  419137 sec) gga()                $GPGGA,001100,1700.5741,N,08953.8354,E,0,00,,,M,,M,,*51
(Jun 13 2017 00:11:36,  419141 sec) gga()                $GPGGA,001110,1715.6420,N,08951.6855,E,1,08,1.0,-3.5,M,-67.5,M,,*41
(Jun 13 2017 00:11:40,  419145 sec) gga()                $GPGGA,001120,1715.6388,N,08951.6884,E,1,08,1.0,-2.0,M,-67.5,M,,*4F
(Jun 13 2017 00:12:20,  419185 sec) GpsServices()        Profile 36 GPS fix obtained in 153 seconds.
(Jun 13 2017 00:12:20,  419185 sec) GpsServices()                  lon     lat mm/dd/yyyy hhmmss nsat
(Jun 13 2017 00:12:20,  419185 sec) GpsServices()        Fix:   89.862  17.261 06/13/2017 001130    8
(Jun 13 2017 00:13:04,  419229 sec) gga()                $GPGGA,001220,1715.6282,N,08951.7081,E,1,09,1.0,1.0,M,-67.5,M,,*64
(Jun 13 2017 00:13:12,  419236 sec) gga()                $GPGGA,001310,1715.6175,N,08951.7243,E,1,09,1.0,1.0,M,-67.5,M,,*61
(Jun 13 2017 00:13:12,  419237 sec) GpsServices()        APF9 RTC skew (2s) OK.
(Jun 13 2017 00:13:12,  419237 sec) GpsServices()        GPS services complete.
(Jun 13 2017 00:14:10,  419295 sec) CLogin()             Connecting to primary host.
(Jun 13 2017 00:15:11,  419355 sec) chat()               Expected string [CONNECT] not received.
(Jun 13 2017 00:15:11,  419355 sec) modem_connect()      Modem command [AT+CBST=71,0,1;DT0088160000573] failed.
(Jun 13 2017 00:15:11,  419355 sec) connect()            Connection attempt failed.
(Jun 13 2017 00:15:21,  419366 sec) CLogin()             Connection 1 established in 71 seconds.
(Jun 13 2017 00:15:51,  419395 sec) expect()             Attempt to read prompt string [login:] failed.
(Jun 13 2017 00:15:51,  419395 sec) login()              Login prompt not received.
(Jun 13 2017 00:16:21,  419425 sec) expect()             Attempt to read prompt string [login:] failed.
(Jun 13 2017 00:16:21,  419425 sec) login()              Login prompt not received.
(Jun 13 2017 00:16:21,  419425 sec) CLogin()             Attempt to connect to primary host failed after 2 tries.  Connecting to alternate host.
(Jun 13 2017 00:17:22,  419486 sec) chat()               Expected string [CONNECT] not received.
(Jun 13 2017 00:17:22,  419486 sec) modem_connect()      Modem command [ATDT0013014291790] failed.
(Jun 13 2017 00:17:22,  419486 sec) connect()            Connection attempt failed.
(Jun 13 2017 00:18:08,  419532 sec) CLogin()             Connection 2 established in 238 seconds.
(Jun 13 2017 00:18:38,  419562 sec) expect()             Attempt to read prompt string [login:] failed.
(Jun 13 2017 00:18:38,  419562 sec) login()              Login prompt not received.
(Jun 13 2017 00:19:22,  419606 sec) expect()             Attempt to read prompt string [Password:] failed.
(Jun 13 2017 00:19:22,  419606 sec) login()              Password prompt not received.
(Jun 13 2017 00:19:22,  419606 sec) CLogin()             Attempt to connect to primary and alternate hosts failed - aborting.
(Jun 13 2017 00:19:22,  419607 sec) DownLoadMissionCfg(  Connect/login failed.  Mission configuration not downloaded from remote host.
(Jun 13 2017 00:19:29,  419613 sec) CLogin()             Connecting to primary host.
(Jun 13 2017 00:19:55,  419639 sec) CLogin()             Connection 3 established in 27 seconds.
(Jun 13 2017 00:20:25,  419669 sec) expect()             Attempt to read prompt string [login:] failed.
(Jun 13 2017 00:20:25,  419669 sec) login()              Login prompt not received.
(Jun 13 2017 00:20:25,  419669 sec) login()              No carrier detected.
(Jun 13 2017 00:20:45,  419689 sec) CLogin()             Connection 4 established in 77 seconds.
(Jun 13 2017 00:21:15,  419719 sec) expect()             Attempt to read prompt string [login:] failed.
(Jun 13 2017 00:21:15,  419719 sec) login()              Login prompt not received.
(Jun 13 2017 00:21:15,  419719 sec) login()              No carrier detected.
(Jun 13 2017 00:21:15,  419719 sec) CLogin()             Attempt to connect to primary host failed after 2 tries.  Connecting to alternate host.
(Jun 13 2017 00:21:40,  419744 sec) CLogin()             Connection 5 established in 132 seconds.
(Jun 13 2017 00:22:10,  419774 sec) expect()             Attempt to read prompt string [login:] failed.
(Jun 13 2017 00:22:10,  419774 sec) login()              Login prompt not received.
(Jun 13 2017 00:22:40,  419804 sec) expect()             Attempt to read prompt string [login:] failed.
(Jun 13 2017 00:22:40,  419804 sec) login()              Login prompt not received.
(Jun 13 2017 00:23:26,  419850 sec) CLogin()             Connection 6 established in 238 seconds.
(Jun 13 2017 00:23:56,  419880 sec) expect()             Attempt to read prompt string [login:] failed.
(Jun 13 2017 00:23:56,  419880 sec) login()              Login prompt not received.
(Jun 13 2017 00:24:26,  419910 sec) expect()             Attempt to read prompt string [login:] failed.
(Jun 13 2017 00:24:26,  419910 sec) login()              Login prompt not received.
(Jun 13 2017 00:24:26,  419910 sec) CLogin()             Attempt to connect to primary and alternate hosts failed - aborting.
(Jun 13 2017 00:24:26,  419911 sec) DownLoadMissionCfg(  Connect/login failed.  Mission configuration not downloaded from remote host.
(Jun 13 2017 00:24:27,  419911 sec) DownLoadMissionCfg(  Aborting download: Retry limit [2] exceeded.
(Jun 13 2017 00:24:27,  419911 sec) WriteVitals()        Writing vitals to "7825.036.msg".
(Jun 13 2017 00:24:31,  419916 sec) CLogin()             Connecting to primary host.
(Jun 13 2017 00:24:52,  419936 sec) CLogin()             Connection 7 established in 21 seconds.
(Jun 13 2017 00:25:22,  419966 sec) expect()             Attempt to read prompt string [login:] failed.
(Jun 13 2017 00:25:22,  419966 sec) login()              Login prompt not received.
(Jun 13 2017 00:25:52,  419996 sec) expect()             Attempt to read prompt string [login:] failed.
(Jun 13 2017 00:25:52,  419996 sec) login()              Login prompt not received.
(Jun 13 2017 00:26:05,  420010 sec) CLogin()             Connection 8 established in 94 seconds.
(Jun 13 2017 00:26:35,  420039 sec) expect()             Attempt to read prompt string [login:] failed.
(Jun 13 2017 00:26:35,  420039 sec) login()              Login prompt not received.
(Jun 13 2017 00:27:05,  420069 sec) expect()             Attempt to read prompt string [login:] failed.
(Jun 13 2017 00:27:05,  420069 sec) login()              Login prompt not received.
(Jun 13 2017 00:27:05,  420069 sec) CLogin()             Attempt to connect to primary host failed after 2 tries.  Connecting to alternate host.
(Jun 13 2017 00:27:31,  420096 sec) CLogin()             Connection 9 established in 180 seconds.
(Jun 13 2017 00:28:01,  420125 sec) expect()             Attempt to read prompt string [login:] failed.
(Jun 13 2017 00:28:01,  420125 sec) login()              Login prompt not received.
(Jun 13 2017 00:28:01,  420125 sec) login()              No carrier detected.
(Jun 13 2017 00:28:31,  420155 sec) CLogin()             Connection 10 established in 240 seconds.
(Jun 13 2017 00:29:01,  420185 sec) expect()             Attempt to read prompt string [login:] failed.
(Jun 13 2017 00:29:01,  420185 sec) login()              Login prompt not received.
(Jun 13 2017 00:29:01,  420185 sec) login()              No carrier detected.
(Jun 13 2017 00:29:01,  420185 sec) CLogin()             Attempt to connect to primary and alternate hosts failed - aborting.
(Jun 13 2017 00:29:03,  420187 sec) CLogin()             Connecting to primary host.
(Jun 13 2017 00:29:14,  420198 sec) CLogin()             Connection 11 established in 12 seconds.
(Jun 13 2017 00:29:44,  420228 sec) expect()             Attempt to read prompt string [login:] failed.
(Jun 13 2017 00:29:44,  420228 sec) login()              Login prompt not received.
(Jun 13 2017 00:30:14,  420258 sec) expect()             Attempt to read prompt string [login:] failed.
(Jun 13 2017 00:30:14,  420258 sec) login()              Login prompt not received.
(Jun 13 2017 00:30:26,  420271 sec) CLogin()             Connection 12 established in 84 seconds.
(Jun 13 2017 00:30:56,  420300 sec) expect()             Attempt to read prompt string [login:] failed.
(Jun 13 2017 00:30:56,  420300 sec) login()              Login prompt not received.
(Jun 13 2017 00:31:26,  420330 sec) expect()             Attempt to read prompt string [login:] failed.
(Jun 13 2017 00:31:26,  420330 sec) login()              Login prompt not received.
(Jun 13 2017 00:31:26,  420330 sec) CLogin()             Attempt to connect to primary host failed after 2 tries.  Connecting to alternate host.
(Jun 13 2017 00:31:47,  420351 sec) CLogin()             Connection 13 established in 165 seconds.
(Jun 13 2017 00:32:17,  420381 sec) expect()             Attempt to read prompt string [login:] failed.
(Jun 13 2017 00:32:17,  420381 sec) login()              Login prompt not received.
(Jun 13 2017 00:32:47,  420411 sec) expect()             Attempt to read prompt string [login:] failed.
(Jun 13 2017 00:32:47,  420411 sec) login()              Login prompt not received.
(Jun 13 2017 00:33:14,  420439 sec) CLogin()             Connection 14 established in 252 seconds.
(Jun 13 2017 00:33:44,  420468 sec) expect()             Attempt to read prompt string [login:] failed.
(Jun 13 2017 00:33:44,  420468 sec) login()              Login prompt not received.
(Jun 13 2017 00:34:14,  420498 sec) expect()             Attempt to read prompt string [login:] failed.
(Jun 13 2017 00:34:14,  420498 sec) login()              Login prompt not received.
(Jun 13 2017 00:34:14,  420498 sec) CLogin()             Attempt to connect to primary and alternate hosts failed - aborting.
(Jun 13 2017 00:34:14,  420499 sec) UpLoad()             Files successfully uploaded: 0
(Jun 13 2017 00:34:15,  420499 sec) UpLoad()             Aborting upload: Retry limit [2] exceeded. Upload incomplete.
(Jun 13 2017 00:34:15,  420499 sec) logout()             No carrier detected.
(Jun 13 2017 00:34:15,  420499 sec) Telemetry()          Telemetry cycle complete: PrfId=36 ConnectionAttempts=16  Connections=14
(Jun 13 2017 00:49:30,  421414 sec) AirSystem()          Air-bladder inflation by-passed. Barometer: [127cnt, 6.8"Hg].
(Jun 13 2017 00:51:33,  421538 sec) Telemetry()          SkySearch failed - adding buoyancy to reach the surface.
(Jun 13 2017 00:51:33,  421538 sec) PistonMoveAbsWTO()    192->214 193 194 195 196 197 198 199 200 201 202 203 204 205 206 207 208 209 210 211 212 213 214 [109sec, 14.5Volts, 0.177Amps, CPT:2581sec]
(Jun 13 2017 01:08:37,  422561 sec) AirSystem()          Air-bladder inflation by-passed. Barometer: [127cnt, 6.8"Hg].
(Jun 13 2017 01:09:22,  422606 sec) GetSurfaceObs()      P/O2,T2,TPhase,RPhase,RawTemp/FSig,BbSig,TSig: -0.2dbars / 222.5uM 28.828C 29.705 8.858 -188.010 / 101,169,527
(Jun 13 2017 01:09:27,  422612 sec) GpsServices()        GPS almanac is current.
(Jun 13 2017 01:09:27,  422612 sec) GpsServices()        Initiating GPS fix acquisition.
(Jun 13 2017 01:09:43,  422627 sec) gga()                $GPGGA,010930,1715.6346,N,08951.6974,E,0,00,,,M,,M,,*5A
(Jun 13 2017 01:10:26,  422670 sec) gga()                $GPGGA,010940,1714.9682,N,08952.5873,E,1,08,1.0,10.5,M,-67.4,M,,*52
(Jun 13 2017 01:10:26,  422671 sec) GpsServices()        Profile 36 GPS fix obtained in 58 seconds.
(Jun 13 2017 01:10:27,  422671 sec) GpsServices()                  lon     lat mm/dd/yyyy hhmmss nsat
(Jun 13 2017 01:10:27,  422671 sec) GpsServices()        Fix:   89.876  17.249 06/13/2017 010940    8
(Jun 13 2017 01:11:14,  422719 sec) gga()                $GPGGA,011030,1714.9599,N,08952.5953,E,1,08,1.0,3.9,M,-67.4,M,,*69
(Jun 13 2017 01:11:22,  422726 sec) gga()                $GPGGA,011120,1714.9488,N,08952.6022,E,1,09,0.9,6.5,M,-67.4,M,,*64
(Jun 13 2017 01:11:22,  422727 sec) GpsServices()        APF9 RTC skew (2s) OK.
(Jun 13 2017 01:11:22,  422727 sec) GpsServices()        GPS services complete.
(Jun 13 2017 01:12:12,  422777 sec) CLogin()             Connecting to primary host.
(Jun 13 2017 01:13:13,  422837 sec) chat()               Expected string [CONNECT] not received.
(Jun 13 2017 01:13:13,  422837 sec) modem_connect()      Modem command [AT+CBST=71,0,1;DT0088160000573] failed.
(Jun 13 2017 01:13:13,  422837 sec) connect()            Connection attempt failed.
(Jun 13 2017 01:13:41,  422865 sec) CLogin()             Connection 15 established in 89 seconds.
(Jun 13 2017 01:14:11,  422895 sec) expect()             Attempt to read prompt string [login:] failed.
(Jun 13 2017 01:14:11,  422895 sec) login()              Login prompt not received.
(Jun 13 2017 01:14:41,  422925 sec) expect()             Attempt to read prompt string [login:] failed.
(Jun 13 2017 01:14:41,  422925 sec) login()              Login prompt not received.
(Jun 13 2017 01:14:41,  422925 sec) CLogin()             Attempt to connect to primary host failed after 2 tries.  Connecting to alternate host.
(Jun 13 2017 01:15:01,  422945 sec) CLogin()             Connection 16 established in 169 seconds.
(Jun 13 2017 01:15:31,  422975 sec) expect()             Attempt to read prompt string [login:] failed.
(Jun 13 2017 01:15:31,  422975 sec) login()              Login prompt not received.
(Jun 13 2017 01:16:01,  423005 sec) expect()             Attempt to read prompt string [login:] failed.
(Jun 13 2017 01:16:01,  423005 sec) login()              Login prompt not received.
(Jun 13 2017 01:16:25,  423029 sec) CLogin()             Connection 17 established in 253 seconds.
(Jun 13 2017 01:16:55,  423059 sec) expect()             Attempt to read prompt string [login:] failed.
(Jun 13 2017 01:16:55,  423059 sec) login()              Login prompt not received.
(Jun 13 2017 01:16:55,  423059 sec) login()              No carrier detected.
(Jun 13 2017 01:16:55,  423060 sec) CLogin()             Attempt to connect to primary and alternate hosts failed - aborting.
(Jun 13 2017 01:16:56,  423060 sec) DownLoadMissionCfg(  Connect/login failed.  Mission configuration not downloaded from remote host.
(Jun 13 2017 01:17:02,  423066 sec) CLogin()             Connecting to primary host.
(Jun 13 2017 01:17:21,  423086 sec) CLogin()             Connection 18 established in 20 seconds.
(Jun 13 2017 01:17:52,  423116 sec) expect()             Attempt to read prompt string [login:] failed.
(Jun 13 2017 01:17:52,  423116 sec) login()              Login prompt not received.
(Jun 13 2017 01:18:22,  423146 sec) expect()             Attempt to read prompt string [login:] failed.
(Jun 13 2017 01:18:22,  423146 sec) login()              Login prompt not received.
(Jun 13 2017 01:18:35,  423159 sec) CLogin()             Connection 19 established in 94 seconds.
(Jun 13 2017 01:19:05,  423189 sec) expect()             Attempt to read prompt string [login:] failed.
(Jun 13 2017 01:19:05,  423189 sec) login()              Login prompt not received.
(Jun 13 2017 01:19:35,  423219 sec) expect()             Attempt to read prompt string [login:] failed.
(Jun 13 2017 01:19:35,  423219 sec) login()              Login prompt not received.
(Jun 13 2017 01:19:35,  423219 sec) CLogin()             Attempt to connect to primary host failed after 2 tries.  Connecting to alternate host.
(Jun 13 2017 01:19:59,  423243 sec) CLogin()             Connection 20 established in 178 seconds.
(Jun 13 2017 01:20:29,  423273 sec) expect()             Attempt to read prompt string [login:] failed.
(Jun 13 2017 01:20:29,  423273 sec) login()              Login prompt not received.
(Jun 13 2017 01:20:29,  423273 sec) login()              No carrier detected.
(Jun 13 2017 01:20:51,  423295 sec) CLogin()             Connection 21 established in 230 seconds.
(Jun 13 2017 01:21:21,  423325 sec) expect()             Attempt to read prompt string [login:] failed.
(Jun 13 2017 01:21:21,  423325 sec) login()              Login prompt not received.
(Jun 13 2017 01:21:51,  423355 sec) expect()             Attempt to read prompt string [login:] failed.
(Jun 13 2017 01:21:51,  423355 sec) login()              Login prompt not received.
(Jun 13 2017 01:21:51,  423355 sec) CLogin()             Attempt to connect to primary and alternate hosts failed - aborting.
(Jun 13 2017 01:21:51,  423356 sec) DownLoadMissionCfg(  Connect/login failed.  Mission configuration not downloaded from remote host.
(Jun 13 2017 01:21:52,  423356 sec) DownLoadMissionCfg(  Aborting download: Retry limit [2] exceeded.
(Jun 13 2017 01:21:52,  423356 sec) WriteVitals()        Writing vitals to "7825.036.msg".
(Jun 13 2017 01:21:56,  423361 sec) CLogin()             Connecting to primary host.
(Jun 13 2017 01:22:57,  423421 sec) chat()               Expected string [CONNECT] not received.
(Jun 13 2017 01:22:57,  423421 sec) modem_connect()      Modem command [AT+CBST=71,0,1;DT0088160000573] failed.
(Jun 13 2017 01:22:57,  423421 sec) connect()            Connection attempt failed.
(Jun 13 2017 01:23:58,  423482 sec) chat()               Expected string [CONNECT] not received.
(Jun 13 2017 01:23:58,  423482 sec) modem_connect()      Modem command [AT+CBST=71,0,1;DT0088160000573] failed.
(Jun 13 2017 01:23:58,  423482 sec) connect()            Connection attempt failed.
(Jun 13 2017 01:23:58,  423483 sec) CLogin()             Attempt to connect to primary host failed after 2 tries.  Connecting to alternate host.
(Jun 13 2017 01:24:59,  423543 sec) chat()               Expected string [CONNECT] not received.
(Jun 13 2017 01:24:59,  423543 sec) modem_connect()      Modem command [ATDT0013014291790] failed.
(Jun 13 2017 01:24:59,  423543 sec) connect()            Connection attempt failed.
(Jun 13 2017 01:26:00,  423604 sec) chat()               Expected string [CONNECT] not received.
(Jun 13 2017 01:26:00,  423604 sec) modem_connect()      Modem command [ATDT0013014291790] failed.
(Jun 13 2017 01:26:00,  423604 sec) connect()            Connection attempt failed.
(Jun 13 2017 01:26:00,  423605 sec) CLogin()             Attempt to connect to primary and alternate hosts failed - aborting.
(Jun 13 2017 01:26:02,  423606 sec) CLogin()             Connecting to primary host.
(Jun 13 2017 01:27:03,  423667 sec) chat()               Expected string [CONNECT] not received.
(Jun 13 2017 01:27:03,  423667 sec) modem_connect()      Modem command [AT+CBST=71,0,1;DT0088160000573] failed.
(Jun 13 2017 01:27:03,  423667 sec) connect()            Connection attempt failed.
(Jun 13 2017 01:27:14,  423678 sec) CLogin()             Connection 22 established in 73 seconds.
(Jun 13 2017 01:27:44,  423708 sec) expect()             Attempt to read prompt string [login:] failed.
(Jun 13 2017 01:27:44,  423708 sec) login()              Login prompt not received.
(Jun 13 2017 01:28:14,  423738 sec) expect()             Attempt to read prompt string [login:] failed.
(Jun 13 2017 01:28:14,  423738 sec) login()              Login prompt not received.
(Jun 13 2017 01:28:14,  423738 sec) CLogin()             Attempt to connect to primary host failed after 2 tries.  Connecting to alternate host.
(Jun 13 2017 01:28:44,  423768 sec) CLogin()             Connection 23 established in 163 seconds.
(Jun 13 2017 01:29:14,  423798 sec) expect()             Attempt to read prompt string [login:] failed.
(Jun 13 2017 01:29:14,  423798 sec) login()              Login prompt not received.
(Jun 13 2017 01:29:44,  423828 sec) expect()             Attempt to read prompt string [login:] failed.
(Jun 13 2017 01:29:44,  423828 sec) login()              Login prompt not received.
(Jun 13 2017 01:30:08,  423852 sec) CLogin()             Connection 24 established in 247 seconds.
(Jun 13 2017 01:31:05,  423909 sec) expect()             Attempt to read prompt string [Password:] failed.
(Jun 13 2017 01:31:05,  423909 sec) login()              Password prompt not received.
(Jun 13 2017 01:31:05,  423909 sec) login()              No carrier detected.
(Jun 13 2017 01:31:05,  423910 sec) CLogin()             Attempt to connect to primary and alternate hosts failed - aborting.
(Jun 13 2017 01:31:06,  423910 sec) UpLoad()             Files successfully uploaded: 0
(Jun 13 2017 01:31:06,  423910 sec) UpLoad()             Aborting upload: Retry limit [2] exceeded. Upload incomplete.
(Jun 13 2017 01:31:06,  423910 sec) logout()             No carrier detected.
(Jun 13 2017 01:31:06,  423911 sec) Telemetry()          Telemetry cycle complete: PrfId=36 ConnectionAttempts=32  Connections=24
(Jun 13 2017 01:46:21,  424825 sec) AirSystem()          Air-bladder inflation by-passed. Barometer: [128cnt, 7.1"Hg].
(Jun 13 2017 01:47:06,  424870 sec) GetSurfaceObs()      P/O2,T2,TPhase,RPhase,RawTemp/FSig,BbSig,TSig: -0.2dbars / 222.0uM 29.026C 29.655 8.846 -194.076 / 99,166,527
(Jun 13 2017 01:47:11,  424876 sec) GpsServices()        GPS almanac is current.
(Jun 13 2017 01:47:11,  424876 sec) GpsServices()        Initiating GPS fix acquisition.
(Jun 13 2017 01:48:05,  424929 sec) gga()                $GPGGA,014720,1714.4700,N,08952.7725,E,6,09,1.0,10.7,M,-67.4,M,,*52
(Jun 13 2017 01:48:48,  424972 sec) gga()                $GPGGA,014730,1714.4678,N,08952.7722,E,1,08,1.0,5.4,M,-67.4,M,,*6B
(Jun 13 2017 01:48:48,  424973 sec) GpsServices()        Profile 36 GPS fix obtained in 97 seconds.
(Jun 13 2017 01:48:48,  424973 sec) GpsServices()                  lon     lat mm/dd/yyyy hhmmss nsat
(Jun 13 2017 01:48:49,  424973 sec) GpsServices()        Fix:   89.880  17.241 06/13/2017 014730    8
(Jun 13 2017 01:49:34,  425019 sec) gga()                $GPGGA,014850,1714.4448,N,08952.7727,E,1,09,1.0,9.6,M,-67.4,M,,*69
(Jun 13 2017 01:49:42,  425026 sec) gga()                $GPGGA,014940,1714.4311,N,08952.7726,E,1,08,1.0,11.7,M,-67.4,M,,*5A
(Jun 13 2017 01:49:42,  425027 sec) GpsServices()        APF9 RTC skew (2s) OK.
(Jun 13 2017 01:49:42,  425027 sec) GpsServices()        GPS services complete.
(Jun 13 2017 01:50:32,  425077 sec) CLogin()             Connecting to primary host.
(Jun 13 2017 01:51:10,  425114 sec) CLogin()             Connection 25 established in 38 seconds.
(Jun 13 2017 01:51:40,  425144 sec) expect()             Attempt to read prompt string [login:] failed.
(Jun 13 2017 01:51:40,  425144 sec) login()              Login prompt not received.
(Jun 13 2017 01:51:40,  425144 sec) login()              No carrier detected.
(Jun 13 2017 01:51:55,  425160 sec) CLogin()             Connection 26 established in 83 seconds.
(Jun 13 2017 01:52:26,  425190 sec) expect()             Attempt to read prompt string [login:] failed.
(Jun 13 2017 01:52:26,  425190 sec) login()              Login prompt not received.
(Jun 13 2017 01:52:56,  425220 sec) expect()             Attempt to read prompt string [login:] failed.
(Jun 13 2017 01:52:56,  425220 sec) login()              Login prompt not received.
(Jun 13 2017 01:52:56,  425220 sec) CLogin()             Attempt to connect to primary host failed after 2 tries.  Connecting to alternate host.
(Jun 13 2017 01:53:56,  425280 sec) CLogin()             Connection 27 established in 204 seconds.
(Jun 13 2017 01:54:26,  425310 sec) expect()             Attempt to read prompt string [login:] failed.
(Jun 13 2017 01:54:26,  425310 sec) login()              Login prompt not received.
(Jun 13 2017 01:54:56,  425340 sec) expect()             Attempt to read prompt string [login:] failed.
(Jun 13 2017 01:54:56,  425340 sec) login()              Login prompt not received.
(Jun 13 2017 01:55:50,  425394 sec) CLogin()             Connection 28 established in 318 seconds.
(Jun 13 2017 01:56:20,  425424 sec) expect()             Attempt to read prompt string [login:] failed.
(Jun 13 2017 01:56:20,  425424 sec) login()              Login prompt not received.
(Jun 13 2017 01:57:02,  425466 sec) expect()             Attempt to read prompt string [Password:] failed.
(Jun 13 2017 01:57:02,  425466 sec) login()              Password prompt not received.
(Jun 13 2017 01:57:02,  425466 sec) CLogin()             Attempt to connect to primary and alternate hosts failed - aborting.
(Jun 13 2017 01:57:02,  425467 sec) DownLoadMissionCfg(  Connect/login failed.  Mission configuration not downloaded from remote host.
(Jun 13 2017 01:57:09,  425473 sec) CLogin()             Connecting to primary host.
(Jun 13 2017 01:57:25,  425489 sec) CLogin()             Connection 29 established in 17 seconds.
(Jun 13 2017 01:57:55,  425519 sec) expect()             Attempt to read prompt string [login:] failed.
(Jun 13 2017 01:57:55,  425519 sec) login()              Login prompt not received.
(Jun 13 2017 01:58:25,  425549 sec) expect()             Attempt to read prompt string [login:] failed.
(Jun 13 2017 01:58:25,  425549 sec) login()              Login prompt not received.
(Jun 13 2017 01:58:39,  425563 sec) CLogin()             Connection 30 established in 91 seconds.
(Jun 13 2017 01:59:09,  425593 sec) expect()             Attempt to read prompt string [login:] failed.
(Jun 13 2017 01:59:09,  425593 sec) login()              Login prompt not received.
(Jun 13 2017 01:59:09,  425593 sec) login()              No carrier detected.
(Jun 13 2017 01:59:09,  425594 sec) CLogin()             Attempt to connect to primary host failed after 2 tries.  Connecting to alternate host.
(Jun 13 2017 02:00:10,  425654 sec) chat()               Expected string [CONNECT] not received.
(Jun 13 2017 02:00:10,  425654 sec) modem_connect()      Modem command [ATDT0013014291790] failed.
(Jun 13 2017 02:00:10,  425654 sec) connect()            Connection attempt failed.
(Jun 13 2017 02:01:11,  425715 sec) chat()               Expected string [CONNECT] not received.
(Jun 13 2017 02:01:11,  425715 sec) modem_connect()      Modem command [ATDT0013014291790] failed.
(Jun 13 2017 02:01:11,  425715 sec) connect()            Connection attempt failed.
(Jun 13 2017 02:01:11,  425716 sec) CLogin()             Attempt to connect to primary and alternate hosts failed - aborting.
(Jun 13 2017 02:01:12,  425716 sec) DownLoadMissionCfg(  Connect/login failed.  Mission configuration not downloaded from remote host.
(Jun 13 2017 02:01:12,  425716 sec) DownLoadMissionCfg(  Aborting download: Retry limit [2] exceeded.
(Jun 13 2017 02:01:12,  425716 sec) WriteVitals()        Writing vitals to "7825.036.msg".
(Jun 13 2017 02:01:17,  425721 sec) CLogin()             Connecting to primary host.
(Jun 13 2017 02:01:28,  425733 sec) CLogin()             Connection 31 established in 12 seconds.
(Jun 13 2017 02:01:58,  425762 sec) expect()             Attempt to read prompt string [login:] failed.
(Jun 13 2017 02:01:58,  425762 sec) login()              Login prompt not received.
(Jun 13 2017 02:01:58,  425762 sec) login()              No carrier detected.
(Jun 13 2017 02:02:14,  425778 sec) CLogin()             Connection 32 established in 58 seconds.
(Jun 13 2017 02:02:44,  425808 sec) expect()             Attempt to read prompt string [login:] failed.
(Jun 13 2017 02:02:44,  425808 sec) login()              Login prompt not received.
(Jun 13 2017 02:03:14,  425838 sec) expect()             Attempt to read prompt string [login:] failed.
(Jun 13 2017 02:03:14,  425838 sec) login()              Login prompt not received.
(Jun 13 2017 02:03:14,  425838 sec) CLogin()             Attempt to connect to primary host failed after 2 tries.  Connecting to alternate host.
(Jun 13 2017 02:03:51,  425876 sec) CLogin()             Connection 33 established in 155 seconds.
(Jun 13 2017 02:04:21,  425905 sec) expect()             Attempt to read prompt string [login:] failed.
(Jun 13 2017 02:04:21,  425905 sec) login()              Login prompt not received.
(Jun 13 2017 02:04:51,  425935 sec) expect()             Attempt to read prompt string [login:] failed.
(Jun 13 2017 02:04:51,  425935 sec) login()              Login prompt not received.
(Jun 13 2017 02:05:11,  425956 sec) CLogin()             Connection 34 established in 235 seconds.
(Jun 13 2017 02:05:41,  425985 sec) expect()             Attempt to read prompt string [login:] failed.
(Jun 13 2017 02:05:41,  425985 sec) login()              Login prompt not received.
(Jun 13 2017 02:06:11,  426015 sec) expect()             Attempt to read prompt string [login:] failed.
(Jun 13 2017 02:06:11,  426015 sec) login()              Login prompt not received.
(Jun 13 2017 02:06:11,  426015 sec) CLogin()             Attempt to connect to primary and alternate hosts failed - aborting.
(Jun 13 2017 02:06:12,  426017 sec) CLogin()             Connecting to primary host.
(Jun 13 2017 02:06:27,  426032 sec) CLogin()             Connection 35 established in 15 seconds.
(Jun 13 2017 02:06:58,  426062 sec) expect()             Attempt to read prompt string [login:] failed.
(Jun 13 2017 02:06:58,  426062 sec) login()              Login prompt not received.
(Jun 13 2017 02:07:28,  426092 sec) expect()             Attempt to read prompt string [login:] failed.
(Jun 13 2017 02:07:28,  426092 sec) login()              Login prompt not received.
(Jun 13 2017 02:07:37,  426101 sec) CLogin()             Connection 36 established in 85 seconds.
(Jun 13 2017 02:08:07,  426131 sec) expect()             Attempt to read prompt string [login:] failed.
(Jun 13 2017 02:08:07,  426131 sec) login()              Login prompt not received.
(Jun 13 2017 02:08:37,  426161 sec) expect()             Attempt to read prompt string [login:] failed.
(Jun 13 2017 02:08:37,  426161 sec) login()              Login prompt not received.
(Jun 13 2017 02:08:37,  426161 sec) CLogin()             Attempt to connect to primary host failed after 2 tries.  Connecting to alternate host.
(Jun 13 2017 02:09:15,  426199 sec) CLogin()             Connection 37 established in 183 seconds.
(Jun 13 2017 02:09:45,  426229 sec) expect()             Attempt to read prompt string [login:] failed.
(Jun 13 2017 02:09:45,  426229 sec) login()              Login prompt not received.
(Jun 13 2017 02:09:45,  426229 sec) login()              No carrier detected.
(Jun 13 2017 02:10:09,  426254 sec) CLogin()             Connection 38 established in 237 seconds.
(Jun 13 2017 02:10:40,  426284 sec) expect()             Attempt to read prompt string [login:] failed.
(Jun 13 2017 02:10:40,  426284 sec) login()              Login prompt not received.
(Jun 13 2017 02:11:12,  426316 sec) expect()             Attempt to read prompt string [Last login:] failed.
(Jun 13 2017 02:11:12,  426316 sec) login()              Login failed.
(Jun 13 2017 02:11:12,  426316 sec) CLogin()             Attempt to connect to primary and alternate hosts failed - aborting.
(Jun 13 2017 02:11:12,  426317 sec) UpLoad()             Files successfully uploaded: 0
(Jun 13 2017 02:11:13,  426317 sec) UpLoad()             Aborting upload: Retry limit [2] exceeded. Upload incomplete.
(Jun 13 2017 02:11:13,  426317 sec) logout()             No carrier detected.
(Jun 13 2017 02:11:13,  426317 sec) Telemetry()          Telemetry cycle complete: PrfId=36 ConnectionAttempts=48  Connections=38
(Jun 13 2017 02:26:28,  427232 sec) AirSystem()          Air-bladder inflation by-passed. Barometer: [128cnt, 7.1"Hg].
(Jun 13 2017 02:27:37,  427301 sec) GetSurfaceObs()      P/O2,T2,TPhase,RPhase,RawTemp/FSig,BbSig,TSig: -0.2dbars / 222.1uM 29.193C 29.588 8.836 -199.181 / 109,165,527
(Jun 13 2017 02:27:42,  427307 sec) GpsServices()        GPS almanac is current.
(Jun 13 2017 02:27:42,  427307 sec) GpsServices()        Initiating GPS fix acquisition.
(Jun 13 2017 02:28:35,  427360 sec) gga()                $GPGGA,022750,1713.8691,N,08952.7369,E,1,06,1.8,0.5,M,-67.4,M,,*6D
(Jun 13 2017 02:28:35,  427360 sec) GpsServices()        Profile 36 GPS fix obtained in 52 seconds.
(Jun 13 2017 02:28:36,  427360 sec) GpsServices()                  lon     lat mm/dd/yyyy hhmmss nsat
(Jun 13 2017 02:28:36,  427360 sec) GpsServices()        Fix:   89.879  17.231 06/13/2017 022750    6
(Jun 13 2017 02:29:24,  427409 sec) gga()                $GPGGA,022840,1713.8617,N,08952.7395,E,1,06,1.8,5.1,M,-67.4,M,,*6F
(Jun 13 2017 02:29:32,  427416 sec) gga()                $GPGGA,022930,1713.8499,N,08952.7444,E,1,09,1.0,-1.6,M,-67.4,M,,*4F
(Jun 13 2017 02:29:32,  427417 sec) GpsServices()        APF9 RTC skew (2s) OK.
(Jun 13 2017 02:29:32,  427417 sec) GpsServices()        GPS services complete.
(Jun 13 2017 02:30:06,  427451 sec) CLogin()             Connecting to primary host.
(Jun 13 2017 02:30:22,  427466 sec) CLogin()             Connection 39 established in 16 seconds.
(Jun 13 2017 02:30:52,  427496 sec) expect()             Attempt to read prompt string [login:] failed.
(Jun 13 2017 02:30:52,  427496 sec) login()              Login prompt not received.
(Jun 13 2017 02:31:22,  427526 sec) expect()             Attempt to read prompt string [login:] failed.
(Jun 13 2017 02:31:22,  427526 sec) login()              Login prompt not received.
(Jun 13 2017 02:31:33,  427537 sec) CLogin()             Connection 40 established in 87 seconds.
(Jun 13 2017 02:32:03,  427567 sec) expect()             Attempt to read prompt string [login:] failed.
(Jun 13 2017 02:32:03,  427567 sec) login()              Login prompt not received.
(Jun 13 2017 02:32:33,  427597 sec) expect()             Attempt to read prompt string [login:] failed.
(Jun 13 2017 02:32:33,  427597 sec) login()              Login prompt not received.
(Jun 13 2017 02:32:33,  427597 sec) CLogin()             Attempt to connect to primary host failed after 2 tries.  Connecting to alternate host.
(Jun 13 2017 02:32:53,  427617 sec) CLogin()             Connection 41 established in 167 seconds.
(Jun 13 2017 02:33:23,  427647 sec) expect()             Attempt to read prompt string [login:] failed.
(Jun 13 2017 02:33:23,  427647 sec) login()              Login prompt not received.
(Jun 13 2017 02:33:23,  427647 sec) login()              No carrier detected.
(Jun 13 2017 02:34:24,  427708 sec) chat()               Expected string [CONNECT] not received.
(Jun 13 2017 02:34:24,  427708 sec) modem_connect()      Modem command [ATDT0013014291790] failed.
(Jun 13 2017 02:34:24,  427708 sec) connect()            Connection attempt failed.
(Jun 13 2017 02:34:24,  427709 sec) CLogin()             Attempt to connect to primary and alternate hosts failed - aborting.
(Jun 13 2017 02:34:25,  427709 sec) DownLoadMissionCfg(  Connect/login failed.  Mission configuration not downloaded from remote host.
(Jun 13 2017 02:34:31,  427715 sec) CLogin()             Connecting to primary host.
(Jun 13 2017 02:34:37,  427721 sec) chat()               Expected string [OK] not received.
(Jun 13 2017 02:34:37,  427721 sec) modem_restore_facto  Modem command [AT&F0] failed.
(Jun 13 2017 02:34:37,  427721 sec) modem_initialize()   Unable to restore modem's factory defaults.
(Jun 13 2017 02:34:37,  427722 sec) modem_connect()      Modem configuration failed.
(Jun 13 2017 02:34:37,  427722 sec) connect()            Connection attempt failed.
(Jun 13 2017 02:34:46,  427730 sec) CLogin()             Connection 42 established in 16 seconds.
(Jun 13 2017 02:35:16,  427760 sec) expect()             Attempt to read prompt string [login:] failed.
(Jun 13 2017 02:35:16,  427760 sec) login()              Login prompt not received.
(Jun 13 2017 02:35:46,  427790 sec) expect()             Attempt to read prompt string [login:] failed.
(Jun 13 2017 02:35:46,  427790 sec) login()              Login prompt not received.
(Jun 13 2017 02:35:46,  427790 sec) CLogin()             Attempt to connect to primary host failed after 2 tries.  Connecting to alternate host.
(Jun 13 2017 02:36:06,  427811 sec) CLogin()             Connection 43 established in 96 seconds.
(Jun 13 2017 02:36:36,  427840 sec) expect()             Attempt to read prompt string [login:] failed.
(Jun 13 2017 02:36:36,  427840 sec) login()              Login prompt not received.
(Jun 13 2017 02:36:36,  427840 sec) login()              No carrier detected.
(Jun 13 2017 02:37:08,  427872 sec) CLogin()             Connection 44 established in 158 seconds.
(Jun 13 2017 02:37:38,  427902 sec) expect()             Attempt to read prompt string [login:] failed.
(Jun 13 2017 02:37:38,  427902 sec) login()              Login prompt not received.
(Jun 13 2017 02:38:08,  427932 sec) expect()             Attempt to read prompt string [login:] failed.
(Jun 13 2017 02:38:08,  427932 sec) login()              Login prompt not received.
(Jun 13 2017 02:38:08,  427932 sec) CLogin()             Attempt to connect to primary and alternate hosts failed - aborting.
(Jun 13 2017 02:38:08,  427933 sec) DownLoadMissionCfg(  Connect/login failed.  Mission configuration not downloaded from remote host.
(Jun 13 2017 02:38:09,  427933 sec) DownLoadMissionCfg(  Aborting download: Retry limit [2] exceeded.
(Jun 13 2017 02:38:09,  427933 sec) WriteVitals()        Writing vitals to "7825.036.msg".
(Jun 13 2017 02:38:14,  427938 sec) CLogin()             Connecting to primary host.
(Jun 13 2017 02:38:26,  427950 sec) CLogin()             Connection 45 established in 13 seconds.
(Jun 13 2017 02:38:56,  427980 sec) expect()             Attempt to read prompt string [login:] failed.
(Jun 13 2017 02:38:56,  427980 sec) login()              Login prompt not received.
(Jun 13 2017 02:39:26,  428010 sec) expect()             Attempt to read prompt string [login:] failed.
(Jun 13 2017 02:39:26,  428010 sec) login()              Login prompt not received.
(Jun 13 2017 02:39:40,  428024 sec) CLogin()             Connection 46 established in 87 seconds.
(Jun 13 2017 02:40:10,  428054 sec) expect()             Attempt to read prompt string [login:] failed.
(Jun 13 2017 02:40:10,  428054 sec) login()              Login prompt not received.


(Jun 13 2017 02:40:40) LogSize()            Log file is 38965 bytes.  Limit is 40960 bytes.

(Jun 13 2017 02:40:40,  428084 sec) expect()             Attempt to read prompt string [login:] failed.
(Jun 13 2017 02:40:40,  428084 sec) login()              Login prompt not received.
(Jun 13 2017 02:40:40,  428084 sec) CLogin()             Attempt to connect to primary host failed after 2 tries.  Connecting to alternate host.
(Jun 13 2017 02:41:06,  428110 sec) CLogin()             Connection 47 established in 173 seconds.
(Jun 13 2017 02:41:36,  428140 sec) expect()             Attempt to read prompt string [login:] failed.
(Jun 13 2017 02:41:36,  428140 sec) login()              Login prompt not received.
(Jun 13 2017 02:42:06,  428170 sec) expect()             Attempt to read prompt string [login:] failed.
(Jun 13 2017 02:42:06,  428170 sec) login()              Login prompt not received.
(Jun 13 2017 02:42:32,  428197 sec) CLogin()             Connection 48 established in 259 seconds.
(Jun 13 2017 02:43:03,  428227 sec) expect()             Attempt to read prompt string [login:] failed.
(Jun 13 2017 02:43:03,  428227 sec) login()              Login prompt not received.
(Jun 13 2017 02:43:03,  428227 sec) login()              No carrier detected.
(Jun 13 2017 02:43:03,  428227 sec) CLogin()             Attempt to connect to primary and alternate hosts failed - aborting.
(Jun 13 2017 02:43:05,  428229 sec) CLogin()             Connecting to primary host.
(Jun 13 2017 02:43:22,  428246 sec) CLogin()             Connection 49 established in 18 seconds.
(Jun 13 2017 02:43:52,  428276 sec) expect()             Attempt to read prompt string [login:] failed.
(Jun 13 2017 02:43:52,  428276 sec) login()              Login prompt not received.

<EOT>
