(Sep 23 2017 16:08:11,  416198 sec) TelemetryInit()      Profile 57. (Apf9i FwRev: 061016)
(Sep 23 2017 16:15:01,  416608 sec) AirSystem()          Battery [189cnt, 14.7V]  Current [65cnt, 261.9mA]  Barometer [127cnt, 6.8"Hg]  Run-Time [45s]
(Sep 23 2017 16:15:46,  416653 sec) GetSurfaceObs()      P/O2,T2,TPhase,RPhase,RawTemp/FSig,BbSig,TSig: -0.2dbars / 228.5uM 27.824C 29.787 8.781 -157.116 / 65,147,527
(Sep 23 2017 16:15:51,  416658 sec) GpsServices()        GPS almanac is current.
(Sep 23 2017 16:15:51,  416658 sec) GpsServices()        Initiating GPS fix acquisition.
(Sep 23 2017 16:16:06,  416673 sec) gga()                $GPGGA,161530,1644.1329,N,09121.9865,E,0,00,,,M,,M,,*5A
(Sep 23 2017 16:16:21,  416688 sec) gga()                $GPGGA,161550,1644.1329,N,09121.9865,E,0,00,,,M,,M,,*5C
(Sep 23 2017 16:17:04,  416731 sec) gga()                $GPGGA,161600,1647.2065,N,09130.7872,E,1,10,0.8,3.2,M,-62.6,M,,*61
(Sep 23 2017 16:17:05,  416732 sec) GpsServices()        Profile 57 GPS fix obtained in 73 seconds.
(Sep 23 2017 16:17:05,  416732 sec) GpsServices()                  lon     lat mm/dd/yyyy hhmmss nsat
(Sep 23 2017 16:17:05,  416732 sec) GpsServices()        Fix:   91.513  16.787 09/23/2017 161600   10
(Sep 23 2017 16:17:53,  416780 sec) gga()                $GPGGA,161650,1647.2097,N,09130.7978,E,1,10,0.8,4.6,M,-62.6,M,,*61
(Sep 23 2017 16:18:00,  416787 sec) gga()                $GPGGA,161740,1647.2141,N,09130.8083,E,1,10,0.8,4.4,M,-62.6,M,,*6B
(Sep 23 2017 16:18:01,  416788 sec) GpsServices()        APF9 RTC skew (21s) OK.
(Sep 23 2017 16:18:01,  416788 sec) GpsServices()        GPS services complete.
(Sep 23 2017 16:18:51,  416838 sec) CLogin()             Connecting to primary host.
(Sep 23 2017 16:19:52,  416899 sec) chat()               Expected string [CONNECT] not received.
(Sep 23 2017 16:19:52,  416899 sec) modem_connect()      Modem command [AT+CBST=71,0,1;DT0088160000573] failed.
(Sep 23 2017 16:19:52,  416899 sec) connect()            Connection attempt failed.
(Sep 23 2017 16:20:18,  416925 sec) CLogin()             Connection 1 established in 87 seconds.
(Sep 23 2017 16:20:27,  416934 sec) login()              Login successful.
(Sep 23 2017 16:20:30,  416937 sec) CLogin()             Logged in to host.  [Login required 12 seconds]
(Sep 23 2017 16:20:42,  416949 sec) RxConfig()           Downloading "mission.cfg" from host.
(Sep 23 2017 16:20:45,  416952 sec) Rx()                 Initiating transfer. [0x43]
(Sep 23 2017 16:20:51,  416958 sec) Rx()                 Pad character [0x1a] found in ascii mode - truncating packet.
(Sep 23 2017 16:20:56,  416963 sec) Rx()                 Received EOT - transfer complete. [1 packets, 1024 bytes, 11 sec, 93.1 bps]
(Sep 23 2017 16:20:56,  416963 sec) RxConfig()           Download successful.
(Sep 23 2017 16:21:19,  416986 sec) WriteVitals()        Writing vitals to "7825.057.msg".
(Sep 23 2017 16:21:34,  417001 sec) UpLoadFile()         Uploading "7825.057.msg" to host as "7825.057.msg".
(Sep 23 2017 16:21:37,  417004 sec) Tx()                 CRC negotiation successful. [16-bit CRC]
(Sep 23 2017 16:21:45,  417012 sec) TxPacket()           Invalid response [0x61] - resending packet. [PktNum=0x01]
(Sep 23 2017 16:21:45,  417012 sec) TxPacket()           Packet xmit history: [01110001] (0:ok, 1:fail).
(Sep 23 2017 16:23:03,  417090 sec) TxPacket()           NAK received - resending packet. [PktNum=0x0d]
(Sep 23 2017 16:23:04,  417091 sec) TxPacket()           Packet xmit history: [00000001] (0:ok, 1:fail).
(Sep 23 2017 16:23:08,  417095 sec) TxPacket()           NAK received - resending packet. [PktNum=0x0d]
(Sep 23 2017 16:23:09,  417096 sec) TxPacket()           Packet xmit history: [00000011] (0:ok, 1:fail).
(Sep 23 2017 16:23:47,  417134 sec) Tx()                 Transmission completed successfully [18 packets, 17152 bytes, 129 sec, 135.9 bps]
(Sep 23 2017 16:23:47,  417134 sec) UpLoadFile()         Upload successful.
(Sep 23 2017 16:23:58,  417145 sec) UpLoadFile()         Uploading "7825.057.log" to host as "7825.057.log".
(Sep 23 2017 16:24:01,  417148 sec) Tx()                 CRC negotiation successful. [16-bit CRC]
(Sep 23 2017 16:25:47,  417254 sec) TxPacket()           NAK received - resending packet. [PktNum=0x12]
(Sep 23 2017 16:25:48,  417255 sec) TxPacket()           Packet xmit history: [00000001] (0:ok, 1:fail).
(Sep 23 2017 16:28:08,  417396 sec) TxPacket()           NAK received - resending packet. [PktNum=0x28]
(Sep 23 2017 16:28:09,  417396 sec) TxPacket()           Packet xmit history: [00000001] (0:ok, 1:fail).
(Sep 23 2017 16:28:23,  417410 sec) Tx()                 Transmission completed successfully [40 packets, 40733 bytes, 260 sec, 157.5 bps]
(Sep 23 2017 16:28:24,  417411 sec) UpLoadFile()         Upload successful.
(Sep 23 2017 16:28:34,  417421 sec) UpLoad()             Files successfully uploaded: 2
(Sep 23 2017 16:28:34,  417421 sec) UpLoad()             Upload complete.
(Sep 23 2017 16:28:38,  417425 sec) logout()             Log-out successful.
(Sep 23 2017 16:28:39,  417426 sec) Telemetry()          Telemetry cycle complete: PrfId=57 ConnectionAttempts=2  Connections=1
(Sep 23 2017 16:28:40,  417427 sec) TelemetryTerminate(  Parsing new mission configuration.
(Sep 23 2017 16:28:42,  417429 sec) configure()          Parsing configurators in "mission.cfg".
(Sep 23 2017 16:28:49,  417436 sec) configure()             TelemetryRetry(15)      [0x7BBC] [TelemetryRetry(15)].
(Sep 23 2017 16:28:49,  417436 sec) configure()          Configuration CRCs and syntax OK.
(Sep 23 2017 16:28:49,  417437 sec) ConfigSupervisor()   Sanity check violated: cfg->PressureCP >= 750
(Sep 23 2017 16:28:50,  417437 sec) ConfigSupervisor()   Configuration accepted.
(Sep 23 2017 16:28:50,  417437 sec) TelemetryTerminate(  Reconditioning the file system.
(Sep 23 2017 16:29:04,      11 sec) DescentInit()        Deep profile 58 initiated at mission-time 417440sec.
(Sep 23 2017 16:29:07,      13 sec) DescentInit()        Surface pressure: -0.2dbars.
(Sep 23 2017 16:29:12,      18 sec) PistonMoveAbsWTO()    211->061 210 209 208 207 206 205 204 203 202 201 200 199 198 197 196 195 194 193 192 191 190 189 188 187 186 185 184 183 182 181 180 179 178 177 176 175 174 173 172 171 170 169 168 167 166 165 164 163 162 161 160 159 158 157 156 155 154 153 152 151 150 149 148 147 146 145 144 143 142 141 140 139 138 137 136 135 134 133 132 131 130 129 128 127 126 125 124 123 122 121 120 119 118 117 116 115 114 113 112 111 110 109 108 107 106 105 104 103 102 101 100 099 098 097 096 095 094 093 092 091 090 089 088 087 086 085 084 083 082 081 080 079 078 077 076 075 074 073 072 071 070 069 068 067 066 065 064 063 062 061 [766sec, 14.3Volts, 0.173Amps, CPT:766sec]
(Sep 23 2017 16:41:58,     784 sec) PistonMoveAbsWTO()    061->000 060 059 058 057 056 055 054 053 052 051 050 049 048 047 046 045 044 043 042 041 040 039 038 037 036 035 034 033 032 031 030 029 028 027 026 025 024 023 022 021 020 019 018 017 016 015 014 013 012 011 010 009 [267sec, 14.3Volts, 0.177Amps, CPT:1033sec]
(Sep 23 2017 16:46:34,    1061 sec) Descent()            Pressure: 111.6
(Sep 23 2017 17:28:57,    3604 sec) Descent()            Pressure: 443.7
(Sep 23 2017 18:28:57,    7204 sec) Descent()            Pressure: 967.8
(Sep 23 2017 18:28:58,    7204 sec) PistonMoveAbsWTO()    009->061 010 011 012 013 014 015 016 017 018 019 020 021 022 023 024 025 026 027 028 029 030 031 032 033 034 035 036 037 038 039 040 041 042 043 044 045 046 047 048 049 050 051 052 053 054 055 056 057 058 059 060 061 [302sec, 13.6Volts, 0.488Amps, CPT:1335sec]
(Sep 23 2017 19:28:57,   10804 sec) Descent()            Pressure: 914.2
(Sep 23 2017 20:28:57,   14404 sec) Descent()            Pressure: 919.9
(Sep 23 2017 21:28:57,   18004 sec) Descent()            Pressure: 932.4
(Sep 23 2017 21:28:58,   18004 sec) ParkInit()           
(Sep 23 2017 23:29:04,   25210 sec) Park()               ParkPOutOfBand[-3, 950.7 dbars]: retract piston.
(Sep 23 2017 23:29:04,   25211 sec) PistonMoveAbsWTO()    061->060 060 [2sec, 14.0Volts, 0.121Amps, CPT:1337sec]
(Sep 24 2017 02:29:04,   36010 sec) Park()               ParkPOutOfBand[-3, 974.3 dbars]: retract piston.
(Sep 24 2017 02:29:04,   36011 sec) PistonMoveAbsWTO()    060->059 059 [6sec, 13.7Volts, 0.121Amps, CPT:1343sec]
(Sep 24 2017 05:29:04,   46810 sec) Park()               ParkPOutOfBand[3, 1013.4 dbars]: extend piston.
(Sep 24 2017 05:29:04,   46811 sec) PistonMoveAbsWTO()    059->060 060 [1sec, 13.9Volts, 0.496Amps, CPT:1344sec]
(Sep 24 2017 08:29:04,   57610 sec) Park()               ParkPOutOfBand[3, 1019.1 dbars]: extend piston.
(Sep 24 2017 08:29:04,   57611 sec) PistonMoveAbsWTO()    060->061 061 [7sec, 13.1Volts, 0.512Amps, CPT:1351sec]
(Sep 25 2017 03:29:04,  126011 sec) Park()               ParkPOutOfBand[3, 1010.7 dbars]: extend piston.
(Sep 25 2017 03:29:04,  126011 sec) PistonMoveAbsWTO()    061->062 062 [7sec, 12.6Volts, 0.500Amps, CPT:1358sec]
(Sep 25 2017 06:29:04,  136811 sec) Park()               ParkPOutOfBand[-3, 986.4 dbars]: retract piston.
(Sep 25 2017 06:29:04,  136811 sec) PistonMoveAbsWTO()    062->061 061 [2sec, 13.7Volts, 0.117Amps, CPT:1360sec]
(Sep 27 2017 10:29:05,  324011 sec) Park()               ParkPOutOfBand[3, 1010.6 dbars]: extend piston.
(Sep 27 2017 10:29:05,  324012 sec) PistonMoveAbsWTO()    061->062 062 [1sec, 13.6Volts, 0.512Amps, CPT:1361sec]
(Sep 28 2017 00:29:18,  374424 sec) CtdPower()           [ 1009.89,  6.5532, 34.9240]
(Sep 28 2017 00:29:18,  374424 sec) CtdPower()           CTD Power consumption [184VCnt 8ACnt]: 14.263Volts * 0.032Amps = 0.46Watts.
(Sep 28 2017 00:29:19,  374425 sec) ParkTerminate()      Piston Position:62 Vacuum:80 Vq:195 Aq:4 Vsbe:184 Asbe:8 Vflbb:181 Aflbb:11
(Sep 28 2017 00:29:55,  374462 sec) ParkTerminate()      PTS/O2,T2,TPhase,RawTemp: 1009.8dbars 6.5540C 34.9241PSU / 44.6uM 6.572C 55.562 7.963 529.458
(Sep 28 2017 00:29:56,  374462 sec) ParkTerminate()      FLBB FSig, BbSig, TSig: 54, 107, 563
(Sep 28 2017 00:29:56,  374463 sec) GoDeepInit()         Moving piston.
(Sep 28 2017 00:29:56,  374463 sec) PistonMoveAbsWTO()    062->023 061 060 059 058 057 056 055 054 053 052 051 050 049 048 047 046 045 044 043 042 041 040 039 038 037 036 035 034 033 032 031 030 029 028 027 026 025 024 023 [204sec, 14.0Volts, 0.117Amps, CPT:1565sec]
(Sep 28 2017 05:28:58,  392404 sec) ProfileInit()        PrfId:058  Pressure:1983.7dbar  pTable[1]:1900dbar
(Sep 28 2017 05:29:00,  392407 sec) PistonMoveAbsWTO()    023->045 024 025 026 027 [30sec, 12.3Volts, 0.846Amps, CPT:1595sec]
(Sep 28 2017 05:29:41,  392447 sec) PistonMoveAbsWTO()    027->045 028 029 030 031 [30sec, 12.2Volts, 0.858Amps, CPT:1625sec]
(Sep 28 2017 05:30:21,  392487 sec) PistonMoveAbsWTO()    031->045 032 033 034 035 [30sec, 12.3Volts, 0.802Amps, CPT:1655sec]
(Sep 28 2017 05:31:01,  392527 sec) PistonMoveAbsWTO()    035->045 036 037 038 039 [30sec, 12.3Volts, 0.846Amps, CPT:1685sec]
(Sep 28 2017 05:31:41,  392567 sec) PistonMoveAbsWTO()    039->045 040 041 042 043 [30sec, 12.3Volts, 0.830Amps, CPT:1715sec]
(Sep 28 2017 05:32:21,  392607 sec) PistonMoveAbsWTO()    043->045 044 045 [9sec, 12.4Volts, 0.810Amps, CPT:1724sec]
(Sep 28 2017 05:43:56,  393302 sec) Profile()            Sample 0 initiated at 1901.7dbars for bin 1 [1900dbars].  PTS/O2,T2,TPhase,RPhase,RawTemp/FSig,BbSig,TSig: 1899.4dbars 2.8371C 34.7759PSU / 126.6uM 2.854C 48.525 8.007 645.540 /   52  101  569
(Sep 28 2017 06:01:31,  394357 sec) Profile()            Sample 1 initiated at 1801.3dbars for bin 2 [1800dbars].  PTS/O2,T2,TPhase,RPhase,RawTemp/FSig,BbSig,TSig: 1799.3dbars 3.1143C 34.7881PSU / 118.4uM 3.130C 49.065 8.079 637.052 /   53  102  569
(Sep 28 2017 06:14:28,  395134 sec) AscentControlAgent(  Bouyancy nudge to 55 (v=0.078dbar/sec).
(Sep 28 2017 06:14:28,  395135 sec) PistonMoveAbsWTO()    045->055 046 047 048 049 [30sec, 13.3Volts, 0.770Amps, CPT:1754sec]
(Sep 28 2017 06:15:09,  395175 sec) PistonMoveAbsWTO()    049->055 050 051 052 053 054 [30sec, 13.1Volts, 0.737Amps, CPT:1784sec]
(Sep 28 2017 06:15:49,  395215 sec) PistonMoveAbsWTO()    054->055 055 [6sec, 13.0Volts, 0.733Amps, CPT:1790sec]
(Sep 28 2017 06:20:33,  395499 sec) Profile()            Sample 2 initiated at 1701.4dbars for bin 3 [1700dbars].  PTS/O2,T2,TPhase,RPhase,RawTemp/FSig,BbSig,TSig: 1699.1dbars 3.4340C 34.8018PSU / 110.8uM 3.449C 49.577 8.090 627.206 /   54  104  569
(Sep 28 2017 06:37:26,  396512 sec) Profile()            Sample 3 initiated at 1601.4dbars for bin 4 [1600dbars].  PTS/O2,T2,TPhase,RPhase,RawTemp/FSig,BbSig,TSig: 1599.3dbars 3.8299C 34.8184PSU / 100.4uM 3.847C 50.337 8.039 614.907 /   54  103  568
(Sep 28 2017 06:56:41,  397667 sec) Profile()            Sample 4 initiated at 1501.4dbars for bin 5 [1500dbars].  PTS/O2,T2,TPhase,RPhase,RawTemp/FSig,BbSig,TSig: 1499.7dbars 4.3211C 34.8380PSU / 89.2uM 4.337C 51.207 8.100 599.692 /   53  102  567
(Sep 28 2017 07:00:14,  397880 sec) AscentControlAgent(  Bouyancy nudge to 65 (v=0.078dbar/sec).
(Sep 28 2017 07:00:14,  397881 sec) PistonMoveAbsWTO()    055->065 056 057 058 059 [30sec, 13.5Volts, 0.661Amps, CPT:1820sec]
(Sep 28 2017 07:00:55,  397921 sec) PistonMoveAbsWTO()    059->065 060 061 062 063 064 [30sec, 13.3Volts, 0.661Amps, CPT:1850sec]
(Sep 28 2017 07:01:35,  397961 sec) PistonMoveAbsWTO()    064->065 065 [3sec, 13.3Volts, 0.665Amps, CPT:1853sec]
(Sep 28 2017 07:14:19,  398725 sec) Profile()            Sample 5 initiated at 1401.6dbars for bin 6 [1400dbars].  PTS/O2,T2,TPhase,RPhase,RawTemp/FSig,BbSig,TSig: 1399.6dbars 4.7620C 34.8558PSU / 80.2uM 4.779C 51.948 8.054 585.897 /   54  103  566
(Sep 28 2017 07:23:40,  399286 sec) Profile()            Sample 6 initiated at 1351.9dbars for bin 7 [1350dbars].  PTS/O2,T2,TPhase,RPhase,RawTemp/FSig,BbSig,TSig: 1350.1dbars 4.9540C 34.8623PSU / 76.3uM 4.970C 52.291 8.051 579.927 /   55  112  566
(Sep 28 2017 07:33:51,  399897 sec) Profile()            Sample 7 initiated at 1301.4dbars for bin 8 [1300dbars].  PTS/O2,T2,TPhase,RPhase,RawTemp/FSig,BbSig,TSig: 1299.6dbars 5.1305C 34.8703PSU / 71.9uM 5.149C 52.704 8.103 574.325 /   54  105  566
(Sep 28 2017 07:40:56,  400322 sec) AscentControlAgent(  Bouyancy nudge to 75 (v=0.079dbar/sec).
(Sep 28 2017 07:40:56,  400323 sec) PistonMoveAbsWTO()    065->075 066 067 068 069 070 [30sec, 13.6Volts, 0.600Amps, CPT:1883sec]
(Sep 28 2017 07:41:37,  400363 sec) PistonMoveAbsWTO()    070->075 071 072 073 074 [30sec, 13.4Volts, 0.592Amps, CPT:1913sec]
(Sep 28 2017 07:42:17,  400403 sec) PistonMoveAbsWTO()    074->075 075 [2sec, 13.4Volts, 0.621Amps, CPT:1915sec]
(Sep 28 2017 07:43:45,  400491 sec) Profile()            Sample 8 initiated at 1252.0dbars for bin 9 [1250dbars].  PTS/O2,T2,TPhase,RPhase,RawTemp/FSig,BbSig,TSig: 1249.6dbars 5.2992C 34.8768PSU / 68.8uM 5.318C 52.982 8.113 569.021 /   54  103  565
(Sep 28 2017 07:51:56,  400982 sec) Profile()            Sample 9 initiated at 1201.7dbars for bin 10 [1200dbars].  PTS/O2,T2,TPhase,RPhase,RawTemp/FSig,BbSig,TSig: 1199.5dbars 5.5536C 34.8863PSU / 64.0uM 5.574C 53.447 8.068 560.974 /   55  104  565
(Sep 28 2017 08:00:55,  401521 sec) Profile()            Sample 10 initiated at 1152.0dbars for bin 11 [1150dbars].  PTS/O2,T2,TPhase,RPhase,RawTemp/FSig,BbSig,TSig: 1150.0dbars 5.7956C 34.8943PSU / 59.3uM 5.813C 53.929 8.115 553.442 /   56  104  565
(Sep 28 2017 08:11:06,  402132 sec) Profile()            Sample 11 initiated at 1102.0dbars for bin 12 [1100dbars].  PTS/O2,T2,TPhase,RPhase,RawTemp/FSig,BbSig,TSig: 1100.2dbars 6.0591C 34.9055PSU / 54.6uM 6.079C 54.416 8.062 545.041 /   54  105  564
(Sep 28 2017 08:11:29,  402155 sec) AscentControlAgent(  Bouyancy nudge to 85 (v=0.079dbar/sec).
(Sep 28 2017 08:11:29,  402156 sec) PistonMoveAbsWTO()    075->085 076 077 078 079 080 [30sec, 13.6Volts, 0.524Amps, CPT:1945sec]
(Sep 28 2017 08:12:10,  402196 sec) PistonMoveAbsWTO()    080->085 081 082 083 084 085 [29sec, 13.5Volts, 0.556Amps, CPT:1974sec]
(Sep 28 2017 08:19:27,  402633 sec) Profile()            Sample 12 initiated at 1051.6dbars for bin 13 [1050dbars].  PTS/O2,T2,TPhase,RPhase,RawTemp/FSig,BbSig,TSig: 1049.1dbars 6.3574C 34.9167PSU / 49.1uM 6.376C 55.026 8.122 535.668 /   56  107  564
(Sep 28 2017 08:27:06,  403092 sec) Profile()            Sample 13 initiated at 1001.7dbars for bin 14 [1000dbars].  PTS/O2,T2,TPhase,RPhase,RawTemp/FSig,BbSig,TSig: 999.2dbars 6.5917C 34.9260PSU / 44.6uM 6.613C 55.556 8.133 528.161 /   55  107  563
(Sep 28 2017 08:42:55,  404041 sec) Profile()            Sample 15 initiated at 901.7dbars for bin 16 [900dbars].  PTS/O2,T2,TPhase,RPhase,RawTemp/FSig,BbSig,TSig: 899.5dbars 7.1314C 34.9446PSU / 35.8uM 7.155C 56.645 8.037 510.918 /   54  107  562
(Sep 28 2017 09:17:14,  406100 sec) Profile()            Sample 19 initiated at 701.3dbars for bin 20 [700dbars].  PTS/O2,T2,TPhase,RPhase,RawTemp/FSig,BbSig,TSig: 699.0dbars 8.3825C 34.9850PSU / 18.6uM 8.404C 59.076 8.081 470.969 /   55  107  561
(Sep 28 2017 09:55:35,  408401 sec) Profile()            Sample 23 initiated at 501.2dbars for bin 24 [500dbars].  PTS/O2,T2,TPhase,RPhase,RawTemp/FSig,BbSig,TSig: 499.2dbars 9.9512C 35.0182PSU / 8.0uM 9.973C 60.768 8.154 420.377 /   55  113  558
(Sep 28 2017 09:57:09,  408495 sec) Sbe41cpStartCP()     Continuous profile started.
(Sep 28 2017 10:24:00,  410106 sec) Profile()            Sample 27 initiated at 331.0dbars for bin 28 [330dbars].  PTS/O2,T2,TPhase,RPhase,RawTemp/FSig,BbSig,TSig: 330.6dbars 11.2236C 35.0229PSU / 7.9uM 11.260C 60.631 8.273 378.573 /   54  120  556
(Sep 28 2017 10:36:08,  410834 sec) Profile()            Sample 31 initiated at 241.1dbars for bin 32 [240dbars].  PTS/O2,T2,TPhase,RPhase,RawTemp/FSig,BbSig,TSig: 240.7dbars 13.0524C 34.9819PSU / 5.2uM 13.076C 60.989 8.366 319.235 /   53  113  554
(Sep 28 2017 10:46:53,  411479 sec) Profile()            Sample 35 initiated at 181.5dbars for bin 36 [180dbars].  PTS/O2,T2,TPhase,RPhase,RawTemp/FSig,BbSig,TSig: 181.3dbars 15.8732C 34.8987PSU / 4.8uM 15.886C 60.742 8.434 227.006 /   53  124  551
(Sep 28 2017 10:50:30,  411697 sec) AscentControlAgent(  Bouyancy nudge to 95 (v=0.064dbar/sec).
(Sep 28 2017 10:50:31,  411697 sec) PistonMoveAbsWTO()    085->095 086 087 088 089 090 [30sec, 14.0Volts, 0.250Amps, CPT:2004sec]
(Sep 28 2017 10:51:10,  411737 sec) PistonMoveAbsWTO()    090->095 091 092 093 094 095 [25sec, 14.0Volts, 0.254Amps, CPT:2029sec]
(Sep 28 2017 10:55:37,  412004 sec) AscentControlAgent(  Bouyancy nudge to 105 (v=0.059dbar/sec).
(Sep 28 2017 10:55:38,  412004 sec) PistonMoveAbsWTO()    095->105 096 097 098 099 100 [30sec, 14.0Volts, 0.246Amps, CPT:2059sec]
(Sep 28 2017 10:56:17,  412044 sec) PistonMoveAbsWTO()    100->105 101 102 103 104 105 [24sec, 14.0Volts, 0.246Amps, CPT:2083sec]
(Sep 28 2017 10:57:48,  412134 sec) Profile()            Sample 39 initiated at 141.7dbars for bin 40 [140dbars].  PTS/O2,T2,TPhase,RPhase,RawTemp/FSig,BbSig,TSig: 141.3dbars 19.4134C 34.8176PSU / 5.4uM 19.483C 60.156 8.555 109.069 /   54  103  547
(Sep 28 2017 11:00:45,  412312 sec) AscentControlAgent(  Bouyancy nudge to 115 (v=0.071dbar/sec).
(Sep 28 2017 11:00:46,  412312 sec) PistonMoveAbsWTO()    105->115 106 107 108 109 110 [30sec, 14.0Volts, 0.238Amps, CPT:2113sec]
(Sep 28 2017 11:01:25,  412352 sec) PistonMoveAbsWTO()    110->115 111 112 113 114 115 [25sec, 14.0Volts, 0.230Amps, CPT:2138sec]
(Sep 28 2017 11:07:18,  412704 sec) Profile()            Sample 43 initiated at 101.5dbars for bin 44 [100dbars].  PTS/O2,T2,TPhase,RPhase,RawTemp/FSig,BbSig,TSig: 101.3dbars 23.1164C 34.8288PSU / 34.9uM 23.123C 52.011 8.707 -8.855 /   74  108  541
(Sep 28 2017 11:16:07,  413234 sec) AscentControlAgent(  Bouyancy nudge to 120 (v=0.022dbar/sec).
(Sep 28 2017 11:16:08,  413234 sec) PistonMoveAbsWTO()    115->120 116 117 118 119 120 [26sec, 14.1Volts, 0.230Amps, CPT:2164sec]
(Sep 28 2017 11:21:11,  413538 sec) AscentControlAgent(  Bouyancy nudge to 125 (v=0.023dbar/sec).
(Sep 28 2017 11:21:12,  413538 sec) PistonMoveAbsWTO()    120->125 121 122 123 124 125 [26sec, 14.1Volts, 0.230Amps, CPT:2190sec]
(Sep 28 2017 11:26:15,  413842 sec) AscentControlAgent(  Bouyancy nudge to 130 (v=0.028dbar/sec).
(Sep 28 2017 11:26:16,  413842 sec) PistonMoveAbsWTO()    125->130 126 127 128 129 130 [27sec, 14.1Volts, 0.226Amps, CPT:2217sec]
(Sep 28 2017 11:31:24,  414151 sec) AscentControlAgent(  Bouyancy nudge to 135 (v=0.023dbar/sec).
(Sep 28 2017 11:31:24,  414151 sec) PistonMoveAbsWTO()    130->135 131 132 133 134 135 [26sec, 14.2Volts, 0.222Amps, CPT:2243sec]
(Sep 28 2017 11:32:27,  414213 sec) Profile()            Sample 47 initiated at 61.8dbars for bin 48 [60dbars].  PTS/O2,T2,TPhase,RPhase,RawTemp/FSig,BbSig,TSig: 61.6dbars 26.4557C 34.3493PSU / 66.7uM 26.438C 44.789 8.707 -113.988 /  128  123  534
(Sep 28 2017 11:36:29,  414456 sec) AscentControlAgent(  Bouyancy nudge to 140 (v=0.012dbar/sec).
(Sep 28 2017 11:36:29,  414456 sec) PistonMoveAbsWTO()    135->140 136 137 138 139 140 [26sec, 14.2Volts, 0.222Amps, CPT:2269sec]
(Sep 28 2017 11:41:38,  414765 sec) AscentControlAgent(  Bouyancy nudge to 145 (v=0.012dbar/sec).
(Sep 28 2017 11:41:38,  414765 sec) PistonMoveAbsWTO()    140->145 141 142 143 144 145 [26sec, 14.2Volts, 0.222Amps, CPT:2295sec]
(Sep 28 2017 11:46:47,  415074 sec) AscentControlAgent(  Bouyancy nudge to 150 (v=0.010dbar/sec).
(Sep 28 2017 11:46:47,  415074 sec) PistonMoveAbsWTO()    145->150 146 147 148 149 150 [26sec, 14.3Volts, 0.218Amps, CPT:2321sec]
(Sep 28 2017 11:51:51,  415378 sec) AscentControlAgent(  Bouyancy nudge to 155 (v=0.007dbar/sec).
(Sep 28 2017 11:51:51,  415378 sec) PistonMoveAbsWTO()    150->155 151 152 153 154 155 [26sec, 14.3Volts, 0.218Amps, CPT:2347sec]
(Sep 28 2017 11:56:55,  415682 sec) AscentControlAgent(  Bouyancy nudge to 160 (v=0.022dbar/sec).
(Sep 28 2017 11:56:55,  415682 sec) PistonMoveAbsWTO()    155->160 156 157 158 159 160 [26sec, 14.3Volts, 0.214Amps, CPT:2373sec]
(Sep 28 2017 12:01:59,  415986 sec) AscentControlAgent(  Bouyancy nudge to 165 (v=0.011dbar/sec).
(Sep 28 2017 12:01:59,  415986 sec) PistonMoveAbsWTO()    160->165 161 162 163 164 165 [26sec, 14.3Volts, 0.214Amps, CPT:2399sec]
(Sep 28 2017 12:03:51,  416097 sec) Profile()            Sample 51 initiated at 36.8dbars for bin 52 [35dbars].  PTS/O2,T2,TPhase,RPhase,RawTemp/FSig,BbSig,TSig: 36.5dbars 29.2276C 33.3733PSU / 223.3uM 29.240C 29.512 8.806 -200.604 /  106  150  528
(Sep 28 2017 12:07:08,  416295 sec) AscentControlAgent(  Bouyancy nudge to 170 (v=0.031dbar/sec).
(Sep 28 2017 12:07:08,  416295 sec) PistonMoveAbsWTO()    165->170 166 167 168 169 170 [26sec, 14.3Volts, 0.210Amps, CPT:2425sec]
(Sep 28 2017 12:12:13,  416600 sec) AscentControlAgent(  Bouyancy nudge to 175 (v=0.016dbar/sec).
(Sep 28 2017 12:12:13,  416600 sec) PistonMoveAbsWTO()    170->175 171 172 173 174 175 [26sec, 14.3Volts, 0.210Amps, CPT:2451sec]
(Sep 28 2017 12:17:16,  416903 sec) AscentControlAgent(  Bouyancy nudge to 180 (v=0.006dbar/sec).
(Sep 28 2017 12:17:16,  416903 sec) PistonMoveAbsWTO()    175->180 176 177 178 179 180 [26sec, 14.3Volts, 0.210Amps, CPT:2477sec]
(Sep 28 2017 12:22:22,  417209 sec) AscentControlAgent(  Bouyancy nudge to 185 (v=0.014dbar/sec).
(Sep 28 2017 12:22:22,  417209 sec) PistonMoveAbsWTO()    180->185 181 182 183 184 185 [26sec, 14.3Volts, 0.205Amps, CPT:2503sec]
(Sep 28 2017 12:24:31,  417338 sec) Profile()            Sample 55 initiated at 17.0dbars for bin 56 [15dbars].  PTS/O2,T2,TPhase,RPhase,RawTemp/FSig,BbSig,TSig: 17.0dbars 29.3727C 32.2342PSU / 222.8uM 29.406C 29.480 8.799 -205.682 /   68  134  527
(Sep 28 2017 12:27:10,  417497 sec) Profile()            Sample 56 initiated at 11.8dbars for bin 57 [10dbars].  PTS/O2,T2,TPhase,RPhase,RawTemp/FSig,BbSig,TSig: 11.9dbars 29.3480C 32.2150PSU / 222.7uM 29.377C 29.494 8.793 -204.796 /   67  135  527
(Sep 28 2017 12:27:24,  417511 sec) AscentControlAgent(  Bouyancy nudge to 190 (v=0.029dbar/sec).
(Sep 28 2017 12:27:24,  417511 sec) PistonMoveAbsWTO()    185->190 186 187 [15sec, 14.3Volts, 0.201Amps, CPT:2518sec]
(Sep 28 2017 12:27:51,  417538 sec) PistonMoveAbsWTO()    188->190 189 190 [11sec, 14.3Volts, 0.210Amps, CPT:2529sec]
(Sep 28 2017 12:29:56,  417663 sec) Profile()            Sample 57 initiated at 5.9dbars for bin 58 [4dbars].  PTS/O2,T2,TPhase,RPhase,RawTemp/FSig,BbSig,TSig: 5.8dbars 29.3553C 32.2195PSU / 223.0uM 29.383C 29.478 8.792 -204.962 /   66  135  527
(Sep 28 2017 12:30:23,  417690 sec) Profile()            Sample 58 initiated at 4.6dbars for bin 58 [4dbars].  PTS/O2,T2,TPhase,RPhase,RawTemp/FSig,BbSig,TSig: 4.5dbars 29.3546C 32.2182PSU / 222.8uM 29.383C 29.485 8.791 -204.961 /   68  135  527
(Sep 28 2017 12:30:38,  417705 sec) SurfaceDetect()      SurfacePressure:-0.2dbars Pressure:3.2dbars PistonPosition:190
(Sep 28 2017 12:30:39,  417706 sec) Sbe41cpStopCP()      Continuous profile stopped.
(Sep 28 2017 12:30:46,  417713 sec) PistonMoveAbsWTO()    190->212 191 192 193 194 195 196 197 198 199 200 201 202 203 204 205 206 207 208 209 210 211 212 [112sec, 14.3Volts, 0.185Amps, CPT:2641sec]
(Sep 28 2017 12:32:53,  417839 sec) sbe41cp.c:chat()     Expected string [S>] not received.
(Sep 28 2017 12:34:34,  417941 sec) Sbe41cpBinAverage()  Finished averaging 9238 samples in 96 seconds.
(Sep 28 2017 12:34:39,  417946 sec) Sbe41cpUploadCP()    Sbe41cpSerNo[08352] NSample[9238] NBin[249]
(Sep 28 2017 12:35:21,  417987 sec) Sbe41cpUploadCP()    Continuous profile uploaded [249 lines].

<EOT>

<EOT>
