(May 25 2011 15:33:59,   10666 sec) AirSystem()          Air-bladder inflation by-passed. Barometer: [129cnt, 7.4"Hg].
(May 25 2011 15:34:30,   10697 sec) GpsServices()        GPS almanac is current.
(May 25 2011 15:34:30,   10697 sec) GpsServices()        Initiating GPS fix acquisition.
(May 25 2011 15:34:46,   10714 sec) gga()                $GPGGA,153443,0039.5588,S,08127.1737,E,0,00,,,M,,M,,*40
(May 25 2011 15:35:13,   10740 sec) gga()                $GPGGA,153450,0042.5754,S,08126.9181,E,1,08,1.0,1.9,M,-94.7,M,,*76
(May 25 2011 15:35:13,   10740 sec) GpsServices()        Profile 0 GPS fix obtained in 43 seconds.
(May 25 2011 15:35:13,   10740 sec) GpsServices()                  lon     lat mm/dd/yyyy hhmmss nsat
(May 25 2011 15:35:13,   10740 sec) GpsServices()        Fix:   81.449  -0.710 05/25/2011 153450    8
(May 25 2011 15:35:43,   10770 sec) gga()                $GPGGA,153520,0042.6423,S,08126.9123,E,1,09,0.9,3.0,M,-94.7,M,,*7A
(May 25 2011 15:35:48,   10776 sec) gga()                $GPGGA,153550,0042.7093,S,08126.9068,E,1,09,1.0,3.7,M,-94.7,M,,*72
(May 25 2011 15:35:49,   10776 sec) GpsServices()        APF9 RTC skew (-1s) OK.
(May 25 2011 15:35:49,   10776 sec) LogNmeaSentences()   ,M,13.4,M*28
(May 25 2011 15:35:49,   10776 sec) LogNmeaSentences()   $PGRMT,GPS 15-L Ver. 4.40,P,P,R,R,P,,,R,P*7E
(May 25 2011 15:35:49,   10776 sec) LogNmeaSentences()   $PGRMB,0.0,200,,,,K,,N,N*31
(May 25 2011 15:35:49,   10777 sec) LogNmeaSentences()   $PGRMM,WGS 84*06
(May 25 2011 15:35:58,   10785 sec) LogNmeaSentences()   $GPRMC,153600,A,0042.7316,S,08126.9055,E,008.1,180.3,250511,004.1,W*7D
(May 25 2011 15:35:59,   10786 sec) LogNmeaSentences()   $GPGGA,153600,0042.7316,S,08126.9055,E,1,10,0.9,1.4,M,-94.7,M,,*75
(May 25 2011 15:35:59,   10786 sec) LogNmeaSentences()   $GPGSA,A,3,02,04,,07,08,10,17,20,26,27,28,,1.8,0.9,1.5*31
(May 25 2011 15:35:59,   10787 sec) LogNmeaSentences()   $GPGSV,3,3,11,26,25,246,45,27,10,322,43,28,36,045,44*45
(May 25 2011 15:36:00,   10787 sec) LogNmeaSentences()   $PGRME,7.1,M,10.1,M,12.3,M*28
(May 25 2011 15:36:00,   10787 sec) LogNmeaSentences()   $PGRMB,0.0,200,,,,K,,N,N*31
(May 25 2011 15:36:00,   10787 sec) LogNmeaSentences()   $PGRMM,WGS 84*06
(May 25 2011 15:36:08,   10795 sec) LogNmeaSentences()   $GPRMC,153610,A,0042.7531,S,08126.9043,E,007.9,184.1,250511,004.1,W*79
(May 25 2011 15:36:09,   10796 sec) LogNmeaSentences()   $GPGGA,153610,0042.7531,S,08126.9043,E,1,10,0.9,3.1,M,-94.7,M,,*77
(May 25 2011 15:36:09,   10796 sec) LogNmeaSentences()   $GPGSA,A,3,02,04,,07,08,10,17,20,26,27,28,,1.6,0.9,1.3*39
(May 25 2011 15:36:09,   10797 sec) LogNmeaSentences()   $GPGSV,3,1,11,02,50,231,46,04,79,331,49,05,12,206,34,07,24,150,45*79
(May 25 2011 15:36:10,   10797 sec) LogNmeaSentences()   $PGRME,7.1,M,10.1,M,12.3,M*28
(May 25 2011 15:36:10,   10797 sec) LogNmeaSentences()   $PGRMB,0.0,200,,,,K,,N,N*31
(May 25 2011 15:36:10,   10797 sec) LogNmeaSentences()   $PGRMM,WGS 84*06
(May 25 2011 15:36:18,   10805 sec) LogNmeaSentences()   $GPRMC,153620,A,0042.7750,S,08126.9024,E,007.9,187.4,250511,004.1,W*78
(May 25 2011 15:36:19,   10806 sec) LogNmeaSentences()   $GPGGA,153620,0042.7750,S,08126.9024,E,1,10,0.9,2.2,M,-94.7,M,,*72
(May 25 2011 15:36:19,   10806 sec) LogNmeaSentences()   $GPGSA,A,3,02,04,,07,08,10,17,20,26,27,28,,1.6,0.9,1.3*39
(May 25 2011 15:36:19,   10807 sec) LogNmeaSentences()   $GPGSV,3,2,11,08,53,152,48,10,37,160,46,17,23,003,38,20,03,062,36*73
(May 25 2011 15:36:20,   10807 sec) GpsServices()        GPS services complete.
(May 25 2011 15:36:44,   10831 sec) CLogin()             Connecting to primary host.
(May 25 2011 15:37:46,   10893 sec) chat()               Expected string [CONNECT] not received.
(May 25 2011 15:37:46,   10893 sec) modem_connect()      Modem command [AT+CBST] failed.
(May 25 2011 15:38:46,   10953 sec) chat()               Expected string [CONNECT] not received.
(May 25 2011 15:38:46,   10953 sec) modem_connect()      Modem command [AT+CBST] failed.
(May 25 2011 15:38:46,   10953 sec) connect()            Aborted after 2 failed attempts.
(May 25 2011 15:38:46,   10953 sec) CLogin()             Attempt to connect to primary host failed after 2 tries.  Connecting to alternate host.
(May 25 2011 15:39:01,   10968 sec) CLogin()             Connection 1 established in 137 seconds.
(May 25 2011 15:39:18,   10985 sec) login()              Login successful.
(May 25 2011 15:39:21,   10988 sec) CLogin()             Logged in to host.  [Login required 20 seconds]
(May 25 2011 15:39:28,   10995 sec) RxConfig()           Downloading "mission.cfg" from host.
(May 25 2011 15:39:30,   10998 sec) Rx()                 Initiating transfer. [0x43]
(May 25 2011 15:39:37,   11004 sec) Rx()                 Pad character [0x1a] found in ascii mode - truncating packet.
(May 25 2011 15:39:41,   11008 sec) Rx()                 Received EOT - transfer complete. [1 packets, 1024 bytes, 11 sec, 93.1 bps]
(May 25 2011 15:39:41,   11008 sec) RxConfig()           Download successful.
(May 25 2011 15:39:54,   11022 sec) WriteVitals()        Writing vitals to "6856.1105251533".
(May 25 2011 15:39:58,   11025 sec) UpLoadFile()         Uploading "6856.1105251510.log" to host as "6856.1105251510.log".
(May 25 2011 15:40:02,   11030 sec) Tx()                 CRC negotiation successful. [16-bit CRC]
(May 25 2011 15:41:07,   11094 sec) Tx()                 Transmission completed successfully [11 packets, 10273 bytes, 62 sec, 181.7 bps]
(May 25 2011 15:41:07,   11094 sec) UpLoadFile()         Upload successful.
(May 25 2011 15:41:09,   11097 sec) UpLoadFile()         Uploading "6856.1105251533" to host as "6856.1105251533".
(May 25 2011 15:41:14,   11101 sec) Tx()                 CRC negotiation successful. [16-bit CRC]
(May 25 2011 15:41:24,   11111 sec) Tx()                 Transmission completed successfully [1 packets, 689 bytes, 9 sec, 113.8 bps]
(May 25 2011 15:41:24,   11111 sec) UpLoadFile()         Upload successful.
(May 25 2011 15:41:30,   11117 sec) UpLoad()             Files successfully uploaded: 2
(May 25 2011 15:41:30,   11117 sec) UpLoad()             Upload complete.
(May 25 2011 15:41:33,   11120 sec) logout()             Log-out successful.
(May 25 2011 15:41:34,   11121 sec) Telemetry()          Telemetry cycle complete: PrfId=0 ConnectionAttempts=1  Connections=1
(May 25 2011 15:41:36,   11123 sec) configure()          Parsing configurators in "mission.cfg".
(May 25 2011 15:41:40,   11127 sec) configure()             TelemetryRetry(15)      [0x7BBC] [TelemetryRetry(15)].
(May 25 2011 15:41:40,   11127 sec) configure()          Configuration CRCs and syntax OK.
(May 25 2011 15:41:40,   11127 sec) ConfigSupervisor()   Sanity check violated: cfg->PressureCP >= 750
(May 25 2011 15:41:40,   11127 sec) ConfigSupervisor()   Configuration accepted.
(May 25 2011 15:41:40,   11128 sec) Apf9PowerOff()       Sleep period (-321sec) not in valid range [5sec,7Hr].  Resetting to 5sec.
(May 25 2011 15:41:41,   11128 sec) SetAlarm()           Alarm time (11132 sec) less than 5 sec after interval-timer (11128 sec).  Resetting to 11133 sec.

<EOT>
