(Jan 30 2018 18:16:12,   85218 sec) TelemetryInit()      Profile 59. (Apf9i FwRev: 061016)
(Jan 30 2018 18:23:16,   85642 sec) AirSystem()          Battery [187cnt, 14.5V]  Current [75cnt, 302.2mA]  Barometer [128cnt, 7.1"Hg]  Run-Time [51s]
(Jan 30 2018 18:23:53,   85679 sec) GetSurfaceObs()      P/O2,T2,TPhase,RPhase,RawTemp/FSig,BbSig,TSig: -0.4dbars / 236.1uM 25.042C 30.044 8.889 110.351 / 159,199,538
(Jan 30 2018 18:23:57,   85683 sec) GpsServices()        Replacing aged (90 days) almanac.
(Jan 30 2018 18:23:57,   85683 sec) UpLoadGpsAlmanac()   Pausing for 15 minutes to upload GPS almanac.
(Jan 30 2018 18:38:57,   86584 sec) UpLoadGpsAlmanac()   Pause complete.
(Jan 30 2018 18:38:58,   86584 sec) GpsServices()        New almanac acquired.
(Jan 30 2018 18:38:58,   86584 sec) GpsServices()        Initiating GPS fix acquisition.
(Jan 30 2018 18:39:47,   86634 sec) gga()                $GPGGA,183850,1533.2926,N,06431.5787,E,1,10,0.7,-1.3,M,-63.3,M,,*41
(Jan 30 2018 18:39:48,   86634 sec) GpsServices()        Profile 59 GPS fix obtained in 50 seconds.
(Jan 30 2018 18:39:48,   86635 sec) GpsServices()                  lon     lat mm/dd/yyyy hhmmss nsat
(Jan 30 2018 18:39:48,   86635 sec) GpsServices()        Fix:   64.526  15.555 01/30/2018 183850   10
(Jan 30 2018 18:40:37,   86684 sec) gga()                $GPGGA,183940,1533.2867,N,06431.5789,E,1,10,0.7,-0.5,M,-63.3,M,,*4C
(Jan 30 2018 18:40:45,   86691 sec) gga()                $GPGGA,184030,1533.2809,N,06431.5783,E,1,10,0.7,-0.5,M,-63.3,M,,*47
(Jan 30 2018 18:40:45,   86692 sec) GpsServices()        APF9 RTC skew (15s) OK.
(Jan 30 2018 18:40:46,   86692 sec) GpsServices()        GPS services complete.
(Jan 30 2018 18:41:11,   86718 sec) CLogin()             Connecting to primary host.
(Jan 30 2018 18:41:30,   86737 sec) CLogin()             Connection 1 established in 19 seconds.
(Jan 30 2018 18:41:44,   86750 sec) login()              Login successful.
(Jan 30 2018 18:41:48,   86754 sec) CLogin()             Logged in to host.  [Login required 18 seconds]
(Jan 30 2018 18:42:00,   86766 sec) RxConfig()           Downloading "mission.cfg" from host.
(Jan 30 2018 18:42:02,   86769 sec) Rx()                 Initiating transfer. [0x43]
(Jan 30 2018 18:42:08,   86774 sec) Rx()                 Truncated packet received - retrying.
(Jan 30 2018 18:42:09,   86776 sec) RxStartByte()        Sync errors encountered: 849
(Jan 30 2018 18:42:13,   86779 sec) Rx()                 Pad character [0x1a] found in ascii mode - truncating packet.
(Jan 30 2018 18:42:18,   86784 sec) Rx()                 Received EOT - transfer complete. [1 packets, 1024 bytes, 16 sec, 64.0 bps]
(Jan 30 2018 18:42:18,   86784 sec) RxConfig()           Download successful.
(Jan 30 2018 18:42:41,   86807 sec) WriteVitals()        Writing vitals to "7827.059.msg".
(Jan 30 2018 18:42:48,   86815 sec) UpLoadFile()         Uploading "7827.059.msg" to host as "7827.059.msg".
(Jan 30 2018 18:42:52,   86818 sec) Tx()                 CRC negotiation successful. [16-bit CRC]
(Jan 30 2018 18:43:08,   86835 sec) TxPacket()           NAK received - resending packet. [PktNum=0x02]
(Jan 30 2018 18:43:09,   86835 sec) TxPacket()           Packet xmit history: [11100001] (0:ok, 1:fail).
(Jan 30 2018 18:43:42,   86869 sec) TxPacket()           NAK received - resending packet. [PktNum=0x06]
(Jan 30 2018 18:43:43,   86869 sec) TxPacket()           Packet xmit history: [00100001] (0:ok, 1:fail).
(Jan 30 2018 18:44:14,   86900 sec) Tx()                 Transmission completed successfully [10 packets, 10236 bytes, 81 sec, 126.4 bps]
(Jan 30 2018 18:44:14,   86901 sec) UpLoadFile()         Upload successful.
(Jan 30 2018 18:44:20,   86906 sec) UpLoadFile()         Uploading "7827.059.log" to host as "7827.059.log".
(Jan 30 2018 18:44:23,   86909 sec) Tx()                 CRC negotiation successful. [16-bit CRC]
(Jan 30 2018 18:44:31,   86917 sec) TxPacket()           NAK received - resending packet. [PktNum=0x01]
(Jan 30 2018 18:44:31,   86918 sec) TxPacket()           Packet xmit history: [01000001] (0:ok, 1:fail).
(Jan 30 2018 18:44:43,   86929 sec) TxPacket()           NAK received - resending packet. [PktNum=0x02]
(Jan 30 2018 18:44:43,   86930 sec) TxPacket()           Packet xmit history: [00000101] (0:ok, 1:fail).
(Jan 30 2018 18:45:09,   86955 sec) TxPacket()           NAK received - resending packet. [PktNum=0x05]
(Jan 30 2018 18:45:09,   86956 sec) TxPacket()           Packet xmit history: [01010001] (0:ok, 1:fail).
(Jan 30 2018 18:45:18,   86965 sec) TxPacket()           NAK received - resending packet. [PktNum=0x05]
(Jan 30 2018 18:45:19,   86965 sec) TxPacket()           Packet xmit history: [10100011] (0:ok, 1:fail).
(Jan 30 2018 18:45:26,   86972 sec) TxPacket()           NAK received - resending packet. [PktNum=0x05]
(Jan 30 2018 18:45:26,   86973 sec) TxPacket()           Packet xmit history: [01000111] (0:ok, 1:fail).
(Jan 30 2018 18:46:04,   87010 sec) TxPacket()           NAK received - resending packet. [PktNum=0x0b]
(Jan 30 2018 18:46:04,   87011 sec) TxPacket()           Packet xmit history: [10000001] (0:ok, 1:fail).
(Jan 30 2018 18:46:23,   87030 sec) TxPacket()           NAK received - resending packet. [PktNum=0x0b]
(Jan 30 2018 18:46:23,   87030 sec) TxPacket()           Packet xmit history: [00000011] (0:ok, 1:fail).
(Jan 30 2018 18:46:27,   87034 sec) TxPacket()           NAK received - resending packet. [PktNum=0x0b]
(Jan 30 2018 18:46:28,   87034 sec) TxPacket()           Packet xmit history: [00000111] (0:ok, 1:fail).
(Jan 30 2018 18:46:35,   87042 sec) TxPacket()           NAK received - resending packet. [PktNum=0x0c]
(Jan 30 2018 18:46:36,   87042 sec) TxPacket()           Packet xmit history: [00011101] (0:ok, 1:fail).
(Jan 30 2018 18:46:42,   87048 sec) TxPacket()           NAK received - resending packet. [PktNum=0x0d]
(Jan 30 2018 18:46:42,   87049 sec) TxPacket()           Packet xmit history: [01110101] (0:ok, 1:fail).
(Jan 30 2018 18:46:54,   87060 sec) TxPacket()           NAK received - resending packet. [PktNum=0x12]
(Jan 30 2018 18:46:54,   87061 sec) TxPacket()           Packet xmit history: [01000001] (0:ok, 1:fail).
(Jan 30 2018 18:47:01,   87067 sec) TxPacket()           Packet xmit history: [10000010] (0:ok, 1:fail).
(Jan 30 2018 18:47:08,   87074 sec) TxPacket()           Invalid response [0x63] - resending packet. [PktNum=0x12]
(Jan 30 2018 18:47:08,   87075 sec) TxPacket()           Packet xmit history: [00000101] (0:ok, 1:fail).
(Jan 30 2018 18:47:10,   87077 sec) TxPacket()           Invalid response [0x5e] - resending packet. [PktNum=0x12]
(Jan 30 2018 18:47:11,   87077 sec) TxPacket()           Packet xmit history: [00001011] (0:ok, 1:fail).
(Jan 30 2018 18:47:12,   87078 sec) TxPacket()           Invalid response [0x34] - resending packet. [PktNum=0x12]
(Jan 30 2018 18:47:12,   87078 sec) TxPacket()           Packet xmit history: [00010111] (0:ok, 1:fail).
(Jan 30 2018 18:47:13,   87080 sec) TxPacket()           Invalid response [0x34] - resending packet. [PktNum=0x12]
(Jan 30 2018 18:47:13,   87080 sec) TxPacket()           Packet xmit history: [00101111] (0:ok, 1:fail).
(Jan 30 2018 18:47:15,   87081 sec) TxPacket()           Invalid response [0x20] - resending packet. [PktNum=0x12]
(Jan 30 2018 18:47:15,   87081 sec) TxPacket()           Packet xmit history: [01011111] (0:ok, 1:fail).
(Jan 30 2018 18:47:16,   87083 sec) TxPacket()           Invalid response [0x20] - resending packet. [PktNum=0x12]
(Jan 30 2018 18:47:16,   87083 sec) TxPacket()           Packet xmit history: [10111111] (0:ok, 1:fail).
(Jan 30 2018 18:47:17,   87084 sec) TxPacket()           Invalid response [0x30] - resending packet. [PktNum=0x12]
(Jan 30 2018 18:47:18,   87084 sec) TxPacket()           Packet xmit history: [01111111] (0:ok, 1:fail).
(Jan 30 2018 18:47:19,   87085 sec) TxPacket()           Invalid response [0x43] - resending packet. [PktNum=0x12]
(Jan 30 2018 18:47:19,   87086 sec) TxPacket()           Packet xmit history: [11111111] (0:ok, 1:fail).
(Jan 30 2018 18:47:20,   87086 sec) TxPacket()           Exit status: -5
(Jan 30 2018 18:47:20,   87086 sec) Tx()                 Packet transmission failed - aborting transfer.
(Jan 30 2018 18:47:32,   87099 sec) UpLoadFile()         Upload failed.
(Jan 30 2018 18:47:49,   87116 sec) UpLoadFile()         Uploading "7827.059.log" to host as "7827.059.log".
(Jan 30 2018 18:48:50,   87176 sec) Tx()                 CRC negotiation failed - aborting transfer.
(Jan 30 2018 18:49:01,   87187 sec) UpLoadFile()         Upload failed.
(Jan 30 2018 18:49:01,   87187 sec) UpLoad()             Files successfully uploaded: 1
(Jan 30 2018 18:49:01,   87188 sec) UpLoad()             Aborting upload: Retry limit [2] exceeded. Upload incomplete.
(Jan 30 2018 18:49:05,   87192 sec) logout()             Log-out successful.
(Jan 30 2018 18:49:07,   87193 sec) Telemetry()          Telemetry cycle complete: PrfId=59 ConnectionAttempts=1  Connections=1
(Jan 30 2018 19:04:21,   88107 sec) AirSystem()          Air-bladder inflation by-passed. Barometer: [126cnt, 6.5"Hg].
(Jan 30 2018 19:05:14,   88160 sec) GetSurfaceObs()      P/O2,T2,TPhase,RPhase,RawTemp/FSig,BbSig,TSig: -0.3dbars / 244.6uM 24.376C 29.906 8.911 131.937 / 157,185,538
(Jan 30 2018 19:05:15,   88161 sec) GpsServices()        GPS almanac is current.
(Jan 30 2018 19:05:15,   88161 sec) GpsServices()        Initiating GPS fix acquisition.
(Jan 30 2018 19:06:08,   88215 sec) gga()                $GPGGA,190510,1533.1116,N,06431.5578,E,6,11,0.8,5.3,M,-63.3,M,,*60
(Jan 30 2018 19:06:51,   88258 sec) gga()                $GPGGA,190520,1533.1101,N,06431.5582,E,1,11,0.8,4.8,M,-63.3,M,,*6D
(Jan 30 2018 19:06:52,   88258 sec) GpsServices()        Profile 59 GPS fix obtained in 96 seconds.
(Jan 30 2018 19:06:52,   88258 sec) GpsServices()                  lon     lat mm/dd/yyyy hhmmss nsat
(Jan 30 2018 19:06:52,   88258 sec) GpsServices()        Fix:   64.526  15.552 01/30/2018 190520   11
(Jan 30 2018 19:07:37,   88304 sec) gga()                $GPGGA,190640,1533.1023,N,06431.5576,E,1,11,0.7,2.1,M,-63.3,M,,*62
(Jan 30 2018 19:07:45,   88311 sec) gga()                $GPGGA,190730,1533.0980,N,06431.5571,E,1,11,0.7,2.0,M,-63.3,M,,*63
(Jan 30 2018 19:07:45,   88312 sec) GpsServices()        APF9 RTC skew (15s) OK.
(Jan 30 2018 19:07:46,   88312 sec) GpsServices()        GPS services complete.
(Jan 30 2018 19:08:11,   88338 sec) CLogin()             Connecting to primary host.
(Jan 30 2018 19:08:23,   88349 sec) CLogin()             Connection 2 established in 12 seconds.
(Jan 30 2018 19:08:33,   88360 sec) login()              Login successful.
(Jan 30 2018 19:08:37,   88363 sec) CLogin()             Logged in to host.  [Login required 14 seconds]
(Jan 30 2018 19:08:48,   88375 sec) RxConfig()           Downloading "mission.cfg" from host.
(Jan 30 2018 19:08:51,   88378 sec) Rx()                 Initiating transfer. [0x43]
(Jan 30 2018 19:08:57,   88384 sec) Rx()                 Pad character [0x1a] found in ascii mode - truncating packet.
(Jan 30 2018 19:09:02,   88388 sec) Rx()                 Received EOT - transfer complete. [1 packets, 1024 bytes, 11 sec, 93.1 bps]
(Jan 30 2018 19:09:02,   88388 sec) RxConfig()           Download successful.
(Jan 30 2018 19:09:30,   88416 sec) UpLoadFile()         Uploading "7827.059.log" to host as "7827.059.log".
(Jan 30 2018 19:09:33,   88420 sec) Tx()                 CRC negotiation successful. [16-bit CRC]
(Jan 30 2018 19:09:59,   88445 sec) TxPacket()           NAK received - resending packet. [PktNum=0x02]
(Jan 30 2018 19:09:59,   88446 sec) TxPacket()           Packet xmit history: [11100001] (0:ok, 1:fail).
(Jan 30 2018 19:10:43,   88489 sec) TxPacket()           NAK received - resending packet. [PktNum=0x07]
(Jan 30 2018 19:10:43,   88490 sec) TxPacket()           Packet xmit history: [01000001] (0:ok, 1:fail).
(Jan 30 2018 19:10:50,   88496 sec) TxPacket()           NAK received - resending packet. [PktNum=0x07]
(Jan 30 2018 19:10:50,   88497 sec) TxPacket()           Packet xmit history: [10000011] (0:ok, 1:fail).
(Jan 30 2018 19:11:02,   88508 sec) TxPacket()           NAK received - resending packet. [PktNum=0x08]
(Jan 30 2018 19:11:02,   88509 sec) TxPacket()           Packet xmit history: [00001101] (0:ok, 1:fail).
(Jan 30 2018 19:11:50,   88557 sec) TxPacket()           NAK received - resending packet. [PktNum=0x0f]
(Jan 30 2018 19:11:50,   88557 sec) TxPacket()           Packet xmit history: [00000001] (0:ok, 1:fail).
(Jan 30 2018 19:11:59,   88566 sec) Tx()                 Transmission completed successfully [15 packets, 14974 bytes, 145 sec, 105.9 bps]
(Jan 30 2018 19:11:59,   88566 sec) UpLoadFile()         Upload successful.
(Jan 30 2018 19:12:09,   88576 sec) UpLoad()             Files successfully uploaded: 1
(Jan 30 2018 19:12:10,   88576 sec) UpLoad()             Upload complete.
(Jan 30 2018 19:12:14,   88580 sec) logout()             Log-out successful.
(Jan 30 2018 19:12:15,   88582 sec) Telemetry()          Telemetry cycle complete: PrfId=59 ConnectionAttempts=2  Connections=2
(Jan 30 2018 19:12:16,   88582 sec) TelemetryTerminate(  Parsing new mission configuration.
(Jan 30 2018 19:12:18,   88584 sec) configure()          Parsing configurators in "mission.cfg".
(Jan 30 2018 19:12:26,   88593 sec) configure()             TelemetryRetry(15)            [0x7BBC] [TelemetryRetry(15)].
(Jan 30 2018 19:12:27,   88593 sec) configure()          Configuration CRCs and syntax OK.
(Jan 30 2018 19:12:27,   88593 sec) ConfigSupervisor()   Configuration accepted.
(Jan 30 2018 19:12:27,   88593 sec) TelemetryTerminate(  Reconditioning the file system.
(Jan 30 2018 19:12:44,      12 sec) DescentInit()        Deep profile 60 initiated at mission-time 88599sec.
(Jan 30 2018 19:12:46,      14 sec) DescentInit()        Surface pressure: -0.3dbars.
(Jan 30 2018 19:12:51,      19 sec) PistonMoveAbsWTO()    186->106 185 184 183 182 181 180 179 178 177 176 175 174 173 172 171 170 169 168 167 166 165 164 163 162 161 160 159 158 157 156 155 154 153 152 151 150 149 148 147 146 145 144 143 142 141 140 139 138 137 136 135 134 133 132 131 130 129 128 127 126 125 124 123 122 121 120 119 118 117 116 115 114 113 112 111 110 109 108 107 106 [402sec, 14.3Volts, 0.157Amps, CPT:402sec]
(Jan 30 2018 19:19:43,     431 sec) Descent()            Pressure: 23.2
(Jan 30 2018 20:12:36,    3604 sec) Descent()            Pressure: 264.9
(Jan 30 2018 20:52:42,    6010 sec) Descent()            Pressure: 351.6
(Jan 30 2018 20:52:42,    6010 sec) ParkInit()           
(Jan 30 2018 22:12:43,   10810 sec) Park()               ParkPOutOfBand[-3, 384.5 dbars]: retract piston.
(Jan 30 2018 22:12:43,   10811 sec) PistonMoveAbsWTO()    106->105 105 [5sec, 14.0Volts, 0.133Amps, CPT:407sec]
(Jan 31 2018 01:12:43,   21610 sec) Park()               ParkPOutOfBand[3, 426.5 dbars]: extend piston.
(Jan 31 2018 01:12:43,   21611 sec) PistonMoveAbsWTO()    105->106 106 [2sec, 14.0Volts, 0.290Amps, CPT:409sec]
(Jan 31 2018 04:12:43,   32410 sec) Park()               ParkPOutOfBand[3, 416.7 dbars]: extend piston.
(Jan 31 2018 04:12:43,   32411 sec) PistonMoveAbsWTO()    106->107 107 [6sec, 13.7Volts, 0.282Amps, CPT:415sec]
(Jan 31 2018 10:12:43,   54010 sec) Park()               ParkPOutOfBand[-3, 382.0 dbars]: retract piston.
(Jan 31 2018 10:12:43,   54011 sec) PistonMoveAbsWTO()    107->106 106 [2sec, 13.7Volts, 0.141Amps, CPT:417sec]
(Jan 31 2018 15:45:18,   73966 sec) CtdPower()           [  398.55, 12.8758, 35.6675]
(Jan 31 2018 15:45:19,   73966 sec) CtdPower()           CTD Power consumption [190VCnt 10ACnt]: 14.728Volts * 0.040Amps = 0.59Watts.
(Jan 31 2018 15:45:20,   73967 sec) ParkTerminate()      Piston Position:106 Vacuum:81 Vq:194 Aq:6 Vsbe:190 Asbe:10 Vflbb:186 Aflbb:12
(Jan 31 2018 15:45:56,   74004 sec) ParkTerminate()      PTS/O2,T2,TPhase,RawTemp: 398.5dbars 12.8759C 35.6673PSU / 1.2uM 12.909C 61.605 8.409 503.206
(Jan 31 2018 15:45:56,   74004 sec) ParkTerminate()      FLBB FSig, BbSig, TSig: 59, 119, 558
(Jan 31 2018 15:45:57,   74005 sec) GoDeepInit()         Moving piston.
(Jan 31 2018 15:45:57,   74005 sec) PistonMoveAbsWTO()    106->093 105 104 103 102 101 100 099 098 097 096 095 094 093 [66sec, 14.4Volts, 0.133Amps, CPT:483sec]
(Jan 31 2018 16:17:36,   75904 sec) GoDeep()             Sequence point detected at 518.5dbar.
(Jan 31 2018 16:17:39,   75907 sec) ProfileInit()        PrfId:060  Pressure:518.6dbar  pTable[24]:500dbar
(Jan 31 2018 16:19:13,   76000 sec) Sbe41cpStartCP()     Continuous profile started.
(Jan 31 2018 16:19:13,   76001 sec) PistonMoveAbsWTO()    093->115 094 095 096 097 098 099 [30sec, 14.1Volts, 0.326Amps, CPT:513sec]
(Jan 31 2018 16:19:53,   76041 sec) PistonMoveAbsWTO()    099->115 100 101 102 103 104 [30sec, 14.0Volts, 0.334Amps, CPT:543sec]
(Jan 31 2018 16:20:35,   76083 sec) PistonMoveAbsWTO()    104->115 105 106 107 108 109 110 [30sec, 14.0Volts, 0.330Amps, CPT:573sec]
(Jan 31 2018 16:21:16,   76124 sec) PistonMoveAbsWTO()    110->115 111 112 113 114 115 [26sec, 14.0Volts, 0.322Amps, CPT:599sec]
(Jan 31 2018 16:25:42,   76390 sec) Profile()            Sample 0 initiated at 501.5dbars for bin 24 [500dbars].  PTS/O2,T2,TPhase,RPhase,RawTemp/FSig,BbSig,TSig: 501.2dbars 11.6511C 35.5049PSU / 3.0uM 11.683C 61.285 8.478 541.752 /   59  125  560
(Jan 31 2018 16:32:43,   76811 sec) AscentControlAgent(  Bouyancy nudge to 125 (v=0.061dbar/sec).
(Jan 31 2018 16:32:43,   76811 sec) PistonMoveAbsWTO()    115->125 116 117 118 119 120 [30sec, 14.1Volts, 0.306Amps, CPT:629sec]
(Jan 31 2018 16:33:24,   76852 sec) PistonMoveAbsWTO()    120->125 121 122 123 124 125 [25sec, 14.0Volts, 0.306Amps, CPT:654sec]
(Jan 31 2018 16:54:02,   78090 sec) Profile()            Sample 4 initiated at 331.2dbars for bin 28 [330dbars].  PTS/O2,T2,TPhase,RPhase,RawTemp/FSig,BbSig,TSig: 331.0dbars 13.3014C 35.6861PSU / 1.1uM 13.333C 61.581 8.435 489.776 /   58  143  558
(Jan 31 2018 17:02:59,   78626 sec) AscentControlAgent(  Bouyancy nudge to 135 (v=0.067dbar/sec).
(Jan 31 2018 17:02:59,   78627 sec) PistonMoveAbsWTO()    125->135 126 127 128 129 130 [30sec, 14.2Volts, 0.250Amps, CPT:684sec]
(Jan 31 2018 17:03:41,   78669 sec) PistonMoveAbsWTO()    130->135 131 132 133 134 135 [23sec, 14.1Volts, 0.250Amps, CPT:707sec]
(Jan 31 2018 17:08:02,   78929 sec) AscentControlAgent(  Bouyancy nudge to 145 (v=0.078dbar/sec).
(Jan 31 2018 17:08:02,   78930 sec) PistonMoveAbsWTO()    135->145 136 137 138 139 140 [30sec, 14.1Volts, 0.250Amps, CPT:737sec]
(Jan 31 2018 17:08:59,   78987 sec) PistonMoveAbsWTO()    140->145 141 142 143 144 145 [24sec, 14.1Volts, 0.242Amps, CPT:761sec]
(Jan 31 2018 17:11:39,   79147 sec) Profile()            Sample 8 initiated at 241.2dbars for bin 32 [240dbars].  PTS/O2,T2,TPhase,RPhase,RawTemp/FSig,BbSig,TSig: 240.8dbars 14.5460C 35.7496PSU / 1.0uM 14.619C 61.504 8.494 448.824 /   59  166  556
(Jan 31 2018 17:19:20,   79608 sec) Profile()            Sample 12 initiated at 181.1dbars for bin 36 [180dbars].  PTS/O2,T2,TPhase,RPhase,RawTemp/FSig,BbSig,TSig: 180.8dbars 17.1936C 36.0619PSU / 0.9uM 17.231C 61.329 8.711 364.679 /   59  145  553
(Jan 31 2018 17:27:55,   80123 sec) Profile()            Sample 16 initiated at 141.8dbars for bin 40 [140dbars].  PTS/O2,T2,TPhase,RPhase,RawTemp/FSig,BbSig,TSig: 141.5dbars 18.9955C 35.9782PSU / 0.9uM 19.005C 61.207 8.789 307.011 /   55  117  551
(Jan 31 2018 17:28:31,   80158 sec) AscentControlAgent(  Bouyancy nudge to 155 (v=0.074dbar/sec).
(Jan 31 2018 17:28:31,   80159 sec) PistonMoveAbsWTO()    145->155 146 147 148 149 150 [30sec, 14.3Volts, 0.205Amps, CPT:791sec]
(Jan 31 2018 17:29:13,   80201 sec) PistonMoveAbsWTO()    150->155 151 152 153 154 155 [21sec, 14.3Volts, 0.205Amps, CPT:812sec]
(Jan 31 2018 17:35:12,   80560 sec) Profile()            Sample 20 initiated at 102.0dbars for bin 44 [100dbars].  PTS/O2,T2,TPhase,RPhase,RawTemp/FSig,BbSig,TSig: 101.7dbars 21.4343C 36.2113PSU / 21.6uM 21.463C 55.233 8.823 226.825 /   55  110  547
(Jan 31 2018 17:49:05,   81392 sec) AscentControlAgent(  Bouyancy nudge to 160 (v=-0.003dbar/sec).
(Jan 31 2018 17:49:05,   81393 sec) PistonMoveAbsWTO()    155->160 156 157 158 159 160 [26sec, 14.3Volts, 0.185Amps, CPT:838sec]
(Jan 31 2018 17:53:15,   81643 sec) Profile()            Sample 24 initiated at 61.9dbars for bin 48 [60dbars].  PTS/O2,T2,TPhase,RPhase,RawTemp/FSig,BbSig,TSig: 61.8dbars 24.5216C 36.2571PSU / 91.2uM 24.478C 41.678 8.937 128.628 /   95  163  542
(Jan 31 2018 17:54:13,   81700 sec) AscentControlAgent(  Bouyancy nudge to 165 (v=0.036dbar/sec).
(Jan 31 2018 17:54:13,   81701 sec) PistonMoveAbsWTO()    160->165 161 162 163 164 165 [26sec, 14.3Volts, 0.181Amps, CPT:864sec]
(Jan 31 2018 18:01:22,   82130 sec) Profile()            Sample 28 initiated at 36.9dbars for bin 52 [35dbars].  PTS/O2,T2,TPhase,RPhase,RawTemp/FSig,BbSig,TSig: 36.7dbars 25.4565C 36.4283PSU / 223.2uM 25.472C 30.513 8.974 96.458 /  195  167  539
(Jan 31 2018 18:08:05,   82533 sec) Profile()            Sample 32 initiated at 16.8dbars for bin 56 [15dbars].  PTS/O2,T2,TPhase,RPhase,RawTemp/FSig,BbSig,TSig: 16.7dbars 25.5053C 36.3669PSU / 231.8uM 25.524C 30.064 8.963 94.768 /  159  183  538
(Jan 31 2018 18:09:35,   82623 sec) AscentControlAgent(  Bouyancy nudge to 170 (v=0.040dbar/sec).
(Jan 31 2018 18:09:36,   82624 sec) PistonMoveAbsWTO()    165->170 166 167 168 [15sec, 14.3Volts, 0.169Amps, CPT:879sec]
(Jan 31 2018 18:10:17,   82665 sec) Profile()            Sample 33 initiated at 11.4dbars for bin 57 [10dbars].  PTS/O2,T2,TPhase,RPhase,RawTemp/FSig,BbSig,TSig: 11.2dbars 25.4998C 36.3542PSU / 232.4uM 25.516C 30.036 8.963 95.017 /  139  161  538
(Jan 31 2018 18:10:18,   82666 sec) PistonMoveAbsWTO()    168->170 169 170 [10sec, 14.3Volts, 0.173Amps, CPT:889sec]
(Jan 31 2018 18:11:38,   82746 sec) Profile()            Sample 34 initiated at 5.9dbars for bin 58 [4dbars].  PTS/O2,T2,TPhase,RPhase,RawTemp/FSig,BbSig,TSig: 5.7dbars 25.4931C 36.3506PSU / 232.9uM 25.510C 30.013 8.962 95.215 /  140  172  538
(Jan 31 2018 18:12:05,   82773 sec) Profile()            Sample 35 initiated at 4.2dbars for bin 58 [4dbars].  PTS/O2,T2,TPhase,RPhase,RawTemp/FSig,BbSig,TSig: 4.0dbars 25.4941C 36.3505PSU / 233.4uM 25.510C 29.990 8.960 95.217 /  141  184  537
(Jan 31 2018 18:12:20,   82788 sec) SurfaceDetect()      SurfacePressure:-0.3dbars Pressure:2.5dbars PistonPosition:170
(Jan 31 2018 18:12:21,   82788 sec) Sbe41cpStopCP()      Continuous profile stopped.
(Jan 31 2018 18:12:28,   82795 sec) PistonMoveAbsWTO()    170->192 171 172 173 174 175 176 177 178 179 180 181 182 183 184 185 186 187 188 189 190 191 192 [114sec, 14.3Volts, 0.153Amps, CPT:1003sec]
(Jan 31 2018 18:14:34,   82921 sec) sbe41cp.c:chat()     Expected string [S>] not received.
(Jan 31 2018 18:16:01,   83009 sec) Sbe41cpBinAverage()  Finished averaging 6816 samples in 82 seconds.
(Jan 31 2018 18:16:06,   83014 sec) Sbe41cpUploadCP()    Sbe41cpSerNo[08355] NSample[6816] NBin[264]
(Jan 31 2018 18:16:49,   83057 sec) Sbe41cpUploadCP()    Continuous profile uploaded [264 lines].

<EOT>

<EOT>
