(Feb 28 2017 22:54:01,  842882 sec) TelemetryInit()      Profile 16. (Apf9i FwRev: 061016)
(Feb 28 2017 23:01:04,  843305 sec) AirSystem()          Battery [188cnt, 14.6V]  Current [77cnt, 310.3mA]  Barometer [128cnt, 7.1"Hg]  Run-Time [51s]
(Feb 28 2017 23:01:50,  843351 sec) GetSurfaceObs()      P/O2,T2,TPhase,RPhase,RawTemp/FSig,BbSig,TSig: -0.3dbars / 245.4uM 24.847C 29.684 8.932 116.685 / 229,176,537
(Feb 28 2017 23:01:57,  843357 sec) GpsServices()        GPS almanac is current.
(Feb 28 2017 23:01:57,  843358 sec) GpsServices()        Initiating GPS fix acquisition.
(Feb 28 2017 23:02:14,  843375 sec) gga()                $GPGGA,230130,1705.8515,N,06402.4776,E,0,00,,,M,,M,,*56
(Feb 28 2017 23:02:27,  843388 sec) gga()                $GPGGA,230150,1705.8515,N,06402.4776,E,0,00,,,M,,M,,*50
(Feb 28 2017 23:02:38,  843399 sec) gga()                $GPGGA,230200,1705.8515,N,06402.4776,E,0,00,,,M,,M,,*56
(Feb 28 2017 23:03:21,  843442 sec) gga()                $GPGGA,230200,1716.6157,N,06407.4496,E,6,10,0.8,7.3,M,-58.7,M,,*62
(Feb 28 2017 23:04:49,  843530 sec) gga()                $GPGGA,230340,1716.6189,N,06407.4541,E,1,12,0.7,0.2,M,-58.7,M,,*63
(Feb 28 2017 23:04:50,  843531 sec) GpsServices()        Profile 16 GPS fix obtained in 173 seconds.
(Feb 28 2017 23:04:50,  843531 sec) GpsServices()                  lon     lat mm/dd/yyyy hhmmss nsat
(Feb 28 2017 23:04:50,  843531 sec) GpsServices()        Fix:   64.124  17.277 02/28/2017 230340   12
(Feb 28 2017 23:05:39,  843580 sec) gga()                $GPGGA,230430,1716.6198,N,06407.4557,E,1,12,0.7,-0.2,M,-58.7,M,,*49
(Feb 28 2017 23:05:47,  843588 sec) gga()                $GPGGA,230520,1716.6211,N,06407.4571,E,1,12,0.7,0.8,M,-58.7,M,,*68
(Feb 28 2017 23:05:47,  843588 sec) GpsServices()        APF9 RTC skew (27s) OK.
(Feb 28 2017 23:05:48,  843588 sec) GpsServices()        GPS services complete.
(Feb 28 2017 23:06:37,  843638 sec) CLogin()             Connecting to primary host.
(Feb 28 2017 23:06:48,  843649 sec) CLogin()             Connection 1 established in 11 seconds.
(Feb 28 2017 23:07:04,  843665 sec) login()              Login successful.
(Feb 28 2017 23:07:10,  843670 sec) CLogin()             Logged in to host.  [Login required 22 seconds]
(Feb 28 2017 23:07:24,  843685 sec) RxConfig()           Downloading "mission.cfg" from host.
(Feb 28 2017 23:07:27,  843687 sec) Rx()                 Initiating transfer. [0x43]
(Feb 28 2017 23:07:34,  843694 sec) Rx()                 Truncated packet received - retrying.
(Feb 28 2017 23:07:35,  843696 sec) RxStartByte()        Sync errors encountered: 347
(Feb 28 2017 23:07:39,  843699 sec) Rx()                 Truncated packet received - retrying.
(Feb 28 2017 23:07:43,  843704 sec) RxStartByte()        Sync errors encountered: 967
(Feb 28 2017 23:07:46,  843707 sec) Rx()                 Pad character [0x1a] found in ascii mode - truncating packet.
(Feb 28 2017 23:07:51,  843711 sec) Rx()                 Received EOT - transfer complete. [1 packets, 1024 bytes, 25 sec, 41.0 bps]
(Feb 28 2017 23:07:51,  843712 sec) RxConfig()           Download successful.
(Feb 28 2017 23:08:14,  843735 sec) WriteVitals()        Writing vitals to "7827.016.msg".
(Feb 28 2017 23:08:27,  843748 sec) UpLoadFile()         Uploading "7827.016.msg" to host as "7827.016.msg".
(Feb 28 2017 23:08:30,  843751 sec) Tx()                 CRC negotiation successful. [16-bit CRC]
(Feb 28 2017 23:08:33,  843754 sec) TxPacket()           Invalid response [0x20] - resending packet. [PktNum=0x01]
(Feb 28 2017 23:08:34,  843754 sec) TxPacket()           Packet xmit history: [01110001] (0:ok, 1:fail).
(Feb 28 2017 23:08:48,  843769 sec) TxPacket()           NAK received - resending packet. [PktNum=0x03]
(Feb 28 2017 23:08:49,  843769 sec) TxPacket()           Packet xmit history: [10001001] (0:ok, 1:fail).
(Feb 28 2017 23:09:21,  843802 sec) TxPacket()           NAK received - resending packet. [PktNum=0x07]
(Feb 28 2017 23:09:21,  843802 sec) TxPacket()           Packet xmit history: [00100001] (0:ok, 1:fail).
(Feb 28 2017 23:10:53,  843894 sec) TxPacket()           NAK received - resending packet. [PktNum=0x14]
(Feb 28 2017 23:10:54,  843894 sec) TxPacket()           Packet xmit history: [00000001] (0:ok, 1:fail).
(Feb 28 2017 23:11:38,  843939 sec) Tx()                 Transmission completed successfully [26 packets, 25330 bytes, 187 sec, 137.6 bps]
(Feb 28 2017 23:11:38,  843939 sec) UpLoadFile()         Upload successful.
(Feb 28 2017 23:11:50,  843950 sec) UpLoadFile()         Uploading "7827.016.log" to host as "7827.016.log".
(Feb 28 2017 23:11:52,  843953 sec) Tx()                 CRC negotiation successful. [16-bit CRC]
(Feb 28 2017 23:13:14,  844035 sec) TxPacket()           NAK received - resending packet. [PktNum=0x0c]
(Feb 28 2017 23:13:14,  844035 sec) TxPacket()           Packet xmit history: [00000001] (0:ok, 1:fail).
(Feb 28 2017 23:13:38,  844059 sec) TxPacket()           NAK received - resending packet. [PktNum=0x0f]
(Feb 28 2017 23:13:38,  844059 sec) TxPacket()           Packet xmit history: [00010001] (0:ok, 1:fail).
(Feb 28 2017 23:14:39,  844120 sec) TxPacket()           NAK received - resending packet. [PktNum=0x16]
(Feb 28 2017 23:14:40,  844120 sec) TxPacket()           Packet xmit history: [00000001] (0:ok, 1:fail).
(Feb 28 2017 23:14:52,  844133 sec) TxPacket()           NAK received - resending packet. [PktNum=0x17]
(Feb 28 2017 23:14:52,  844133 sec) TxPacket()           Packet xmit history: [00000101] (0:ok, 1:fail).
(Feb 28 2017 23:15:13,  844154 sec) TxPacket()           NAK received - resending packet. [PktNum=0x19]
(Feb 28 2017 23:15:14,  844154 sec) TxPacket()           Packet xmit history: [00101001] (0:ok, 1:fail).
(Feb 28 2017 23:15:18,  844159 sec) TxPacket()           NAK received - resending packet. [PktNum=0x19]
(Feb 28 2017 23:15:18,  844159 sec) TxPacket()           Packet xmit history: [01010011] (0:ok, 1:fail).
(Feb 28 2017 23:16:09,  844210 sec) TxPacket()           NAK received - resending packet. [PktNum=0x19]
(Feb 28 2017 23:16:09,  844210 sec) TxPacket()           Packet xmit history: [10100111] (0:ok, 1:fail).
(Feb 28 2017 23:16:16,  844217 sec) TxPacket()           NAK received - resending packet. [PktNum=0x19]
(Feb 28 2017 23:16:17,  844217 sec) TxPacket()           Packet xmit history: [01001111] (0:ok, 1:fail).
(Feb 28 2017 23:16:35,  844236 sec) Tx()                 Transmission completed successfully [26 packets, 25640 bytes, 281 sec, 91.6 bps]
(Feb 28 2017 23:16:36,  844236 sec) UpLoadFile()         Upload successful.
(Feb 28 2017 23:16:46,  844247 sec) UpLoad()             Files successfully uploaded: 2
(Feb 28 2017 23:16:46,  844247 sec) UpLoad()             Upload complete.
(Feb 28 2017 23:16:51,  844251 sec) chat()               Expected string [cmd>] not received.
(Feb 28 2017 23:16:51,  844251 sec) logout()             Can't get command prompt.
(Feb 28 2017 23:16:56,  844256 sec) chat()               Expected string [logout] not received.
(Feb 28 2017 23:16:56,  844256 sec) logout()             Attempt to log-out failed.
(Feb 28 2017 23:16:56,  844257 sec) logout()             No carrier detected.
(Feb 28 2017 23:16:56,  844257 sec) Telemetry()          Telemetry cycle complete: PrfId=16 ConnectionAttempts=1  Connections=1
(Feb 28 2017 23:16:57,  844257 sec) TelemetryTerminate(  Parsing new mission configuration.
(Feb 28 2017 23:16:59,  844260 sec) configure()          Parsing configurators in "mission.cfg".
(Feb 28 2017 23:17:06,  844266 sec) configure()             TelemetryRetry(15)      [0x7BBC] [TelemetryRetry(15)].
(Feb 28 2017 23:17:06,  844267 sec) configure()          Configuration CRCs and syntax OK.
(Feb 28 2017 23:17:06,  844267 sec) ConfigSupervisor()   Sanity check violated: cfg->PressureCP >= 750
(Feb 28 2017 23:17:06,  844267 sec) ConfigSupervisor()   Configuration accepted.
(Feb 28 2017 23:17:07,  844267 sec) TelemetryTerminate(  Reconditioning the file system.
(Feb 28 2017 23:17:23,      12 sec) DescentInit()        Deep profile 17 initiated at mission-time 844272sec.
(Feb 28 2017 23:17:25,      14 sec) DescentInit()        Surface pressure: -0.2dbars.
(Feb 28 2017 23:17:30,      19 sec) PistonMoveAbsWTO()    184->074 183 182 181 180 179 178 177 176 175 174 173 172 171 170 169 168 167 166 165 164 163 162 161 160 159 158 157 156 155 154 153 152 151 150 149 148 147 146 145 144 143 142 141 140 139 138 137 136 135 134 133 132 131 130 129 128 127 126 125 124 123 122 121 120 119 118 117 116 115 114 113 112 111 110 109 108 107 106 105 104 103 102 101 100 099 098 097 096 095 094 093 092 091 090 089 088 087 086 085 084 083 082 081 080 079 078 077 076 075 074 [551sec, 14.5Volts, 0.145Amps, CPT:551sec]
(Feb 28 2017 23:26:51,     580 sec) Descent()            Pressure: 35.4
(Mar 01 2017 00:17:15,    3604 sec) Descent()            Pressure: 439.9
(Mar 01 2017 01:17:15,    7204 sec) Descent()            Pressure: 756.5
(Mar 01 2017 02:17:15,   10804 sec) Descent()            Pressure: 927.6
(Mar 01 2017 03:17:15,   14404 sec) Descent()            Pressure: 982.4
(Mar 01 2017 04:17:15,   18004 sec) Descent()            Pressure: 978.9
(Mar 01 2017 04:17:15,   18004 sec) ParkInit()           
(Mar 01 2017 06:17:21,   25210 sec) Park()               ParkPOutOfBand[-3, 985.2 dbars]: retract piston.
(Mar 01 2017 06:17:22,   25211 sec) PistonMoveAbsWTO()    074->073 073 [4sec, 14.8Volts, 0.101Amps, CPT:555sec]
(Mar 05 2017 03:17:22,  360011 sec) Park()               ParkPOutOfBand[3, 1010.3 dbars]: extend piston.
(Mar 05 2017 03:17:22,  360012 sec) PistonMoveAbsWTO()    073->074 074 [1sec, 14.3Volts, 0.471Amps, CPT:556sec]
(Mar 10 2017 07:17:35,  806424 sec) CtdPower()           [  999.63,  8.9948, 35.4113]
(Mar 10 2017 07:17:35,  806424 sec) CtdPower()           CTD Power consumption [192VCnt 10ACnt]: 14.883Volts * 0.040Amps = 0.60Watts.
(Mar 10 2017 07:17:36,  806425 sec) ParkTerminate()      Piston Position:74 Vacuum:80 Vq:195 Aq:7 Vsbe:192 Asbe:10 Vflbb:188 Aflbb:12
(Mar 10 2017 07:18:13,  806462 sec) ParkTerminate()      PTS/O2,T2,TPhase,RawTemp: 999.5dbars 8.9935C 35.4124PSU / 8.9uM 9.019C 60.366 8.307 624.080
(Mar 10 2017 07:18:13,  806462 sec) ParkTerminate()      FLBB FSig, BbSig, TSig: 57, 113, 564
(Mar 10 2017 07:18:13,  806463 sec) GoDeepInit()         Moving piston.
(Mar 10 2017 07:18:14,  806463 sec) PistonMoveAbsWTO()    074->026 073 072 071 070 069 068 067 066 065 064 063 062 061 060 059 058 057 056 055 054 053 052 051 050 049 048 047 046 045 044 043 042 041 040 039 038 037 036 035 034 033 032 031 030 029 028 027 026 [236sec, 14.5Volts, 0.097Amps, CPT:792sec]
(Mar 10 2017 12:17:15,  824404 sec) ProfileInit()        PrfId:017  Pressure:1998.9dbar  pTable[1]:1900dbar
(Mar 10 2017 12:17:18,  824407 sec) PistonMoveAbsWTO()    026->048 027 028 029 030 031 [30sec, 13.7Volts, 0.790Amps, CPT:822sec]
(Mar 10 2017 12:17:58,  824447 sec) PistonMoveAbsWTO()    031->048 032 033 034 035 [30sec, 13.6Volts, 0.790Amps, CPT:852sec]
(Mar 10 2017 12:18:38,  824487 sec) PistonMoveAbsWTO()    035->048 036 037 038 039 040 [30sec, 13.4Volts, 0.802Amps, CPT:882sec]
(Mar 10 2017 12:19:18,  824527 sec) PistonMoveAbsWTO()    040->048 041 042 043 044 [30sec, 13.3Volts, 0.794Amps, CPT:912sec]
(Mar 10 2017 12:19:58,  824567 sec) PistonMoveAbsWTO()    045->048 046 047 048 [21sec, 13.3Volts, 0.762Amps, CPT:933sec]
(Mar 10 2017 12:34:57,  825466 sec) Profile()            Sample 0 initiated at 1901.2dbars for bin 1 [1900dbars].  PTS/O2,T2,TPhase,RPhase,RawTemp/FSig,BbSig,TSig: 1899.0dbars 3.5693C 34.8680PSU / 91.8uM 3.582C 50.813 8.361 784.868 /   58  111  573
(Mar 10 2017 12:53:22,  826571 sec) Profile()            Sample 1 initiated at 1801.6dbars for bin 2 [1800dbars].  PTS/O2,T2,TPhase,RPhase,RawTemp/FSig,BbSig,TSig: 1799.8dbars 3.9626C 34.9041PSU / 80.1uM 3.972C 51.832 8.370 773.674 /   58  112  572
(Mar 10 2017 12:57:45,  826834 sec) AscentControlAgent(  Bouyancy nudge to 58 (v=0.078dbar/sec).
(Mar 10 2017 12:57:45,  826835 sec) PistonMoveAbsWTO()    048->058 049 050 051 052 053 [30sec, 13.9Volts, 0.733Amps, CPT:963sec]
(Mar 10 2017 12:58:26,  826875 sec) PistonMoveAbsWTO()    053->058 054 055 056 057 [30sec, 13.6Volts, 0.721Amps, CPT:993sec]
(Mar 10 2017 12:59:06,  826915 sec) PistonMoveAbsWTO()    057->058 058 [2sec, 13.6Volts, 0.709Amps, CPT:995sec]
(Mar 10 2017 13:10:58,  827627 sec) Profile()            Sample 2 initiated at 1701.4dbars for bin 3 [1700dbars].  PTS/O2,T2,TPhase,RPhase,RawTemp/FSig,BbSig,TSig: 1699.2dbars 4.3806C 34.9398PSU / 68.8uM 4.395C 52.890 8.377 761.502 /   57  112  572
(Mar 10 2017 13:28:41,  828690 sec) Profile()            Sample 3 initiated at 1601.5dbars for bin 4 [1600dbars].  PTS/O2,T2,TPhase,RPhase,RawTemp/FSig,BbSig,TSig: 1599.7dbars 4.9839C 34.9974PSU / 54.8uM 4.994C 54.330 8.388 744.118 /   58  112  571
(Mar 10 2017 13:38:48,  829297 sec) AscentControlAgent(  Bouyancy nudge to 68 (v=0.075dbar/sec).
(Mar 10 2017 13:38:48,  829298 sec) PistonMoveAbsWTO()    058->068 059 060 061 062 063 [30sec, 14.0Volts, 0.661Amps, CPT:1025sec]
(Mar 10 2017 13:39:29,  829338 sec) PistonMoveAbsWTO()    063->068 064 065 066 067 [30sec, 13.7Volts, 0.637Amps, CPT:1055sec]
(Mar 10 2017 13:47:57,  829846 sec) Profile()            Sample 4 initiated at 1501.3dbars for bin 5 [1500dbars].  PTS/O2,T2,TPhase,RPhase,RawTemp/FSig,BbSig,TSig: 1499.2dbars 5.6391C 35.0562PSU / 42.9uM 5.649C 55.667 8.398 724.971 /   56  113  570
(Mar 10 2017 14:07:02,  830991 sec) Profile()            Sample 5 initiated at 1401.9dbars for bin 6 [1400dbars].  PTS/O2,T2,TPhase,RPhase,RawTemp/FSig,BbSig,TSig: 1400.2dbars 6.2913C 35.1239PSU / 33.1uM 6.308C 56.866 8.408 705.562 /   59  111  568
(Mar 10 2017 14:09:15,  831124 sec) AscentControlAgent(  Bouyancy nudge to 78 (v=0.078dbar/sec).
(Mar 10 2017 14:09:15,  831125 sec) PistonMoveAbsWTO()    068->078 069 070 071 072 073 [30sec, 14.0Volts, 0.584Amps, CPT:1085sec]
(Mar 10 2017 14:09:56,  831165 sec) PistonMoveAbsWTO()    073->078 074 075 076 077 078 [29sec, 13.8Volts, 0.568Amps, CPT:1114sec]
(Mar 10 2017 14:15:54,  831523 sec) Profile()            Sample 6 initiated at 1351.9dbars for bin 7 [1350dbars].  PTS/O2,T2,TPhase,RPhase,RawTemp/FSig,BbSig,TSig: 1349.5dbars 6.6165C 35.1586PSU / 27.3uM 6.635C 57.650 8.412 695.861 /   57  110  568
(Mar 10 2017 14:23:43,  831992 sec) Profile()            Sample 7 initiated at 1301.1dbars for bin 8 [1300dbars].  PTS/O2,T2,TPhase,RPhase,RawTemp/FSig,BbSig,TSig: 1298.7dbars 6.8958C 35.1834PSU / 25.3uM 6.914C 57.907 8.415 687.551 /   59  113  568
(Mar 10 2017 14:31:34,  832463 sec) Profile()            Sample 8 initiated at 1251.6dbars for bin 9 [1250dbars].  PTS/O2,T2,TPhase,RPhase,RawTemp/FSig,BbSig,TSig: 1249.3dbars 7.1586C 35.2088PSU / 22.0uM 7.175C 58.384 8.415 679.783 /   57  112  567
(Mar 10 2017 14:40:35,  833004 sec) Profile()            Sample 9 initiated at 1201.3dbars for bin 10 [1200dbars].  PTS/O2,T2,TPhase,RPhase,RawTemp/FSig,BbSig,TSig: 1199.5dbars 7.5197C 35.2515PSU / 18.9uM 7.538C 58.820 8.418 668.902 /   59  113  567
(Mar 10 2017 14:44:58,  833267 sec) AscentControlAgent(  Bouyancy nudge to 88 (v=0.079dbar/sec).
(Mar 10 2017 14:44:58,  833268 sec) PistonMoveAbsWTO()    078->088 079 080 081 082 083 [30sec, 14.1Volts, 0.536Amps, CPT:1144sec]
(Mar 10 2017 14:45:39,  833308 sec) PistonMoveAbsWTO()    083->088 084 085 086 087 088 [28sec, 14.0Volts, 0.524Amps, CPT:1172sec]
(Mar 10 2017 14:50:13,  833582 sec) Profile()            Sample 10 initiated at 1151.8dbars for bin 11 [1150dbars].  PTS/O2,T2,TPhase,RPhase,RawTemp/FSig,BbSig,TSig: 1149.7dbars 8.0138C 35.3083PSU / 15.6uM 8.034C 59.295 8.421 653.971 /   59  111  566
(Mar 10 2017 15:00:34,  834203 sec) Profile()            Sample 11 initiated at 1101.5dbars for bin 12 [1100dbars].  PTS/O2,T2,TPhase,RPhase,RawTemp/FSig,BbSig,TSig: 1099.9dbars 8.4354C 35.3568PSU / 12.4uM 8.463C 59.801 8.422 640.981 /   58  111  565
(Mar 10 2017 15:00:37,  834206 sec) AscentControlAgent(  Bouyancy nudge to 98 (v=0.075dbar/sec).
(Mar 10 2017 15:00:37,  834206 sec) PistonMoveAbsWTO()    088->098 089 090 091 092 093 [30sec, 14.1Volts, 0.496Amps, CPT:1202sec]
(Mar 10 2017 15:01:17,  834246 sec) PistonMoveAbsWTO()    093->098 094 095 096 097 098 [28sec, 14.0Volts, 0.479Amps, CPT:1230sec]
(Mar 10 2017 15:09:13,  834722 sec) Profile()            Sample 12 initiated at 1051.2dbars for bin 13 [1050dbars].  PTS/O2,T2,TPhase,RPhase,RawTemp/FSig,BbSig,TSig: 1048.7dbars 8.8528C 35.4027PSU / 10.1uM 8.875C 60.175 8.423 628.466 /   58  110  565
(Mar 10 2017 15:16:34,  835163 sec) Profile()            Sample 13 initiated at 1000.6dbars for bin 14 [1000dbars].  PTS/O2,T2,TPhase,RPhase,RawTemp/FSig,BbSig,TSig: 997.8dbars 9.1056C 35.4201PSU / 8.8uM 9.134C 60.376 8.426 620.566 /   59  114  564
(Mar 10 2017 15:30:21,  835990 sec) Profile()            Sample 15 initiated at 901.5dbars for bin 16 [900dbars].  PTS/O2,T2,TPhase,RPhase,RawTemp/FSig,BbSig,TSig: 899.0dbars 9.7731C 35.4915PSU / 6.7uM 9.799C 60.704 8.437 600.199 /   58  115  563
(Mar 10 2017 15:51:34,  837263 sec) AscentControlAgent(  Bouyancy nudge to 108 (v=0.074dbar/sec).
(Mar 10 2017 15:51:34,  837264 sec) PistonMoveAbsWTO()    098->108 099 100 101 102 103 [30sec, 14.3Volts, 0.395Amps, CPT:1260sec]
(Mar 10 2017 15:52:15,  837304 sec) PistonMoveAbsWTO()    103->108 104 105 106 107 108 [25sec, 14.2Volts, 0.399Amps, CPT:1285sec]
(Mar 10 2017 16:06:17,  838146 sec) Profile()            Sample 19 initiated at 701.3dbars for bin 20 [700dbars].  PTS/O2,T2,TPhase,RPhase,RawTemp/FSig,BbSig,TSig: 698.9dbars 11.1030C 35.5916PSU / 3.2uM 11.145C 61.301 8.489 558.556 /   58  114  561
(Mar 10 2017 16:27:20,  839409 sec) AscentControlAgent(  Bouyancy nudge to 118 (v=0.075dbar/sec).
(Mar 10 2017 16:27:20,  839410 sec) PistonMoveAbsWTO()    108->118 109 110 111 112 113 [30sec, 14.4Volts, 0.334Amps, CPT:1315sec]
(Mar 10 2017 16:28:01,  839450 sec) PistonMoveAbsWTO()    113->118 114 115 116 117 118 [24sec, 14.3Volts, 0.334Amps, CPT:1339sec]
(Mar 10 2017 16:40:51,  840220 sec) Profile()            Sample 23 initiated at 501.9dbars for bin 24 [500dbars].  PTS/O2,T2,TPhase,RPhase,RawTemp/FSig,BbSig,TSig: 499.7dbars 12.6372C 35.7336PSU / 1.4uM 12.673C 61.556 8.517 510.637 /   59  117  559
(Mar 10 2017 16:42:25,  840314 sec) Sbe41cpStartCP()     Continuous profile started.
(Mar 10 2017 17:03:07,  841556 sec) AscentControlAgent(  Bouyancy nudge to 128 (v=0.071dbar/sec).
(Mar 10 2017 17:03:07,  841556 sec) PistonMoveAbsWTO()    118->128 119 120 121 122 123 [30sec, 14.3Volts, 0.286Amps, CPT:1369sec]
(Mar 10 2017 17:03:47,  841596 sec) PistonMoveAbsWTO()    123->128 124 125 126 127 128 [24sec, 14.3Volts, 0.290Amps, CPT:1393sec]
(Mar 10 2017 17:12:53,  842142 sec) Profile()            Sample 27 initiated at 331.6dbars for bin 28 [330dbars].  PTS/O2,T2,TPhase,RPhase,RawTemp/FSig,BbSig,TSig: 331.3dbars 14.2786C 35.8405PSU / 1.2uM 14.311C 61.481 8.594 458.637 /   58  148  556
(Mar 10 2017 17:31:03,  843232 sec) Profile()            Sample 31 initiated at 241.9dbars for bin 32 [240dbars].  PTS/O2,T2,TPhase,RPhase,RawTemp/FSig,BbSig,TSig: 241.8dbars 16.1823C 35.9532PSU / 1.1uM 16.212C 61.355 8.740 397.616 /   60  143  554
(Mar 10 2017 17:33:56,  843405 sec) AscentControlAgent(  Bouyancy nudge to 138 (v=0.035dbar/sec).
(Mar 10 2017 17:33:56,  843405 sec) PistonMoveAbsWTO()    128->138 129 130 131 132 133 [30sec, 14.3Volts, 0.238Amps, CPT:1423sec]
(Mar 10 2017 17:34:36,  843445 sec) PistonMoveAbsWTO()    133->138 134 135 136 137 138 [23sec, 14.3Volts, 0.238Amps, CPT:1446sec]
(Mar 10 2017 17:44:01,  844010 sec) Profile()            Sample 35 initiated at 181.6dbars for bin 36 [180dbars].  PTS/O2,T2,TPhase,RPhase,RawTemp/FSig,BbSig,TSig: 181.4dbars 18.2406C 35.9802PSU / 1.1uM 18.254C 61.211 8.808 331.464 /   59  134  551
(Mar 10 2017 17:49:11,  844320 sec) AscentControlAgent(  Bouyancy nudge to 148 (v=0.034dbar/sec).
(Mar 10 2017 17:49:11,  844320 sec) PistonMoveAbsWTO()    138->148 139 140 141 142 143 [30sec, 14.4Volts, 0.214Amps, CPT:1476sec]
(Mar 10 2017 17:49:51,  844360 sec) PistonMoveAbsWTO()    143->148 144 145 146 147 148 [23sec, 14.3Volts, 0.214Amps, CPT:1499sec]
(Mar 10 2017 17:54:16,  844625 sec) AscentControlAgent(  Bouyancy nudge to 158 (v=0.071dbar/sec).
(Mar 10 2017 17:54:16,  844625 sec) PistonMoveAbsWTO()    148->158 149 150 151 152 153 [30sec, 14.3Volts, 0.205Amps, CPT:1529sec]
(Mar 10 2017 17:54:56,  844665 sec) PistonMoveAbsWTO()    153->158 154 155 156 157 158 [22sec, 14.3Volts, 0.214Amps, CPT:1551sec]
(Mar 10 2017 17:55:53,  844722 sec) Profile()            Sample 39 initiated at 141.2dbars for bin 40 [140dbars].  PTS/O2,T2,TPhase,RPhase,RawTemp/FSig,BbSig,TSig: 140.9dbars 20.9257C 36.1705PSU / 3.4uM 20.950C 60.287 8.836 243.565 /   53  107  548
(Mar 10 2017 18:02:36,  845125 sec) Profile()            Sample 43 initiated at 101.8dbars for bin 44 [100dbars].  PTS/O2,T2,TPhase,RPhase,RawTemp/FSig,BbSig,TSig: 101.5dbars 22.8685C 36.2379PSU / 61.4uM 22.874C 46.688 8.957 180.812 /   55  110  545
(Mar 10 2017 18:15:33,  845902 sec) Profile()            Sample 47 initiated at 61.9dbars for bin 48 [60dbars].  PTS/O2,T2,TPhase,RPhase,RawTemp/FSig,BbSig,TSig: 61.7dbars 25.4327C 36.6815PSU / 195.7uM 25.447C 32.050 9.007 97.257 /   70  118  540
(Mar 10 2017 18:24:33,  846442 sec) AscentControlAgent(  Bouyancy nudge to 163 (v=0.038dbar/sec).
(Mar 10 2017 18:24:33,  846442 sec) PistonMoveAbsWTO()    158->163 159 160 161 162 163 [25sec, 14.6Volts, 0.173Amps, CPT:1576sec]
(Mar 10 2017 18:25:23,  846492 sec) Profile()            Sample 51 initiated at 36.5dbars for bin 52 [35dbars].  PTS/O2,T2,TPhase,RPhase,RawTemp/FSig,BbSig,TSig: 36.3dbars 25.9406C 36.6821PSU / 232.2uM 25.956C 29.875 9.010 80.820 /  184  172  538
(Mar 10 2017 18:31:07,  846836 sec) Profile()            Sample 55 initiated at 16.6dbars for bin 56 [15dbars].  PTS/O2,T2,TPhase,RPhase,RawTemp/FSig,BbSig,TSig: 16.4dbars 26.1835C 36.6963PSU / 249.2uM 26.197C 28.994 9.004 73.064 /  313  198  537
(Mar 10 2017 18:32:33,  846922 sec) Profile()            Sample 56 initiated at 11.8dbars for bin 57 [10dbars].  PTS/O2,T2,TPhase,RPhase,RawTemp/FSig,BbSig,TSig: 11.6dbars 26.2712C 36.6939PSU / 252.9uM 26.286C 28.799 9.008 70.198 /  321  223  536
(Mar 10 2017 18:34:39,  847048 sec) Profile()            Sample 57 initiated at 5.9dbars for bin 58 [4dbars].  PTS/O2,T2,TPhase,RPhase,RawTemp/FSig,BbSig,TSig: 5.8dbars 26.9449C 36.7568PSU / 248.4uM 26.947C 28.749 9.020 48.963 /  169  197  537
(Mar 10 2017 18:35:07,  847076 sec) Profile()            Sample 58 initiated at 5.0dbars for bin 58 [4dbars].  PTS/O2,T2,TPhase,RPhase,RawTemp/FSig,BbSig,TSig: 4.9dbars 26.9496C 36.7662PSU / 247.5uM 26.961C 28.783 9.025 48.528 /  174  382  536
(Mar 10 2017 18:35:33,  847102 sec) Profile()            Sample 59 initiated at 4.1dbars for bin 58 [4dbars].  PTS/O2,T2,TPhase,RPhase,RawTemp/FSig,BbSig,TSig: 4.0dbars 26.9450C 36.7663PSU / 247.1uM 26.959C 28.800 9.028 48.579 /  185  220  536
(Mar 10 2017 18:35:47,  847116 sec) SurfaceDetect()      SurfacePressure:-0.2dbars Pressure:3.0dbars PistonPosition:163
(Mar 10 2017 18:35:48,  847117 sec) Sbe41cpStopCP()      Continuous profile stopped.
(Mar 10 2017 18:35:55,  847124 sec) PistonMoveAbsWTO()    163->185 164 165 166 167 168 169 170 171 172 173 174 175 176 177 178 179 180 181 182 183 184 185 [111sec, 14.5Volts, 0.153Amps, CPT:1687sec]
(Mar 10 2017 18:38:02,  847251 sec) sbe41cp.c:chat()     Expected string [S>] not received.
(Mar 10 2017 18:39:28,  847337 sec) Sbe41cpBinAverage()  Finished averaging 6830 samples in 81 seconds.
(Mar 10 2017 18:39:33,  847342 sec) Sbe41cpUploadCP()    Sbe41cpSerNo[08355] NSample[6830] NBin[249]
(Mar 10 2017 18:40:17,  847386 sec) Sbe41cpUploadCP()    Continuous profile uploaded [249 lines].

<EOT>

<EOT>
