(Mar 28 2021 23:13:10,  868095 sec) TelemetryInit()      Profile 202. (Apf9i FwRev: 061016)
(Mar 28 2021 23:20:09,  868513 sec) AirSystem()          Battery [188cnt, 14.6V]  Current [75cnt, 302.2mA]  Barometer [126cnt, 6.5"Hg]  Run-Time [49s]
(Mar 28 2021 23:21:03,  868567 sec) GetSurfaceObs()      P/O2,T2,TPhase,RPhase,RawTemp/FSig,BbSig,TSig: -0.7dbars / 238.2uM 25.140C 29.906 8.916 107.178 / 72,153,534
(Mar 28 2021 23:21:11,  868575 sec) GpsServices()        GPS almanac is current.
(Mar 28 2021 23:21:11,  868575 sec) GpsServices()        Initiating GPS fix acquisition.
(Mar 28 2021 23:21:36,  868600 sec) gga()                $GPGGA,232110,1739.0610,N,06439.5635,E,0,00,,,M,,M,,*58
(Mar 28 2021 23:21:47,  868611 sec) gga()                $GPGGA,232120,1739.0610,N,06439.5635,E,0,00,,,M,,M,,*5B
(Mar 28 2021 23:22:30,  868654 sec) gga()                $GPGGA,232130,1738.0289,N,06429.8862,E,1,06,0.9,-3.1,M,-58.7,M,,*47
(Mar 28 2021 23:22:30,  868655 sec) GpsServices()        Profile 202 GPS fix obtained in 79 seconds.
(Mar 28 2021 23:22:31,  868655 sec) GpsServices()                  lon     lat mm/dd/yyyy hhmmss nsat
(Mar 28 2021 23:22:31,  868655 sec) GpsServices()        Fix:   64.498  17.634 03/28/2021 232130    6
(Mar 28 2021 23:23:21,  868705 sec) gga()                $GPGGA,232230,1738.0192,N,06429.8848,E,1,06,1.0,-2.6,M,-58.7,M,,*4B
(Mar 28 2021 23:23:28,  868712 sec) gga()                $GPGGA,232320,1738.0111,N,06429.8840,E,1,06,1.0,-2.4,M,-58.7,M,,*4A
(Mar 28 2021 23:23:29,  868713 sec) GpsServices()        APF9 RTC skew (9s) OK.
(Mar 28 2021 23:23:29,  868713 sec) GpsServices()        GPS services complete.
(Mar 28 2021 23:24:10,  868754 sec) CLogin()             Connecting to primary host.
(Mar 28 2021 23:24:27,  868772 sec) CLogin()             Connection 1 established in 17 seconds.
(Mar 28 2021 23:24:36,  868781 sec) login()              Login successful.
(Mar 28 2021 23:24:40,  868784 sec) CLogin()             Logged in to host.  [Login required 13 seconds]
(Mar 28 2021 23:24:52,  868796 sec) RxConfig()           Downloading "mission.cfg" from host.
(Mar 28 2021 23:24:55,  868799 sec) Rx()                 Initiating transfer. [0x43]
(Mar 28 2021 23:25:01,  868805 sec) Rx()                 Pad character [0x1a] found in ascii mode - truncating packet.
(Mar 28 2021 23:25:06,  868810 sec) Rx()                 Received EOT - transfer complete. [1 packets, 1024 bytes, 11 sec, 93.1 bps]
(Mar 28 2021 23:25:06,  868810 sec) RxConfig()           Download successful.
(Mar 28 2021 23:25:29,  868833 sec) WriteVitals()        Writing vitals to "7827.202.msg".
(Mar 28 2021 23:25:45,  868849 sec) UpLoadFile()         Uploading "7827.202.msg" to host as "7827.202.msg".
(Mar 28 2021 23:25:48,  868852 sec) Tx()                 CRC negotiation successful. [16-bit CRC]
(Mar 28 2021 23:29:25,  869069 sec) Tx()                 Transmission completed successfully [37 packets, 36964 bytes, 216 sec, 175.4 bps]
(Mar 28 2021 23:29:26,  869070 sec) UpLoadFile()         Upload successful.
(Mar 28 2021 23:29:34,  869078 sec) UpLoadFile()         Uploading "7827.202.log" to host as "7827.202.log".
(Mar 28 2021 23:29:39,  869084 sec) Tx()                 CRC negotiation successful. [16-bit CRC]
(Mar 28 2021 23:30:48,  869152 sec) TxPacket()           NAK received - resending packet. [PktNum=0x0b]
(Mar 28 2021 23:30:48,  869152 sec) TxPacket()           Packet xmit history: [00000001] (0:ok, 1:fail).
(Mar 28 2021 23:32:26,  869250 sec) TxPacket()           NAK received - resending packet. [PktNum=0x1b]
(Mar 28 2021 23:32:26,  869251 sec) TxPacket()           Packet xmit history: [00000001] (0:ok, 1:fail).
(Mar 28 2021 23:32:58,  869282 sec) Tx()                 Transmission completed successfully [31 packets, 30950 bytes, 197 sec, 161.1 bps]
(Mar 28 2021 23:32:58,  869283 sec) UpLoadFile()         Upload successful.
(Mar 28 2021 23:33:09,  869293 sec) UpLoad()             Files successfully uploaded: 2
(Mar 28 2021 23:33:09,  869293 sec) UpLoad()             Upload complete.
(Mar 28 2021 23:33:13,  869297 sec) logout()             Log-out successful.
(Mar 28 2021 23:33:14,  869298 sec) Telemetry()          Telemetry cycle complete: PrfId=202 ConnectionAttempts=1  Connections=1
(Mar 28 2021 23:33:14,  869299 sec) TelemetryTerminate(  Parsing new mission configuration.
(Mar 28 2021 23:33:17,  869301 sec) configure()          Parsing configurators in "mission.cfg".
(Mar 28 2021 23:33:25,  869309 sec) configure()             TelemetryRetry(15)          [0x7BBC] [TelemetryRetry(15)].
(Mar 28 2021 23:33:25,  869309 sec) configure()          Configuration CRCs and syntax OK.
(Mar 28 2021 23:33:25,  869309 sec) ConfigSupervisor()   Configuration accepted.
(Mar 28 2021 23:33:26,  869310 sec) TelemetryTerminate(  Reconditioning the file system.
(Mar 28 2021 23:33:40,      11 sec) DescentInit()        Deep profile 203 initiated at mission-time 869313sec.
(Mar 28 2021 23:33:42,      13 sec) DescentInit()        Surface pressure: -0.6dbars.
(Mar 28 2021 23:33:47,      18 sec) PistonMoveAbsWTO()    202->076 201 200 199 198 197 196 195 194 193 192 191 190 189 188 187 186 185 184 183 182 181 180 179 178 177 176 175 174 173 172 171 170 169 168 167 166 165 164 163 162 161 160 159 158 157 156 155 154 153 152 151 150 149 148 147 146 145 144 143 142 141 140 139 138 137 136 135 134 133 132 131 130 129 128 127 126 125 124 123 122 121 120 119 118 117 116 115 114 113 112 111 110 109 108 107 106 105 104 103 102 101 100 099 098 097 096 095 094 093 092 091 090 089 088 087 086 085 084 083 082 081 080 079 078 077 076 [644sec, 14.1Volts, 0.165Amps, CPT:644sec]
(Mar 28 2021 23:44:41,     672 sec) Descent()            Pressure: 58.3
(Mar 29 2021 00:33:33,    3604 sec) Descent()            Pressure: 435.1
(Mar 29 2021 01:33:33,    7204 sec) Descent()            Pressure: 761.9
(Mar 29 2021 02:33:33,   10804 sec) Descent()            Pressure: 929.8
(Mar 29 2021 03:33:33,   14404 sec) Descent()            Pressure: 984.4
(Mar 29 2021 04:33:33,   18004 sec) Descent()            Pressure: 987.8
(Mar 29 2021 04:33:33,   18004 sec) ParkInit()           
(Apr 07 2021 11:30:19,  820610 sec) CtdPower()           [ 1001.71,  8.7711, 35.7285]
(Apr 07 2021 11:30:19,  820610 sec) CtdPower()           CTD Power consumption [175VCnt 9ACnt]: 13.566Volts * 0.036Amps = 0.49Watts.
(Apr 07 2021 11:30:20,  820611 sec) ParkTerminate()      Piston Position:76 Vacuum:79 Vq:193 Aq:5 Vsbe:175 Asbe:9 Vflbb:174 Aflbb:12
(Apr 07 2021 11:30:57,  820648 sec) ParkTerminate()      PTS/O2,T2,TPhase,RawTemp: 1001.7dbars 8.7728C 35.7280PSU / 6.2uM 8.795C 60.917 8.228 630.915
(Apr 07 2021 11:30:57,  820648 sec) ParkTerminate()      FLBB FSig, BbSig, TSig: 58, 114, 564
(Apr 07 2021 11:30:57,  820649 sec) GoDeepInit()         Moving piston.
(Apr 07 2021 11:30:58,  820649 sec) PistonMoveAbsWTO()    076->027 075 074 073 072 071 070 069 068 067 066 065 064 063 062 061 060 059 058 057 056 055 054 053 052 051 050 049 048 047 046 045 044 043 042 041 040 039 038 037 036 035 034 033 032 031 030 029 028 027 [255sec, 13.9Volts, 0.101Amps, CPT:899sec]
(Apr 07 2021 14:43:33,  832204 sec) GoDeep()             Sequence point detected at 2002.0dbar.
(Apr 07 2021 14:43:35,  832207 sec) ProfileInit()        PrfId:203  Pressure:2002.0dbar  pTable[0]:2000dbar
(Apr 07 2021 14:43:46,  832217 sec) PistonMoveAbsWTO()    027->049 028 029 030 031 [30sec, 12.5Volts, 0.794Amps, CPT:929sec]
(Apr 07 2021 14:44:26,  832257 sec) PistonMoveAbsWTO()    031->049 032 033 034 035 [30sec, 12.4Volts, 0.786Amps, CPT:959sec]
(Apr 07 2021 14:45:42,  832333 sec) Profile()            Sample 0 initiated at 2001.2dbars for bin 0 [2000dbars].  PTS/O2,T2,TPhase,RPhase,RawTemp/FSig,BbSig,TSig: 2000.0dbars 3.3522C 35.2139PSU / 91.1uM 3.364C 50.970 8.326 791.074 /   57  110  573
(Apr 07 2021 14:45:43,  832334 sec) PistonMoveAbsWTO()    035->049 036 037 038 039 040 [30sec, 12.6Volts, 0.802Amps, CPT:989sec]
(Apr 07 2021 14:47:46,  832457 sec) Sbe41cpStartCP()     Continuous profile started.
(Apr 07 2021 14:47:47,  832458 sec) PistonMoveAbsWTO()    040->049 041 042 043 044 [30sec, 12.7Volts, 0.806Amps, CPT:1019sec]
(Apr 07 2021 14:48:28,  832499 sec) PistonMoveAbsWTO()    044->049 045 046 047 048 [30sec, 12.6Volts, 0.782Amps, CPT:1049sec]
(Apr 07 2021 14:49:09,  832540 sec) PistonMoveAbsWTO()    048->049 049 [1sec, 12.3Volts, 0.814Amps, CPT:1050sec]
(Apr 07 2021 15:01:33,  833284 sec) Profile()            Sample 1 initiated at 1901.9dbars for bin 1 [1900dbars].  PTS/O2,T2,TPhase,RPhase,RawTemp/FSig,BbSig,TSig: 1901.6dbars 3.6247C 35.2358PSU / 87.2uM 3.636C 51.248 8.330 783.316 /   57  110  572
(Apr 07 2021 15:19:13,  834344 sec) AscentControlAgent(  Bouyancy nudge to 59 (v=0.074dbar/sec).
(Apr 07 2021 15:19:14,  834345 sec) PistonMoveAbsWTO()    049->059 050 051 052 053 [30sec, 13.3Volts, 0.753Amps, CPT:1080sec]
(Apr 07 2021 15:19:55,  834386 sec) PistonMoveAbsWTO()    053->059 054 055 056 057 058 [30sec, 13.0Volts, 0.729Amps, CPT:1110sec]
(Apr 07 2021 15:20:51,  834442 sec) Profile()            Sample 2 initiated at 1800.3dbars for bin 2 [1800dbars].  PTS/O2,T2,TPhase,RPhase,RawTemp/FSig,BbSig,TSig: 1800.1dbars 4.0293C 35.2705PSU / 76.7uM 4.040C 52.166 8.325 771.736 /   57  110  572
(Apr 07 2021 15:20:51,  834443 sec) PistonMoveAbsWTO()    058->059 059 [4sec, 12.9Volts, 0.749Amps, CPT:1114sec]
(Apr 07 2021 15:39:01,  835532 sec) Profile()            Sample 3 initiated at 1701.1dbars for bin 3 [1700dbars].  PTS/O2,T2,TPhase,RPhase,RawTemp/FSig,BbSig,TSig: 1700.8dbars 4.5366C 35.3161PSU / 62.1uM 4.548C 53.604 8.325 757.079 /   60  110  571
(Apr 07 2021 15:55:26,  836517 sec) Profile()            Sample 4 initiated at 1601.7dbars for bin 4 [1600dbars].  PTS/O2,T2,TPhase,RPhase,RawTemp/FSig,BbSig,TSig: 1601.4dbars 4.9581C 35.3536PSU / 54.1uM 4.969C 54.425 8.329 744.861 /   59  116  571
(Apr 07 2021 16:04:50,  837081 sec) AscentControlAgent(  Bouyancy nudge to 69 (v=0.080dbar/sec).
(Apr 07 2021 16:04:51,  837082 sec) PistonMoveAbsWTO()    059->069 060 061 062 063 [30sec, 13.3Volts, 0.661Amps, CPT:1144sec]
(Apr 07 2021 16:05:31,  837123 sec) PistonMoveAbsWTO()    063->069 064 065 066 067 068 [30sec, 13.2Volts, 0.653Amps, CPT:1174sec]
(Apr 07 2021 16:06:12,  837164 sec) PistonMoveAbsWTO()    068->069 069 [2sec, 13.0Volts, 0.661Amps, CPT:1176sec]
(Apr 07 2021 16:14:42,  837674 sec) Profile()            Sample 5 initiated at 1502.0dbars for bin 5 [1500dbars].  PTS/O2,T2,TPhase,RPhase,RawTemp/FSig,BbSig,TSig: 1501.7dbars 5.5972C 35.4134PSU / 42.8uM 5.611C 55.685 8.332 726.091 /   56  110  570
(Apr 07 2021 16:20:07,  837998 sec) AscentControlAgent(  Bouyancy nudge to 79 (v=0.069dbar/sec).
(Apr 07 2021 16:20:07,  837999 sec) PistonMoveAbsWTO()    069->079 070 071 072 073 [30sec, 13.3Volts, 0.645Amps, CPT:1206sec]
(Apr 07 2021 16:20:48,  838040 sec) PistonMoveAbsWTO()    073->079 074 075 076 077 078 [30sec, 13.2Volts, 0.616Amps, CPT:1236sec]
(Apr 07 2021 16:21:29,  838081 sec) PistonMoveAbsWTO()    078->079 079 [2sec, 13.0Volts, 0.633Amps, CPT:1238sec]
(Apr 07 2021 16:34:01,  838833 sec) Profile()            Sample 6 initiated at 1401.1dbars for bin 6 [1400dbars].  PTS/O2,T2,TPhase,RPhase,RawTemp/FSig,BbSig,TSig: 1400.8dbars 6.3582C 35.4831PSU / 29.6uM 6.374C 57.373 8.334 703.611 /   59  114  569
(Apr 07 2021 16:41:51,  839303 sec) Profile()            Sample 7 initiated at 1351.5dbars for bin 7 [1350dbars].  PTS/O2,T2,TPhase,RPhase,RawTemp/FSig,BbSig,TSig: 1351.2dbars 6.6005C 35.5063PSU / 26.3uM 6.619C 57.820 8.334 696.333 /   58  115  568
(Apr 07 2021 16:49:59,  839791 sec) Profile()            Sample 8 initiated at 1301.7dbars for bin 8 [1300dbars].  PTS/O2,T2,TPhase,RPhase,RawTemp/FSig,BbSig,TSig: 1301.4dbars 6.8783C 35.5336PSU / 22.8uM 6.894C 58.305 8.334 688.155 /   59  120  568
(Apr 07 2021 16:58:49,  840321 sec) Profile()            Sample 9 initiated at 1252.0dbars for bin 9 [1250dbars].  PTS/O2,T2,TPhase,RPhase,RawTemp/FSig,BbSig,TSig: 1251.7dbars 7.0947C 35.5546PSU / 20.3uM 7.111C 58.670 8.330 681.683 /   57  116  567
(Apr 07 2021 17:08:59,  840931 sec) Profile()            Sample 10 initiated at 1201.5dbars for bin 10 [1200dbars].  PTS/O2,T2,TPhase,RPhase,RawTemp/FSig,BbSig,TSig: 1201.3dbars 7.3907C 35.5832PSU / 17.1uM 7.408C 59.145 8.327 672.808 /   59  116  567
(Apr 07 2021 17:11:02,  841053 sec) AscentControlAgent(  Bouyancy nudge to 89 (v=0.078dbar/sec).
(Apr 07 2021 17:11:02,  841054 sec) PistonMoveAbsWTO()    079->089 080 081 082 083 084 [30sec, 13.5Volts, 0.556Amps, CPT:1268sec]
(Apr 07 2021 17:11:43,  841094 sec) PistonMoveAbsWTO()    084->089 085 086 087 088 089 [30sec, 13.3Volts, 0.540Amps, CPT:1298sec]
(Apr 07 2021 17:18:00,  841472 sec) Profile()            Sample 11 initiated at 1151.1dbars for bin 11 [1150dbars].  PTS/O2,T2,TPhase,RPhase,RawTemp/FSig,BbSig,TSig: 1150.8dbars 7.7461C 35.6232PSU / 13.4uM 7.771C 59.732 8.327 661.907 /   59  118  566
(Apr 07 2021 17:26:40,  841991 sec) Profile()            Sample 12 initiated at 1101.8dbars for bin 12 [1100dbars].  PTS/O2,T2,TPhase,RPhase,RawTemp/FSig,BbSig,TSig: 1101.5dbars 8.1464C 35.6641PSU / 10.3uM 8.165C 60.226 8.327 650.005 /   59  117  566
(Apr 07 2021 17:35:48,  842539 sec) Profile()            Sample 13 initiated at 1051.6dbars for bin 13 [1050dbars].  PTS/O2,T2,TPhase,RPhase,RawTemp/FSig,BbSig,TSig: 1051.4dbars 8.4618C 35.6959PSU / 8.5uM 8.485C 60.517 8.326 640.336 /   59  119  565
(Apr 07 2021 17:45:18,  843109 sec) Profile()            Sample 14 initiated at 1001.2dbars for bin 14 [1000dbars].  PTS/O2,T2,TPhase,RPhase,RawTemp/FSig,BbSig,TSig: 1000.9dbars 8.8378C 35.7365PSU / 6.2uM 8.861C 60.920 8.326 628.891 /   59  114  565
(Apr 07 2021 17:56:51,  843802 sec) AscentControlAgent(  Bouyancy nudge to 99 (v=0.078dbar/sec).
(Apr 07 2021 17:56:51,  843802 sec) PistonMoveAbsWTO()    089->099 090 091 092 093 094 [30sec, 13.6Volts, 0.447Amps, CPT:1328sec]
(Apr 07 2021 17:57:31,  843842 sec) PistonMoveAbsWTO()    094->099 095 096 097 098 099 [29sec, 13.4Volts, 0.447Amps, CPT:1357sec]
(Apr 07 2021 18:04:28,  844259 sec) Profile()            Sample 16 initiated at 901.3dbars for bin 16 [900dbars].  PTS/O2,T2,TPhase,RPhase,RawTemp/FSig,BbSig,TSig: 901.0dbars 9.5746C 35.8108PSU / 2.8uM 9.600C 61.521 8.340 606.317 /   58  111  563
(Apr 07 2021 18:17:11,  845022 sec) AscentControlAgent(  Bouyancy nudge to 109 (v=0.078dbar/sec).
(Apr 07 2021 18:17:11,  845022 sec) PistonMoveAbsWTO()    099->109 100 101 102 103 104 [30sec, 13.6Volts, 0.415Amps, CPT:1387sec]
(Apr 07 2021 18:17:51,  845062 sec) PistonMoveAbsWTO()    104->109 105 106 107 108 109 [29sec, 13.5Volts, 0.415Amps, CPT:1416sec]
(Apr 07 2021 18:39:15,  846346 sec) Profile()            Sample 20 initiated at 701.2dbars for bin 20 [700dbars].  PTS/O2,T2,TPhase,RPhase,RawTemp/FSig,BbSig,TSig: 700.9dbars 11.0594C 35.9518PSU / 1.5uM 11.093C 61.670 8.411 560.157 /   58  111  561
(Apr 07 2021 19:03:07,  847778 sec) AscentControlAgent(  Bouyancy nudge to 119 (v=0.072dbar/sec).
(Apr 07 2021 19:03:07,  847778 sec) PistonMoveAbsWTO()    109->119 110 111 112 113 114 [30sec, 13.7Volts, 0.338Amps, CPT:1446sec]
(Apr 07 2021 19:03:47,  847818 sec) PistonMoveAbsWTO()    114->119 115 116 117 118 119 [27sec, 13.6Volts, 0.334Amps, CPT:1473sec]
(Apr 07 2021 19:16:49,  848600 sec) Profile()            Sample 24 initiated at 501.7dbars for bin 24 [500dbars].  PTS/O2,T2,TPhase,RPhase,RawTemp/FSig,BbSig,TSig: 501.4dbars 12.3180C 36.0215PSU / 1.1uM 12.351C 61.666 8.482 520.784 /   58  116  559
(Apr 07 2021 19:33:33,  849604 sec) AscentControlAgent(  Bouyancy nudge to 129 (v=0.079dbar/sec).
(Apr 07 2021 19:33:33,  849604 sec) PistonMoveAbsWTO()    119->129 120 121 122 123 124 [30sec, 13.8Volts, 0.294Amps, CPT:1503sec]
(Apr 07 2021 19:34:13,  849644 sec) PistonMoveAbsWTO()    124->129 125 126 127 128 129 [26sec, 13.7Volts, 0.294Amps, CPT:1529sec]
(Apr 07 2021 19:47:38,  850449 sec) Profile()            Sample 28 initiated at 331.6dbars for bin 28 [330dbars].  PTS/O2,T2,TPhase,RPhase,RawTemp/FSig,BbSig,TSig: 331.4dbars 14.3648C 36.2758PSU / 0.9uM 14.394C 61.546 8.532 455.992 /   58  132  557
(Apr 07 2021 20:04:12,  851443 sec) AscentControlAgent(  Bouyancy nudge to 139 (v=0.060dbar/sec).
(Apr 07 2021 20:04:12,  851443 sec) PistonMoveAbsWTO()    129->139 130 131 132 133 134 [30sec, 13.9Volts, 0.238Amps, CPT:1559sec]
(Apr 07 2021 20:04:52,  851483 sec) PistonMoveAbsWTO()    134->139 135 136 137 138 139 [25sec, 13.8Volts, 0.234Amps, CPT:1584sec]
(Apr 07 2021 20:06:32,  851583 sec) Profile()            Sample 32 initiated at 241.6dbars for bin 32 [240dbars].  PTS/O2,T2,TPhase,RPhase,RawTemp/FSig,BbSig,TSig: 241.4dbars 16.3670C 36.4401PSU / 0.9uM 16.392C 61.417 8.684 391.828 /   59  141  554
(Apr 07 2021 20:16:37,  852188 sec) Profile()            Sample 36 initiated at 181.6dbars for bin 36 [180dbars].  PTS/O2,T2,TPhase,RPhase,RawTemp/FSig,BbSig,TSig: 181.4dbars 17.5538C 36.2971PSU / 0.8uM 17.534C 61.348 8.724 354.844 /   58  152  551
(Apr 07 2021 20:19:26,  852357 sec) AscentControlAgent(  Bouyancy nudge to 149 (v=0.068dbar/sec).
(Apr 07 2021 20:19:26,  852357 sec) PistonMoveAbsWTO()    139->149 140 141 142 143 144 [30sec, 14.0Volts, 0.214Amps, CPT:1614sec]
(Apr 07 2021 20:20:06,  852397 sec) PistonMoveAbsWTO()    144->149 145 146 147 148 149 [24sec, 13.9Volts, 0.214Amps, CPT:1638sec]
(Apr 07 2021 20:24:33,  852664 sec) AscentControlAgent(  Bouyancy nudge to 159 (v=0.078dbar/sec).
(Apr 07 2021 20:24:33,  852664 sec) PistonMoveAbsWTO()    149->159 150 151 152 153 154 [30sec, 13.9Volts, 0.201Amps, CPT:1668sec]
(Apr 07 2021 20:25:13,  852704 sec) PistonMoveAbsWTO()    154->159 155 156 157 158 159 [24sec, 13.9Volts, 0.201Amps, CPT:1692sec]
(Apr 07 2021 20:26:03,  852754 sec) Profile()            Sample 40 initiated at 139.8dbars for bin 40 [140dbars].  PTS/O2,T2,TPhase,RPhase,RawTemp/FSig,BbSig,TSig: 139.5dbars 19.6176C 36.3648PSU / 0.8uM 19.631C 61.189 8.805 286.613 /   55  107  549
(Apr 07 2021 20:32:26,  853137 sec) Profile()            Sample 44 initiated at 101.5dbars for bin 44 [100dbars].  PTS/O2,T2,TPhase,RPhase,RawTemp/FSig,BbSig,TSig: 101.2dbars 21.4237C 36.3920PSU / 17.0uM 21.441C 56.402 8.806 227.550 /   53  109  547
(Apr 07 2021 20:40:02,  853593 sec) AscentControlAgent(  Bouyancy nudge to 164 (v=0.037dbar/sec).
(Apr 07 2021 20:40:02,  853593 sec) PistonMoveAbsWTO()    159->164 160 161 162 163 164 [27sec, 14.0Volts, 0.185Amps, CPT:1719sec]
(Apr 07 2021 20:43:59,  853830 sec) Profile()            Sample 48 initiated at 61.6dbars for bin 48 [60dbars].  PTS/O2,T2,TPhase,RPhase,RawTemp/FSig,BbSig,TSig: 61.3dbars 24.2260C 36.5851PSU / 119.4uM 24.210C 38.566 8.927 137.334 /  156  170  543
(Apr 07 2021 20:50:08,  854200 sec) AscentControlAgent(  Bouyancy nudge to 169 (v=0.026dbar/sec).
(Apr 07 2021 20:50:09,  854200 sec) PistonMoveAbsWTO()    164->169 165 166 167 168 169 [26sec, 14.0Volts, 0.177Amps, CPT:1745sec]
(Apr 07 2021 20:54:51,  854482 sec) Profile()            Sample 52 initiated at 37.0dbars for bin 52 [35dbars].  PTS/O2,T2,TPhase,RPhase,RawTemp/FSig,BbSig,TSig: 36.9dbars 26.2393C 36.5977PSU / 226.9uM 26.197C 30.039 8.971 73.054 /   97  142  539
(Apr 07 2021 20:55:13,  854505 sec) AscentControlAgent(  Bouyancy nudge to 174 (v=0.038dbar/sec).
(Apr 07 2021 20:55:14,  854505 sec) PistonMoveAbsWTO()    169->174 170 171 172 173 174 [26sec, 14.0Volts, 0.177Amps, CPT:1771sec]
(Apr 07 2021 21:00:22,  854814 sec) AscentControlAgent(  Bouyancy nudge to 179 (v=0.031dbar/sec).
(Apr 07 2021 21:00:23,  854814 sec) PistonMoveAbsWTO()    174->179 175 176 177 178 179 [27sec, 14.0Volts, 0.177Amps, CPT:1798sec]
(Apr 07 2021 21:05:26,  855118 sec) AscentControlAgent(  Bouyancy nudge to 184 (v=0.028dbar/sec).
(Apr 07 2021 21:05:27,  855118 sec) PistonMoveAbsWTO()    179->184 180 181 [15sec, 14.0Volts, 0.177Amps, CPT:1813sec]
(Apr 07 2021 21:05:52,  855143 sec) PistonMoveAbsWTO()    182->184 183 184 [11sec, 14.0Volts, 0.169Amps, CPT:1824sec]
(Apr 07 2021 21:06:48,  855199 sec) Profile()            Sample 56 initiated at 17.0dbars for bin 56 [15dbars].  PTS/O2,T2,TPhase,RPhase,RawTemp/FSig,BbSig,TSig: 16.9dbars 28.2338C 36.4094PSU / 238.2uM 28.145C 28.765 9.004 10.685 /   63  144  536
(Apr 07 2021 21:10:27,  855419 sec) AscentControlAgent(  Bouyancy nudge to 189 (v=0.017dbar/sec).
(Apr 07 2021 21:10:28,  855419 sec) PistonMoveAbsWTO()    184->189 185 186 [15sec, 14.0Volts, 0.181Amps, CPT:1839sec]
(Apr 07 2021 21:10:53,  855444 sec) PistonMoveAbsWTO()    186->189 187 188 189 [12sec, 14.0Volts, 0.177Amps, CPT:1851sec]
(Apr 07 2021 21:11:31,  855482 sec) Profile()            Sample 57 initiated at 11.7dbars for bin 57 [10dbars].  PTS/O2,T2,TPhase,RPhase,RawTemp/FSig,BbSig,TSig: 11.6dbars 28.6923C 36.5299PSU / 229.6uM 28.718C 28.959 8.963 -7.491 /   57  142  535
(Apr 07 2021 21:13:37,  855608 sec) Profile()            Sample 58 initiated at 5.7dbars for bin 58 [4dbars].  PTS/O2,T2,TPhase,RPhase,RawTemp/FSig,BbSig,TSig: 5.5dbars 28.7280C 36.5249PSU / 228.9uM 28.746C 28.983 9.023 -8.396 /   60  169  534
(Apr 07 2021 21:14:04,  855635 sec) Profile()            Sample 59 initiated at 4.2dbars for bin 58 [4dbars].  PTS/O2,T2,TPhase,RPhase,RawTemp/FSig,BbSig,TSig: 4.0dbars 28.7271C 36.5257PSU / 228.8uM 28.747C 28.986 9.023 -8.422 /   59  142  534
(Apr 07 2021 21:14:19,  855650 sec) SurfaceDetect()      SurfacePressure:-0.6dbars Pressure:2.6dbars PistonPosition:189
(Apr 07 2021 21:14:19,  855651 sec) Sbe41cpStopCP()      Continuous profile stopped.
(Apr 07 2021 21:14:27,  855658 sec) PistonMoveAbsWTO()    189->211 190 191 192 193 194 195 196 197 198 199 200 201 202 203 204 205 206 207 208 209 210 211 [114sec, 14.1Volts, 0.153Amps, CPT:1965sec]
(Apr 07 2021 21:16:39,  855790 sec) sbe41cp.c:chat()     Expected string [S>] not received.
(Apr 07 2021 21:19:56,  855987 sec) Sbe41cpBinAverage()  Finished averaging 23222 samples in 192 seconds.
(Apr 07 2021 21:20:01,  855992 sec) Sbe41cpUploadCP()    Sbe41cpSerNo[08355] NSample[23222] NBin[999]
(Apr 07 2021 21:22:00,  856111 sec) Sbe41cpUploadCP()    Continuous profile uploaded [999 lines].

<EOT>

<EOT>
