(May 22 2022 21:37:00,  854010 sec) TelemetryInit()      Profile 244. (Apf9i FwRev: 061016)
(May 22 2022 21:44:33,  854462 sec) AirSystem()          Battery [142cnt, 11.0V]  Current [70cnt, 282.1mA]  Barometer [127cnt, 6.8"Hg]  Run-Time [63s]
(May 22 2022 21:45:18,  854507 sec) GetSurfaceObs()      P/O2,T2,TPhase,RPhase,RawTemp/FSig,BbSig,TSig: -0.8dbars / 223.2uM 28.474C 29.361 8.943 0.223 / 58,147,532
(May 22 2022 21:45:26,  854516 sec) GpsServices()        GPS almanac is current.
(May 22 2022 21:45:26,  854516 sec) GpsServices()        Initiating GPS fix acquisition.
(May 22 2022 21:45:50,  854540 sec) gga()                $GPGGA,214520,1904.7504,N,06008.5407,E,0,00,,,M,,M,,*5F
(May 22 2022 21:46:00,  854550 sec) gga()                $GPGGA,214530,1904.7504,N,06008.5407,E,0,00,,,M,,M,,*5E
(May 22 2022 21:46:13,  854563 sec) gga()                $GPGGA,214550,1904.7504,N,06008.5407,E,0,00,,,M,,M,,*58
(May 22 2022 21:46:24,  854574 sec) gga()                $GPGGA,214600,1904.7504,N,06008.5407,E,0,00,,,M,,M,,*5E
(May 22 2022 21:46:35,  854585 sec) gga()                $GPGGA,214610,1904.7504,N,06008.5407,E,0,00,,,M,,M,,*5F
(May 22 2022 21:46:46,  854596 sec) gga()                $GPGGA,214620,1904.7504,N,06008.5407,E,0,00,,,M,,M,,*5C
(May 22 2022 21:46:57,  854607 sec) gga()                $GPGGA,214630,1904.7504,N,06008.5407,E,0,00,,,M,,M,,*5D
(May 22 2022 21:48:25,  854695 sec) gga()                $GPGGA,214730,1947.3510,N,06042.5107,E,1,06,1.1,-0.7,M,-47.5,M,,*49
(May 22 2022 21:48:26,  854695 sec) GpsServices()        Profile 244 GPS fix obtained in 180 seconds.
(May 22 2022 21:48:26,  854696 sec) GpsServices()                  lon     lat mm/dd/yyyy hhmmss nsat
(May 22 2022 21:48:26,  854696 sec) GpsServices()        Fix:   60.709  19.789 05/22/2022 214730    6
(May 22 2022 21:49:15,  854745 sec) gga()                $GPGGA,214820,1947.3532,N,06042.5188,E,1,06,1.1,-6.2,M,-47.5,M,,*43
(May 22 2022 21:49:23,  854753 sec) gga()                $GPGGA,214910,1947.3563,N,06042.5268,E,1,06,1.1,-8.1,M,-47.5,M,,*45
(May 22 2022 21:49:23,  854753 sec) GpsServices()        APF9 RTC skew (13s) OK.
(May 22 2022 21:49:33,  854762 sec) LogNmeaSentences()   $GPRMC,214920,A,1947.3574,N,06042.5284,E,000.6,076.7,220522,000.4,E*7E
(May 22 2022 21:49:34,  854763 sec) LogNmeaSentences()   $GPGGA,214920,1947.3574,N,06042.5284,E,1,06,1.1,-7.4,M,-47.5,M,,*48
(May 22 2022 21:49:34,  854764 sec) LogNmeaSentences()   $GPGSA,A,3,,03,04,07,08,09,16,,,,,,1.5,1.1,0.9*39
(May 22 2022 21:49:35,  854764 sec) LogNmeaSentences()   $GPGSV,3,1,12,01,05,181,28,03,64,178,44,04,52,022,46,07,35,275,43*76
(May 22 2022 21:49:35,  854765 sec) LogNmeaSentences()   $GPGSV,3,2,12,08,16,145,38,09,38,335,45,16,39,051,45,27,12,094,41*7F
(May 22 2022 21:49:36,  854766 sec) LogNmeaSentences()   $GPGSV,3,3,12,06,18,226,00,11,05,179,00,18,08,187,00,23,51,057,00*71
(May 22 2022 21:49:43,  854772 sec) LogNmeaSentences()   $GPRMC,214930,A,1947.3569,N,06042.5297,E,001.2,159.1,220522,000.4,E*7E
(May 22 2022 21:49:44,  854773 sec) LogNmeaSentences()   $GPGGA,214930,1947.3569,N,06042.5297,E,1,06,1.1,-7.9,M,-47.5,M,,*4A
(May 22 2022 21:49:44,  854774 sec) LogNmeaSentences()   $GPGSA,A,3,,03,04,07,08,09,16,,,,,,1.5,1.1,0.9*39
(May 22 2022 21:49:45,  854774 sec) LogNmeaSentences()   $GPGSV,3,1,12,01,05,181,39,03,64,178,43,04,52,022,46,07,35,275,43*71
(May 22 2022 21:49:45,  854775 sec) LogNmeaSentences()   $GPGSV,3,2,12,08,16,145,38,09,38,335,43,16,39,051,45,27,12,094,38*77
(May 22 2022 21:49:46,  854776 sec) LogNmeaSentences()   $GPGSV,3,3,12,06,18,226,00,11,05,179,00,18,07,186,00,23,51,057,00*7F
(May 22 2022 21:49:53,  854782 sec) LogNmeaSentences()   $GPRMC,214940,A,1947.3571,N,06042.5317,E,000.0,153.7,220522,000.4,E*76
(May 22 2022 21:49:54,  854783 sec) LogNmeaSentences()   $GPGGA,214940,1947.3571,N,06042.5317,E,1,06,1.1,-7.6,M,-47.5,M,,*42
(May 22 2022 21:49:54,  854784 sec) LogNmeaSentences()   $GPGSA,A,3,,03,04,07,08,09,16,,,,,,1.5,1.1,0.9*39
(May 22 2022 21:49:55,  854784 sec) LogNmeaSentences()   $GPGSV,3,1,12,01,05,181,35,03,64,178,47,04,52,023,45,07,35,275,42*7A
(May 22 2022 21:49:55,  854785 sec) LogNmeaSentences()   $GPGSV,3,2,12,08,16,145,39,09,38,335,43,16,39,051,45,27,12,094,42*7B
(May 22 2022 21:49:56,  854786 sec) LogNmeaSentences()   $GPGSV,3,3,12,06,18,226,00,11,05,179,00,18,07,186,00,23,51,057,00*7F
(May 22 2022 21:50:03,  854792 sec) LogNmeaSentences()   $GPRMC,214950,A,1947.3561,N,06042.5323,E,000.8,232.0,220522,000.4,E*7A
(May 22 2022 21:50:04,  854793 sec) LogNmeaSentences()   $GPGGA,214950,1947.3561,N,06042.5323,E,1,06,1.1,-7.6,M,-47.5,M,,*45
(May 22 2022 21:50:04,  854794 sec) LogNmeaSentences()   $GPGSA,A,3,,03,04,07,08,09,16,,,,,,1.5,1.1,0.9*39
(May 22 2022 21:50:05,  854794 sec) LogNmeaSentences()   $GPGSV,3,1,12,01,05,181,29,03,64,178,44,04,52,023,44,07,35,275,47*70
(May 22 2022 21:50:05,  854795 sec) LogNmeaSentences()   $GPGSV,3,2,12,08,16,145,35,09,38,335,46,16,39,051,41,27,12,094,37*74
(May 22 2022 21:50:06,  854796 sec) LogNmeaSentences()   $GPGSV,3,3,12,06,18,226,00,11,05,179,00,18,07,186,00,23,51,057,00*7F
(May 22 2022 21:50:13,  854802 sec) LogNmeaSentences()   $GPRMC,215000,A,1947.3576,N,06042.5361,E,003.0,061.7,220522,000.4,E*7F
(May 22 2022 21:50:14,  854803 sec) LogNmeaSentences()   $GPGGA,215000,1947.3576,N,06042.5361,E,1,06,1.1,-6.9,M,-47.5,M,,*46
(May 22 2022 21:50:14,  854804 sec) LogNmeaSentences()   $GPGSA,A,3,,03,04,07,08,09,16,,,,,,1.5,1.1,0.9*39
(May 22 2022 21:50:15,  854804 sec) LogNmeaSentences()   $GPGSV,3,1,12,01,05,181,36,03,64,178,46,04,52,023,46,07,35,275,44*7D
(May 22 2022 21:50:15,  854805 sec) LogNmeaSentences()   $GPGSV,3,2,12,08,16,145,38,09,38,335,45,16,39,051,45,27,12,094,41*7F
(May 22 2022 21:50:16,  854806 sec) LogNmeaSentences()   $GPGSV,3,3,12,06,18,226,00,11,05,179,00,18,07,186,00,23,50,059,00*70
(May 22 2022 21:50:16,  854806 sec) LogNmeaSentences()   $PGRMT,GPS 15x-L software ver. 4.00,,,,,,,,*73
(May 22 2022 21:50:17,  854807 sec) GpsServices()        GPS services complete.
(May 22 2022 21:51:06,  854856 sec) CLogin()             Connecting to primary host.
(May 22 2022 21:51:20,  854870 sec) CLogin()             Connection 1 established in 14 seconds.
(May 22 2022 21:51:52,  854901 sec) expect()             Attempt to read prompt string [Last login:] failed.
(May 22 2022 21:51:52,  854902 sec) login()              Login failed.
(May 22 2022 21:52:22,  854931 sec) expect()             Attempt to read prompt string [login:] failed.
(May 22 2022 21:52:22,  854932 sec) login()              Login prompt not received.
(May 22 2022 21:53:23,  854992 sec) chat()               Expected string [CONNECT] not received.
(May 22 2022 21:53:23,  854993 sec) modem_connect()      Modem command [AT+CBST=71,0,1;DT0088160000573] failed.
(May 22 2022 21:53:23,  854993 sec) connect()            Connection attempt failed.
(May 22 2022 21:53:23,  854993 sec) CLogin()             Attempt to connect to primary host failed after 2 tries.  Connecting to alternate host.
(May 22 2022 21:54:24,  855053 sec) chat()               Expected string [CONNECT] not received.
(May 22 2022 21:54:24,  855054 sec) modem_connect()      Modem command [ATDT0013014291790] failed.
(May 22 2022 21:54:24,  855054 sec) connect()            Connection attempt failed.
(May 22 2022 21:55:25,  855114 sec) chat()               Expected string [CONNECT] not received.
(May 22 2022 21:55:25,  855115 sec) modem_connect()      Modem command [ATDT0013014291790] failed.
(May 22 2022 21:55:25,  855115 sec) connect()            Connection attempt failed.
(May 22 2022 21:55:25,  855115 sec) CLogin()             Attempt to connect to primary and alternate hosts failed - aborting.
(May 22 2022 21:55:26,  855115 sec) DownLoadMissionCfg(  Connect/login failed.  Mission configuration not downloaded from remote host.
(May 22 2022 21:55:32,  855122 sec) CLogin()             Connecting to primary host.
(May 22 2022 21:55:45,  855135 sec) CLogin()             Connection 2 established in 14 seconds.
(May 22 2022 21:56:20,  855169 sec) expect()             Attempt to read prompt string [Last login:] failed.
(May 22 2022 21:56:20,  855170 sec) login()              Login failed.
(May 22 2022 21:57:16,  855225 sec) expect()             Attempt to read prompt string [Password:] failed.
(May 22 2022 21:57:16,  855226 sec) login()              Password prompt not received.
(May 22 2022 21:58:17,  855286 sec) chat()               Expected string [CONNECT] not received.
(May 22 2022 21:58:17,  855287 sec) modem_connect()      Modem command [AT+CBST=71,0,1;DT0088160000573] failed.
(May 22 2022 21:58:17,  855287 sec) connect()            Connection attempt failed.
(May 22 2022 21:58:17,  855287 sec) CLogin()             Attempt to connect to primary host failed after 2 tries.  Connecting to alternate host.
(May 22 2022 21:59:18,  855347 sec) chat()               Expected string [CONNECT] not received.
(May 22 2022 21:59:18,  855348 sec) modem_connect()      Modem command [ATDT0013014291790] failed.
(May 22 2022 21:59:18,  855348 sec) connect()            Connection attempt failed.
(May 22 2022 22:00:19,  855408 sec) chat()               Expected string [CONNECT] not received.
(May 22 2022 22:00:19,  855409 sec) modem_connect()      Modem command [ATDT0013014291790] failed.
(May 22 2022 22:00:19,  855409 sec) connect()            Connection attempt failed.
(May 22 2022 22:00:19,  855409 sec) CLogin()             Attempt to connect to primary and alternate hosts failed - aborting.
(May 22 2022 22:00:20,  855409 sec) DownLoadMissionCfg(  Connect/login failed.  Mission configuration not downloaded from remote host.
(May 22 2022 22:00:20,  855410 sec) DownLoadMissionCfg(  Aborting download: Retry limit [2] exceeded.
(May 22 2022 22:00:20,  855410 sec) WriteVitals()        Writing vitals to "7827.244.msg".
(May 22 2022 22:00:27,  855417 sec) CLogin()             Connecting to primary host.
(May 22 2022 22:00:56,  855446 sec) CLogin()             Connection 3 established in 29 seconds.
(May 22 2022 22:01:26,  855475 sec) expect()             Attempt to read prompt string [login:] failed.
(May 22 2022 22:01:26,  855476 sec) login()              Login prompt not received.
(May 22 2022 22:01:48,  855497 sec) login()              Login successful.
(May 22 2022 22:01:53,  855503 sec) CLogin()             Logged in to host.  [Login required 57 seconds]
(May 22 2022 22:02:05,  855515 sec) UpLoadFile()         Uploading "7827.244.msg" to host as "7827.244.msg".
(May 22 2022 22:02:08,  855518 sec) Tx()                 CRC negotiation successful. [16-bit CRC]
(May 22 2022 22:02:53,  855563 sec) TxPacket()           NAK received - resending packet. [PktNum=0x05]
(May 22 2022 22:02:53,  855563 sec) TxPacket()           Packet xmit history: [00000001] (0:ok, 1:fail).
(May 22 2022 22:03:29,  855599 sec) TxPacket()           NAK received - resending packet. [PktNum=0x08]
(May 22 2022 22:03:29,  855599 sec) TxPacket()           Packet xmit history: [00010001] (0:ok, 1:fail).
(May 22 2022 22:03:46,  855616 sec) TxPacket()           NAK received - resending packet. [PktNum=0x09]
(May 22 2022 22:03:47,  855616 sec) TxPacket()           Packet xmit history: [01000101] (0:ok, 1:fail).
(May 22 2022 22:03:53,  855623 sec) TxPacket()           NAK received - resending packet. [PktNum=0x09]
(May 22 2022 22:03:54,  855623 sec) TxPacket()           Packet xmit history: [10001011] (0:ok, 1:fail).
(May 22 2022 22:04:07,  855637 sec) TxPacket()           NAK received - resending packet. [PktNum=0x0a]
(May 22 2022 22:04:07,  855637 sec) TxPacket()           Packet xmit history: [00101101] (0:ok, 1:fail).
(May 22 2022 22:04:35,  855665 sec) TxPacket()           NAK received - resending packet. [PktNum=0x0c]
(May 22 2022 22:04:35,  855665 sec) TxPacket()           Packet xmit history: [01101001] (0:ok, 1:fail).
(May 22 2022 22:05:00,  855690 sec) TxPacket()           NAK received - resending packet. [PktNum=0x0f]
(May 22 2022 22:05:00,  855690 sec) TxPacket()           Packet xmit history: [10010001] (0:ok, 1:fail).
(May 22 2022 22:05:36,  855726 sec) TxPacket()           NAK received - resending packet. [PktNum=0x12]
(May 22 2022 22:05:36,  855726 sec) TxPacket()           Packet xmit history: [00010001] (0:ok, 1:fail).
(May 22 2022 22:05:42,  855732 sec) TxPacket()           NAK received - resending packet. [PktNum=0x12]
(May 22 2022 22:05:42,  855732 sec) TxPacket()           Packet xmit history: [00100011] (0:ok, 1:fail).
(May 22 2022 22:05:50,  855740 sec) TxPacket()           NAK received - resending packet. [PktNum=0x12]
(May 22 2022 22:05:50,  855740 sec) TxPacket()           Packet xmit history: [01000111] (0:ok, 1:fail).
(May 22 2022 22:06:04,  855754 sec) TxPacket()           NAK received - resending packet. [PktNum=0x14]
(May 22 2022 22:06:04,  855754 sec) TxPacket()           Packet xmit history: [00111001] (0:ok, 1:fail).
(May 22 2022 22:06:27,  855777 sec) TxPacket()           NAK received - resending packet. [PktNum=0x18]
(May 22 2022 22:06:27,  855777 sec) TxPacket()           Packet xmit history: [00100001] (0:ok, 1:fail).
(May 22 2022 22:07:03,  855813 sec) TxPacket()           No carrier detected.
(May 22 2022 22:07:03,  855813 sec) TxPacket()           Exit status: -5
(May 22 2022 22:07:03,  855813 sec) Tx()                 Packet transmission failed - aborting transfer.
(May 22 2022 22:07:14,  855824 sec) UpLoadFile()         Upload failed.
(May 22 2022 22:07:15,  855825 sec) CLogin()             Connecting to primary host.
(May 22 2022 22:07:21,  855830 sec) chat()               Expected string [OK] not received.
(May 22 2022 22:07:21,  855830 sec) modem_restore_facto  Modem command [AT&F0] failed.
(May 22 2022 22:07:21,  855831 sec) modem_initialize()   Unable to restore modem's factory defaults.
(May 22 2022 22:07:21,  855831 sec) modem_connect()      Modem configuration failed.
(May 22 2022 22:07:21,  855831 sec) connect()            Connection attempt failed.
(May 22 2022 22:07:36,  855846 sec) CLogin()             Connection 4 established in 21 seconds.
(May 22 2022 22:08:08,  855877 sec) expect()             Attempt to read prompt string [Last login:] failed.
(May 22 2022 22:08:08,  855878 sec) login()              Login failed.
(May 22 2022 22:09:07,  855936 sec) expect()             Attempt to read prompt string [Password:] failed.
(May 22 2022 22:09:07,  855937 sec) login()              Password prompt not received.
(May 22 2022 22:09:07,  855937 sec) CLogin()             Attempt to connect to primary host failed after 2 tries.  Connecting to alternate host.
(May 22 2022 22:10:08,  855997 sec) chat()               Expected string [CONNECT] not received.
(May 22 2022 22:10:08,  855998 sec) modem_connect()      Modem command [ATDT0013014291790] failed.
(May 22 2022 22:10:08,  855998 sec) connect()            Connection attempt failed.
(May 22 2022 22:11:09,  856058 sec) chat()               Expected string [CONNECT] not received.
(May 22 2022 22:11:09,  856059 sec) modem_connect()      Modem command [ATDT0013014291790] failed.
(May 22 2022 22:11:09,  856059 sec) connect()            Connection attempt failed.
(May 22 2022 22:11:09,  856059 sec) CLogin()             Attempt to connect to primary and alternate hosts failed - aborting.
(May 22 2022 22:11:10,  856059 sec) UpLoad()             Files successfully uploaded: 0
(May 22 2022 22:11:10,  856060 sec) UpLoad()             Aborting upload: Retry limit [2] exceeded. Upload incomplete.
(May 22 2022 22:11:10,  856060 sec) logout()             No carrier detected.
(May 22 2022 22:11:10,  856060 sec) Telemetry()          Telemetry cycle complete: PrfId=244 ConnectionAttempts=13  Connections=4
(May 22 2022 22:26:26,  856975 sec) AirSystem()          Air-bladder inflation by-passed. Barometer: [125cnt, 6.2"Hg].
(May 22 2022 22:27:11,  857020 sec) GetSurfaceObs()      P/O2,T2,TPhase,RPhase,RawTemp/FSig,BbSig,TSig: -0.7dbars / 221.7uM 28.760C 29.327 8.967 -8.835 / 60,146,531
(May 22 2022 22:27:19,  857029 sec) GpsServices()        GPS almanac is current.
(May 22 2022 22:27:19,  857029 sec) GpsServices()        Initiating GPS fix acquisition.
(May 22 2022 22:27:35,  857045 sec) gga()                $GPGGA,222710,1947.3546,N,06042.5224,E,0,00,,,M,,M,,*57
(May 22 2022 22:28:18,  857087 sec) gga()                $GPGGA,222720,1947.5034,N,06042.9411,E,6,06,1.2,-7.2,M,-47.5,M,,*40
(May 22 2022 22:29:00,  857130 sec) gga()                $GPGGA,222730,1947.5032,N,06042.9423,E,1,06,1.2,-4.5,M,-47.5,M,,*45
(May 22 2022 22:29:01,  857131 sec) GpsServices()        Profile 244 GPS fix obtained in 102 seconds.
(May 22 2022 22:29:01,  857131 sec) GpsServices()                  lon     lat mm/dd/yyyy hhmmss nsat
(May 22 2022 22:29:01,  857131 sec) GpsServices()        Fix:   60.716  19.792 05/22/2022 222730    6
(May 22 2022 22:29:45,  857175 sec) gga()                $GPGGA,222850,1947.5067,N,06042.9565,E,1,06,1.2,-3.9,M,-47.5,M,,*44
(May 22 2022 22:29:53,  857183 sec) gga()                $GPGGA,222940,1947.5098,N,06042.9666,E,1,06,1.2,-6.3,M,-47.5,M,,*4B
(May 22 2022 22:29:53,  857183 sec) GpsServices()        APF9 RTC skew (13s) OK.
(May 22 2022 22:29:53,  857183 sec) GpsServices()        GPS services complete.
(May 22 2022 22:31:07,  857257 sec) CLogin()             Connecting to primary host.
(May 22 2022 22:31:31,  857280 sec) CLogin()             Connection 5 established in 24 seconds.
(May 22 2022 22:32:02,  857311 sec) expect()             Attempt to read prompt string [Last login:] failed.
(May 22 2022 22:32:02,  857312 sec) login()              Login failed.
(May 22 2022 22:32:32,  857341 sec) expect()             Attempt to read prompt string [login:] failed.
(May 22 2022 22:32:32,  857342 sec) login()              Login prompt not received.
(May 22 2022 22:32:46,  857356 sec) CLogin()             Connection 6 established in 99 seconds.
(May 22 2022 22:33:22,  857391 sec) expect()             Attempt to read prompt string [Last login:] failed.
(May 22 2022 22:33:22,  857392 sec) login()              Login failed.
(May 22 2022 22:33:32,  857402 sec) login()              Login successful.
(May 22 2022 22:33:35,  857405 sec) CLogin()             Logged in to host.  [Login required 49 seconds]
(May 22 2022 22:34:15,  857444 sec) chat()               Expected string [sx -a  mission.cfg] not received.
(May 22 2022 22:34:15,  857445 sec) RxConfig()           Failed attempt to execute "sx -a  mission.cfg" on the host.
(May 22 2022 22:34:15,  857445 sec) RxConfig()           No carrier detected.
(May 22 2022 22:34:15,  857445 sec) DownLoadMissionCfg(  Keeping previous version of "mission.cfg".
(May 22 2022 22:34:16,  857446 sec) CLogin()             Connecting to primary host.
(May 22 2022 22:34:22,  857451 sec) chat()               Expected string [OK] not received.
(May 22 2022 22:34:22,  857451 sec) modem_restore_facto  Modem command [AT&F0] failed.
(May 22 2022 22:34:22,  857452 sec) modem_initialize()   Unable to restore modem's factory defaults.
(May 22 2022 22:34:22,  857452 sec) modem_connect()      Modem configuration failed.
(May 22 2022 22:34:22,  857452 sec) connect()            Connection attempt failed.
(May 22 2022 22:34:28,  857457 sec) chat()               Expected string [OK] not received.
(May 22 2022 22:34:28,  857458 sec) modem_restore_facto  Modem command [AT&F0] failed.
(May 22 2022 22:34:28,  857458 sec) modem_initialize()   Unable to restore modem's factory defaults.
(May 22 2022 22:34:28,  857458 sec) modem_connect()      Modem configuration failed.
(May 22 2022 22:34:28,  857458 sec) connect()            Connection attempt failed.
(May 22 2022 22:34:28,  857458 sec) CLogin()             Attempt to connect to primary host failed after 2 tries.  Connecting to alternate host.
(May 22 2022 22:34:34,  857463 sec) chat()               Expected string [OK] not received.
(May 22 2022 22:34:34,  857464 sec) modem_restore_facto  Modem command [AT&F0] failed.
(May 22 2022 22:34:34,  857464 sec) modem_initialize()   Unable to restore modem's factory defaults.
(May 22 2022 22:34:34,  857464 sec) modem_connect()      Modem configuration failed.
(May 22 2022 22:34:34,  857464 sec) connect()            Connection attempt failed.
(May 22 2022 22:34:40,  857469 sec) chat()               Expected string [OK] not received.
(May 22 2022 22:34:40,  857469 sec) modem_restore_facto  Modem command [AT&F0] failed.
(May 22 2022 22:34:40,  857470 sec) modem_initialize()   Unable to restore modem's factory defaults.
(May 22 2022 22:34:40,  857470 sec) modem_connect()      Modem configuration failed.
(May 22 2022 22:34:40,  857470 sec) connect()            Connection attempt failed.
(May 22 2022 22:34:40,  857470 sec) CLogin()             Attempt to connect to primary and alternate hosts failed - aborting.
(May 22 2022 22:34:41,  857471 sec) DownLoadMissionCfg(  Connect/login failed.  Mission configuration not downloaded from remote host.
(May 22 2022 22:34:41,  857471 sec) DownLoadMissionCfg(  Aborting download: Retry limit [2] exceeded.
(May 22 2022 22:34:41,  857471 sec) WriteVitals()        Writing vitals to "7827.244.msg".
(May 22 2022 22:34:49,  857478 sec) CLogin()             Connecting to primary host.
(May 22 2022 22:34:54,  857483 sec) chat()               Expected string [OK] not received.
(May 22 2022 22:34:54,  857483 sec) modem_restore_facto  Modem command [AT&F0] failed.
(May 22 2022 22:34:54,  857484 sec) modem_initialize()   Unable to restore modem's factory defaults.
(May 22 2022 22:34:54,  857484 sec) modem_connect()      Modem configuration failed.
(May 22 2022 22:34:54,  857484 sec) connect()            Connection attempt failed.
(May 22 2022 22:35:00,  857489 sec) chat()               Expected string [OK] not received.
(May 22 2022 22:35:00,  857489 sec) modem_restore_facto  Modem command [AT&F0] failed.
(May 22 2022 22:35:00,  857490 sec) modem_initialize()   Unable to restore modem's factory defaults.
(May 22 2022 22:35:00,  857490 sec) modem_connect()      Modem configuration failed.
(May 22 2022 22:35:00,  857490 sec) connect()            Connection attempt failed.
(May 22 2022 22:35:00,  857490 sec) CLogin()             Attempt to connect to primary host failed after 2 tries.  Connecting to alternate host.
(May 22 2022 22:35:06,  857495 sec) chat()               Expected string [OK] not received.
(May 22 2022 22:35:06,  857496 sec) modem_restore_facto  Modem command [AT&F0] failed.
(May 22 2022 22:35:06,  857496 sec) modem_initialize()   Unable to restore modem's factory defaults.
(May 22 2022 22:35:06,  857496 sec) modem_connect()      Modem configuration failed.
(May 22 2022 22:35:06,  857496 sec) connect()            Connection attempt failed.
(May 22 2022 22:35:12,  857501 sec) chat()               Expected string [OK] not received.
(May 22 2022 22:35:12,  857501 sec) modem_restore_facto  Modem command [AT&F0] failed.
(May 22 2022 22:35:12,  857502 sec) modem_initialize()   Unable to restore modem's factory defaults.
(May 22 2022 22:35:12,  857502 sec) modem_connect()      Modem configuration failed.
(May 22 2022 22:35:12,  857502 sec) connect()            Connection attempt failed.
(May 22 2022 22:35:12,  857502 sec) CLogin()             Attempt to connect to primary and alternate hosts failed - aborting.
(May 22 2022 22:35:14,  857504 sec) CLogin()             Connecting to primary host.
(May 22 2022 22:35:20,  857509 sec) chat()               Expected string [OK] not received.
(May 22 2022 22:35:20,  857510 sec) modem_restore_facto  Modem command [AT&F0] failed.
(May 22 2022 22:35:20,  857510 sec) modem_initialize()   Unable to restore modem's factory defaults.
(May 22 2022 22:35:20,  857510 sec) modem_connect()      Modem configuration failed.
(May 22 2022 22:35:20,  857510 sec) connect()            Connection attempt failed.
(May 22 2022 22:35:26,  857515 sec) chat()               Expected string [OK] not received.
(May 22 2022 22:35:26,  857515 sec) modem_restore_facto  Modem command [AT&F0] failed.
(May 22 2022 22:35:26,  857516 sec) modem_initialize()   Unable to restore modem's factory defaults.
(May 22 2022 22:35:26,  857516 sec) modem_connect()      Modem configuration failed.
(May 22 2022 22:35:26,  857516 sec) connect()            Connection attempt failed.
(May 22 2022 22:35:26,  857516 sec) CLogin()             Attempt to connect to primary host failed after 2 tries.  Connecting to alternate host.
(May 22 2022 22:35:32,  857521 sec) chat()               Expected string [OK] not received.
(May 22 2022 22:35:32,  857521 sec) modem_restore_facto  Modem command [AT&F0] failed.
(May 22 2022 22:35:32,  857522 sec) modem_initialize()   Unable to restore modem's factory defaults.
(May 22 2022 22:35:32,  857522 sec) modem_connect()      Modem configuration failed.
(May 22 2022 22:35:32,  857522 sec) connect()            Connection attempt failed.
(May 22 2022 22:35:38,  857527 sec) chat()               Expected string [OK] not received.
(May 22 2022 22:35:38,  857527 sec) modem_restore_facto  Modem command [AT&F0] failed.
(May 22 2022 22:35:38,  857528 sec) modem_initialize()   Unable to restore modem's factory defaults.
(May 22 2022 22:35:38,  857528 sec) modem_connect()      Modem configuration failed.
(May 22 2022 22:35:38,  857528 sec) connect()            Connection attempt failed.
(May 22 2022 22:35:38,  857528 sec) CLogin()             Attempt to connect to primary and alternate hosts failed - aborting.
(May 22 2022 22:35:39,  857529 sec) UpLoad()             Files successfully uploaded: 0
(May 22 2022 22:35:39,  857529 sec) UpLoad()             Aborting upload: Retry limit [2] exceeded. Upload incomplete.
(May 22 2022 22:35:39,  857529 sec) logout()             No carrier detected.
(May 22 2022 22:35:40,  857529 sec) Telemetry()          Telemetry cycle complete: PrfId=244 ConnectionAttempts=27  Connections=6
(May 22 2022 22:50:55,  858445 sec) AirSystem()          Battery [142cnt, 11.0V]  Current [70cnt, 282.1mA]  Barometer [127cnt, 6.8"Hg]  Run-Time [3s]
(May 22 2022 22:51:41,  858490 sec) GetSurfaceObs()      P/O2,T2,TPhase,RPhase,RawTemp/FSig,BbSig,TSig: -0.5dbars / 221.7uM 29.271C 29.142 8.968 -24.987 / 59,155,532
(May 22 2022 22:51:49,  858499 sec) GpsServices()        GPS almanac is current.
(May 22 2022 22:51:49,  858499 sec) GpsServices()        Initiating GPS fix acquisition.
(May 22 2022 22:52:05,  858515 sec) gga()                $GPGGA,225140,1947.5104,N,06042.9640,E,0,00,,,M,,M,,*5D
(May 22 2022 22:52:48,  858557 sec) gga()                $GPGGA,225150,1947.5695,N,06043.2591,E,6,06,1.2,5.1,M,-47.5,M,,*64
(May 22 2022 22:53:31,  858600 sec) gga()                $GPGGA,225200,1947.5704,N,06043.2604,E,6,06,1.2,5.7,M,-47.5,M,,*62
(May 22 2022 22:54:55,  858685 sec) gga()                $GPGGA,225400,1947.5754,N,06043.2840,E,1,07,1.1,-1.7,M,-47.5,M,,*43
(May 22 2022 22:54:56,  858685 sec) GpsServices()        Profile 244 GPS fix obtained in 187 seconds.
(May 22 2022 22:54:56,  858686 sec) GpsServices()                  lon     lat mm/dd/yyyy hhmmss nsat
(May 22 2022 22:54:56,  858686 sec) GpsServices()        Fix:   60.721  19.793 05/22/2022 225400    7
(May 22 2022 22:55:45,  858735 sec) gga()                $GPGGA,225450,1947.5776,N,06043.2951,E,1,07,1.1,0.5,M,-47.5,M,,*69
(May 22 2022 22:55:53,  858743 sec) gga()                $GPGGA,225540,1947.5795,N,06043.3041,E,1,07,1.1,2.4,M,-47.5,M,,*6E
(May 22 2022 22:55:53,  858743 sec) GpsServices()        APF9 RTC skew (13s) OK.
(May 22 2022 22:56:03,  858752 sec) LogNmeaSentences()   $GPRMC,225550,A,1947.5797,N,06043.3045,E,001.3,005.7,220522,000.4,E*76
(May 22 2022 22:56:04,  858753 sec) LogNmeaSentences()   $GPGGA,225550,1947.5797,N,06043.3045,E,1,07,1.1,2.5,M,-47.5,M,,*68
(May 22 2022 22:56:04,  858754 sec) LogNmeaSentences()   $GPGSA,A,3,03,04,,07,08,09,16,27,,,,,1.4,1.1,0.9*3D
(May 22 2022 22:56:05,  858754 sec) LogNmeaSentences()   $GPGSV,3,1,12,03,31,175,35,04,55,078,46,06,05,200,13,07,41,312,44*74
(May 22 2022 22:56:05,  858755 sec) LogNmeaSentences()   $GPGSV,3,2,12,08,32,116,44,09,61,005,47,16,14,037,43,27,21,076,43*7D
(May 22 2022 22:56:06,  858756 sec) LogNmeaSentences()   $GPGSV,3,3,12,05,04,320,00,11,08,155,00,23,41,103,00,30,44,316,00*72
(May 22 2022 22:56:13,  858762 sec) LogNmeaSentences()   $GPRMC,225600,A,1947.5809,N,06043.3081,E,001.1,056.9,220522,000.4,E*7A
(May 22 2022 22:56:14,  858763 sec) LogNmeaSentences()   $GPGGA,225600,1947.5809,N,06043.3081,E,1,07,1.1,-0.4,M,-47.5,M,,*40
(May 22 2022 22:56:14,  858764 sec) LogNmeaSentences()   $GPGSA,A,3,03,04,,07,08,09,16,27,,,,,1.4,1.1,0.9*3D
(May 22 2022 22:56:15,  858764 sec) LogNmeaSentences()   $GPGSV,3,1,12,03,31,175,42,04,55,078,46,06,05,200,19,07,41,312,45*7F
(May 22 2022 22:56:15,  858765 sec) LogNmeaSentences()   $GPGSV,3,2,12,08,33,116,44,09,61,006,47,16,14,037,42,27,21,076,44*79
(May 22 2022 22:56:16,  858766 sec) LogNmeaSentences()   $GPGSV,3,3,12,05,04,320,00,11,08,155,00,23,41,103,00,30,44,316,00*72
(May 22 2022 22:56:16,  858766 sec) LogNmeaSentences()   $PGRMT,GPS 15x-L software ver. 4.00,,,,,,,,*73
(May 22 2022 22:56:23,  858772 sec) LogNmeaSentences()   $GPRMC,225610,A,1947.5814,N,06043.3100,E,000.6,072.7,220522,000.4,E*71
(May 22 2022 22:56:24,  858773 sec) LogNmeaSentences()   $GPGGA,225610,1947.5814,N,06043.3100,E,1,07,1.1,-1.7,M,-47.5,M,,*47
(May 22 2022 22:56:24,  858774 sec) GpsServices()        GPS services complete.
(May 22 2022 22:57:46,  858856 sec) CLogin()             Connecting to primary host.
(May 22 2022 22:58:01,  858871 sec) CLogin()             Connection 7 established in 15 seconds.
(May 22 2022 22:58:34,  858903 sec) expect()             Attempt to read prompt string [Last login:] failed.
(May 22 2022 22:58:34,  858904 sec) login()              Login failed.
(May 22 2022 22:59:04,  858933 sec) expect()             Attempt to read prompt string [login:] failed.
(May 22 2022 22:59:04,  858934 sec) login()              Login prompt not received.
(May 22 2022 22:59:33,  858963 sec) CLogin()             Connection 8 established in 107 seconds.
(May 22 2022 23:00:05,  858994 sec) expect()             Attempt to read prompt string [Last login:] failed.
(May 22 2022 23:00:05,  858995 sec) login()              Login failed.
(May 22 2022 23:00:35,  859024 sec) expect()             Attempt to read prompt string [login:] failed.
(May 22 2022 23:00:35,  859025 sec) login()              Login prompt not received.
(May 22 2022 23:00:35,  859025 sec) CLogin()             Attempt to connect to primary host failed after 2 tries.  Connecting to alternate host.
(May 22 2022 23:01:36,  859085 sec) chat()               Expected string [CONNECT] not received.
(May 22 2022 23:01:36,  859086 sec) modem_connect()      Modem command [ATDT0013014291790] failed.
(May 22 2022 23:01:36,  859086 sec) connect()            Connection attempt failed.
(May 22 2022 23:02:37,  859146 sec) chat()               Expected string [CONNECT] not received.
(May 22 2022 23:02:37,  859147 sec) modem_connect()      Modem command [ATDT0013014291790] failed.
(May 22 2022 23:02:37,  859147 sec) connect()            Connection attempt failed.
(May 22 2022 23:02:37,  859147 sec) CLogin()             Attempt to connect to primary and alternate hosts failed - aborting.
(May 22 2022 23:02:38,  859147 sec) DownLoadMissionCfg(  Connect/login failed.  Mission configuration not downloaded from remote host.
(May 22 2022 23:02:44,  859154 sec) CLogin()             Connecting to primary host.
(May 22 2022 23:02:58,  859168 sec) CLogin()             Connection 9 established in 15 seconds.
(May 22 2022 23:03:30,  859199 sec) expect()             Attempt to read prompt string [Last login:] failed.
(May 22 2022 23:03:30,  859200 sec) login()              Login failed.
(May 22 2022 23:04:00,  859229 sec) expect()             Attempt to read prompt string [login:] failed.
(May 22 2022 23:04:00,  859230 sec) login()              Login prompt not received.
(May 22 2022 23:04:13,  859243 sec) CLogin()             Connection 10 established in 90 seconds.
(May 22 2022 23:04:49,  859278 sec) expect()             Attempt to read prompt string [Last login:] failed.
(May 22 2022 23:04:49,  859279 sec) login()              Login failed.
(May 22 2022 23:04:58,  859288 sec) login()              Login successful.
(May 22 2022 23:05:02,  859291 sec) CLogin()             Logged in to host.  [Login required 49 seconds]
(May 22 2022 23:05:16,  859306 sec) RxConfig()           Downloading "mission.cfg" from host.
(May 22 2022 23:05:19,  859309 sec) Rx()                 Initiating transfer. [0x43]
(May 22 2022 23:05:25,  859314 sec) Rx()                 Pad character [0x1a] found in ascii mode - truncating packet.
(May 22 2022 23:05:29,  859318 sec) Rx()                 Received EOT - transfer complete. [1 packets, 1024 bytes, 10 sec, 102.4 bps]
(May 22 2022 23:05:29,  859319 sec) RxConfig()           Download successful.
(May 22 2022 23:05:52,  859342 sec) WriteVitals()        Writing vitals to "7827.244.msg".
(May 22 2022 23:06:08,  859358 sec) UpLoadFile()         Uploading "7827.244.msg" to host as "7827.244.msg".
(May 22 2022 23:06:14,  859364 sec) Tx()                 CRC negotiation successful. [16-bit CRC]
(May 22 2022 23:06:28,  859378 sec) TxPacket()           NAK received - resending packet. [PktNum=0x02]
(May 22 2022 23:06:28,  859378 sec) TxPacket()           Packet xmit history: [11100001] (0:ok, 1:fail).
(May 22 2022 23:07:26,  859436 sec) TxPacket()           NAK received - resending packet. [PktNum=0x0a]
(May 22 2022 23:07:26,  859436 sec) TxPacket()           Packet xmit history: [00000001] (0:ok, 1:fail).
(May 22 2022 23:07:49,  859459 sec) TxPacket()           NAK received - resending packet. [PktNum=0x0c]
(May 22 2022 23:07:49,  859459 sec) TxPacket()           Packet xmit history: [00001001] (0:ok, 1:fail).
(May 22 2022 23:07:56,  859466 sec) TxPacket()           NAK received - resending packet. [PktNum=0x0c]
(May 22 2022 23:07:56,  859466 sec) TxPacket()           Packet xmit history: [00010011] (0:ok, 1:fail).
(May 22 2022 23:08:02,  859472 sec) TxPacket()           NAK received - resending packet. [PktNum=0x0c]
(May 22 2022 23:08:02,  859472 sec) TxPacket()           Packet xmit history: [00100111] (0:ok, 1:fail).
(May 22 2022 23:08:53,  859523 sec) TxPacket()           NAK received - resending packet. [PktNum=0x13]
(May 22 2022 23:08:53,  859523 sec) TxPacket()           Packet xmit history: [00000001] (0:ok, 1:fail).
(May 22 2022 23:09:14,  859544 sec) TxPacket()           NAK received - resending packet. [PktNum=0x15]
(May 22 2022 23:09:14,  859544 sec) TxPacket()           Packet xmit history: [00001001] (0:ok, 1:fail).
(May 22 2022 23:10:00,  859590 sec) TxPacket()           NAK received - resending packet. [PktNum=0x1b]
(May 22 2022 23:10:00,  859590 sec) TxPacket()           Packet xmit history: [10000001] (0:ok, 1:fail).
(May 22 2022 23:10:05,  859595 sec) TxPacket()           NAK received - resending packet. [PktNum=0x1b]
(May 22 2022 23:10:05,  859595 sec) TxPacket()           Packet xmit history: [00000011] (0:ok, 1:fail).
(May 22 2022 23:10:10,  859600 sec) TxPacket()           NAK received - resending packet. [PktNum=0x1b]
(May 22 2022 23:10:10,  859600 sec) TxPacket()           Packet xmit history: [00000111] (0:ok, 1:fail).
(May 22 2022 23:11:42,  859692 sec) Tx()                 Transmission completed successfully [40 packets, 38747 bytes, 327 sec, 119.8 bps]
(May 22 2022 23:11:42,  859692 sec) UpLoadFile()         Upload successful.
(May 22 2022 23:11:52,  859702 sec) UpLoadFile()         Uploading "7827.244.log" to host as "7827.244.log".
(May 22 2022 23:11:56,  859705 sec) Tx()                 CRC negotiation successful. [16-bit CRC]
(May 22 2022 23:13:13,  859783 sec) TxPacket()           NAK received - resending packet. [PktNum=0x0b]
(May 22 2022 23:13:13,  859783 sec) TxPacket()           Packet xmit history: [00000001] (0:ok, 1:fail).
(May 22 2022 23:15:07,  859897 sec) TxPacket()           NAK received - resending packet. [PktNum=0x19]
(May 22 2022 23:15:07,  859897 sec) TxPacket()           Packet xmit history: [00000001] (0:ok, 1:fail).
(May 22 2022 23:15:28,  859918 sec) TxPacket()           NAK received - resending packet. [PktNum=0x1b]
(May 22 2022 23:15:28,  859918 sec) TxPacket()           Packet xmit history: [00001001] (0:ok, 1:fail).
(May 22 2022 23:15:41,  859931 sec) TxPacket()           NAK received - resending packet. [PktNum=0x1c]
(May 22 2022 23:15:41,  859931 sec) TxPacket()           Packet xmit history: [00100101] (0:ok, 1:fail).
(May 22 2022 23:16:02,  859952 sec) TxPacket()           NAK received - resending packet. [PktNum=0x1e]
(May 22 2022 23:16:02,  859952 sec) TxPacket()           Packet xmit history: [00101001] (0:ok, 1:fail).
(May 22 2022 23:16:07,  859957 sec) TxPacket()           NAK received - resending packet. [PktNum=0x1e]
(May 22 2022 23:16:07,  859957 sec) TxPacket()           Packet xmit history: [01010011] (0:ok, 1:fail).
(May 22 2022 23:16:14,  859964 sec) TxPacket()           NAK received - resending packet. [PktNum=0x1e]
(May 22 2022 23:16:14,  859964 sec) TxPacket()           Packet xmit history: [10100111] (0:ok, 1:fail).
(May 22 2022 23:16:35,  859985 sec) TxPacket()           NAK received - resending packet. [PktNum=0x22]
(May 22 2022 23:16:35,  859985 sec) TxPacket()           Packet xmit history: [11100001] (0:ok, 1:fail).
(May 22 2022 23:16:45,  859995 sec) TxPacket()           NAK received - resending packet. [PktNum=0x23]
(May 22 2022 23:16:45,  859995 sec) TxPacket()           Packet xmit history: [10000101] (0:ok, 1:fail).
(May 22 2022 23:17:36,  860046 sec) TxPacket()           NAK received - resending packet. [PktNum=0x23]
(May 22 2022 23:17:36,  860046 sec) TxPacket()           Packet xmit history: [00001011] (0:ok, 1:fail).
(May 22 2022 23:17:50,  860060 sec) TxPacket()           NAK received - resending packet. [PktNum=0x24]
(May 22 2022 23:17:50,  860060 sec) TxPacket()           Packet xmit history: [00101101] (0:ok, 1:fail).
(May 22 2022 23:18:16,  860086 sec) TxPacket()           NAK received - resending packet. [PktNum=0x28]
(May 22 2022 23:18:16,  860086 sec) TxPacket()           Packet xmit history: [10100001] (0:ok, 1:fail).
(May 22 2022 23:18:27,  860097 sec) Tx()                 Transmission completed successfully [40 packets, 36760 bytes, 390 sec, 95.8 bps]
(May 22 2022 23:18:27,  860097 sec) UpLoadFile()         Upload successful.
(May 22 2022 23:18:37,  860107 sec) UpLoad()             Files successfully uploaded: 2
(May 22 2022 23:18:37,  860107 sec) UpLoad()             Upload complete.
(May 22 2022 23:18:44,  860113 sec) chat()               Expected string [logout] not received.
(May 22 2022 23:18:44,  860114 sec) logout()             Attempt to log-out failed.
(May 22 2022 23:18:44,  860114 sec) logout()             No carrier detected.
(May 22 2022 23:18:44,  860114 sec) Telemetry()          Telemetry cycle complete: PrfId=244 ConnectionAttempts=33  Connections=10


(May 22 2022 23:18:45) LogSize()            Log file is 38914 bytes.  Limit is 40960 bytes.

(May 22 2022 23:18:45,  860114 sec) TelemetryTerminate(  Parsing new mission configuration.
(May 22 2022 23:18:47,  860117 sec) configure()          Parsing configurators in "mission.cfg".
(May 22 2022 23:18:55,  860125 sec) configure()             TelemetryRetry(15)          [0x7BBC] [TelemetryRetry(15)].
(May 22 2022 23:18:55,  860125 sec) configure()          Configuration CRCs and syntax OK.
(May 22 2022 23:18:56,  860125 sec) ConfigSupervisor()   Configuration accepted.
(May 22 2022 23:18:56,  860126 sec) TelemetryTerminate(  Reconditioning the file system.
(May 22 2022 23:19:21,      12 sec) DescentInit()        Deep profile 245 initiated at mission-time 860139sec.
(May 22 2022 23:19:23,      14 sec) DescentInit()        Surface pressure: -0.7dbars.
(May 22 2022 23:19:28,      19 sec) PistonMoveAbsWTO()    207->077 206 205 204 203 202 201 200 199 198 197 196 195 194 193 192 191 190 189 188 187 186 185 184 183 182 181 180 179 178 177 176 175 174 173 172 171 170 169 168 167 166 165 164 163 162 161 160 159 158 157 156 155 154 153 152 151 150 149 148 147 146 145 144 143 142 141 140 139 138 137 136 135 134 133 132 131 130 129 128 127 126 125 124 123 122 121 120 119 118 117 116 115 114 113 112 111 110 109 108 107 106 105 104 103 102 101 100 099 098 097 096 095 094 093 092 091 090 089 088 087 086 085 084 083 082 081 080 079 078 077 [858sec, 10.9Volts, 0.157Amps, CPT:858sec]
(May 22 2022 23:33:56,     887 sec) Descent()            Pressure: 66.9
(May 23 2022 00:19:13,    3604 sec) Descent()            Pressure: 427.1
(May 23 2022 01:19:13,    7204 sec) Descent()            Pressure: 746.0
(May 23 2022 02:19:13,   10804 sec) Descent()            Pressure: 921.8
(May 23 2022 03:19:13,   14404 sec) Descent()            Pressure: 977.7

<EOT>
