(Aug 14 2017 20:00:27,  843700 sec) TelemetryInit()      Profile 33. (Apf9i FwRev: 061016)
(Aug 14 2017 20:07:23,  844117 sec) AirSystem()          Battery [188cnt, 14.6V]  Current [79cnt, 318.3mA]  Barometer [126cnt, 6.5"Hg]  Run-Time [48s]
(Aug 14 2017 20:08:01,  844154 sec) GetSurfaceObs()      P/O2,T2,TPhase,RPhase,RawTemp/FSig,BbSig,TSig: -0.4dbars / 233.2uM 26.961C 29.441 9.005 48.512 / 110,178,534
(Aug 14 2017 20:08:08,  844161 sec) GpsServices()        GPS almanac is current.
(Aug 14 2017 20:08:08,  844162 sec) GpsServices()        Initiating GPS fix acquisition.
(Aug 14 2017 20:08:29,  844183 sec) gga()                $GPGGA,200750,1612.1579,N,06534.9138,E,0,00,,,M,,M,,*54
(Aug 14 2017 20:08:42,  844195 sec) gga()                $GPGGA,200810,1612.1579,N,06534.9138,E,0,00,,,M,,M,,*5F
(Aug 14 2017 20:08:53,  844206 sec) gga()                $GPGGA,200820,1612.1579,N,06534.9138,E,0,00,,,M,,M,,*5C
(Aug 14 2017 20:09:35,  844249 sec) gga()                $GPGGA,200830,1558.7614,N,06520.9561,E,1,08,0.9,9.0,M,-64.4,M,,*6F
(Aug 14 2017 20:09:36,  844250 sec) GpsServices()        Profile 33 GPS fix obtained in 88 seconds.
(Aug 14 2017 20:09:36,  844250 sec) GpsServices()                  lon     lat mm/dd/yyyy hhmmss nsat
(Aug 14 2017 20:09:36,  844250 sec) GpsServices()        Fix:   65.349  15.979 08/14/2017 200830    8
(Aug 14 2017 20:10:24,  844297 sec) gga()                $GPGGA,200920,1558.7578,N,06520.9588,E,1,10,0.8,0.6,M,-64.4,M,,*66
(Aug 14 2017 20:10:31,  844305 sec) gga()                $GPGGA,201010,1558.7564,N,06520.9603,E,1,11,0.8,-2.5,M,-64.4,M,,*4D
(Aug 14 2017 20:10:32,  844305 sec) GpsServices()        APF9 RTC skew (22s) OK.
(Aug 14 2017 20:10:32,  844305 sec) GpsServices()        GPS services complete.
(Aug 14 2017 20:10:57,  844331 sec) CLogin()             Connecting to primary host.
(Aug 14 2017 20:11:09,  844342 sec) CLogin()             Connection 1 established in 12 seconds.
(Aug 14 2017 20:11:50,  844383 sec) expect()             Attempt to read prompt string [Last login:] failed.
(Aug 14 2017 20:11:50,  844383 sec) login()              Login failed.
(Aug 14 2017 20:12:20,  844413 sec) expect()             Attempt to read prompt string [login:] failed.
(Aug 14 2017 20:12:20,  844413 sec) login()              Login prompt not received.
(Aug 14 2017 20:12:37,  844430 sec) CLogin()             Connection 2 established in 100 seconds.
(Aug 14 2017 20:12:50,  844444 sec) login()              Login successful.
(Aug 14 2017 20:12:54,  844448 sec) CLogin()             Logged in to host.  [Login required 17 seconds]
(Aug 14 2017 20:13:08,  844462 sec) RxConfig()           Downloading "mission.cfg" from host.
(Aug 14 2017 20:13:11,  844464 sec) Rx()                 Initiating transfer. [0x43]
(Aug 14 2017 20:13:13,  844467 sec) RxStartByte()        Sync errors encountered: 174
(Aug 14 2017 20:13:19,  844473 sec) Rx()                 Pad character [0x1a] found in ascii mode - truncating packet.
(Aug 14 2017 20:13:24,  844477 sec) Rx()                 Received EOT - transfer complete. [1 packets, 1024 bytes, 13 sec, 78.8 bps]
(Aug 14 2017 20:13:24,  844477 sec) RxConfig()           Download successful.
(Aug 14 2017 20:13:47,  844501 sec) WriteVitals()        Writing vitals to "7827.033.msg".
(Aug 14 2017 20:14:00,  844513 sec) UpLoadFile()         Uploading "7827.033.msg" to host as "7827.033.msg".
(Aug 14 2017 20:14:03,  844517 sec) Tx()                 CRC negotiation successful. [16-bit CRC]
(Aug 14 2017 20:14:20,  844534 sec) TxPacket()           NAK received - resending packet. [PktNum=0x02]
(Aug 14 2017 20:14:20,  844534 sec) TxPacket()           Packet xmit history: [11100001] (0:ok, 1:fail).
(Aug 14 2017 20:14:38,  844552 sec) TxPacket()           NAK received - resending packet. [PktNum=0x04]
(Aug 14 2017 20:14:38,  844552 sec) TxPacket()           Packet xmit history: [00001001] (0:ok, 1:fail).
(Aug 14 2017 20:15:02,  844576 sec) TxPacket()           NAK received - resending packet. [PktNum=0x07]
(Aug 14 2017 20:15:02,  844576 sec) TxPacket()           Packet xmit history: [10010001] (0:ok, 1:fail).
(Aug 14 2017 20:15:53,  844626 sec) TxPacket()           NAK received - resending packet. [PktNum=0x0c]
(Aug 14 2017 20:15:53,  844626 sec) TxPacket()           Packet xmit history: [01000001] (0:ok, 1:fail).
(Aug 14 2017 20:16:21,  844655 sec) TxPacket()           NAK received - resending packet. [PktNum=0x0f]
(Aug 14 2017 20:16:21,  844655 sec) TxPacket()           Packet xmit history: [00010001] (0:ok, 1:fail).
(Aug 14 2017 20:16:25,  844659 sec) TxPacket()           NAK received - resending packet. [PktNum=0x0f]
(Aug 14 2017 20:16:25,  844659 sec) TxPacket()           Packet xmit history: [00100011] (0:ok, 1:fail).
(Aug 14 2017 20:16:31,  844665 sec) TxPacket()           NAK received - resending packet. [PktNum=0x10]
(Aug 14 2017 20:16:31,  844665 sec) TxPacket()           Packet xmit history: [10001101] (0:ok, 1:fail).
(Aug 14 2017 20:16:56,  844689 sec) TxPacket()           False CAN detected - resending packet. [PktNum=0x12]
(Aug 14 2017 20:16:56,  844689 sec) TxPacket()           Packet xmit history: [01101001] (0:ok, 1:fail).
(Aug 14 2017 20:17:01,  844694 sec) TxPacket()           Invalid response [0x63] - resending packet. [PktNum=0x12]
(Aug 14 2017 20:17:01,  844694 sec) TxPacket()           Packet xmit history: [11010011] (0:ok, 1:fail).
(Aug 14 2017 20:17:03,  844697 sec) TxPacket()           Invalid response [0x20] - resending packet. [PktNum=0x12]
(Aug 14 2017 20:17:03,  844697 sec) TxPacket()           Packet xmit history: [10100111] (0:ok, 1:fail).
(Aug 14 2017 20:17:04,  844698 sec) TxPacket()           Invalid response [0x20] - resending packet. [PktNum=0x12]
(Aug 14 2017 20:17:04,  844698 sec) TxPacket()           Packet xmit history: [01001111] (0:ok, 1:fail).
(Aug 14 2017 20:17:06,  844700 sec) TxPacket()           Invalid response [0x30] - resending packet. [PktNum=0x12]
(Aug 14 2017 20:17:06,  844700 sec) TxPacket()           Packet xmit history: [10011111] (0:ok, 1:fail).
(Aug 14 2017 20:17:07,  844701 sec) TxPacket()           Invalid response [0x20] - resending packet. [PktNum=0x12]
(Aug 14 2017 20:17:08,  844701 sec) TxPacket()           Packet xmit history: [00111111] (0:ok, 1:fail).
(Aug 14 2017 20:17:09,  844703 sec) TxPacket()           Invalid response [0x39] - resending packet. [PktNum=0x12]
(Aug 14 2017 20:17:10,  844703 sec) TxPacket()           Packet xmit history: [01111111] (0:ok, 1:fail).
(Aug 14 2017 20:17:13,  844707 sec) TxPacket()           Invalid response [0x20] - resending packet. [PktNum=0x12]
(Aug 14 2017 20:17:13,  844707 sec) TxPacket()           Packet xmit history: [11111111] (0:ok, 1:fail).
(Aug 14 2017 20:17:15,  844709 sec) TxPacket()           Invalid response [0x20] - resending packet. [PktNum=0x12]
(Aug 14 2017 20:17:16,  844709 sec) TxPacket()           Packet xmit history: [11111111] (0:ok, 1:fail).
(Aug 14 2017 20:17:17,  844711 sec) TxPacket()           Invalid response [0x6f] - resending packet. [PktNum=0x12]
(Aug 14 2017 20:17:17,  844711 sec) TxPacket()           Packet xmit history: [11111111] (0:ok, 1:fail).
(Aug 14 2017 20:17:17,  844711 sec) TxPacket()           Exit status: -5
(Aug 14 2017 20:17:18,  844711 sec) Tx()                 Packet transmission failed - aborting transfer.
(Aug 14 2017 20:17:30,  844724 sec) UpLoadFile()         Upload failed.
(Aug 14 2017 20:17:57,  844751 sec) UpLoadFile()         Uploading "7827.033.log" to host as "7827.033.log".
(Aug 14 2017 20:18:58,  844811 sec) Tx()                 CRC negotiation failed - aborting transfer.
(Aug 14 2017 20:19:09,  844822 sec) UpLoadFile()         Upload failed.
(Aug 14 2017 20:19:09,  844823 sec) UpLoad()             Files successfully uploaded: 0
(Aug 14 2017 20:19:09,  844823 sec) UpLoad()             Aborting upload: Retry limit [2] exceeded. Upload incomplete.
(Aug 14 2017 20:19:14,  844827 sec) chat()               Expected string [cmd>] not received.
(Aug 14 2017 20:19:14,  844827 sec) logout()             Can't get command prompt.
(Aug 14 2017 20:19:19,  844832 sec) chat()               Expected string [logout] not received.
(Aug 14 2017 20:19:19,  844832 sec) logout()             Attempt to log-out failed.
(Aug 14 2017 20:19:24,  844837 sec) chat()               Expected string [cmd>] not received.
(Aug 14 2017 20:19:24,  844837 sec) logout()             Can't get command prompt.
(Aug 14 2017 20:19:29,  844842 sec) chat()               Expected string [logout] not received.
(Aug 14 2017 20:19:29,  844842 sec) logout()             Attempt to log-out failed.
(Aug 14 2017 20:19:29,  844843 sec) logout()             No carrier detected.
(Aug 14 2017 20:19:29,  844843 sec) Telemetry()          Telemetry cycle complete: PrfId=33 ConnectionAttempts=2  Connections=2
(Aug 14 2017 20:34:44,  845757 sec) AirSystem()          Air-bladder inflation by-passed. Barometer: [125cnt, 6.2"Hg].
(Aug 14 2017 20:35:45,  845818 sec) GetSurfaceObs()      P/O2,T2,TPhase,RPhase,RawTemp/FSig,BbSig,TSig: -0.3dbars / 231.4uM 27.431C 29.351 8.985 33.476 / 110,175,534
(Aug 14 2017 20:35:52,  845825 sec) GpsServices()        GPS almanac is current.
(Aug 14 2017 20:35:52,  845826 sec) GpsServices()        Initiating GPS fix acquisition.
(Aug 14 2017 20:36:44,  845877 sec) gga()                $GPGGA,203540,1558.6802,N,06520.9979,E,1,10,0.8,4.2,M,-64.4,M,,*6C
(Aug 14 2017 20:36:44,  845878 sec) GpsServices()        Profile 33 GPS fix obtained in 52 seconds.
(Aug 14 2017 20:36:44,  845878 sec) GpsServices()                  lon     lat mm/dd/yyyy hhmmss nsat
(Aug 14 2017 20:36:45,  845878 sec) GpsServices()        Fix:   65.350  15.978 08/14/2017 203540   10
(Aug 14 2017 20:37:34,  845927 sec) gga()                $GPGGA,203630,1558.6799,N,06520.9972,E,1,10,0.8,1.3,M,-64.4,M,,*6A
(Aug 14 2017 20:37:41,  845935 sec) gga()                $GPGGA,203720,1558.6769,N,06520.9979,E,1,10,0.8,-0.6,M,-64.4,M,,*47
(Aug 14 2017 20:37:42,  845935 sec) GpsServices()        APF9 RTC skew (22s) OK.
(Aug 14 2017 20:37:42,  845935 sec) GpsServices()        GPS services complete.
(Aug 14 2017 20:38:07,  845961 sec) CLogin()             Connecting to primary host.
(Aug 14 2017 20:39:08,  846021 sec) chat()               Expected string [CONNECT] not received.
(Aug 14 2017 20:39:08,  846021 sec) modem_connect()      Modem command [AT+CBST=71,0,1;DT0088160000573] failed.
(Aug 14 2017 20:39:08,  846022 sec) connect()            Connection attempt failed.
(Aug 14 2017 20:39:22,  846036 sec) CLogin()             Connection 3 established in 75 seconds.
(Aug 14 2017 20:39:33,  846047 sec) login()              Login successful.
(Aug 14 2017 20:39:38,  846051 sec) chat()               Expected string [cmd>] not received.
(Aug 14 2017 20:39:38,  846051 sec) login()              Attempt to set the command prompt failed.
(Aug 14 2017 20:39:41,  846055 sec) CLogin()             Logged in to host.  [Login required 19 seconds]
(Aug 14 2017 20:39:53,  846067 sec) RxConfig()           Downloading "mission.cfg" from host.
(Aug 14 2017 20:39:56,  846070 sec) Rx()                 Initiating transfer. [0x43]
(Aug 14 2017 20:40:05,  846078 sec) Rx()                 Pad character [0x1a] found in ascii mode - truncating packet.
(Aug 14 2017 20:40:10,  846083 sec) Rx()                 Received EOT - transfer complete. [1 packets, 1024 bytes, 14 sec, 73.1 bps]
(Aug 14 2017 20:40:10,  846083 sec) RxConfig()           Download successful.
(Aug 14 2017 20:40:33,  846107 sec) WriteVitals()        Writing vitals to "7827.033.msg".
(Aug 14 2017 20:40:49,  846122 sec) UpLoadFile()         Uploading "7827.033.msg" to host as "7827.033.msg".
(Aug 14 2017 20:40:50,  846123 sec) Tx()                 CRC negotiation successful. [16-bit CRC]
(Aug 14 2017 20:41:22,  846156 sec) TxPacket()           NAK received - resending packet. [PktNum=0x05]
(Aug 14 2017 20:41:22,  846156 sec) TxPacket()           Packet xmit history: [00000001] (0:ok, 1:fail).
(Aug 14 2017 20:41:29,  846163 sec) TxPacket()           NAK received - resending packet. [PktNum=0x05]
(Aug 14 2017 20:41:29,  846163 sec) TxPacket()           Packet xmit history: [00000011] (0:ok, 1:fail).
(Aug 14 2017 20:42:11,  846205 sec) TxPacket()           NAK received - resending packet. [PktNum=0x0b]
(Aug 14 2017 20:42:11,  846205 sec) TxPacket()           Packet xmit history: [10000001] (0:ok, 1:fail).
(Aug 14 2017 20:42:18,  846212 sec) TxPacket()           NAK received - resending packet. [PktNum=0x0b]
(Aug 14 2017 20:42:18,  846212 sec) TxPacket()           Packet xmit history: [00000011] (0:ok, 1:fail).
(Aug 14 2017 20:42:27,  846220 sec) TxPacket()           NAK received - resending packet. [PktNum=0x0b]
(Aug 14 2017 20:42:27,  846220 sec) TxPacket()           Packet xmit history: [00000111] (0:ok, 1:fail).
(Aug 14 2017 20:42:43,  846237 sec) TxPacket()           NAK received - resending packet. [PktNum=0x0c]
(Aug 14 2017 20:42:43,  846237 sec) TxPacket()           Packet xmit history: [00011101] (0:ok, 1:fail).
(Aug 14 2017 20:43:21,  846275 sec) TxPacket()           NAK received - resending packet. [PktNum=0x12]
(Aug 14 2017 20:43:21,  846275 sec) TxPacket()           Packet xmit history: [10000001] (0:ok, 1:fail).
(Aug 14 2017 20:43:54,  846308 sec) TxPacket()           NAK received - resending packet. [PktNum=0x15]
(Aug 14 2017 20:43:54,  846308 sec) TxPacket()           Packet xmit history: [00010001] (0:ok, 1:fail).
(Aug 14 2017 20:44:17,  846330 sec) TxPacket()           NAK received - resending packet. [PktNum=0x16]
(Aug 14 2017 20:44:17,  846330 sec) TxPacket()           Packet xmit history: [01000101] (0:ok, 1:fail).
(Aug 14 2017 20:44:31,  846345 sec) TxPacket()           NAK received - resending packet. [PktNum=0x17]
(Aug 14 2017 20:44:31,  846345 sec) TxPacket()           Packet xmit history: [00010101] (0:ok, 1:fail).
(Aug 14 2017 20:44:43,  846357 sec) TxPacket()           NAK received - resending packet. [PktNum=0x18]
(Aug 14 2017 20:44:43,  846357 sec) TxPacket()           Packet xmit history: [01010101] (0:ok, 1:fail).
(Aug 14 2017 20:44:59,  846373 sec) TxPacket()           NAK received - resending packet. [PktNum=0x19]
(Aug 14 2017 20:44:59,  846373 sec) TxPacket()           Packet xmit history: [01010101] (0:ok, 1:fail).
(Aug 14 2017 20:45:42,  846416 sec) Tx()                 Transmission completed successfully [31 packets, 26266 bytes, 291 sec, 93.7 bps]
(Aug 14 2017 20:45:42,  846416 sec) UpLoadFile()         Upload successful.
(Aug 14 2017 20:45:51,  846425 sec) UpLoadFile()         Uploading "7827.033.log" to host as "7827.033.log".
(Aug 14 2017 20:46:02,  846436 sec) Tx()                 CRC negotiation successful. [16-bit CRC]
(Aug 14 2017 20:46:17,  846451 sec) TxPacket()           Invalid response [0x43] - resending packet. [PktNum=0x01]
(Aug 14 2017 20:46:18,  846451 sec) TxPacket()           Packet xmit history: [00000001] (0:ok, 1:fail).
(Aug 14 2017 20:46:28,  846462 sec) TxPacket()           NAK received - resending packet. [PktNum=0x01]
(Aug 14 2017 20:46:28,  846462 sec) TxPacket()           Packet xmit history: [00000011] (0:ok, 1:fail).
(Aug 14 2017 20:46:44,  846477 sec) TxPacket()           NAK received - resending packet. [PktNum=0x02]
(Aug 14 2017 20:46:44,  846477 sec) TxPacket()           Packet xmit history: [00001101] (0:ok, 1:fail).
(Aug 14 2017 20:47:14,  846508 sec) TxPacket()           NAK received - resending packet. [PktNum=0x03]
(Aug 14 2017 20:47:14,  846508 sec) TxPacket()           Packet xmit history: [00110101] (0:ok, 1:fail).
(Aug 14 2017 20:47:20,  846514 sec) TxPacket()           NAK received - resending packet. [PktNum=0x03]
(Aug 14 2017 20:47:21,  846514 sec) TxPacket()           Packet xmit history: [01101011] (0:ok, 1:fail).
(Aug 14 2017 20:47:28,  846522 sec) TxPacket()           NAK received - resending packet. [PktNum=0x04]
(Aug 14 2017 20:47:28,  846522 sec) TxPacket()           Packet xmit history: [10101101] (0:ok, 1:fail).
(Aug 14 2017 20:47:33,  846527 sec) TxPacket()           NAK received - resending packet. [PktNum=0x05]
(Aug 14 2017 20:47:33,  846527 sec) TxPacket()           Packet xmit history: [10110101] (0:ok, 1:fail).
(Aug 14 2017 20:47:55,  846548 sec) TxPacket()           NAK received - resending packet. [PktNum=0x08]
(Aug 14 2017 20:47:55,  846549 sec) TxPacket()           Packet xmit history: [01010001] (0:ok, 1:fail).
(Aug 14 2017 20:48:30,  846584 sec) TxPacket()           NAK received - resending packet. [PktNum=0x0c]
(Aug 14 2017 20:48:30,  846584 sec) TxPacket()           Packet xmit history: [00100001] (0:ok, 1:fail).
(Aug 14 2017 20:48:50,  846604 sec) TxPacket()           NAK received - resending packet. [PktNum=0x0d]
(Aug 14 2017 20:48:50,  846604 sec) TxPacket()           Packet xmit history: [10000101] (0:ok, 1:fail).
(Aug 14 2017 20:49:06,  846620 sec) TxPacket()           NAK received - resending packet. [PktNum=0x0e]
(Aug 14 2017 20:49:06,  846620 sec) TxPacket()           Packet xmit history: [00010101] (0:ok, 1:fail).
(Aug 14 2017 20:49:12,  846626 sec) TxPacket()           NAK received - resending packet. [PktNum=0x0e]
(Aug 14 2017 20:49:12,  846626 sec) TxPacket()           Packet xmit history: [00101011] (0:ok, 1:fail).
(Aug 14 2017 20:49:22,  846635 sec) TxPacket()           NAK received - resending packet. [PktNum=0x0e]
(Aug 14 2017 20:49:22,  846635 sec) TxPacket()           Packet xmit history: [01010111] (0:ok, 1:fail).
(Aug 14 2017 20:49:54,  846668 sec) TxPacket()           NAK received - resending packet. [PktNum=0x12]
(Aug 14 2017 20:49:54,  846668 sec) TxPacket()           Packet xmit history: [11100001] (0:ok, 1:fail).
(Aug 14 2017 20:50:08,  846682 sec) TxPacket()           NAK received - resending packet. [PktNum=0x13]
(Aug 14 2017 20:50:08,  846682 sec) TxPacket()           Packet xmit history: [10000101] (0:ok, 1:fail).
(Aug 14 2017 20:50:51,  846725 sec) TxPacket()           NAK received - resending packet. [PktNum=0x17]
(Aug 14 2017 20:50:51,  846725 sec) TxPacket()           Packet xmit history: [10100001] (0:ok, 1:fail).
(Aug 14 2017 20:51:20,  846754 sec) TxPacket()           NAK received - resending packet. [PktNum=0x1a]
(Aug 14 2017 20:51:20,  846754 sec) TxPacket()           Packet xmit history: [00010001] (0:ok, 1:fail).
(Aug 14 2017 20:51:44,  846777 sec) TxPacket()           NAK received - resending packet. [PktNum=0x1a]
(Aug 14 2017 20:51:44,  846778 sec) TxPacket()           Packet xmit history: [00100011] (0:ok, 1:fail).
(Aug 14 2017 20:51:54,  846788 sec) TxPacket()           NAK received - resending packet. [PktNum=0x1b]
(Aug 14 2017 20:51:54,  846788 sec) TxPacket()           Packet xmit history: [10001101] (0:ok, 1:fail).
(Aug 14 2017 20:52:00,  846794 sec) TxPacket()           NAK received - resending packet. [PktNum=0x1b]
(Aug 14 2017 20:52:00,  846794 sec) TxPacket()           Packet xmit history: [00011011] (0:ok, 1:fail).
(Aug 14 2017 20:52:15,  846809 sec) TxPacket()           NAK received - resending packet. [PktNum=0x1e]
(Aug 14 2017 20:52:15,  846809 sec) TxPacket()           Packet xmit history: [10110001] (0:ok, 1:fail).
(Aug 14 2017 20:52:34,  846828 sec) TxPacket()           NAK received - resending packet. [PktNum=0x20]
(Aug 14 2017 20:52:34,  846828 sec) TxPacket()           Packet xmit history: [10001001] (0:ok, 1:fail).
(Aug 14 2017 20:52:49,  846842 sec) TxPacket()           NAK received - resending packet. [PktNum=0x20]
(Aug 14 2017 20:52:49,  846843 sec) TxPacket()           Packet xmit history: [00010011] (0:ok, 1:fail).
(Aug 14 2017 20:52:57,  846850 sec) TxPacket()           NAK received - resending packet. [PktNum=0x20]
(Aug 14 2017 20:52:57,  846850 sec) TxPacket()           Packet xmit history: [00100111] (0:ok, 1:fail).
(Aug 14 2017 20:53:07,  846860 sec) TxPacket()           NAK received - resending packet. [PktNum=0x20]
(Aug 14 2017 20:53:07,  846860 sec) TxPacket()           Packet xmit history: [01001111] (0:ok, 1:fail).
(Aug 14 2017 20:53:14,  846868 sec) TxPacket()           NAK received - resending packet. [PktNum=0x20]
(Aug 14 2017 20:53:14,  846868 sec) TxPacket()           Packet xmit history: [10011111] (0:ok, 1:fail).
(Aug 14 2017 20:54:23,  846937 sec) TxPacket()           No carrier detected.
(Aug 14 2017 20:54:24,  846937 sec) TxPacket()           Exit status: -5
(Aug 14 2017 20:54:24,  846937 sec) Tx()                 Packet transmission failed - aborting transfer.
(Aug 14 2017 20:54:35,  846949 sec) UpLoadFile()         Upload failed.
(Aug 14 2017 20:54:46,  846959 sec) CLogin()             Connecting to primary host.
(Aug 14 2017 20:54:51,  846964 sec) chat()               Expected string [OK] not received.
(Aug 14 2017 20:54:51,  846964 sec) modem_restore_facto  Modem command [AT&F0] failed.
(Aug 14 2017 20:54:51,  846965 sec) modem_initialize()   Unable to restore modem's factory defaults.
(Aug 14 2017 20:54:51,  846965 sec) modem_connect()      Modem configuration failed.
(Aug 14 2017 20:54:51,  846965 sec) connect()            Connection attempt failed.
(Aug 14 2017 20:55:04,  846978 sec) CLogin()             Connection 4 established in 19 seconds.
(Aug 14 2017 20:55:13,  846986 sec) login()              Login successful.
(Aug 14 2017 20:55:17,  846990 sec) CLogin()             Logged in to host.  [Login required 13 seconds]
(Aug 14 2017 20:55:25,  846998 sec) UpLoadFile()         Uploading "7827.033.log" to host as "7827.033.log".
(Aug 14 2017 20:55:29,  847003 sec) Tx()                 CRC negotiation successful. [16-bit CRC]
(Aug 14 2017 20:55:55,  847029 sec) TxPacket()           NAK received - resending packet. [PktNum=0x04]
(Aug 14 2017 20:55:55,  847029 sec) TxPacket()           Packet xmit history: [00000001] (0:ok, 1:fail).
(Aug 14 2017 20:57:05,  847099 sec) TxPacket()           NAK received - resending packet. [PktNum=0x0e]
(Aug 14 2017 20:57:05,  847099 sec) TxPacket()           Packet xmit history: [00000001] (0:ok, 1:fail).
(Aug 14 2017 20:57:34,  847128 sec) TxPacket()           NAK received - resending packet. [PktNum=0x11]
(Aug 14 2017 20:57:34,  847128 sec) TxPacket()           Packet xmit history: [00010001] (0:ok, 1:fail).
(Aug 14 2017 20:58:08,  847161 sec) TxPacket()           NAK received - resending packet. [PktNum=0x14]
(Aug 14 2017 20:58:08,  847161 sec) TxPacket()           Packet xmit history: [00010001] (0:ok, 1:fail).
(Aug 14 2017 20:58:32,  847185 sec) TxPacket()           NAK received - resending packet. [PktNum=0x14]
(Aug 14 2017 20:58:32,  847185 sec) TxPacket()           Packet xmit history: [00100011] (0:ok, 1:fail).
(Aug 14 2017 20:58:40,  847194 sec) TxPacket()           NAK received - resending packet. [PktNum=0x14]
(Aug 14 2017 20:58:41,  847194 sec) TxPacket()           Packet xmit history: [01000111] (0:ok, 1:fail).
(Aug 14 2017 20:59:24,  847237 sec) TxPacket()           NAK received - resending packet. [PktNum=0x19]
(Aug 14 2017 20:59:24,  847237 sec) TxPacket()           Packet xmit history: [11000001] (0:ok, 1:fail).
(Aug 14 2017 20:59:29,  847243 sec) TxPacket()           NAK received - resending packet. [PktNum=0x19]
(Aug 14 2017 20:59:29,  847243 sec) TxPacket()           Packet xmit history: [10000011] (0:ok, 1:fail).
(Aug 14 2017 20:59:53,  847267 sec) TxPacket()           NAK received - resending packet. [PktNum=0x1a]
(Aug 14 2017 20:59:54,  847267 sec) TxPacket()           Packet xmit history: [00001101] (0:ok, 1:fail).
(Aug 14 2017 20:59:59,  847273 sec) TxPacket()           NAK received - resending packet. [PktNum=0x1a]
(Aug 14 2017 20:59:59,  847273 sec) TxPacket()           Packet xmit history: [00011011] (0:ok, 1:fail).
(Aug 14 2017 21:00:12,  847286 sec) TxPacket()           NAK received - resending packet. [PktNum=0x1a]
(Aug 14 2017 21:00:12,  847286 sec) TxPacket()           Packet xmit history: [00110111] (0:ok, 1:fail).
(Aug 14 2017 21:00:24,  847298 sec) TxPacket()           NAK received - resending packet. [PktNum=0x1a]
(Aug 14 2017 21:00:25,  847298 sec) TxPacket()           Packet xmit history: [01101111] (0:ok, 1:fail).
(Aug 14 2017 21:00:44,  847318 sec) TxPacket()           NAK received - resending packet. [PktNum=0x1d]
(Aug 14 2017 21:00:44,  847318 sec) TxPacket()           Packet xmit history: [11110001] (0:ok, 1:fail).
(Aug 14 2017 21:01:30,  847364 sec) TxPacket()           NAK received - resending packet. [PktNum=0x21]
(Aug 14 2017 21:01:30,  847364 sec) TxPacket()           Packet xmit history: [00100001] (0:ok, 1:fail).
(Aug 14 2017 21:01:40,  847374 sec) TxPacket()           NAK received - resending packet. [PktNum=0x22]
(Aug 14 2017 21:01:40,  847374 sec) TxPacket()           Packet xmit history: [10000101] (0:ok, 1:fail).
(Aug 14 2017 21:01:46,  847380 sec) TxPacket()           NAK received - resending packet. [PktNum=0x22]
(Aug 14 2017 21:01:46,  847380 sec) TxPacket()           Packet xmit history: [00001011] (0:ok, 1:fail).
(Aug 14 2017 21:01:51,  847385 sec) TxPacket()           NAK received - resending packet. [PktNum=0x22]
(Aug 14 2017 21:01:51,  847385 sec) TxPacket()           Packet xmit history: [00010111] (0:ok, 1:fail).
(Aug 14 2017 21:01:58,  847392 sec) TxPacket()           NAK received - resending packet. [PktNum=0x22]
(Aug 14 2017 21:01:58,  847392 sec) TxPacket()           Packet xmit history: [00101111] (0:ok, 1:fail).
(Aug 14 2017 21:02:02,  847396 sec) TxPacket()           NAK received - resending packet. [PktNum=0x22]
(Aug 14 2017 21:02:02,  847396 sec) TxPacket()           Packet xmit history: [01011111] (0:ok, 1:fail).
(Aug 14 2017 21:02:20,  847414 sec) TxPacket()           NAK received - resending packet. [PktNum=0x25]
(Aug 14 2017 21:02:20,  847414 sec) TxPacket()           Packet xmit history: [11110001] (0:ok, 1:fail).
(Aug 14 2017 21:02:36,  847430 sec) Tx()                 Transmission completed successfully [39 packets, 31387 bytes, 425 sec, 75.0 bps]
(Aug 14 2017 21:02:36,  847430 sec) UpLoadFile()         Upload successful.
(Aug 14 2017 21:02:47,  847440 sec) UpLoad()             Files successfully uploaded: 2
(Aug 14 2017 21:02:47,  847440 sec) UpLoad()             Upload complete.
(Aug 14 2017 21:02:52,  847445 sec) chat()               Expected string [cmd>] not received.
(Aug 14 2017 21:02:52,  847445 sec) logout()             Can't get command prompt.
(Aug 14 2017 21:02:54,  847448 sec) logout()             Log-out successful.
(Aug 14 2017 21:02:55,  847449 sec) Telemetry()          Telemetry cycle complete: PrfId=33 ConnectionAttempts=6  Connections=4
(Aug 14 2017 21:02:56,  847449 sec) TelemetryTerminate(  Parsing new mission configuration.
(Aug 14 2017 21:02:58,  847452 sec) configure()          Parsing configurators in "mission.cfg".
(Aug 14 2017 21:03:05,  847458 sec) configure()             TelemetryRetry(15)      [0x7BBC] [TelemetryRetry(15)].
(Aug 14 2017 21:03:05,  847459 sec) configure()          Configuration CRCs and syntax OK.
(Aug 14 2017 21:03:05,  847459 sec) ConfigSupervisor()   Sanity check violated: cfg->PressureCP >= 750
(Aug 14 2017 21:03:05,  847459 sec) ConfigSupervisor()   Configuration accepted.
(Aug 14 2017 21:03:06,  847459 sec) TelemetryTerminate(  Reconditioning the file system.
(Aug 14 2017 21:03:27,      11 sec) DescentInit()        Deep profile 34 initiated at mission-time 847470sec.
(Aug 14 2017 21:03:30,      13 sec) DescentInit()        Surface pressure: -0.3dbars.
(Aug 14 2017 21:03:35,      18 sec) PistonMoveAbsWTO()    195->074 194 193 192 191 190 189 188 187 186 185 184 183 182 181 180 179 178 177 176 175 174 173 172 171 170 169 168 167 166 165 164 163 162 161 160 159 158 157 156 155 154 153 152 151 150 149 148 147 146 145 144 143 142 141 140 139 138 137 136 135 134 133 132 131 130 129 128 127 126 125 124 123 122 121 120 119 118 117 116 115 114 113 112 111 110 109 108 107 106 105 104 103 102 101 100 099 098 097 096 095 094 093 092 091 090 089 088 087 086 085 084 083 082 081 080 079 078 077 076 075 074 [601sec, 14.5Volts, 0.145Amps, CPT:601sec]
(Aug 14 2017 21:13:45,     629 sec) Descent()            Pressure: 50.2
(Aug 14 2017 22:03:20,    3604 sec) Descent()            Pressure: 439.9
(Aug 14 2017 23:03:20,    7204 sec) Descent()            Pressure: 752.4
(Aug 15 2017 00:03:20,   10804 sec) Descent()            Pressure: 930.2
(Aug 15 2017 01:03:20,   14404 sec) Descent()            Pressure: 981.5
(Aug 15 2017 02:03:20,   18004 sec) Descent()            Pressure: 985.9
(Aug 15 2017 02:03:21,   18004 sec) ParkInit()           
(Aug 24 2017 05:03:41,  806424 sec) CtdPower()           [  991.53,  8.6219, 35.3671]
(Aug 24 2017 05:03:41,  806424 sec) CtdPower()           CTD Power consumption [188VCnt 10ACnt]: 14.573Volts * 0.040Amps = 0.59Watts.
(Aug 24 2017 05:03:42,  806425 sec) ParkTerminate()      Piston Position:74 Vacuum:80 Vq:195 Aq:6 Vsbe:188 Asbe:10 Vflbb:185 Aflbb:12
(Aug 24 2017 05:04:18,  806462 sec) ParkTerminate()      PTS/O2,T2,TPhase,RawTemp: 991.5dbars 8.6195C 35.3668PSU / 9.9uM 8.653C 60.233 8.277 635.231
(Aug 24 2017 05:04:19,  806462 sec) ParkTerminate()      FLBB FSig, BbSig, TSig: 59, 130, 564
(Aug 24 2017 05:04:19,  806463 sec) GoDeepInit()         Moving piston.
(Aug 24 2017 05:04:19,  806463 sec) PistonMoveAbsWTO()    074->027 073 072 071 070 069 068 067 066 065 064 063 062 061 060 059 058 057 056 055 054 053 052 051 050 049 048 047 046 045 044 043 042 041 040 039 038 037 036 035 034 033 032 031 030 029 028 027 [237sec, 14.4Volts, 0.093Amps, CPT:838sec]
(Aug 24 2017 10:03:21,  824404 sec) ProfileInit()        PrfId:034  Pressure:1983.3dbar  pTable[1]:1900dbar
(Aug 24 2017 10:03:24,  824407 sec) PistonMoveAbsWTO()    027->049 028 029 030 031 032 [30sec, 13.3Volts, 0.758Amps, CPT:868sec]
(Aug 24 2017 10:04:04,  824447 sec) PistonMoveAbsWTO()    032->049 033 034 035 036 [30sec, 13.3Volts, 0.782Amps, CPT:898sec]
(Aug 24 2017 10:04:44,  824487 sec) PistonMoveAbsWTO()    036->049 037 038 039 040 041 [30sec, 13.2Volts, 0.798Amps, CPT:928sec]
(Aug 24 2017 10:05:24,  824527 sec) PistonMoveAbsWTO()    041->049 042 043 044 045 [30sec, 13.2Volts, 0.774Amps, CPT:958sec]
(Aug 24 2017 10:06:04,  824567 sec) PistonMoveAbsWTO()    045->049 046 047 048 049 [24sec, 13.1Volts, 0.778Amps, CPT:982sec]
(Aug 24 2017 10:18:24,  825307 sec) Profile()            Sample 0 initiated at 1901.5dbars for bin 1 [1900dbars].  PTS/O2,T2,TPhase,RPhase,RawTemp/FSig,BbSig,TSig: 1899.3dbars 3.2623C 34.8461PSU / 101.2uM 3.275C 50.045 8.334 793.631 /   57  114  573
(Aug 24 2017 10:36:39,  826402 sec) Profile()            Sample 1 initiated at 1801.2dbars for bin 2 [1800dbars].  PTS/O2,T2,TPhase,RPhase,RawTemp/FSig,BbSig,TSig: 1799.3dbars 3.5453C 34.8675PSU / 94.3uM 3.556C 50.577 8.347 785.594 /   58  109  573
(Aug 24 2017 10:48:46,  827129 sec) AscentControlAgent(  Bouyancy nudge to 59 (v=0.077dbar/sec).
(Aug 24 2017 10:48:46,  827130 sec) PistonMoveAbsWTO()    049->059 050 051 052 053 [30sec, 13.7Volts, 0.725Amps, CPT:1012sec]
(Aug 24 2017 10:49:27,  827170 sec) PistonMoveAbsWTO()    054->059 055 056 057 058 [30sec, 13.5Volts, 0.681Amps, CPT:1042sec]
(Aug 24 2017 10:50:07,  827210 sec) PistonMoveAbsWTO()    058->059 059 [3sec, 13.5Volts, 0.725Amps, CPT:1045sec]
(Aug 24 2017 10:55:38,  827541 sec) Profile()            Sample 2 initiated at 1701.7dbars for bin 3 [1700dbars].  PTS/O2,T2,TPhase,RPhase,RawTemp/FSig,BbSig,TSig: 1699.4dbars 3.9845C 34.9058PSU / 82.6uM 3.997C 51.559 8.351 772.970 /   57  107  572
(Aug 24 2017 11:13:31,  828614 sec) Profile()            Sample 3 initiated at 1601.5dbars for bin 4 [1600dbars].  PTS/O2,T2,TPhase,RPhase,RawTemp/FSig,BbSig,TSig: 1599.6dbars 4.5362C 34.9550PSU / 69.2uM 4.544C 52.792 8.359 757.179 /   58  113  571
(Aug 24 2017 11:24:18,  829261 sec) AscentControlAgent(  Bouyancy nudge to 69 (v=0.078dbar/sec).
(Aug 24 2017 11:24:18,  829262 sec) PistonMoveAbsWTO()    059->069 060 061 062 063 064 [30sec, 13.9Volts, 0.645Amps, CPT:1075sec]
(Aug 24 2017 11:24:59,  829302 sec) PistonMoveAbsWTO()    064->069 065 066 067 068 [30sec, 13.6Volts, 0.649Amps, CPT:1105sec]
(Aug 24 2017 11:27:09,  829432 sec) PistonMoveAbsWTO()    069->069 [0sec, 0.0Volts, 0.000Amps, CPT:1105sec]
(Aug 24 2017 11:31:12,  829675 sec) PistonMoveAbsWTO()    069->069 [0sec, 0.0Volts, 0.000Amps, CPT:1105sec]
(Aug 24 2017 11:32:09,  829732 sec) Profile()            Sample 4 initiated at 1501.8dbars for bin 5 [1500dbars].  PTS/O2,T2,TPhase,RPhase,RawTemp/FSig,BbSig,TSig: 1499.5dbars 5.1798C 35.0146PSU / 54.2uM 5.191C 54.343 8.371 738.383 /   59  113  570
(Aug 24 2017 11:34:42,  829885 sec) PistonMoveAbsWTO()    069->069 [0sec, 0.0Volts, 0.000Amps, CPT:1105sec]
(Aug 24 2017 11:44:27,  830470 sec) PistonMoveAbsWTO()    069->069 [1sec, 0.0Volts, 0.000Amps, CPT:1106sec]
(Aug 24 2017 11:49:34,  830777 sec) Profile()            Sample 5 initiated at 1401.7dbars for bin 6 [1400dbars].  PTS/O2,T2,TPhase,RPhase,RawTemp/FSig,BbSig,TSig: 1399.8dbars 5.8007C 35.0735PSU / 41.8uM 5.816C 55.771 8.379 720.081 /   59  112  569
(Aug 24 2017 11:54:49,  831092 sec) PistonMoveAbsWTO()    069->069 [0sec, 0.0Volts, 0.000Amps, CPT:1106sec]
(Aug 24 2017 12:00:06,  831409 sec) Profile()            Sample 6 initiated at 1351.4dbars for bin 7 [1350dbars].  PTS/O2,T2,TPhase,RPhase,RawTemp/FSig,BbSig,TSig: 1349.8dbars 6.1376C 35.1062PSU / 36.4uM 6.151C 56.423 8.383 710.189 /   58  115  569
(Aug 24 2017 12:00:08,  831412 sec) AscentControlAgent(  Bouyancy nudge to 79 (v=0.076dbar/sec).
(Aug 24 2017 12:00:09,  831412 sec) PistonMoveAbsWTO()    069->079 070 071 072 073 [30sec, 14.0Volts, 0.572Amps, CPT:1136sec]
(Aug 24 2017 12:00:49,  831452 sec) PistonMoveAbsWTO()    073->079 074 075 076 077 078 [30sec, 13.7Volts, 0.568Amps, CPT:1166sec]
(Aug 24 2017 12:01:29,  831492 sec) PistonMoveAbsWTO()    078->079 079 [1sec, 13.8Volts, 0.588Amps, CPT:1167sec]
(Aug 24 2017 12:08:39,  831922 sec) Profile()            Sample 7 initiated at 1301.8dbars for bin 8 [1300dbars].  PTS/O2,T2,TPhase,RPhase,RawTemp/FSig,BbSig,TSig: 1299.6dbars 6.4615C 35.1383PSU / 32.1uM 6.475C 56.968 8.385 700.605 /   59  114  568
(Aug 24 2017 12:17:30,  832453 sec) Profile()            Sample 8 initiated at 1251.6dbars for bin 9 [1250dbars].  PTS/O2,T2,TPhase,RPhase,RawTemp/FSig,BbSig,TSig: 1249.6dbars 6.8040C 35.1741PSU / 27.9uM 6.818C 57.522 8.388 690.406 /   57  114  568
(Aug 24 2017 12:27:01,  833024 sec) Profile()            Sample 9 initiated at 1201.6dbars for bin 10 [1200dbars].  PTS/O2,T2,TPhase,RPhase,RawTemp/FSig,BbSig,TSig: 1199.7dbars 7.1306C 35.2072PSU / 24.4uM 7.148C 58.001 8.389 680.570 /   57  113  567
(Aug 24 2017 12:35:46,  833549 sec) AscentControlAgent(  Bouyancy nudge to 89 (v=0.075dbar/sec).
(Aug 24 2017 12:35:46,  833550 sec) PistonMoveAbsWTO()    079->089 080 081 082 083 084 [30sec, 14.0Volts, 0.540Amps, CPT:1197sec]
(Aug 24 2017 12:36:27,  833590 sec) PistonMoveAbsWTO()    084->089 085 086 087 088 089 [28sec, 13.9Volts, 0.512Amps, CPT:1225sec]
(Aug 24 2017 12:37:41,  833664 sec) Profile()            Sample 10 initiated at 1151.0dbars for bin 11 [1150dbars].  PTS/O2,T2,TPhase,RPhase,RawTemp/FSig,BbSig,TSig: 1148.7dbars 7.4939C 35.2435PSU / 19.5uM 7.512C 58.715 8.391 669.670 /   59  112  567
(Aug 24 2017 12:46:00,  834163 sec) Profile()            Sample 11 initiated at 1101.5dbars for bin 12 [1100dbars].  PTS/O2,T2,TPhase,RPhase,RawTemp/FSig,BbSig,TSig: 1099.3dbars 7.8972C 35.2913PSU / 16.4uM 7.925C 59.179 8.394 657.248 /   57  122  566
(Aug 24 2017 12:54:51,  834694 sec) Profile()            Sample 12 initiated at 1051.9dbars for bin 13 [1050dbars].  PTS/O2,T2,TPhase,RPhase,RawTemp/FSig,BbSig,TSig: 1049.9dbars 8.2518C 35.3279PSU / 12.9uM 8.274C 59.737 8.394 646.733 /   58  112  565
(Aug 24 2017 13:04:12,  835255 sec) Profile()            Sample 13 initiated at 1001.3dbars for bin 14 [1000dbars].  PTS/O2,T2,TPhase,RPhase,RawTemp/FSig,BbSig,TSig: 999.4dbars 8.7290C 35.3807PSU / 10.6uM 8.745C 60.097 8.397 632.438 /   59  252  565
(Aug 24 2017 13:16:35,  835998 sec) AscentControlAgent(  Bouyancy nudge to 99 (v=0.078dbar/sec).
(Aug 24 2017 13:16:35,  835999 sec) PistonMoveAbsWTO()    089->099 090 091 092 093 094 [30sec, 14.1Volts, 0.451Amps, CPT:1255sec]
(Aug 24 2017 13:17:16,  836039 sec) PistonMoveAbsWTO()    094->099 095 096 097 098 099 [27sec, 14.0Volts, 0.435Amps, CPT:1282sec]
(Aug 24 2017 13:23:21,  836404 sec) Profile()            Sample 15 initiated at 901.7dbars for bin 16 [900dbars].  PTS/O2,T2,TPhase,RPhase,RawTemp/FSig,BbSig,TSig: 899.6dbars 9.3960C 35.4486PSU / 6.8uM 9.425C 60.735 8.408 611.670 /   58  113  563
(Aug 24 2017 13:52:32,  838155 sec) AscentControlAgent(  Bouyancy nudge to 109 (v=0.080dbar/sec).
(Aug 24 2017 13:52:32,  838156 sec) PistonMoveAbsWTO()    099->109 100 101 102 103 104 [30sec, 14.2Volts, 0.387Amps, CPT:1312sec]
(Aug 24 2017 13:53:13,  838196 sec) PistonMoveAbsWTO()    104->109 105 106 107 108 109 [25sec, 14.1Volts, 0.395Amps, CPT:1337sec]
(Aug 24 2017 14:01:07,  838670 sec) Profile()            Sample 19 initiated at 701.8dbars for bin 20 [700dbars].  PTS/O2,T2,TPhase,RPhase,RawTemp/FSig,BbSig,TSig: 699.7dbars 10.8997C 35.5715PSU / 2.6uM 10.931C 61.444 8.464 565.218 /   58  120  561
(Aug 24 2017 14:18:02,  839685 sec) AscentControlAgent(  Bouyancy nudge to 119 (v=0.079dbar/sec).
(Aug 24 2017 14:18:02,  839686 sec) PistonMoveAbsWTO()    109->119 110 111 112 113 114 [30sec, 14.3Volts, 0.338Amps, CPT:1367sec]
(Aug 24 2017 14:18:43,  839726 sec) PistonMoveAbsWTO()    114->119 115 116 117 118 119 [25sec, 14.2Volts, 0.342Amps, CPT:1392sec]
(Aug 24 2017 14:37:12,  840835 sec) Profile()            Sample 23 initiated at 501.3dbars for bin 24 [500dbars].  PTS/O2,T2,TPhase,RPhase,RawTemp/FSig,BbSig,TSig: 499.2dbars 12.5518C 35.7060PSU / 1.3uM 12.587C 61.606 8.552 513.364 /   58  118  559
(Aug 24 2017 14:38:46,  840929 sec) Sbe41cpStartCP()     Continuous profile started.
(Aug 24 2017 15:04:12,  842455 sec) AscentControlAgent(  Bouyancy nudge to 129 (v=0.074dbar/sec).
(Aug 24 2017 15:04:12,  842456 sec) PistonMoveAbsWTO()    119->129 120 121 122 123 124 [30sec, 14.3Volts, 0.274Amps, CPT:1422sec]
(Aug 24 2017 15:04:53,  842497 sec) PistonMoveAbsWTO()    124->129 125 126 127 128 129 [23sec, 14.2Volts, 0.274Amps, CPT:1445sec]
(Aug 24 2017 15:09:46,  842790 sec) Profile()            Sample 27 initiated at 331.8dbars for bin 28 [330dbars].  PTS/O2,T2,TPhase,RPhase,RawTemp/FSig,BbSig,TSig: 331.5dbars 13.7735C 35.6937PSU / 1.1uM 13.810C 61.538 8.557 474.623 /   61  156  557
(Aug 24 2017 15:14:23,  843066 sec) AscentControlAgent(  Bouyancy nudge to 139 (v=0.079dbar/sec).
(Aug 24 2017 15:14:23,  843067 sec) PistonMoveAbsWTO()    129->139 130 131 132 133 134 [30sec, 14.3Volts, 0.262Amps, CPT:1475sec]
(Aug 24 2017 15:15:04,  843108 sec) PistonMoveAbsWTO()    134->139 135 136 137 138 139 [23sec, 14.2Volts, 0.262Amps, CPT:1498sec]
(Aug 24 2017 15:25:28,  843732 sec) Profile()            Sample 31 initiated at 241.5dbars for bin 32 [240dbars].  PTS/O2,T2,TPhase,RPhase,RawTemp/FSig,BbSig,TSig: 241.2dbars 16.1515C 35.8763PSU / 1.0uM 16.174C 61.383 8.718 398.849 /   58  168  554
(Aug 24 2017 15:34:38,  844281 sec) AscentControlAgent(  Bouyancy nudge to 149 (v=0.073dbar/sec).


(Aug 24 2017 15:34:38) LogSize()            Log file is 38948 bytes.  Limit is 40960 bytes.

(Aug 24 2017 15:34:38,  844282 sec) PistonMoveAbsWTO()    139->149 140 141 142 143 144 [30sec, 14.3Volts, 0.226Amps, CPT:1528sec]
(Aug 24 2017 15:35:19,  844323 sec) PistonMoveAbsWTO()    144->149 145 146 147 148 149 [22sec, 14.3Volts, 0.226Amps, CPT:1550sec]
(Aug 24 2017 15:37:53,  844477 sec) Profile()            Sample 35 initiated at 181.5dbars for bin 36 [180dbars].  PTS/O2,T2,TPhase,RPhase,RawTemp/FSig,BbSig,TSig: 181.2dbars 18.6741C 35.8243PSU / 0.9uM 18.705C 61.219 8.808 316.787 /   56  121  551
(Aug 24 2017 15:39:53,  844596 sec) AscentControlAgent(  Bouyancy nudge to 159 (v=0.079dbar/sec).
(Aug 24 2017 15:39:53,  844597 sec) PistonMoveAbsWTO()    149->159 150 151 152 153 154 [30sec, 14.3Volts, 0.214Amps, CPT:1580sec]
(Aug 24 2017 15:40:34,  844638 sec) PistonMoveAbsWTO()    154->159 155 156 157 158 159 [22sec, 14.3Volts, 0.218Amps, CPT:1602sec]
(Aug 24 2017 15:45:46,  844950 sec) Profile()            Sample 39 initiated at 142.0dbars for bin 40 [140dbars].  PTS/O2,T2,TPhase,RPhase,RawTemp/FSig,BbSig,TSig: 141.8dbars 21.2732C 36.0452PSU / 22.1uM 21.277C 55.151 8.833 232.886 /   54  120  548
(Aug 24 2017 15:50:01,  845204 sec) AscentControlAgent(  Bouyancy nudge to 169 (v=0.078dbar/sec).
(Aug 24 2017 15:50:01,  845205 sec) PistonMoveAbsWTO()    159->169 160 161 162 163 164 [30sec, 14.3Volts, 0.210Amps, CPT:1632sec]
(Aug 24 2017 15:50:42,  845246 sec) PistonMoveAbsWTO()    164->169 165 166 167 168 169 [21sec, 14.3Volts, 0.205Amps, CPT:1653sec]
(Aug 24 2017 15:53:55,  845439 sec) Profile()            Sample 43 initiated at 102.0dbars for bin 44 [100dbars].  PTS/O2,T2,TPhase,RPhase,RawTemp/FSig,BbSig,TSig: 101.7dbars 24.0894C 36.4201PSU / 110.0uM 24.097C 39.612 8.964 141.015 /   58  124  544

<EOT>
