(Oct 14 2021 21:42:37,  856601 sec) TelemetryInit()      Profile 222. (Apf9i FwRev: 061016)
(Oct 14 2021 21:49:35,  857018 sec) AirSystem()          Battery [186cnt, 14.4V]  Current [74cnt, 298.2mA]  Barometer [126cnt, 6.5"Hg]  Run-Time [48s]
(Oct 14 2021 21:50:36,  857079 sec) GetSurfaceObs()      P/O2,T2,TPhase,RPhase,RawTemp/FSig,BbSig,TSig: -0.7dbars / 229.8uM 27.158C 29.528 8.984 42.187 / 63,180,532
(Oct 14 2021 21:50:44,  857088 sec) GpsServices()        GPS almanac is current.
(Oct 14 2021 21:50:44,  857088 sec) GpsServices()        Initiating GPS fix acquisition.
(Oct 14 2021 21:51:04,  857107 sec) gga()                $GPGGA,215040,1829.5626,N,06426.7362,E,0,00,,,M,,M,,*5C
(Oct 14 2021 21:51:17,  857120 sec) gga()                $GPGGA,215100,1829.5626,N,06426.7362,E,0,00,,,M,,M,,*59
(Oct 14 2021 21:51:28,  857131 sec) gga()                $GPGGA,215100,1829.5626,N,06426.7362,E,0,00,,,M,,M,,*59
(Oct 14 2021 21:51:39,  857142 sec) gga()                $GPGGA,215110,1829.5626,N,06426.7362,E,0,00,,,M,,M,,*58
(Oct 14 2021 21:51:42,  857146 sec) gga()                $GPGGA,215120,1837.4929,N,06400.7544,E,6,05,1.3,3.0,M,-55.7,M,,*65
(Oct 14 2021 21:52:25,  857189 sec) gga()                $GPGGA,215130,1837.4941,N,06400.7535,E,1,06,1.4,2.4,M,-55.7,M,,*6A
(Oct 14 2021 21:52:25,  857189 sec) GpsServices()        Profile 222 GPS fix obtained in 101 seconds.
(Oct 14 2021 21:52:26,  857189 sec) GpsServices()                  lon     lat mm/dd/yyyy hhmmss nsat
(Oct 14 2021 21:52:26,  857189 sec) GpsServices()        Fix:   64.013  18.625 10/14/2021 215130    6
(Oct 14 2021 21:53:18,  857242 sec) gga()                $GPGGA,215230,1837.5033,N,06400.7522,E,1,07,1.0,-0.8,M,-55.7,M,,*44
(Oct 14 2021 21:53:26,  857249 sec) GpsServices()        Apf9 RTC skew check aborted.
(Oct 14 2021 21:53:26,  857250 sec) GpsServices()        GPS services complete.
(Oct 14 2021 21:54:00,  857284 sec) CLogin()             Connecting to primary host.
(Oct 14 2021 21:54:14,  857297 sec) CLogin()             Connection 1 established in 14 seconds.
(Oct 14 2021 21:54:45,  857328 sec) expect()             Attempt to read prompt string [Last login:] failed.
(Oct 14 2021 21:54:45,  857328 sec) login()              Login failed.
(Oct 14 2021 21:55:15,  857358 sec) expect()             Attempt to read prompt string [login:] failed.
(Oct 14 2021 21:55:15,  857358 sec) login()              Login prompt not received.
(Oct 14 2021 21:55:26,  857370 sec) CLogin()             Connection 2 established in 86 seconds.
(Oct 14 2021 21:55:58,  857401 sec) expect()             Attempt to read prompt string [Last login:] failed.
(Oct 14 2021 21:55:58,  857401 sec) login()              Login failed.
(Oct 14 2021 21:56:28,  857431 sec) expect()             Attempt to read prompt string [login:] failed.
(Oct 14 2021 21:56:28,  857431 sec) login()              Login prompt not received.
(Oct 14 2021 21:56:28,  857431 sec) CLogin()             Attempt to connect to primary host failed after 2 tries.  Connecting to alternate host.
(Oct 14 2021 21:57:29,  857492 sec) chat()               Expected string [CONNECT] not received.
(Oct 14 2021 21:57:29,  857492 sec) modem_connect()      Modem command [ATDT0013014291790] failed.
(Oct 14 2021 21:57:29,  857492 sec) connect()            Connection attempt failed.
(Oct 14 2021 21:58:30,  857553 sec) chat()               Expected string [CONNECT] not received.
(Oct 14 2021 21:58:30,  857553 sec) modem_connect()      Modem command [ATDT0013014291790] failed.
(Oct 14 2021 21:58:30,  857553 sec) connect()            Connection attempt failed.
(Oct 14 2021 21:58:30,  857554 sec) CLogin()             Attempt to connect to primary and alternate hosts failed - aborting.
(Oct 14 2021 21:58:31,  857554 sec) DownLoadMissionCfg(  Connect/login failed.  Mission configuration not downloaded from remote host.
(Oct 14 2021 21:58:37,  857560 sec) CLogin()             Connecting to primary host.
(Oct 14 2021 21:58:56,  857580 sec) CLogin()             Connection 3 established in 20 seconds.
(Oct 14 2021 21:59:33,  857616 sec) expect()             Attempt to read prompt string [Last login:] failed.
(Oct 14 2021 21:59:33,  857616 sec) login()              Login failed.
(Oct 14 2021 22:00:03,  857646 sec) expect()             Attempt to read prompt string [login:] failed.
(Oct 14 2021 22:00:03,  857646 sec) login()              Login prompt not received.
(Oct 14 2021 22:00:23,  857667 sec) CLogin()             Connection 4 established in 107 seconds.
(Oct 14 2021 22:00:59,  857702 sec) expect()             Attempt to read prompt string [Last login:] failed.
(Oct 14 2021 22:00:59,  857702 sec) login()              Login failed.
(Oct 14 2021 22:01:54,  857757 sec) expect()             Attempt to read prompt string [Password:] failed.
(Oct 14 2021 22:01:54,  857757 sec) login()              Password prompt not received.
(Oct 14 2021 22:01:54,  857757 sec) CLogin()             Attempt to connect to primary host failed after 2 tries.  Connecting to alternate host.
(Oct 14 2021 22:02:55,  857818 sec) chat()               Expected string [CONNECT] not received.
(Oct 14 2021 22:02:55,  857818 sec) modem_connect()      Modem command [ATDT0013014291790] failed.
(Oct 14 2021 22:02:55,  857818 sec) connect()            Connection attempt failed.
(Oct 14 2021 22:03:56,  857879 sec) chat()               Expected string [CONNECT] not received.
(Oct 14 2021 22:03:56,  857879 sec) modem_connect()      Modem command [ATDT0013014291790] failed.
(Oct 14 2021 22:03:56,  857879 sec) connect()            Connection attempt failed.
(Oct 14 2021 22:03:56,  857880 sec) CLogin()             Attempt to connect to primary and alternate hosts failed - aborting.
(Oct 14 2021 22:03:57,  857880 sec) DownLoadMissionCfg(  Connect/login failed.  Mission configuration not downloaded from remote host.
(Oct 14 2021 22:03:57,  857880 sec) DownLoadMissionCfg(  Aborting download: Retry limit [2] exceeded.
(Oct 14 2021 22:03:57,  857881 sec) WriteVitals()        Writing vitals to "7827.222.msg".
(Oct 14 2021 22:04:04,  857888 sec) CLogin()             Connecting to primary host.
(Oct 14 2021 22:04:23,  857907 sec) CLogin()             Connection 5 established in 19 seconds.
(Oct 14 2021 22:04:55,  857938 sec) expect()             Attempt to read prompt string [Last login:] failed.
(Oct 14 2021 22:04:55,  857938 sec) login()              Login failed.
(Oct 14 2021 22:05:25,  857968 sec) expect()             Attempt to read prompt string [login:] failed.
(Oct 14 2021 22:05:25,  857968 sec) login()              Login prompt not received.
(Oct 14 2021 22:05:40,  857983 sec) CLogin()             Connection 6 established in 96 seconds.
(Oct 14 2021 22:05:50,  857994 sec) login()              Login successful.
(Oct 14 2021 22:05:54,  857997 sec) CLogin()             Logged in to host.  [Login required 14 seconds]
(Oct 14 2021 22:06:03,  858007 sec) UpLoadFile()         Uploading "7827.222.msg" to host as "7827.222.msg".
(Oct 14 2021 22:06:07,  858011 sec) Tx()                 CRC negotiation successful. [16-bit CRC]
(Oct 14 2021 22:07:53,  858117 sec) TxPacket()           NAK received - resending packet. [PktNum=0x0f]
(Oct 14 2021 22:07:53,  858117 sec) TxPacket()           Packet xmit history: [00000001] (0:ok, 1:fail).
(Oct 14 2021 22:08:17,  858141 sec) TxPacket()           NAK received - resending packet. [PktNum=0x12]
(Oct 14 2021 22:08:17,  858141 sec) TxPacket()           Packet xmit history: [00010001] (0:ok, 1:fail).
(Oct 14 2021 22:10:17,  858261 sec) Tx()                 Transmission completed successfully [36 packets, 36861 bytes, 248 sec, 148.6 bps]
(Oct 14 2021 22:10:17,  858261 sec) UpLoadFile()         Upload successful.
(Oct 14 2021 22:10:24,  858268 sec) UpLoadFile()         Uploading "7827.222.log" to host as "7827.222.log".
(Oct 14 2021 22:10:28,  858271 sec) Tx()                 CRC negotiation successful. [16-bit CRC]
(Oct 14 2021 22:12:43,  858407 sec) Tx()                 Transmission completed successfully [22 packets, 21573 bytes, 134 sec, 168.1 bps]
(Oct 14 2021 22:12:43,  858407 sec) UpLoadFile()         Upload successful.
(Oct 14 2021 22:12:54,  858417 sec) UpLoad()             Files successfully uploaded: 2
(Oct 14 2021 22:12:54,  858417 sec) UpLoad()             Upload complete.
(Oct 14 2021 22:12:57,  858420 sec) logout()             Log-out successful.
(Oct 14 2021 22:12:58,  858422 sec) Telemetry()          Telemetry cycle complete: PrfId=222 ConnectionAttempts=10  Connections=6
(Oct 14 2021 22:12:59,  858422 sec) TelemetryTerminate(  By-passing mission configuration.
(Oct 14 2021 22:12:59,  858422 sec) TelemetryTerminate(  Reconditioning the file system.
(Oct 14 2021 22:13:15,      12 sec) DescentInit()        Deep profile 223 initiated at mission-time 858427sec.
(Oct 14 2021 22:13:17,      14 sec) DescentInit()        Surface pressure: -0.7dbars.
(Oct 14 2021 22:13:22,      19 sec) PistonMoveAbsWTO()    207->077 206 205 204 203 202 201 200 199 198 197 196 195 194 193 192 191 190 189 188 187 186 185 184 183 182 181 180 179 178 177 176 175 174 173 172 171 170 169 168 167 166 165 164 163 162 161 160 159 158 157 156 155 154 153 152 151 150 149 148 147 146 145 144 143 142 141 140 139 138 137 136 135 134 133 132 131 130 129 128 127 126 125 124 123 122 121 120 119 118 117 116 115 114 113 112 111 110 109 108 107 106 105 104 103 102 101 100 099 098 097 096 095 094 093 092 091 090 089 088 087 086 085 084 083 082 081 080 079 078 077 [661sec, 14.2Volts, 0.161Amps, CPT:661sec]
(Oct 14 2021 22:24:33,     690 sec) Descent()            Pressure: 55.9
(Oct 14 2021 23:13:07,    3604 sec) Descent()            Pressure: 440.7
(Oct 15 2021 00:13:07,    7204 sec) Descent()            Pressure: 761.6
(Oct 15 2021 01:13:07,   10804 sec) Descent()            Pressure: 935.0
(Oct 15 2021 02:13:07,   14404 sec) Descent()            Pressure: 972.6
(Oct 15 2021 03:13:07,   18004 sec) Descent()            Pressure: 977.8
(Oct 15 2021 03:13:07,   18004 sec) ParkInit()           
(Oct 15 2021 05:13:13,   25210 sec) Park()               ParkPOutOfBand[-3, 978.9 dbars]: retract piston.
(Oct 15 2021 05:13:14,   25211 sec) PistonMoveAbsWTO()    077->076 076 [4sec, 14.1Volts, 0.097Amps, CPT:665sec]
(Oct 24 2021 11:30:18,  825435 sec) CtdPower()           [ 1002.20,  8.8045, 35.8766]
(Oct 24 2021 11:30:19,  825435 sec) CtdPower()           CTD Power consumption [176VCnt 9ACnt]: 13.643Volts * 0.036Amps = 0.49Watts.
(Oct 24 2021 11:30:19,  825436 sec) ParkTerminate()      Piston Position:76 Vacuum:79 Vq:192 Aq:5 Vsbe:176 Asbe:9 Vflbb:178 Aflbb:12
(Oct 24 2021 11:30:56,  825473 sec) ParkTerminate()      PTS/O2,T2,TPhase,RawTemp: 1002.4dbars 8.8018C 35.8815PSU / 6.9uM 8.833C 60.785 8.228 629.767
(Oct 24 2021 11:30:56,  825473 sec) ParkTerminate()      FLBB FSig, BbSig, TSig: 57, 113, 564
(Oct 24 2021 11:30:57,  825474 sec) GoDeepInit()         Moving piston.
(Oct 24 2021 11:30:57,  825474 sec) PistonMoveAbsWTO()    076->029 075 074 073 072 071 070 069 068 067 066 065 064 063 062 061 060 059 058 057 056 055 054 053 052 051 050 049 048 047 046 045 044 043 042 041 040 039 038 037 036 035 034 033 032 031 030 029 [242sec, 14.0Volts, 0.093Amps, CPT:907sec]
(Oct 24 2021 16:29:58,  843415 sec) ProfileInit()        PrfId:223  Pressure:1989.4dbar  pTable[1]:1900dbar
(Oct 24 2021 16:31:24,  843501 sec) Sbe41cpStartCP()     Continuous profile started.
(Oct 24 2021 16:31:25,  843502 sec) PistonMoveAbsWTO()    029->051 030 031 032 033 [30sec, 12.0Volts, 0.790Amps, CPT:937sec]
(Oct 24 2021 16:32:06,  843543 sec) PistonMoveAbsWTO()    033->051 034 035 036 037 [30sec, 11.9Volts, 0.790Amps, CPT:967sec]
(Oct 24 2021 16:32:46,  843583 sec) PistonMoveAbsWTO()    037->051 038 039 040 041 [30sec, 11.8Volts, 0.818Amps, CPT:997sec]
(Oct 24 2021 16:33:26,  843623 sec) PistonMoveAbsWTO()    041->051 042 043 044 045 [30sec, 11.8Volts, 0.794Amps, CPT:1027sec]
(Oct 24 2021 16:34:06,  843663 sec) PistonMoveAbsWTO()    045->051 046 047 048 049 [30sec, 11.7Volts, 0.830Amps, CPT:1057sec]
(Oct 24 2021 16:34:46,  843703 sec) PistonMoveAbsWTO()    049->051 050 051 [11sec, 11.8Volts, 0.786Amps, CPT:1068sec]
(Oct 24 2021 16:47:04,  844441 sec) Profile()            Sample 0 initiated at 1901.4dbars for bin 1 [1900dbars].  PTS/O2,T2,TPhase,RPhase,RawTemp/FSig,BbSig,TSig: 1901.1dbars 3.5124C 35.3427PSU / 90.1uM 3.523C 51.005 8.291 786.560 /   58  109  573
(Oct 24 2021 17:05:58,  845575 sec) Profile()            Sample 1 initiated at 1801.5dbars for bin 2 [1800dbars].  PTS/O2,T2,TPhase,RPhase,RawTemp/FSig,BbSig,TSig: 1801.3dbars 3.8475C 35.3692PSU / 82.4uM 3.859C 51.641 8.300 776.917 /   57  108  572
(Oct 24 2021 17:10:30,  845847 sec) AscentControlAgent(  Bouyancy nudge to 61 (v=0.078dbar/sec).
(Oct 24 2021 17:10:31,  845848 sec) PistonMoveAbsWTO()    051->061 052 053 054 055 [30sec, 12.9Volts, 0.749Amps, CPT:1098sec]
(Oct 24 2021 17:11:12,  845888 sec) PistonMoveAbsWTO()    055->061 056 057 058 059 060 [30sec, 12.7Volts, 0.721Amps, CPT:1128sec]
(Oct 24 2021 17:11:52,  845928 sec) PistonMoveAbsWTO()    060->061 061 [7sec, 12.6Volts, 0.729Amps, CPT:1135sec]
(Oct 24 2021 17:23:18,  846615 sec) Profile()            Sample 2 initiated at 1701.1dbars for bin 3 [1700dbars].  PTS/O2,T2,TPhase,RPhase,RawTemp/FSig,BbSig,TSig: 1700.8dbars 4.2698C 35.4069PSU / 70.6uM 4.281C 52.735 8.306 764.797 /   58  112  572
(Oct 24 2021 17:40:20,  847636 sec) Profile()            Sample 3 initiated at 1601.7dbars for bin 4 [1600dbars].  PTS/O2,T2,TPhase,RPhase,RawTemp/FSig,BbSig,TSig: 1601.4dbars 4.7366C 35.4505PSU / 58.1uM 4.746C 54.012 8.313 751.322 /   56  114  571
(Oct 24 2021 17:45:54,  847971 sec) AscentControlAgent(  Bouyancy nudge to 71 (v=0.077dbar/sec).
(Oct 24 2021 17:45:55,  847971 sec) PistonMoveAbsWTO()    061->071 062 063 064 065 [30sec, 13.2Volts, 0.641Amps, CPT:1165sec]
(Oct 24 2021 17:46:35,  848011 sec) PistonMoveAbsWTO()    065->071 066 067 068 069 070 [30sec, 12.9Volts, 0.665Amps, CPT:1195sec]
(Oct 24 2021 17:47:15,  848051 sec) PistonMoveAbsWTO()    070->071 071 [6sec, 12.8Volts, 0.641Amps, CPT:1201sec]
(Oct 24 2021 17:59:40,  848796 sec) Profile()            Sample 4 initiated at 1501.9dbars for bin 5 [1500dbars].  PTS/O2,T2,TPhase,RPhase,RawTemp/FSig,BbSig,TSig: 1501.7dbars 5.3896C 35.5086PSU / 45.1uM 5.402C 55.437 8.320 732.217 /   58  112  570
(Oct 24 2021 18:18:44,  849940 sec) Profile()            Sample 5 initiated at 1401.2dbars for bin 6 [1400dbars].  PTS/O2,T2,TPhase,RPhase,RawTemp/FSig,BbSig,TSig: 1400.9dbars 6.0322C 35.5673PSU / 34.5uM 6.044C 56.733 8.327 713.357 /   59  111  569
(Oct 24 2021 18:28:04,  850500 sec) Profile()            Sample 6 initiated at 1351.7dbars for bin 7 [1350dbars].  PTS/O2,T2,TPhase,RPhase,RawTemp/FSig,BbSig,TSig: 1351.5dbars 6.2651C 35.5895PSU / 30.7uM 6.280C 57.221 8.329 706.389 /   58  113  568
(Oct 24 2021 18:36:38,  851015 sec) AscentControlAgent(  Bouyancy nudge to 81 (v=0.075dbar/sec).
(Oct 24 2021 18:36:39,  851015 sec) PistonMoveAbsWTO()    071->081 072 073 074 075 [30sec, 13.3Volts, 0.564Amps, CPT:1231sec]
(Oct 24 2021 18:37:18,  851055 sec) PistonMoveAbsWTO()    075->081 076 077 078 079 080 [30sec, 13.1Volts, 0.592Amps, CPT:1261sec]
(Oct 24 2021 18:37:58,  851095 sec) PistonMoveAbsWTO()    080->081 081 [3sec, 12.9Volts, 0.560Amps, CPT:1264sec]
(Oct 24 2021 18:38:37,  851133 sec) Profile()            Sample 7 initiated at 1301.3dbars for bin 8 [1300dbars].  PTS/O2,T2,TPhase,RPhase,RawTemp/FSig,BbSig,TSig: 1301.0dbars 6.5424C 35.6170PSU / 27.2uM 6.556C 57.695 8.329 698.193 /   58  114  568
(Oct 24 2021 18:47:37,  851673 sec) Profile()            Sample 8 initiated at 1251.6dbars for bin 9 [1250dbars].  PTS/O2,T2,TPhase,RPhase,RawTemp/FSig,BbSig,TSig: 1251.3dbars 6.8828C 35.6527PSU / 23.7uM 6.898C 58.164 8.330 688.033 /   58  115  568
(Oct 24 2021 18:57:36,  852273 sec) Profile()            Sample 9 initiated at 1201.8dbars for bin 10 [1200dbars].  PTS/O2,T2,TPhase,RPhase,RawTemp/FSig,BbSig,TSig: 1201.5dbars 7.1661C 35.6790PSU / 20.2uM 7.182C 58.672 8.328 679.552 /   59  113  567
(Oct 24 2021 19:07:56,  852893 sec) Profile()            Sample 10 initiated at 1151.3dbars for bin 11 [1150dbars].  PTS/O2,T2,TPhase,RPhase,RawTemp/FSig,BbSig,TSig: 1151.1dbars 7.5203C 35.7165PSU / 16.3uM 7.539C 59.253 8.330 668.860 /   59  113  567
(Oct 24 2021 19:12:09,  853146 sec) AscentControlAgent(  Bouyancy nudge to 91 (v=0.079dbar/sec).
(Oct 24 2021 19:12:09,  853146 sec) PistonMoveAbsWTO()    081->091 082 083 084 085 [30sec, 13.4Volts, 0.516Amps, CPT:1294sec]
(Oct 24 2021 19:12:49,  853186 sec) PistonMoveAbsWTO()    086->091 087 088 089 090 [30sec, 13.3Volts, 0.504Amps, CPT:1324sec]
(Oct 24 2021 19:13:29,  853226 sec) PistonMoveAbsWTO()    090->091 091 [2sec, 13.0Volts, 0.532Amps, CPT:1326sec]
(Oct 24 2021 19:17:16,  853453 sec) Profile()            Sample 11 initiated at 1101.0dbars for bin 12 [1100dbars].  PTS/O2,T2,TPhase,RPhase,RawTemp/FSig,BbSig,TSig: 1100.7dbars 7.8972C 35.7577PSU / 13.3uM 7.915C 59.717 8.329 657.574 /   58  115  566
(Oct 24 2021 19:25:56,  853973 sec) Profile()            Sample 12 initiated at 1051.3dbars for bin 13 [1050dbars].  PTS/O2,T2,TPhase,RPhase,RawTemp/FSig,BbSig,TSig: 1051.0dbars 8.2972C 35.7994PSU / 10.1uM 8.313C 60.245 8.328 645.534 /   60  117  566
(Oct 24 2021 19:35:46,  854563 sec) Profile()            Sample 13 initiated at 1001.7dbars for bin 14 [1000dbars].  PTS/O2,T2,TPhase,RPhase,RawTemp/FSig,BbSig,TSig: 1001.5dbars 8.7445C 35.8549PSU / 7.7uM 8.766C 60.640 8.331 631.786 /   59  114  565
(Oct 24 2021 19:42:41,  854978 sec) AscentControlAgent(  Bouyancy nudge to 101 (v=0.078dbar/sec).
(Oct 24 2021 19:42:41,  854978 sec) PistonMoveAbsWTO()    091->101 092 093 094 095 096 [30sec, 13.5Volts, 0.471Amps, CPT:1356sec]
(Oct 24 2021 19:43:21,  855018 sec) PistonMoveAbsWTO()    096->101 097 098 099 100 101 [30sec, 13.3Volts, 0.475Amps, CPT:1386sec]
(Oct 24 2021 19:54:05,  855662 sec) Profile()            Sample 15 initiated at 901.4dbars for bin 16 [900dbars].  PTS/O2,T2,TPhase,RPhase,RawTemp/FSig,BbSig,TSig: 901.1dbars 9.6200C 35.9510PSU / 3.8uM 9.646C 61.313 8.352 604.913 /   57  116  563
(Oct 24 2021 20:23:23,  857420 sec) AscentControlAgent(  Bouyancy nudge to 111 (v=0.077dbar/sec).
(Oct 24 2021 20:23:23,  857420 sec) PistonMoveAbsWTO()    101->111 102 103 104 105 106 [30sec, 13.6Volts, 0.387Amps, CPT:1416sec]
(Oct 24 2021 20:24:03,  857460 sec) PistonMoveAbsWTO()    106->111 107 108 109 110 111 [28sec, 13.5Volts, 0.395Amps, CPT:1444sec]
(Oct 24 2021 20:30:38,  857855 sec) Profile()            Sample 19 initiated at 701.1dbars for bin 20 [700dbars].  PTS/O2,T2,TPhase,RPhase,RawTemp/FSig,BbSig,TSig: 700.8dbars 11.1363C 36.0819PSU / 1.2uM 11.168C 61.722 8.421 557.821 /   57  106  561
(Oct 24 2021 20:58:51,  859548 sec) AscentControlAgent(  Bouyancy nudge to 121 (v=0.070dbar/sec).
(Oct 24 2021 20:58:51,  859548 sec) PistonMoveAbsWTO()    111->121 112 113 114 115 116 [30sec, 13.7Volts, 0.334Amps, CPT:1474sec]
(Oct 24 2021 20:59:31,  859588 sec) PistonMoveAbsWTO()    116->121 117 118 119 120 121 [27sec, 13.6Volts, 0.326Amps, CPT:1501sec]
(Oct 24 2021 21:09:00,  860157 sec) Profile()            Sample 23 initiated at 501.2dbars for bin 24 [500dbars].  PTS/O2,T2,TPhase,RPhase,RawTemp/FSig,BbSig,TSig: 501.0dbars 12.8484C 36.2342PSU / 1.1uM 12.876C 61.632 8.460 504.249 /   57  117  558
(Oct 24 2021 21:29:21,  861378 sec) AscentControlAgent(  Bouyancy nudge to 131 (v=0.078dbar/sec).
(Oct 24 2021 21:29:21,  861378 sec) PistonMoveAbsWTO()    121->131 122 123 124 125 126 [30sec, 13.8Volts, 0.282Amps, CPT:1531sec]
(Oct 24 2021 21:30:01,  861418 sec) PistonMoveAbsWTO()    126->131 127 128 129 130 131 [26sec, 13.7Volts, 0.278Amps, CPT:1557sec]
(Oct 24 2021 21:40:02,  862019 sec) Profile()            Sample 27 initiated at 331.1dbars for bin 28 [330dbars].  PTS/O2,T2,TPhase,RPhase,RawTemp/FSig,BbSig,TSig: 330.8dbars 14.4904C 36.3155PSU / 0.9uM 14.511C 61.538 8.545 452.280 /   59  147  556
(Oct 24 2021 21:49:47,  862604 sec) AscentControlAgent(  Bouyancy nudge to 141 (v=0.079dbar/sec).
(Oct 24 2021 21:49:47,  862604 sec) PistonMoveAbsWTO()    131->141 132 133 134 135 136 [30sec, 13.9Volts, 0.250Amps, CPT:1587sec]
(Oct 24 2021 21:50:28,  862645 sec) PistonMoveAbsWTO()    136->141 137 138 139 140 141 [25sec, 13.8Volts, 0.242Amps, CPT:1612sec]
(Oct 24 2021 21:56:33,  863010 sec) Profile()            Sample 31 initiated at 241.9dbars for bin 32 [240dbars].  PTS/O2,T2,TPhase,RPhase,RawTemp/FSig,BbSig,TSig: 241.6dbars 16.4397C 36.4160PSU / 0.8uM 16.467C 61.413 8.688 389.395 /   58  176  553
(Oct 24 2021 22:05:13,  863529 sec) AscentControlAgent(  Bouyancy nudge to 151 (v=0.071dbar/sec).
(Oct 24 2021 22:05:13,  863530 sec) PistonMoveAbsWTO()    141->151 142 143 144 145 146 [30sec, 13.9Volts, 0.218Amps, CPT:1642sec]
(Oct 24 2021 22:05:55,  863572 sec) PistonMoveAbsWTO()    146->151 147 148 149 150 151 [24sec, 13.8Volts, 0.218Amps, CPT:1666sec]
(Oct 24 2021 22:08:28,  863725 sec) Profile()            Sample 35 initiated at 181.4dbars for bin 36 [180dbars].  PTS/O2,T2,TPhase,RPhase,RawTemp/FSig,BbSig,TSig: 181.1dbars 18.7768C 36.5195PSU / 1.1uM 18.775C 61.159 8.771 314.504 /   56  116  551
(Oct 24 2021 22:15:22,  864138 sec) AscentControlAgent(  Bouyancy nudge to 161 (v=0.073dbar/sec).
(Oct 24 2021 22:15:22,  864139 sec) PistonMoveAbsWTO()    151->161 152 153 154 155 156 [30sec, 14.0Volts, 0.205Amps, CPT:1696sec]
(Oct 24 2021 22:16:04,  864181 sec) PistonMoveAbsWTO()    156->161 157 158 159 160 161 [23sec, 13.9Volts, 0.205Amps, CPT:1719sec]
(Oct 24 2021 22:16:53,  864230 sec) Profile()            Sample 39 initiated at 141.0dbars for bin 40 [140dbars].  PTS/O2,T2,TPhase,RPhase,RawTemp/FSig,BbSig,TSig: 140.7dbars 20.5780C 36.4694PSU / 19.4uM 20.606C 55.968 8.791 254.782 /   54  114  548
(Oct 24 2021 22:25:06,  864723 sec) Profile()            Sample 43 initiated at 101.3dbars for bin 44 [100dbars].  PTS/O2,T2,TPhase,RPhase,RawTemp/FSig,BbSig,TSig: 101.1dbars 22.6444C 36.6685PSU / 54.4uM 22.635C 47.984 8.890 188.580 /   56  124  545
(Oct 24 2021 22:35:52,  865368 sec) AscentControlAgent(  Bouyancy nudge to 166 (v=0.021dbar/sec).
(Oct 24 2021 22:35:52,  865369 sec) PistonMoveAbsWTO()    161->166 162 163 164 165 166 [26sec, 14.0Volts, 0.181Amps, CPT:1745sec]
(Oct 24 2021 22:40:55,  865671 sec) AscentControlAgent(  Bouyancy nudge to 171 (v=0.029dbar/sec).
(Oct 24 2021 22:40:55,  865672 sec) PistonMoveAbsWTO()    166->171 167 168 169 170 171 [26sec, 14.0Volts, 0.177Amps, CPT:1771sec]
(Oct 24 2021 22:41:47,  865724 sec) Profile()            Sample 47 initiated at 61.1dbars for bin 48 [60dbars].  PTS/O2,T2,TPhase,RPhase,RawTemp/FSig,BbSig,TSig: 61.0dbars 25.2400C 36.6152PSU / 152.7uM 25.217C 35.125 8.886 104.694 /   90  135  541
(Oct 24 2021 22:46:03,  865979 sec) AscentControlAgent(  Bouyancy nudge to 176 (v=0.031dbar/sec).
(Oct 24 2021 22:46:03,  865980 sec) PistonMoveAbsWTO()    171->176 172 173 174 175 176 [26sec, 14.0Volts, 0.173Amps, CPT:1797sec]
(Oct 24 2021 22:51:20,  866297 sec) Profile()            Sample 51 initiated at 36.6dbars for bin 52 [35dbars].  PTS/O2,T2,TPhase,RPhase,RawTemp/FSig,BbSig,TSig: 36.5dbars 26.4591C 36.6424PSU / 197.7uM 26.473C 31.514 8.974 64.177 /  161  160  538
(Oct 24 2021 22:56:30,  866606 sec) AscentControlAgent(  Bouyancy nudge to 181 (v=0.034dbar/sec).
(Oct 24 2021 22:56:30,  866607 sec) PistonMoveAbsWTO()    176->181 177 178 179 180 181 [26sec, 14.1Volts, 0.169Amps, CPT:1823sec]
(Oct 24 2021 23:01:37,  866913 sec) AscentControlAgent(  Bouyancy nudge to 186 (v=0.017dbar/sec).
(Oct 24 2021 23:01:37,  866914 sec) PistonMoveAbsWTO()    181->186 182 183 184 185 186 [26sec, 14.1Volts, 0.173Amps, CPT:1849sec]
(Oct 24 2021 23:03:24,  867021 sec) Profile()            Sample 55 initiated at 16.5dbars for bin 56 [15dbars].  PTS/O2,T2,TPhase,RPhase,RawTemp/FSig,BbSig,TSig: 16.3dbars 28.6862C 36.8664PSU / 247.5uM 28.707C 28.147 8.964 -7.143 /   92  203  535
(Oct 24 2021 23:04:57,  867114 sec) Profile()            Sample 56 initiated at 11.8dbars for bin 57 [10dbars].  PTS/O2,T2,TPhase,RPhase,RawTemp/FSig,BbSig,TSig: 11.7dbars 28.6919C 36.8658PSU / 247.6uM 28.711C 28.143 8.965 -7.300 /   88  197  534
(Oct 24 2021 23:07:05,  867242 sec) Profile()            Sample 57 initiated at 5.9dbars for bin 58 [4dbars].  PTS/O2,T2,TPhase,RPhase,RawTemp/FSig,BbSig,TSig: 5.8dbars 28.6975C 36.8643PSU / 248.3uM 28.713C 28.111 8.959 -7.360 /   91  196  534
(Oct 24 2021 23:07:32,  867269 sec) Profile()            Sample 58 initiated at 4.7dbars for bin 58 [4dbars].  PTS/O2,T2,TPhase,RPhase,RawTemp/FSig,BbSig,TSig: 4.6dbars 28.6928C 36.8636PSU / 248.4uM 28.713C 28.106 8.956 -7.344 /   90  195  533
(Oct 24 2021 23:07:47,  867284 sec) SurfaceDetect()      SurfacePressure:-0.7dbars Pressure:3.3dbars PistonPosition:186
(Oct 24 2021 23:07:48,  867284 sec) Sbe41cpStopCP()      Continuous profile stopped.
(Oct 24 2021 23:07:55,  867292 sec) PistonMoveAbsWTO()    186->208 187 188 189 190 191 192 193 194 195 196 197 198 199 200 201 202 203 204 205 206 207 208 [114sec, 14.1Volts, 0.149Amps, CPT:1963sec]
(Oct 24 2021 23:10:06,  867422 sec) sbe41cp.c:chat()     Expected string [S>] not received.
(Oct 24 2021 23:13:26,  867623 sec) Sbe41cpBinAverage()  Finished averaging 23812 samples in 195 seconds.
(Oct 24 2021 23:13:31,  867628 sec) Sbe41cpUploadCP()    Sbe41cpSerNo[08355] NSample[23812] NBin[996]
(Oct 24 2021 23:15:30,  867747 sec) Sbe41cpUploadCP()    Continuous profile uploaded [996 lines].

<EOT>

<EOT>
