(Jun 17 2019 21:48:23,  854323 sec) TelemetryInit()      Profile 137. (Apf9i FwRev: 061016)
(Jun 17 2019 21:55:19,  854739 sec) AirSystem()          Battery [189cnt, 14.7V]  Current [73cnt, 294.1mA]  Barometer [127cnt, 6.8"Hg]  Run-Time [48s]
(Jun 17 2019 21:55:57,  854776 sec) GetSurfaceObs()      P/O2,T2,TPhase,RPhase,RawTemp/FSig,BbSig,TSig: -0.6dbars / 221.2uM 29.797C 28.976 9.017 -41.555 / 64,171,530
(Jun 17 2019 21:56:05,  854785 sec) GpsServices()        GPS almanac is current.
(Jun 17 2019 21:56:05,  854785 sec) GpsServices()        Initiating GPS fix acquisition.
(Jun 17 2019 21:56:27,  854806 sec) gga()                $GPGGA,215540,1605.8455,N,06532.2479,E,0,00,,,M,,M,,*5E
(Jun 17 2019 21:56:38,  854818 sec) gga()                $GPGGA,215550,1605.8455,N,06532.2479,E,0,00,,,M,,M,,*5F
(Jun 17 2019 21:56:49,  854829 sec) gga()                $GPGGA,215600,1605.8455,N,06532.2479,E,0,00,,,M,,M,,*59
(Jun 17 2019 21:57:00,  854840 sec) gga()                $GPGGA,215600,1605.8455,N,06532.2479,E,0,00,,,M,,M,,*59
(Jun 17 2019 21:57:03,  854843 sec) gga()                $GPGGA,215610,1605.8455,N,06532.2479,E,0,00,,,M,,M,,*58
(Jun 17 2019 21:57:14,  854854 sec) gga()                $GPGGA,215620,1605.8455,N,06532.2479,E,0,00,,,M,,M,,*5B
(Jun 17 2019 21:57:36,  854875 sec) gga()                $GPGGA,215630,1605.8455,N,06532.2479,E,0,00,,,M,,M,,*5A
(Jun 17 2019 21:57:39,  854878 sec) gga()                $GPGGA,215640,1605.8455,N,06532.2479,E,0,00,,,M,,M,,*5D
(Jun 17 2019 21:57:43,  854882 sec) gga()                $GPGGA,215650,1547.2860,N,06544.1779,E,1,07,1.1,11.7,M,-65.8,M,,*51
(Jun 17 2019 21:57:48,  854887 sec) gga()                $GPGGA,215710,1547.2826,N,06544.1775,E,1,08,1.1,2.1,M,-65.8,M,,*61
(Jun 17 2019 21:58:29,  854929 sec) GpsServices()        Profile 137 GPS fix obtained in 143 seconds.
(Jun 17 2019 21:58:29,  854929 sec) GpsServices()                  lon     lat mm/dd/yyyy hhmmss nsat
(Jun 17 2019 21:58:29,  854929 sec) GpsServices()        Fix:   65.736  15.788 06/17/2019 215720    8
(Jun 17 2019 21:58:33,  854933 sec) gga()                $GPGGA,215800,1547.2782,N,06544.1764,E,1,09,0.9,1.1,M,-65.8,M,,*65
(Jun 17 2019 21:59:30,  854989 sec) GpsServices()        Apf9 RTC skew check aborted.
(Jun 17 2019 21:59:30,  854990 sec) GpsServices()        GPS services complete.
(Jun 17 2019 22:00:04,  855024 sec) CLogin()             Connecting to primary host.
(Jun 17 2019 22:00:15,  855034 sec) CLogin()             Connection 1 established in 11 seconds.
(Jun 17 2019 22:00:28,  855048 sec) login()              Login successful.
(Jun 17 2019 22:00:33,  855052 sec) chat()               Expected string [cmd>] not received.
(Jun 17 2019 22:00:33,  855052 sec) login()              Attempt to set the command prompt failed.
(Jun 17 2019 22:00:34,  855054 sec) CLogin()             Logged in to host.  [Login required 19 seconds]
(Jun 17 2019 22:00:47,  855067 sec) RxConfig()           Downloading "mission.cfg" from host.
(Jun 17 2019 22:00:50,  855070 sec) Rx()                 Initiating transfer. [0x43]
(Jun 17 2019 22:00:56,  855076 sec) Rx()                 Pad character [0x1a] found in ascii mode - truncating packet.
(Jun 17 2019 22:01:01,  855080 sec) Rx()                 Received EOT - transfer complete. [1 packets, 1024 bytes, 11 sec, 93.1 bps]
(Jun 17 2019 22:01:01,  855080 sec) RxConfig()           Download successful.
(Jun 17 2019 22:01:24,  855103 sec) WriteVitals()        Writing vitals to "7827.137.msg".
(Jun 17 2019 22:01:45,  855125 sec) UpLoadFile()         Uploading "7827.137.msg" to host as "7827.137.msg".
(Jun 17 2019 22:01:48,  855128 sec) Tx()                 CRC negotiation successful. [16-bit CRC]
(Jun 17 2019 22:02:02,  855142 sec) TxPacket()           NAK received - resending packet. [PktNum=0x02]
(Jun 17 2019 22:02:02,  855142 sec) TxPacket()           Packet xmit history: [11100001] (0:ok, 1:fail).
(Jun 17 2019 22:02:13,  855153 sec) TxPacket()           NAK received - resending packet. [PktNum=0x03]
(Jun 17 2019 22:02:13,  855153 sec) TxPacket()           Packet xmit history: [10000101] (0:ok, 1:fail).
(Jun 17 2019 22:02:19,  855159 sec) TxPacket()           NAK received - resending packet. [PktNum=0x03]
(Jun 17 2019 22:02:19,  855159 sec) TxPacket()           Packet xmit history: [00001011] (0:ok, 1:fail).
(Jun 17 2019 22:03:09,  855209 sec) TxPacket()           NAK received - resending packet. [PktNum=0x07]
(Jun 17 2019 22:03:09,  855209 sec) TxPacket()           Packet xmit history: [01100001] (0:ok, 1:fail).
(Jun 17 2019 22:03:10,  855210 sec) TxPacket()           NAK received - resending packet. [PktNum=0x07]
(Jun 17 2019 22:03:11,  855210 sec) TxPacket()           Packet xmit history: [11000011] (0:ok, 1:fail).
(Jun 17 2019 22:03:24,  855224 sec) TxPacket()           NAK received - resending packet. [PktNum=0x0a]
(Jun 17 2019 22:03:24,  855224 sec) TxPacket()           Packet xmit history: [00110001] (0:ok, 1:fail).
(Jun 17 2019 22:03:30,  855230 sec) TxPacket()           NAK received - resending packet. [PktNum=0x0a]
(Jun 17 2019 22:03:30,  855230 sec) TxPacket()           Packet xmit history: [01100011] (0:ok, 1:fail).
(Jun 17 2019 22:03:39,  855238 sec) TxPacket()           Packet xmit history: [11000110] (0:ok, 1:fail).
(Jun 17 2019 22:03:44,  855244 sec) TxPacket()           Invalid response [0x63] - resending packet. [PktNum=0x0a]
(Jun 17 2019 22:03:44,  855244 sec) TxPacket()           Packet xmit history: [10001101] (0:ok, 1:fail).
(Jun 17 2019 22:03:46,  855245 sec) TxPacket()           Invalid response [0x33] - resending packet. [PktNum=0x0a]
(Jun 17 2019 22:03:46,  855246 sec) TxPacket()           Packet xmit history: [00011011] (0:ok, 1:fail).
(Jun 17 2019 22:03:47,  855247 sec) TxPacket()           Invalid response [0x35] - resending packet. [PktNum=0x0a]
(Jun 17 2019 22:03:47,  855247 sec) TxPacket()           Packet xmit history: [00110111] (0:ok, 1:fail).
(Jun 17 2019 22:03:52,  855252 sec) TxPacket()           Invalid response [0x20] - resending packet. [PktNum=0x0a]
(Jun 17 2019 22:03:53,  855252 sec) TxPacket()           Packet xmit history: [01101111] (0:ok, 1:fail).
(Jun 17 2019 22:03:54,  855253 sec) TxPacket()           Invalid response [0x20] - resending packet. [PktNum=0x0a]
(Jun 17 2019 22:03:54,  855254 sec) TxPacket()           Packet xmit history: [11011111] (0:ok, 1:fail).
(Jun 17 2019 22:03:55,  855255 sec) TxPacket()           Invalid response [0x0a] - resending packet. [PktNum=0x0a]
(Jun 17 2019 22:03:55,  855255 sec) TxPacket()           Packet xmit history: [10111111] (0:ok, 1:fail).
(Jun 17 2019 22:03:57,  855256 sec) TxPacket()           Invalid response [0x30] - resending packet. [PktNum=0x0a]
(Jun 17 2019 22:03:57,  855257 sec) TxPacket()           Packet xmit history: [01111111] (0:ok, 1:fail).
(Jun 17 2019 22:03:57,  855257 sec) TxPacket()           Exit status: -5
(Jun 17 2019 22:03:57,  855257 sec) Tx()                 Packet transmission failed - aborting transfer.
(Jun 17 2019 22:04:10,  855270 sec) UpLoadFile()         Upload failed.
(Jun 17 2019 22:04:26,  855285 sec) UpLoadFile()         Uploading "7827.137.log" to host as "7827.137.log".
(Jun 17 2019 22:05:26,  855345 sec) Tx()                 CRC negotiation failed - aborting transfer.
(Jun 17 2019 22:05:37,  855356 sec) UpLoadFile()         Upload failed.
(Jun 17 2019 22:05:37,  855357 sec) UpLoad()             Files successfully uploaded: 0
(Jun 17 2019 22:05:37,  855357 sec) UpLoad()             Aborting upload: Retry limit [2] exceeded. Upload incomplete.
(Jun 17 2019 22:05:41,  855361 sec) logout()             Log-out successful.
(Jun 17 2019 22:05:42,  855362 sec) Telemetry()          Telemetry cycle complete: PrfId=137 ConnectionAttempts=1  Connections=1
(Jun 17 2019 22:20:58,  856277 sec) AirSystem()          Air-bladder inflation by-passed. Barometer: [125cnt, 6.2"Hg].
(Jun 17 2019 22:21:35,  856314 sec) GetSurfaceObs()      P/O2,T2,TPhase,RPhase,RawTemp/FSig,BbSig,TSig: -0.6dbars / 222.4uM 29.616C 28.983 8.997 -35.867 / 66,155,530
(Jun 17 2019 22:21:43,  856323 sec) GpsServices()        GPS almanac is current.
(Jun 17 2019 22:21:43,  856323 sec) GpsServices()        Initiating GPS fix acquisition.
(Jun 17 2019 22:22:33,  856373 sec) gga()                $GPGGA,222120,1547.1745,N,06544.1316,E,6,11,0.8,4.5,M,-65.8,M,,*6D
(Jun 17 2019 22:23:16,  856416 sec) gga()                $GPGGA,222130,1547.1751,N,06544.1306,E,6,12,0.7,5.0,M,-65.8,M,,*60
(Jun 17 2019 22:24:42,  856502 sec) gga()                $GPGGA,222330,1547.1685,N,06544.1272,E,1,12,0.7,5.1,M,-65.8,M,,*6E
(Jun 17 2019 22:24:43,  856502 sec) GpsServices()        Profile 137 GPS fix obtained in 179 seconds.
(Jun 17 2019 22:24:43,  856503 sec) GpsServices()                  lon     lat mm/dd/yyyy hhmmss nsat
(Jun 17 2019 22:24:43,  856503 sec) GpsServices()        Fix:   65.735  15.786 06/17/2019 222330   12
(Jun 17 2019 22:25:32,  856552 sec) gga()                $GPGGA,222420,1547.1656,N,06544.1252,E,1,12,0.7,2.7,M,-65.8,M,,*65
(Jun 17 2019 22:25:40,  856560 sec) gga()                $GPGGA,222510,1547.1617,N,06544.1237,E,1,12,0.7,-0.4,M,-65.8,M,,*4D
(Jun 17 2019 22:25:40,  856560 sec) GpsServices()        APF9 RTC skew (30s) OK.
(Jun 17 2019 22:25:41,  856560 sec) GpsServices()        GPS services complete.
(Jun 17 2019 22:26:06,  856586 sec) CLogin()             Connecting to primary host.
(Jun 17 2019 22:27:07,  856646 sec) chat()               Expected string [CONNECT] not received.
(Jun 17 2019 22:27:07,  856646 sec) modem_connect()      Modem command [AT+CBST=71,0,1;DT0088160000573] failed.
(Jun 17 2019 22:27:07,  856647 sec) connect()            Connection attempt failed.
(Jun 17 2019 22:27:21,  856661 sec) CLogin()             Connection 2 established in 75 seconds.
(Jun 17 2019 22:27:29,  856669 sec) login()              Login successful.
(Jun 17 2019 22:27:33,  856672 sec) CLogin()             Logged in to host.  [Login required 12 seconds]
(Jun 17 2019 22:27:45,  856684 sec) RxConfig()           Downloading "mission.cfg" from host.
(Jun 17 2019 22:27:47,  856687 sec) Rx()                 Initiating transfer. [0x43]
(Jun 17 2019 22:27:53,  856693 sec) Rx()                 Pad character [0x1a] found in ascii mode - truncating packet.
(Jun 17 2019 22:27:58,  856697 sec) Rx()                 Received EOT - transfer complete. [1 packets, 1024 bytes, 11 sec, 93.1 bps]
(Jun 17 2019 22:27:58,  856697 sec) RxConfig()           Download successful.
(Jun 17 2019 22:28:21,  856720 sec) WriteVitals()        Writing vitals to "7827.137.msg".
(Jun 17 2019 22:28:37,  856736 sec) UpLoadFile()         Uploading "7827.137.msg" to host as "7827.137.msg".
(Jun 17 2019 22:28:40,  856740 sec) Tx()                 CRC negotiation successful. [16-bit CRC]
(Jun 17 2019 22:28:43,  856743 sec) TxPacket()           Invalid response [0x6e] - resending packet. [PktNum=0x01]
(Jun 17 2019 22:28:44,  856743 sec) TxPacket()           Packet xmit history: [01110001] (0:ok, 1:fail).
(Jun 17 2019 22:28:57,  856757 sec) TxPacket()           NAK received - resending packet. [PktNum=0x03]
(Jun 17 2019 22:28:57,  856757 sec) TxPacket()           Packet xmit history: [10001001] (0:ok, 1:fail).
(Jun 17 2019 22:29:19,  856779 sec) TxPacket()           NAK received - resending packet. [PktNum=0x05]
(Jun 17 2019 22:29:20,  856779 sec) TxPacket()           Packet xmit history: [01001001] (0:ok, 1:fail).
(Jun 17 2019 22:30:07,  856827 sec) TxPacket()           NAK received - resending packet. [PktNum=0x0b]
(Jun 17 2019 22:30:07,  856827 sec) TxPacket()           Packet xmit history: [10000001] (0:ok, 1:fail).
(Jun 17 2019 22:30:32,  856852 sec) TxPacket()           NAK received - resending packet. [PktNum=0x0e]
(Jun 17 2019 22:30:32,  856852 sec) TxPacket()           Packet xmit history: [00010001] (0:ok, 1:fail).
(Jun 17 2019 22:30:37,  856857 sec) TxPacket()           NAK received - resending packet. [PktNum=0x0e]
(Jun 17 2019 22:30:37,  856857 sec) TxPacket()           Packet xmit history: [00100011] (0:ok, 1:fail).
(Jun 17 2019 22:31:53,  856933 sec) TxPacket()           NAK received - resending packet. [PktNum=0x19]
(Jun 17 2019 22:31:53,  856933 sec) TxPacket()           Packet xmit history: [00000001] (0:ok, 1:fail).
(Jun 17 2019 22:31:58,  856938 sec) TxPacket()           NAK received - resending packet. [PktNum=0x19]
(Jun 17 2019 22:31:58,  856938 sec) TxPacket()           Packet xmit history: [00000011] (0:ok, 1:fail).
(Jun 17 2019 22:32:34,  856974 sec) TxPacket()           NAK received - resending packet. [PktNum=0x1d]
(Jun 17 2019 22:32:34,  856974 sec) TxPacket()           Packet xmit history: [01100001] (0:ok, 1:fail).
(Jun 17 2019 22:32:39,  856979 sec) TxPacket()           NAK received - resending packet. [PktNum=0x1d]
(Jun 17 2019 22:32:39,  856979 sec) TxPacket()           Packet xmit history: [11000011] (0:ok, 1:fail).
(Jun 17 2019 22:33:04,  857004 sec) TxPacket()           NAK received - resending packet. [PktNum=0x1f]
(Jun 17 2019 22:33:05,  857004 sec) TxPacket()           Packet xmit history: [00011001] (0:ok, 1:fail).
(Jun 17 2019 22:33:51,  857051 sec) TxPacket()           NAK received - resending packet. [PktNum=0x25]
(Jun 17 2019 22:33:52,  857051 sec) TxPacket()           Packet xmit history: [10000001] (0:ok, 1:fail).
(Jun 17 2019 22:33:57,  857057 sec) TxPacket()           NAK received - resending packet. [PktNum=0x25]
(Jun 17 2019 22:33:57,  857057 sec) TxPacket()           Packet xmit history: [00000011] (0:ok, 1:fail).
(Jun 17 2019 22:34:11,  857071 sec) Tx()                 Transmission completed successfully [38 packets, 37801 bytes, 330 sec, 115.2 bps]
(Jun 17 2019 22:34:11,  857071 sec) UpLoadFile()         Upload successful.
(Jun 17 2019 22:34:23,  857082 sec) UpLoadFile()         Uploading "7827.137.log" to host as "7827.137.log".
(Jun 17 2019 22:34:29,  857089 sec) Tx()                 CRC negotiation successful. [16-bit CRC]
(Jun 17 2019 22:34:38,  857098 sec) TxPacket()           NAK received - resending packet. [PktNum=0x01]
(Jun 17 2019 22:34:38,  857098 sec) TxPacket()           Packet xmit history: [00011001] (0:ok, 1:fail).
(Jun 17 2019 22:35:00,  857120 sec) TxPacket()           NAK received - resending packet. [PktNum=0x03]
(Jun 17 2019 22:35:01,  857120 sec) TxPacket()           Packet xmit history: [11001001] (0:ok, 1:fail).
(Jun 17 2019 22:35:08,  857128 sec) TxPacket()           NAK received - resending packet. [PktNum=0x03]
(Jun 17 2019 22:35:08,  857128 sec) TxPacket()           Packet xmit history: [10010011] (0:ok, 1:fail).
(Jun 17 2019 22:36:33,  857213 sec) TxPacket()           NAK received - resending packet. [PktNum=0x0f]
(Jun 17 2019 22:36:33,  857213 sec) TxPacket()           Packet xmit history: [00000001] (0:ok, 1:fail).
(Jun 17 2019 22:36:57,  857237 sec) TxPacket()           NAK received - resending packet. [PktNum=0x12]
(Jun 17 2019 22:36:57,  857237 sec) TxPacket()           Packet xmit history: [00010001] (0:ok, 1:fail).
(Jun 17 2019 22:37:02,  857241 sec) TxPacket()           NAK received - resending packet. [PktNum=0x12]
(Jun 17 2019 22:37:02,  857242 sec) TxPacket()           Packet xmit history: [00100011] (0:ok, 1:fail).
(Jun 17 2019 22:37:11,  857251 sec) TxPacket()           NAK received - resending packet. [PktNum=0x12]
(Jun 17 2019 22:37:12,  857251 sec) TxPacket()           Packet xmit history: [01000111] (0:ok, 1:fail).
(Jun 17 2019 22:37:43,  857283 sec) TxPacket()           NAK received - resending packet. [PktNum=0x16]
(Jun 17 2019 22:37:43,  857283 sec) TxPacket()           Packet xmit history: [11100001] (0:ok, 1:fail).
(Jun 17 2019 22:38:56,  857356 sec) TxPacket()           NAK received - resending packet. [PktNum=0x20]
(Jun 17 2019 22:38:56,  857356 sec) TxPacket()           Packet xmit history: [00000001] (0:ok, 1:fail).
(Jun 17 2019 22:39:47,  857407 sec) TxPacket()           NAK received - resending packet. [PktNum=0x27]
(Jun 17 2019 22:39:47,  857407 sec) TxPacket()           Packet xmit history: [00000001] (0:ok, 1:fail).
(Jun 17 2019 22:39:52,  857412 sec) TxPacket()           NAK received - resending packet. [PktNum=0x27]
(Jun 17 2019 22:39:52,  857412 sec) TxPacket()           Packet xmit history: [00000011] (0:ok, 1:fail).
(Jun 17 2019 22:39:59,  857419 sec) TxPacket()           NAK received - resending packet. [PktNum=0x27]
(Jun 17 2019 22:39:59,  857419 sec) TxPacket()           Packet xmit history: [00000111] (0:ok, 1:fail).
(Jun 17 2019 22:40:05,  857425 sec) TxPacket()           NAK received - resending packet. [PktNum=0x27]
(Jun 17 2019 22:40:05,  857425 sec) TxPacket()           Packet xmit history: [00001111] (0:ok, 1:fail).
(Jun 17 2019 22:40:16,  857436 sec) TxPacket()           NAK received - resending packet. [PktNum=0x28]
(Jun 17 2019 22:40:17,  857436 sec) TxPacket()           Packet xmit history: [00111101] (0:ok, 1:fail).
(Jun 17 2019 22:40:32,  857452 sec) TxPacket()           NAK received - resending packet. [PktNum=0x2c]
(Jun 17 2019 22:40:32,  857452 sec) TxPacket()           Packet xmit history: [10100001] (0:ok, 1:fail).
(Jun 17 2019 22:40:44,  857464 sec) TxPacket()           NAK received - resending packet. [PktNum=0x2d]
(Jun 17 2019 22:40:44,  857464 sec) TxPacket()           Packet xmit history: [10000101] (0:ok, 1:fail).
(Jun 17 2019 22:40:53,  857473 sec) Tx()                 Transmission completed successfully [45 packets, 40719 bytes, 382 sec, 108.9 bps]
(Jun 17 2019 22:40:53,  857473 sec) UpLoadFile()         Upload successful.
(Jun 17 2019 22:41:03,  857483 sec) UpLoad()             Files successfully uploaded: 2
(Jun 17 2019 22:41:04,  857483 sec) UpLoad()             Upload complete.
(Jun 17 2019 22:41:11,  857490 sec) chat()               Expected string [logout] not received.
(Jun 17 2019 22:41:11,  857490 sec) logout()             Attempt to log-out failed.
(Jun 17 2019 22:41:16,  857495 sec) chat()               Expected string [cmd>] not received.
(Jun 17 2019 22:41:16,  857495 sec) logout()             Can't get command prompt.
(Jun 17 2019 22:41:21,  857500 sec) chat()               Expected string [logout] not received.
(Jun 17 2019 22:41:21,  857500 sec) logout()             Attempt to log-out failed.
(Jun 17 2019 22:41:21,  857501 sec) logout()             No carrier detected.
(Jun 17 2019 22:41:21,  857501 sec) Telemetry()          Telemetry cycle complete: PrfId=137 ConnectionAttempts=3  Connections=2
(Jun 17 2019 22:41:22,  857501 sec) TelemetryTerminate(  Parsing new mission configuration.
(Jun 17 2019 22:41:24,  857503 sec) configure()          Parsing configurators in "mission.cfg".
(Jun 17 2019 22:41:32,  857511 sec) configure()             TelemetryRetry(15)          [0x7BBC] [TelemetryRetry(15)].
(Jun 17 2019 22:41:32,  857512 sec) configure()          Configuration CRCs and syntax OK.
(Jun 17 2019 22:41:32,  857512 sec) ConfigSupervisor()   Configuration accepted.
(Jun 17 2019 22:41:32,  857512 sec) TelemetryTerminate(  Reconditioning the file system.
(Jun 17 2019 22:41:52,      11 sec) DescentInit()        Deep profile 138 initiated at mission-time 857520sec.
(Jun 17 2019 22:41:54,      13 sec) DescentInit()        Surface pressure: -0.3dbars.
(Jun 17 2019 22:41:59,      18 sec) PistonMoveAbsWTO()    216->076 215 214 213 212 211 210 209 208 207 206 205 204 203 202 201 200 199 198 197 196 195 194 193 192 191 190 189 188 187 186 185 184 183 182 181 180 179 178 177 176 175 174 173 172 171 170 169 168 167 166 165 164 163 162 161 160 159 158 157 156 155 154 153 152 151 150 149 148 147 146 145 144 143 142 141 140 139 138 137 136 135 134 133 132 131 130 129 128 127 126 125 124 123 122 121 120 119 118 117 116 115 114 113 112 111 110 109 108 107 106 105 104 103 102 101 100 099 098 097 096 095 094 093 092 091 090 089 088 087 086 085 084 083 082 081 080 079 078 077 076 [699sec, 14.3Volts, 0.157Amps, CPT:699sec]
(Jun 17 2019 22:53:48,     727 sec) Descent()            Pressure: 65.2
(Jun 17 2019 23:41:45,    3604 sec) Descent()            Pressure: 433.3
(Jun 18 2019 00:41:45,    7204 sec) Descent()            Pressure: 747.3
(Jun 18 2019 01:41:45,   10804 sec) Descent()            Pressure: 919.2
(Jun 18 2019 02:41:45,   14404 sec) Descent()            Pressure: 976.2
(Jun 18 2019 03:41:45,   18004 sec) Descent()            Pressure: 983.3
(Jun 18 2019 03:41:45,   18004 sec) ParkInit()           
(Jun 18 2019 05:41:51,   25210 sec) Park()               ParkPOutOfBand[-3, 982.2 dbars]: retract piston.
(Jun 18 2019 05:41:52,   25211 sec) PistonMoveAbsWTO()    076->075 075 [6sec, 13.2Volts, 0.105Amps, CPT:705sec]
(Jun 20 2019 07:41:52,  205211 sec) Park()               ParkPOutOfBand[3, 1010.9 dbars]: extend piston.
(Jun 20 2019 07:41:52,  205211 sec) PistonMoveAbsWTO()    075->076 076 [3sec, 12.9Volts, 0.475Amps, CPT:708sec]
(Jun 27 2019 11:30:19,  823718 sec) CtdPower()           [ 1004.67,  8.2461, 35.3918]
(Jun 27 2019 11:30:19,  823718 sec) CtdPower()           CTD Power consumption [180VCnt 9ACnt]: 13.953Volts * 0.036Amps = 0.51Watts.
(Jun 27 2019 11:30:20,  823719 sec) ParkTerminate()      Piston Position:76 Vacuum:79 Vq:194 Aq:6 Vsbe:180 Asbe:9 Vflbb:173 Aflbb:12
(Jun 27 2019 11:30:57,  823756 sec) ParkTerminate()      PTS/O2,T2,TPhase,RawTemp: 1004.6dbars 8.2461C 35.3938PSU / 10.0uM 8.260C 60.262 8.237 647.149
(Jun 27 2019 11:30:57,  823756 sec) ParkTerminate()      FLBB FSig, BbSig, TSig: 58, 114, 565
(Jun 27 2019 11:30:57,  823757 sec) GoDeepInit()         Moving piston.
(Jun 27 2019 11:30:58,  823757 sec) PistonMoveAbsWTO()    076->028 075 074 073 072 071 070 069 068 067 066 065 064 063 062 061 060 059 058 057 056 055 054 053 052 051 050 049 048 047 046 045 044 043 042 041 040 039 038 037 036 035 034 033 032 031 030 029 028 [247sec, 13.9Volts, 0.113Amps, CPT:955sec]
(Jun 27 2019 16:29:59,  841698 sec) ProfileInit()        PrfId:138  Pressure:1992.4dbar  pTable[1]:1900dbar
(Jun 27 2019 16:31:25,  841784 sec) Sbe41cpStartCP()     Continuous profile started.
(Jun 27 2019 16:31:25,  841785 sec) PistonMoveAbsWTO()    028->050 029 030 031 032 [30sec, 12.4Volts, 0.802Amps, CPT:985sec]
(Jun 27 2019 16:32:06,  841825 sec) PistonMoveAbsWTO()    032->050 033 034 035 036 037 [30sec, 12.2Volts, 0.786Amps, CPT:1015sec]
(Jun 27 2019 16:32:46,  841865 sec) PistonMoveAbsWTO()    037->050 038 039 040 041 [30sec, 12.2Volts, 0.782Amps, CPT:1045sec]
(Jun 27 2019 16:33:26,  841905 sec) PistonMoveAbsWTO()    041->050 042 043 044 045 [30sec, 12.1Volts, 0.806Amps, CPT:1075sec]
(Jun 27 2019 16:34:06,  841945 sec) PistonMoveAbsWTO()    045->050 046 047 048 049 [30sec, 12.1Volts, 0.798Amps, CPT:1105sec]
(Jun 27 2019 16:34:46,  841985 sec) PistonMoveAbsWTO()    049->050 050 [7sec, 12.1Volts, 0.782Amps, CPT:1112sec]
(Jun 27 2019 16:45:05,  842604 sec) AscentControlAgent(  Bouyancy nudge to 60 (v=0.080dbar/sec).
(Jun 27 2019 16:45:05,  842604 sec) PistonMoveAbsWTO()    050->060 051 052 053 054 [30sec, 12.8Volts, 0.806Amps, CPT:1142sec]
(Jun 27 2019 16:45:45,  842644 sec) PistonMoveAbsWTO()    054->060 055 056 057 058 [30sec, 12.6Volts, 0.753Amps, CPT:1172sec]
(Jun 27 2019 16:46:25,  842684 sec) PistonMoveAbsWTO()    058->060 059 060 [9sec, 12.6Volts, 0.766Amps, CPT:1181sec]
(Jun 27 2019 16:48:20,  842799 sec) Profile()            Sample 0 initiated at 1900.9dbars for bin 1 [1900dbars].  PTS/O2,T2,TPhase,RPhase,RawTemp/FSig,BbSig,TSig: 1900.5dbars 3.2570C 34.9208PSU / 100.0uM 3.270C 50.164 8.301 793.773 /   58  119  573
(Jun 27 2019 17:03:42,  843721 sec) Profile()            Sample 1 initiated at 1801.0dbars for bin 2 [1800dbars].  PTS/O2,T2,TPhase,RPhase,RawTemp/FSig,BbSig,TSig: 1800.7dbars 3.6239C 34.9497PSU / 91.1uM 3.635C 50.860 8.310 783.344 /   57  110  573
(Jun 27 2019 17:20:44,  844743 sec) Profile()            Sample 2 initiated at 1701.9dbars for bin 3 [1700dbars].  PTS/O2,T2,TPhase,RPhase,RawTemp/FSig,BbSig,TSig: 1701.7dbars 4.0620C 34.9853PSU / 80.3uM 4.072C 51.769 8.316 770.811 /   57  111  572
(Jun 27 2019 17:39:08,  845847 sec) Profile()            Sample 3 initiated at 1601.8dbars for bin 4 [1600dbars].  PTS/O2,T2,TPhase,RPhase,RawTemp/FSig,BbSig,TSig: 1601.5dbars 4.5901C 35.0363PSU / 64.3uM 4.602C 53.337 8.324 755.496 /   57  110  571
(Jun 27 2019 17:51:04,  846564 sec) AscentControlAgent(  Bouyancy nudge to 70 (v=0.075dbar/sec).
(Jun 27 2019 17:51:05,  846564 sec) PistonMoveAbsWTO()    060->070 061 062 063 064 [30sec, 13.2Volts, 0.649Amps, CPT:1211sec]
(Jun 27 2019 17:51:45,  846604 sec) PistonMoveAbsWTO()    064->070 065 066 067 068 069 [30sec, 13.0Volts, 0.641Amps, CPT:1241sec]
(Jun 27 2019 17:52:25,  846644 sec) PistonMoveAbsWTO()    069->070 070 [5sec, 13.0Volts, 0.649Amps, CPT:1246sec]
(Jun 27 2019 17:58:37,  847016 sec) Profile()            Sample 4 initiated at 1501.7dbars for bin 5 [1500dbars].  PTS/O2,T2,TPhase,RPhase,RawTemp/FSig,BbSig,TSig: 1501.4dbars 5.1368C 35.0858PSU / 54.2uM 5.149C 54.358 8.333 739.616 /   58  112  570
(Jun 27 2019 18:17:31,  848150 sec) Profile()            Sample 5 initiated at 1401.8dbars for bin 6 [1400dbars].  PTS/O2,T2,TPhase,RPhase,RawTemp/FSig,BbSig,TSig: 1401.5dbars 5.7933C 35.1476PSU / 40.4uM 5.806C 55.964 8.339 720.375 /   58  115  569
(Jun 27 2019 18:21:33,  848393 sec) AscentControlAgent(  Bouyancy nudge to 80 (v=0.080dbar/sec).
(Jun 27 2019 18:21:34,  848393 sec) PistonMoveAbsWTO()    070->080 071 072 073 074 [30sec, 13.3Volts, 0.584Amps, CPT:1276sec]
(Jun 27 2019 18:22:14,  848433 sec) PistonMoveAbsWTO()    074->080 075 076 077 078 079 [30sec, 13.2Volts, 0.604Amps, CPT:1306sec]
(Jun 27 2019 18:22:54,  848473 sec) PistonMoveAbsWTO()    079->080 080 [3sec, 13.1Volts, 0.600Amps, CPT:1309sec]
(Jun 27 2019 18:26:42,  848701 sec) Profile()            Sample 6 initiated at 1351.7dbars for bin 7 [1350dbars].  PTS/O2,T2,TPhase,RPhase,RawTemp/FSig,BbSig,TSig: 1351.4dbars 6.0977C 35.1767PSU / 35.3uM 6.113C 56.598 8.344 711.323 /   59  114  569
(Jun 27 2019 18:35:02,  849201 sec) Profile()            Sample 7 initiated at 1301.8dbars for bin 8 [1300dbars].  PTS/O2,T2,TPhase,RPhase,RawTemp/FSig,BbSig,TSig: 1301.5dbars 6.4296C 35.2105PSU / 30.7uM 6.443C 57.179 8.347 701.544 /   58  111  568
(Jun 27 2019 18:44:24,  849763 sec) Profile()            Sample 8 initiated at 1252.0dbars for bin 9 [1250dbars].  PTS/O2,T2,TPhase,RPhase,RawTemp/FSig,BbSig,TSig: 1251.7dbars 6.7378C 35.2400PSU / 25.8uM 6.752C 57.870 8.347 692.375 /   59  114  568
(Jun 27 2019 18:54:54,  850393 sec) Profile()            Sample 9 initiated at 1201.2dbars for bin 10 [1200dbars].  PTS/O2,T2,TPhase,RPhase,RawTemp/FSig,BbSig,TSig: 1200.9dbars 7.0621C 35.2727PSU / 21.5uM 7.080C 58.471 8.347 682.622 /   56  115  567
(Jun 27 2019 18:57:19,  850539 sec) AscentControlAgent(  Bouyancy nudge to 90 (v=0.077dbar/sec).
(Jun 27 2019 18:57:20,  850539 sec) PistonMoveAbsWTO()    080->090 081 082 083 084 [30sec, 13.4Volts, 0.548Amps, CPT:1339sec]
(Jun 27 2019 18:58:01,  850580 sec) PistonMoveAbsWTO()    085->090 086 087 088 089 [30sec, 13.3Volts, 0.532Amps, CPT:1369sec]
(Jun 27 2019 18:58:43,  850622 sec) PistonMoveAbsWTO()    089->090 090 [1sec, 13.3Volts, 0.524Amps, CPT:1370sec]
(Jun 27 2019 19:03:57,  850936 sec) Profile()            Sample 10 initiated at 1151.0dbars for bin 11 [1150dbars].  PTS/O2,T2,TPhase,RPhase,RawTemp/FSig,BbSig,TSig: 1150.8dbars 7.3777C 35.3022PSU / 18.2uM 7.394C 58.958 8.349 673.211 /   57  114  567
(Jun 27 2019 19:12:18,  851437 sec) Profile()            Sample 11 initiated at 1101.6dbars for bin 12 [1100dbars].  PTS/O2,T2,TPhase,RPhase,RawTemp/FSig,BbSig,TSig: 1101.4dbars 7.7730C 35.3485PSU / 14.8uM 7.791C 59.477 8.348 661.282 /   59  114  566
(Jun 27 2019 19:21:04,  851963 sec) Profile()            Sample 12 initiated at 1051.4dbars for bin 13 [1050dbars].  PTS/O2,T2,TPhase,RPhase,RawTemp/FSig,BbSig,TSig: 1051.2dbars 8.0733C 35.3748PSU / 11.8uM 8.094C 59.956 8.349 652.159 /   57  114  566
(Jun 27 2019 19:30:01,  852500 sec) Profile()            Sample 13 initiated at 1001.0dbars for bin 14 [1000dbars].  PTS/O2,T2,TPhase,RPhase,RawTemp/FSig,BbSig,TSig: 1000.7dbars 8.4391C 35.4137PSU / 9.4uM 8.460C 60.357 8.350 641.080 /   60  127  565
(Jun 27 2019 19:43:12,  853291 sec) AscentControlAgent(  Bouyancy nudge to 100 (v=0.078dbar/sec).
(Jun 27 2019 19:43:13,  853292 sec) PistonMoveAbsWTO()    090->100 091 092 093 094 095 [30sec, 13.6Volts, 0.451Amps, CPT:1400sec]
(Jun 27 2019 19:43:55,  853334 sec) PistonMoveAbsWTO()    095->100 096 097 098 099 100 [29sec, 13.5Volts, 0.447Amps, CPT:1429sec]
(Jun 27 2019 19:48:54,  853633 sec) Profile()            Sample 15 initiated at 901.4dbars for bin 16 [900dbars].  PTS/O2,T2,TPhase,RPhase,RawTemp/FSig,BbSig,TSig: 901.1dbars 9.0954C 35.4742PSU / 5.5uM 9.118C 61.015 8.359 621.058 /   58  116  564
(Jun 27 2019 20:13:46,  855125 sec) AscentControlAgent(  Bouyancy nudge to 110 (v=0.080dbar/sec).
(Jun 27 2019 20:13:47,  855126 sec) PistonMoveAbsWTO()    100->110 101 102 103 104 105 [30sec, 13.6Volts, 0.411Amps, CPT:1459sec]
(Jun 27 2019 20:14:29,  855168 sec) PistonMoveAbsWTO()    105->110 106 107 108 109 110 [27sec, 13.6Volts, 0.395Amps, CPT:1486sec]
(Jun 27 2019 20:25:34,  855833 sec) Profile()            Sample 19 initiated at 701.0dbars for bin 20 [700dbars].  PTS/O2,T2,TPhase,RPhase,RawTemp/FSig,BbSig,TSig: 700.7dbars 10.8203C 35.6602PSU / 1.9uM 10.849C 61.599 8.432 567.756 /   58  111  561
(Jun 27 2019 20:49:39,  857278 sec) AscentControlAgent(  Bouyancy nudge to 120 (v=0.073dbar/sec).
(Jun 27 2019 20:49:40,  857279 sec) PistonMoveAbsWTO()    110->120 111 112 113 114 115 [30sec, 13.8Volts, 0.342Amps, CPT:1516sec]
(Jun 27 2019 20:50:20,  857320 sec) PistonMoveAbsWTO()    115->120 116 117 118 119 120 [26sec, 13.7Volts, 0.326Amps, CPT:1542sec]
(Jun 27 2019 21:03:03,  858082 sec) Profile()            Sample 23 initiated at 501.2dbars for bin 24 [500dbars].  PTS/O2,T2,TPhase,RPhase,RawTemp/FSig,BbSig,TSig: 500.9dbars 12.4867C 35.7836PSU / 1.1uM 12.524C 61.646 8.523 515.353 /   58  111  559
(Jun 27 2019 21:25:12,  859411 sec) AscentControlAgent(  Bouyancy nudge to 130 (v=0.078dbar/sec).
(Jun 27 2019 21:25:12,  859412 sec) PistonMoveAbsWTO()    120->130 121 122 123 124 125 [30sec, 13.9Volts, 0.274Amps, CPT:1572sec]
(Jun 27 2019 21:25:53,  859453 sec) PistonMoveAbsWTO()    125->130 126 127 128 129 130 [25sec, 13.8Volts, 0.278Amps, CPT:1597sec]
(Jun 27 2019 21:34:32,  859972 sec) Profile()            Sample 27 initiated at 332.0dbars for bin 28 [330dbars].  PTS/O2,T2,TPhase,RPhase,RawTemp/FSig,BbSig,TSig: 331.7dbars 14.0186C 35.8595PSU / 1.0uM 14.048C 61.555 8.538 467.056 /   57  143  556
(Jun 27 2019 21:50:49,  860948 sec) AscentControlAgent(  Bouyancy nudge to 140 (v=0.074dbar/sec).
(Jun 27 2019 21:50:49,  860949 sec) PistonMoveAbsWTO()    130->140 131 132 133 134 135 [30sec, 14.0Volts, 0.234Amps, CPT:1627sec]
(Jun 27 2019 21:51:30,  860990 sec) PistonMoveAbsWTO()    135->140 136 137 138 139 140 [24sec, 13.9Volts, 0.234Amps, CPT:1651sec]
(Jun 27 2019 21:52:30,  861050 sec) Profile()            Sample 31 initiated at 241.2dbars for bin 32 [240dbars].  PTS/O2,T2,TPhase,RPhase,RawTemp/FSig,BbSig,TSig: 241.0dbars 16.1862C 35.9792PSU / 0.9uM 16.234C 61.417 8.696 396.927 /   58  150  554
(Jun 27 2019 21:55:53,  861252 sec) AscentControlAgent(  Bouyancy nudge to 150 (v=0.079dbar/sec).
(Jun 27 2019 21:55:53,  861253 sec) PistonMoveAbsWTO()    140->150 141 142 143 144 145 [30sec, 14.0Volts, 0.226Amps, CPT:1681sec]
(Jun 27 2019 21:56:50,  861309 sec) PistonMoveAbsWTO()    145->150 146 147 148 149 150 [24sec, 13.9Volts, 0.226Amps, CPT:1705sec]
(Jun 27 2019 22:04:23,  861763 sec) Profile()            Sample 35 initiated at 181.2dbars for bin 36 [180dbars].  PTS/O2,T2,TPhase,RPhase,RawTemp/FSig,BbSig,TSig: 181.0dbars 18.9989C 35.7843PSU / 0.8uM 19.026C 61.223 8.802 306.322 /   55  123  550
(Jun 27 2019 22:06:06,  861865 sec) AscentControlAgent(  Bouyancy nudge to 160 (v=0.080dbar/sec).
(Jun 27 2019 22:06:06,  861866 sec) PistonMoveAbsWTO()    150->160 151 152 153 154 155 [30sec, 14.0Volts, 0.218Amps, CPT:1735sec]
(Jun 27 2019 22:07:03,  861922 sec) PistonMoveAbsWTO()    155->160 156 157 158 159 160 [24sec, 14.0Volts, 0.210Amps, CPT:1759sec]
(Jun 27 2019 22:12:46,  862266 sec) Profile()            Sample 39 initiated at 141.4dbars for bin 40 [140dbars].  PTS/O2,T2,TPhase,RPhase,RawTemp/FSig,BbSig,TSig: 141.0dbars 22.4762C 36.2967PSU / 46.3uM 22.499C 49.543 8.899 193.032 /   53  121  547
(Jun 27 2019 22:16:15,  862474 sec) AscentControlAgent(  Bouyancy nudge to 170 (v=0.078dbar/sec).
(Jun 27 2019 22:16:15,  862475 sec) PistonMoveAbsWTO()    160->170 161 162 163 164 165 [30sec, 14.0Volts, 0.201Amps, CPT:1789sec]
(Jun 27 2019 22:17:12,  862531 sec) PistonMoveAbsWTO()    165->170 166 167 168 169 170 [22sec, 14.0Volts, 0.197Amps, CPT:1811sec]
(Jun 27 2019 22:20:35,  862735 sec) Profile()            Sample 43 initiated at 101.6dbars for bin 44 [100dbars].  PTS/O2,T2,TPhase,RPhase,RawTemp/FSig,BbSig,TSig: 101.3dbars 24.6605C 36.5910PSU / 153.7uM 24.655C 35.286 8.895 122.908 /   65  331  543
(Jun 27 2019 22:29:43,  863283 sec) Profile()            Sample 47 initiated at 61.6dbars for bin 48 [60dbars].  PTS/O2,T2,TPhase,RPhase,RawTemp/FSig,BbSig,TSig: 61.4dbars 25.8099C 36.5620PSU / 181.0uM 25.809C 32.825 8.972 85.560 /  132  140  539
(Jun 27 2019 22:36:34,  863693 sec) AscentControlAgent(  Bouyancy nudge to 175 (v=0.019dbar/sec).
(Jun 27 2019 22:36:34,  863694 sec) PistonMoveAbsWTO()    170->175 171 172 173 174 175 [27sec, 14.1Volts, 0.177Amps, CPT:1838sec]
(Jun 27 2019 22:41:34,  863993 sec) AscentControlAgent(  Bouyancy nudge to 180 (v=0.004dbar/sec).
(Jun 27 2019 22:41:34,  863994 sec) PistonMoveAbsWTO()    175->180 176 177 178 179 180 [25sec, 14.1Volts, 0.177Amps, CPT:1863sec]
(Jun 27 2019 22:45:37,  864237 sec) Profile()            Sample 51 initiated at 36.8dbars for bin 52 [35dbars].  PTS/O2,T2,TPhase,RPhase,RawTemp/FSig,BbSig,TSig: 36.6dbars 29.4159C 36.8883PSU / 221.5uM 29.438C 29.090 8.987 -30.273 /   63  144  533
(Jun 27 2019 22:51:53,  864613 sec) Profile()            Sample 55 initiated at 16.9dbars for bin 56 [15dbars].  PTS/O2,T2,TPhase,RPhase,RawTemp/FSig,BbSig,TSig: 16.7dbars 29.3975C 36.8750PSU / 221.8uM 29.419C 29.080 8.974 -29.675 /   62  149  532
(Jun 27 2019 22:53:31,  864711 sec) Profile()            Sample 56 initiated at 11.9dbars for bin 57 [10dbars].  PTS/O2,T2,TPhase,RPhase,RawTemp/FSig,BbSig,TSig: 11.7dbars 29.3914C 36.8727PSU / 222.4uM 29.415C 29.054 8.969 -29.523 /   65  164  532
(Jun 27 2019 22:55:07,  864807 sec) Profile()            Sample 57 initiated at 5.6dbars for bin 58 [4dbars].  PTS/O2,T2,TPhase,RPhase,RawTemp/FSig,BbSig,TSig: 5.5dbars 29.3966C 36.8795PSU / 222.3uM 29.419C 29.056 8.969 -29.675 /   64  153  531
(Jun 27 2019 22:55:33,  864833 sec) Profile()            Sample 58 initiated at 4.2dbars for bin 58 [4dbars].  PTS/O2,T2,TPhase,RPhase,RawTemp/FSig,BbSig,TSig: 3.9dbars 29.3931C 36.8784PSU / 222.3uM 29.416C 29.058 8.969 -29.584 /   63  144  531
(Jun 27 2019 22:55:47,  864846 sec) SurfaceDetect()      SurfacePressure:-0.3dbars Pressure:2.4dbars PistonPosition:180
(Jun 27 2019 22:55:48,  864847 sec) Sbe41cpStopCP()      Continuous profile stopped.
(Jun 27 2019 22:55:55,  864854 sec) PistonMoveAbsWTO()    180->202 181 182 183 184 185 186 187 188 189 190 191 192 193 194 195 196 197 198 199 200 201 202 [114sec, 14.2Volts, 0.149Amps, CPT:1977sec]
(Jun 27 2019 22:58:07,  864986 sec) sbe41cp.c:chat()     Expected string [S>] not received.
(Jun 27 2019 23:01:24,  865183 sec) Sbe41cpBinAverage()  Finished averaging 23091 samples in 192 seconds.
(Jun 27 2019 23:01:29,  865188 sec) Sbe41cpUploadCP()    Sbe41cpSerNo[08355] NSample[23091] NBin[997]
(Jun 27 2019 23:03:28,  865307 sec) Sbe41cpUploadCP()    Continuous profile uploaded [997 lines].

<EOT>

<EOT>
