(Jan 18 2019 22:54:12,  866360 sec) TelemetryInit()      Profile 122. (Apf9i FwRev: 061016)
(Jan 18 2019 23:01:13,  866781 sec) AirSystem()          Battery [188cnt, 14.6V]  Current [74cnt, 298.2mA]  Barometer [126cnt, 6.5"Hg]  Run-Time [50s]
(Jan 18 2019 23:01:51,  866818 sec) GetSurfaceObs()      P/O2,T2,TPhase,RPhase,RawTemp/FSig,BbSig,TSig: -0.5dbars / 242.8uM 24.657C 29.879 8.891 122.830 / 162,200,537
(Jan 18 2019 23:01:59,  866827 sec) GpsServices()        GPS almanac is current.
(Jan 18 2019 23:01:59,  866827 sec) GpsServices()        Initiating GPS fix acquisition.
(Jan 18 2019 23:02:14,  866842 sec) gga()                $GPGGA,230150,1705.9885,N,06653.2533,E,0,00,,,M,,M,,*56
(Jan 18 2019 23:02:26,  866854 sec) gga()                $GPGGA,230210,1705.9885,N,06653.2533,E,0,00,,,M,,M,,*51
(Jan 18 2019 23:02:37,  866865 sec) gga()                $GPGGA,230220,1705.9885,N,06653.2533,E,0,00,,,M,,M,,*52
(Jan 18 2019 23:02:48,  866876 sec) gga()                $GPGGA,230230,1705.9885,N,06653.2533,E,0,00,,,M,,M,,*53
(Jan 18 2019 23:02:59,  866887 sec) gga()                $GPGGA,230240,1705.9885,N,06653.2533,E,0,00,,,M,,M,,*54
(Jan 18 2019 23:03:10,  866898 sec) gga()                $GPGGA,230250,1705.9885,N,06653.2533,E,0,00,,,M,,M,,*55
(Jan 18 2019 23:03:53,  866940 sec) gga()                $GPGGA,230300,1710.2714,N,06646.7837,E,1,09,0.8,1.0,M,-64.8,M,,*69
(Jan 18 2019 23:03:53,  866941 sec) GpsServices()        Profile 122 GPS fix obtained in 113 seconds.
(Jan 18 2019 23:03:53,  866941 sec) GpsServices()                  lon     lat mm/dd/yyyy hhmmss nsat
(Jan 18 2019 23:03:53,  866941 sec) GpsServices()        Fix:   66.780  17.171 01/18/2019 230300    9
(Jan 18 2019 23:04:38,  866986 sec) gga()                $GPGGA,230350,1710.2734,N,06646.7838,E,1,10,0.8,-2.0,M,-64.8,M,,*47
(Jan 18 2019 23:04:46,  866994 sec) gga()                $GPGGA,230440,1710.2763,N,06646.7841,E,1,10,0.8,-2.8,M,-64.8,M,,*45
(Jan 18 2019 23:04:46,  866994 sec) GpsServices()        APF9 RTC skew (6s) OK.
(Jan 18 2019 23:04:47,  866994 sec) GpsServices()        GPS services complete.
(Jan 18 2019 23:05:12,  867020 sec) CLogin()             Connecting to primary host.
(Jan 18 2019 23:05:23,  867031 sec) CLogin()             Connection 1 established in 11 seconds.
(Jan 18 2019 23:05:34,  867042 sec) login()              Login successful.
(Jan 18 2019 23:05:38,  867046 sec) CLogin()             Logged in to host.  [Login required 15 seconds]
(Jan 18 2019 23:05:50,  867058 sec) RxConfig()           Downloading "mission.cfg" from host.
(Jan 18 2019 23:05:52,  867060 sec) Rx()                 Initiating transfer. [0x43]
(Jan 18 2019 23:05:55,  867063 sec) RxStartByte()        Sync errors encountered: 392
(Jan 18 2019 23:05:59,  867066 sec) Rx()                 Truncated packet received - retrying.
(Jan 18 2019 23:06:03,  867071 sec) RxStartByte()        Sync errors encountered: 564
(Jan 18 2019 23:06:08,  867076 sec) Rx()                 Pad character [0x1a] found in ascii mode - truncating packet.
(Jan 18 2019 23:06:16,  867083 sec) Rx()                 Received EOT - transfer complete. [1 packets, 1024 bytes, 24 sec, 42.7 bps]
(Jan 18 2019 23:06:16,  867084 sec) RxConfig()           Download successful.
(Jan 18 2019 23:06:39,  867107 sec) WriteVitals()        Writing vitals to "7827.122.msg".
(Jan 18 2019 23:06:57,  867125 sec) UpLoadFile()         Uploading "7827.122.msg" to host as "7827.122.msg".
(Jan 18 2019 23:07:00,  867128 sec) Tx()                 CRC negotiation successful. [16-bit CRC]
(Jan 18 2019 23:07:33,  867161 sec) TxPacket()           NAK received - resending packet. [PktNum=0x05]
(Jan 18 2019 23:07:33,  867161 sec) TxPacket()           Packet xmit history: [00000001] (0:ok, 1:fail).
(Jan 18 2019 23:07:43,  867171 sec) TxPacket()           NAK received - resending packet. [PktNum=0x06]
(Jan 18 2019 23:07:43,  867171 sec) TxPacket()           Packet xmit history: [00000101] (0:ok, 1:fail).
(Jan 18 2019 23:08:02,  867190 sec) TxPacket()           NAK received - resending packet. [PktNum=0x07]
(Jan 18 2019 23:08:02,  867190 sec) TxPacket()           Packet xmit history: [00010101] (0:ok, 1:fail).
(Jan 18 2019 23:08:17,  867205 sec) TxPacket()           NAK received - resending packet. [PktNum=0x08]
(Jan 18 2019 23:08:17,  867205 sec) TxPacket()           Packet xmit history: [01010101] (0:ok, 1:fail).
(Jan 18 2019 23:08:36,  867224 sec) TxPacket()           NAK received - resending packet. [PktNum=0x0a]
(Jan 18 2019 23:08:37,  867224 sec) TxPacket()           Packet xmit history: [10101001] (0:ok, 1:fail).
(Jan 18 2019 23:08:39,  867227 sec) TxPacket()           NAK received - resending packet. [PktNum=0x0a]
(Jan 18 2019 23:08:40,  867227 sec) TxPacket()           Packet xmit history: [01010011] (0:ok, 1:fail).
(Jan 18 2019 23:08:48,  867236 sec) TxPacket()           NAK received - resending packet. [PktNum=0x0a]
(Jan 18 2019 23:08:49,  867236 sec) TxPacket()           Packet xmit history: [10100111] (0:ok, 1:fail).
(Jan 18 2019 23:09:14,  867261 sec) TxPacket()           NAK received - resending packet. [PktNum=0x0e]
(Jan 18 2019 23:09:14,  867261 sec) TxPacket()           Packet xmit history: [11100001] (0:ok, 1:fail).
(Jan 18 2019 23:10:38,  867346 sec) TxPacket()           NAK received - resending packet. [PktNum=0x1b]
(Jan 18 2019 23:10:38,  867346 sec) TxPacket()           Packet xmit history: [00000001] (0:ok, 1:fail).
(Jan 18 2019 23:12:01,  867429 sec) Tx()                 Transmission completed successfully [39 packets, 36860 bytes, 300 sec, 124.2 bps]
(Jan 18 2019 23:12:01,  867429 sec) UpLoadFile()         Upload successful.
(Jan 18 2019 23:12:08,  867436 sec) UpLoadFile()         Uploading "7827.122.log" to host as "7827.122.log".
(Jan 18 2019 23:12:11,  867439 sec) Tx()                 CRC negotiation successful. [16-bit CRC]
(Jan 18 2019 23:12:15,  867443 sec) TxPacket()           Invalid response [0x43] - resending packet. [PktNum=0x01]
(Jan 18 2019 23:12:15,  867443 sec) TxPacket()           Packet xmit history: [00000001] (0:ok, 1:fail).
(Jan 18 2019 23:12:33,  867461 sec) TxPacket()           NAK received - resending packet. [PktNum=0x05]
(Jan 18 2019 23:12:33,  867461 sec) TxPacket()           Packet xmit history: [00100001] (0:ok, 1:fail).
(Jan 18 2019 23:12:40,  867467 sec) TxPacket()           Packet xmit history: [01000010] (0:ok, 1:fail).
(Jan 18 2019 23:12:46,  867474 sec) TxPacket()           Invalid response [0x63] - resending packet. [PktNum=0x05]
(Jan 18 2019 23:12:46,  867474 sec) TxPacket()           Packet xmit history: [10000101] (0:ok, 1:fail).
(Jan 18 2019 23:12:48,  867476 sec) TxPacket()           Invalid response [0x5e] - resending packet. [PktNum=0x05]
(Jan 18 2019 23:12:48,  867476 sec) TxPacket()           Packet xmit history: [00001011] (0:ok, 1:fail).
(Jan 18 2019 23:12:50,  867477 sec) TxPacket()           Invalid response [0x33] - resending packet. [PktNum=0x05]
(Jan 18 2019 23:12:50,  867478 sec) TxPacket()           Packet xmit history: [00010111] (0:ok, 1:fail).
(Jan 18 2019 23:12:51,  867479 sec) TxPacket()           Invalid response [0x3e] - resending packet. [PktNum=0x05]
(Jan 18 2019 23:12:51,  867479 sec) TxPacket()           Packet xmit history: [00101111] (0:ok, 1:fail).
(Jan 18 2019 23:12:52,  867480 sec) TxPacket()           Invalid response [0x29] - resending packet. [PktNum=0x05]
(Jan 18 2019 23:12:53,  867480 sec) TxPacket()           Packet xmit history: [01011111] (0:ok, 1:fail).
(Jan 18 2019 23:12:54,  867482 sec) TxPacket()           Invalid response [0x69] - resending packet. [PktNum=0x05]
(Jan 18 2019 23:12:55,  867483 sec) TxPacket()           Packet xmit history: [10111111] (0:ok, 1:fail).
(Jan 18 2019 23:12:57,  867485 sec) TxPacket()           Invalid response [0x6e] - resending packet. [PktNum=0x05]
(Jan 18 2019 23:12:57,  867485 sec) TxPacket()           Packet xmit history: [01111111] (0:ok, 1:fail).
(Jan 18 2019 23:12:59,  867487 sec) TxPacket()           Invalid response [0x65] - resending packet. [PktNum=0x05]
(Jan 18 2019 23:13:00,  867487 sec) TxPacket()           Packet xmit history: [11111111] (0:ok, 1:fail).
(Jan 18 2019 23:13:00,  867488 sec) TxPacket()           Exit status: -5
(Jan 18 2019 23:13:00,  867488 sec) Tx()                 Packet transmission failed - aborting transfer.
(Jan 18 2019 23:13:13,  867500 sec) UpLoadFile()         Upload failed.
(Jan 18 2019 23:13:30,  867518 sec) UpLoadFile()         Uploading "7827.122.log" to host as "7827.122.log".
(Jan 18 2019 23:14:31,  867578 sec) Tx()                 CRC negotiation failed - aborting transfer.
(Jan 18 2019 23:14:42,  867589 sec) UpLoadFile()         Upload failed.
(Jan 18 2019 23:14:42,  867590 sec) UpLoad()             Files successfully uploaded: 1
(Jan 18 2019 23:14:42,  867590 sec) UpLoad()             Aborting upload: Retry limit [2] exceeded. Upload incomplete.
(Jan 18 2019 23:14:47,  867594 sec) chat()               Expected string [cmd>] not received.
(Jan 18 2019 23:14:47,  867594 sec) logout()             Can't get command prompt.
(Jan 18 2019 23:14:49,  867596 sec) logout()             Log-out successful.
(Jan 18 2019 23:14:50,  867598 sec) Telemetry()          Telemetry cycle complete: PrfId=122 ConnectionAttempts=1  Connections=1
(Jan 18 2019 23:30:05,  868512 sec) AirSystem()          Air-bladder inflation by-passed. Barometer: [126cnt, 6.5"Hg].
(Jan 18 2019 23:30:42,  868549 sec) GetSurfaceObs()      P/O2,T2,TPhase,RPhase,RawTemp/FSig,BbSig,TSig: -0.5dbars / 245.0uM 24.314C 29.914 8.916 133.965 / 150,190,537
(Jan 18 2019 23:30:43,  868550 sec) GpsServices()        GPS almanac is current.
(Jan 18 2019 23:30:43,  868551 sec) GpsServices()        Initiating GPS fix acquisition.
(Jan 18 2019 23:30:57,  868565 sec) gga()                $GPGGA,233040,1710.2714,N,06646.7837,E,0,00,,,M,,M,,*55
(Jan 18 2019 23:31:40,  868608 sec) gga()                $GPGGA,233050,1710.3822,N,06646.7856,E,1,09,0.8,-1.1,M,-64.8,M,,*4C
(Jan 18 2019 23:31:41,  868608 sec) GpsServices()        Profile 122 GPS fix obtained in 58 seconds.
(Jan 18 2019 23:31:41,  868609 sec) GpsServices()                  lon     lat mm/dd/yyyy hhmmss nsat
(Jan 18 2019 23:31:41,  868609 sec) GpsServices()        Fix:   66.780  17.173 01/18/2019 233050    9
(Jan 18 2019 23:32:28,  868656 sec) gga()                $GPGGA,233140,1710.3865,N,06646.7863,E,1,10,0.8,-1.4,M,-64.8,M,,*44
(Jan 18 2019 23:32:36,  868664 sec) gga()                $GPGGA,233230,1710.3909,N,06646.7868,E,1,10,0.8,-1.8,M,-64.8,M,,*4C
(Jan 18 2019 23:32:36,  868664 sec) GpsServices()        APF9 RTC skew (6s) OK.
(Jan 18 2019 23:32:37,  868664 sec) GpsServices()        GPS services complete.
(Jan 18 2019 23:33:10,  868698 sec) CLogin()             Connecting to primary host.
(Jan 18 2019 23:33:29,  868717 sec) CLogin()             Connection 2 established in 19 seconds.
(Jan 18 2019 23:33:38,  868726 sec) login()              Login successful.
(Jan 18 2019 23:33:41,  868729 sec) CLogin()             Logged in to host.  [Login required 12 seconds]
(Jan 18 2019 23:33:53,  868741 sec) RxConfig()           Downloading "mission.cfg" from host.
(Jan 18 2019 23:33:56,  868743 sec) Rx()                 Initiating transfer. [0x43]
(Jan 18 2019 23:33:58,  868746 sec) RxStartByte()        Sync errors encountered: 485
(Jan 18 2019 23:34:02,  868749 sec) Rx()                 Pad character [0x1a] found in ascii mode - truncating packet.
(Jan 18 2019 23:34:06,  868753 sec) Rx()                 Received EOT - transfer complete. [1 packets, 1024 bytes, 10 sec, 102.4 bps]
(Jan 18 2019 23:34:06,  868754 sec) RxConfig()           Download successful.
(Jan 18 2019 23:34:35,  868783 sec) UpLoadFile()         Uploading "7827.122.log" to host as "7827.122.log".
(Jan 18 2019 23:34:38,  868786 sec) Tx()                 CRC negotiation successful. [16-bit CRC]
(Jan 18 2019 23:34:47,  868795 sec) TxPacket()           NAK received - resending packet. [PktNum=0x01]
(Jan 18 2019 23:34:47,  868795 sec) TxPacket()           Packet xmit history: [01110001] (0:ok, 1:fail).
(Jan 18 2019 23:35:06,  868814 sec) TxPacket()           NAK received - resending packet. [PktNum=0x04]
(Jan 18 2019 23:35:06,  868814 sec) TxPacket()           Packet xmit history: [00010001] (0:ok, 1:fail).
(Jan 18 2019 23:35:50,  868858 sec) TxPacket()           NAK received - resending packet. [PktNum=0x0a]
(Jan 18 2019 23:35:51,  868858 sec) TxPacket()           Packet xmit history: [10000001] (0:ok, 1:fail).
(Jan 18 2019 23:36:11,  868879 sec) TxPacket()           NAK received - resending packet. [PktNum=0x0c]
(Jan 18 2019 23:36:12,  868879 sec) TxPacket()           Packet xmit history: [00001001] (0:ok, 1:fail).
(Jan 18 2019 23:36:17,  868885 sec) TxPacket()           NAK received - resending packet. [PktNum=0x0c]
(Jan 18 2019 23:36:17,  868885 sec) TxPacket()           Packet xmit history: [00010011] (0:ok, 1:fail).
(Jan 18 2019 23:37:15,  868943 sec) TxPacket()           NAK received - resending packet. [PktNum=0x14]
(Jan 18 2019 23:37:15,  868943 sec) TxPacket()           Packet xmit history: [00000001] (0:ok, 1:fail).
(Jan 18 2019 23:37:52,  868980 sec) Tx()                 Transmission completed successfully [24 packets, 23528 bytes, 192 sec, 123.3 bps]
(Jan 18 2019 23:37:52,  868980 sec) UpLoadFile()         Upload successful.
(Jan 18 2019 23:38:02,  868990 sec) UpLoad()             Files successfully uploaded: 1
(Jan 18 2019 23:38:03,  868990 sec) UpLoad()             Upload complete.
(Jan 18 2019 23:38:07,  868994 sec) logout()             Log-out successful.
(Jan 18 2019 23:38:08,  868996 sec) Telemetry()          Telemetry cycle complete: PrfId=122 ConnectionAttempts=2  Connections=2
(Jan 18 2019 23:38:08,  868996 sec) TelemetryTerminate(  Parsing new mission configuration.
(Jan 18 2019 23:38:10,  868998 sec) configure()          Parsing configurators in "mission.cfg".
(Jan 18 2019 23:38:18,  869006 sec) configure()             TelemetryRetry(15)          [0x7BBC] [TelemetryRetry(15)].
(Jan 18 2019 23:38:19,  869006 sec) configure()          Configuration CRCs and syntax OK.
(Jan 18 2019 23:38:19,  869007 sec) ConfigSupervisor()   Configuration accepted.
(Jan 18 2019 23:38:19,  869007 sec) TelemetryTerminate(  Reconditioning the file system.
(Jan 18 2019 23:38:36,      11 sec) DescentInit()        Deep profile 123 initiated at mission-time 869013sec.
(Jan 18 2019 23:38:39,      13 sec) DescentInit()        Surface pressure: -0.5dbars.
(Jan 18 2019 23:38:44,      18 sec) PistonMoveAbsWTO()    187->075 186 185 184 183 182 181 180 179 178 177 176 175 174 173 172 171 170 169 168 167 166 165 164 163 162 161 160 159 158 157 156 155 154 153 152 151 150 149 148 147 146 145 144 143 142 141 140 139 138 137 136 135 134 133 132 131 130 129 128 127 126 125 124 123 122 121 120 119 118 117 116 115 114 113 112 111 110 109 108 107 106 105 104 103 102 101 100 099 098 097 096 095 094 093 092 091 090 089 088 087 086 085 084 083 082 081 080 079 078 077 076 075 [569sec, 14.2Volts, 0.165Amps, CPT:569sec]
(Jan 18 2019 23:48:22,     597 sec) Descent()            Pressure: 47.0
(Jan 19 2019 00:38:29,    3604 sec) Descent()            Pressure: 433.7
(Jan 19 2019 01:38:29,    7204 sec) Descent()            Pressure: 759.6
(Jan 19 2019 02:38:29,   10804 sec) Descent()            Pressure: 953.3
(Jan 19 2019 03:38:29,   14404 sec) Descent()            Pressure: 987.8
(Jan 19 2019 04:38:29,   18004 sec) Descent()            Pressure: 991.6
(Jan 19 2019 04:38:30,   18004 sec) ParkInit()           
(Jan 28 2019 11:30:20,  820314 sec) CtdPower()           [ 1001.34,  8.7265, 35.3848]
(Jan 28 2019 11:30:20,  820314 sec) CtdPower()           CTD Power consumption [182VCnt 9ACnt]: 14.108Volts * 0.036Amps = 0.51Watts.
(Jan 28 2019 11:30:21,  820315 sec) ParkTerminate()      Piston Position:75 Vacuum:80 Vq:194 Aq:6 Vsbe:182 Asbe:9 Vflbb:176 Aflbb:12
(Jan 28 2019 11:30:57,  820352 sec) ParkTerminate()      PTS/O2,T2,TPhase,RawTemp: 1001.3dbars 8.7198C 35.3896PSU / 6.0uM 8.750C 60.965 8.249 632.272
(Jan 28 2019 11:30:57,  820352 sec) ParkTerminate()      FLBB FSig, BbSig, TSig: 57, 146, 564
(Jan 28 2019 11:30:58,  820353 sec) GoDeepInit()         Moving piston.
(Jan 28 2019 11:30:58,  820353 sec) PistonMoveAbsWTO()    075->027 074 073 072 071 070 069 068 067 066 065 064 063 062 061 060 059 058 057 056 055 054 053 052 051 050 049 048 047 046 045 044 043 042 041 040 039 038 037 036 035 034 033 032 031 030 029 028 027 [248sec, 14.0Volts, 0.113Amps, CPT:817sec]
(Jan 28 2019 15:23:29,  834304 sec) GoDeep()             Sequence point detected at 2000.7dbar.
(Jan 28 2019 15:23:32,  834307 sec) ProfileInit()        PrfId:123  Pressure:2000.7dbar  pTable[0]:2000dbar
(Jan 28 2019 15:24:19,  834353 sec) Profile()            Sample 0 initiated at 2000.7dbars for bin 0 [2000dbars].  PTS/O2,T2,TPhase,RPhase,RawTemp/FSig,BbSig,TSig: 2000.8dbars 3.1193C 34.8598PSU / 97.1uM 3.135C 50.497 8.329 797.597 /   57  106  573
(Jan 28 2019 15:24:19,  834354 sec) PistonMoveAbsWTO()    027->049 028 029 030 031 032 [30sec, 12.6Volts, 0.770Amps, CPT:847sec]
(Jan 28 2019 15:25:01,  834395 sec) PistonMoveAbsWTO()    032->049 033 034 035 036 [30sec, 12.5Volts, 0.782Amps, CPT:877sec]
(Jan 28 2019 15:27:04,  834518 sec) Sbe41cpStartCP()     Continuous profile started.
(Jan 28 2019 15:27:04,  834519 sec) PistonMoveAbsWTO()    036->049 037 038 039 040 [30sec, 12.4Volts, 0.818Amps, CPT:907sec]
(Jan 28 2019 15:27:45,  834560 sec) PistonMoveAbsWTO()    040->049 041 042 043 044 [30sec, 12.3Volts, 0.794Amps, CPT:937sec]
(Jan 28 2019 15:28:26,  834601 sec) PistonMoveAbsWTO()    044->049 045 046 047 048 [30sec, 12.2Volts, 0.774Amps, CPT:967sec]
(Jan 28 2019 15:29:07,  834642 sec) PistonMoveAbsWTO()    048->049 049 [2sec, 12.2Volts, 0.782Amps, CPT:969sec]
(Jan 28 2019 15:42:26,  835441 sec) Profile()            Sample 1 initiated at 1901.0dbars for bin 1 [1900dbars].  PTS/O2,T2,TPhase,RPhase,RawTemp/FSig,BbSig,TSig: 1900.7dbars 3.4033C 34.8817PSU / 93.5uM 3.414C 50.717 8.337 789.660 /   58  112  573
(Jan 28 2019 15:59:12,  836446 sec) AscentControlAgent(  Bouyancy nudge to 59 (v=0.077dbar/sec).
(Jan 28 2019 15:59:12,  836447 sec) PistonMoveAbsWTO()    049->059 050 051 052 053 [30sec, 13.0Volts, 0.762Amps, CPT:999sec]
(Jan 28 2019 15:59:53,  836488 sec) PistonMoveAbsWTO()    053->059 054 055 056 057 058 [30sec, 12.8Volts, 0.745Amps, CPT:1029sec]
(Jan 28 2019 16:00:34,  836529 sec) PistonMoveAbsWTO()    058->059 059 [6sec, 12.8Volts, 0.758Amps, CPT:1035sec]
(Jan 28 2019 16:01:39,  836594 sec) Profile()            Sample 2 initiated at 1801.9dbars for bin 2 [1800dbars].  PTS/O2,T2,TPhase,RPhase,RawTemp/FSig,BbSig,TSig: 1801.6dbars 3.8018C 34.9158PSU / 82.4uM 3.812C 51.653 8.336 778.265 /   58  114  572
(Jan 28 2019 16:18:27,  837602 sec) Profile()            Sample 3 initiated at 1701.3dbars for bin 3 [1700dbars].  PTS/O2,T2,TPhase,RPhase,RawTemp/FSig,BbSig,TSig: 1701.0dbars 4.2743C 34.9580PSU / 69.8uM 4.286C 52.819 8.339 764.640 /   58  111  572
(Jan 28 2019 16:36:22,  838677 sec) Profile()            Sample 4 initiated at 1601.2dbars for bin 4 [1600dbars].  PTS/O2,T2,TPhase,RPhase,RawTemp/FSig,BbSig,TSig: 1600.9dbars 4.7574C 35.0013PSU / 58.8uM 4.768C 53.925 8.340 750.697 /   58  116  571
(Jan 28 2019 16:40:04,  838898 sec) AscentControlAgent(  Bouyancy nudge to 69 (v=0.076dbar/sec).
(Jan 28 2019 16:40:04,  838899 sec) PistonMoveAbsWTO()    059->069 060 061 062 063 [30sec, 13.2Volts, 0.657Amps, CPT:1065sec]
(Jan 28 2019 16:40:45,  838940 sec) PistonMoveAbsWTO()    063->069 064 065 066 067 068 [30sec, 13.0Volts, 0.665Amps, CPT:1095sec]
(Jan 28 2019 16:41:26,  838981 sec) PistonMoveAbsWTO()    068->069 069 [3sec, 12.9Volts, 0.681Amps, CPT:1098sec]
(Jan 28 2019 16:54:54,  839789 sec) Profile()            Sample 5 initiated at 1501.9dbars for bin 5 [1500dbars].  PTS/O2,T2,TPhase,RPhase,RawTemp/FSig,BbSig,TSig: 1501.7dbars 5.4877C 35.0622PSU / 46.3uM 5.500C 55.260 8.348 729.329 /   58  117  570
(Jan 28 2019 17:13:20,  840895 sec) Profile()            Sample 6 initiated at 1401.5dbars for bin 6 [1400dbars].  PTS/O2,T2,TPhase,RPhase,RawTemp/FSig,BbSig,TSig: 1401.2dbars 6.1364C 35.1259PSU / 34.3uM 6.151C 56.727 8.351 710.206 /   57  119  569
(Jan 28 2019 17:20:35,  841329 sec) AscentControlAgent(  Bouyancy nudge to 79 (v=0.075dbar/sec).
(Jan 28 2019 17:20:35,  841330 sec) PistonMoveAbsWTO()    069->079 070 071 072 073 [30sec, 13.3Volts, 0.588Amps, CPT:1128sec]
(Jan 28 2019 17:21:16,  841371 sec) PistonMoveAbsWTO()    074->079 075 076 077 078 [30sec, 13.2Volts, 0.580Amps, CPT:1158sec]
(Jan 28 2019 17:21:57,  841412 sec) PistonMoveAbsWTO()    078->079 079 [1sec, 13.2Volts, 0.596Amps, CPT:1159sec]
(Jan 28 2019 17:23:35,  841510 sec) Profile()            Sample 7 initiated at 1351.5dbars for bin 7 [1350dbars].  PTS/O2,T2,TPhase,RPhase,RawTemp/FSig,BbSig,TSig: 1351.2dbars 6.4239C 35.1548PSU / 30.2uM 6.442C 57.257 8.353 701.600 /   58  114  568
(Jan 28 2019 17:31:46,  842001 sec) Profile()            Sample 8 initiated at 1301.9dbars for bin 8 [1300dbars].  PTS/O2,T2,TPhase,RPhase,RawTemp/FSig,BbSig,TSig: 1301.7dbars 6.7475C 35.1876PSU / 25.3uM 6.764C 57.945 8.354 692.025 /   60  117  568
(Jan 28 2019 17:40:14,  842509 sec) Profile()            Sample 9 initiated at 1251.5dbars for bin 9 [1250dbars].  PTS/O2,T2,TPhase,RPhase,RawTemp/FSig,BbSig,TSig: 1251.2dbars 7.1157C 35.2247PSU / 21.3uM 7.132C 58.502 8.353 681.045 /   59  117  567
(Jan 28 2019 17:49:34,  843069 sec) Profile()            Sample 10 initiated at 1201.6dbars for bin 10 [1200dbars].  PTS/O2,T2,TPhase,RPhase,RawTemp/FSig,BbSig,TSig: 1201.4dbars 7.4698C 35.2603PSU / 17.4uM 7.488C 59.076 8.352 670.404 /   58  117  567
(Jan 28 2019 17:56:08,  843463 sec) AscentControlAgent(  Bouyancy nudge to 89 (v=0.079dbar/sec).
(Jan 28 2019 17:56:09,  843464 sec) PistonMoveAbsWTO()    079->089 080 081 082 083 084 [30sec, 13.4Volts, 0.516Amps, CPT:1189sec]
(Jan 28 2019 17:56:50,  843505 sec) PistonMoveAbsWTO()    084->089 085 086 087 088 [30sec, 13.3Volts, 0.520Amps, CPT:1219sec]
(Jan 28 2019 17:57:30,  843545 sec) PistonMoveAbsWTO()    088->089 089 [2sec, 13.3Volts, 0.524Amps, CPT:1221sec]
(Jan 28 2019 17:59:17,  843652 sec) Profile()            Sample 11 initiated at 1152.0dbars for bin 11 [1150dbars].  PTS/O2,T2,TPhase,RPhase,RawTemp/FSig,BbSig,TSig: 1151.7dbars 7.7440C 35.2885PSU / 14.0uM 7.763C 59.626 8.351 662.127 /   59  116  566
(Jan 28 2019 18:07:17,  844132 sec) Profile()            Sample 12 initiated at 1101.4dbars for bin 12 [1100dbars].  PTS/O2,T2,TPhase,RPhase,RawTemp/FSig,BbSig,TSig: 1101.1dbars 8.1102C 35.3269PSU / 11.1uM 8.131C 60.095 8.352 651.046 /   58  118  566
(Jan 28 2019 18:15:25,  844620 sec) Profile()            Sample 13 initiated at 1051.3dbars for bin 13 [1050dbars].  PTS/O2,T2,TPhase,RPhase,RawTemp/FSig,BbSig,TSig: 1051.0dbars 8.4236C 35.3591PSU / 8.6uM 8.443C 60.509 8.349 641.588 /   60  118  565
(Jan 28 2019 18:24:05,  845140 sec) Profile()            Sample 14 initiated at 1001.7dbars for bin 14 [1000dbars].  PTS/O2,T2,TPhase,RPhase,RawTemp/FSig,BbSig,TSig: 1001.4dbars 8.7409C 35.3922PSU / 6.8uM 8.761C 60.816 8.351 631.945 /   58  115  565
(Jan 28 2019 18:36:47,  845902 sec) AscentControlAgent(  Bouyancy nudge to 99 (v=0.069dbar/sec).
(Jan 28 2019 18:36:48,  845903 sec) PistonMoveAbsWTO()    089->099 090 091 092 093 094 [30sec, 13.6Volts, 0.471Amps, CPT:1251sec]
(Jan 28 2019 18:37:29,  845943 sec) PistonMoveAbsWTO()    094->099 095 096 097 098 099 [30sec, 13.5Volts, 0.471Amps, CPT:1281sec]
(Jan 28 2019 18:44:26,  846360 sec) Profile()            Sample 16 initiated at 901.8dbars for bin 16 [900dbars].  PTS/O2,T2,TPhase,RPhase,RawTemp/FSig,BbSig,TSig: 901.5dbars 9.6035C 35.4733PSU / 3.2uM 9.625C 61.430 8.365 605.530 /   58  113  563
(Jan 28 2019 19:07:18,  847733 sec) AscentControlAgent(  Bouyancy nudge to 109 (v=0.079dbar/sec).
(Jan 28 2019 19:07:19,  847733 sec) PistonMoveAbsWTO()    099->109 100 101 102 103 104 [30sec, 13.6Volts, 0.419Amps, CPT:1311sec]
(Jan 28 2019 19:07:59,  847773 sec) PistonMoveAbsWTO()    104->109 105 106 107 108 109 [29sec, 13.6Volts, 0.411Amps, CPT:1340sec]
(Jan 28 2019 19:21:23,  848577 sec) Profile()            Sample 20 initiated at 701.1dbars for bin 20 [700dbars].  PTS/O2,T2,TPhase,RPhase,RawTemp/FSig,BbSig,TSig: 700.8dbars 11.1231C 35.5978PSU / 1.8uM 11.148C 61.597 8.439 558.463 /   57  114  561
(Jan 28 2019 19:37:47,  849562 sec) AscentControlAgent(  Bouyancy nudge to 119 (v=0.076dbar/sec).
(Jan 28 2019 19:37:48,  849562 sec) PistonMoveAbsWTO()    109->119 110 111 112 113 114 [30sec, 13.7Volts, 0.359Amps, CPT:1370sec]
(Jan 28 2019 19:38:28,  849602 sec) PistonMoveAbsWTO()    114->119 115 116 117 118 119 [28sec, 13.6Volts, 0.371Amps, CPT:1398sec]
(Jan 28 2019 19:55:58,  850652 sec) Profile()            Sample 24 initiated at 501.4dbars for bin 24 [500dbars].  PTS/O2,T2,TPhase,RPhase,RawTemp/FSig,BbSig,TSig: 501.1dbars 12.4633C 35.7031PSU / 1.1uM 12.507C 61.649 8.512 515.878 /   57  113  559
(Jan 28 2019 20:13:31,  851706 sec) AscentControlAgent(  Bouyancy nudge to 129 (v=0.071dbar/sec).
(Jan 28 2019 20:13:32,  851706 sec) PistonMoveAbsWTO()    119->129 120 121 122 123 124 [30sec, 13.9Volts, 0.294Amps, CPT:1428sec]
(Jan 28 2019 20:14:12,  851746 sec) PistonMoveAbsWTO()    124->129 125 126 127 128 129 [25sec, 13.9Volts, 0.290Amps, CPT:1453sec]
(Jan 28 2019 20:27:46,  852560 sec) Profile()            Sample 28 initiated at 331.2dbars for bin 28 [330dbars].  PTS/O2,T2,TPhase,RPhase,RawTemp/FSig,BbSig,TSig: 330.9dbars 14.1249C 35.8144PSU / 1.0uM 14.152C 61.546 8.541 463.713 /   58  140  556
(Jan 28 2019 20:44:09,  853544 sec) AscentControlAgent(  Bouyancy nudge to 139 (v=0.061dbar/sec).
(Jan 28 2019 20:44:10,  853544 sec) PistonMoveAbsWTO()    129->139 130 131 132 133 134 [30sec, 14.0Volts, 0.238Amps, CPT:1483sec]
(Jan 28 2019 20:44:49,  853584 sec) PistonMoveAbsWTO()    134->139 135 136 137 138 139 [25sec, 14.0Volts, 0.230Amps, CPT:1508sec]
(Jan 28 2019 20:46:00,  853654 sec) Profile()            Sample 32 initiated at 241.1dbars for bin 32 [240dbars].  PTS/O2,T2,TPhase,RPhase,RawTemp/FSig,BbSig,TSig: 240.9dbars 15.5880C 35.8230PSU / 0.9uM 15.649C 61.454 8.613 415.752 /   58  153  554
(Jan 28 2019 20:58:55,  854429 sec) Profile()            Sample 36 initiated at 182.0dbars for bin 36 [180dbars].  PTS/O2,T2,TPhase,RPhase,RawTemp/FSig,BbSig,TSig: 181.8dbars 17.3626C 35.7647PSU / 0.9uM 17.387C 61.338 8.742 359.604 /   57  163  552
(Jan 28 2019 20:59:17,  854452 sec) AscentControlAgent(  Bouyancy nudge to 149 (v=0.061dbar/sec).
(Jan 28 2019 20:59:18,  854452 sec) PistonMoveAbsWTO()    139->149 140 141 142 143 144 [30sec, 14.0Volts, 0.214Amps, CPT:1538sec]
(Jan 28 2019 20:59:57,  854492 sec) PistonMoveAbsWTO()    144->149 145 146 147 148 149 [24sec, 14.0Volts, 0.214Amps, CPT:1562sec]
(Jan 28 2019 21:04:24,  854759 sec) AscentControlAgent(  Bouyancy nudge to 159 (v=0.075dbar/sec).
(Jan 28 2019 21:04:24,  854759 sec) PistonMoveAbsWTO()    149->159 150 151 152 153 154 [30sec, 14.0Volts, 0.210Amps, CPT:1592sec]
(Jan 28 2019 21:05:04,  854799 sec) PistonMoveAbsWTO()    154->159 155 156 157 158 159 [24sec, 14.0Volts, 0.210Amps, CPT:1616sec]
(Jan 28 2019 21:07:19,  854933 sec) Profile()            Sample 40 initiated at 141.4dbars for bin 40 [140dbars].  PTS/O2,T2,TPhase,RPhase,RawTemp/FSig,BbSig,TSig: 141.1dbars 19.8105C 35.9643PSU / 0.8uM 19.824C 61.173 8.822 280.302 /   56  113  550
(Jan 28 2019 21:15:33,  855428 sec) Profile()            Sample 44 initiated at 101.7dbars for bin 44 [100dbars].  PTS/O2,T2,TPhase,RPhase,RawTemp/FSig,BbSig,TSig: 101.6dbars 22.9236C 36.3443PSU / 50.0uM 22.914C 48.693 8.917 179.499 /   58  113  546
(Jan 28 2019 21:30:31,  856325 sec) Profile()            Sample 48 initiated at 61.9dbars for bin 48 [60dbars].  PTS/O2,T2,TPhase,RPhase,RawTemp/FSig,BbSig,TSig: 61.8dbars 25.6997C 36.6811PSU / 221.2uM 25.711C 30.521 8.969 88.727 /  195  174  539
(Jan 28 2019 21:34:53,  856588 sec) AscentControlAgent(  Bouyancy nudge to 164 (v=0.016dbar/sec).
(Jan 28 2019 21:34:53,  856588 sec) PistonMoveAbsWTO()    159->164 160 161 162 163 164 [26sec, 14.2Volts, 0.177Amps, CPT:1642sec]
(Jan 28 2019 21:41:33,  856987 sec) Profile()            Sample 52 initiated at 37.0dbars for bin 52 [35dbars].  PTS/O2,T2,TPhase,RPhase,RawTemp/FSig,BbSig,TSig: 36.7dbars 25.7006C 36.6727PSU / 226.1uM 25.717C 30.268 8.956 88.529 /  169  172  537
(Jan 28 2019 21:45:36,  857230 sec) Profile()            Sample 56 initiated at 16.8dbars for bin 56 [15dbars].  PTS/O2,T2,TPhase,RPhase,RawTemp/FSig,BbSig,TSig: 16.6dbars 25.7092C 36.6717PSU / 226.8uM 25.725C 30.231 8.952 88.293 /  174  334  537
(Jan 28 2019 21:46:42,  857296 sec) Profile()            Sample 57 initiated at 11.6dbars for bin 57 [10dbars].  PTS/O2,T2,TPhase,RPhase,RawTemp/FSig,BbSig,TSig: 11.4dbars 25.6982C 36.6748PSU / 226.6uM 25.714C 30.245 8.951 88.641 /  167  188  537
(Jan 28 2019 21:48:38,  857412 sec) Profile()            Sample 58 initiated at 5.8dbars for bin 58 [4dbars].  PTS/O2,T2,TPhase,RPhase,RawTemp/FSig,BbSig,TSig: 5.6dbars 25.7001C 36.6747PSU / 227.3uM 25.718C 30.210 8.949 88.496 /  170  182  537
(Jan 28 2019 21:49:04,  857438 sec) Profile()            Sample 59 initiated at 5.0dbars for bin 58 [4dbars].  PTS/O2,T2,TPhase,RPhase,RawTemp/FSig,BbSig,TSig: 4.9dbars 25.6941C 36.6749PSU / 226.9uM 25.715C 30.230 8.951 88.609 /  171  255  537
(Jan 28 2019 21:49:30,  857464 sec) Profile()            Sample 59 initiated at 4.5dbars for bin 58 [4dbars].  PTS/O2,T2,TPhase,RPhase,RawTemp/FSig,BbSig,TSig: 4.5dbars 25.6918C 36.6736PSU / 226.9uM 25.708C 30.230 8.949 88.819 /  159  185  536
(Jan 28 2019 21:49:56,  857490 sec) Profile()            Sample 59 initiated at 4.2dbars for bin 58 [4dbars].  PTS/O2,T2,TPhase,RPhase,RawTemp/FSig,BbSig,TSig: 4.2dbars 25.6924C 36.6741PSU / 227.5uM 25.708C 30.204 8.947 88.819 /  180  181  536
(Jan 28 2019 21:50:09,  857504 sec) SurfaceDetect()      SurfacePressure:-0.5dbars Pressure:3.8dbars PistonPosition:164
(Jan 28 2019 21:50:10,  857505 sec) Sbe41cpStopCP()      Continuous profile stopped.
(Jan 28 2019 21:50:17,  857512 sec) PistonMoveAbsWTO()    164->186 165 166 167 168 169 170 171 172 173 174 175 176 177 178 179 180 181 182 183 184 185 186 [114sec, 14.2Volts, 0.157Amps, CPT:1756sec]
(Jan 28 2019 21:52:29,  857643 sec) sbe41cp.c:chat()     Expected string [S>] not received.
(Jan 28 2019 21:55:45,  857839 sec) Sbe41cpBinAverage()  Finished averaging 23015 samples in 191 seconds.
(Jan 28 2019 21:55:50,  857844 sec) Sbe41cpUploadCP()    Sbe41cpSerNo[08355] NSample[23015] NBin[1000]
(Jan 28 2019 21:57:49,  857964 sec) Sbe41cpUploadCP()    Continuous profile uploaded [1000 lines].

<EOT>

<EOT>
