(Sep 03 2017 11:24:25,  844160 sec) TelemetryInit()      Profile 35. (Apf9i FwRev: 061016)
(Sep 03 2017 11:31:20,  844575 sec) AirSystem()          Battery [188cnt, 14.6V]  Current [79cnt, 318.3mA]  Barometer [127cnt, 6.8"Hg]  Run-Time [47s]
(Sep 03 2017 11:31:57,  844612 sec) GetSurfaceObs()      P/O2,T2,TPhase,RPhase,RawTemp/FSig,BbSig,TSig: -0.5dbars / 232.7uM 27.087C 29.417 9.016 44.475 / 107,159,534
(Sep 03 2017 11:32:04,  844619 sec) GpsServices()        GPS almanac is current.
(Sep 03 2017 11:32:04,  844619 sec) GpsServices()        Initiating GPS fix acquisition.
(Sep 03 2017 11:32:22,  844637 sec) gga()                $GPGGA,113140,1545.5134,N,06511.7108,E,0,00,,,M,,M,,*50
(Sep 03 2017 11:32:34,  844649 sec) gga()                $GPGGA,113200,1545.5134,N,06511.7108,E,0,00,,,M,,M,,*57
(Sep 03 2017 11:32:45,  844660 sec) gga()                $GPGGA,113210,1545.5134,N,06511.7108,E,0,00,,,M,,M,,*56
(Sep 03 2017 11:32:56,  844671 sec) gga()                $GPGGA,113220,1545.5134,N,06511.7108,E,0,00,,,M,,M,,*55
(Sep 03 2017 11:33:07,  844682 sec) gga()                $GPGGA,113230,1545.5134,N,06511.7108,E,0,00,,,M,,M,,*54
(Sep 03 2017 11:33:18,  844693 sec) gga()                $GPGGA,113240,1545.5134,N,06511.7108,E,0,00,,,M,,M,,*53
(Sep 03 2017 11:33:29,  844704 sec) gga()                $GPGGA,113250,1545.5134,N,06511.7108,E,0,00,,,M,,M,,*52
(Sep 03 2017 11:34:57,  844792 sec) gga()                $GPGGA,113350,1537.5220,N,06516.6313,E,1,11,0.7,12.6,M,-65.0,M,,*5D
(Sep 03 2017 11:34:57,  844792 sec) GpsServices()        Profile 35 GPS fix obtained in 173 seconds.
(Sep 03 2017 11:34:57,  844792 sec) GpsServices()                  lon     lat mm/dd/yyyy hhmmss nsat
(Sep 03 2017 11:34:57,  844792 sec) GpsServices()        Fix:   65.277  15.625 09/03/2017 113350   11
(Sep 03 2017 11:35:47,  844842 sec) gga()                $GPGGA,113440,1537.5171,N,06516.6384,E,1,11,0.7,11.9,M,-65.0,M,,*5E
(Sep 03 2017 11:35:54,  844849 sec) gga()                $GPGGA,113530,1537.5117,N,06516.6466,E,1,11,0.7,11.8,M,-65.0,M,,*52
(Sep 03 2017 11:35:54,  844850 sec) GpsServices()        APF9 RTC skew (24s) OK.
(Sep 03 2017 11:35:55,  844850 sec) GpsServices()        GPS services complete.
(Sep 03 2017 11:36:20,  844875 sec) CLogin()             Connecting to primary host.
(Sep 03 2017 11:36:32,  844887 sec) CLogin()             Connection 1 established in 12 seconds.
(Sep 03 2017 11:36:42,  844897 sec) login()              Login successful.
(Sep 03 2017 11:36:46,  844901 sec) CLogin()             Logged in to host.  [Login required 14 seconds]
(Sep 03 2017 11:36:58,  844913 sec) RxConfig()           Downloading "mission.cfg" from host.
(Sep 03 2017 11:37:00,  844915 sec) Rx()                 Initiating transfer. [0x43]
(Sep 03 2017 11:37:04,  844920 sec) RxStartByte()        Sync errors encountered: 671
(Sep 03 2017 11:37:09,  844924 sec) Rx()                 Pad character [0x1a] found in ascii mode - truncating packet.
(Sep 03 2017 11:37:14,  844929 sec) Rx()                 Received EOT - transfer complete. [1 packets, 1024 bytes, 14 sec, 73.1 bps]
(Sep 03 2017 11:37:14,  844929 sec) RxConfig()           Download successful.
(Sep 03 2017 11:37:37,  844952 sec) WriteVitals()        Writing vitals to "7827.035.msg".
(Sep 03 2017 11:37:52,  844967 sec) UpLoadFile()         Uploading "7827.035.msg" to host as "7827.035.msg".
(Sep 03 2017 11:37:55,  844970 sec) Tx()                 CRC negotiation successful. [16-bit CRC]
(Sep 03 2017 11:38:06,  844981 sec) TxPacket()           NAK received - resending packet. [PktNum=0x01]
(Sep 03 2017 11:38:06,  844981 sec) TxPacket()           Packet xmit history: [01110001] (0:ok, 1:fail).
(Sep 03 2017 11:38:34,  845009 sec) TxPacket()           NAK received - resending packet. [PktNum=0x05]
(Sep 03 2017 11:38:34,  845009 sec) TxPacket()           Packet xmit history: [00100001] (0:ok, 1:fail).
(Sep 03 2017 11:39:14,  845049 sec) TxPacket()           NAK received - resending packet. [PktNum=0x0a]
(Sep 03 2017 11:39:14,  845049 sec) TxPacket()           Packet xmit history: [01000001] (0:ok, 1:fail).
(Sep 03 2017 11:39:19,  845054 sec) TxPacket()           NAK received - resending packet. [PktNum=0x0a]
(Sep 03 2017 11:39:19,  845054 sec) TxPacket()           Packet xmit history: [10000011] (0:ok, 1:fail).
(Sep 03 2017 11:39:25,  845060 sec) TxPacket()           NAK received - resending packet. [PktNum=0x0a]
(Sep 03 2017 11:39:25,  845060 sec) TxPacket()           Packet xmit history: [00000111] (0:ok, 1:fail).
(Sep 03 2017 11:40:31,  845126 sec) TxPacket()           NAK received - resending packet. [PktNum=0x13]
(Sep 03 2017 11:40:31,  845126 sec) TxPacket()           Packet xmit history: [00000001] (0:ok, 1:fail).
(Sep 03 2017 11:40:39,  845134 sec) TxPacket()           NAK received - resending packet. [PktNum=0x13]
(Sep 03 2017 11:40:39,  845134 sec) TxPacket()           Packet xmit history: [00000011] (0:ok, 1:fail).
(Sep 03 2017 11:40:43,  845138 sec) TxPacket()           NAK received - resending packet. [PktNum=0x13]
(Sep 03 2017 11:40:44,  845139 sec) TxPacket()           Packet xmit history: [00000111] (0:ok, 1:fail).
(Sep 03 2017 11:40:49,  845144 sec) TxPacket()           NAK received - resending packet. [PktNum=0x13]
(Sep 03 2017 11:40:49,  845144 sec) TxPacket()           Packet xmit history: [00001111] (0:ok, 1:fail).
(Sep 03 2017 11:40:56,  845151 sec) TxPacket()           NAK received - resending packet. [PktNum=0x13]
(Sep 03 2017 11:40:56,  845151 sec) TxPacket()           Packet xmit history: [00011111] (0:ok, 1:fail).
(Sep 03 2017 11:41:01,  845156 sec) TxPacket()           NAK received - resending packet. [PktNum=0x13]
(Sep 03 2017 11:41:02,  845157 sec) TxPacket()           Packet xmit history: [00111111] (0:ok, 1:fail).
(Sep 03 2017 11:41:06,  845161 sec) TxPacket()           NAK received - resending packet. [PktNum=0x13]
(Sep 03 2017 11:41:06,  845161 sec) TxPacket()           Packet xmit history: [01111111] (0:ok, 1:fail).
(Sep 03 2017 11:41:09,  845164 sec) TxPacket()           NAK received - resending packet. [PktNum=0x13]
(Sep 03 2017 11:41:09,  845164 sec) TxPacket()           Packet xmit history: [11111111] (0:ok, 1:fail).
(Sep 03 2017 11:41:24,  845179 sec) TxPacket()           NAK received - resending packet. [PktNum=0x19]
(Sep 03 2017 11:41:24,  845179 sec) TxPacket()           Packet xmit history: [10000001] (0:ok, 1:fail).
(Sep 03 2017 11:41:33,  845188 sec) TxPacket()           Packet xmit history: [00000010] (0:ok, 1:fail).
(Sep 03 2017 11:41:39,  845194 sec) TxPacket()           Invalid response [0x63] - resending packet. [PktNum=0x19]
(Sep 03 2017 11:41:39,  845194 sec) TxPacket()           Packet xmit history: [00000101] (0:ok, 1:fail).
(Sep 03 2017 11:41:41,  845196 sec) TxPacket()           Invalid response [0x5e] - resending packet. [PktNum=0x19]
(Sep 03 2017 11:41:41,  845196 sec) TxPacket()           Packet xmit history: [00001011] (0:ok, 1:fail).
(Sep 03 2017 11:41:43,  845198 sec) TxPacket()           Invalid response [0x0a] - resending packet. [PktNum=0x19]
(Sep 03 2017 11:41:43,  845198 sec) TxPacket()           Packet xmit history: [00010111] (0:ok, 1:fail).
(Sep 03 2017 11:41:44,  845199 sec) TxPacket()           Invalid response [0x6f] - resending packet. [PktNum=0x19]
(Sep 03 2017 11:41:44,  845199 sec) TxPacket()           Packet xmit history: [00101111] (0:ok, 1:fail).
(Sep 03 2017 11:41:46,  845201 sec) TxPacket()           Invalid response [0x6e] - resending packet. [PktNum=0x19]
(Sep 03 2017 11:41:46,  845201 sec) TxPacket()           Packet xmit history: [01011111] (0:ok, 1:fail).
(Sep 03 2017 11:41:47,  845202 sec) TxPacket()           Invalid response [0x6d] - resending packet. [PktNum=0x19]
(Sep 03 2017 11:41:47,  845202 sec) TxPacket()           Packet xmit history: [10111111] (0:ok, 1:fail).
(Sep 03 2017 11:41:49,  845204 sec) TxPacket()           Invalid response [0x44] - resending packet. [PktNum=0x19]
(Sep 03 2017 11:41:50,  845205 sec) TxPacket()           Packet xmit history: [01111111] (0:ok, 1:fail).
(Sep 03 2017 11:41:57,  845212 sec) TxPacket()           Invalid response [0x31] - resending packet. [PktNum=0x19]
(Sep 03 2017 11:41:57,  845212 sec) TxPacket()           Packet xmit history: [11111111] (0:ok, 1:fail).
(Sep 03 2017 11:41:57,  845212 sec) TxPacket()           Exit status: -5
(Sep 03 2017 11:41:58,  845213 sec) Tx()                 Packet transmission failed - aborting transfer.
(Sep 03 2017 11:42:11,  845226 sec) UpLoadFile()         Upload failed.
(Sep 03 2017 11:42:48,  845263 sec) chat()               Expected string [rx -c  7827.035.log] not received.
(Sep 03 2017 11:42:48,  845263 sec) UpLoadFile()         Failed attempt to execute "rx -c  7827.035.log" on the host.
(Sep 03 2017 11:42:48,  845263 sec) UpLoad()             Files successfully uploaded: 0
(Sep 03 2017 11:42:48,  845263 sec) UpLoad()             Aborting upload: Retry limit [2] exceeded. Upload incomplete.
(Sep 03 2017 11:42:54,  845269 sec) chat()               Expected string [logout] not received.
(Sep 03 2017 11:42:54,  845269 sec) logout()             Attempt to log-out failed.
(Sep 03 2017 11:42:59,  845274 sec) chat()               Expected string [cmd>] not received.
(Sep 03 2017 11:42:59,  845274 sec) logout()             Can't get command prompt.
(Sep 03 2017 11:43:04,  845279 sec) chat()               Expected string [logout] not received.
(Sep 03 2017 11:43:04,  845279 sec) logout()             Attempt to log-out failed.
(Sep 03 2017 11:43:04,  845279 sec) logout()             No carrier detected.
(Sep 03 2017 11:43:04,  845279 sec) Telemetry()          Telemetry cycle complete: PrfId=35 ConnectionAttempts=1  Connections=1
(Sep 03 2017 11:58:19,  846194 sec) AirSystem()          Air-bladder inflation by-passed. Barometer: [125cnt, 6.2"Hg].
(Sep 03 2017 12:00:33,  846328 sec) GetSurfaceObs()      P/O2,T2,TPhase,RPhase,RawTemp/FSig,BbSig,TSig: -0.3dbars / 234.6uM 26.783C 29.443 8.998 54.241 / 112,160,534
(Sep 03 2017 12:00:40,  846335 sec) GpsServices()        GPS almanac is current.
(Sep 03 2017 12:00:40,  846335 sec) GpsServices()        Initiating GPS fix acquisition.
(Sep 03 2017 12:01:27,  846382 sec) gga()                $GPGGA,120020,1537.3898,N,06516.8658,E,1,06,1.3,8.0,M,-65.1,M,,*6D
(Sep 03 2017 12:01:28,  846383 sec) GpsServices()        Profile 35 GPS fix obtained in 48 seconds.
(Sep 03 2017 12:01:28,  846383 sec) GpsServices()                  lon     lat mm/dd/yyyy hhmmss nsat
(Sep 03 2017 12:01:28,  846383 sec) GpsServices()        Fix:   65.281  15.623 09/03/2017 120020    6
(Sep 03 2017 12:02:17,  846432 sec) gga()                $GPGGA,120110,1537.3875,N,06516.8719,E,1,10,0.8,10.7,M,-65.1,M,,*5B
(Sep 03 2017 12:02:24,  846439 sec) gga()                $GPGGA,120200,1537.3842,N,06516.8788,E,1,08,0.9,0.5,M,-65.1,M,,*6E
(Sep 03 2017 12:02:25,  846440 sec) GpsServices()        APF9 RTC skew (24s) OK.
(Sep 03 2017 12:02:25,  846440 sec) GpsServices()        GPS services complete.
(Sep 03 2017 12:02:50,  846465 sec) CLogin()             Connecting to primary host.
(Sep 03 2017 12:03:06,  846481 sec) CLogin()             Connection 2 established in 16 seconds.
(Sep 03 2017 12:03:26,  846501 sec) login()              Login successful.
(Sep 03 2017 12:03:31,  846506 sec) chat()               Expected string [cmd>] not received.
(Sep 03 2017 12:03:31,  846506 sec) login()              Attempt to set the command prompt failed.
(Sep 03 2017 12:03:36,  846511 sec) CLogin()             Logged in to host.  [Login required 30 seconds]
(Sep 03 2017 12:03:49,  846524 sec) RxConfig()           Downloading "mission.cfg" from host.
(Sep 03 2017 12:03:51,  846526 sec) Rx()                 Initiating transfer. [0x43]
(Sep 03 2017 12:03:59,  846534 sec) RxStartByte()        Sync errors encountered: 418
(Sep 03 2017 12:04:03,  846538 sec) Rx()                 Truncated packet received - retrying.
(Sep 03 2017 12:04:09,  846544 sec) RxStartByte()        Sync errors encountered: 781
(Sep 03 2017 12:04:11,  846546 sec) Rx()                 Pad character [0x1a] found in ascii mode - truncating packet.
(Sep 03 2017 12:04:16,  846551 sec) Rx()                 Received EOT - transfer complete. [1 packets, 1024 bytes, 25 sec, 41.0 bps]
(Sep 03 2017 12:04:16,  846551 sec) RxConfig()           Download successful.
(Sep 03 2017 12:04:39,  846574 sec) WriteVitals()        Writing vitals to "7827.035.msg".
(Sep 03 2017 12:04:52,  846587 sec) UpLoadFile()         Uploading "7827.035.msg" to host as "7827.035.msg".
(Sep 03 2017 12:04:59,  846594 sec) Tx()                 CRC negotiation successful. [16-bit CRC]
(Sep 03 2017 12:05:28,  846623 sec) TxPacket()           NAK received - resending packet. [PktNum=0x04]
(Sep 03 2017 12:05:28,  846623 sec) TxPacket()           Packet xmit history: [10000001] (0:ok, 1:fail).
(Sep 03 2017 12:05:44,  846639 sec) TxPacket()           NAK received - resending packet. [PktNum=0x05]
(Sep 03 2017 12:05:44,  846639 sec) TxPacket()           Packet xmit history: [00000101] (0:ok, 1:fail).
(Sep 03 2017 12:06:02,  846657 sec) TxPacket()           NAK received - resending packet. [PktNum=0x07]
(Sep 03 2017 12:06:02,  846657 sec) TxPacket()           Packet xmit history: [00101001] (0:ok, 1:fail).
(Sep 03 2017 12:06:32,  846687 sec) TxPacket()           NAK received - resending packet. [PktNum=0x0b]
(Sep 03 2017 12:06:32,  846687 sec) TxPacket()           Packet xmit history: [00100001] (0:ok, 1:fail).
(Sep 03 2017 12:06:42,  846697 sec) TxPacket()           NAK received - resending packet. [PktNum=0x0b]
(Sep 03 2017 12:06:42,  846697 sec) TxPacket()           Packet xmit history: [01000011] (0:ok, 1:fail).
(Sep 03 2017 12:07:21,  846736 sec) TxPacket()           NAK received - resending packet. [PktNum=0x0f]
(Sep 03 2017 12:07:21,  846736 sec) TxPacket()           Packet xmit history: [01100001] (0:ok, 1:fail).
(Sep 03 2017 12:07:36,  846751 sec) TxPacket()           NAK received - resending packet. [PktNum=0x10]
(Sep 03 2017 12:07:36,  846751 sec) TxPacket()           Packet xmit history: [10000101] (0:ok, 1:fail).
(Sep 03 2017 12:07:45,  846760 sec) TxPacket()           NAK received - resending packet. [PktNum=0x10]
(Sep 03 2017 12:07:45,  846760 sec) TxPacket()           Packet xmit history: [00001011] (0:ok, 1:fail).
(Sep 03 2017 12:08:18,  846793 sec) TxPacket()           NAK received - resending packet. [PktNum=0x14]
(Sep 03 2017 12:08:18,  846793 sec) TxPacket()           Packet xmit history: [01100001] (0:ok, 1:fail).
(Sep 03 2017 12:09:07,  846842 sec) Tx()                 Transmission completed successfully [26 packets, 26238 bytes, 247 sec, 107.8 bps]
(Sep 03 2017 12:09:07,  846842 sec) UpLoadFile()         Upload successful.
(Sep 03 2017 12:09:44,  846879 sec) chat()               Expected string [rx -c  7827.035.log] not received.
(Sep 03 2017 12:09:44,  846879 sec) UpLoadFile()         Failed attempt to execute "rx -c  7827.035.log" on the host.
(Sep 03 2017 12:09:55,  846890 sec) CLogin()             Connecting to primary host.
(Sep 03 2017 12:10:56,  846951 sec) chat()               Expected string [CONNECT] not received.
(Sep 03 2017 12:10:56,  846951 sec) modem_connect()      Modem command [AT+CBST=71,0,1;DT0088160000573] failed.
(Sep 03 2017 12:10:56,  846951 sec) connect()            Connection attempt failed.
(Sep 03 2017 12:11:57,  847012 sec) chat()               Expected string [CONNECT] not received.
(Sep 03 2017 12:11:57,  847012 sec) modem_connect()      Modem command [AT+CBST=71,0,1;DT0088160000573] failed.
(Sep 03 2017 12:11:57,  847012 sec) connect()            Connection attempt failed.
(Sep 03 2017 12:11:57,  847012 sec) CLogin()             Attempt to connect to primary host failed after 2 tries.  Connecting to alternate host.
(Sep 03 2017 12:12:58,  847073 sec) chat()               Expected string [CONNECT] not received.
(Sep 03 2017 12:12:58,  847073 sec) modem_connect()      Modem command [ATDT0013014291790] failed.
(Sep 03 2017 12:12:58,  847073 sec) connect()            Connection attempt failed.
(Sep 03 2017 12:13:59,  847134 sec) chat()               Expected string [CONNECT] not received.
(Sep 03 2017 12:13:59,  847134 sec) modem_connect()      Modem command [ATDT0013014291790] failed.
(Sep 03 2017 12:13:59,  847134 sec) connect()            Connection attempt failed.
(Sep 03 2017 12:13:59,  847134 sec) CLogin()             Attempt to connect to primary and alternate hosts failed - aborting.
(Sep 03 2017 12:14:00,  847135 sec) UpLoad()             Files successfully uploaded: 1
(Sep 03 2017 12:14:00,  847135 sec) UpLoad()             Aborting upload: Retry limit [2] exceeded. Upload incomplete.
(Sep 03 2017 12:14:00,  847135 sec) logout()             No carrier detected.
(Sep 03 2017 12:14:00,  847135 sec) Telemetry()          Telemetry cycle complete: PrfId=35 ConnectionAttempts=6  Connections=2
(Sep 03 2017 12:29:16,  848051 sec) AirSystem()          Battery [193cnt, 15.0V]  Current [79cnt, 318.3mA]  Barometer [127cnt, 6.8"Hg]  Run-Time [3s]
(Sep 03 2017 12:29:53,  848088 sec) GetSurfaceObs()      P/O2,T2,TPhase,RPhase,RawTemp/FSig,BbSig,TSig: -0.3dbars / 234.8uM 26.708C 29.459 8.987 56.637 / 114,164,534
(Sep 03 2017 12:29:54,  848089 sec) GpsServices()        GPS almanac is current.
(Sep 03 2017 12:29:54,  848089 sec) GpsServices()        Initiating GPS fix acquisition.
(Sep 03 2017 12:30:15,  848110 sec) gga()                $GPGGA,122940,1537.3849,N,06516.8787,E,0,00,,,M,,M,,*53
(Sep 03 2017 12:30:25,  848121 sec) gga()                $GPGGA,122950,1537.3849,N,06516.8787,E,0,00,,,M,,M,,*52
(Sep 03 2017 12:30:36,  848131 sec) gga()                $GPGGA,122720,1537.3849,N,06516.8787,E,0,00,,,M,,M,,*5B
(Sep 03 2017 12:30:47,  848142 sec) gga()                $GPGGA,123010,1537.3849,N,06516.8787,E,0,00,,,M,,M,,*5E
(Sep 03 2017 12:30:58,  848153 sec) gga()                $GPGGA,123020,1537.3849,N,06516.8787,E,0,00,,,M,,M,,*5D
(Sep 03 2017 12:31:09,  848164 sec) gga()                $GPGGA,123030,1537.3849,N,06516.8787,E,0,00,,,M,,M,,*5C
(Sep 03 2017 12:31:20,  848175 sec) gga()                $GPGGA,123030,1537.3849,N,06516.8787,E,0,00,,,M,,M,,*5C
(Sep 03 2017 12:31:31,  848186 sec) gga()                $GPGGA,123040,1537.3849,N,06516.8787,E,0,00,,,M,,M,,*5B
(Sep 03 2017 12:31:42,  848197 sec) gga()                $GPGGA,123050,1537.3849,N,06516.8787,E,0,00,,,M,,M,,*5A
(Sep 03 2017 12:31:53,  848208 sec) gga()                $GPGGA,123100,1537.3849,N,06516.8787,E,0,00,,,M,,M,,*5E
(Sep 03 2017 12:32:14,  848229 sec) gga()                $GPGGA,123140,1537.3849,N,06516.8787,E,0,00,,,M,,M,,*5A
(Sep 03 2017 12:32:25,  848240 sec) gga()                $GPGGA,123150,1537.3849,N,06516.8787,E,0,00,,,M,,M,,*5B
(Sep 03 2017 12:32:36,  848251 sec) gga()                $GPGGA,123200,1537.3849,N,06516.8787,E,0,00,,,M,,M,,*5D
(Sep 03 2017 12:32:47,  848262 sec) gga()                $GPGGA,123210,1537.3849,N,06516.8787,E,0,00,,,M,,M,,*5C
(Sep 03 2017 12:32:58,  848273 sec) gga()                $GPGGA,123220,1537.3849,N,06516.8787,E,0,00,,,M,,M,,*5F
(Sep 03 2017 12:33:08,  848283 sec) gga()                $GPGGA,123230,1537.3849,N,06516.8787,E,0,00,,,M,,M,,*5E
(Sep 03 2017 12:33:56,  848332 sec) gga()                $GPGGA,123250,1537.2588,N,06517.1603,E,1,09,0.9,2.4,M,-65.1,M,,*6A
(Sep 03 2017 12:33:57,  848332 sec) GpsServices()        Profile 35 GPS fix obtained in 243 seconds.
(Sep 03 2017 12:33:57,  848332 sec) GpsServices()                  lon     lat mm/dd/yyyy hhmmss nsat
(Sep 03 2017 12:33:57,  848332 sec) GpsServices()        Fix:   65.286  15.621 09/03/2017 123250    9
(Sep 03 2017 12:34:47,  848382 sec) gga()                $GPGGA,123340,1537.2533,N,06517.1705,E,1,11,0.8,2.5,M,-65.1,M,,*64
(Sep 03 2017 12:34:54,  848389 sec) gga()                $GPGGA,123430,1537.2500,N,06517.1773,E,1,11,0.8,-0.4,M,-65.1,M,,*4B
(Sep 03 2017 12:34:55,  848390 sec) GpsServices()        APF9 RTC skew (25s) OK.
(Sep 03 2017 12:35:04,  848399 sec) LogNmeaSentences()   $GPRMC,123440,A,1537.2491,N,06517.1793,E,000.0,089.6,030917,000.7,W*6F
(Sep 03 2017 12:35:05,  848400 sec) LogNmeaSentences()   $GPGGA,123440,1537.2491,N,06517.1793,E,1,11,0.8,0.3,M,-65.1,M,,*61
(Sep 03 2017 12:35:05,  848400 sec) LogNmeaSentences()   $GPGSA,A,3,08,10,14,16,18,21,24,26,29,31,32,,1.0,0.8,0.7*37
(Sep 03 2017 12:35:06,  848401 sec) LogNmeaSentences()   $GPGSV,3,1,12,08,11,317,40,10,41,346,48,14,52,223,46,16,06,247,36*7E
(Sep 03 2017 12:35:07,  848402 sec) LogNmeaSentences()   $GPGSV,3,2,12,18,37,025,44,21,58,085,48,24,17,064,43,26,07,221,41*7C
(Sep 03 2017 12:35:07,  848402 sec) LogNmeaSentences()   $GPGSV,3,3,12,29,05,157,39,31,10,188,42,32,69,242,50,27,39,296,00*74
(Sep 03 2017 12:35:14,  848409 sec) LogNmeaSentences()   $GPRMC,123450,A,1537.2490,N,06517.1806,E,000.0,089.6,030917,000.7,W*6C
(Sep 03 2017 12:35:15,  848410 sec) LogNmeaSentences()   $GPGGA,123450,1537.2490,N,06517.1806,E,1,11,0.8,-0.7,M,-65.1,M,,*4B
(Sep 03 2017 12:35:15,  848410 sec) LogNmeaSentences()   $GPGSA,A,3,08,10,14,16,18,21,24,26,29,31,32,,1.0,0.8,0.7*37
(Sep 03 2017 12:35:16,  848411 sec) LogNmeaSentences()   $GPGSV,3,1,12,08,11,317,24,10,41,346,27,14,52,223,25,16,05,247,21*75
(Sep 03 2017 12:35:17,  848412 sec) LogNmeaSentences()   $GPGSV,3,2,12,18,37,025,27,21,58,085,28,24,17,064,25,26,07,221,21*79
(Sep 03 2017 12:35:17,  848412 sec) LogNmeaSentences()   $GPGSV,3,3,12,29,05,157,24,31,10,188,24,32,69,242,26,27,39,296,00*79
(Sep 03 2017 12:35:24,  848419 sec) LogNmeaSentences()   $GPRMC,123500,A,1537.2488,N,06517.1806,E,000.0,089.6,030917,000.7,W*61
(Sep 03 2017 12:35:25,  848420 sec) LogNmeaSentences()   $GPGGA,123500,1537.2488,N,06517.1806,E,1,11,0.8,-3.4,M,-65.1,M,,*46
(Sep 03 2017 12:35:25,  848420 sec) LogNmeaSentences()   $GPGSA,A,3,08,10,14,16,18,21,24,26,29,31,32,,1.0,0.8,0.7*37
(Sep 03 2017 12:35:26,  848421 sec) LogNmeaSentences()   $GPGSV,3,1,12,08,11,317,35,10,41,346,45,14,52,223,46,16,05,247,30*74
(Sep 03 2017 12:35:27,  848422 sec) LogNmeaSentences()   $GPGSV,3,2,12,18,37,025,42,21,58,085,46,24,17,064,41,26,07,221,39*79
(Sep 03 2017 12:35:27,  848422 sec) LogNmeaSentences()   $GPGSV,3,3,12,29,05,157,40,31,11,188,44,32,69,243,49,27,39,296,00*74
(Sep 03 2017 12:35:28,  848423 sec) LogNmeaSentences()   $PGRMT,GPS 15x-L software ver. 4.00,,,,,,,,*73
(Sep 03 2017 12:35:28,  848423 sec) GpsServices()        GPS services complete.
(Sep 03 2017 12:36:58,  848513 sec) CLogin()             Connecting to primary host.
(Sep 03 2017 12:37:12,  848527 sec) CLogin()             Connection 3 established in 14 seconds.
(Sep 03 2017 12:37:22,  848538 sec) login()              Login successful.
(Sep 03 2017 12:37:26,  848541 sec) CLogin()             Logged in to host.  [Login required 14 seconds]
(Sep 03 2017 12:37:38,  848553 sec) RxConfig()           Downloading "mission.cfg" from host.
(Sep 03 2017 12:37:40,  848555 sec) Rx()                 Initiating transfer. [0x43]
(Sep 03 2017 12:37:43,  848558 sec) RxStartByte()        Sync errors encountered: 702
(Sep 03 2017 12:37:46,  848561 sec) Rx()                 Truncated packet received - retrying.
(Sep 03 2017 12:37:51,  848566 sec) RxStartByte()        Sync errors encountered: 845
(Sep 03 2017 12:37:53,  848568 sec) Rx()                 Pad character [0x1a] found in ascii mode - truncating packet.
(Sep 03 2017 12:38:00,  848575 sec) Rx()                 Received EOT - transfer complete. [1 packets, 1024 bytes, 20 sec, 51.2 bps]
(Sep 03 2017 12:38:00,  848575 sec) RxConfig()           Download successful.
(Sep 03 2017 12:38:33,  848608 sec) UpLoadFile()         Uploading "7827.035.log" to host as "7827.035.log".
(Sep 03 2017 12:38:37,  848612 sec) Tx()                 CRC negotiation successful. [16-bit CRC]
(Sep 03 2017 12:38:42,  848617 sec) TxPacket()           Invalid response [0x0a] - resending packet. [PktNum=0x01]
(Sep 03 2017 12:38:43,  848618 sec) TxPacket()           Packet xmit history: [01110001] (0:ok, 1:fail).
(Sep 03 2017 12:39:01,  848636 sec) TxPacket()           NAK received - resending packet. [PktNum=0x03]
(Sep 03 2017 12:39:01,  848636 sec) TxPacket()           Packet xmit history: [10001001] (0:ok, 1:fail).
(Sep 03 2017 12:39:21,  848656 sec) TxPacket()           NAK received - resending packet. [PktNum=0x04]
(Sep 03 2017 12:39:21,  848656 sec) TxPacket()           Packet xmit history: [00100101] (0:ok, 1:fail).
(Sep 03 2017 12:39:28,  848663 sec) TxPacket()           NAK received - resending packet. [PktNum=0x04]
(Sep 03 2017 12:39:28,  848663 sec) TxPacket()           Packet xmit history: [01001011] (0:ok, 1:fail).
(Sep 03 2017 12:39:40,  848676 sec) TxPacket()           NAK received - resending packet. [PktNum=0x04]
(Sep 03 2017 12:39:41,  848676 sec) TxPacket()           Packet xmit history: [10010111] (0:ok, 1:fail).
(Sep 03 2017 12:40:01,  848696 sec) TxPacket()           NAK received - resending packet. [PktNum=0x05]
(Sep 03 2017 12:40:01,  848696 sec) TxPacket()           Packet xmit history: [01011101] (0:ok, 1:fail).
(Sep 03 2017 12:40:10,  848705 sec) TxPacket()           NAK received - resending packet. [PktNum=0x06]
(Sep 03 2017 12:40:10,  848705 sec) TxPacket()           Packet xmit history: [01110101] (0:ok, 1:fail).
(Sep 03 2017 12:41:06,  848761 sec) TxPacket()           NAK received - resending packet. [PktNum=0x0a]
(Sep 03 2017 12:41:07,  848762 sec) TxPacket()           Packet xmit history: [10100001] (0:ok, 1:fail).
(Sep 03 2017 12:41:30,  848785 sec) TxPacket()           NAK received - resending packet. [PktNum=0x0d]
(Sep 03 2017 12:41:30,  848785 sec) TxPacket()           Packet xmit history: [00010001] (0:ok, 1:fail).
(Sep 03 2017 12:41:46,  848801 sec) TxPacket()           NAK received - resending packet. [PktNum=0x0e]
(Sep 03 2017 12:41:46,  848801 sec) TxPacket()           Packet xmit history: [01000101] (0:ok, 1:fail).
(Sep 03 2017 12:41:51,  848806 sec) TxPacket()           NAK received - resending packet. [PktNum=0x0e]
(Sep 03 2017 12:41:51,  848806 sec) TxPacket()           Packet xmit history: [10001011] (0:ok, 1:fail).
(Sep 03 2017 12:42:15,  848830 sec) TxPacket()           NAK received - resending packet. [PktNum=0x10]
(Sep 03 2017 12:42:15,  848830 sec) TxPacket()           Packet xmit history: [01011001] (0:ok, 1:fail).
(Sep 03 2017 12:42:25,  848840 sec) TxPacket()           NAK received - resending packet. [PktNum=0x10]
(Sep 03 2017 12:42:25,  848840 sec) TxPacket()           Packet xmit history: [10110011] (0:ok, 1:fail).
(Sep 03 2017 12:42:30,  848845 sec) TxPacket()           NAK received - resending packet. [PktNum=0x10]
(Sep 03 2017 12:42:30,  848845 sec) TxPacket()           Packet xmit history: [01100111] (0:ok, 1:fail).
(Sep 03 2017 12:42:35,  848850 sec) TxPacket()           NAK received - resending packet. [PktNum=0x10]
(Sep 03 2017 12:42:35,  848850 sec) TxPacket()           Packet xmit history: [11001111] (0:ok, 1:fail).
(Sep 03 2017 12:42:58,  848873 sec) TxPacket()           NAK received - resending packet. [PktNum=0x15]
(Sep 03 2017 12:42:58,  848873 sec) TxPacket()           Packet xmit history: [11000001] (0:ok, 1:fail).
(Sep 03 2017 12:43:05,  848880 sec) TxPacket()           NAK received - resending packet. [PktNum=0x15]
(Sep 03 2017 12:43:05,  848880 sec) TxPacket()           Packet xmit history: [10000011] (0:ok, 1:fail).
(Sep 03 2017 12:43:37,  848912 sec) TxPacket()           NAK received - resending packet. [PktNum=0x19]
(Sep 03 2017 12:43:37,  848912 sec) TxPacket()           Packet xmit history: [01100001] (0:ok, 1:fail).
(Sep 03 2017 12:43:55,  848930 sec) TxPacket()           NAK received - resending packet. [PktNum=0x1b]
(Sep 03 2017 12:43:55,  848930 sec) TxPacket()           Packet xmit history: [00001001] (0:ok, 1:fail).
(Sep 03 2017 12:44:46,  848981 sec) TxPacket()           NAK received - resending packet. [PktNum=0x22]
(Sep 03 2017 12:44:46,  848981 sec) TxPacket()           Packet xmit history: [00000001] (0:ok, 1:fail).
(Sep 03 2017 12:44:56,  848991 sec) TxPacket()           NAK received - resending packet. [PktNum=0x23]
(Sep 03 2017 12:44:56,  848991 sec) TxPacket()           Packet xmit history: [00000101] (0:ok, 1:fail).
(Sep 03 2017 12:45:05,  849000 sec) Tx()                 Transmission completed successfully [35 packets, 27360 bytes, 386 sec, 72.0 bps]
(Sep 03 2017 12:45:05,  849000 sec) UpLoadFile()         Upload successful.
(Sep 03 2017 12:45:16,  849011 sec) UpLoad()             Files successfully uploaded: 1
(Sep 03 2017 12:45:16,  849011 sec) UpLoad()             Upload complete.
(Sep 03 2017 12:45:22,  849017 sec) logout()             Log-out successful.
(Sep 03 2017 12:45:23,  849018 sec) Telemetry()          Telemetry cycle complete: PrfId=35 ConnectionAttempts=7  Connections=3
(Sep 03 2017 12:45:24,  849019 sec) TelemetryTerminate(  Parsing new mission configuration.
(Sep 03 2017 12:45:26,  849021 sec) configure()          Parsing configurators in "mission.cfg".
(Sep 03 2017 12:45:32,  849027 sec) configure()             TelemetryRetry(15)      [0x7BBC] [TelemetryRetry(15)].
(Sep 03 2017 12:45:33,  849028 sec) configure()          Configuration CRCs and syntax OK.
(Sep 03 2017 12:45:33,  849028 sec) ConfigSupervisor()   Sanity check violated: cfg->PressureCP >= 750
(Sep 03 2017 12:45:33,  849028 sec) ConfigSupervisor()   Configuration accepted.
(Sep 03 2017 12:45:33,  849028 sec) TelemetryTerminate(  Reconditioning the file system.
(Sep 03 2017 12:45:55,      12 sec) DescentInit()        Deep profile 36 initiated at mission-time 849039sec.
(Sep 03 2017 12:45:58,      14 sec) DescentInit()        Surface pressure: -0.4dbars.
(Sep 03 2017 12:46:03,      19 sec) PistonMoveAbsWTO()    195->074 194 193 192 191 190 189 188 187 186 185 184 183 182 181 180 179 178 177 176 175 174 173 172 171 170 169 168 167 166 165 164 163 162 161 160 159 158 157 156 155 154 153 152 151 150 149 148 147 146 145 144 143 142 141 140 139 138 137 136 135 134 133 132 131 130 129 128 127 126 125 124 123 122 121 120 119 118 117 116 115 114 113 112 111 110 109 108 107 106 105 104 103 102 101 100 099 098 097 096 095 094 093 092 091 090 089 088 087 086 085 084 083 082 081 080 079 078 077 076 075 074 [601sec, 14.5Volts, 0.145Amps, CPT:601sec]
(Sep 03 2017 12:56:13,     630 sec) Descent()            Pressure: 45.1
(Sep 03 2017 13:45:47,    3604 sec) Descent()            Pressure: 442.2
(Sep 03 2017 14:45:47,    7204 sec) Descent()            Pressure: 760.1
(Sep 03 2017 15:45:47,   10804 sec) Descent()            Pressure: 933.1
(Sep 03 2017 16:45:47,   14404 sec) Descent()            Pressure: 974.1
(Sep 03 2017 17:45:47,   18004 sec) Descent()            Pressure: 982.6
(Sep 03 2017 17:45:48,   18004 sec) ParkInit()           
(Sep 03 2017 19:45:54,   25210 sec) Park()               ParkPOutOfBand[-3, 984.4 dbars]: retract piston.
(Sep 03 2017 19:45:54,   25211 sec) PistonMoveAbsWTO()    074->073 073 [5sec, 14.3Volts, 0.097Amps, CPT:606sec]
(Sep 04 2017 06:45:54,   64811 sec) Park()               ParkPOutOfBand[3, 1012.3 dbars]: extend piston.
(Sep 04 2017 06:45:54,   64811 sec) PistonMoveAbsWTO()    073->074 074 [2sec, 13.7Volts, 0.471Amps, CPT:608sec]
(Sep 12 2017 20:46:08,  806424 sec) CtdPower()           [ 1005.60,  8.4273, 35.3499]
(Sep 12 2017 20:46:08,  806424 sec) CtdPower()           CTD Power consumption [188VCnt 10ACnt]: 14.573Volts * 0.040Amps = 0.59Watts.
(Sep 12 2017 20:46:09,  806425 sec) ParkTerminate()      Piston Position:74 Vacuum:79 Vq:195 Aq:6 Vsbe:188 Asbe:10 Vflbb:184 Aflbb:12
(Sep 12 2017 20:46:45,  806462 sec) ParkTerminate()      PTS/O2,T2,TPhase,RawTemp: 1005.7dbars 8.4279C 35.3493PSU / 11.2uM 8.452C 60.026 8.269 641.342
(Sep 12 2017 20:46:46,  806462 sec) ParkTerminate()      FLBB FSig, BbSig, TSig: 59, 110, 565
(Sep 12 2017 20:46:46,  806463 sec) GoDeepInit()         Moving piston.
(Sep 12 2017 20:46:46,  806463 sec) PistonMoveAbsWTO()    074->027 073 072 071 070 069 068 067 066 065 064 063 062 061 060 059 058 057 056 055 054 053 052 051 050 049 048 047 046 045 044 043 042 041 040 039 038 037 036 035 034 033 032 031 030 029 028 027 [234sec, 14.3Volts, 0.097Amps, CPT:842sec]
(Sep 13 2017 01:45:48,  824404 sec) ProfileInit()        PrfId:036  Pressure:1981.7dbar  pTable[1]:1900dbar
(Sep 13 2017 01:45:50,  824407 sec) PistonMoveAbsWTO()    027->049 028 029 030 031 032 [30sec, 13.2Volts, 0.778Amps, CPT:872sec]
(Sep 13 2017 01:46:31,  824447 sec) PistonMoveAbsWTO()    032->049 033 034 035 036 [30sec, 13.3Volts, 0.762Amps, CPT:902sec]
(Sep 13 2017 01:47:11,  824487 sec) PistonMoveAbsWTO()    036->049 037 038 039 040 041 [30sec, 13.2Volts, 0.786Amps, CPT:932sec]
(Sep 13 2017 01:47:51,  824527 sec) PistonMoveAbsWTO()    041->049 042 043 044 045 [30sec, 13.1Volts, 0.778Amps, CPT:962sec]
(Sep 13 2017 01:48:31,  824567 sec) PistonMoveAbsWTO()    045->049 046 047 048 049 [25sec, 13.1Volts, 0.794Amps, CPT:987sec]
(Sep 13 2017 02:01:12,  825328 sec) Profile()            Sample 0 initiated at 1901.7dbars for bin 1 [1900dbars].  PTS/O2,T2,TPhase,RPhase,RawTemp/FSig,BbSig,TSig: 1899.6dbars 3.3227C 34.8480PSU / 100.6uM 3.334C 50.080 8.330 791.948 /   57  109  573
(Sep 13 2017 02:20:37,  826493 sec) Profile()            Sample 1 initiated at 1801.4dbars for bin 2 [1800dbars].  PTS/O2,T2,TPhase,RPhase,RawTemp/FSig,BbSig,TSig: 1799.7dbars 3.6847C 34.8782PSU / 90.9uM 3.695C 50.854 8.342 781.631 /   57  107  573
(Sep 13 2017 02:26:32,  826848 sec) AscentControlAgent(  Bouyancy nudge to 59 (v=0.078dbar/sec).
(Sep 13 2017 02:26:32,  826849 sec) PistonMoveAbsWTO()    049->059 050 051 052 053 [30sec, 13.7Volts, 0.721Amps, CPT:1017sec]
(Sep 13 2017 02:27:13,  826889 sec) PistonMoveAbsWTO()    054->059 055 056 057 058 [30sec, 13.4Volts, 0.717Amps, CPT:1047sec]
(Sep 13 2017 02:27:53,  826929 sec) PistonMoveAbsWTO()    058->059 059 [3sec, 13.5Volts, 0.725Amps, CPT:1050sec]
(Sep 13 2017 02:38:46,  827582 sec) Profile()            Sample 2 initiated at 1701.5dbars for bin 3 [1700dbars].  PTS/O2,T2,TPhase,RPhase,RawTemp/FSig,BbSig,TSig: 1699.3dbars 4.1236C 34.9165PSU / 79.2uM 4.136C 51.857 8.347 768.950 /   57  108  572
(Sep 13 2017 02:57:09,  828685 sec) Profile()            Sample 3 initiated at 1601.5dbars for bin 4 [1600dbars].  PTS/O2,T2,TPhase,RPhase,RawTemp/FSig,BbSig,TSig: 1599.7dbars 4.6992C 34.9686PSU / 66.3uM 4.710C 53.062 8.355 752.386 /   58  112  571
(Sep 13 2017 03:07:16,  829292 sec) AscentControlAgent(  Bouyancy nudge to 69 (v=0.077dbar/sec).
(Sep 13 2017 03:07:16,  829293 sec) PistonMoveAbsWTO()    059->069 060 061 062 063 064 [30sec, 13.9Volts, 0.637Amps, CPT:1080sec]
(Sep 13 2017 03:07:57,  829333 sec) PistonMoveAbsWTO()    064->069 065 066 067 068 [30sec, 13.6Volts, 0.633Amps, CPT:1110sec]
(Sep 13 2017 03:08:37,  829373 sec) PistonMoveAbsWTO()    068->069 069 [1sec, 13.8Volts, 0.649Amps, CPT:1111sec]
(Sep 13 2017 03:16:07,  829823 sec) Profile()            Sample 4 initiated at 1502.0dbars for bin 5 [1500dbars].  PTS/O2,T2,TPhase,RPhase,RawTemp/FSig,BbSig,TSig: 1499.8dbars 5.2202C 35.0159PSU / 55.3uM 5.230C 54.188 8.365 737.252 /   58  112  570
(Sep 13 2017 03:34:22,  830918 sec) Profile()            Sample 5 initiated at 1401.2dbars for bin 6 [1400dbars].  PTS/O2,T2,TPhase,RPhase,RawTemp/FSig,BbSig,TSig: 1399.3dbars 5.9172C 35.0850PSU / 41.2uM 5.931C 55.820 8.374 716.670 /   60  112  569
(Sep 13 2017 03:44:23,  831519 sec) Profile()            Sample 6 initiated at 1351.5dbars for bin 7 [1350dbars].  PTS/O2,T2,TPhase,RPhase,RawTemp/FSig,BbSig,TSig: 1349.7dbars 6.1804C 35.1097PSU / 37.1uM 6.193C 56.317 8.377 708.950 /   59  111  569
(Sep 13 2017 03:47:56,  831732 sec) AscentControlAgent(  Bouyancy nudge to 79 (v=0.078dbar/sec).
(Sep 13 2017 03:47:56,  831733 sec) PistonMoveAbsWTO()    069->079 070 071 072 073 074 [30sec, 14.0Volts, 0.584Amps, CPT:1141sec]
(Sep 13 2017 03:48:37,  831773 sec) PistonMoveAbsWTO()    074->079 075 076 077 078 079 [29sec, 13.7Volts, 0.572Amps, CPT:1170sec]
(Sep 13 2017 03:53:33,  832069 sec) Profile()            Sample 7 initiated at 1301.5dbars for bin 8 [1300dbars].  PTS/O2,T2,TPhase,RPhase,RawTemp/FSig,BbSig,TSig: 1299.0dbars 6.5214C 35.1455PSU / 32.2uM 6.538C 56.939 8.380 698.729 /   58  108  568
(Sep 13 2017 04:01:34,  832550 sec) Profile()            Sample 8 initiated at 1251.4dbars for bin 9 [1250dbars].  PTS/O2,T2,TPhase,RPhase,RawTemp/FSig,BbSig,TSig: 1249.1dbars 6.8348C 35.1767PSU / 27.7uM 6.852C 57.549 8.384 689.422 /   58  112  567
(Sep 13 2017 04:10:15,  833071 sec) Profile()            Sample 9 initiated at 1201.6dbars for bin 10 [1200dbars].  PTS/O2,T2,TPhase,RPhase,RawTemp/FSig,BbSig,TSig: 1199.6dbars 7.1222C 35.2078PSU / 24.3uM 7.136C 58.019 8.383 680.930 /   59  133  567
(Sep 13 2017 04:19:00,  833596 sec) AscentControlAgent(  Bouyancy nudge to 89 (v=0.078dbar/sec).
(Sep 13 2017 04:19:00,  833597 sec) PistonMoveAbsWTO()    079->089 080 081 082 083 084 [30sec, 14.0Volts, 0.532Amps, CPT:1200sec]
(Sep 13 2017 04:19:41,  833637 sec) PistonMoveAbsWTO()    084->089 085 086 087 088 089 [28sec, 13.9Volts, 0.504Amps, CPT:1228sec]
(Sep 13 2017 04:20:55,  833711 sec) Profile()            Sample 10 initiated at 1149.1dbars for bin 11 [1150dbars].  PTS/O2,T2,TPhase,RPhase,RawTemp/FSig,BbSig,TSig: 1146.8dbars 7.4992C 35.2477PSU / 19.9uM 7.518C 58.661 8.385 669.495 /   59  114  567
(Sep 13 2017 04:28:44,  834180 sec) Profile()            Sample 11 initiated at 1101.5dbars for bin 12 [1100dbars].  PTS/O2,T2,TPhase,RPhase,RawTemp/FSig,BbSig,TSig: 1099.3dbars 7.7604C 35.2762PSU / 17.3uM 7.781C 59.055 8.385 661.603 /   59  112  566
(Sep 13 2017 04:37:05,  834681 sec) Profile()            Sample 12 initiated at 1052.0dbars for bin 13 [1050dbars].  PTS/O2,T2,TPhase,RPhase,RawTemp/FSig,BbSig,TSig: 1049.7dbars 8.1052C 35.3125PSU / 14.1uM 8.125C 59.539 8.387 651.229 /   58  121  566
(Sep 13 2017 04:45:36,  835192 sec) Profile()            Sample 13 initiated at 1001.8dbars for bin 14 [1000dbars].  PTS/O2,T2,TPhase,RPhase,RawTemp/FSig,BbSig,TSig: 999.7dbars 8.4701C 35.3507PSU / 12.1uM 8.490C 59.842 8.389 640.184 /   59  112  565
(Sep 13 2017 05:00:19,  836075 sec) AscentControlAgent(  Bouyancy nudge to 99 (v=0.075dbar/sec).
(Sep 13 2017 05:00:19,  836076 sec) PistonMoveAbsWTO()    089->099 090 091 092 093 094 [30sec, 14.1Volts, 0.447Amps, CPT:1258sec]
(Sep 13 2017 05:01:00,  836116 sec) PistonMoveAbsWTO()    094->099 095 096 097 098 099 [27sec, 14.0Volts, 0.431Amps, CPT:1285sec]
(Sep 13 2017 05:05:13,  836369 sec) Profile()            Sample 15 initiated at 901.5dbars for bin 16 [900dbars].  PTS/O2,T2,TPhase,RPhase,RawTemp/FSig,BbSig,TSig: 899.3dbars 9.3018C 35.4423PSU / 7.8uM 9.324C 60.547 8.402 614.762 /   58  116  564
(Sep 13 2017 05:35:56,  838212 sec) AscentControlAgent(  Bouyancy nudge to 109 (v=0.078dbar/sec).
(Sep 13 2017 05:35:56,  838213 sec) PistonMoveAbsWTO()    099->109 100 101 102 103 104 [30sec, 14.3Volts, 0.387Amps, CPT:1315sec]
(Sep 13 2017 05:36:37,  838253 sec) PistonMoveAbsWTO()    104->109 105 106 107 108 109 [25sec, 14.1Volts, 0.391Amps, CPT:1340sec]
(Sep 13 2017 05:42:31,  838607 sec) Profile()            Sample 19 initiated at 701.2dbars for bin 20 [700dbars].  PTS/O2,T2,TPhase,RPhase,RawTemp/FSig,BbSig,TSig: 699.0dbars 10.8196C 35.5779PSU / 4.7uM 10.849C 61.004 8.460 567.765 /   59  119  561


(Sep 13 2017 06:17:04) LogSize()            Log file is 39095 bytes.  Limit is 40960 bytes.

(Sep 13 2017 06:17:04,  840680 sec) AscentControlAgent(  Bouyancy nudge to 119 (v=0.075dbar/sec).
(Sep 13 2017 06:17:04,  840681 sec) PistonMoveAbsWTO()    109->119 110 111 112 113 114 [30sec, 14.3Volts, 0.314Amps, CPT:1370sec]
(Sep 13 2017 06:17:45,  840721 sec) PistonMoveAbsWTO()    114->119 115 116 117 118 119 [24sec, 14.3Volts, 0.306Amps, CPT:1394sec]
(Sep 13 2017 06:20:15,  840871 sec) Profile()            Sample 23 initiated at 501.8dbars for bin 24 [500dbars].  PTS/O2,T2,TPhase,RPhase,RawTemp/FSig,BbSig,TSig: 499.6dbars 12.2122C 35.6677PSU / 1.5uM 12.244C 61.580 8.535 524.169 /   60  112  559
(Sep 13 2017 06:21:49,  840965 sec) Sbe41cpStartCP()     Continuous profile started.
(Sep 13 2017 06:42:30,  842207 sec) AscentControlAgent(  Bouyancy nudge to 129 (v=0.073dbar/sec).
(Sep 13 2017 06:42:30,  842207 sec) PistonMoveAbsWTO()    119->129 120 121 122 123 124 [30sec, 14.2Volts, 0.282Amps, CPT:1424sec]
(Sep 13 2017 06:43:11,  842248 sec) PistonMoveAbsWTO()    124->129 125 126 127 128 129 [24sec, 14.2Volts, 0.290Amps, CPT:1448sec]
(Sep 13 2017 06:52:33,  842810 sec) Profile()            Sample 27 initiated at 331.4dbars for bin 28 [330dbars].  PTS/O2,T2,TPhase,RPhase,RawTemp/FSig,BbSig,TSig: 331.1dbars 14.0325C 35.8010PSU / 1.1uM 14.063C 61.523 8.569 466.562 /   58  144  557
(Sep 13 2017 07:07:56,  843732 sec) AscentControlAgent(  Bouyancy nudge to 139 (v=0.078dbar/sec).
(Sep 13 2017 07:07:56,  843733 sec) PistonMoveAbsWTO()    129->139 130 131 132 133 134 [30sec, 14.3Volts, 0.246Amps, CPT:1478sec]

<EOT>
