(Mar 13 2018 20:40:42,  870990 sec) TelemetryInit()      Profile 91. (Apf9i FwRev: 061016)
(Mar 13 2018 20:47:39,  871407 sec) AirSystem()          Battery [188cnt, 14.6V]  Current [77cnt, 310.3mA]  Barometer [126cnt, 6.5"Hg]  Run-Time [48s]
(Mar 13 2018 20:48:16,  871444 sec) GetSurfaceObs()      P/O2,T2,TPhase,RPhase,RawTemp/FSig,BbSig,TSig: -0.5dbars / 237.1uM 26.196C 29.548 8.973 73.105 / 65,145,535
(Mar 13 2018 20:48:24,  871452 sec) GpsServices()        GPS almanac is current.
(Mar 13 2018 20:48:24,  871453 sec) GpsServices()        Initiating GPS fix acquisition.
(Mar 13 2018 20:48:40,  871468 sec) gga()                $GPGGA,204800,1618.7728,N,06435.2990,E,0,00,,,M,,M,,*51
(Mar 13 2018 20:48:51,  871479 sec) gga()                $GPGGA,204810,1618.7728,N,06435.2990,E,0,00,,,M,,M,,*50
(Mar 13 2018 20:49:03,  871491 sec) gga()                $GPGGA,204830,1618.7728,N,06435.2990,E,0,00,,,M,,M,,*52
(Mar 13 2018 20:49:13,  871502 sec) gga()                $GPGGA,204830,1618.7728,N,06435.2990,E,0,00,,,M,,M,,*52
(Mar 13 2018 20:49:24,  871513 sec) gga()                $GPGGA,204840,1618.7728,N,06435.2990,E,0,00,,,M,,M,,*55
(Mar 13 2018 20:50:07,  871555 sec) gga()                $GPGGA,204900,1628.2505,N,06423.3205,E,1,09,0.9,0.9,M,-61.0,M,,*66
(Mar 13 2018 20:50:08,  871556 sec) GpsServices()        Profile 91 GPS fix obtained in 103 seconds.
(Mar 13 2018 20:50:08,  871556 sec) GpsServices()                  lon     lat mm/dd/yyyy hhmmss nsat
(Mar 13 2018 20:50:08,  871556 sec) GpsServices()        Fix:   64.389  16.471 03/13/2018 204900    9
(Mar 13 2018 20:50:55,  871603 sec) gga()                $GPGGA,204950,1628.2535,N,06423.3214,E,1,10,0.8,-1.1,M,-61.0,M,,*4D
(Mar 13 2018 20:51:02,  871611 sec) gga()                $GPGGA,205040,1628.2570,N,06423.3228,E,1,11,0.7,-1.8,M,-61.0,M,,*4D
(Mar 13 2018 20:51:03,  871611 sec) GpsServices()        APF9 RTC skew (23s) OK.
(Mar 13 2018 20:51:03,  871611 sec) GpsServices()        GPS services complete.
(Mar 13 2018 20:51:29,  871637 sec) CLogin()             Connecting to primary host.
(Mar 13 2018 20:51:46,  871654 sec) CLogin()             Connection 1 established in 17 seconds.
(Mar 13 2018 20:52:07,  871675 sec) login()              Login successful.
(Mar 13 2018 20:52:12,  871680 sec) chat()               Expected string [cmd>] not received.
(Mar 13 2018 20:52:12,  871680 sec) login()              Attempt to set the command prompt failed.
(Mar 13 2018 20:52:18,  871686 sec) CLogin()             Logged in to host.  [Login required 32 seconds]
(Mar 13 2018 20:52:32,  871700 sec) RxConfig()           Downloading "mission.cfg" from host.
(Mar 13 2018 20:52:34,  871703 sec) Rx()                 Initiating transfer. [0x43]
(Mar 13 2018 20:52:42,  871710 sec) RxStartByte()        Sync errors encountered: 631
(Mar 13 2018 20:52:48,  871716 sec) Rx()                 Pad character [0x1a] found in ascii mode - truncating packet.
(Mar 13 2018 20:52:53,  871721 sec) Rx()                 Received EOT - transfer complete. [1 packets, 1024 bytes, 19 sec, 53.9 bps]
(Mar 13 2018 20:52:53,  871721 sec) RxConfig()           Download successful.
(Mar 13 2018 20:53:16,  871744 sec) WriteVitals()        Writing vitals to "7827.091.msg".
(Mar 13 2018 20:53:30,  871759 sec) UpLoadFile()         Uploading "7827.091.log" to host as "7827.091.log".
(Mar 13 2018 20:53:35,  871763 sec) Tx()                 CRC negotiation successful. [16-bit CRC]
(Mar 13 2018 20:54:04,  871792 sec) TxPacket()           NAK received - resending packet. [PktNum=0x04]
(Mar 13 2018 20:54:04,  871792 sec) TxPacket()           Packet xmit history: [10000001] (0:ok, 1:fail).
(Mar 13 2018 20:54:09,  871798 sec) TxPacket()           NAK received - resending packet. [PktNum=0x04]
(Mar 13 2018 20:54:10,  871798 sec) TxPacket()           Packet xmit history: [00000011] (0:ok, 1:fail).
(Mar 13 2018 20:54:24,  871813 sec) TxPacket()           NAK received - resending packet. [PktNum=0x05]
(Mar 13 2018 20:54:25,  871813 sec) TxPacket()           Packet xmit history: [00001101] (0:ok, 1:fail).
(Mar 13 2018 20:56:33,  871942 sec) TxPacket()           NAK received - resending packet. [PktNum=0x19]
(Mar 13 2018 20:56:34,  871942 sec) TxPacket()           Packet xmit history: [00000001] (0:ok, 1:fail).
(Mar 13 2018 20:56:59,  871968 sec) Tx()                 Transmission completed successfully [28 packets, 28643 bytes, 203 sec, 141.2 bps]
(Mar 13 2018 20:57:00,  871968 sec) UpLoadFile()         Upload successful.
(Mar 13 2018 20:57:12,  871980 sec) UpLoadFile()         Uploading "7827.091.msg" to host as "7827.091.msg".
(Mar 13 2018 20:57:20,  871988 sec) Tx()                 CRC negotiation successful. [16-bit CRC]
(Mar 13 2018 20:57:24,  871993 sec) TxPacket()           Invalid response [0x43] - resending packet. [PktNum=0x01]
(Mar 13 2018 20:57:25,  871993 sec) TxPacket()           Packet xmit history: [00100001] (0:ok, 1:fail).
(Mar 13 2018 20:57:51,  872020 sec) TxPacket()           NAK received - resending packet. [PktNum=0x08]
(Mar 13 2018 20:57:52,  872020 sec) TxPacket()           Packet xmit history: [00000001] (0:ok, 1:fail).
(Mar 13 2018 20:57:57,  872025 sec) TxPacket()           Packet xmit history: [00000010] (0:ok, 1:fail).
(Mar 13 2018 20:58:03,  872032 sec) TxPacket()           Invalid response [0x63] - resending packet. [PktNum=0x08]
(Mar 13 2018 20:58:04,  872032 sec) TxPacket()           Packet xmit history: [00000101] (0:ok, 1:fail).
(Mar 13 2018 20:58:05,  872034 sec) TxPacket()           Invalid response [0x5e] - resending packet. [PktNum=0x08]
(Mar 13 2018 20:58:06,  872034 sec) TxPacket()           Packet xmit history: [00001011] (0:ok, 1:fail).
(Mar 13 2018 20:58:07,  872035 sec) TxPacket()           Invalid response [0x20] - resending packet. [PktNum=0x08]
(Mar 13 2018 20:58:07,  872035 sec) TxPacket()           Packet xmit history: [00010111] (0:ok, 1:fail).
(Mar 13 2018 20:58:09,  872037 sec) TxPacket()           Invalid response [0x36] - resending packet. [PktNum=0x08]
(Mar 13 2018 20:58:09,  872037 sec) TxPacket()           Packet xmit history: [00101111] (0:ok, 1:fail).
(Mar 13 2018 20:58:10,  872039 sec) TxPacket()           Invalid response [0x34] - resending packet. [PktNum=0x08]
(Mar 13 2018 20:58:11,  872039 sec) TxPacket()           Packet xmit history: [01011111] (0:ok, 1:fail).
(Mar 13 2018 20:58:12,  872040 sec) TxPacket()           Invalid response [0x2e] - resending packet. [PktNum=0x08]
(Mar 13 2018 20:58:12,  872040 sec) TxPacket()           Packet xmit history: [10111111] (0:ok, 1:fail).
(Mar 13 2018 20:58:13,  872042 sec) TxPacket()           Invalid response [0x36] - resending packet. [PktNum=0x08]
(Mar 13 2018 20:58:14,  872042 sec) TxPacket()           Packet xmit history: [01111111] (0:ok, 1:fail).
(Mar 13 2018 20:58:15,  872043 sec) TxPacket()           Invalid response [0x20] - resending packet. [PktNum=0x08]
(Mar 13 2018 20:58:15,  872043 sec) TxPacket()           Packet xmit history: [11111111] (0:ok, 1:fail).
(Mar 13 2018 20:58:15,  872043 sec) TxPacket()           Exit status: -5
(Mar 13 2018 20:58:15,  872044 sec) Tx()                 Packet transmission failed - aborting transfer.
(Mar 13 2018 20:58:28,  872056 sec) UpLoadFile()         Upload failed.
(Mar 13 2018 20:58:53,  872081 sec) UpLoadFile()         Uploading "7827.091.msg" to host as "7827.091.msg".
(Mar 13 2018 20:59:53,  872141 sec) Tx()                 CRC negotiation failed - aborting transfer.
(Mar 13 2018 21:00:04,  872152 sec) UpLoadFile()         Upload failed.
(Mar 13 2018 21:00:04,  872152 sec) UpLoad()             Files successfully uploaded: 1
(Mar 13 2018 21:00:04,  872152 sec) UpLoad()             Aborting upload: Retry limit [2] exceeded. Upload incomplete.
(Mar 13 2018 21:00:12,  872160 sec) chat()               Expected string [logout] not received.
(Mar 13 2018 21:00:12,  872160 sec) logout()             Attempt to log-out failed.
(Mar 13 2018 21:00:12,  872160 sec) logout()             No carrier detected.
(Mar 13 2018 21:00:12,  872160 sec) Telemetry()          Telemetry cycle complete: PrfId=91 ConnectionAttempts=1  Connections=1
(Mar 13 2018 21:15:28,  873076 sec) AirSystem()          Battery [191cnt, 14.8V]  Current [78cnt, 314.3mA]  Barometer [127cnt, 6.8"Hg]  Run-Time [3s]
(Mar 13 2018 21:16:05,  873113 sec) GetSurfaceObs()      P/O2,T2,TPhase,RPhase,RawTemp/FSig,BbSig,TSig: -0.4dbars / 240.1uM 25.694C 29.598 8.950 89.288 / 70,191,535
(Mar 13 2018 21:16:13,  873121 sec) GpsServices()        GPS almanac is current.
(Mar 13 2018 21:16:13,  873122 sec) GpsServices()        Initiating GPS fix acquisition.
(Mar 13 2018 21:17:05,  873173 sec) gga()                $GPGGA,211600,1628.3506,N,06423.3918,E,1,11,0.7,0.9,M,-61.0,M,,*6F
(Mar 13 2018 21:17:05,  873174 sec) GpsServices()        Profile 91 GPS fix obtained in 51 seconds.
(Mar 13 2018 21:17:06,  873174 sec) GpsServices()                  lon     lat mm/dd/yyyy hhmmss nsat
(Mar 13 2018 21:17:06,  873174 sec) GpsServices()        Fix:   64.390  16.473 03/13/2018 211600   11
(Mar 13 2018 21:17:55,  873223 sec) gga()                $GPGGA,211650,1628.3532,N,06423.3936,E,1,11,0.7,-2.0,M,-61.0,M,,*47
(Mar 13 2018 21:18:02,  873231 sec) gga()                $GPGGA,211740,1628.3559,N,06423.3970,E,1,11,0.7,-2.3,M,-61.0,M,,*4B
(Mar 13 2018 21:18:03,  873231 sec) GpsServices()        APF9 RTC skew (23s) OK.
(Mar 13 2018 21:18:03,  873231 sec) GpsServices()        GPS services complete.
(Mar 13 2018 21:18:28,  873256 sec) CLogin()             Connecting to primary host.
(Mar 13 2018 21:18:49,  873278 sec) CLogin()             Connection 2 established in 21 seconds.
(Mar 13 2018 21:18:58,  873286 sec) login()              Login successful.
(Mar 13 2018 21:19:02,  873290 sec) CLogin()             Logged in to host.  [Login required 13 seconds]
(Mar 13 2018 21:19:13,  873302 sec) RxConfig()           Downloading "mission.cfg" from host.
(Mar 13 2018 21:19:16,  873304 sec) Rx()                 Initiating transfer. [0x43]
(Mar 13 2018 21:19:18,  873307 sec) RxStartByte()        Sync errors encountered: 604
(Mar 13 2018 21:19:22,  873310 sec) Rx()                 Pad character [0x1a] found in ascii mode - truncating packet.
(Mar 13 2018 21:19:27,  873315 sec) Rx()                 Received EOT - transfer complete. [1 packets, 1024 bytes, 11 sec, 93.1 bps]
(Mar 13 2018 21:19:27,  873315 sec) RxConfig()           Download successful.
(Mar 13 2018 21:19:50,  873338 sec) WriteVitals()        Writing vitals to "7827.091.msg".
(Mar 13 2018 21:20:06,  873354 sec) UpLoadFile()         Uploading "7827.091.msg" to host as "7827.091.msg".
(Mar 13 2018 21:20:09,  873357 sec) Tx()                 CRC negotiation successful. [16-bit CRC]
(Mar 13 2018 21:20:53,  873402 sec) TxPacket()           NAK received - resending packet. [PktNum=0x07]
(Mar 13 2018 21:20:54,  873402 sec) TxPacket()           Packet xmit history: [00000001] (0:ok, 1:fail).
(Mar 13 2018 21:22:39,  873508 sec) TxPacket()           NAK received - resending packet. [PktNum=0x18]
(Mar 13 2018 21:22:40,  873508 sec) TxPacket()           Packet xmit history: [00000001] (0:ok, 1:fail).
(Mar 13 2018 21:22:50,  873519 sec) TxPacket()           NAK received - resending packet. [PktNum=0x19]
(Mar 13 2018 21:22:51,  873519 sec) TxPacket()           Packet xmit history: [00000101] (0:ok, 1:fail).
(Mar 13 2018 21:22:58,  873527 sec) TxPacket()           NAK received - resending packet. [PktNum=0x19]
(Mar 13 2018 21:22:59,  873527 sec) TxPacket()           Packet xmit history: [00001011] (0:ok, 1:fail).
(Mar 13 2018 21:23:46,  873575 sec) TxPacket()           NAK received - resending packet. [PktNum=0x20]
(Mar 13 2018 21:23:47,  873575 sec) TxPacket()           Packet xmit history: [00000001] (0:ok, 1:fail).
(Mar 13 2018 21:23:55,  873583 sec) TxPacket()           NAK received - resending packet. [PktNum=0x20]
(Mar 13 2018 21:23:55,  873583 sec) TxPacket()           Packet xmit history: [00000011] (0:ok, 1:fail).
(Mar 13 2018 21:24:00,  873589 sec) TxPacket()           NAK received - resending packet. [PktNum=0x20]
(Mar 13 2018 21:24:01,  873589 sec) TxPacket()           Packet xmit history: [00000111] (0:ok, 1:fail).
(Mar 13 2018 21:24:21,  873610 sec) TxPacket()           NAK received - resending packet. [PktNum=0x22]
(Mar 13 2018 21:24:22,  873610 sec) TxPacket()           Packet xmit history: [00111001] (0:ok, 1:fail).
(Mar 13 2018 21:24:52,  873640 sec) TxPacket()           NAK received - resending packet. [PktNum=0x25]
(Mar 13 2018 21:24:52,  873640 sec) TxPacket()           Packet xmit history: [10010001] (0:ok, 1:fail).
(Mar 13 2018 21:25:17,  873666 sec) TxPacket()           NAK received - resending packet. [PktNum=0x28]
(Mar 13 2018 21:25:18,  873666 sec) TxPacket()           Packet xmit history: [00010001] (0:ok, 1:fail).
(Mar 13 2018 21:25:26,  873675 sec) Tx()                 Transmission completed successfully [40 packets, 38147 bytes, 316 sec, 123.9 bps]
(Mar 13 2018 21:25:27,  873675 sec) UpLoadFile()         Upload successful.
(Mar 13 2018 21:25:37,  873685 sec) UpLoad()             Files successfully uploaded: 1
(Mar 13 2018 21:25:37,  873685 sec) UpLoad()             Upload complete.
(Mar 13 2018 21:25:41,  873689 sec) logout()             Log-out successful.
(Mar 13 2018 21:25:42,  873690 sec) Telemetry()          Telemetry cycle complete: PrfId=91 ConnectionAttempts=2  Connections=2
(Mar 13 2018 21:25:43,  873691 sec) TelemetryTerminate(  Parsing new mission configuration.
(Mar 13 2018 21:25:45,  873693 sec) configure()          Parsing configurators in "mission.cfg".
(Mar 13 2018 21:25:53,  873701 sec) configure()             TelemetryRetry(15)          [0x7BBC] [TelemetryRetry(15)].
(Mar 13 2018 21:26:02,  873710 sec) configure()             DownTime(13740)             [0xBFAA] [DownTime(13740)].
(Mar 13 2018 21:26:09,  873717 sec) configure()             DeepProfilePressure(2000)   [0xCE67] [ProfilePressure(2000)].
(Mar 13 2018 21:26:15,  873723 sec) configure()             DeepProfileDescentTime(300) [0xAA2D] [DeepProfileDescentTime(300)].
(Mar 13 2018 21:26:22,  873730 sec) configure()             DeepProfilePistonPos(16)    [0x2657] [DeepProfilePistonPos(16)].
(Mar 13 2018 21:26:30,  873738 sec) configure()             ParkDescentTime(300)        [0xB880] [ParkDescentTime(300)].
(Mar 13 2018 21:26:38,  873746 sec) configure()             ParkPressure(1000)          [0x899C] [ParkPressure(1000)].
(Mar 13 2018 21:26:46,  873755 sec) configure()             ParkPistonPos(66)           [0xAAFF] [ParkPistonPos(66)].
(Mar 13 2018 21:26:55,  873763 sec) configure()             CpActivationP(2000)         [0x1C1E] [CpActivationP(2000)].
(Mar 13 2018 21:26:55,  873763 sec) configure()          Configuration CRCs and syntax OK.
(Mar 13 2018 21:26:55,  873763 sec) ConfigSupervisor()   Configuration accepted.
(Mar 13 2018 21:27:06,  873775 sec) LogConfiguration()   Mission configuration for Apf9i FwRev 061016:
(Mar 13 2018 21:27:07,  873775 sec) LogConfiguration()      AscentTimeOut(540) [min]
(Mar 13 2018 21:27:07,  873775 sec) LogConfiguration()      AtDialCmd(AT+CBST=71,0,1;DT0088160000573) [primary]
(Mar 13 2018 21:27:07,  873775 sec) LogConfiguration()      AltDialCmd(ATDT0013014291790) [alternate]
(Mar 13 2018 21:27:07,  873775 sec) LogConfiguration()      BuoyancyNudge(10) [count]
(Mar 13 2018 21:27:07,  873776 sec) LogConfiguration()      BuoyancyNudgeInitial(22) [count]
(Mar 13 2018 21:27:08,  873776 sec) LogConfiguration()      ConnectTimeOut(60) [sec]
(Mar 13 2018 21:27:08,  873776 sec) LogConfiguration()      CpActivationP(2000) [dbar]
(Mar 13 2018 21:27:08,  873776 sec) LogConfiguration()      DeepProfileDescentTime(300) [min]
(Mar 13 2018 21:27:08,  873776 sec) LogConfiguration()      DeepProfilePistonPos(16) [count]
(Mar 13 2018 21:27:08,  873777 sec) LogConfiguration()      DeepProfilePressure(2000) [dbar]
(Mar 13 2018 21:27:09,  873777 sec) LogConfiguration()      CompensatorHyperRetraction(0) [count]
(Mar 13 2018 21:27:09,  873777 sec) LogConfiguration()      DownTime(13740) [min]
(Mar 13 2018 21:27:09,  873777 sec) LogConfiguration()      FlbbMode(1)
(Mar 13 2018 21:27:09,  873777 sec) LogConfiguration()      FloatId(7827)
(Mar 13 2018 21:27:09,  873777 sec) LogConfiguration()      FullExtension(226) [count]
(Mar 13 2018 21:27:09,  873778 sec) LogConfiguration()      FullRetraction(9) [count]
(Mar 13 2018 21:27:10,  873778 sec) LogConfiguration()      MaxAirBladder(124) [count]
(Mar 13 2018 21:27:10,  873778 sec) LogConfiguration()      MaxLogKb(40) [KByte]
(Mar 13 2018 21:27:10,  873778 sec) LogConfiguration()      MissionPrelude(360) [min]
(Mar 13 2018 21:27:10,  873778 sec) LogConfiguration()      OkVacuum(96) [count]
(Mar 13 2018 21:27:10,  873779 sec) LogConfiguration()      PActivationPistonPosition(16) [count]
(Mar 13 2018 21:27:11,  873779 sec) LogConfiguration()      ParkDescentTime(300) [min]
(Mar 13 2018 21:27:11,  873779 sec) LogConfiguration()      ParkPistonPos(66) [count]
(Mar 13 2018 21:27:11,  873779 sec) LogConfiguration()      ParkPressure(1000) [dbar]
(Mar 13 2018 21:27:11,  873779 sec) LogConfiguration()      PnPCycleLen(1)
(Mar 13 2018 21:27:11,  873779 sec) LogConfiguration()      Pwd(0x3c35)
(Mar 13 2018 21:27:11,  873780 sec) LogConfiguration()      TelemetryRetry(15) [min]
(Mar 13 2018 21:27:12,  873780 sec) LogConfiguration()      TimeOfDay(990) [min]
(Mar 13 2018 21:27:12,  873780 sec) LogConfiguration()      UpTime(660) [min]
(Mar 13 2018 21:27:12,  873780 sec) LogConfiguration()      User(f7827)
(Mar 13 2018 21:27:12,  873780 sec) LogConfiguration()      Verbosity(2)
(Mar 13 2018 21:27:12,  873780 sec) LogConfiguration()      DebugBits(0x0002)
(Mar 13 2018 21:27:12,  873781 sec) TelemetryTerminate(  Reconditioning the file system.
(Mar 13 2018 21:27:31,      12 sec) DescentInit()        Deep profile 92 initiated at mission-time 873788sec.
(Mar 13 2018 21:27:34,      14 sec) DescentInit()        Surface pressure: -0.4dbars.
(Mar 13 2018 21:27:39,      19 sec) PistonMoveAbsWTO()    190->066 189 188 187 186 185 184 183 182 181 180 179 178 177 176 175 174 173 172 171 170 169 168 167 166 165 164 163 162 161 160 159 158 157 156 155 154 153 152 151 150 149 148 147 146 145 144 143 142 141 140 139 138 137 136 135 134 133 132 131 130 129 128 127 126 125 124 123 122 121 120 119 118 117 116 115 114 113 112 111 110 109 108 107 106 105 104 103 102 101 100 099 098 097 096 095 094 093 092 091 090 089 088 087 086 085 084 083 082 081 080 079 078 077 076 075 074 073 072 071 070 069 068 067 066 [625sec, 14.3Volts, 0.161Amps, CPT:625sec]
(Mar 13 2018 21:38:13,     654 sec) Descent()            Pressure: 56.6
(Mar 13 2018 22:27:23,    3604 sec) Descent()            Pressure: 470.3
(Mar 13 2018 23:27:23,    7204 sec) Descent()            Pressure: 845.6
(Mar 14 2018 00:27:23,   10804 sec) Descent()            Pressure: 1075.9
(Mar 14 2018 01:27:23,   14404 sec) Descent()            Pressure: 1159.7
(Mar 14 2018 02:27:23,   18004 sec) Descent()            Pressure: 1174.5
(Mar 14 2018 02:27:24,   18004 sec) ParkInit()           
(Mar 14 2018 04:27:30,   25210 sec) Park()               ParkPOutOfBand[3, 1174.7 dbars]: extend piston.
(Mar 14 2018 04:27:30,   25211 sec) PistonMoveAbsWTO()    066->067 067 [3sec, 13.3Volts, 0.544Amps, CPT:628sec]
(Mar 14 2018 07:27:30,   36010 sec) Park()               ParkPOutOfBand[3, 1163.9 dbars]: extend piston.
(Mar 14 2018 07:27:30,   36011 sec) PistonMoveAbsWTO()    067->068 068 [6sec, 13.6Volts, 0.520Amps, CPT:634sec]
(Mar 14 2018 10:27:30,   46810 sec) Park()               ParkPOutOfBand[3, 1145.0 dbars]: extend piston.
(Mar 14 2018 10:27:30,   46811 sec) PistonMoveAbsWTO()    068->069 069 [6sec, 13.6Volts, 0.512Amps, CPT:640sec]
(Mar 14 2018 13:27:30,   57610 sec) Park()               ParkPOutOfBand[3, 1131.3 dbars]: extend piston.
(Mar 14 2018 13:27:30,   57611 sec) PistonMoveAbsWTO()    069->070 070 [6sec, 13.7Volts, 0.524Amps, CPT:646sec]
(Mar 14 2018 16:27:30,   68410 sec) Park()               ParkPOutOfBand[3, 1110.3 dbars]: extend piston.
(Mar 14 2018 16:27:30,   68411 sec) PistonMoveAbsWTO()    070->071 071 [6sec, 13.7Volts, 0.496Amps, CPT:652sec]
(Mar 14 2018 19:27:30,   79211 sec) Park()               ParkPOutOfBand[3, 1093.4 dbars]: extend piston.
(Mar 14 2018 19:27:31,   79211 sec) PistonMoveAbsWTO()    071->072 072 [6sec, 13.7Volts, 0.496Amps, CPT:658sec]
(Mar 14 2018 22:27:30,   90011 sec) Park()               ParkPOutOfBand[3, 1073.9 dbars]: extend piston.
(Mar 14 2018 22:27:31,   90011 sec) PistonMoveAbsWTO()    072->073 073 [6sec, 13.7Volts, 0.500Amps, CPT:664sec]
(Mar 15 2018 01:27:30,  100811 sec) Park()               ParkPOutOfBand[3, 1052.8 dbars]: extend piston.
(Mar 15 2018 01:27:31,  100811 sec) PistonMoveAbsWTO()    073->074 074 [6sec, 13.7Volts, 0.488Amps, CPT:670sec]
(Mar 15 2018 04:27:30,  111611 sec) Park()               ParkPOutOfBand[3, 1033.1 dbars]: extend piston.
(Mar 15 2018 04:27:31,  111611 sec) PistonMoveAbsWTO()    074->075 075 [7sec, 13.7Volts, 0.479Amps, CPT:677sec]
(Mar 16 2018 06:27:30,  205211 sec) Park()               ParkPOutOfBand[3, 1013.3 dbars]: extend piston.
(Mar 16 2018 06:27:31,  205211 sec) PistonMoveAbsWTO()    075->076 076 [7sec, 12.8Volts, 0.471Amps, CPT:684sec]
(Mar 16 2018 14:27:30,  234011 sec) Park()               ParkPOutOfBand[-3, 988.3 dbars]: retract piston.
(Mar 16 2018 14:27:31,  234011 sec) PistonMoveAbsWTO()    076->075 075 [2sec, 13.9Volts, 0.105Amps, CPT:686sec]
(Mar 23 2018 11:30:18,  828178 sec) CtdPower()           [  995.42,  8.7254, 35.3587]
(Mar 23 2018 11:30:18,  828178 sec) CtdPower()           CTD Power consumption [186VCnt 9ACnt]: 14.418Volts * 0.036Amps = 0.52Watts.
(Mar 23 2018 11:30:19,  828179 sec) ParkTerminate()      Piston Position:75 Vacuum:80 Vq:194 Aq:6 Vsbe:186 Asbe:9 Vflbb:182 Aflbb:12
(Mar 23 2018 11:30:55,  828216 sec) ParkTerminate()      PTS/O2,T2,TPhase,RawTemp: 995.5dbars 8.7258C 35.3583PSU / 8.1uM 8.749C 60.559 8.291 632.313
(Mar 23 2018 11:30:56,  828216 sec) ParkTerminate()      FLBB FSig, BbSig, TSig: 58, 123, 564
(Mar 23 2018 11:30:56,  828217 sec) GoDeepInit()         Moving piston.
(Mar 23 2018 11:30:56,  828217 sec) PistonMoveAbsWTO()    075->016 074 073 072 071 070 069 068 067 066 065 064 063 062 061 060 059 058 057 056 055 054 053 052 051 050 049 048 047 046 045 044 043 042 041 040 039 038 037 036 035 034 033 032 031 030 029 028 027 026 025 024 023 022 021 020 019 018 017 016 [303sec, 14.0Volts, 0.105Amps, CPT:989sec]
(Mar 23 2018 14:02:23,  837304 sec) GoDeep()             Sequence point detected at 2003.5dbar.
(Mar 23 2018 14:02:26,  837307 sec) ProfileInit()        PrfId:092  Pressure:2003.6dbar  pTable[0]:2000dbar
(Mar 23 2018 14:02:37,  837317 sec) PistonMoveAbsWTO()    016->038 017 018 019 020 [30sec, 12.1Volts, 0.790Amps, CPT:1019sec]
(Mar 23 2018 14:03:17,  837357 sec) PistonMoveAbsWTO()    020->038 021 022 023 024 [30sec, 12.2Volts, 0.802Amps, CPT:1049sec]
(Mar 23 2018 14:03:57,  837397 sec) PistonMoveAbsWTO()    024->038 025 026 027 028 [30sec, 12.2Volts, 0.790Amps, CPT:1079sec]
(Mar 23 2018 14:04:37,  837437 sec) PistonMoveAbsWTO()    029->038 030 031 032 033 [30sec, 12.4Volts, 0.786Amps, CPT:1109sec]
(Mar 23 2018 14:05:17,  837477 sec) PistonMoveAbsWTO()    033->038 034 035 036 037 [30sec, 12.4Volts, 0.766Amps, CPT:1139sec]
(Mar 23 2018 14:05:57,  837517 sec) PistonMoveAbsWTO()    037->038 038 [6sec, 12.5Volts, 0.806Amps, CPT:1145sec]
(Mar 23 2018 14:07:29,  837609 sec) Profile()            Sample 0 initiated at 2001.9dbars for bin 0 [2000dbars].  PTS/O2,T2,TPhase,RPhase,RawTemp/FSig,BbSig,TSig: 2000.1dbars 3.2443C 34.8498PSU / 97.1uM 3.256C 50.437 8.379 794.165 /   58  108  573
(Mar 23 2018 14:09:03,  837703 sec) Sbe41cpStartCP()     Continuous profile started.
(Mar 23 2018 14:17:31,  838211 sec) AscentControlAgent(  Bouyancy nudge to 48 (v=0.054dbar/sec).
(Mar 23 2018 14:17:31,  838212 sec) PistonMoveAbsWTO()    038->048 039 040 041 042 [30sec, 13.2Volts, 0.798Amps, CPT:1175sec]
(Mar 23 2018 14:18:12,  838253 sec) PistonMoveAbsWTO()    042->048 043 044 045 046 047 [30sec, 13.0Volts, 0.790Amps, CPT:1205sec]
(Mar 23 2018 14:18:53,  838294 sec) PistonMoveAbsWTO()    047->048 048 [6sec, 13.0Volts, 0.778Amps, CPT:1211sec]
(Mar 23 2018 14:27:41,  838822 sec) Profile()            Sample 1 initiated at 1901.9dbars for bin 1 [1900dbars].  PTS/O2,T2,TPhase,RPhase,RawTemp/FSig,BbSig,TSig: 1901.6dbars 3.5049C 34.8707PSU / 91.6uM 3.516C 50.861 8.381 786.759 /   56  107  573
(Mar 23 2018 14:47:49,  840030 sec) Profile()            Sample 2 initiated at 1801.5dbars for bin 2 [1800dbars].  PTS/O2,T2,TPhase,RPhase,RawTemp/FSig,BbSig,TSig: 1801.2dbars 3.8901C 34.9019PSU / 81.6uM 3.898C 51.702 8.375 775.802 /   58  109  572
(Mar 23 2018 14:48:13,  840053 sec) AscentControlAgent(  Bouyancy nudge to 58 (v=0.080dbar/sec).
(Mar 23 2018 14:48:13,  840054 sec) PistonMoveAbsWTO()    048->058 049 050 051 052 [30sec, 13.4Volts, 0.762Amps, CPT:1241sec]
(Mar 23 2018 14:48:54,  840095 sec) PistonMoveAbsWTO()    052->058 053 054 055 056 057 [30sec, 13.2Volts, 0.737Amps, CPT:1271sec]
(Mar 23 2018 14:49:35,  840136 sec) PistonMoveAbsWTO()    057->058 058 [3sec, 13.2Volts, 0.753Amps, CPT:1274sec]
(Mar 23 2018 15:04:04,  841005 sec) Profile()            Sample 3 initiated at 1701.0dbars for bin 3 [1700dbars].  PTS/O2,T2,TPhase,RPhase,RawTemp/FSig,BbSig,TSig: 1700.7dbars 4.3829C 34.9463PSU / 69.7uM 4.392C 52.796 8.378 761.566 /   59  113  571
(Mar 23 2018 15:22:36,  842117 sec) Profile()            Sample 4 initiated at 1601.3dbars for bin 4 [1600dbars].  PTS/O2,T2,TPhase,RPhase,RawTemp/FSig,BbSig,TSig: 1601.1dbars 4.8654C 34.9906PSU / 59.5uM 4.876C 53.798 8.378 747.561 /   60  110  571
(Mar 23 2018 15:23:59,  842199 sec) AscentControlAgent(  Bouyancy nudge to 68 (v=0.078dbar/sec).
(Mar 23 2018 15:23:59,  842200 sec) PistonMoveAbsWTO()    058->068 059 060 061 062 [30sec, 13.5Volts, 0.681Amps, CPT:1304sec]
(Mar 23 2018 15:24:40,  842241 sec) PistonMoveAbsWTO()    062->068 063 064 065 066 067 [30sec, 13.3Volts, 0.677Amps, CPT:1334sec]
(Mar 23 2018 15:25:21,  842282 sec) PistonMoveAbsWTO()    067->068 068 [2sec, 13.3Volts, 0.653Amps, CPT:1336sec]
(Mar 23 2018 15:40:17,  843178 sec) Profile()            Sample 5 initiated at 1501.2dbars for bin 5 [1500dbars].  PTS/O2,T2,TPhase,RPhase,RawTemp/FSig,BbSig,TSig: 1500.9dbars 5.4645C 35.0458PSU / 47.9uM 5.479C 55.046 8.381 729.955 /   58  114  570
(Mar 23 2018 15:58:19,  844260 sec) Profile()            Sample 6 initiated at 1401.9dbars for bin 6 [1400dbars].  PTS/O2,T2,TPhase,RPhase,RawTemp/FSig,BbSig,TSig: 1401.6dbars 6.0735C 35.1039PSU / 38.0uM 6.090C 56.214 8.383 712.000 /   58  115  569
(Mar 23 2018 16:08:49,  844890 sec) Profile()            Sample 7 initiated at 1351.8dbars for bin 7 [1350dbars].  PTS/O2,T2,TPhase,RPhase,RawTemp/FSig,BbSig,TSig: 1351.5dbars 6.3575C 35.1308PSU / 33.6uM 6.372C 56.771 8.387 703.673 /   58  113  568
(Mar 23 2018 16:09:43,  844943 sec) AscentControlAgent(  Bouyancy nudge to 78 (v=0.075dbar/sec).
(Mar 23 2018 16:09:43,  844944 sec) PistonMoveAbsWTO()    068->078 069 070 071 072 073 [30sec, 13.6Volts, 0.608Amps, CPT:1366sec]
(Mar 23 2018 16:10:24,  844985 sec) PistonMoveAbsWTO()    073->078 074 075 076 077 078 [30sec, 13.5Volts, 0.604Amps, CPT:1396sec]
(Mar 23 2018 16:18:02,  845443 sec) Profile()            Sample 8 initiated at 1301.5dbars for bin 8 [1300dbars].  PTS/O2,T2,TPhase,RPhase,RawTemp/FSig,BbSig,TSig: 1301.3dbars 6.8042C 35.1774PSU / 27.4uM 6.817C 57.595 8.388 690.439 /   57  118  568
(Mar 23 2018 16:27:42,  846023 sec) Profile()            Sample 9 initiated at 1251.3dbars for bin 9 [1250dbars].  PTS/O2,T2,TPhase,RPhase,RawTemp/FSig,BbSig,TSig: 1251.0dbars 7.1598C 35.2117PSU / 22.5uM 7.175C 58.296 8.390 679.768 /   59  113  567
(Mar 23 2018 16:37:42,  846623 sec) Profile()            Sample 10 initiated at 1201.4dbars for bin 10 [1200dbars].  PTS/O2,T2,TPhase,RPhase,RawTemp/FSig,BbSig,TSig: 1201.2dbars 7.4677C 35.2388PSU / 19.0uM 7.482C 58.813 8.387 670.584 /   58  139  567
(Mar 23 2018 16:45:17,  847077 sec) AscentControlAgent(  Bouyancy nudge to 88 (v=0.074dbar/sec).
(Mar 23 2018 16:45:17,  847078 sec) PistonMoveAbsWTO()    078->088 079 080 081 082 083 [30sec, 13.7Volts, 0.524Amps, CPT:1426sec]
(Mar 23 2018 16:45:58,  847118 sec) PistonMoveAbsWTO()    083->088 084 085 086 087 088 [30sec, 13.6Volts, 0.524Amps, CPT:1456sec]
(Mar 23 2018 16:48:03,  847244 sec) Profile()            Sample 11 initiated at 1151.7dbars for bin 11 [1150dbars].  PTS/O2,T2,TPhase,RPhase,RawTemp/FSig,BbSig,TSig: 1151.4dbars 7.7000C 35.2543PSU / 16.5uM 7.718C 59.204 8.387 663.486 /   56  115  566
(Mar 23 2018 16:56:33,  847754 sec) Profile()            Sample 12 initiated at 1101.6dbars for bin 12 [1100dbars].  PTS/O2,T2,TPhase,RPhase,RawTemp/FSig,BbSig,TSig: 1101.3dbars 8.0930C 35.2946PSU / 13.5uM 8.113C 59.663 8.388 651.576 /   61  119  566
(Mar 23 2018 17:05:11,  848272 sec) Profile()            Sample 13 initiated at 1051.5dbars for bin 13 [1050dbars].  PTS/O2,T2,TPhase,RPhase,RawTemp/FSig,BbSig,TSig: 1051.2dbars 8.3502C 35.3152PSU / 11.0uM 8.371C 60.076 8.387 643.776 /   59  115  565
(Mar 23 2018 17:14:11,  848811 sec) Profile()            Sample 14 initiated at 1001.8dbars for bin 14 [1000dbars].  PTS/O2,T2,TPhase,RPhase,RawTemp/FSig,BbSig,TSig: 1001.6dbars 8.7002C 35.3551PSU / 9.2uM 8.721C 60.352 8.390 633.172 /   60  117  565
(Mar 23 2018 17:26:04,  849524 sec) AscentControlAgent(  Bouyancy nudge to 98 (v=0.070dbar/sec).
(Mar 23 2018 17:26:04,  849524 sec) PistonMoveAbsWTO()    088->098 089 090 091 092 093 [30sec, 13.8Volts, 0.467Amps, CPT:1486sec]
(Mar 23 2018 17:26:44,  849564 sec) PistonMoveAbsWTO()    093->098 094 095 096 097 098 [29sec, 13.7Volts, 0.467Amps, CPT:1515sec]
(Mar 23 2018 17:34:40,  850040 sec) Profile()            Sample 16 initiated at 901.7dbars for bin 16 [900dbars].  PTS/O2,T2,TPhase,RPhase,RawTemp/FSig,BbSig,TSig: 901.5dbars 9.3829C 35.4120PSU / 4.8uM 9.408C 61.134 8.400 612.189 /   58  117  564
(Mar 23 2018 18:11:44,  852265 sec) AscentControlAgent(  Bouyancy nudge to 108 (v=0.071dbar/sec).
(Mar 23 2018 18:11:45,  852265 sec) PistonMoveAbsWTO()    098->108 099 100 101 102 103 [30sec, 13.9Volts, 0.391Amps, CPT:1545sec]
(Mar 23 2018 18:12:25,  852305 sec) PistonMoveAbsWTO()    103->108 104 105 106 107 108 [27sec, 13.8Volts, 0.387Amps, CPT:1572sec]
(Mar 23 2018 18:14:48,  852448 sec) Profile()            Sample 20 initiated at 701.3dbars for bin 20 [700dbars].  PTS/O2,T2,TPhase,RPhase,RawTemp/FSig,BbSig,TSig: 701.0dbars 10.6346C 35.4962PSU / 2.6uM 10.669C 61.471 8.448 573.330 /   58  118  561
(Mar 23 2018 18:42:10,  854091 sec) AscentControlAgent(  Bouyancy nudge to 118 (v=0.070dbar/sec).
(Mar 23 2018 18:42:11,  854091 sec) PistonMoveAbsWTO()    108->118 109 110 111 112 113 [30sec, 14.0Volts, 0.338Amps, CPT:1602sec]
(Mar 23 2018 18:42:51,  854131 sec) PistonMoveAbsWTO()    113->118 114 115 116 117 118 [26sec, 14.0Volts, 0.347Amps, CPT:1628sec]
(Mar 23 2018 18:53:11,  854751 sec) Profile()            Sample 24 initiated at 501.7dbars for bin 24 [500dbars].  PTS/O2,T2,TPhase,RPhase,RawTemp/FSig,BbSig,TSig: 501.4dbars 11.9621C 35.5840PSU / 4.0uM 11.995C 61.037 8.516 531.961 /   57  125  560
(Mar 23 2018 19:02:25,  855306 sec) AscentControlAgent(  Bouyancy nudge to 128 (v=0.076dbar/sec).
(Mar 23 2018 19:02:26,  855306 sec) PistonMoveAbsWTO()    118->128 119 120 121 122 123 [30sec, 14.0Volts, 0.298Amps, CPT:1658sec]
(Mar 23 2018 19:03:06,  855346 sec) PistonMoveAbsWTO()    123->128 124 125 126 127 128 [26sec, 14.0Volts, 0.294Amps, CPT:1684sec]
(Mar 23 2018 19:23:50,  856590 sec) Profile()            Sample 28 initiated at 331.7dbars for bin 28 [330dbars].  PTS/O2,T2,TPhase,RPhase,RawTemp/FSig,BbSig,TSig: 331.4dbars 13.6549C 35.7116PSU / 1.0uM 13.686C 61.573 8.542 478.565 /   59  146  557
(Mar 23 2018 19:38:06,  857447 sec) AscentControlAgent(  Bouyancy nudge to 138 (v=0.063dbar/sec).
(Mar 23 2018 19:38:07,  857447 sec) PistonMoveAbsWTO()    128->138 129 130 131 132 133 [30sec, 14.1Volts, 0.246Amps, CPT:1714sec]
(Mar 23 2018 19:39:02,  857502 sec) PistonMoveAbsWTO()    133->138 134 135 136 137 138 [25sec, 14.1Volts, 0.250Amps, CPT:1739sec]
(Mar 23 2018 19:42:42,  857722 sec) Profile()            Sample 32 initiated at 241.8dbars for bin 32 [240dbars].  PTS/O2,T2,TPhase,RPhase,RawTemp/FSig,BbSig,TSig: 241.5dbars 14.5071C 35.5673PSU / 1.0uM 14.568C 61.525 8.575 450.451 /   59  150  556
(Mar 23 2018 19:53:23,  858364 sec) AscentControlAgent(  Bouyancy nudge to 148 (v=0.070dbar/sec).
(Mar 23 2018 19:53:24,  858364 sec) PistonMoveAbsWTO()    138->148 139 140 141 142 143 [30sec, 14.1Volts, 0.226Amps, CPT:1769sec]
(Mar 23 2018 19:54:04,  858404 sec) PistonMoveAbsWTO()    143->148 144 145 146 147 148 [24sec, 14.1Volts, 0.222Amps, CPT:1793sec]
(Mar 23 2018 19:55:03,  858463 sec) Profile()            Sample 36 initiated at 181.5dbars for bin 36 [180dbars].  PTS/O2,T2,TPhase,RPhase,RawTemp/FSig,BbSig,TSig: 181.3dbars 17.2183C 35.7689PSU / 0.9uM 17.166C 61.357 8.716 366.765 /   58  143  553
(Mar 23 2018 20:02:27,  858907 sec) Profile()            Sample 40 initiated at 141.3dbars for bin 40 [140dbars].  PTS/O2,T2,TPhase,RPhase,RawTemp/FSig,BbSig,TSig: 141.1dbars 18.2510C 35.6480PSU / 0.8uM 18.265C 61.277 8.778 331.096 /   56  122  551
(Mar 23 2018 20:09:02,  859303 sec) AscentControlAgent(  Bouyancy nudge to 158 (v=0.041dbar/sec).
(Mar 23 2018 20:09:03,  859303 sec) PistonMoveAbsWTO()    148->158 149 150 151 152 153 [30sec, 14.2Volts, 0.201Amps, CPT:1823sec]
(Mar 23 2018 20:09:43,  859343 sec) PistonMoveAbsWTO()    153->158 154 155 156 157 158 [23sec, 14.2Volts, 0.205Amps, CPT:1846sec]
(Mar 23 2018 20:14:06,  859606 sec) Profile()            Sample 44 initiated at 101.4dbars for bin 44 [100dbars].  PTS/O2,T2,TPhase,RPhase,RawTemp/FSig,BbSig,TSig: 101.2dbars 21.6361C 36.1109PSU / 21.4uM 21.651C 55.243 8.832 220.697 /   54  113  547
(Mar 23 2018 20:28:33,  860473 sec) Profile()            Sample 48 initiated at 61.9dbars for bin 48 [60dbars].  PTS/O2,T2,TPhase,RPhase,RawTemp/FSig,BbSig,TSig: 61.8dbars 24.8327C 36.5049PSU / 179.2uM 24.839C 33.349 8.911 116.935 /  106  140  541
(Mar 23 2018 20:34:32,  860833 sec) AscentControlAgent(  Bouyancy nudge to 163 (v=0.031dbar/sec).
(Mar 23 2018 20:34:33,  860833 sec) PistonMoveAbsWTO()    158->163 159 160 161 162 163 [26sec, 14.3Volts, 0.181Amps, CPT:1872sec]
(Mar 23 2018 20:38:54,  861094 sec) Profile()            Sample 52 initiated at 36.8dbars for bin 52 [35dbars].  PTS/O2,T2,TPhase,RPhase,RawTemp/FSig,BbSig,TSig: 36.6dbars 25.4651C 36.4168PSU / 212.8uM 25.465C 31.066 8.966 96.667 /  489  258  539
(Mar 23 2018 20:44:43,  861444 sec) AscentControlAgent(  Bouyancy nudge to 168 (v=0.023dbar/sec).
(Mar 23 2018 20:44:44,  861444 sec) PistonMoveAbsWTO()    163->168 164 165 166 167 168 [26sec, 14.3Volts, 0.177Amps, CPT:1898sec]
(Mar 23 2018 20:49:52,  861753 sec) AscentControlAgent(  Bouyancy nudge to 173 (v=0.031dbar/sec).
(Mar 23 2018 20:49:53,  861753 sec) PistonMoveAbsWTO()    168->173 169 170 [15sec, 14.3Volts, 0.173Amps, CPT:1913sec]
(Mar 23 2018 20:50:33,  861793 sec) Profile()            Sample 56 initiated at 17.0dbars for bin 56 [15dbars].  PTS/O2,T2,TPhase,RPhase,RawTemp/FSig,BbSig,TSig: 16.8dbars 27.2036C 36.6414PSU / 246.6uM 27.223C 28.724 9.011 40.122 /   99  237  536
(Mar 23 2018 20:50:33,  861794 sec) PistonMoveAbsWTO()    171->173 172 173 [11sec, 14.3Volts, 0.173Amps, CPT:1924sec]
(Mar 23 2018 20:52:04,  861884 sec) Profile()            Sample 57 initiated at 11.5dbars for bin 57 [10dbars].  PTS/O2,T2,TPhase,RPhase,RawTemp/FSig,BbSig,TSig: 11.3dbars 27.2076C 36.6398PSU / 246.5uM 27.225C 28.729 9.014 40.044 /   98  247  536
(Mar 23 2018 20:53:13,  861953 sec) Profile()            Sample 58 initiated at 6.0dbars for bin 58 [4dbars].  PTS/O2,T2,TPhase,RPhase,RawTemp/FSig,BbSig,TSig: 5.8dbars 27.2074C 36.6385PSU / 246.7uM 27.223C 28.721 9.011 40.107 /  101  305  536
(Mar 23 2018 20:53:27,  861968 sec) SurfaceDetect()      SurfacePressure:-0.4dbars Pressure:3.7dbars PistonPosition:173
(Mar 23 2018 20:53:28,  861969 sec) Sbe41cpStopCP()      Continuous profile stopped.
(Mar 23 2018 20:53:35,  861976 sec) PistonMoveAbsWTO()    173->195 174 175 176 177 178 179 180 181 182 183 184 185 186 187 188 189 190 191 192 193 194 195 [113sec, 14.3Volts, 0.149Amps, CPT:2037sec]
(Mar 23 2018 20:55:46,  862106 sec) sbe41cp.c:chat()     Expected string [S>] not received.
(Mar 23 2018 20:59:08,  862308 sec) Sbe41cpBinAverage()  Finished averaging 24294 samples in 197 seconds.
(Mar 23 2018 20:59:13,  862314 sec) Sbe41cpUploadCP()    Sbe41cpSerNo[08355] NSample[24294] NBin[1000]
(Mar 23 2018 21:01:12,  862433 sec) Sbe41cpUploadCP()    Continuous profile uploaded [1000 lines].

<EOT>

<EOT>
