(Jun 21 2018 20:53:42,  861499 sec) TelemetryInit()      Profile 101. (Apf9i FwRev: 061016)
(Jun 21 2018 21:00:41,  861917 sec) AirSystem()          Battery [188cnt, 14.6V]  Current [77cnt, 310.3mA]  Barometer [127cnt, 6.8"Hg]  Run-Time [49s]
(Jun 21 2018 21:01:34,  861970 sec) GetSurfaceObs()      P/O2,T2,TPhase,RPhase,RawTemp/FSig,BbSig,TSig: -0.4dbars / 226.1uM 28.278C 29.287 9.015 6.445 / 67,138,532
(Jun 21 2018 21:01:42,  861979 sec) GpsServices()        GPS almanac is current.
(Jun 21 2018 21:01:42,  861979 sec) GpsServices()        Initiating GPS fix acquisition.
(Jun 21 2018 21:02:04,  862000 sec) gga()                $GPGGA,210140,1632.2627,N,06559.7533,E,0,00,,,M,,M,,*51
(Jun 21 2018 21:02:14,  862011 sec) gga()                $GPGGA,210150,1632.2627,N,06559.7533,E,0,00,,,M,,M,,*50
(Jun 21 2018 21:02:26,  862023 sec) gga()                $GPGGA,210210,1632.2627,N,06559.7533,E,0,00,,,M,,M,,*57
(Jun 21 2018 21:02:37,  862034 sec) gga()                $GPGGA,210220,1632.2627,N,06559.7533,E,0,00,,,M,,M,,*54
(Jun 21 2018 21:03:20,  862077 sec) gga()                $GPGGA,210230,1630.7074,N,06549.4543,E,1,03,1.4,14.7,M,-64.3,M,,*50
(Jun 21 2018 21:03:21,  862077 sec) GpsServices()        Profile 101 GPS fix obtained in 98 seconds.
(Jun 21 2018 21:03:21,  862078 sec) GpsServices()                  lon     lat mm/dd/yyyy hhmmss nsat
(Jun 21 2018 21:03:21,  862078 sec) GpsServices()        Fix:   65.824  16.512 06/21/2018 210230    3
(Jun 21 2018 21:04:08,  862125 sec) gga()                $GPGGA,210320,1630.7163,N,06549.4554,E,1,10,0.8,9.9,M,-64.3,M,,*6C
(Jun 21 2018 21:04:16,  862133 sec) gga()                $GPGGA,210410,1630.7268,N,06549.4544,E,1,11,0.7,-3.1,M,-64.3,M,,*40
(Jun 21 2018 21:04:16,  862133 sec) GpsServices()        APF9 RTC skew (6s) OK.
(Jun 21 2018 21:04:17,  862133 sec) GpsServices()        GPS services complete.
(Jun 21 2018 21:04:42,  862159 sec) CLogin()             Connecting to primary host.
(Jun 21 2018 21:04:58,  862175 sec) CLogin()             Connection 1 established in 16 seconds.
(Jun 21 2018 21:05:28,  862204 sec) expect()             Attempt to read prompt string [login:] failed.
(Jun 21 2018 21:05:28,  862204 sec) login()              Login prompt not received.
(Jun 21 2018 21:05:43,  862220 sec) login()              Login successful.
(Jun 21 2018 21:05:48,  862224 sec) chat()               Expected string [cmd>] not received.
(Jun 21 2018 21:05:48,  862224 sec) login()              Attempt to set the command prompt failed.
(Jun 21 2018 21:05:51,  862228 sec) CLogin()             Logged in to host.  [Login required 53 seconds]
(Jun 21 2018 21:06:03,  862240 sec) RxConfig()           Downloading "mission.cfg" from host.
(Jun 21 2018 21:06:06,  862242 sec) Rx()                 Initiating transfer. [0x43]
(Jun 21 2018 21:06:08,  862245 sec) RxStartByte()        Sync errors encountered: 671
(Jun 21 2018 21:06:16,  862253 sec) Rx()                 Pad character [0x1a] found in ascii mode - truncating packet.
(Jun 21 2018 21:06:21,  862257 sec) Rx()                 Received EOT - transfer complete. [1 packets, 1024 bytes, 15 sec, 68.3 bps]
(Jun 21 2018 21:06:21,  862258 sec) RxConfig()           Download successful.
(Jun 21 2018 21:06:44,  862281 sec) WriteVitals()        Writing vitals to "7827.101.msg".
(Jun 21 2018 21:07:02,  862299 sec) UpLoadFile()         Uploading "7827.101.msg" to host as "7827.101.msg".
(Jun 21 2018 21:07:04,  862300 sec) Tx()                 CRC negotiation successful. [16-bit CRC]
(Jun 21 2018 21:07:07,  862304 sec) TxPacket()           Invalid response [0x5d] - resending packet. [PktNum=0x01]
(Jun 21 2018 21:07:07,  862304 sec) TxPacket()           Packet xmit history: [01110001] (0:ok, 1:fail).
(Jun 21 2018 21:07:14,  862311 sec) TxPacket()           NAK received - resending packet. [PktNum=0x02]
(Jun 21 2018 21:07:14,  862311 sec) TxPacket()           Packet xmit history: [11000101] (0:ok, 1:fail).
(Jun 21 2018 21:07:21,  862318 sec) TxPacket()           NAK received - resending packet. [PktNum=0x03]
(Jun 21 2018 21:07:21,  862318 sec) TxPacket()           Packet xmit history: [00010101] (0:ok, 1:fail).
(Jun 21 2018 21:07:53,  862350 sec) TxPacket()           NAK received - resending packet. [PktNum=0x06]
(Jun 21 2018 21:07:53,  862350 sec) TxPacket()           Packet xmit history: [01010001] (0:ok, 1:fail).
(Jun 21 2018 21:08:29,  862386 sec) TxPacket()           NAK received - resending packet. [PktNum=0x0a]
(Jun 21 2018 21:08:29,  862386 sec) TxPacket()           Packet xmit history: [00100001] (0:ok, 1:fail).
(Jun 21 2018 21:08:46,  862403 sec) TxPacket()           NAK received - resending packet. [PktNum=0x0b]
(Jun 21 2018 21:08:47,  862403 sec) TxPacket()           Packet xmit history: [10000101] (0:ok, 1:fail).
(Jun 21 2018 21:09:16,  862433 sec) TxPacket()           NAK received - resending packet. [PktNum=0x0e]
(Jun 21 2018 21:09:16,  862433 sec) TxPacket()           Packet xmit history: [01010001] (0:ok, 1:fail).
(Jun 21 2018 21:09:29,  862446 sec) TxPacket()           NAK received - resending packet. [PktNum=0x0f]
(Jun 21 2018 21:09:30,  862446 sec) TxPacket()           Packet xmit history: [01000101] (0:ok, 1:fail).
(Jun 21 2018 21:10:01,  862478 sec) TxPacket()           No carrier detected.
(Jun 21 2018 21:10:02,  862478 sec) TxPacket()           Exit status: -5
(Jun 21 2018 21:10:02,  862478 sec) Tx()                 Packet transmission failed - aborting transfer.
(Jun 21 2018 21:10:13,  862490 sec) UpLoadFile()         Upload failed.
(Jun 21 2018 21:10:14,  862491 sec) CLogin()             Connecting to primary host.
(Jun 21 2018 21:10:20,  862496 sec) chat()               Expected string [OK] not received.
(Jun 21 2018 21:10:20,  862496 sec) modem_restore_facto  Modem command [AT&F0] failed.
(Jun 21 2018 21:10:20,  862497 sec) modem_initialize()   Unable to restore modem's factory defaults.
(Jun 21 2018 21:10:20,  862497 sec) modem_connect()      Modem configuration failed.
(Jun 21 2018 21:10:20,  862497 sec) connect()            Connection attempt failed.
(Jun 21 2018 21:10:34,  862510 sec) CLogin()             Connection 2 established in 21 seconds.
(Jun 21 2018 21:10:44,  862521 sec) login()              Login successful.
(Jun 21 2018 21:10:47,  862524 sec) CLogin()             Logged in to host.  [Login required 13 seconds]
(Jun 21 2018 21:11:01,  862537 sec) UpLoadFile()         Uploading "7827.101.log" to host as "7827.101.log".
(Jun 21 2018 21:11:03,  862540 sec) Tx()                 CRC negotiation successful. [16-bit CRC]
(Jun 21 2018 21:11:30,  862567 sec) TxPacket()           NAK received - resending packet. [PktNum=0x04]
(Jun 21 2018 21:11:30,  862567 sec) TxPacket()           Packet xmit history: [01010001] (0:ok, 1:fail).
(Jun 21 2018 21:12:06,  862602 sec) TxPacket()           NAK received - resending packet. [PktNum=0x08]
(Jun 21 2018 21:12:06,  862603 sec) TxPacket()           Packet xmit history: [00100001] (0:ok, 1:fail).
(Jun 21 2018 21:13:13,  862670 sec) TxPacket()           NAK received - resending packet. [PktNum=0x10]
(Jun 21 2018 21:13:13,  862670 sec) TxPacket()           Packet xmit history: [00000001] (0:ok, 1:fail).
(Jun 21 2018 21:13:31,  862688 sec) TxPacket()           NAK received - resending packet. [PktNum=0x11]
(Jun 21 2018 21:13:31,  862688 sec) TxPacket()           Packet xmit history: [00000101] (0:ok, 1:fail).
(Jun 21 2018 21:14:20,  862737 sec) TxPacket()           NAK received - resending packet. [PktNum=0x17]
(Jun 21 2018 21:14:20,  862737 sec) TxPacket()           Packet xmit history: [10000001] (0:ok, 1:fail).
(Jun 21 2018 21:14:25,  862742 sec) TxPacket()           NAK received - resending packet. [PktNum=0x17]
(Jun 21 2018 21:14:25,  862742 sec) TxPacket()           Packet xmit history: [00000011] (0:ok, 1:fail).
(Jun 21 2018 21:14:30,  862747 sec) TxPacket()           NAK received - resending packet. [PktNum=0x17]
(Jun 21 2018 21:14:30,  862747 sec) TxPacket()           Packet xmit history: [00000111] (0:ok, 1:fail).
(Jun 21 2018 21:14:53,  862770 sec) TxPacket()           NAK received - resending packet. [PktNum=0x19]
(Jun 21 2018 21:14:53,  862770 sec) TxPacket()           Packet xmit history: [00111001] (0:ok, 1:fail).
(Jun 21 2018 21:15:25,  862802 sec) TxPacket()           NAK received - resending packet. [PktNum=0x1d]
(Jun 21 2018 21:15:25,  862802 sec) TxPacket()           Packet xmit history: [00100001] (0:ok, 1:fail).
(Jun 21 2018 21:15:31,  862808 sec) TxPacket()           NAK received - resending packet. [PktNum=0x1d]
(Jun 21 2018 21:15:31,  862808 sec) TxPacket()           Packet xmit history: [01000011] (0:ok, 1:fail).
(Jun 21 2018 21:15:42,  862819 sec) TxPacket()           NAK received - resending packet. [PktNum=0x1e]
(Jun 21 2018 21:15:42,  862819 sec) TxPacket()           Packet xmit history: [00001101] (0:ok, 1:fail).
(Jun 21 2018 21:16:18,  862855 sec) TxPacket()           NAK received - resending packet. [PktNum=0x22]
(Jun 21 2018 21:16:18,  862855 sec) TxPacket()           Packet xmit history: [10100001] (0:ok, 1:fail).
(Jun 21 2018 21:16:44,  862881 sec) TxPacket()           NAK received - resending packet. [PktNum=0x25]
(Jun 21 2018 21:16:44,  862881 sec) TxPacket()           Packet xmit history: [00010001] (0:ok, 1:fail).
(Jun 21 2018 21:17:27,  862924 sec) Tx()                 Transmission completed successfully [42 packets, 40759 bytes, 383 sec, 107.6 bps]
(Jun 21 2018 21:17:27,  862924 sec) UpLoadFile()         Upload successful.
(Jun 21 2018 21:17:47,  862943 sec) UpLoadFile()         Uploading "7827.101.msg" to host as "7827.101.msg".
(Jun 21 2018 21:17:50,  862947 sec) Tx()                 CRC negotiation successful. [16-bit CRC]
(Jun 21 2018 21:18:03,  862960 sec) TxPacket()           NAK received - resending packet. [PktNum=0x02]
(Jun 21 2018 21:18:03,  862960 sec) TxPacket()           Packet xmit history: [00000001] (0:ok, 1:fail).
(Jun 21 2018 21:18:12,  862969 sec) TxPacket()           NAK received - resending packet. [PktNum=0x02]
(Jun 21 2018 21:18:12,  862969 sec) TxPacket()           Packet xmit history: [00000011] (0:ok, 1:fail).
(Jun 21 2018 21:18:25,  862982 sec) TxPacket()           NAK received - resending packet. [PktNum=0x03]
(Jun 21 2018 21:18:25,  862982 sec) TxPacket()           Packet xmit history: [00001101] (0:ok, 1:fail).
(Jun 21 2018 21:18:45,  863002 sec) TxPacket()           NAK received - resending packet. [PktNum=0x05]
(Jun 21 2018 21:18:45,  863002 sec) TxPacket()           Packet xmit history: [01101001] (0:ok, 1:fail).
(Jun 21 2018 21:19:03,  863020 sec) TxPacket()           NAK received - resending packet. [PktNum=0x07]
(Jun 21 2018 21:19:03,  863020 sec) TxPacket()           Packet xmit history: [01001001] (0:ok, 1:fail).
(Jun 21 2018 21:19:08,  863025 sec) TxPacket()           NAK received - resending packet. [PktNum=0x07]
(Jun 21 2018 21:19:08,  863025 sec) TxPacket()           Packet xmit history: [10010011] (0:ok, 1:fail).
(Jun 21 2018 21:19:15,  863032 sec) TxPacket()           NAK received - resending packet. [PktNum=0x07]
(Jun 21 2018 21:19:15,  863032 sec) TxPacket()           Packet xmit history: [00100111] (0:ok, 1:fail).
(Jun 21 2018 21:19:51,  863068 sec) TxPacket()           NAK received - resending packet. [PktNum=0x0a]
(Jun 21 2018 21:19:51,  863068 sec) TxPacket()           Packet xmit history: [01110001] (0:ok, 1:fail).
(Jun 21 2018 21:20:19,  863096 sec) TxPacket()           NAK received - resending packet. [PktNum=0x0c]
(Jun 21 2018 21:20:19,  863096 sec) TxPacket()           Packet xmit history: [10001001] (0:ok, 1:fail).
(Jun 21 2018 21:20:26,  863103 sec) TxPacket()           NAK received - resending packet. [PktNum=0x0c]
(Jun 21 2018 21:20:26,  863103 sec) TxPacket()           Packet xmit history: [00010011] (0:ok, 1:fail).
(Jun 21 2018 21:20:47,  863124 sec) TxPacket()           NAK received - resending packet. [PktNum=0x0d]
(Jun 21 2018 21:20:48,  863124 sec) TxPacket()           Packet xmit history: [01001101] (0:ok, 1:fail).
(Jun 21 2018 21:20:52,  863129 sec) TxPacket()           NAK received - resending packet. [PktNum=0x0d]
(Jun 21 2018 21:20:52,  863129 sec) TxPacket()           Packet xmit history: [10011011] (0:ok, 1:fail).
(Jun 21 2018 21:21:22,  863158 sec) TxPacket()           NAK received - resending packet. [PktNum=0x10]
(Jun 21 2018 21:21:22,  863159 sec) TxPacket()           Packet xmit history: [10110001] (0:ok, 1:fail).
(Jun 21 2018 21:21:30,  863167 sec) TxPacket()           NAK received - resending packet. [PktNum=0x11]
(Jun 21 2018 21:21:30,  863167 sec) TxPacket()           Packet xmit history: [11000101] (0:ok, 1:fail).
(Jun 21 2018 21:21:50,  863186 sec) TxPacket()           NAK received - resending packet. [PktNum=0x12]
(Jun 21 2018 21:21:50,  863187 sec) TxPacket()           Packet xmit history: [00010101] (0:ok, 1:fail).
(Jun 21 2018 21:22:33,  863230 sec) TxPacket()           NAK received - resending packet. [PktNum=0x18]
(Jun 21 2018 21:22:33,  863230 sec) TxPacket()           Packet xmit history: [10000001] (0:ok, 1:fail).
(Jun 21 2018 21:23:10,  863266 sec) TxPacket()           NAK received - resending packet. [PktNum=0x1c]
(Jun 21 2018 21:23:10,  863267 sec) TxPacket()           Packet xmit history: [00100001] (0:ok, 1:fail).
(Jun 21 2018 21:23:20,  863276 sec) TxPacket()           NAK received - resending packet. [PktNum=0x1c]
(Jun 21 2018 21:23:20,  863277 sec) TxPacket()           Packet xmit history: [01000011] (0:ok, 1:fail).
(Jun 21 2018 21:23:43,  863300 sec) TxPacket()           NAK received - resending packet. [PktNum=0x1e]
(Jun 21 2018 21:23:43,  863300 sec) TxPacket()           Packet xmit history: [00011001] (0:ok, 1:fail).
(Jun 21 2018 21:24:03,  863320 sec) TxPacket()           NAK received - resending packet. [PktNum=0x20]
(Jun 21 2018 21:24:03,  863320 sec) TxPacket()           Packet xmit history: [11001001] (0:ok, 1:fail).
(Jun 21 2018 21:24:09,  863326 sec) TxPacket()           NAK received - resending packet. [PktNum=0x20]
(Jun 21 2018 21:24:09,  863326 sec) TxPacket()           Packet xmit history: [10010011] (0:ok, 1:fail).
(Jun 21 2018 21:24:13,  863330 sec) TxPacket()           NAK received - resending packet. [PktNum=0x20]
(Jun 21 2018 21:24:13,  863330 sec) TxPacket()           Packet xmit history: [00100111] (0:ok, 1:fail).
(Jun 21 2018 21:24:28,  863344 sec) TxPacket()           Packet xmit history: [00111000] (0:ok, 1:fail).
(Jun 21 2018 21:24:37,  863354 sec) TxPacket()           Invalid response [0x63] - resending packet. [PktNum=0x22]
(Jun 21 2018 21:24:37,  863354 sec) TxPacket()           Packet xmit history: [01110001] (0:ok, 1:fail).
(Jun 21 2018 21:24:40,  863357 sec) TxPacket()           Invalid response [0x6d] - resending packet. [PktNum=0x22]
(Jun 21 2018 21:24:40,  863357 sec) TxPacket()           Packet xmit history: [11100011] (0:ok, 1:fail).
(Jun 21 2018 21:24:43,  863359 sec) TxPacket()           Invalid response [0x6d] - resending packet. [PktNum=0x22]
(Jun 21 2018 21:24:43,  863360 sec) TxPacket()           Packet xmit history: [11000111] (0:ok, 1:fail).
(Jun 21 2018 21:24:44,  863361 sec) TxPacket()           Invalid response [0x5e] - resending packet. [PktNum=0x22]
(Jun 21 2018 21:24:44,  863361 sec) TxPacket()           Packet xmit history: [10001111] (0:ok, 1:fail).
(Jun 21 2018 21:24:45,  863362 sec) TxPacket()           Invalid response [0x39] - resending packet. [PktNum=0x22]
(Jun 21 2018 21:24:45,  863362 sec) TxPacket()           Packet xmit history: [00011111] (0:ok, 1:fail).
(Jun 21 2018 21:24:46,  863362 sec) TxPacket()           Invalid response [0x3a] - resending packet. [PktNum=0x22]
(Jun 21 2018 21:24:46,  863363 sec) TxPacket()           Packet xmit history: [00111111] (0:ok, 1:fail).
(Jun 21 2018 21:24:46,  863363 sec) TxPacket()           Invalid response [0x39] - resending packet. [PktNum=0x22]
(Jun 21 2018 21:24:46,  863363 sec) TxPacket()           Packet xmit history: [01111111] (0:ok, 1:fail).
(Jun 21 2018 21:24:49,  863365 sec) TxPacket()           Invalid response [0x32] - resending packet. [PktNum=0x22]
(Jun 21 2018 21:24:49,  863366 sec) TxPacket()           Packet xmit history: [11111111] (0:ok, 1:fail).
(Jun 21 2018 21:24:52,  863369 sec) TxPacket()           Invalid response [0x39] - resending packet. [PktNum=0x22]
(Jun 21 2018 21:24:52,  863369 sec) TxPacket()           Packet xmit history: [11111111] (0:ok, 1:fail).
(Jun 21 2018 21:24:53,  863369 sec) TxPacket()           Exit status: -5
(Jun 21 2018 21:24:53,  863370 sec) Tx()                 Packet transmission failed - aborting transfer.
(Jun 21 2018 21:25:04,  863381 sec) UpLoadFile()         Upload failed.
(Jun 21 2018 21:25:26,  863403 sec) UpLoadFile()         Uploading "7827.101.msg" to host as "7827.101.msg".
(Jun 21 2018 21:25:36,  863413 sec) Tx()                 CRC negotiation successful. [16-bit CRC]
(Jun 21 2018 21:25:38,  863415 sec) TxPacket()           No carrier detected.
(Jun 21 2018 21:25:38,  863415 sec) TxPacket()           Exit status: -5
(Jun 21 2018 21:25:38,  863415 sec) Tx()                 Packet transmission failed - aborting transfer.
(Jun 21 2018 21:25:49,  863426 sec) UpLoadFile()         Upload failed.
(Jun 21 2018 21:25:49,  863426 sec) UpLoad()             Files successfully uploaded: 1
(Jun 21 2018 21:25:50,  863426 sec) UpLoad()             Aborting upload: Retry limit [2] exceeded. Upload incomplete.
(Jun 21 2018 21:25:50,  863427 sec) logout()             No carrier detected.
(Jun 21 2018 21:25:50,  863427 sec) Telemetry()          Telemetry cycle complete: PrfId=101 ConnectionAttempts=3  Connections=2
(Jun 21 2018 21:41:05,  864341 sec) AirSystem()          Air-bladder inflation by-passed. Barometer: [126cnt, 6.5"Hg].
(Jun 21 2018 21:41:42,  864378 sec) GetSurfaceObs()      P/O2,T2,TPhase,RPhase,RawTemp/FSig,BbSig,TSig: -0.2dbars / 225.3uM 28.435C 29.268 8.986 1.461 / 69,138,532
(Jun 21 2018 21:41:50,  864387 sec) GpsServices()        GPS almanac is current.
(Jun 21 2018 21:41:50,  864387 sec) GpsServices()        Initiating GPS fix acquisition.
(Jun 21 2018 21:42:39,  864436 sec) gga()                $GPGGA,214150,1631.1532,N,06549.5489,E,1,10,0.9,9.9,M,-64.3,M,,*6B
(Jun 21 2018 21:42:40,  864436 sec) GpsServices()        Profile 101 GPS fix obtained in 49 seconds.
(Jun 21 2018 21:42:40,  864437 sec) GpsServices()                  lon     lat mm/dd/yyyy hhmmss nsat
(Jun 21 2018 21:42:40,  864437 sec) GpsServices()        Fix:   65.826  16.519 06/21/2018 214150   10
(Jun 21 2018 21:43:28,  864485 sec) gga()                $GPGGA,214240,1631.1638,N,06549.5502,E,1,10,0.9,-8.1,M,-64.3,M,,*46
(Jun 21 2018 21:43:36,  864493 sec) gga()                $GPGGA,214330,1631.1722,N,06549.5517,E,1,10,0.9,-6.3,M,-64.3,M,,*42
(Jun 21 2018 21:43:36,  864493 sec) GpsServices()        APF9 RTC skew (6s) OK.
(Jun 21 2018 21:43:37,  864493 sec) GpsServices()        GPS services complete.
(Jun 21 2018 21:44:02,  864519 sec) CLogin()             Connecting to primary host.
(Jun 21 2018 21:44:21,  864538 sec) CLogin()             Connection 3 established in 19 seconds.
(Jun 21 2018 21:44:32,  864549 sec) login()              Login successful.
(Jun 21 2018 21:44:35,  864552 sec) CLogin()             Logged in to host.  [Login required 14 seconds]
(Jun 21 2018 21:44:50,  864567 sec) RxConfig()           Downloading "mission.cfg" from host.
(Jun 21 2018 21:44:53,  864569 sec) Rx()                 Initiating transfer. [0x43]
(Jun 21 2018 21:44:59,  864576 sec) Rx()                 Pad character [0x1a] found in ascii mode - truncating packet.
(Jun 21 2018 21:45:04,  864580 sec) Rx()                 Received EOT - transfer complete. [1 packets, 1024 bytes, 11 sec, 93.1 bps]
(Jun 21 2018 21:45:04,  864581 sec) RxConfig()           Download successful.
(Jun 21 2018 21:45:27,  864604 sec) WriteVitals()        Writing vitals to "7827.101.msg".
(Jun 21 2018 21:45:43,  864620 sec) UpLoadFile()         Uploading "7827.101.msg" to host as "7827.101.msg".
(Jun 21 2018 21:45:47,  864624 sec) Tx()                 CRC negotiation successful. [16-bit CRC]
(Jun 21 2018 21:45:54,  864631 sec) TxPacket()           NAK received - resending packet. [PktNum=0x01]
(Jun 21 2018 21:45:54,  864631 sec) TxPacket()           Packet xmit history: [01110001] (0:ok, 1:fail).
(Jun 21 2018 21:45:59,  864636 sec) TxPacket()           NAK received - resending packet. [PktNum=0x01]
(Jun 21 2018 21:45:59,  864636 sec) TxPacket()           Packet xmit history: [11100011] (0:ok, 1:fail).
(Jun 21 2018 21:46:06,  864643 sec) TxPacket()           NAK received - resending packet. [PktNum=0x01]
(Jun 21 2018 21:46:06,  864643 sec) TxPacket()           Packet xmit history: [11000111] (0:ok, 1:fail).
(Jun 21 2018 21:46:55,  864692 sec) TxPacket()           NAK received - resending packet. [PktNum=0x06]
(Jun 21 2018 21:46:55,  864692 sec) TxPacket()           Packet xmit history: [11000001] (0:ok, 1:fail).
(Jun 21 2018 21:47:00,  864697 sec) TxPacket()           NAK received - resending packet. [PktNum=0x06]
(Jun 21 2018 21:47:00,  864697 sec) TxPacket()           Packet xmit history: [10000011] (0:ok, 1:fail).
(Jun 21 2018 21:47:07,  864704 sec) TxPacket()           NAK received - resending packet. [PktNum=0x06]
(Jun 21 2018 21:47:07,  864704 sec) TxPacket()           Packet xmit history: [00000111] (0:ok, 1:fail).
(Jun 21 2018 21:47:59,  864756 sec) TxPacket()           NAK received - resending packet. [PktNum=0x0d]
(Jun 21 2018 21:47:59,  864756 sec) TxPacket()           Packet xmit history: [00000001] (0:ok, 1:fail).
(Jun 21 2018 21:48:50,  864807 sec) TxPacket()           NAK received - resending packet. [PktNum=0x14]
(Jun 21 2018 21:48:50,  864807 sec) TxPacket()           Packet xmit history: [00000001] (0:ok, 1:fail).
(Jun 21 2018 21:49:23,  864840 sec) TxPacket()           NAK received - resending packet. [PktNum=0x18]
(Jun 21 2018 21:49:23,  864840 sec) TxPacket()           Packet xmit history: [00100001] (0:ok, 1:fail).
(Jun 21 2018 21:49:36,  864853 sec) TxPacket()           NAK received - resending packet. [PktNum=0x19]
(Jun 21 2018 21:49:36,  864853 sec) TxPacket()           Packet xmit history: [10000101] (0:ok, 1:fail).
(Jun 21 2018 21:50:00,  864877 sec) TxPacket()           NAK received - resending packet. [PktNum=0x1c]
(Jun 21 2018 21:50:00,  864877 sec) TxPacket()           Packet xmit history: [01010001] (0:ok, 1:fail).
(Jun 21 2018 21:50:06,  864883 sec) TxPacket()           NAK received - resending packet. [PktNum=0x1c]
(Jun 21 2018 21:50:06,  864883 sec) TxPacket()           Packet xmit history: [10100011] (0:ok, 1:fail).
(Jun 21 2018 21:50:48,  864925 sec) TxPacket()           NAK received - resending packet. [PktNum=0x21]
(Jun 21 2018 21:50:48,  864925 sec) TxPacket()           Packet xmit history: [11000001] (0:ok, 1:fail).
(Jun 21 2018 21:51:00,  864937 sec) TxPacket()           NAK received - resending packet. [PktNum=0x22]
(Jun 21 2018 21:51:00,  864937 sec) TxPacket()           Packet xmit history: [00000101] (0:ok, 1:fail).
(Jun 21 2018 21:51:05,  864942 sec) TxPacket()           NAK received - resending packet. [PktNum=0x22]
(Jun 21 2018 21:51:05,  864942 sec) TxPacket()           Packet xmit history: [00001011] (0:ok, 1:fail).
(Jun 21 2018 21:51:20,  864957 sec) TxPacket()           NAK received - resending packet. [PktNum=0x23]
(Jun 21 2018 21:51:21,  864957 sec) TxPacket()           Packet xmit history: [00101101] (0:ok, 1:fail).
(Jun 21 2018 21:51:46,  864983 sec) TxPacket()           NAK received - resending packet. [PktNum=0x27]
(Jun 21 2018 21:51:46,  864983 sec) TxPacket()           Packet xmit history: [10100001] (0:ok, 1:fail).
(Jun 21 2018 21:51:52,  864989 sec) TxPacket()           NAK received - resending packet. [PktNum=0x27]
(Jun 21 2018 21:51:52,  864989 sec) TxPacket()           Packet xmit history: [01000011] (0:ok, 1:fail).
(Jun 21 2018 21:52:09,  865006 sec) Tx()                 Transmission completed successfully [40 packets, 37916 bytes, 381 sec, 100.5 bps]
(Jun 21 2018 21:52:09,  865006 sec) UpLoadFile()         Upload successful.
(Jun 21 2018 21:52:19,  865016 sec) UpLoad()             Files successfully uploaded: 1
(Jun 21 2018 21:52:19,  865016 sec) UpLoad()             Upload complete.
(Jun 21 2018 21:52:25,  865022 sec) logout()             Log-out successful.
(Jun 21 2018 21:52:27,  865023 sec) Telemetry()          Telemetry cycle complete: PrfId=101 ConnectionAttempts=4  Connections=3
(Jun 21 2018 21:52:27,  865024 sec) TelemetryTerminate(  Parsing new mission configuration.
(Jun 21 2018 21:52:29,  865026 sec) configure()          Parsing configurators in "mission.cfg".
(Jun 21 2018 21:52:37,  865034 sec) configure()             TelemetryRetry(15)          [0x7BBC] [TelemetryRetry(15)].
(Jun 21 2018 21:52:38,  865034 sec) configure()          Configuration CRCs and syntax OK.
(Jun 21 2018 21:52:38,  865035 sec) ConfigSupervisor()   Configuration accepted.
(Jun 21 2018 21:52:38,  865035 sec) TelemetryTerminate(  Reconditioning the file system.
(Jun 21 2018 21:52:59,      11 sec) DescentInit()        Deep profile 102 initiated at mission-time 865045sec.
(Jun 21 2018 21:53:02,      13 sec) DescentInit()        Surface pressure: -0.4dbars.
(Jun 21 2018 21:53:07,      18 sec) PistonMoveAbsWTO()    203->075 202 201 200 199 198 197 196 195 194 193 192 191 190 189 188 187 186 185 184 183 182 181 180 179 178 177 176 175 174 173 172 171 170 169 168 167 166 165 164 163 162 161 160 159 158 157 156 155 154 153 152 151 150 149 148 147 146 145 144 143 142 141 140 139 138 137 136 135 134 133 132 131 130 129 128 127 126 125 124 123 122 121 120 119 118 117 116 115 114 113 112 111 110 109 108 107 106 105 104 103 102 101 100 099 098 097 096 095 094 093 092 091 090 089 088 087 086 085 084 083 082 081 080 079 078 077 076 075 [641sec, 14.3Volts, 0.157Amps, CPT:641sec]
(Jun 21 2018 22:03:58,     669 sec) Descent()            Pressure: 62.1
(Jun 21 2018 22:52:53,    3604 sec) Descent()            Pressure: 439.8
(Jun 21 2018 23:52:53,    7204 sec) Descent()            Pressure: 749.3
(Jun 22 2018 00:52:53,   10804 sec) Descent()            Pressure: 930.4
(Jun 22 2018 01:52:53,   14404 sec) Descent()            Pressure: 978.2
(Jun 22 2018 02:52:53,   18004 sec) Descent()            Pressure: 983.5
(Jun 22 2018 02:52:53,   18004 sec) ParkInit()           
(Jun 22 2018 04:52:59,   25210 sec) Park()               ParkPOutOfBand[-3, 989.3 dbars]: retract piston.
(Jun 22 2018 04:52:59,   25211 sec) PistonMoveAbsWTO()    075->074 074 [4sec, 13.5Volts, 0.113Amps, CPT:645sec]
(Jun 22 2018 13:52:59,   57610 sec) Park()               ParkPOutOfBand[3, 1011.0 dbars]: extend piston.
(Jun 22 2018 13:52:59,   57611 sec) PistonMoveAbsWTO()    074->075 075 [2sec, 13.8Volts, 0.471Amps, CPT:647sec]
(Jun 28 2018 15:53:02,  583213 sec) Park()               ParkPOutOfBand[3, 1011.0 dbars]: extend piston.
(Jun 28 2018 15:53:02,  583214 sec) PistonMoveAbsWTO()    075->076 076 [7sec, 12.4Volts, 0.479Amps, CPT:654sec]
(Jun 28 2018 18:53:02,  594013 sec) Park()               ParkPOutOfBand[-3, 988.2 dbars]: retract piston.
(Jun 28 2018 18:53:02,  594014 sec) PistonMoveAbsWTO()    076->075 075 [2sec, 13.6Volts, 0.113Amps, CPT:656sec]
(Jul 01 2018 11:30:19,  826650 sec) CtdPower()           [  993.61,  8.6744, 35.3618]
(Jul 01 2018 11:30:19,  826650 sec) CtdPower()           CTD Power consumption [185VCnt 9ACnt]: 14.341Volts * 0.036Amps = 0.52Watts.
(Jul 01 2018 11:30:20,  826651 sec) ParkTerminate()      Piston Position:75 Vacuum:80 Vq:194 Aq:6 Vsbe:185 Asbe:9 Vflbb:180 Aflbb:12
(Jul 01 2018 11:30:56,  826688 sec) ParkTerminate()      PTS/O2,T2,TPhase,RawTemp: 993.6dbars 8.6753C 35.3620PSU / 9.0uM 8.696C 60.400 8.261 633.927
(Jul 01 2018 11:30:57,  826688 sec) ParkTerminate()      FLBB FSig, BbSig, TSig: 57, 113, 564
(Jul 01 2018 11:30:57,  826689 sec) GoDeepInit()         Moving piston.
(Jul 01 2018 11:30:57,  826689 sec) PistonMoveAbsWTO()    075->020 074 073 072 071 070 069 068 067 066 065 064 063 062 061 060 059 058 057 056 055 054 053 052 051 050 049 048 047 046 045 044 043 042 041 040 039 038 037 036 035 034 033 032 031 030 029 028 027 026 025 024 023 022 021 020 [283sec, 14.0Volts, 0.105Amps, CPT:939sec]
(Jul 01 2018 14:12:53,  836404 sec) GoDeep()             Sequence point detected at 2010.5dbar.
(Jul 01 2018 14:12:55,  836407 sec) ProfileInit()        PrfId:102  Pressure:2010.7dbar  pTable[0]:2000dbar
(Jul 01 2018 14:13:06,  836417 sec) PistonMoveAbsWTO()    020->042 021 022 023 024 [30sec, 12.2Volts, 0.794Amps, CPT:969sec]
(Jul 01 2018 14:13:46,  836457 sec) PistonMoveAbsWTO()    024->042 025 026 027 028 [30sec, 12.1Volts, 0.786Amps, CPT:999sec]
(Jul 01 2018 14:14:26,  836497 sec) PistonMoveAbsWTO()    028->042 029 030 031 032 [30sec, 12.0Volts, 0.798Amps, CPT:1029sec]
(Jul 01 2018 14:15:06,  836537 sec) PistonMoveAbsWTO()    032->042 033 034 035 036 [30sec, 12.1Volts, 0.766Amps, CPT:1059sec]
(Jul 01 2018 14:15:46,  836577 sec) PistonMoveAbsWTO()    036->042 037 038 039 040 [30sec, 12.1Volts, 0.802Amps, CPT:1089sec]
(Jul 01 2018 14:16:26,  836617 sec) PistonMoveAbsWTO()    040->042 041 042 [9sec, 12.2Volts, 0.766Amps, CPT:1098sec]
(Jul 01 2018 14:18:31,  836742 sec) Profile()            Sample 0 initiated at 2001.8dbars for bin 0 [2000dbars].  PTS/O2,T2,TPhase,RPhase,RawTemp/FSig,BbSig,TSig: 1999.9dbars 3.0244C 34.8294PSU / 106.6uM 3.036C 49.666 8.358 800.401 /   55  112  573
(Jul 01 2018 14:20:05,  836836 sec) Sbe41cpStartCP()     Continuous profile started.
(Jul 01 2018 14:27:58,  837309 sec) AscentControlAgent(  Bouyancy nudge to 52 (v=0.065dbar/sec).
(Jul 01 2018 14:27:58,  837309 sec) PistonMoveAbsWTO()    042->052 043 044 045 046 [30sec, 12.9Volts, 0.798Amps, CPT:1128sec]
(Jul 01 2018 14:28:38,  837349 sec) PistonMoveAbsWTO()    046->052 047 048 049 050 [30sec, 12.7Volts, 0.774Amps, CPT:1158sec]
(Jul 01 2018 14:29:18,  837389 sec) PistonMoveAbsWTO()    050->052 051 052 [10sec, 12.7Volts, 0.822Amps, CPT:1168sec]
(Jul 01 2018 14:36:35,  837826 sec) Profile()            Sample 1 initiated at 1901.1dbars for bin 1 [1900dbars].  PTS/O2,T2,TPhase,RPhase,RawTemp/FSig,BbSig,TSig: 1900.8dbars 3.3537C 34.8578PSU / 95.1uM 3.365C 50.581 8.364 791.046 /   57  113  573
(Jul 01 2018 14:53:49,  838860 sec) Profile()            Sample 2 initiated at 1801.9dbars for bin 2 [1800dbars].  PTS/O2,T2,TPhase,RPhase,RawTemp/FSig,BbSig,TSig: 1801.6dbars 3.6999C 34.8849PSU / 86.7uM 3.712C 51.260 8.361 781.134 /   56  111  573
(Jul 01 2018 15:12:41,  839992 sec) Profile()            Sample 3 initiated at 1702.0dbars for bin 3 [1700dbars].  PTS/O2,T2,TPhase,RPhase,RawTemp/FSig,BbSig,TSig: 1701.7dbars 4.1093C 34.9211PSU / 77.0uM 4.121C 52.100 8.358 769.395 /   58  111  572
(Jul 01 2018 15:18:35,  840347 sec) AscentControlAgent(  Bouyancy nudge to 62 (v=0.075dbar/sec).
(Jul 01 2018 15:18:36,  840347 sec) PistonMoveAbsWTO()    052->062 053 054 055 056 [30sec, 13.3Volts, 0.681Amps, CPT:1198sec]
(Jul 01 2018 15:19:16,  840387 sec) PistonMoveAbsWTO()    056->062 057 058 059 060 061 [30sec, 13.1Volts, 0.697Amps, CPT:1228sec]
(Jul 01 2018 15:19:56,  840427 sec) PistonMoveAbsWTO()    061->062 062 [5sec, 13.1Volts, 0.685Amps, CPT:1233sec]
(Jul 01 2018 15:31:40,  841131 sec) Profile()            Sample 4 initiated at 1601.9dbars for bin 4 [1600dbars].  PTS/O2,T2,TPhase,RPhase,RawTemp/FSig,BbSig,TSig: 1601.6dbars 4.6887C 34.9728PSU / 63.0uM 4.698C 53.448 8.360 752.729 /   57  111  571
(Jul 01 2018 15:48:58,  842170 sec) AscentControlAgent(  Bouyancy nudge to 72 (v=0.078dbar/sec).
(Jul 01 2018 15:48:59,  842170 sec) PistonMoveAbsWTO()    062->072 063 064 065 066 [30sec, 13.3Volts, 0.637Amps, CPT:1263sec]
(Jul 01 2018 15:49:39,  842210 sec) PistonMoveAbsWTO()    066->072 067 068 069 070 071 [30sec, 13.3Volts, 0.629Amps, CPT:1293sec]
(Jul 01 2018 15:50:19,  842250 sec) PistonMoveAbsWTO()    071->072 072 [4sec, 13.2Volts, 0.633Amps, CPT:1297sec]
(Jul 01 2018 15:51:38,  842329 sec) Profile()            Sample 5 initiated at 1501.7dbars for bin 5 [1500dbars].  PTS/O2,T2,TPhase,RPhase,RawTemp/FSig,BbSig,TSig: 1501.4dbars 5.3633C 35.0375PSU / 49.9uM 5.374C 54.831 8.363 733.035 /   59  109  570
(Jul 01 2018 16:08:30,  843341 sec) Profile()            Sample 6 initiated at 1401.7dbars for bin 6 [1400dbars].  PTS/O2,T2,TPhase,RPhase,RawTemp/FSig,BbSig,TSig: 1401.5dbars 6.0144C 35.0967PSU / 39.5uM 6.028C 56.022 8.365 713.833 /   59  111  569
(Jul 01 2018 16:18:30,  843941 sec) Profile()            Sample 7 initiated at 1352.0dbars for bin 7 [1350dbars].  PTS/O2,T2,TPhase,RPhase,RawTemp/FSig,BbSig,TSig: 1351.8dbars 6.3142C 35.1251PSU / 34.9uM 6.329C 56.598 8.369 704.924 /   59  111  568
(Jul 01 2018 16:24:24,  844296 sec) AscentControlAgent(  Bouyancy nudge to 82 (v=0.077dbar/sec).
(Jul 01 2018 16:24:25,  844296 sec) PistonMoveAbsWTO()    072->082 073 074 075 076 [30sec, 13.5Volts, 0.572Amps, CPT:1327sec]
(Jul 01 2018 16:25:05,  844336 sec) PistonMoveAbsWTO()    076->082 077 078 079 080 081 [30sec, 13.3Volts, 0.580Amps, CPT:1357sec]
(Jul 01 2018 16:25:45,  844376 sec) PistonMoveAbsWTO()    081->082 082 [2sec, 13.3Volts, 0.572Amps, CPT:1359sec]
(Jul 01 2018 16:28:23,  844534 sec) Profile()            Sample 8 initiated at 1302.0dbars for bin 8 [1300dbars].  PTS/O2,T2,TPhase,RPhase,RawTemp/FSig,BbSig,TSig: 1301.7dbars 6.6279C 35.1558PSU / 30.9uM 6.641C 57.113 8.368 695.695 /   61  116  568
(Jul 01 2018 16:36:43,  845034 sec) Profile()            Sample 9 initiated at 1251.5dbars for bin 9 [1250dbars].  PTS/O2,T2,TPhase,RPhase,RawTemp/FSig,BbSig,TSig: 1251.2dbars 6.9916C 35.1912PSU / 26.5uM 7.005C 57.700 8.369 684.846 /   60  111  567
(Jul 01 2018 16:45:13,  845544 sec) Profile()            Sample 10 initiated at 1201.9dbars for bin 10 [1200dbars].  PTS/O2,T2,TPhase,RPhase,RawTemp/FSig,BbSig,TSig: 1201.7dbars 7.3128C 35.2239PSU / 23.4uM 7.329C 58.118 8.367 675.166 /   59  109  567
(Jul 01 2018 16:54:41,  846112 sec) Profile()            Sample 11 initiated at 1151.6dbars for bin 11 [1150dbars].  PTS/O2,T2,TPhase,RPhase,RawTemp/FSig,BbSig,TSig: 1151.3dbars 7.6501C 35.2548PSU / 20.0uM 7.692C 58.605 8.369 664.263 /   57  112  566
(Jul 01 2018 17:04:51,  846722 sec) Profile()            Sample 12 initiated at 1101.9dbars for bin 12 [1100dbars].  PTS/O2,T2,TPhase,RPhase,RawTemp/FSig,BbSig,TSig: 1101.7dbars 8.0616C 35.3033PSU / 14.9uM 8.083C 59.420 8.367 652.489 /   60  112  566
(Jul 01 2018 17:05:03,  846735 sec) AscentControlAgent(  Bouyancy nudge to 92 (v=0.079dbar/sec).
(Jul 01 2018 17:05:04,  846735 sec) PistonMoveAbsWTO()    082->092 083 084 085 086 087 [30sec, 13.6Volts, 0.520Amps, CPT:1389sec]
(Jul 01 2018 17:05:44,  846775 sec) PistonMoveAbsWTO()    087->092 088 089 090 091 092 [30sec, 13.5Volts, 0.520Amps, CPT:1419sec]
(Jul 01 2018 17:13:10,  847221 sec) Profile()            Sample 13 initiated at 1051.0dbars for bin 13 [1050dbars].  PTS/O2,T2,TPhase,RPhase,RawTemp/FSig,BbSig,TSig: 1050.7dbars 8.3746C 35.3303PSU / 11.8uM 8.396C 59.914 8.367 643.019 /   60  113  565
(Jul 01 2018 17:21:34,  847725 sec) Profile()            Sample 14 initiated at 1001.1dbars for bin 14 [1000dbars].  PTS/O2,T2,TPhase,RPhase,RawTemp/FSig,BbSig,TSig: 1000.8dbars 8.8041C 35.3773PSU / 9.7uM 8.824C 60.256 8.368 630.037 /   59  112  565
(Jul 01 2018 17:35:40,  848572 sec) AscentControlAgent(  Bouyancy nudge to 102 (v=0.078dbar/sec).
(Jul 01 2018 17:35:41,  848572 sec) PistonMoveAbsWTO()    092->102 093 094 095 096 097 [30sec, 13.7Volts, 0.443Amps, CPT:1449sec]
(Jul 01 2018 17:36:22,  848613 sec) PistonMoveAbsWTO()    097->102 098 099 100 101 102 [29sec, 13.6Volts, 0.443Amps, CPT:1478sec]
(Jul 01 2018 17:40:35,  848866 sec) Profile()            Sample 16 initiated at 901.4dbars for bin 16 [900dbars].  PTS/O2,T2,TPhase,RPhase,RawTemp/FSig,BbSig,TSig: 901.2dbars 9.5833C 35.4536PSU / 6.3uM 9.607C 60.812 8.382 606.100 /   59  112  563
(Jul 01 2018 18:16:40,  851031 sec) Profile()            Sample 20 initiated at 701.6dbars for bin 20 [700dbars].  PTS/O2,T2,TPhase,RPhase,RawTemp/FSig,BbSig,TSig: 701.4dbars 10.9948C 35.5570PSU / 2.5uM 11.025C 61.453 8.450 562.274 /   58  111  561
(Jul 01 2018 18:16:42,  851033 sec) AscentControlAgent(  Bouyancy nudge to 112 (v=0.078dbar/sec).
(Jul 01 2018 18:16:43,  851034 sec) PistonMoveAbsWTO()    102->112 103 104 105 106 107 [30sec, 13.8Volts, 0.371Amps, CPT:1508sec]
(Jul 01 2018 18:17:24,  851076 sec) PistonMoveAbsWTO()    107->112 108 109 110 111 112 [26sec, 13.7Volts, 0.379Amps, CPT:1534sec]
(Jul 01 2018 18:47:10,  852861 sec) AscentControlAgent(  Bouyancy nudge to 122 (v=0.080dbar/sec).
(Jul 01 2018 18:47:10,  852862 sec) PistonMoveAbsWTO()    112->122 113 114 115 116 117 [30sec, 14.0Volts, 0.334Amps, CPT:1564sec]
(Jul 01 2018 18:47:51,  852903 sec) PistonMoveAbsWTO()    117->122 118 119 120 121 122 [25sec, 13.8Volts, 0.334Amps, CPT:1589sec]
(Jul 01 2018 18:52:23,  853175 sec) Profile()            Sample 24 initiated at 501.6dbars for bin 24 [500dbars].  PTS/O2,T2,TPhase,RPhase,RawTemp/FSig,BbSig,TSig: 501.3dbars 12.2938C 35.6419PSU / 2.1uM 12.324C 61.445 8.515 521.645 /   58  116  559
(Jul 01 2018 19:17:57,  854708 sec) AscentControlAgent(  Bouyancy nudge to 132 (v=0.076dbar/sec).
(Jul 01 2018 19:17:57,  854709 sec) PistonMoveAbsWTO()    122->132 123 124 125 126 127 [30sec, 14.0Volts, 0.274Amps, CPT:1619sec]
(Jul 01 2018 19:18:54,  854765 sec) PistonMoveAbsWTO()    127->132 128 129 130 131 132 [25sec, 14.0Volts, 0.270Amps, CPT:1644sec]
(Jul 01 2018 19:23:47,  855059 sec) Profile()            Sample 28 initiated at 331.1dbars for bin 28 [330dbars].  PTS/O2,T2,TPhase,RPhase,RawTemp/FSig,BbSig,TSig: 330.8dbars 14.1353C 35.7838PSU / 4.2uM 14.158C 60.760 8.551 463.536 /   57  131  557
(Jul 01 2018 19:41:08,  856100 sec) Profile()            Sample 32 initiated at 242.0dbars for bin 32 [240dbars].  PTS/O2,T2,TPhase,RPhase,RawTemp/FSig,BbSig,TSig: 241.8dbars 15.2679C 35.6793PSU / 1.0uM 15.304C 61.467 8.616 426.863 /   57  148  554
(Jul 01 2018 19:43:21,  856232 sec) AscentControlAgent(  Bouyancy nudge to 142 (v=0.069dbar/sec).
(Jul 01 2018 19:43:21,  856233 sec) PistonMoveAbsWTO()    132->142 133 134 135 136 137 [30sec, 14.0Volts, 0.238Amps, CPT:1674sec]
(Jul 01 2018 19:44:02,  856274 sec) PistonMoveAbsWTO()    137->142 138 139 140 141 142 [23sec, 14.0Volts, 0.230Amps, CPT:1697sec]
(Jul 01 2018 19:53:28,  856839 sec) AscentControlAgent(  Bouyancy nudge to 152 (v=0.076dbar/sec).
(Jul 01 2018 19:53:28,  856840 sec) PistonMoveAbsWTO()    142->152 143 144 145 146 147 [30sec, 14.1Volts, 0.222Amps, CPT:1727sec]
(Jul 01 2018 19:54:24,  856896 sec) Profile()            Sample 36 initiated at 179.0dbars for bin 36 [180dbars].  PTS/O2,T2,TPhase,RPhase,RawTemp/FSig,BbSig,TSig: 178.7dbars 17.8458C 35.7558PSU / 0.9uM 17.874C 61.302 8.767 343.805 /   59  143  552
(Jul 01 2018 19:54:25,  856896 sec) PistonMoveAbsWTO()    147->152 148 149 150 151 152 [24sec, 14.0Volts, 0.218Amps, CPT:1751sec]
(Jul 01 2018 20:01:24,  857316 sec) Profile()            Sample 40 initiated at 141.5dbars for bin 40 [140dbars].  PTS/O2,T2,TPhase,RPhase,RawTemp/FSig,BbSig,TSig: 141.3dbars 20.3054C 35.9688PSU / 3.4uM 20.321C 60.341 8.858 264.103 /   55  116  549


(Jul 01 2018 20:03:37) LogSize()            Log file is 39000 bytes.  Limit is 40960 bytes.

(Jul 01 2018 20:03:37,  857448 sec) AscentControlAgent(  Bouyancy nudge to 162 (v=0.070dbar/sec).
(Jul 01 2018 20:03:37,  857449 sec) PistonMoveAbsWTO()    152->162 153 154 155 156 157 [30sec, 14.1Volts, 0.205Amps, CPT:1781sec]
(Jul 01 2018 20:04:34,  857505 sec) PistonMoveAbsWTO()    157->162 158 159 160 161 162 [22sec, 14.0Volts, 0.201Amps, CPT:1803sec]
(Jul 01 2018 20:10:05,  857837 sec) Profile()            Sample 44 initiated at 101.8dbars for bin 44 [100dbars].  PTS/O2,T2,TPhase,RPhase,RawTemp/FSig,BbSig,TSig: 101.6dbars 23.8384C 36.3393PSU / 74.5uM 23.838C 44.255 8.940 149.428 /   71  125  545
(Jul 01 2018 20:24:00,  858671 sec) AscentControlAgent(  Bouyancy nudge to 167 (v=0.010dbar/sec).
(Jul 01 2018 20:24:00,  858672 sec) PistonMoveAbsWTO()    162->167 163 164 165 166 167 [26sec, 14.2Volts, 0.189Amps, CPT:1829sec]
(Jul 01 2018 20:29:09,  858980 sec) AscentControlAgent(  Bouyancy nudge to 172 (v=0.004dbar/sec).
(Jul 01 2018 20:29:09,  858981 sec) PistonMoveAbsWTO()    167->172 168 169 170 171 172 [26sec, 14.2Volts, 0.185Amps, CPT:1855sec]
(Jul 01 2018 20:34:18,  859289 sec) AscentControlAgent(  Bouyancy nudge to 177 (v=0.024dbar/sec).
(Jul 01 2018 20:34:18,  859290 sec) PistonMoveAbsWTO()    172->177 173 174 175 176 177 [26sec, 14.2Volts, 0.177Amps, CPT:1881sec]
(Jul 01 2018 20:35:10,  859342 sec) Profile()            Sample 48 initiated at 60.7dbars for bin 48 [60dbars].  PTS/O2,T2,TPhase,RPhase,RawTemp/FSig,BbSig,TSig: 60.6dbars 28.5360C 36.7296PSU / 223.8uM 28.555C 29.299 9.029 -2.329 /  168  244  535
(Jul 01 2018 20:40:06,  859638 sec) Profile()            Sample 52 initiated at 36.6dbars for bin 52 [35dbars].  PTS/O2,T2,TPhase,RPhase,RawTemp/FSig,BbSig,TSig: 36.3dbars 28.5279C 36.7302PSU / 225.2uM 28.549C 29.233 9.025 -2.140 /  160  235  533

<EOT>
