(Jul 31 2018 21:01:31,  854809 sec) TelemetryInit()      Profile 105. (Apf9i FwRev: 061016)
(Jul 31 2018 21:08:32,  855231 sec) AirSystem()          Battery [188cnt, 14.6V]  Current [76cnt, 306.2mA]  Barometer [125cnt, 6.2"Hg]  Run-Time [50s]
(Jul 31 2018 21:09:10,  855268 sec) GetSurfaceObs()      P/O2,T2,TPhase,RPhase,RawTemp/FSig,BbSig,TSig: -0.6dbars / 234.6uM 26.495C 29.553 8.909 63.468 / 186,184,535
(Jul 31 2018 21:09:18,  855277 sec) GpsServices()        GPS almanac is current.
(Jul 31 2018 21:09:18,  855277 sec) GpsServices()        Initiating GPS fix acquisition.
(Jul 31 2018 21:09:40,  855298 sec) gga()                $GPGGA,210910,1504.7352,N,06516.3034,E,0,00,,,M,,M,,*55
(Jul 31 2018 21:09:52,  855311 sec) gga()                $GPGGA,210930,1504.7352,N,06516.3034,E,0,00,,,M,,M,,*57
(Jul 31 2018 21:10:03,  855322 sec) gga()                $GPGGA,210930,1504.7352,N,06516.3034,E,0,00,,,M,,M,,*57
(Jul 31 2018 21:10:14,  855333 sec) gga()                $GPGGA,210940,1504.7352,N,06516.3034,E,0,00,,,M,,M,,*50
(Jul 31 2018 21:10:25,  855344 sec) gga()                $GPGGA,210950,1504.7352,N,06516.3034,E,0,00,,,M,,M,,*51
(Jul 31 2018 21:10:36,  855354 sec) gga()                $GPGGA,211000,1504.7352,N,06516.3034,E,0,00,,,M,,M,,*5C
(Jul 31 2018 21:10:47,  855366 sec) gga()                $GPGGA,211010,1504.7352,N,06516.3034,E,0,00,,,M,,M,,*5D
(Jul 31 2018 21:10:50,  855369 sec) gga()                $GPGGA,211020,1504.7352,N,06516.3034,E,0,00,,,M,,M,,*5E
(Jul 31 2018 21:12:14,  855453 sec) gga()                $GPGGA,211120,1455.3570,N,06543.4948,E,1,11,0.7,10.8,M,-67.9,M,,*59
(Jul 31 2018 21:12:15,  855453 sec) GpsServices()        Profile 105 GPS fix obtained in 176 seconds.
(Jul 31 2018 21:12:15,  855453 sec) GpsServices()                  lon     lat mm/dd/yyyy hhmmss nsat
(Jul 31 2018 21:12:15,  855454 sec) GpsServices()        Fix:   65.725  14.923 07/31/2018 211120   11
(Jul 31 2018 21:13:04,  855503 sec) gga()                $GPGGA,211210,1455.3608,N,06543.5014,E,1,12,0.7,7.0,M,-67.9,M,,*69
(Jul 31 2018 21:13:12,  855510 sec) gga()                $GPGGA,211300,1455.3629,N,06543.5079,E,1,12,0.7,6.1,M,-67.9,M,,*61
(Jul 31 2018 21:13:12,  855511 sec) GpsServices()        APF9 RTC skew (12s) OK.
(Jul 31 2018 21:13:13,  855511 sec) GpsServices()        GPS services complete.
(Jul 31 2018 21:13:54,  855553 sec) CLogin()             Connecting to primary host.
(Jul 31 2018 21:14:16,  855575 sec) CLogin()             Connection 1 established in 22 seconds.
(Jul 31 2018 21:14:23,  855581 sec) login()              Login successful.
(Jul 31 2018 21:14:26,  855585 sec) CLogin()             Logged in to host.  [Login required 10 seconds]
(Jul 31 2018 21:14:38,  855597 sec) RxConfig()           Downloading "mission.cfg" from host.
(Jul 31 2018 21:14:41,  855600 sec) Rx()                 Initiating transfer. [0x43]
(Jul 31 2018 21:14:45,  855604 sec) RxStartByte()        Sync errors encountered: 158
(Jul 31 2018 21:14:49,  855607 sec) Rx()                 Pad character [0x1a] found in ascii mode - truncating packet.
(Jul 31 2018 21:14:53,  855611 sec) Rx()                 Received EOT - transfer complete. [1 packets, 1024 bytes, 12 sec, 85.3 bps]
(Jul 31 2018 21:14:53,  855611 sec) RxConfig()           Download successful.
(Jul 31 2018 21:15:16,  855634 sec) WriteVitals()        Writing vitals to "7827.105.msg".
(Jul 31 2018 21:15:34,  855653 sec) UpLoadFile()         Uploading "7827.105.msg" to host as "7827.105.msg".
(Jul 31 2018 21:15:42,  855661 sec) Tx()                 CRC negotiation successful. [16-bit CRC]
(Jul 31 2018 21:15:46,  855664 sec) TxPacket()           Invalid response [0x43] - resending packet. [PktNum=0x01]
(Jul 31 2018 21:15:46,  855665 sec) TxPacket()           Packet xmit history: [01110001] (0:ok, 1:fail).
(Jul 31 2018 21:16:00,  855679 sec) TxPacket()           NAK received - resending packet. [PktNum=0x03]
(Jul 31 2018 21:16:01,  855679 sec) TxPacket()           Packet xmit history: [10001001] (0:ok, 1:fail).
(Jul 31 2018 21:16:06,  855684 sec) TxPacket()           NAK received - resending packet. [PktNum=0x03]
(Jul 31 2018 21:16:06,  855685 sec) TxPacket()           Packet xmit history: [00010011] (0:ok, 1:fail).
(Jul 31 2018 21:16:31,  855710 sec) TxPacket()           NAK received - resending packet. [PktNum=0x06]
(Jul 31 2018 21:16:32,  855710 sec) TxPacket()           Packet xmit history: [00110001] (0:ok, 1:fail).
(Jul 31 2018 21:16:51,  855729 sec) TxPacket()           NAK received - resending packet. [PktNum=0x08]
(Jul 31 2018 21:16:51,  855730 sec) TxPacket()           Packet xmit history: [10001001] (0:ok, 1:fail).
(Jul 31 2018 21:17:14,  855752 sec) TxPacket()           NAK received - resending packet. [PktNum=0x0a]
(Jul 31 2018 21:17:14,  855753 sec) TxPacket()           Packet xmit history: [01001001] (0:ok, 1:fail).
(Jul 31 2018 21:18:06,  855805 sec) TxPacket()           NAK received - resending packet. [PktNum=0x0a]
(Jul 31 2018 21:18:07,  855805 sec) TxPacket()           Packet xmit history: [10010011] (0:ok, 1:fail).
(Jul 31 2018 21:18:39,  855837 sec) TxPacket()           NAK received - resending packet. [PktNum=0x0e]
(Jul 31 2018 21:18:39,  855838 sec) TxPacket()           Packet xmit history: [01100001] (0:ok, 1:fail).
(Jul 31 2018 21:18:46,  855845 sec) TxPacket()           NAK received - resending packet. [PktNum=0x0e]
(Jul 31 2018 21:18:47,  855845 sec) TxPacket()           Packet xmit history: [11000011] (0:ok, 1:fail).
(Jul 31 2018 21:19:25,  855883 sec) TxPacket()           NAK received - resending packet. [PktNum=0x12]
(Jul 31 2018 21:19:25,  855884 sec) TxPacket()           Packet xmit history: [01100001] (0:ok, 1:fail).
(Jul 31 2018 21:19:37,  855895 sec) TxPacket()           NAK received - resending packet. [PktNum=0x13]
(Jul 31 2018 21:19:37,  855896 sec) TxPacket()           Packet xmit history: [10000101] (0:ok, 1:fail).
(Jul 31 2018 21:20:16,  855935 sec) TxPacket()           NAK received - resending packet. [PktNum=0x17]
(Jul 31 2018 21:20:16,  855935 sec) TxPacket()           Packet xmit history: [10100001] (0:ok, 1:fail).
(Jul 31 2018 21:20:27,  855946 sec) TxPacket()           NAK received - resending packet. [PktNum=0x17]
(Jul 31 2018 21:20:28,  855946 sec) TxPacket()           Packet xmit history: [01000011] (0:ok, 1:fail).
(Jul 31 2018 21:20:32,  855950 sec) TxPacket()           NAK received - resending packet. [PktNum=0x17]
(Jul 31 2018 21:20:32,  855950 sec) TxPacket()           Packet xmit history: [10000111] (0:ok, 1:fail).
(Jul 31 2018 21:20:41,  855959 sec) TxPacket()           NAK received - resending packet. [PktNum=0x17]
(Jul 31 2018 21:20:41,  855959 sec) TxPacket()           Packet xmit history: [00001111] (0:ok, 1:fail).
(Jul 31 2018 21:20:58,  855976 sec) TxPacket()           NAK received - resending packet. [PktNum=0x1a]
(Jul 31 2018 21:20:58,  855977 sec) TxPacket()           Packet xmit history: [11110001] (0:ok, 1:fail).
(Jul 31 2018 21:21:13,  855991 sec) TxPacket()           NAK received - resending packet. [PktNum=0x1c]
(Jul 31 2018 21:21:13,  855992 sec) TxPacket()           Packet xmit history: [10001001] (0:ok, 1:fail).
(Jul 31 2018 21:22:30,  856068 sec) TxPacket()           NAK received - resending packet. [PktNum=0x25]
(Jul 31 2018 21:22:30,  856069 sec) TxPacket()           Packet xmit history: [00000001] (0:ok, 1:fail).
(Jul 31 2018 21:22:58,  856097 sec) TxPacket()           NAK received - resending packet. [PktNum=0x28]
(Jul 31 2018 21:22:58,  856097 sec) TxPacket()           Packet xmit history: [00010001] (0:ok, 1:fail).
(Jul 31 2018 21:23:00,  856098 sec) TxPacket()           NAK received - resending packet. [PktNum=0x28]
(Jul 31 2018 21:23:00,  856099 sec) TxPacket()           Packet xmit history: [00100011] (0:ok, 1:fail).
(Jul 31 2018 21:23:24,  856123 sec) Tx()                 Transmission completed successfully [41 packets, 36831 bytes, 461 sec, 81.4 bps]
(Jul 31 2018 21:23:25,  856123 sec) UpLoadFile()         Upload successful.
(Jul 31 2018 21:23:36,  856135 sec) UpLoadFile()         Uploading "7827.105.log" to host as "7827.105.log".
(Jul 31 2018 21:23:39,  856138 sec) Tx()                 CRC negotiation successful. [16-bit CRC]
(Jul 31 2018 21:23:45,  856144 sec) TxPacket()           Invalid response [0x64] - resending packet. [PktNum=0x01]
(Jul 31 2018 21:23:45,  856144 sec) TxPacket()           Packet xmit history: [00011001] (0:ok, 1:fail).
(Jul 31 2018 21:23:46,  856145 sec) TxPacket()           NAK received - resending packet. [PktNum=0x01]
(Jul 31 2018 21:23:47,  856145 sec) TxPacket()           Packet xmit history: [00110011] (0:ok, 1:fail).
(Jul 31 2018 21:23:52,  856150 sec) TxPacket()           NAK received - resending packet. [PktNum=0x01]
(Jul 31 2018 21:23:52,  856151 sec) TxPacket()           Packet xmit history: [01100111] (0:ok, 1:fail).
(Jul 31 2018 21:23:56,  856154 sec) TxPacket()           NAK received - resending packet. [PktNum=0x01]
(Jul 31 2018 21:23:56,  856155 sec) TxPacket()           Packet xmit history: [11001111] (0:ok, 1:fail).
(Jul 31 2018 21:24:37,  856195 sec) TxPacket()           Packet xmit history: [00000000] (0:ok, 1:fail).
(Jul 31 2018 21:24:46,  856204 sec) TxPacket()           Invalid response [0x63] - resending packet. [PktNum=0x0c]
(Jul 31 2018 21:24:46,  856204 sec) TxPacket()           Packet xmit history: [00000001] (0:ok, 1:fail).
(Jul 31 2018 21:24:47,  856206 sec) TxPacket()           Invalid response [0x74] - resending packet. [PktNum=0x0c]
(Jul 31 2018 21:24:47,  856206 sec) TxPacket()           Packet xmit history: [00000011] (0:ok, 1:fail).
(Jul 31 2018 21:24:55,  856214 sec) TxPacket()           Invalid response [0x5e] - resending packet. [PktNum=0x0c]
(Jul 31 2018 21:24:56,  856214 sec) TxPacket()           Packet xmit history: [00000111] (0:ok, 1:fail).
(Jul 31 2018 21:24:57,  856215 sec) TxPacket()           Invalid response [0x30] - resending packet. [PktNum=0x0c]
(Jul 31 2018 21:24:58,  856216 sec) TxPacket()           Packet xmit history: [00001111] (0:ok, 1:fail).
(Jul 31 2018 21:24:59,  856217 sec) TxPacket()           Invalid response [0x6d] - resending packet. [PktNum=0x0c]
(Jul 31 2018 21:24:59,  856217 sec) TxPacket()           Packet xmit history: [00011111] (0:ok, 1:fail).
(Jul 31 2018 21:25:01,  856220 sec) TxPacket()           Invalid response [0x30] - resending packet. [PktNum=0x0c]
(Jul 31 2018 21:25:02,  856221 sec) TxPacket()           Packet xmit history: [00111111] (0:ok, 1:fail).
(Jul 31 2018 21:25:04,  856223 sec) TxPacket()           Invalid response [0x2c] - resending packet. [PktNum=0x0c]
(Jul 31 2018 21:25:04,  856223 sec) TxPacket()           Packet xmit history: [01111111] (0:ok, 1:fail).
(Jul 31 2018 21:25:06,  856224 sec) TxPacket()           Invalid response [0x6e] - resending packet. [PktNum=0x0c]
(Jul 31 2018 21:25:06,  856225 sec) TxPacket()           Packet xmit history: [11111111] (0:ok, 1:fail).
(Jul 31 2018 21:25:09,  856227 sec) TxPacket()           Invalid response [0x6e] - resending packet. [PktNum=0x0c]
(Jul 31 2018 21:25:09,  856228 sec) TxPacket()           Packet xmit history: [11111111] (0:ok, 1:fail).
(Jul 31 2018 21:25:10,  856228 sec) TxPacket()           Exit status: -5
(Jul 31 2018 21:25:10,  856228 sec) Tx()                 Packet transmission failed - aborting transfer.
(Jul 31 2018 21:25:22,  856241 sec) UpLoadFile()         Upload failed.
(Jul 31 2018 21:25:47,  856266 sec) UpLoadFile()         Uploading "7827.105.log" to host as "7827.105.log".
(Jul 31 2018 21:26:47,  856325 sec) Tx()                 CRC negotiation failed - aborting transfer.
(Jul 31 2018 21:26:58,  856336 sec) UpLoadFile()         Upload failed.
(Jul 31 2018 21:26:58,  856336 sec) UpLoad()             Files successfully uploaded: 1
(Jul 31 2018 21:26:58,  856337 sec) UpLoad()             Aborting upload: Retry limit [2] exceeded. Upload incomplete.
(Jul 31 2018 21:27:02,  856341 sec) logout()             Log-out successful.
(Jul 31 2018 21:27:03,  856342 sec) Telemetry()          Telemetry cycle complete: PrfId=105 ConnectionAttempts=1  Connections=1
(Jul 31 2018 21:42:18,  857256 sec) AirSystem()          Air-bladder inflation by-passed. Barometer: [126cnt, 6.5"Hg].
(Jul 31 2018 21:42:55,  857293 sec) GetSurfaceObs()      P/O2,T2,TPhase,RPhase,RawTemp/FSig,BbSig,TSig: -0.5dbars / 234.3uM 26.289C 29.646 8.943 70.105 / 231,267,536
(Jul 31 2018 21:42:56,  857294 sec) GpsServices()        Replacing aged (90 days) almanac.
(Jul 31 2018 21:42:56,  857294 sec) UpLoadGpsAlmanac()   Pausing for 15 minutes to upload GPS almanac.
(Jul 31 2018 21:57:56,  858194 sec) UpLoadGpsAlmanac()   Pause complete.
(Jul 31 2018 21:57:56,  858194 sec) GpsServices()        New almanac acquired.
(Jul 31 2018 21:57:56,  858194 sec) GpsServices()        Initiating GPS fix acquisition.
(Jul 31 2018 21:58:44,  858243 sec) gga()                $GPGGA,215750,1455.4925,N,06543.8592,E,1,11,0.7,4.5,M,-67.9,M,,*68
(Jul 31 2018 21:58:45,  858243 sec) GpsServices()        Profile 105 GPS fix obtained in 49 seconds.
(Jul 31 2018 21:58:45,  858243 sec) GpsServices()                  lon     lat mm/dd/yyyy hhmmss nsat
(Jul 31 2018 21:58:45,  858244 sec) GpsServices()        Fix:   65.731  14.925 07/31/2018 215750   11
(Jul 31 2018 21:59:34,  858293 sec) gga()                $GPGGA,215840,1455.4933,N,06543.8650,E,1,12,0.7,4.1,M,-67.9,M,,*6B
(Jul 31 2018 21:59:42,  858300 sec) gga()                $GPGGA,215930,1455.4945,N,06543.8724,E,1,12,0.7,-2.0,M,-67.9,M,,*44
(Jul 31 2018 21:59:42,  858301 sec) GpsServices()        APF9 RTC skew (12s) OK.
(Jul 31 2018 21:59:43,  858301 sec) GpsServices()        GPS services complete.
(Jul 31 2018 22:00:08,  858327 sec) CLogin()             Connecting to primary host.
(Jul 31 2018 22:00:17,  858336 sec) CLogin()             Connection 2 established in 9 seconds.
(Jul 31 2018 22:00:30,  858349 sec) login()              Login successful.
(Jul 31 2018 22:00:35,  858353 sec) chat()               Expected string [cmd>] not received.
(Jul 31 2018 22:00:35,  858353 sec) login()              Attempt to set the command prompt failed.
(Jul 31 2018 22:00:38,  858357 sec) CLogin()             Logged in to host.  [Login required 21 seconds]
(Jul 31 2018 22:00:50,  858369 sec) RxConfig()           Downloading "mission.cfg" from host.
(Jul 31 2018 22:00:53,  858371 sec) Rx()                 Initiating transfer. [0x43]
(Jul 31 2018 22:00:59,  858377 sec) Rx()                 Truncated packet received - retrying.
(Jul 31 2018 22:01:05,  858384 sec) RxStartByte()        Sync errors encountered: 698
(Jul 31 2018 22:01:08,  858386 sec) Rx()                 Pad character [0x1a] found in ascii mode - truncating packet.
(Jul 31 2018 22:01:15,  858393 sec) Rx()                 Received EOT - transfer complete. [1 packets, 1024 bytes, 22 sec, 46.5 bps]
(Jul 31 2018 22:01:15,  858393 sec) RxConfig()           Download successful.
(Jul 31 2018 22:01:51,  858430 sec) UpLoadFile()         Uploading "7827.105.log" to host as "7827.105.log".
(Jul 31 2018 22:01:58,  858436 sec) Tx()                 CRC negotiation successful. [16-bit CRC]
(Jul 31 2018 22:02:06,  858444 sec) TxPacket()           NAK received - resending packet. [PktNum=0x01]
(Jul 31 2018 22:02:06,  858445 sec) TxPacket()           Packet xmit history: [01110001] (0:ok, 1:fail).
(Jul 31 2018 22:02:21,  858459 sec) TxPacket()           NAK received - resending packet. [PktNum=0x02]
(Jul 31 2018 22:02:21,  858460 sec) TxPacket()           Packet xmit history: [11000101] (0:ok, 1:fail).
(Jul 31 2018 22:02:29,  858467 sec) TxPacket()           NAK received - resending packet. [PktNum=0x04]
(Jul 31 2018 22:02:29,  858468 sec) TxPacket()           Packet xmit history: [00101001] (0:ok, 1:fail).
(Jul 31 2018 22:02:35,  858473 sec) TxPacket()           Packet xmit history: [01010010] (0:ok, 1:fail).
(Jul 31 2018 22:02:42,  858480 sec) TxPacket()           Invalid response [0x63] - resending packet. [PktNum=0x04]
(Jul 31 2018 22:02:42,  858481 sec) TxPacket()           Packet xmit history: [10100101] (0:ok, 1:fail).
(Jul 31 2018 22:02:44,  858482 sec) TxPacket()           Invalid response [0x5e] - resending packet. [PktNum=0x04]
(Jul 31 2018 22:02:44,  858483 sec) TxPacket()           Packet xmit history: [01001011] (0:ok, 1:fail).
(Jul 31 2018 22:02:47,  858486 sec) TxPacket()           Invalid response [0x42] - resending packet. [PktNum=0x04]
(Jul 31 2018 22:02:47,  858486 sec) TxPacket()           Packet xmit history: [10010111] (0:ok, 1:fail).
(Jul 31 2018 22:02:48,  858487 sec) TxPacket()           Invalid response [0x31] - resending packet. [PktNum=0x04]
(Jul 31 2018 22:02:49,  858487 sec) TxPacket()           Packet xmit history: [00101111] (0:ok, 1:fail).
(Jul 31 2018 22:02:51,  858490 sec) TxPacket()           Invalid response [0x35] - resending packet. [PktNum=0x04]
(Jul 31 2018 22:02:51,  858490 sec) TxPacket()           Packet xmit history: [01011111] (0:ok, 1:fail).
(Jul 31 2018 22:02:54,  858493 sec) TxPacket()           Invalid response [0x2c] - resending packet. [PktNum=0x04]
(Jul 31 2018 22:02:54,  858493 sec) TxPacket()           Packet xmit history: [10111111] (0:ok, 1:fail).
(Jul 31 2018 22:02:56,  858494 sec) TxPacket()           Invalid response [0x34] - resending packet. [PktNum=0x04]
(Jul 31 2018 22:02:56,  858494 sec) TxPacket()           Packet xmit history: [01111111] (0:ok, 1:fail).
(Jul 31 2018 22:02:59,  858497 sec) TxPacket()           Invalid response [0x67] - resending packet. [PktNum=0x04]
(Jul 31 2018 22:02:59,  858498 sec) TxPacket()           Packet xmit history: [11111111] (0:ok, 1:fail).
(Jul 31 2018 22:03:00,  858498 sec) TxPacket()           Exit status: -5
(Jul 31 2018 22:03:00,  858498 sec) Tx()                 Packet transmission failed - aborting transfer.
(Jul 31 2018 22:03:11,  858510 sec) UpLoadFile()         Upload failed.
(Jul 31 2018 22:03:36,  858534 sec) UpLoadFile()         Uploading "7827.105.log" to host as "7827.105.log".
(Jul 31 2018 22:04:36,  858594 sec) Tx()                 CRC negotiation failed - aborting transfer.
(Jul 31 2018 22:04:47,  858605 sec) UpLoadFile()         Upload failed.
(Jul 31 2018 22:04:47,  858605 sec) UpLoad()             Files successfully uploaded: 0
(Jul 31 2018 22:04:47,  858606 sec) UpLoad()             Aborting upload: Retry limit [2] exceeded. Upload incomplete.
(Jul 31 2018 22:04:51,  858609 sec) logout()             Log-out successful.
(Jul 31 2018 22:04:52,  858611 sec) Telemetry()          Telemetry cycle complete: PrfId=105 ConnectionAttempts=2  Connections=2
(Jul 31 2018 22:20:11,  859529 sec) AirSystem()          Battery [191cnt, 14.8V]  Current [76cnt, 306.2mA]  Barometer [128cnt, 7.1"Hg]  Run-Time [3s]
(Jul 31 2018 22:20:48,  859566 sec) GetSurfaceObs()      P/O2,T2,TPhase,RPhase,RawTemp/FSig,BbSig,TSig: -0.5dbars / 233.9uM 26.395C 29.620 8.934 66.706 / 181,377,536
(Jul 31 2018 22:20:49,  859567 sec) GpsServices()        GPS almanac is current.
(Jul 31 2018 22:20:49,  859567 sec) GpsServices()        Initiating GPS fix acquisition.
(Jul 31 2018 22:21:45,  859623 sec) gga()                $GPGGA,222050,1455.5367,N,06544.0390,E,1,10,0.8,2.7,M,-67.9,M,,*67
(Jul 31 2018 22:21:45,  859623 sec) GpsServices()        Profile 105 GPS fix obtained in 56 seconds.
(Jul 31 2018 22:21:45,  859624 sec) GpsServices()                  lon     lat mm/dd/yyyy hhmmss nsat
(Jul 31 2018 22:21:45,  859624 sec) GpsServices()        Fix:   65.734  14.926 07/31/2018 222050   10
(Jul 31 2018 22:22:34,  859673 sec) gga()                $GPGGA,222140,1455.5381,N,06544.0472,E,1,10,0.8,5.7,M,-67.9,M,,*63
(Jul 31 2018 22:22:42,  859680 sec) gga()                $GPGGA,222230,1455.5402,N,06544.0552,E,1,10,0.8,3.4,M,-67.9,M,,*6D
(Jul 31 2018 22:22:42,  859681 sec) GpsServices()        APF9 RTC skew (12s) OK.
(Jul 31 2018 22:22:43,  859681 sec) GpsServices()        GPS services complete.
(Jul 31 2018 22:23:08,  859707 sec) CLogin()             Connecting to primary host.
(Jul 31 2018 22:23:22,  859720 sec) CLogin()             Connection 3 established in 14 seconds.
(Jul 31 2018 22:23:37,  859736 sec) login()              Login successful.
(Jul 31 2018 22:23:41,  859740 sec) CLogin()             Logged in to host.  [Login required 19 seconds]
(Jul 31 2018 22:23:53,  859752 sec) RxConfig()           Downloading "mission.cfg" from host.
(Jul 31 2018 22:23:56,  859754 sec) Rx()                 Initiating transfer. [0x43]
(Jul 31 2018 22:23:58,  859757 sec) RxStartByte()        Sync errors encountered: 671
(Jul 31 2018 22:24:02,  859760 sec) Rx()                 Pad character [0x1a] found in ascii mode - truncating packet.
(Jul 31 2018 22:24:09,  859767 sec) Rx()                 Received EOT - transfer complete. [1 packets, 1024 bytes, 13 sec, 78.8 bps]
(Jul 31 2018 22:24:09,  859767 sec) RxConfig()           Download successful.
(Jul 31 2018 22:24:43,  859801 sec) UpLoadFile()         Uploading "7827.105.log" to host as "7827.105.log".
(Jul 31 2018 22:24:46,  859804 sec) Tx()                 CRC negotiation successful. [16-bit CRC]
(Jul 31 2018 22:24:54,  859812 sec) TxPacket()           NAK received - resending packet. [PktNum=0x01]
(Jul 31 2018 22:24:54,  859813 sec) TxPacket()           Packet xmit history: [01110001] (0:ok, 1:fail).
(Jul 31 2018 22:25:06,  859824 sec) TxPacket()           NAK received - resending packet. [PktNum=0x02]
(Jul 31 2018 22:25:06,  859825 sec) TxPacket()           Packet xmit history: [11000101] (0:ok, 1:fail).
(Jul 31 2018 22:25:25,  859844 sec) TxPacket()           NAK received - resending packet. [PktNum=0x04]
(Jul 31 2018 22:25:26,  859844 sec) TxPacket()           Packet xmit history: [00101001] (0:ok, 1:fail).
(Jul 31 2018 22:26:20,  859898 sec) TxPacket()           NAK received - resending packet. [PktNum=0x0b]
(Jul 31 2018 22:26:20,  859899 sec) TxPacket()           Packet xmit history: [00000001] (0:ok, 1:fail).
(Jul 31 2018 22:26:33,  859912 sec) TxPacket()           NAK received - resending packet. [PktNum=0x0c]
(Jul 31 2018 22:26:33,  859912 sec) TxPacket()           Packet xmit history: [00000101] (0:ok, 1:fail).
(Jul 31 2018 22:26:48,  859926 sec) TxPacket()           NAK received - resending packet. [PktNum=0x0d]
(Jul 31 2018 22:26:48,  859927 sec) TxPacket()           Packet xmit history: [00010101] (0:ok, 1:fail).
(Jul 31 2018 22:26:59,  859937 sec) TxPacket()           NAK received - resending packet. [PktNum=0x0e]
(Jul 31 2018 22:26:59,  859938 sec) TxPacket()           Packet xmit history: [01010101] (0:ok, 1:fail).
(Jul 31 2018 22:27:20,  859958 sec) TxPacket()           NAK received - resending packet. [PktNum=0x10]
(Jul 31 2018 22:27:20,  859959 sec) TxPacket()           Packet xmit history: [10101001] (0:ok, 1:fail).
(Jul 31 2018 22:27:33,  859971 sec) TxPacket()           NAK received - resending packet. [PktNum=0x11]
(Jul 31 2018 22:27:33,  859972 sec) TxPacket()           Packet xmit history: [10100101] (0:ok, 1:fail).
(Jul 31 2018 22:28:14,  860013 sec) TxPacket()           NAK received - resending packet. [PktNum=0x16]
(Jul 31 2018 22:28:15,  860013 sec) TxPacket()           Packet xmit history: [01000001] (0:ok, 1:fail).
(Jul 31 2018 22:29:04,  860062 sec) TxPacket()           NAK received - resending packet. [PktNum=0x1c]
(Jul 31 2018 22:29:04,  860063 sec) TxPacket()           Packet xmit history: [10000001] (0:ok, 1:fail).
(Jul 31 2018 22:30:02,  860120 sec) TxPacket()           NAK received - resending packet. [PktNum=0x24]
(Jul 31 2018 22:30:02,  860121 sec) TxPacket()           Packet xmit history: [00000001] (0:ok, 1:fail).
(Jul 31 2018 22:30:07,  860125 sec) TxPacket()           NAK received - resending packet. [PktNum=0x24]
(Jul 31 2018 22:30:07,  860125 sec) TxPacket()           Packet xmit history: [00000011] (0:ok, 1:fail).
(Jul 31 2018 22:30:16,  860135 sec) TxPacket()           NAK received - resending packet. [PktNum=0x24]
(Jul 31 2018 22:30:17,  860135 sec) TxPacket()           Packet xmit history: [00000111] (0:ok, 1:fail).
(Jul 31 2018 22:30:19,  860138 sec) TxPacket()           NAK received - resending packet. [PktNum=0x24]
(Jul 31 2018 22:30:20,  860138 sec) TxPacket()           Packet xmit history: [00001111] (0:ok, 1:fail).
(Jul 31 2018 22:30:24,  860142 sec) TxPacket()           NAK received - resending packet. [PktNum=0x24]
(Jul 31 2018 22:30:24,  860143 sec) TxPacket()           Packet xmit history: [00011111] (0:ok, 1:fail).
(Jul 31 2018 22:30:30,  860149 sec) TxPacket()           NAK received - resending packet. [PktNum=0x24]
(Jul 31 2018 22:30:30,  860149 sec) TxPacket()           Packet xmit history: [00111111] (0:ok, 1:fail).
(Jul 31 2018 22:30:31,  860150 sec) TxPacket()           NAK received - resending packet. [PktNum=0x24]
(Jul 31 2018 22:30:31,  860150 sec) TxPacket()           Packet xmit history: [01111111] (0:ok, 1:fail).
(Jul 31 2018 22:30:35,  860154 sec) TxPacket()           NAK received - resending packet. [PktNum=0x24]
(Jul 31 2018 22:30:36,  860154 sec) TxPacket()           Packet xmit history: [11111111] (0:ok, 1:fail).
(Jul 31 2018 22:30:41,  860159 sec) TxPacket()           NAK received - resending packet. [PktNum=0x24]
(Jul 31 2018 22:30:41,  860159 sec) TxPacket()           Packet xmit history: [11111111] (0:ok, 1:fail).
(Jul 31 2018 22:30:47,  860165 sec) TxPacket()           Packet xmit history: [11111110] (0:ok, 1:fail).
(Jul 31 2018 22:30:47,  860165 sec) TxPacket()           Exit status: -6
(Jul 31 2018 22:30:47,  860165 sec) Tx()                 Receiver cancelled transfer - aborting transfer.
(Jul 31 2018 22:30:58,  860177 sec) UpLoadFile()         Upload failed.
(Jul 31 2018 22:31:20,  860198 sec) UpLoadFile()         Uploading "7827.105.log" to host as "7827.105.log".
(Jul 31 2018 22:32:20,  860258 sec) Tx()                 CRC negotiation failed - aborting transfer.
(Jul 31 2018 22:32:31,  860269 sec) UpLoadFile()         Upload failed.
(Jul 31 2018 22:32:31,  860269 sec) UpLoad()             Files successfully uploaded: 0
(Jul 31 2018 22:32:31,  860270 sec) UpLoad()             Aborting upload: Retry limit [2] exceeded. Upload incomplete.
(Jul 31 2018 22:32:35,  860274 sec) logout()             Log-out successful.
(Jul 31 2018 22:32:36,  860275 sec) Telemetry()          Telemetry cycle complete: PrfId=105 ConnectionAttempts=3  Connections=3
(Jul 31 2018 22:47:51,  861189 sec) AirSystem()          Air-bladder inflation by-passed. Barometer: [128cnt, 7.1"Hg].
(Jul 31 2018 22:48:36,  861234 sec) GetSurfaceObs()      P/O2,T2,TPhase,RPhase,RawTemp/FSig,BbSig,TSig: -0.4dbars / 234.9uM 26.416C 29.569 8.931 66.027 / 215,187,535
(Jul 31 2018 22:48:37,  861235 sec) GpsServices()        GPS almanac is current.
(Jul 31 2018 22:48:37,  861235 sec) GpsServices()        Initiating GPS fix acquisition.
(Jul 31 2018 22:48:52,  861251 sec) gga()                $GPGGA,224830,1455.5374,N,06544.0437,E,0,00,,,M,,M,,*51
(Jul 31 2018 22:49:35,  861294 sec) gga()                $GPGGA,224840,1455.6278,N,06544.2393,E,1,10,0.8,3.7,M,-67.9,M,,*64
(Jul 31 2018 22:49:36,  861294 sec) GpsServices()        Profile 105 GPS fix obtained in 59 seconds.
(Jul 31 2018 22:49:36,  861294 sec) GpsServices()                  lon     lat mm/dd/yyyy hhmmss nsat
(Jul 31 2018 22:49:36,  861295 sec) GpsServices()        Fix:   65.737  14.927 07/31/2018 224840   10
(Jul 31 2018 22:50:24,  861343 sec) gga()                $GPGGA,224930,1455.6318,N,06544.2432,E,1,11,0.8,2.3,M,-67.9,M,,*6D
(Jul 31 2018 22:50:32,  861350 sec) gga()                $GPGGA,225020,1455.6350,N,06544.2513,E,1,11,0.8,4.1,M,-67.9,M,,*6E
(Jul 31 2018 22:50:32,  861351 sec) GpsServices()        APF9 RTC skew (12s) OK.
(Jul 31 2018 22:50:33,  861351 sec) GpsServices()        GPS services complete.
(Jul 31 2018 22:51:14,  861393 sec) CLogin()             Connecting to primary host.
(Jul 31 2018 22:51:24,  861403 sec) CLogin()             Connection 4 established in 10 seconds.
(Jul 31 2018 22:51:34,  861413 sec) login()              Login successful.
(Jul 31 2018 22:51:38,  861416 sec) CLogin()             Logged in to host.  [Login required 14 seconds]
(Jul 31 2018 22:51:52,  861431 sec) RxConfig()           Downloading "mission.cfg" from host.
(Jul 31 2018 22:51:55,  861433 sec) Rx()                 Initiating transfer. [0x43]
(Jul 31 2018 22:52:05,  861443 sec) Rx()                 Truncated packet received - retrying.
(Jul 31 2018 22:52:07,  861446 sec) RxStartByte()        Sync errors encountered: 404
(Jul 31 2018 22:52:11,  861449 sec) Rx()                 Truncated packet received - retrying.
(Jul 31 2018 22:52:15,  861453 sec) RxStartByte()        Sync errors encountered: 517
(Jul 31 2018 22:52:17,  861456 sec) Rx()                 Pad character [0x1a] found in ascii mode - truncating packet.
(Jul 31 2018 22:52:22,  861460 sec) Rx()                 Received EOT - transfer complete. [1 packets, 1024 bytes, 27 sec, 37.9 bps]
(Jul 31 2018 22:52:22,  861460 sec) RxConfig()           Download successful.
(Jul 31 2018 22:52:56,  861494 sec) UpLoadFile()         Uploading "7827.105.log" to host as "7827.105.log".
(Jul 31 2018 22:52:59,  861497 sec) Tx()                 CRC negotiation successful. [16-bit CRC]
(Jul 31 2018 22:53:13,  861511 sec) TxPacket()           NAK received - resending packet. [PktNum=0x02]
(Jul 31 2018 22:53:13,  861512 sec) TxPacket()           Packet xmit history: [11100001] (0:ok, 1:fail).
(Jul 31 2018 22:53:33,  861531 sec) TxPacket()           NAK received - resending packet. [PktNum=0x04]
(Jul 31 2018 22:53:33,  861532 sec) TxPacket()           Packet xmit history: [00001001] (0:ok, 1:fail).
(Jul 31 2018 22:53:55,  861553 sec) TxPacket()           NAK received - resending packet. [PktNum=0x06]
(Jul 31 2018 22:53:55,  861554 sec) TxPacket()           Packet xmit history: [01001001] (0:ok, 1:fail).
(Jul 31 2018 22:54:17,  861575 sec) TxPacket()           NAK received - resending packet. [PktNum=0x09]
(Jul 31 2018 22:54:17,  861576 sec) TxPacket()           Packet xmit history: [10010001] (0:ok, 1:fail).
(Jul 31 2018 22:54:24,  861583 sec) TxPacket()           NAK received - resending packet. [PktNum=0x09]
(Jul 31 2018 22:54:24,  861583 sec) TxPacket()           Packet xmit history: [00100011] (0:ok, 1:fail).
(Jul 31 2018 22:54:31,  861589 sec) TxPacket()           NAK received - resending packet. [PktNum=0x09]
(Jul 31 2018 22:54:31,  861590 sec) TxPacket()           Packet xmit history: [01000111] (0:ok, 1:fail).
(Jul 31 2018 22:54:34,  861592 sec) TxPacket()           NAK received - resending packet. [PktNum=0x09]
(Jul 31 2018 22:54:34,  861593 sec) TxPacket()           Packet xmit history: [10001111] (0:ok, 1:fail).
(Jul 31 2018 22:54:39,  861597 sec) TxPacket()           NAK received - resending packet. [PktNum=0x0a]
(Jul 31 2018 22:54:39,  861598 sec) TxPacket()           Packet xmit history: [00111101] (0:ok, 1:fail).
(Jul 31 2018 22:54:45,  861603 sec) TxPacket()           NAK received - resending packet. [PktNum=0x0a]
(Jul 31 2018 22:54:45,  861604 sec) TxPacket()           Packet xmit history: [01111011] (0:ok, 1:fail).
(Jul 31 2018 22:55:08,  861626 sec) TxPacket()           NAK received - resending packet. [PktNum=0x0f]
(Jul 31 2018 22:55:08,  861627 sec) TxPacket()           Packet xmit history: [11000001] (0:ok, 1:fail).
(Jul 31 2018 22:55:39,  861657 sec) TxPacket()           NAK received - resending packet. [PktNum=0x13]
(Jul 31 2018 22:55:39,  861658 sec) TxPacket()           Packet xmit history: [00100001] (0:ok, 1:fail).
(Jul 31 2018 22:55:48,  861667 sec) TxPacket()           NAK received - resending packet. [PktNum=0x13]
(Jul 31 2018 22:55:49,  861667 sec) TxPacket()           Packet xmit history: [01000011] (0:ok, 1:fail).
(Jul 31 2018 22:55:55,  861673 sec) TxPacket()           NAK received - resending packet. [PktNum=0x13]
(Jul 31 2018 22:55:55,  861674 sec) TxPacket()           Packet xmit history: [10000111] (0:ok, 1:fail).
(Jul 31 2018 22:56:36,  861714 sec) TxPacket()           NAK received - resending packet. [PktNum=0x17]
(Jul 31 2018 22:56:36,  861715 sec) TxPacket()           Packet xmit history: [11100001] (0:ok, 1:fail).
(Jul 31 2018 22:56:50,  861728 sec) TxPacket()           NAK received - resending packet. [PktNum=0x18]
(Jul 31 2018 22:56:50,  861729 sec) TxPacket()           Packet xmit history: [10000101] (0:ok, 1:fail).
(Jul 31 2018 22:57:03,  861741 sec) TxPacket()           NAK received - resending packet. [PktNum=0x19]
(Jul 31 2018 22:57:03,  861742 sec) TxPacket()           Packet xmit history: [00010101] (0:ok, 1:fail).
(Jul 31 2018 22:57:19,  861757 sec) TxPacket()           NAK received - resending packet. [PktNum=0x1b]
(Jul 31 2018 22:57:19,  861758 sec) TxPacket()           Packet xmit history: [10101001] (0:ok, 1:fail).
(Jul 31 2018 22:57:42,  861781 sec) TxPacket()           NAK received - resending packet. [PktNum=0x1d]
(Jul 31 2018 22:57:43,  861781 sec) TxPacket()           Packet xmit history: [01001001] (0:ok, 1:fail).
(Jul 31 2018 22:58:12,  861810 sec) TxPacket()           NAK received - resending packet. [PktNum=0x21]
(Jul 31 2018 22:58:12,  861811 sec) TxPacket()           Packet xmit history: [00100001] (0:ok, 1:fail).
(Jul 31 2018 22:58:19,  861817 sec) TxPacket()           NAK received - resending packet. [PktNum=0x21]
(Jul 31 2018 22:58:19,  861818 sec) TxPacket()           Packet xmit history: [01000011] (0:ok, 1:fail).
(Jul 31 2018 22:59:06,  861865 sec) TxPacket()           NAK received - resending packet. [PktNum=0x26]
(Jul 31 2018 22:59:07,  861865 sec) TxPacket()           Packet xmit history: [11000001] (0:ok, 1:fail).
(Jul 31 2018 22:59:18,  861877 sec) TxPacket()           NAK received - resending packet. [PktNum=0x26]
(Jul 31 2018 22:59:18,  861877 sec) TxPacket()           Packet xmit history: [10000011] (0:ok, 1:fail).
(Jul 31 2018 22:59:30,  861888 sec) TxPacket()           NAK received - resending packet. [PktNum=0x27]
(Jul 31 2018 22:59:30,  861889 sec) TxPacket()           Packet xmit history: [00001101] (0:ok, 1:fail).
(Jul 31 2018 22:59:35,  861893 sec) TxPacket()           NAK received - resending packet. [PktNum=0x27]
(Jul 31 2018 22:59:35,  861894 sec) TxPacket()           Packet xmit history: [00011011] (0:ok, 1:fail).
(Jul 31 2018 23:00:26,  861944 sec) Tx()                 Transmission completed successfully [46 packets, 40718 bytes, 446 sec, 91.6 bps]
(Jul 31 2018 23:00:26,  861945 sec) UpLoadFile()         Upload successful.
(Jul 31 2018 23:00:36,  861955 sec) UpLoad()             Files successfully uploaded: 1
(Jul 31 2018 23:00:37,  861955 sec) UpLoad()             Upload complete.
(Jul 31 2018 23:00:40,  861959 sec) logout()             Log-out successful.
(Jul 31 2018 23:00:42,  861960 sec) Telemetry()          Telemetry cycle complete: PrfId=105 ConnectionAttempts=4  Connections=4
(Jul 31 2018 23:00:42,  861961 sec) TelemetryTerminate(  Parsing new mission configuration.
(Jul 31 2018 23:00:44,  861963 sec) configure()          Parsing configurators in "mission.cfg".
(Jul 31 2018 23:00:52,  861971 sec) configure()             TelemetryRetry(15)          [0x7BBC] [TelemetryRetry(15)].
(Jul 31 2018 23:00:52,  861971 sec) configure()          Configuration CRCs and syntax OK.
(Jul 31 2018 23:00:53,  861971 sec) ConfigSupervisor()   Configuration accepted.
(Jul 31 2018 23:00:53,  861971 sec) TelemetryTerminate(  Reconditioning the file system.
(Jul 31 2018 23:01:17,      12 sec) DescentInit()        Deep profile 106 initiated at mission-time 861984sec.
(Jul 31 2018 23:01:20,      14 sec) DescentInit()        Surface pressure: -0.5dbars.
(Jul 31 2018 23:01:25,      19 sec) PistonMoveAbsWTO()    192->075 191 190 189 188 187 186 185 184 183 182 181 180 179 178 177 176 175 174 173 172 171 170 169 168 167 166 165 164 163 162 161 160 159 158 157 156 155 154 153 152 151 150 149 148 147 146 145 144 143 142 141 140 139 138 137 136 135 134 133 132 131 130 129 128 127 126 125 124 123 122 121 120 119 118 117 116 115 114 113 112 111 110 109 108 107 106 105 104 103 102 101 100 099 098 097 096 095 094 093 092 091 090 089 088 087 086 085 084 083 082 081 080 079 078 077 076 075 [586sec, 14.3Volts, 0.157Amps, CPT:586sec]
(Jul 31 2018 23:11:20,     615 sec) Descent()            Pressure: 41.8
(Aug 01 2018 00:01:09,    3604 sec) Descent()            Pressure: 432.3
(Aug 01 2018 01:01:09,    7204 sec) Descent()            Pressure: 759.8
(Aug 01 2018 02:01:09,   10804 sec) Descent()            Pressure: 923.5
(Aug 01 2018 03:01:09,   14404 sec) Descent()            Pressure: 977.6
(Aug 01 2018 04:01:09,   18004 sec) Descent()            Pressure: 986.6
(Aug 01 2018 04:01:10,   18004 sec) ParkInit()           
(Aug 10 2018 11:30:19,  822553 sec) CtdPower()           [  995.91,  8.4756, 35.3434]
(Aug 10 2018 11:30:19,  822553 sec) CtdPower()           CTD Power consumption [184VCnt 9ACnt]: 14.263Volts * 0.036Amps = 0.52Watts.
(Aug 10 2018 11:30:20,  822554 sec) ParkTerminate()      Piston Position:75 Vacuum:79 Vq:194 Aq:6 Vsbe:184 Asbe:9 Vflbb:179 Aflbb:12
(Aug 10 2018 11:30:56,  822591 sec) ParkTerminate()      PTS/O2,T2,TPhase,RawTemp: 996.0dbars 8.4752C 35.3433PSU / 10.0uM 8.502C 60.242 8.256 639.799
(Aug 10 2018 11:30:57,  822591 sec) ParkTerminate()      FLBB FSig, BbSig, TSig: 57, 113, 565
(Aug 10 2018 11:30:57,  822592 sec) GoDeepInit()         Moving piston.
(Aug 10 2018 11:30:57,  822592 sec) PistonMoveAbsWTO()    075->024 074 073 072 071 070 069 068 067 066 065 064 063 062 061 060 059 058 057 056 055 054 053 052 051 050 049 048 047 046 045 044 043 042 041 040 039 038 037 036 035 034 033 032 031 030 029 028 027 026 025 024 [262sec, 14.0Volts, 0.109Amps, CPT:848sec]
(Aug 10 2018 14:36:09,  833704 sec) GoDeep()             Sequence point detected at 2011.2dbar.
(Aug 10 2018 14:36:12,  833707 sec) ProfileInit()        PrfId:106  Pressure:2011.3dbar  pTable[0]:2000dbar
(Aug 10 2018 14:36:23,  833717 sec) PistonMoveAbsWTO()    024->046 025 026 027 028 [30sec, 12.2Volts, 0.790Amps, CPT:878sec]
(Aug 10 2018 14:37:03,  833757 sec) PistonMoveAbsWTO()    028->046 029 030 031 032 [30sec, 12.2Volts, 0.774Amps, CPT:908sec]
(Aug 10 2018 14:37:43,  833797 sec) PistonMoveAbsWTO()    032->046 033 034 035 036 [30sec, 12.1Volts, 0.786Amps, CPT:938sec]
(Aug 10 2018 14:38:23,  833837 sec) PistonMoveAbsWTO()    036->046 037 038 039 040 [30sec, 12.0Volts, 0.786Amps, CPT:968sec]
(Aug 10 2018 14:39:03,  833877 sec) PistonMoveAbsWTO()    040->046 041 042 043 044 [30sec, 12.1Volts, 0.802Amps, CPT:998sec]
(Aug 10 2018 14:39:43,  833917 sec) PistonMoveAbsWTO()    044->046 045 046 [10sec, 12.2Volts, 0.782Amps, CPT:1008sec]
(Aug 10 2018 14:40:59,  833993 sec) Profile()            Sample 0 initiated at 2001.3dbars for bin 0 [2000dbars].  PTS/O2,T2,TPhase,RPhase,RawTemp/FSig,BbSig,TSig: 1999.2dbars 2.9651C 34.8268PSU / 110.5uM 2.977C 49.347 8.343 802.100 /   55  109  573
(Aug 10 2018 14:42:33,  834087 sec) Sbe41cpStartCP()     Continuous profile started.
(Aug 10 2018 14:51:15,  834610 sec) AscentControlAgent(  Bouyancy nudge to 56 (v=0.078dbar/sec).
(Aug 10 2018 14:51:15,  834610 sec) PistonMoveAbsWTO()    046->056

(Aug 10 2018 14:51:22) LogSize()            Log file is 38943 bytes.  Limit is 40960 bytes.

 047 048 049 050 [30sec, 12.9Volts, 0.786Amps, CPT:1038sec]
(Aug 10 2018 14:51:55,  834650 sec) PistonMoveAbsWTO()    050->056 051 052 053 054 [30sec, 12.7Volts, 0.806Amps, CPT:1068sec]
(Aug 10 2018 14:52:36,  834691 sec) PistonMoveAbsWTO()    054->056 055 056 [8sec, 12.6Volts, 0.826Amps, CPT:1076sec]
(Aug 10 2018 14:57:31,  834986 sec) Profile()            Sample 1 initiated at 1900.9dbars for bin 1 [1900dbars].  PTS/O2,T2,TPhase,RPhase,RawTemp/FSig,BbSig,TSig: 1900.6dbars 3.1947C 34.8446PSU / 105.3uM 3.207C 49.701 8.349 795.544 /   56  110  573
(Aug 10 2018 15:13:12,  835927 sec) Profile()            Sample 2 initiated at 1800.9dbars for bin 2 [1800dbars].  PTS/O2,T2,TPhase,RPhase,RawTemp/FSig,BbSig,TSig: 1800.6dbars 3.5066C 34.8722PSU / 95.5uM 3.517C 50.478 8.347 786.714 /   58  111  573
(Aug 10 2018 15:30:25,  836960 sec) Profile()            Sample 3 initiated at 1701.2dbars for bin 3 [1700dbars].  PTS/O2,T2,TPhase,RPhase,RawTemp/FSig,BbSig,TSig: 1700.9dbars 3.8329C 34.9017PSU / 85.6uM 3.845C 51.317 8.347 777.330 /   56  112  572
(Aug 10 2018 15:47:26,  837981 sec) AscentControlAgent(  Bouyancy nudge to 66 (v=0.074dbar/sec).
(Aug 10 2018 15:47:26,  837981 sec) PistonMoveAbsWTO()    056->066 057 058 059 060 [30sec, 13.3Volts, 0.685Amps, CPT:1106sec]
(Aug 10 2018 15:48:08,  838023 sec) PistonMoveAbsWTO()    060->066 061 062 063 064 065 [30sec, 13.1Volts, 0.665Amps, CPT:1136sec]
(Aug 10 2018 15:48:50,  838065 sec) PistonMoveAbsWTO()    065->066 066 [4sec, 13.0Volts, 0.661Amps, CPT:1140sec]
(Aug 10 2018 15:50:37,  838172 sec) Profile()            Sample 4 initiated at 1601.3dbars for bin 4 [1600dbars].  PTS/O2,T2,TPhase,RPhase,RawTemp/FSig,BbSig,TSig: 1601.0dbars 4.3294C 34.9451PSU / 73.3uM 4.340C 52.419 8.347 763.070 /   59  145  572

<EOT>
