(Nov 13 2021 23:10:43,  863758 sec) TelemetryInit()      Profile 225. (Apf9i FwRev: 061016)
(Nov 13 2021 23:17:45,  864180 sec) AirSystem()          Battery [185cnt, 14.3V]  Current [74cnt, 298.2mA]  Barometer [126cnt, 6.5"Hg]  Run-Time [50s]
(Nov 13 2021 23:18:38,  864233 sec) GetSurfaceObs()      P/O2,T2,TPhase,RPhase,RawTemp/FSig,BbSig,TSig: -0.5dbars / 230.1uM 27.411C 29.418 8.965 34.094 / 139,157,534
(Nov 13 2021 23:18:46,  864241 sec) GpsServices()        GPS almanac is current.
(Nov 13 2021 23:18:46,  864241 sec) GpsServices()        Initiating GPS fix acquisition.
(Nov 13 2021 23:19:09,  864264 sec) gga()                $GPGGA,231840,1908.7990,N,06349.2287,E,0,00,,,M,,M,,*51
(Nov 13 2021 23:19:20,  864275 sec) gga()                $GPGGA,231850,1908.7990,N,06349.2287,E,0,00,,,M,,M,,*50
(Nov 13 2021 23:19:31,  864286 sec) gga()                $GPGGA,231900,1908.7990,N,06349.2287,E,0,00,,,M,,M,,*54
(Nov 13 2021 23:19:42,  864297 sec) gga()                $GPGGA,231900,1908.7990,N,06349.2287,E,0,00,,,M,,M,,*54
(Nov 13 2021 23:19:45,  864300 sec) gga()                $GPGGA,231910,1908.7990,N,06349.2287,E,0,00,,,M,,M,,*55
(Nov 13 2021 23:20:28,  864343 sec) gga()                $GPGGA,231930,1908.2292,N,06414.4708,E,1,05,1.9,7.9,M,-55.0,M,,*61
(Nov 13 2021 23:20:28,  864343 sec) GpsServices()        Profile 225 GPS fix obtained in 101 seconds.
(Nov 13 2021 23:20:28,  864343 sec) GpsServices()                  lon     lat mm/dd/yyyy hhmmss nsat
(Nov 13 2021 23:20:29,  864344 sec) GpsServices()        Fix:   64.241  19.137 11/13/2021 231930    5
(Nov 13 2021 23:21:13,  864388 sec) gga()                $GPGGA,232020,1908.2286,N,06414.4640,E,1,05,2.0,-4.0,M,-55.0,M,,*4F
(Nov 13 2021 23:21:21,  864396 sec) gga()                $GPGGA,232110,1908.2263,N,06414.4630,E,1,05,2.0,-5.3,M,-55.0,M,,*43
(Nov 13 2021 23:21:21,  864396 sec) GpsServices()        APF9 RTC skew (11s) OK.
(Nov 13 2021 23:21:22,  864396 sec) GpsServices()        GPS services complete.
(Nov 13 2021 23:22:03,  864438 sec) CLogin()             Connecting to primary host.
(Nov 13 2021 23:22:30,  864465 sec) CLogin()             Connection 1 established in 27 seconds.
(Nov 13 2021 23:23:01,  864495 sec) expect()             Attempt to read prompt string [Last login:] failed.
(Nov 13 2021 23:23:01,  864496 sec) login()              Login failed.
(Nov 13 2021 23:23:31,  864525 sec) expect()             Attempt to read prompt string [login:] failed.
(Nov 13 2021 23:23:31,  864526 sec) login()              Login prompt not received.
(Nov 13 2021 23:23:43,  864538 sec) CLogin()             Connection 2 established in 100 seconds.
(Nov 13 2021 23:23:52,  864547 sec) login()              Login successful.
(Nov 13 2021 23:23:55,  864550 sec) CLogin()             Logged in to host.  [Login required 12 seconds]
(Nov 13 2021 23:24:07,  864562 sec) RxConfig()           Downloading "mission.cfg" from host.
(Nov 13 2021 23:24:10,  864565 sec) Rx()                 Initiating transfer. [0x43]
(Nov 13 2021 23:24:16,  864570 sec) Rx()                 Truncated packet received - retrying.
(Nov 13 2021 23:24:20,  864575 sec) RxStartByte()        Sync errors encountered: 749
(Nov 13 2021 23:24:24,  864578 sec) Rx()                 Truncated packet received - retrying.
(Nov 13 2021 23:24:28,  864583 sec) RxStartByte()        Sync errors encountered: 129
(Nov 13 2021 23:24:33,  864588 sec) Rx()                 Pad character [0x1a] found in ascii mode - truncating packet.
(Nov 13 2021 23:24:38,  864592 sec) Rx()                 Received EOT - transfer complete. [1 packets, 1024 bytes, 28 sec, 36.6 bps]
(Nov 13 2021 23:24:38,  864593 sec) RxConfig()           Download successful.
(Nov 13 2021 23:25:01,  864616 sec) WriteVitals()        Writing vitals to "7827.225.msg".
(Nov 13 2021 23:25:17,  864632 sec) UpLoadFile()         Uploading "7827.225.msg" to host as "7827.225.msg".
(Nov 13 2021 23:25:20,  864635 sec) Tx()                 CRC negotiation successful. [16-bit CRC]
(Nov 13 2021 23:25:44,  864659 sec) TxPacket()           NAK received - resending packet. [PktNum=0x03]
(Nov 13 2021 23:25:44,  864659 sec) TxPacket()           Packet xmit history: [11000001] (0:ok, 1:fail).
(Nov 13 2021 23:26:54,  864729 sec) TxPacket()           NAK received - resending packet. [PktNum=0x0b]
(Nov 13 2021 23:26:54,  864729 sec) TxPacket()           Packet xmit history: [00000001] (0:ok, 1:fail).
(Nov 13 2021 23:27:12,  864747 sec) TxPacket()           NAK received - resending packet. [PktNum=0x0d]
(Nov 13 2021 23:27:12,  864747 sec) TxPacket()           Packet xmit history: [00001001] (0:ok, 1:fail).
(Nov 13 2021 23:27:19,  864754 sec) TxPacket()           NAK received - resending packet. [PktNum=0x0d]
(Nov 13 2021 23:27:19,  864754 sec) TxPacket()           Packet xmit history: [00010011] (0:ok, 1:fail).
(Nov 13 2021 23:28:23,  864818 sec) TxPacket()           NAK received - resending packet. [PktNum=0x15]
(Nov 13 2021 23:28:24,  864819 sec) TxPacket()           Packet xmit history: [00000001] (0:ok, 1:fail).
(Nov 13 2021 23:29:04,  864859 sec) TxPacket()           NAK received - resending packet. [PktNum=0x19]
(Nov 13 2021 23:29:04,  864859 sec) TxPacket()           Packet xmit history: [00100001] (0:ok, 1:fail).
(Nov 13 2021 23:29:13,  864868 sec) TxPacket()           NAK received - resending packet. [PktNum=0x19]
(Nov 13 2021 23:29:13,  864868 sec) TxPacket()           Packet xmit history: [01000011] (0:ok, 1:fail).
(Nov 13 2021 23:29:25,  864880 sec) TxPacket()           NAK received - resending packet. [PktNum=0x1b]
(Nov 13 2021 23:29:25,  864880 sec) TxPacket()           Packet xmit history: [00011001] (0:ok, 1:fail).
(Nov 13 2021 23:29:29,  864884 sec) TxPacket()           NAK received - resending packet. [PktNum=0x1b]
(Nov 13 2021 23:29:29,  864884 sec) TxPacket()           Packet xmit history: [00110011] (0:ok, 1:fail).
(Nov 13 2021 23:29:36,  864890 sec) TxPacket()           Packet xmit history: [01100110] (0:ok, 1:fail).
(Nov 13 2021 23:29:45,  864900 sec) TxPacket()           Invalid response [0x63] - resending packet. [PktNum=0x1b]
(Nov 13 2021 23:29:46,  864901 sec) TxPacket()           Packet xmit history: [11001101] (0:ok, 1:fail).
(Nov 13 2021 23:29:47,  864902 sec) TxPacket()           Invalid response [0x5e] - resending packet. [PktNum=0x1b]
(Nov 13 2021 23:29:47,  864902 sec) TxPacket()           Packet xmit history: [10011011] (0:ok, 1:fail).
(Nov 13 2021 23:29:48,  864903 sec) TxPacket()           Invalid response [0x41] - resending packet. [PktNum=0x1b]
(Nov 13 2021 23:29:49,  864904 sec) TxPacket()           Packet xmit history: [00110111] (0:ok, 1:fail).
(Nov 13 2021 23:29:51,  864906 sec) TxPacket()           Invalid response [0x6d] - resending packet. [PktNum=0x1b]
(Nov 13 2021 23:29:51,  864906 sec) TxPacket()           Packet xmit history: [01101111] (0:ok, 1:fail).
(Nov 13 2021 23:29:52,  864907 sec) TxPacket()           Invalid response [0x44] - resending packet. [PktNum=0x1b]
(Nov 13 2021 23:29:53,  864907 sec) TxPacket()           Packet xmit history: [11011111] (0:ok, 1:fail).
(Nov 13 2021 23:29:54,  864909 sec) TxPacket()           Invalid response [0x20] - resending packet. [PktNum=0x1b]
(Nov 13 2021 23:29:54,  864909 sec) TxPacket()           Packet xmit history: [10111111] (0:ok, 1:fail).
(Nov 13 2021 23:29:56,  864911 sec) TxPacket()           Invalid response [0x6e] - resending packet. [PktNum=0x1b]
(Nov 13 2021 23:29:57,  864912 sec) TxPacket()           Packet xmit history: [01111111] (0:ok, 1:fail).
(Nov 13 2021 23:29:57,  864912 sec) TxPacket()           Exit status: -5
(Nov 13 2021 23:29:57,  864912 sec) Tx()                 Packet transmission failed - aborting transfer.
(Nov 13 2021 23:30:10,  864925 sec) UpLoadFile()         Upload failed.
(Nov 13 2021 23:30:48,  864962 sec) chat()               Expected string [rx -c  7827.225.log] not received.
(Nov 13 2021 23:30:48,  864963 sec) UpLoadFile()         Failed attempt to execute "rx -c  7827.225.log" on the host.
(Nov 13 2021 23:30:48,  864963 sec) UpLoad()             Files successfully uploaded: 0
(Nov 13 2021 23:30:48,  864963 sec) UpLoad()             Aborting upload: Retry limit [2] exceeded. Upload incomplete.
(Nov 13 2021 23:30:56,  864970 sec) chat()               Expected string [logout] not received.
(Nov 13 2021 23:30:56,  864971 sec) logout()             Attempt to log-out failed.
(Nov 13 2021 23:31:04,  864978 sec) chat()               Expected string [logout] not received.
(Nov 13 2021 23:31:04,  864979 sec) logout()             Attempt to log-out failed.
(Nov 13 2021 23:31:11,  864985 sec) chat()               Expected string [logout] not received.
(Nov 13 2021 23:31:11,  864986 sec) logout()             Attempt to log-out failed.
(Nov 13 2021 23:31:11,  864986 sec) Telemetry()          Telemetry cycle complete: PrfId=225 ConnectionAttempts=2  Connections=2
(Nov 13 2021 23:46:26,  865901 sec) AirSystem()          Air-bladder inflation by-passed. Barometer: [127cnt, 6.8"Hg].
(Nov 13 2021 23:47:28,  865963 sec) GetSurfaceObs()      P/O2,T2,TPhase,RPhase,RawTemp/FSig,BbSig,TSig: -0.6dbars / 232.5uM 26.383C 29.695 8.941 67.080 / 137,158,534
(Nov 13 2021 23:47:36,  865971 sec) GpsServices()        GPS almanac is current.
(Nov 13 2021 23:47:36,  865971 sec) GpsServices()        Initiating GPS fix acquisition.
(Nov 13 2021 23:47:52,  865987 sec) gga()                $GPGGA,234730,1908.2293,N,06414.4671,E,0,00,,,M,,M,,*55
(Nov 13 2021 23:48:03,  865998 sec) gga()                $GPGGA,234740,1908.2293,N,06414.4671,E,0,00,,,M,,M,,*52
(Nov 13 2021 23:48:46,  866041 sec) gga()                $GPGGA,234750,1908.1755,N,06414.4296,E,1,05,2.0,-0.9,M,-55.0,M,,*43
(Nov 13 2021 23:48:46,  866041 sec) GpsServices()        Profile 225 GPS fix obtained in 69 seconds.
(Nov 13 2021 23:48:46,  866041 sec) GpsServices()                  lon     lat mm/dd/yyyy hhmmss nsat
(Nov 13 2021 23:48:46,  866041 sec) GpsServices()        Fix:   64.240  19.136 11/13/2021 234750    5
(Nov 13 2021 23:49:33,  866088 sec) gga()                $GPGGA,234840,1908.1761,N,06414.4301,E,1,05,2.0,-1.9,M,-55.0,M,,*44
(Nov 13 2021 23:49:41,  866096 sec) gga()                $GPGGA,234930,1908.1750,N,06414.4290,E,1,06,1.4,-1.5,M,-55.0,M,,*41
(Nov 13 2021 23:49:41,  866096 sec) GpsServices()        APF9 RTC skew (11s) OK.
(Nov 13 2021 23:49:42,  866096 sec) GpsServices()        GPS services complete.
(Nov 13 2021 23:50:15,  866130 sec) CLogin()             Connecting to primary host.
(Nov 13 2021 23:50:38,  866153 sec) CLogin()             Connection 3 established in 23 seconds.
(Nov 13 2021 23:51:10,  866184 sec) expect()             Attempt to read prompt string [Last login:] failed.
(Nov 13 2021 23:51:10,  866185 sec) login()              Login failed.
(Nov 13 2021 23:52:05,  866239 sec) expect()             Attempt to read prompt string [Password:] failed.
(Nov 13 2021 23:52:05,  866240 sec) login()              Password prompt not received.
(Nov 13 2021 23:52:18,  866253 sec) CLogin()             Connection 4 established in 123 seconds.
(Nov 13 2021 23:52:50,  866284 sec) expect()             Attempt to read prompt string [Last login:] failed.
(Nov 13 2021 23:52:50,  866285 sec) login()              Login failed.
(Nov 13 2021 23:53:20,  866314 sec) expect()             Attempt to read prompt string [login:] failed.
(Nov 13 2021 23:53:20,  866315 sec) login()              Login prompt not received.
(Nov 13 2021 23:53:20,  866315 sec) CLogin()             Attempt to connect to primary host failed after 2 tries.  Connecting to alternate host.
(Nov 13 2021 23:54:21,  866375 sec) chat()               Expected string [CONNECT] not received.
(Nov 13 2021 23:54:21,  866376 sec) modem_connect()      Modem command [ATDT0013014291790] failed.
(Nov 13 2021 23:54:21,  866376 sec) connect()            Connection attempt failed.
(Nov 13 2021 23:55:22,  866436 sec) chat()               Expected string [CONNECT] not received.
(Nov 13 2021 23:55:22,  866437 sec) modem_connect()      Modem command [ATDT0013014291790] failed.
(Nov 13 2021 23:55:22,  866437 sec) connect()            Connection attempt failed.
(Nov 13 2021 23:55:22,  866437 sec) CLogin()             Attempt to connect to primary and alternate hosts failed - aborting.
(Nov 13 2021 23:55:23,  866437 sec) DownLoadMissionCfg(  Connect/login failed.  Mission configuration not downloaded from remote host.
(Nov 13 2021 23:55:29,  866444 sec) CLogin()             Connecting to primary host.
(Nov 13 2021 23:55:59,  866474 sec) CLogin()             Connection 5 established in 31 seconds.
(Nov 13 2021 23:56:29,  866503 sec) expect()             Attempt to read prompt string [login:] failed.
(Nov 13 2021 23:56:29,  866504 sec) login()              Login prompt not received.
(Nov 13 2021 23:56:41,  866516 sec) login()              Login successful.
(Nov 13 2021 23:56:44,  866519 sec) CLogin()             Logged in to host.  [Login required 45 seconds]
(Nov 13 2021 23:56:56,  866531 sec) RxConfig()           Downloading "mission.cfg" from host.
(Nov 13 2021 23:56:59,  866534 sec) Rx()                 Initiating transfer. [0x43]
(Nov 13 2021 23:57:07,  866542 sec) Rx()                 Pad character [0x1a] found in ascii mode - truncating packet.
(Nov 13 2021 23:57:14,  866548 sec) Rx()                 Received EOT - transfer complete. [1 packets, 1024 bytes, 15 sec, 68.3 bps]
(Nov 13 2021 23:57:14,  866549 sec) RxConfig()           Download successful.
(Nov 13 2021 23:57:37,  866572 sec) WriteVitals()        Writing vitals to "7827.225.msg".
(Nov 13 2021 23:57:55,  866590 sec) UpLoadFile()         Uploading "7827.225.msg" to host as "7827.225.msg".
(Nov 13 2021 23:57:59,  866594 sec) Tx()                 CRC negotiation successful. [16-bit CRC]
(Nov 13 2021 23:58:17,  866612 sec) TxPacket()           NAK received - resending packet. [PktNum=0x03]
(Nov 13 2021 23:58:17,  866612 sec) TxPacket()           Packet xmit history: [11000001] (0:ok, 1:fail).
(Nov 13 2021 23:58:24,  866619 sec) TxPacket()           NAK received - resending packet. [PktNum=0x03]
(Nov 13 2021 23:58:24,  866619 sec) TxPacket()           Packet xmit history: [10000011] (0:ok, 1:fail).
(Nov 13 2021 23:59:35,  866690 sec) TxPacket()           NAK received - resending packet. [PktNum=0x06]
(Nov 13 2021 23:59:35,  866690 sec) TxPacket()           Packet xmit history: [00110001] (0:ok, 1:fail).
(Nov 13 2021 23:59:47,  866702 sec) TxPacket()           NAK received - resending packet. [PktNum=0x07]
(Nov 13 2021 23:59:47,  866702 sec) TxPacket()           Packet xmit history: [11000101] (0:ok, 1:fail).
(Nov 14 2021 00:00:30,  866745 sec) TxPacket()           NAK received - resending packet. [PktNum=0x0c]
(Nov 14 2021 00:00:30,  866745 sec) TxPacket()           Packet xmit history: [01000001] (0:ok, 1:fail).
(Nov 14 2021 00:00:34,  866749 sec) TxPacket()           NAK received - resending packet. [PktNum=0x0c]
(Nov 14 2021 00:00:34,  866749 sec) TxPacket()           Packet xmit history: [10000011] (0:ok, 1:fail).
(Nov 14 2021 00:00:54,  866769 sec) TxPacket()           NAK received - resending packet. [PktNum=0x0e]
(Nov 14 2021 00:00:54,  866769 sec) TxPacket()           Packet xmit history: [00011001] (0:ok, 1:fail).
(Nov 14 2021 00:01:30,  866805 sec) TxPacket()           Invalid response [0xff] - resending packet. [PktNum=0x14]
(Nov 14 2021 00:01:31,  866806 sec) TxPacket()           Packet xmit history: [10000001] (0:ok, 1:fail).
(Nov 14 2021 00:01:41,  866816 sec) TxPacket()           NAK received - resending packet. [PktNum=0x16]
(Nov 14 2021 00:01:41,  866816 sec) TxPacket()           Packet xmit history: [00001001] (0:ok, 1:fail).
(Nov 14 2021 00:01:46,  866821 sec) TxPacket()           NAK received - resending packet. [PktNum=0x16]
(Nov 14 2021 00:01:46,  866821 sec) TxPacket()           Packet xmit history: [00010011] (0:ok, 1:fail).
(Nov 14 2021 00:01:55,  866829 sec) TxPacket()           Packet xmit history: [00100110] (0:ok, 1:fail).
(Nov 14 2021 00:02:01,  866836 sec) TxPacket()           Invalid response [0x63] - resending packet. [PktNum=0x16]
(Nov 14 2021 00:02:02,  866837 sec) TxPacket()           Packet xmit history: [01001101] (0:ok, 1:fail).
(Nov 14 2021 00:02:03,  866838 sec) TxPacket()           Invalid response [0x5e] - resending packet. [PktNum=0x16]
(Nov 14 2021 00:02:03,  866838 sec) TxPacket()           Packet xmit history: [10011011] (0:ok, 1:fail).
(Nov 14 2021 00:02:05,  866839 sec) TxPacket()           Invalid response [0x30] - resending packet. [PktNum=0x16]
(Nov 14 2021 00:02:05,  866840 sec) TxPacket()           Packet xmit history: [00110111] (0:ok, 1:fail).
(Nov 14 2021 00:02:06,  866841 sec) TxPacket()           Invalid response [0x75] - resending packet. [PktNum=0x16]
(Nov 14 2021 00:02:06,  866841 sec) TxPacket()           Packet xmit history: [01101111] (0:ok, 1:fail).
(Nov 14 2021 00:02:07,  866842 sec) TxPacket()           Invalid response [0x64] - resending packet. [PktNum=0x16]
(Nov 14 2021 00:02:08,  866843 sec) TxPacket()           Packet xmit history: [11011111] (0:ok, 1:fail).
(Nov 14 2021 00:02:09,  866844 sec) TxPacket()           Invalid response [0x6f] - resending packet. [PktNum=0x16]
(Nov 14 2021 00:02:09,  866844 sec) TxPacket()           Packet xmit history: [10111111] (0:ok, 1:fail).
(Nov 14 2021 00:02:11,  866846 sec) TxPacket()           Invalid response [0x6f] - resending packet. [PktNum=0x16]
(Nov 14 2021 00:02:11,  866846 sec) TxPacket()           Packet xmit history: [01111111] (0:ok, 1:fail).
(Nov 14 2021 00:02:11,  866846 sec) TxPacket()           Exit status: -5
(Nov 14 2021 00:02:11,  866846 sec) Tx()                 Packet transmission failed - aborting transfer.
(Nov 14 2021 00:02:24,  866859 sec) UpLoadFile()         Upload failed.
(Nov 14 2021 00:03:03,  866898 sec) chat()               Expected string [rx -c  7827.225.log] not received.
(Nov 14 2021 00:03:03,  866898 sec) UpLoadFile()         Failed attempt to execute "rx -c  7827.225.log" on the host.
(Nov 14 2021 00:03:04,  866899 sec) UpLoad()             Files successfully uploaded: 0
(Nov 14 2021 00:03:04,  866899 sec) UpLoad()             Aborting upload: Retry limit [2] exceeded. Upload incomplete.
(Nov 14 2021 00:03:09,  866903 sec) chat()               Expected string [logout] not received.
(Nov 14 2021 00:03:09,  866904 sec) logout()             Attempt to log-out failed.
(Nov 14 2021 00:03:15,  866910 sec) chat()               Expected string [logout] not received.
(Nov 14 2021 00:03:15,  866910 sec) logout()             Attempt to log-out failed.
(Nov 14 2021 00:03:20,  866914 sec) chat()               Expected string [logout] not received.
(Nov 14 2021 00:03:20,  866915 sec) logout()             Attempt to log-out failed.
(Nov 14 2021 00:03:20,  866915 sec) Telemetry()          Telemetry cycle complete: PrfId=225 ConnectionAttempts=7  Connections=5
(Nov 14 2021 00:18:34,  867829 sec) AirSystem()          Air-bladder inflation by-passed. Barometer: [126cnt, 6.5"Hg].
(Nov 14 2021 00:19:28,  867883 sec) GetSurfaceObs()      P/O2,T2,TPhase,RPhase,RawTemp/FSig,BbSig,TSig: -0.6dbars / 231.8uM 26.847C 29.552 8.874 52.172 / 136,148,534
(Nov 14 2021 00:19:36,  867891 sec) GpsServices()        GPS almanac is current.
(Nov 14 2021 00:19:36,  867891 sec) GpsServices()        Initiating GPS fix acquisition.
(Nov 14 2021 00:19:52,  867907 sec) gga()                $GPGGA,001930,1908.1774,N,06414.4218,E,0,00,,,M,,M,,*5B
(Nov 14 2021 00:20:35,  867949 sec) gga()                $GPGGA,001940,1908.1223,N,06414.4416,E,1,05,1.4,-4.4,M,-55.0,M,,*4C
(Nov 14 2021 00:20:35,  867950 sec) GpsServices()        Profile 225 GPS fix obtained in 58 seconds.
(Nov 14 2021 00:20:35,  867950 sec) GpsServices()                  lon     lat mm/dd/yyyy hhmmss nsat
(Nov 14 2021 00:20:35,  867950 sec) GpsServices()        Fix:   64.241  19.135 11/14/2021 001940    5
(Nov 14 2021 00:21:23,  867998 sec) gga()                $GPGGA,002030,1908.1211,N,06414.4424,E,1,05,1.4,-3.8,M,-55.0,M,,*4A
(Nov 14 2021 00:21:31,  868006 sec) gga()                $GPGGA,002120,1908.1205,N,06414.4428,E,1,05,1.4,-1.7,M,-55.0,M,,*4E
(Nov 14 2021 00:21:31,  868006 sec) GpsServices()        APF9 RTC skew (11s) OK.
(Nov 14 2021 00:21:32,  868007 sec) GpsServices()        GPS services complete.
(Nov 14 2021 00:22:21,  868056 sec) CLogin()             Connecting to primary host.
(Nov 14 2021 00:22:45,  868080 sec) CLogin()             Connection 6 established in 24 seconds.
(Nov 14 2021 00:23:19,  868113 sec) expect()             Attempt to read prompt string [Last login:] failed.
(Nov 14 2021 00:23:19,  868114 sec) login()              Login failed.
(Nov 14 2021 00:23:49,  868143 sec) expect()             Attempt to read prompt string [login:] failed.
(Nov 14 2021 00:23:49,  868144 sec) login()              Login prompt not received.
(Nov 14 2021 00:24:50,  868204 sec) chat()               Expected string [CONNECT] not received.
(Nov 14 2021 00:24:50,  868205 sec) modem_connect()      Modem command [AT+CBST=71,0,1;DT0088160000573] failed.
(Nov 14 2021 00:24:50,  868205 sec) connect()            Connection attempt failed.
(Nov 14 2021 00:24:50,  868205 sec) CLogin()             Attempt to connect to primary host failed after 2 tries.  Connecting to alternate host.
(Nov 14 2021 00:25:51,  868265 sec) chat()               Expected string [CONNECT] not received.
(Nov 14 2021 00:25:51,  868266 sec) modem_connect()      Modem command [ATDT0013014291790] failed.
(Nov 14 2021 00:25:51,  868266 sec) connect()            Connection attempt failed.
(Nov 14 2021 00:26:52,  868326 sec) chat()               Expected string [CONNECT] not received.
(Nov 14 2021 00:26:52,  868327 sec) modem_connect()      Modem command [ATDT0013014291790] failed.
(Nov 14 2021 00:26:52,  868327 sec) connect()            Connection attempt failed.
(Nov 14 2021 00:26:52,  868327 sec) CLogin()             Attempt to connect to primary and alternate hosts failed - aborting.
(Nov 14 2021 00:26:53,  868327 sec) DownLoadMissionCfg(  Connect/login failed.  Mission configuration not downloaded from remote host.
(Nov 14 2021 00:26:59,  868334 sec) CLogin()             Connecting to primary host.
(Nov 14 2021 00:27:14,  868349 sec) CLogin()             Connection 7 established in 16 seconds.
(Nov 14 2021 00:27:46,  868380 sec) expect()             Attempt to read prompt string [Last login:] failed.
(Nov 14 2021 00:27:46,  868381 sec) login()              Login failed.
(Nov 14 2021 00:28:16,  868410 sec) expect()             Attempt to read prompt string [login:] failed.
(Nov 14 2021 00:28:16,  868411 sec) login()              Login prompt not received.
(Nov 14 2021 00:28:29,  868424 sec) CLogin()             Connection 8 established in 91 seconds.
(Nov 14 2021 00:29:03,  868457 sec) expect()             Attempt to read prompt string [Last login:] failed.
(Nov 14 2021 00:29:03,  868458 sec) login()              Login failed.
(Nov 14 2021 00:30:00,  868514 sec) expect()             Attempt to read prompt string [Password:] failed.
(Nov 14 2021 00:30:00,  868515 sec) login()              Password prompt not received.
(Nov 14 2021 00:30:00,  868515 sec) CLogin()             Attempt to connect to primary host failed after 2 tries.  Connecting to alternate host.
(Nov 14 2021 00:31:01,  868575 sec) chat()               Expected string [CONNECT] not received.
(Nov 14 2021 00:31:01,  868576 sec) modem_connect()      Modem command [ATDT0013014291790] failed.
(Nov 14 2021 00:31:01,  868576 sec) connect()            Connection attempt failed.
(Nov 14 2021 00:32:02,  868636 sec) chat()               Expected string [CONNECT] not received.
(Nov 14 2021 00:32:02,  868637 sec) modem_connect()      Modem command [ATDT0013014291790] failed.
(Nov 14 2021 00:32:02,  868637 sec) connect()            Connection attempt failed.
(Nov 14 2021 00:32:02,  868637 sec) CLogin()             Attempt to connect to primary and alternate hosts failed - aborting.
(Nov 14 2021 00:32:03,  868637 sec) DownLoadMissionCfg(  Connect/login failed.  Mission configuration not downloaded from remote host.
(Nov 14 2021 00:32:03,  868638 sec) DownLoadMissionCfg(  Aborting download: Retry limit [2] exceeded.
(Nov 14 2021 00:32:03,  868638 sec) WriteVitals()        Writing vitals to "7827.225.msg".
(Nov 14 2021 00:32:10,  868645 sec) CLogin()             Connecting to primary host.
(Nov 14 2021 00:32:30,  868664 sec) CLogin()             Connection 9 established in 20 seconds.
(Nov 14 2021 00:33:04,  868698 sec) expect()             Attempt to read prompt string [Last login:] failed.
(Nov 14 2021 00:33:04,  868699 sec) login()              Login failed.
(Nov 14 2021 00:33:16,  868711 sec) login()              Login successful.
(Nov 14 2021 00:33:19,  868714 sec) CLogin()             Logged in to host.  [Login required 49 seconds]
(Nov 14 2021 00:33:28,  868723 sec) UpLoadFile()         Uploading "7827.225.msg" to host as "7827.225.msg".
(Nov 14 2021 00:33:36,  868731 sec) Tx()                 CRC negotiation successful. [16-bit CRC]
(Nov 14 2021 00:33:54,  868749 sec) TxPacket()           NAK received - resending packet. [PktNum=0x03]
(Nov 14 2021 00:33:54,  868749 sec) TxPacket()           Packet xmit history: [11000001] (0:ok, 1:fail).
(Nov 14 2021 00:33:59,  868754 sec) TxPacket()           NAK received - resending packet. [PktNum=0x03]
(Nov 14 2021 00:33:59,  868754 sec) TxPacket()           Packet xmit history: [10000011] (0:ok, 1:fail).
(Nov 14 2021 00:35:01,  868816 sec) TxPacket()           NAK received - resending packet. [PktNum=0x0b]
(Nov 14 2021 00:35:01,  868816 sec) TxPacket()           Packet xmit history: [00000001] (0:ok, 1:fail).
(Nov 14 2021 00:35:16,  868831 sec) TxPacket()           NAK received - resending packet. [PktNum=0x0c]
(Nov 14 2021 00:35:16,  868831 sec) TxPacket()           Packet xmit history: [00000101] (0:ok, 1:fail).
(Nov 14 2021 00:35:45,  868860 sec) TxPacket()           NAK received - resending packet. [PktNum=0x0f]
(Nov 14 2021 00:35:45,  868860 sec) TxPacket()           Packet xmit history: [01010001] (0:ok, 1:fail).
(Nov 14 2021 00:36:05,  868880 sec) TxPacket()           NAK received - resending packet. [PktNum=0x11]
(Nov 14 2021 00:36:05,  868880 sec) TxPacket()           Packet xmit history: [10001001] (0:ok, 1:fail).
(Nov 14 2021 00:36:11,  868886 sec) TxPacket()           NAK received - resending packet. [PktNum=0x11]
(Nov 14 2021 00:36:11,  868886 sec) TxPacket()           Packet xmit history: [00010011] (0:ok, 1:fail).
(Nov 14 2021 00:36:16,  868891 sec) TxPacket()           NAK received - resending packet. [PktNum=0x11]
(Nov 14 2021 00:36:16,  868891 sec) TxPacket()           Packet xmit history: [00100111] (0:ok, 1:fail).
(Nov 14 2021 00:37:30,  868965 sec) TxPacket()           NAK received - resending packet. [PktNum=0x1b]
(Nov 14 2021 00:37:31,  868966 sec) TxPacket()           Packet xmit history: [00000001] (0:ok, 1:fail).
(Nov 14 2021 00:37:43,  868978 sec) TxPacket()           NAK received - resending packet. [PktNum=0x1c]
(Nov 14 2021 00:37:43,  868978 sec) TxPacket()           Packet xmit history: [00000101] (0:ok, 1:fail).
(Nov 14 2021 00:38:03,  868998 sec) TxPacket()           NAK received - resending packet. [PktNum=0x1e]
(Nov 14 2021 00:38:03,  868998 sec) TxPacket()           Packet xmit history: [00101001] (0:ok, 1:fail).
(Nov 14 2021 00:38:46,  869041 sec) TxPacket()           NAK received - resending packet. [PktNum=0x24]
(Nov 14 2021 00:38:46,  869041 sec) TxPacket()           Packet xmit history: [10000001] (0:ok, 1:fail).
(Nov 14 2021 00:39:18,  869073 sec) Tx()                 Transmission completed successfully [40 packets, 38744 bytes, 341 sec, 114.9 bps]
(Nov 14 2021 00:39:18,  869073 sec) UpLoadFile()         Upload successful.
(Nov 14 2021 00:39:31,  869086 sec) UpLoadFile()         Uploading "7827.225.log" to host as "7827.225.log".
(Nov 14 2021 00:39:34,  869089 sec) Tx()                 CRC negotiation successful. [16-bit CRC]
(Nov 14 2021 00:39:58,  869113 sec) TxPacket()           NAK received - resending packet. [PktNum=0x04]
(Nov 14 2021 00:39:58,  869113 sec) TxPacket()           Packet xmit history: [00000001] (0:ok, 1:fail).
(Nov 14 2021 00:41:03,  869178 sec) TxPacket()           NAK received - resending packet. [PktNum=0x0c]
(Nov 14 2021 00:41:03,  869178 sec) TxPacket()           Packet xmit history: [00000001] (0:ok, 1:fail).
(Nov 14 2021 00:41:14,  869189 sec) TxPacket()           NAK received - resending packet. [PktNum=0x0d]
(Nov 14 2021 00:41:14,  869189 sec) TxPacket()           Packet xmit history: [00000101] (0:ok, 1:fail).
(Nov 14 2021 00:41:26,  869201 sec) TxPacket()           NAK received - resending packet. [PktNum=0x0e]
(Nov 14 2021 00:41:26,  869201 sec) TxPacket()           Packet xmit history: [00010101] (0:ok, 1:fail).
(Nov 14 2021 00:41:43,  869218 sec) TxPacket()           NAK received - resending packet. [PktNum=0x10]
(Nov 14 2021 00:41:43,  869218 sec) TxPacket()           Packet xmit history: [10101001] (0:ok, 1:fail).
(Nov 14 2021 00:42:06,  869241 sec) TxPacket()           NAK received - resending packet. [PktNum=0x12]
(Nov 14 2021 00:42:06,  869241 sec) TxPacket()           Packet xmit history: [01001001] (0:ok, 1:fail).
(Nov 14 2021 00:42:11,  869246 sec) TxPacket()           NAK received - resending packet. [PktNum=0x12]
(Nov 14 2021 00:42:11,  869246 sec) TxPacket()           Packet xmit history: [10010011] (0:ok, 1:fail).
(Nov 14 2021 00:42:53,  869288 sec) TxPacket()           NAK received - resending packet. [PktNum=0x17]
(Nov 14 2021 00:42:53,  869288 sec) TxPacket()           Packet xmit history: [11000001] (0:ok, 1:fail).
(Nov 14 2021 00:43:03,  869298 sec) TxPacket()           NAK received - resending packet. [PktNum=0x18]
(Nov 14 2021 00:43:03,  869298 sec) TxPacket()           Packet xmit history: [00000101] (0:ok, 1:fail).
(Nov 14 2021 00:43:33,  869328 sec) TxPacket()           NAK received - resending packet. [PktNum=0x1b]
(Nov 14 2021 00:43:33,  869328 sec) TxPacket()           Packet xmit history: [01010001] (0:ok, 1:fail).
(Nov 14 2021 00:44:10,  869365 sec) TxPacket()           NAK received - resending packet. [PktNum=0x1f]
(Nov 14 2021 00:44:10,  869365 sec) TxPacket()           Packet xmit history: [00100001] (0:ok, 1:fail).
(Nov 14 2021 00:44:56,  869411 sec) Tx()                 Transmission completed successfully [36 packets, 36844 bytes, 321 sec, 114.8 bps]
(Nov 14 2021 00:44:56,  869411 sec) UpLoadFile()         Upload successful.
(Nov 14 2021 00:45:06,  869421 sec) UpLoad()             Files successfully uploaded: 2
(Nov 14 2021 00:45:07,  869422 sec) UpLoad()             Upload complete.
(Nov 14 2021 00:45:13,  869427 sec) chat()               Expected string [logout] not received.
(Nov 14 2021 00:45:13,  869428 sec) logout()             Attempt to log-out failed.
(Nov 14 2021 00:45:13,  869428 sec) logout()             No carrier detected.
(Nov 14 2021 00:45:13,  869428 sec) Telemetry()          Telemetry cycle complete: PrfId=225 ConnectionAttempts=16  Connections=9
(Nov 14 2021 00:45:14,  869428 sec) TelemetryTerminate(  Parsing new mission configuration.
(Nov 14 2021 00:45:16,  869431 sec) configure()          Parsing configurators in "mission.cfg".
(Nov 14 2021 00:45:24,  869439 sec) configure()             TelemetryRetry(15)          [0x7BBC] [TelemetryRetry(15)].
(Nov 14 2021 00:45:24,  869439 sec) configure()          Configuration CRCs and syntax OK.
(Nov 14 2021 00:45:24,  869439 sec) ConfigSupervisor()   Configuration accepted.
(Nov 14 2021 00:45:25,  869440 sec) TelemetryTerminate(  Reconditioning the file system.
(Nov 14 2021 00:45:47,      11 sec) DescentInit()        Deep profile 226 initiated at mission-time 869451sec.
(Nov 14 2021 00:45:49,      13 sec) DescentInit()        Surface pressure: -0.6dbars.
(Nov 14 2021 00:45:54,      18 sec) PistonMoveAbsWTO()    198->076 197 196 195 194 193 192 191 190 189 188 187 186 185 184 183 182 181 180 179 178 177 176 175 174 173 172 171 170 169 168 167 166 165 164 163 162 161 160 159 158 157 156 155 154 153 152 151 150 149 148 147 146 145 144 143 142 141 140 139 138 137 136 135 134 133 132 131 130 129 128 127 126 125 124 123 122 121 120 119 118 117 116 115 114 113 112 111 110 109 108 107 106 105 104 103 102 101 100 099 098 097 096 095 094 093 092 091 090 089 088 087 086 085 084 083 082 081 080 079 078 077 076 [622sec, 14.1Volts, 0.157Amps, CPT:622sec]
(Nov 14 2021 00:56:26,     650 sec) Descent()            Pressure: 49.7
(Nov 14 2021 01:45:40,    3604 sec) Descent()            Pressure: 439.9
(Nov 14 2021 02:45:40,    7204 sec) Descent()            Pressure: 761.2
(Nov 14 2021 03:45:40,   10804 sec) Descent()            Pressure: 943.7
(Nov 14 2021 04:45:40,   14404 sec) Descent()            Pressure: 987.5
(Nov 14 2021 05:45:40,   18004 sec) Descent()            Pressure: 993.5
(Nov 14 2021 05:45:40,   18004 sec) ParkInit()           
(Nov 15 2021 13:45:47,  133211 sec) Park()               ParkPOutOfBand[3, 1010.5 dbars]: extend piston.
(Nov 15 2021 13:45:47,  133211 sec) PistonMoveAbsWTO()    076->077 077 [3sec, 13.1Volts, 0.451Amps, CPT:625sec]
(Nov 23 2021 11:30:19,  816283 sec) CtdPower()           [ 1003.28,  8.8492, 35.8906]
(Nov 23 2021 11:30:20,  816283 sec) CtdPower()           CTD Power consumption [173VCnt 9ACnt]: 13.411Volts * 0.036Amps = 0.49Watts.
(Nov 23 2021 11:30:21,  816284 sec) ParkTerminate()      Piston Position:77 Vacuum:79 Vq:191 Aq:5 Vsbe:173 Asbe:9 Vflbb:177 Aflbb:12
(Nov 23 2021 11:30:57,  816321 sec) ParkTerminate()      PTS/O2,T2,TPhase,RawTemp: 1003.2dbars 8.8499C 35.8903PSU / 6.7uM 8.871C 60.810 8.230 628.602
(Nov 23 2021 11:30:57,  816321 sec) ParkTerminate()      FLBB FSig, BbSig, TSig: 56, 116, 564
(Nov 23 2021 11:30:58,  816322 sec) GoDeepInit()         Moving piston.
(Nov 23 2021 11:30:58,  816322 sec) PistonMoveAbsWTO()    077->028 076 075 074 073 072 071 070 069 068 067 066 065 064 063 062 061 060 059 058 057 056 055 054 053 052 051 050 049 048 047 046 045 044 043 042 041 040 039 038 037 036 035 034 033 032 031 030 029 028 [252sec, 13.8Volts, 0.093Amps, CPT:877sec]
(Nov 23 2021 15:00:40,  828904 sec) GoDeep()             Sequence point detected at 2005.2dbar.
(Nov 23 2021 15:00:43,  828907 sec) ProfileInit()        PrfId:226  Pressure:2005.3dbar  pTable[0]:2000dbar
(Nov 23 2021 15:00:53,  828917 sec) PistonMoveAbsWTO()    028->050 029 030 031 032 [30sec, 12.2Volts, 0.766Amps, CPT:907sec]
(Nov 23 2021 15:01:33,  828957 sec) PistonMoveAbsWTO()    032->050 033 034 035 036 [30sec, 12.1Volts, 0.790Amps, CPT:937sec]
(Nov 23 2021 15:02:13,  828997 sec) PistonMoveAbsWTO()    036->050 037 038 039 040 [30sec, 11.8Volts, 0.762Amps, CPT:967sec]
(Nov 23 2021 15:02:53,  829037 sec) PistonMoveAbsWTO()    040->050 041 042 043 044 [30sec, 11.6Volts, 0.786Amps, CPT:997sec]
(Nov 23 2021 15:04:09,  829113 sec) Profile()            Sample 0 initiated at 2000.6dbars for bin 0 [2000dbars].  PTS/O2,T2,TPhase,RPhase,RawTemp/FSig,BbSig,TSig: 1998.8dbars 3.2261C 35.3324PSU / 94.7uM 3.239C 50.676 8.316 794.644 /   59  108  573
(Nov 23 2021 15:04:10,  829114 sec) PistonMoveAbsWTO()    044->050 045 046 047 048 [30sec, 11.7Volts, 0.774Amps, CPT:1027sec]
(Nov 23 2021 15:06:15,  829238 sec) Sbe41cpStartCP()     Continuous profile started.
(Nov 23 2021 15:06:15,  829239 sec) PistonMoveAbsWTO()    048->050 049 050 [12sec, 11.9Volts, 0.798Amps, CPT:1039sec]
(Nov 23 2021 15:21:17,  830141 sec) Profile()            Sample 1 initiated at 1901.9dbars for bin 1 [1900dbars].  PTS/O2,T2,TPhase,RPhase,RawTemp/FSig,BbSig,TSig: 1901.6dbars 3.5524C 35.3577PSU / 88.0uM 3.565C 51.190 8.321 785.345 /   56  109  573
(Nov 23 2021 15:39:59,  831263 sec) Profile()            Sample 2 initiated at 1801.5dbars for bin 2 [1800dbars].  PTS/O2,T2,TPhase,RPhase,RawTemp/FSig,BbSig,TSig: 1801.2dbars 3.8995C 35.3854PSU / 80.3uM 3.910C 51.833 8.319 775.469 /   58  105  572
(Nov 23 2021 15:46:14,  831638 sec) AscentControlAgent(  Bouyancy nudge to 60 (v=0.077dbar/sec).
(Nov 23 2021 15:46:14,  831638 sec) PistonMoveAbsWTO()    050->060 051 052 053 054 [30sec, 12.7Volts, 0.753Amps, CPT:1069sec]
(Nov 23 2021 15:46:54,  831678 sec) PistonMoveAbsWTO()    054->060 055 056 057 058 [30sec, 12.3Volts, 0.729Amps, CPT:1099sec]
(Nov 23 2021 15:47:34,  831718 sec) PistonMoveAbsWTO()    058->060 059 060 [9sec, 12.2Volts, 0.721Amps, CPT:1108sec]
(Nov 23 2021 15:58:12,  832356 sec) Profile()            Sample 3 initiated at 1701.7dbars for bin 3 [1700dbars].  PTS/O2,T2,TPhase,RPhase,RawTemp/FSig,BbSig,TSig: 1701.4dbars 4.3303C 35.4207PSU / 67.4uM 4.340C 53.071 8.321 763.068 /   59  111  572
(Nov 23 2021 16:17:16,  833500 sec) Profile()            Sample 4 initiated at 1601.3dbars for bin 4 [1600dbars].  PTS/O2,T2,TPhase,RPhase,RawTemp/FSig,BbSig,TSig: 1601.0dbars 4.8027C 35.4626PSU / 56.7uM 4.814C 54.165 8.321 749.362 /   58  113  571
(Nov 23 2021 16:21:39,  833763 sec) AscentControlAgent(  Bouyancy nudge to 70 (v=0.077dbar/sec).
(Nov 23 2021 16:21:39,  833763 sec) PistonMoveAbsWTO()    060->070 061 062 063 064 [30sec, 12.9Volts, 0.665Amps, CPT:1138sec]
(Nov 23 2021 16:22:19,  833803 sec) PistonMoveAbsWTO()    064->070 065 066 067 068 069 [30sec, 12.6Volts, 0.665Amps, CPT:1168sec]
(Nov 23 2021 16:22:59,  833843 sec) PistonMoveAbsWTO()    069->070 070 [7sec, 12.3Volts, 0.665Amps, CPT:1175sec]
(Nov 23 2021 16:35:16,  834580 sec) Profile()            Sample 5 initiated at 1501.7dbars for bin 5 [1500dbars].  PTS/O2,T2,TPhase,RPhase,RawTemp/FSig,BbSig,TSig: 1501.4dbars 5.3599C 35.5111PSU / 45.9uM 5.371C 55.352 8.326 733.113 /   59  112  570
(Nov 23 2021 16:51:55,  835579 sec) AscentControlAgent(  Bouyancy nudge to 80 (v=0.078dbar/sec).
(Nov 23 2021 16:51:55,  835579 sec) PistonMoveAbsWTO()    070->080 071 072 073 074 [30sec, 12.9Volts, 0.592Amps, CPT:1205sec]
(Nov 23 2021 16:52:35,  835619 sec) PistonMoveAbsWTO()    074->080 075 076 077 078 079 [30sec, 12.6Volts, 0.604Amps, CPT:1235sec]
(Nov 23 2021 16:53:15,  835659 sec) PistonMoveAbsWTO()    079->080 080 [5sec, 12.5Volts, 0.608Amps, CPT:1240sec]
(Nov 23 2021 16:54:45,  835749 sec) Profile()            Sample 6 initiated at 1401.7dbars for bin 6 [1400dbars].  PTS/O2,T2,TPhase,RPhase,RawTemp/FSig,BbSig,TSig: 1401.4dbars 6.0449C 35.5713PSU / 34.4uM 6.055C 56.734 8.331 713.026 /   58  113  569
(Nov 23 2021 17:02:45,  836229 sec) Profile()            Sample 7 initiated at 1351.2dbars for bin 7 [1350dbars].  PTS/O2,T2,TPhase,RPhase,RawTemp/FSig,BbSig,TSig: 1350.9dbars 6.3167C 35.5955PSU / 30.1uM 6.331C 57.306 8.331 704.884 /   57  112  569
(Nov 23 2021 17:10:43,  836707 sec) Profile()            Sample 8 initiated at 1301.2dbars for bin 8 [1300dbars].  PTS/O2,T2,TPhase,RPhase,RawTemp/FSig,BbSig,TSig: 1300.9dbars 6.6327C 35.6277PSU / 25.8uM 6.648C 57.887 8.333 695.474 /   57  114  568
(Nov 23 2021 17:19:03,  837207 sec) Profile()            Sample 9 initiated at 1251.3dbars for bin 9 [1250dbars].  PTS/O2,T2,TPhase,RPhase,RawTemp/FSig,BbSig,TSig: 1251.0dbars 6.9412C 35.6611PSU / 23.1uM 6.956C 58.253 8.330 686.302 /   59  113  568


(Nov 23 2021 17:28:34) LogSize()            Log file is 38939 bytes.  Limit is 40960 bytes.

(Nov 23 2021 17:28:33,  837777 sec) Profile()            Sample 10 initiated at 1201.6dbars for bin 10 [1200dbars].  PTS/O2,T2,TPhase,RPhase,RawTemp/FSig,BbSig,TSig: 1201.4dbars 7.2664C 35.6964PSU / 19.9uM 7.282C 58.695 8.330 676.566 /   58  111  567
(Nov 23 2021 17:32:36,  838020 sec) AscentControlAgent(  Bouyancy nudge to 90 (v=0.076dbar/sec).
(Nov 23 2021 17:32:36,  838020 sec) PistonMoveAbsWTO()    080->090 081 082 083 084 [30sec, 13.1Volts, 0.532Amps, CPT:1270sec]
(Nov 23 2021 17:33:16,  838060 sec) PistonMoveAbsWTO()    084->090 085 086 087 088 089 [30sec, 12.9Volts, 0.520Amps, CPT:1300sec]
(Nov 23 2021 17:33:56,  838100 sec) PistonMoveAbsWTO()    089->090 090 [3sec, 12.6Volts, 0.520Amps, CPT:1303sec]
(Nov 23 2021 17:38:16,  838360 sec) Profile()            Sample 11 initiated at 1151.9dbars for bin 11 [1150dbars].  PTS/O2,T2,TPhase,RPhase,RawTemp/FSig,BbSig,TSig: 1151.6dbars 7.5307C 35.7187PSU / 16.3uM 7.552C 59.256 8.330 668.492 /   58  116  566
(Nov 23 2021 17:47:24,  838908 sec) Profile()            Sample 12 initiated at 1101.2dbars for bin 12 [1100dbars].  PTS/O2,T2,TPhase,RPhase,RawTemp/FSig,BbSig,TSig: 1100.9dbars 7.9272C 35.7591PSU / 12.8uM 7.945C 59.809 8.329 656.659 /   58  115  566
(Nov 23 2021 17:56:14,  839438 sec) Profile()            Sample 13 initiated at 1051.8dbars for bin 13 [1050dbars].  PTS/O2,T2,TPhase,RPhase,RawTemp/FSig,BbSig,TSig: 1051.5dbars 8.2936C 35.7992PSU / 10.0uM 8.316C 60.262 8.328 645.445 /   57  115  565
(Nov 23 2021 18:05:10,  839974 sec) Profile()            Sample 14 initiated at 1001.8dbars for bin 14 [1000dbars].  PTS/O2,T2,TPhase,RPhase,RawTemp/FSig,BbSig,TSig: 1001.5dbars 8.6545C 35.8391PSU / 7.8uM 8.675C 60.622 8.328 634.557 /   58  115  565

<EOT>
