(Nov 14 2019 23:08:02,  864580 sec) TelemetryInit()      Profile 152. (Apf9i FwRev: 061016)
(Nov 14 2019 23:15:04,  865002 sec) AirSystem()          Battery [188cnt, 14.6V]  Current [73cnt, 294.1mA]  Barometer [127cnt, 6.8"Hg]  Run-Time [50s]
(Nov 14 2019 23:15:49,  865047 sec) GetSurfaceObs()      P/O2,T2,TPhase,RPhase,RawTemp/FSig,BbSig,TSig: -0.6dbars / 239.6uM 25.456C 29.715 8.964 96.962 / 197,211,535
(Nov 14 2019 23:15:57,  865055 sec) GpsServices()        GPS almanac is current.
(Nov 14 2019 23:15:57,  865055 sec) GpsServices()        Initiating GPS fix acquisition.
(Nov 14 2019 23:16:20,  865078 sec) gga()                $GPGGA,231540,1841.1425,N,06719.5494,E,0,00,,,M,,M,,*57
(Nov 14 2019 23:16:25,  865083 sec) gga()                $GPGGA,231600,1841.1425,N,06719.5494,E,0,00,,,M,,M,,*50
(Nov 14 2019 23:16:36,  865094 sec) gga()                $GPGGA,231600,1841.1425,N,06719.5494,E,0,00,,,M,,M,,*50
(Nov 14 2019 23:16:47,  865105 sec) gga()                $GPGGA,231610,1841.1425,N,06719.5494,E,0,00,,,M,,M,,*51
(Nov 14 2019 23:17:29,  865148 sec) gga()                $GPGGA,231620,1832.0688,N,06726.9637,E,1,05,1.5,2.2,M,-62.6,M,,*68
(Nov 14 2019 23:17:30,  865148 sec) GpsServices()        Profile 152 GPS fix obtained in 92 seconds.
(Nov 14 2019 23:17:30,  865148 sec) GpsServices()                  lon     lat mm/dd/yyyy hhmmss nsat
(Nov 14 2019 23:17:30,  865148 sec) GpsServices()        Fix:   67.449  18.534 11/14/2019 231620    5
(Nov 14 2019 23:18:14,  865192 sec) gga()                $GPGGA,231710,1832.0641,N,06726.9566,E,1,09,0.8,0.2,M,-62.6,M,,*6A
(Nov 14 2019 23:18:22,  865200 sec) gga()                $GPGGA,231800,1832.0595,N,06726.9492,E,1,09,0.8,0.3,M,-62.6,M,,*65
(Nov 14 2019 23:18:22,  865200 sec) GpsServices()        APF9 RTC skew (22s) OK.
(Nov 14 2019 23:18:23,  865201 sec) GpsServices()        GPS services complete.
(Nov 14 2019 23:18:48,  865226 sec) CLogin()             Connecting to primary host.
(Nov 14 2019 23:18:59,  865237 sec) CLogin()             Connection 1 established in 11 seconds.
(Nov 14 2019 23:19:19,  865257 sec) login()              Login successful.
(Nov 14 2019 23:19:22,  865261 sec) CLogin()             Logged in to host.  [Login required 23 seconds]
(Nov 14 2019 23:19:34,  865272 sec) RxConfig()           Downloading "mission.cfg" from host.
(Nov 14 2019 23:19:37,  865275 sec) Rx()                 Initiating transfer. [0x43]
(Nov 14 2019 23:19:44,  865282 sec) Rx()                 Truncated packet received - retrying.
(Nov 14 2019 23:19:45,  865283 sec) RxStartByte()        Sync errors encountered: 409
(Nov 14 2019 23:19:49,  865287 sec) Rx()                 Pad character [0x1a] found in ascii mode - truncating packet.
(Nov 14 2019 23:19:54,  865292 sec) Rx()                 Received EOT - transfer complete. [1 packets, 1024 bytes, 17 sec, 60.2 bps]
(Nov 14 2019 23:19:54,  865292 sec) RxConfig()           Download successful.
(Nov 14 2019 23:20:17,  865315 sec) WriteVitals()        Writing vitals to "7827.152.msg".
(Nov 14 2019 23:20:33,  865331 sec) UpLoadFile()         Uploading "7827.152.msg" to host as "7827.152.msg".
(Nov 14 2019 23:20:36,  865334 sec) Tx()                 CRC negotiation successful. [16-bit CRC]
(Nov 14 2019 23:21:26,  865384 sec) TxPacket()           NAK received - resending packet. [PktNum=0x08]
(Nov 14 2019 23:21:26,  865384 sec) TxPacket()           Packet xmit history: [00000001] (0:ok, 1:fail).
(Nov 14 2019 23:21:38,  865396 sec) TxPacket()           NAK received - resending packet. [PktNum=0x09]
(Nov 14 2019 23:21:38,  865396 sec) TxPacket()           Packet xmit history: [00000101] (0:ok, 1:fail).
(Nov 14 2019 23:22:48,  865466 sec) TxPacket()           NAK received - resending packet. [PktNum=0x14]
(Nov 14 2019 23:22:48,  865466 sec) TxPacket()           Packet xmit history: [00000001] (0:ok, 1:fail).
(Nov 14 2019 23:23:06,  865484 sec) TxPacket()           NAK received - resending packet. [PktNum=0x16]
(Nov 14 2019 23:23:06,  865485 sec) TxPacket()           Packet xmit history: [00001001] (0:ok, 1:fail).
(Nov 14 2019 23:23:24,  865502 sec) TxPacket()           NAK received - resending packet. [PktNum=0x18]
(Nov 14 2019 23:23:25,  865503 sec) TxPacket()           Packet xmit history: [01001001] (0:ok, 1:fail).
(Nov 14 2019 23:23:43,  865521 sec) TxPacket()           NAK received - resending packet. [PktNum=0x1a]
(Nov 14 2019 23:23:43,  865521 sec) TxPacket()           Packet xmit history: [01001001] (0:ok, 1:fail).
(Nov 14 2019 23:24:25,  865563 sec) TxPacket()           NAK received - resending packet. [PktNum=0x20]
(Nov 14 2019 23:24:26,  865564 sec) TxPacket()           Packet xmit history: [10000001] (0:ok, 1:fail).
(Nov 14 2019 23:25:02,  865600 sec) Tx()                 Transmission completed successfully [37 packets, 36865 bytes, 265 sec, 143.0 bps]
(Nov 14 2019 23:25:02,  865600 sec) UpLoadFile()         Upload successful.
(Nov 14 2019 23:25:12,  865610 sec) UpLoadFile()         Uploading "7827.152.log" to host as "7827.152.log".
(Nov 14 2019 23:25:18,  865616 sec) Tx()                 CRC negotiation successful. [16-bit CRC]
(Nov 14 2019 23:25:28,  865626 sec) TxPacket()           NAK received - resending packet. [PktNum=0x01]
(Nov 14 2019 23:25:29,  865627 sec) TxPacket()           Packet xmit history: [10000001] (0:ok, 1:fail).
(Nov 14 2019 23:26:07,  865665 sec) TxPacket()           NAK received - resending packet. [PktNum=0x06]
(Nov 14 2019 23:26:07,  865665 sec) TxPacket()           Packet xmit history: [01000001] (0:ok, 1:fail).
(Nov 14 2019 23:27:04,  865722 sec) TxPacket()           NAK received - resending packet. [PktNum=0x0e]
(Nov 14 2019 23:27:04,  865722 sec) TxPacket()           Packet xmit history: [00000001] (0:ok, 1:fail).
(Nov 14 2019 23:27:12,  865730 sec) TxPacket()           NAK received - resending packet. [PktNum=0x0e]
(Nov 14 2019 23:27:13,  865731 sec) TxPacket()           Packet xmit history: [00000011] (0:ok, 1:fail).
(Nov 14 2019 23:27:18,  865736 sec) TxPacket()           NAK received - resending packet. [PktNum=0x0e]
(Nov 14 2019 23:27:18,  865736 sec) TxPacket()           Packet xmit history: [00000111] (0:ok, 1:fail).
(Nov 14 2019 23:27:24,  865742 sec) TxPacket()           NAK received - resending packet. [PktNum=0x0e]
(Nov 14 2019 23:27:24,  865742 sec) TxPacket()           Packet xmit history: [00001111] (0:ok, 1:fail).
(Nov 14 2019 23:28:11,  865789 sec) TxPacket()           NAK received - resending packet. [PktNum=0x17]
(Nov 14 2019 23:28:12,  865790 sec) TxPacket()           Packet xmit history: [00000001] (0:ok, 1:fail).
(Nov 14 2019 23:28:18,  865796 sec) TxPacket()           NAK received - resending packet. [PktNum=0x17]
(Nov 14 2019 23:28:18,  865796 sec) TxPacket()           Packet xmit history: [00000011] (0:ok, 1:fail).
(Nov 14 2019 23:29:57,  865895 sec) Tx()                 Transmission completed successfully [38 packets, 35083 bytes, 278 sec, 127.1 bps]
(Nov 14 2019 23:29:58,  865896 sec) UpLoadFile()         Upload successful.
(Nov 14 2019 23:30:08,  865906 sec) UpLoad()             Files successfully uploaded: 2
(Nov 14 2019 23:30:08,  865906 sec) UpLoad()             Upload complete.
(Nov 14 2019 23:30:12,  865910 sec) logout()             Log-out successful.
(Nov 14 2019 23:30:13,  865911 sec) Telemetry()          Telemetry cycle complete: PrfId=152 ConnectionAttempts=1  Connections=1
(Nov 14 2019 23:30:14,  865912 sec) TelemetryTerminate(  Parsing new mission configuration.
(Nov 14 2019 23:30:16,  865914 sec) configure()          Parsing configurators in "mission.cfg".
(Nov 14 2019 23:30:24,  865922 sec) configure()             TelemetryRetry(15)          [0x7BBC] [TelemetryRetry(15)].
(Nov 14 2019 23:30:24,  865922 sec) configure()          Configuration CRCs and syntax OK.
(Nov 14 2019 23:30:24,  865923 sec) ConfigSupervisor()   Configuration accepted.
(Nov 14 2019 23:30:25,  865923 sec) TelemetryTerminate(  Reconditioning the file system.
(Nov 14 2019 23:30:41,      11 sec) DescentInit()        Deep profile 153 initiated at mission-time 865928sec.
(Nov 14 2019 23:30:43,      13 sec) DescentInit()        Surface pressure: -0.5dbars.
(Nov 14 2019 23:30:48,      18 sec) PistonMoveAbsWTO()    197->075 196 195 194 193 192 191 190 189 188 187 186 185 184 183 182 181 180 179 178 177 176 175 174 173 172 171 170 169 168 167 166 165 164 163 162 161 160 159 158 157 156 155 154 153 152 151 150 149 148 147 146 145 144 143 142 141 140 139 138 137 136 135 134 133 132 131 130 129 128 127 126 125 124 123 122 121 120 119 118 117 116 115 114 113 112 111 110 109 108 107 106 105 104 103 102 101 100 099 098 097 096 095 094 093 092 091 090 089 088 087 086 085 084 083 082 081 080 079 078 077 076 075 [620sec, 14.2Volts, 0.161Amps, CPT:620sec]
(Nov 14 2019 23:41:19,     649 sec) Descent()            Pressure: 55.3
(Nov 15 2019 00:30:34,    3604 sec) Descent()            Pressure: 440.9
(Nov 15 2019 01:30:34,    7204 sec) Descent()            Pressure: 775.2
(Nov 15 2019 02:30:34,   10804 sec) Descent()            Pressure: 955.9
(Nov 15 2019 03:30:34,   14404 sec) Descent()            Pressure: 994.6
(Nov 15 2019 04:30:34,   18004 sec) Descent()            Pressure: 996.5
(Nov 15 2019 04:30:34,   18004 sec) ParkInit()           
(Nov 24 2019 11:30:19,  820789 sec) CtdPower()           [ 1011.46,  8.6506, 35.4182]
(Nov 24 2019 11:30:19,  820789 sec) CtdPower()           CTD Power consumption [179VCnt 9ACnt]: 13.876Volts * 0.036Amps = 0.50Watts.
(Nov 24 2019 11:30:20,  820790 sec) ParkTerminate()      Piston Position:75 Vacuum:79 Vq:193 Aq:6 Vsbe:179 Asbe:9 Vflbb:173 Aflbb:12
(Nov 24 2019 11:30:57,  820827 sec) ParkTerminate()      PTS/O2,T2,TPhase,RawTemp: 1011.4dbars 8.6565C 35.4185PSU / 7.5uM 8.675C 60.682 8.236 634.570
(Nov 24 2019 11:30:57,  820827 sec) ParkTerminate()      FLBB FSig, BbSig, TSig: 58, 114, 564
(Nov 24 2019 11:30:58,  820828 sec) GoDeepInit()         Moving piston.
(Nov 24 2019 11:30:58,  820828 sec) PistonMoveAbsWTO()    075->027 074 073 072 071 070 069 068 067 066 065 064 063 062 061 060 059 058 057 056 055 054 053 052 051 050 049 048 047 046 045 044 043 042 041 040 039 038 037 036 035 034 033 032 031 030 029 028 027 [250sec, 13.8Volts, 0.113Amps, CPT:870sec]
(Nov 24 2019 15:10:34,  834004 sec) GoDeep()             Sequence point detected at 2003.0dbar.
(Nov 24 2019 15:10:37,  834007 sec) ProfileInit()        PrfId:153  Pressure:2003.0dbar  pTable[0]:2000dbar
(Nov 24 2019 15:10:47,  834017 sec) PistonMoveAbsWTO()    027->049 028 029 030 031 [30sec, 12.7Volts, 0.762Amps, CPT:900sec]
(Nov 24 2019 15:11:27,  834057 sec) PistonMoveAbsWTO()    031->049 032 033 034 035 036 [30sec, 12.6Volts, 0.766Amps, CPT:930sec]
(Nov 24 2019 15:12:07,  834097 sec) PistonMoveAbsWTO()    036->049 037 038 039 040 [30sec, 12.6Volts, 0.794Amps, CPT:960sec]
(Nov 24 2019 15:14:10,  834220 sec) Sbe41cpStartCP()     Continuous profile started.
(Nov 24 2019 15:14:26,  834236 sec) Profile()            Sample 0 initiated at 2000.0dbars for bin 0 [2000dbars].  PTS/O2,T2,TPhase,RPhase,RawTemp/FSig,BbSig,TSig: 1993.8dbars 3.1959C 34.8941PSU / 100.6uM 3.208C 50.139 8.322 795.529 /   56  112  573
(Nov 24 2019 15:14:27,  834237 sec) PistonMoveAbsWTO()    040->049 041 042 043 044 [30sec, 12.6Volts, 0.802Amps, CPT:990sec]
(Nov 24 2019 15:15:08,  834278 sec) PistonMoveAbsWTO()    044->049 045 046 047 048 [30sec, 12.5Volts, 0.790Amps, CPT:1020sec]
(Nov 24 2019 15:15:49,  834319 sec) PistonMoveAbsWTO()    048->049 049 [1sec, 12.3Volts, 0.806Amps, CPT:1021sec]
(Nov 24 2019 15:25:45,  834915 sec) AscentControlAgent(  Bouyancy nudge to 59 (v=0.079dbar/sec).
(Nov 24 2019 15:25:46,  834916 sec) PistonMoveAbsWTO()    049->059 050 051 052 053 [30sec, 12.9Volts, 0.786Amps, CPT:1051sec]
(Nov 24 2019 15:26:27,  834957 sec) PistonMoveAbsWTO()    053->059 054 055 056 057 058 [30sec, 12.7Volts, 0.770Amps, CPT:1081sec]
(Nov 24 2019 15:27:08,  834998 sec) PistonMoveAbsWTO()    058->059 059 [7sec, 12.6Volts, 0.790Amps, CPT:1088sec]
(Nov 24 2019 15:30:48,  835218 sec) Profile()            Sample 1 initiated at 1901.2dbars for bin 1 [1900dbars].  PTS/O2,T2,TPhase,RPhase,RawTemp/FSig,BbSig,TSig: 1900.9dbars 3.5125C 34.9192PSU / 92.8uM 3.524C 50.740 8.328 786.508 /   58  118  573
(Nov 24 2019 15:46:43,  836173 sec) Profile()            Sample 2 initiated at 1801.3dbars for bin 2 [1800dbars].  PTS/O2,T2,TPhase,RPhase,RawTemp/FSig,BbSig,TSig: 1801.0dbars 3.9206C 34.9539PSU / 82.4uM 3.930C 51.609 8.327 774.897 /   57  113  572
(Nov 24 2019 16:03:09,  837159 sec) Profile()            Sample 3 initiated at 1701.0dbars for bin 3 [1700dbars].  PTS/O2,T2,TPhase,RPhase,RawTemp/FSig,BbSig,TSig: 1700.7dbars 4.3916C 34.9973PSU / 69.2uM 4.402C 52.844 8.329 761.291 /   57  114  571
(Nov 24 2019 16:21:12,  838242 sec) Profile()            Sample 4 initiated at 1601.5dbars for bin 4 [1600dbars].  PTS/O2,T2,TPhase,RPhase,RawTemp/FSig,BbSig,TSig: 1601.2dbars 4.9205C 35.0465PSU / 56.3uM 4.931C 54.170 8.333 745.941 /   57  114  571
(Nov 24 2019 16:31:48,  838878 sec) AscentControlAgent(  Bouyancy nudge to 69 (v=0.079dbar/sec).
(Nov 24 2019 16:31:49,  838879 sec) PistonMoveAbsWTO()    059->069 060 061 062 063 [30sec, 13.2Volts, 0.657Amps, CPT:1118sec]
(Nov 24 2019 16:32:30,  838920 sec) PistonMoveAbsWTO()    063->069 064 065 066 067 068 [30sec, 13.0Volts, 0.661Amps, CPT:1148sec]
(Nov 24 2019 16:33:11,  838961 sec) PistonMoveAbsWTO()    068->069 069 [3sec, 13.0Volts, 0.657Amps, CPT:1151sec]
(Nov 24 2019 16:39:52,  839362 sec) Profile()            Sample 5 initiated at 1501.8dbars for bin 5 [1500dbars].  PTS/O2,T2,TPhase,RPhase,RawTemp/FSig,BbSig,TSig: 1501.5dbars 5.5609C 35.1083PSU / 42.2uM 5.571C 55.788 8.336 727.250 /   57  121  570
(Nov 24 2019 16:52:08,  840098 sec) AscentControlAgent(  Bouyancy nudge to 79 (v=0.079dbar/sec).
(Nov 24 2019 16:52:09,  840099 sec) PistonMoveAbsWTO()    069->079 070 071 072 073 [30sec, 13.3Volts, 0.604Amps, CPT:1181sec]
(Nov 24 2019 16:52:50,  840140 sec) PistonMoveAbsWTO()    073->079 074 075 076 077 078 [30sec, 13.1Volts, 0.608Amps, CPT:1211sec]
(Nov 24 2019 16:53:31,  840181 sec) PistonMoveAbsWTO()    078->079 079 [2sec, 13.1Volts, 0.608Amps, CPT:1213sec]
(Nov 24 2019 16:58:31,  840481 sec) Profile()            Sample 6 initiated at 1401.7dbars for bin 6 [1400dbars].  PTS/O2,T2,TPhase,RPhase,RawTemp/FSig,BbSig,TSig: 1401.4dbars 6.2110C 35.1684PSU / 31.7uM 6.227C 57.084 8.338 707.943 /   58  113  569
(Nov 24 2019 17:06:39,  840969 sec) Profile()            Sample 7 initiated at 1351.9dbars for bin 7 [1350dbars].  PTS/O2,T2,TPhase,RPhase,RawTemp/FSig,BbSig,TSig: 1351.6dbars 6.5051C 35.1997PSU / 26.5uM 6.522C 57.810 8.340 699.227 /   59  117  568
(Nov 24 2019 17:14:39,  841449 sec) Profile()            Sample 8 initiated at 1301.5dbars for bin 8 [1300dbars].  PTS/O2,T2,TPhase,RPhase,RawTemp/FSig,BbSig,TSig: 1301.2dbars 6.8264C 35.2329PSU / 22.6uM 6.844C 58.353 8.343 689.649 /   59  116  568
(Nov 24 2019 17:22:27,  841917 sec) Profile()            Sample 9 initiated at 1251.0dbars for bin 9 [1250dbars].  PTS/O2,T2,TPhase,RPhase,RawTemp/FSig,BbSig,TSig: 1250.7dbars 7.0746C 35.2557PSU / 21.0uM 7.090C 58.566 8.339 682.315 /   57  115  567
(Nov 24 2019 17:30:37,  842407 sec) Profile()            Sample 10 initiated at 1201.9dbars for bin 10 [1200dbars].  PTS/O2,T2,TPhase,RPhase,RawTemp/FSig,BbSig,TSig: 1201.7dbars 7.3556C 35.2849PSU / 18.7uM 7.371C 58.891 8.338 673.894 /   59  116  567
(Nov 24 2019 17:40:57,  843027 sec) Profile()            Sample 11 initiated at 1151.3dbars for bin 11 [1150dbars].  PTS/O2,T2,TPhase,RPhase,RawTemp/FSig,BbSig,TSig: 1151.1dbars 7.6182C 35.3100PSU / 16.2uM 7.635C 59.261 8.335 665.987 /   58  113  566
(Nov 24 2019 17:43:09,  843159 sec) AscentControlAgent(  Bouyancy nudge to 89 (v=0.071dbar/sec).
(Nov 24 2019 17:43:10,  843160 sec) PistonMoveAbsWTO()    079->089 080 081 082 083 084 [30sec, 13.4Volts, 0.528Amps, CPT:1243sec]
(Nov 24 2019 17:43:50,  843200 sec) PistonMoveAbsWTO()    084->089 085 086 087 088 [30sec, 13.3Volts, 0.512Amps, CPT:1273sec]
(Nov 24 2019 17:44:30,  843240 sec) PistonMoveAbsWTO()    088->089 089 [2sec, 13.3Volts, 0.520Amps, CPT:1275sec]
(Nov 24 2019 17:50:19,  843590 sec) Profile()            Sample 12 initiated at 1101.9dbars for bin 12 [1100dbars].  PTS/O2,T2,TPhase,RPhase,RawTemp/FSig,BbSig,TSig: 1101.7dbars 7.9615C 35.3483PSU / 13.2uM 7.986C 59.732 8.334 655.417 /   59  113  566
(Nov 24 2019 17:59:29,  844139 sec) Profile()            Sample 13 initiated at 1051.3dbars for bin 13 [1050dbars].  PTS/O2,T2,TPhase,RPhase,RawTemp/FSig,BbSig,TSig: 1051.1dbars 8.3215C 35.3854PSU / 10.5uM 8.346C 60.158 8.335 644.541 /   60  119  565
(Nov 24 2019 18:09:29,  844739 sec) Profile()            Sample 14 initiated at 1001.8dbars for bin 14 [1000dbars].  PTS/O2,T2,TPhase,RPhase,RawTemp/FSig,BbSig,TSig: 1001.6dbars 8.6697C 35.4192PSU / 7.8uM 8.690C 60.618 8.337 634.108 /   58  119  565
(Nov 24 2019 18:13:42,  844992 sec) AscentControlAgent(  Bouyancy nudge to 99 (v=0.079dbar/sec).
(Nov 24 2019 18:13:42,  844992 sec) PistonMoveAbsWTO()    089->099 090 091 092 093 094 [30sec, 13.5Volts, 0.451Amps, CPT:1305sec]
(Nov 24 2019 18:14:22,  845032 sec) PistonMoveAbsWTO()    094->099 095 096 097 098 099 [30sec, 13.4Volts, 0.459Amps, CPT:1335sec]
(Nov 24 2019 18:26:37,  845767 sec) Profile()            Sample 16 initiated at 901.9dbars for bin 16 [900dbars].  PTS/O2,T2,TPhase,RPhase,RawTemp/FSig,BbSig,TSig: 901.6dbars 9.4359C 35.5018PSU / 4.0uM 9.461C 61.298 8.350 610.572 /   58  134  564
(Nov 24 2019 18:49:20,  847130 sec) AscentControlAgent(  Bouyancy nudge to 109 (v=0.077dbar/sec).
(Nov 24 2019 18:49:20,  847130 sec) PistonMoveAbsWTO()    099->109 100 101 102 103 104 [30sec, 13.6Volts, 0.407Amps, CPT:1365sec]
(Nov 24 2019 18:50:00,  847170 sec) PistonMoveAbsWTO()    104->109 105 106 107 108 109 [29sec, 13.6Volts, 0.399Amps, CPT:1394sec]
(Nov 24 2019 19:03:04,  847954 sec) Profile()            Sample 20 initiated at 701.0dbars for bin 20 [700dbars].  PTS/O2,T2,TPhase,RPhase,RawTemp/FSig,BbSig,TSig: 700.8dbars 10.8918C 35.6278PSU / 1.6uM 10.922C 61.665 8.421 565.480 /   56  106  561
(Nov 24 2019 19:30:07,  849577 sec) AscentControlAgent(  Bouyancy nudge to 119 (v=0.080dbar/sec).
(Nov 24 2019 19:30:07,  849577 sec) PistonMoveAbsWTO()    109->119 110 111 112 113 114 [30sec, 13.7Volts, 0.334Amps, CPT:1424sec]
(Nov 24 2019 19:31:03,  849633 sec) PistonMoveAbsWTO()    114->119 115 116 117 118 119 [27sec, 13.7Volts, 0.338Amps, CPT:1451sec]
(Nov 24 2019 19:39:57,  850167 sec) Profile()            Sample 24 initiated at 501.7dbars for bin 24 [500dbars].  PTS/O2,T2,TPhase,RPhase,RawTemp/FSig,BbSig,TSig: 501.5dbars 12.2838C 35.7476PSU / 1.1uM 12.315C 61.665 8.496 521.910 /   57  115  559
(Nov 24 2019 20:05:40,  851710 sec) AscentControlAgent(  Bouyancy nudge to 129 (v=0.068dbar/sec).
(Nov 24 2019 20:05:40,  851710 sec) PistonMoveAbsWTO()    119->129 120 121 122 123 124 [30sec, 13.9Volts, 0.282Amps, CPT:1481sec]
(Nov 24 2019 20:06:20,  851750 sec) PistonMoveAbsWTO()    124->129 125 126 127 128 129 [26sec, 13.8Volts, 0.278Amps, CPT:1507sec]
(Nov 24 2019 20:12:58,  852148 sec) Profile()            Sample 28 initiated at 331.7dbars for bin 28 [330dbars].  PTS/O2,T2,TPhase,RPhase,RawTemp/FSig,BbSig,TSig: 331.4dbars 14.0226C 35.9245PSU / 1.0uM 14.050C 61.562 8.538 466.977 /   58  139  557
(Nov 24 2019 20:31:12,  853242 sec) AscentControlAgent(  Bouyancy nudge to 139 (v=0.067dbar/sec).
(Nov 24 2019 20:31:12,  853242 sec) PistonMoveAbsWTO()    129->139 130 131 132 133 134 [30sec, 14.0Volts, 0.230Amps, CPT:1537sec]
(Nov 24 2019 20:32:07,  853297 sec) Profile()            Sample 32 initiated at 240.4dbars for bin 32 [240dbars].  PTS/O2,T2,TPhase,RPhase,RawTemp/FSig,BbSig,TSig: 240.2dbars 15.3123C 35.9429PSU / 0.9uM 15.325C 61.486 8.584 426.166 /   59  157  555
(Nov 24 2019 20:32:08,  853298 sec) PistonMoveAbsWTO()    134->139 135 136 137 138 139 [24sec, 13.9Volts, 0.238Amps, CPT:1561sec]
(Nov 24 2019 20:36:21,  853551 sec) AscentControlAgent(  Bouyancy nudge to 149 (v=0.073dbar/sec).
(Nov 24 2019 20:36:21,  853551 sec) PistonMoveAbsWTO()    139->149 140 141 142 143 144 [30sec, 13.9Volts, 0.226Amps, CPT:1591sec]
(Nov 24 2019 20:37:01,  853591 sec) PistonMoveAbsWTO()    144->149 145 146 147 148 149 [25sec, 13.9Volts, 0.226Amps, CPT:1616sec]
(Nov 24 2019 20:41:53,  853883 sec) Profile()            Sample 36 initiated at 181.3dbars for bin 36 [180dbars].  PTS/O2,T2,TPhase,RPhase,RawTemp/FSig,BbSig,TSig: 181.0dbars 16.8215C 35.8985PSU / 0.8uM 16.848C 61.388 8.714 377.069 /   59  167  553
(Nov 24 2019 20:48:56,  854306 sec) Profile()            Sample 40 initiated at 141.7dbars for bin 40 [140dbars].  PTS/O2,T2,TPhase,RPhase,RawTemp/FSig,BbSig,TSig: 141.6dbars 18.3598C 35.8917PSU / 0.8uM 18.383C 61.283 8.774 327.249 /   56  124  551
(Nov 24 2019 20:51:39,  854469 sec) AscentControlAgent(  Bouyancy nudge to 159 (v=0.038dbar/sec).
(Nov 24 2019 20:51:39,  854469 sec) PistonMoveAbsWTO()    149->159 150 151 152 153 154 [30sec, 14.0Volts, 0.201Amps, CPT:1646sec]
(Nov 24 2019 20:52:19,  854509 sec) PistonMoveAbsWTO()    154->159 155 156 157 158 159 [24sec, 14.0Volts, 0.201Amps, CPT:1670sec]
(Nov 24 2019 20:57:05,  854795 sec) Profile()            Sample 44 initiated at 101.3dbars for bin 44 [100dbars].  PTS/O2,T2,TPhase,RPhase,RawTemp/FSig,BbSig,TSig: 101.0dbars 20.8629C 36.0895PSU / 12.1uM 20.865C 57.823 8.800 246.349 /   57  113  548
(Nov 24 2019 21:09:00,  855510 sec) Profile()            Sample 48 initiated at 62.0dbars for bin 48 [60dbars].  PTS/O2,T2,TPhase,RPhase,RawTemp/FSig,BbSig,TSig: 61.9dbars 23.8384C 36.3799PSU / 89.8uM 23.847C 42.118 8.933 149.138 /   79  125  543
(Nov 24 2019 21:12:03,  855693 sec) AscentControlAgent(  Bouyancy nudge to 164 (v=0.038dbar/sec).
(Nov 24 2019 21:12:03,  855693 sec) PistonMoveAbsWTO()    159->164 160 161 162 163 164 [26sec, 14.1Volts, 0.181Amps, CPT:1696sec]
(Nov 24 2019 21:17:00,  855990 sec) Profile()            Sample 52 initiated at 36.7dbars for bin 52 [35dbars].  PTS/O2,T2,TPhase,RPhase,RawTemp/FSig,BbSig,TSig: 36.6dbars 25.3329C 36.3643PSU / 126.9uM 25.288C 37.353 8.956 102.393 /  138  152  541
(Nov 24 2019 21:22:05,  856295 sec) AscentControlAgent(  Bouyancy nudge to 169 (v=-0.007dbar/sec).
(Nov 24 2019 21:22:05,  856295 sec) PistonMoveAbsWTO()    164->169 165 166 167 168 169 [26sec, 14.1Volts, 0.181Amps, CPT:1722sec]
(Nov 24 2019 21:27:09,  856599 sec) AscentControlAgent(  Bouyancy nudge to 174 (v=0.027dbar/sec).
(Nov 24 2019 21:27:09,  856599 sec) PistonMoveAbsWTO()    169->174 170 171 172 173 174 [26sec, 14.1Volts, 0.177Amps, CPT:1748sec]
(Nov 24 2019 21:32:18,  856908 sec) AscentControlAgent(  Bouyancy nudge to 179 (v=0.039dbar/sec).
(Nov 24 2019 21:32:18,  856908 sec) PistonMoveAbsWTO()    174->179 175 176 [15sec, 14.1Volts, 0.177Amps, CPT:1763sec]
(Nov 24 2019 21:32:43,  856933 sec) PistonMoveAbsWTO()    176->179 177 178 179 [12sec, 14.1Volts, 0.173Amps, CPT:1775sec]
(Nov 24 2019 21:33:20,  856970 sec) Profile()            Sample 56 initiated at 16.6dbars for bin 56 [15dbars].  PTS/O2,T2,TPhase,RPhase,RawTemp/FSig,BbSig,TSig: 16.4dbars 27.4149C 36.4646PSU / 231.6uM 27.426C 29.339 9.004 33.617 /  146  224  536
(Nov 24 2019 21:34:56,  857066 sec) Profile()            Sample 57 initiated at 11.6dbars for bin 57 [10dbars].  PTS/O2,T2,TPhase,RPhase,RawTemp/FSig,BbSig,TSig: 11.5dbars 27.4373C 36.4669PSU / 233.3uM 27.454C 29.251 9.001 32.720 /  131  214  536
(Nov 24 2019 21:36:42,  857172 sec) Profile()            Sample 58 initiated at 5.6dbars for bin 58 [4dbars].  PTS/O2,T2,TPhase,RPhase,RawTemp/FSig,BbSig,TSig: 5.5dbars 27.4380C 36.4679PSU / 234.6uM 27.457C 29.189 8.998 32.647 /  128  233  535
(Nov 24 2019 21:37:08,  857198 sec) Profile()            Sample 59 initiated at 4.1dbars for bin 58 [4dbars].  PTS/O2,T2,TPhase,RPhase,RawTemp/FSig,BbSig,TSig: 3.9dbars 27.4402C 36.4691PSU / 234.8uM 27.458C 29.177 8.999 32.594 /  170  217  535
(Nov 24 2019 21:37:22,  857212 sec) SurfaceDetect()      SurfacePressure:-0.5dbars Pressure:2.4dbars PistonPosition:179
(Nov 24 2019 21:37:23,  857213 sec) Sbe41cpStopCP()      Continuous profile stopped.
(Nov 24 2019 21:37:30,  857220 sec) PistonMoveAbsWTO()    179->201 180 181 182 183 184 185 186 187 188 189 190 191 192 193 194 195 196 197 198 199 200 201 [114sec, 14.1Volts, 0.161Amps, CPT:1889sec]
(Nov 24 2019 21:39:42,  857352 sec) sbe41cp.c:chat()     Expected string [S>] not received.
(Nov 24 2019 21:42:58,  857548 sec) Sbe41cpBinAverage()  Finished averaging 23021 samples in 191 seconds.
(Nov 24 2019 21:43:03,  857553 sec) Sbe41cpUploadCP()    Sbe41cpSerNo[08355] NSample[23021] NBin[1001]
(Nov 24 2019 21:45:02,  857672 sec) Sbe41cpUploadCP()    Continuous profile uploaded [1001 lines].

<EOT>

<EOT>
