(Jul 06 2021 21:39:13,  861603 sec) TelemetryInit()      Profile 212. (Apf9i FwRev: 061016)
(Jul 06 2021 21:46:12,  862021 sec) AirSystem()          Battery [188cnt, 14.6V]  Current [74cnt, 298.2mA]  Barometer [126cnt, 6.5"Hg]  Run-Time [49s]
(Jul 06 2021 21:47:29,  862098 sec) GetSurfaceObs()      P/O2,T2,TPhase,RPhase,RawTemp/FSig,BbSig,TSig: -0.7dbars / 227.0uM 27.873C 29.395 8.994 19.362 / 66,149,532
(Jul 06 2021 21:47:37,  862107 sec) GpsServices()        Replacing aged (90 days) almanac.
(Jul 06 2021 21:47:37,  862107 sec) UpLoadGpsAlmanac()   Pausing for 15 minutes to upload GPS almanac.
(Jul 06 2021 22:02:37,  863006 sec) UpLoadGpsAlmanac()   Pause complete.
(Jul 06 2021 22:02:37,  863006 sec) GpsServices()        New almanac acquired.
(Jul 06 2021 22:02:37,  863006 sec) GpsServices()        Initiating GPS fix acquisition.
(Jul 06 2021 22:03:27,  863057 sec) gga()                $GPGGA,220220,1737.2470,N,06429.9023,E,1,08,0.9,-2.6,M,-58.8,M,,*40
(Jul 06 2021 22:03:28,  863057 sec) GpsServices()        Profile 212 GPS fix obtained in 51 seconds.
(Jul 06 2021 22:03:28,  863057 sec) GpsServices()                  lon     lat mm/dd/yyyy hhmmss nsat
(Jul 06 2021 22:03:28,  863057 sec) GpsServices()        Fix:   64.498  17.621 07/06/2021 220220    8
(Jul 06 2021 22:04:17,  863107 sec) gga()                $GPGGA,220310,1737.2415,N,06429.9072,E,1,08,0.9,0.6,M,-58.8,M,,*6A
(Jul 06 2021 22:04:25,  863114 sec) gga()                $GPGGA,220400,1737.2366,N,06429.9130,E,1,08,0.9,0.7,M,-58.8,M,,*69
(Jul 06 2021 22:04:25,  863115 sec) GpsServices()        APF9 RTC skew (25s) OK.
(Jul 06 2021 22:04:25,  863115 sec) GpsServices()        GPS services complete.
(Jul 06 2021 22:05:15,  863164 sec) CLogin()             Connecting to primary host.
(Jul 06 2021 22:05:24,  863174 sec) CLogin()             Connection 1 established in 9 seconds.
(Jul 06 2021 22:05:58,  863207 sec) expect()             Attempt to read prompt string [Last login:] failed.
(Jul 06 2021 22:05:58,  863207 sec) login()              Login failed.
(Jul 06 2021 22:06:56,  863265 sec) expect()             Attempt to read prompt string [Password:] failed.
(Jul 06 2021 22:06:56,  863265 sec) login()              Password prompt not received.
(Jul 06 2021 22:07:08,  863278 sec) CLogin()             Connection 2 established in 113 seconds.
(Jul 06 2021 22:07:39,  863308 sec) expect()             Attempt to read prompt string [login:] failed.
(Jul 06 2021 22:07:39,  863308 sec) login()              Login prompt not received.
(Jul 06 2021 22:07:39,  863308 sec) login()              No carrier detected.
(Jul 06 2021 22:07:39,  863308 sec) CLogin()             Attempt to connect to primary host failed after 2 tries.  Connecting to alternate host.
(Jul 06 2021 22:08:00,  863329 sec) CLogin()             Connection 3 established in 165 seconds.
(Jul 06 2021 22:08:30,  863359 sec) expect()             Attempt to read prompt string [login:] failed.
(Jul 06 2021 22:08:30,  863359 sec) login()              Login prompt not received.
(Jul 06 2021 22:09:00,  863389 sec) expect()             Attempt to read prompt string [login:] failed.
(Jul 06 2021 22:09:00,  863389 sec) login()              Login prompt not received.
(Jul 06 2021 22:10:01,  863450 sec) chat()               Expected string [CONNECT] not received.
(Jul 06 2021 22:10:01,  863450 sec) modem_connect()      Modem command [ATDT0013014291790] failed.
(Jul 06 2021 22:10:01,  863450 sec) connect()            Connection attempt failed.
(Jul 06 2021 22:10:01,  863450 sec) CLogin()             Attempt to connect to primary and alternate hosts failed - aborting.
(Jul 06 2021 22:10:02,  863451 sec) DownLoadMissionCfg(  Connect/login failed.  Mission configuration not downloaded from remote host.
(Jul 06 2021 22:10:08,  863457 sec) CLogin()             Connecting to primary host.
(Jul 06 2021 22:10:33,  863482 sec) CLogin()             Connection 4 established in 26 seconds.
(Jul 06 2021 22:11:03,  863512 sec) expect()             Attempt to read prompt string [login:] failed.
(Jul 06 2021 22:11:03,  863512 sec) login()              Login prompt not received.
(Jul 06 2021 22:11:14,  863524 sec) login()              Login successful.
(Jul 06 2021 22:11:17,  863527 sec) CLogin()             Logged in to host.  [Login required 44 seconds]
(Jul 06 2021 22:11:32,  863541 sec) RxConfig()           Downloading "mission.cfg" from host.
(Jul 06 2021 22:11:34,  863544 sec) Rx()                 Initiating transfer. [0x43]
(Jul 06 2021 22:11:39,  863549 sec) RxStartByte()        Sync errors encountered: 419
(Jul 06 2021 22:11:42,  863552 sec) Rx()                 Pad character [0x1a] found in ascii mode - truncating packet.
(Jul 06 2021 22:11:49,  863558 sec) Rx()                 Received EOT - transfer complete. [1 packets, 1024 bytes, 15 sec, 68.3 bps]
(Jul 06 2021 22:11:49,  863558 sec) RxConfig()           Download successful.
(Jul 06 2021 22:12:12,  863581 sec) WriteVitals()        Writing vitals to "7827.212.msg".
(Jul 06 2021 22:12:27,  863596 sec) UpLoadFile()         Uploading "7827.212.log" to host as "7827.212.log".
(Jul 06 2021 22:12:30,  863599 sec) Tx()                 CRC negotiation successful. [16-bit CRC]
(Jul 06 2021 22:12:53,  863622 sec) TxPacket()           NAK received - resending packet. [PktNum=0x03]
(Jul 06 2021 22:12:53,  863622 sec) TxPacket()           Packet xmit history: [11000001] (0:ok, 1:fail).
(Jul 06 2021 22:12:58,  863627 sec) TxPacket()           NAK received - resending packet. [PktNum=0x03]
(Jul 06 2021 22:12:58,  863627 sec) TxPacket()           Packet xmit history: [10000011] (0:ok, 1:fail).
(Jul 06 2021 22:14:09,  863698 sec) TxPacket()           NAK received - resending packet. [PktNum=0x06]
(Jul 06 2021 22:14:09,  863698 sec) TxPacket()           Packet xmit history: [00110001] (0:ok, 1:fail).
(Jul 06 2021 22:14:15,  863705 sec) TxPacket()           NAK received - resending packet. [PktNum=0x06]
(Jul 06 2021 22:14:16,  863705 sec) TxPacket()           Packet xmit history: [01100011] (0:ok, 1:fail).
(Jul 06 2021 22:14:20,  863709 sec) TxPacket()           NAK received - resending packet. [PktNum=0x06]
(Jul 06 2021 22:14:20,  863709 sec) TxPacket()           Packet xmit history: [11000111] (0:ok, 1:fail).
(Jul 06 2021 22:16:17,  863826 sec) TxPacket()           NAK received - resending packet. [PktNum=0x16]
(Jul 06 2021 22:16:17,  863826 sec) TxPacket()           Packet xmit history: [00000001] (0:ok, 1:fail).
(Jul 06 2021 22:16:22,  863831 sec) TxPacket()           NAK received - resending packet. [PktNum=0x16]
(Jul 06 2021 22:16:22,  863831 sec) TxPacket()           Packet xmit history: [00000011] (0:ok, 1:fail).
(Jul 06 2021 22:16:29,  863838 sec) TxPacket()           NAK received - resending packet. [PktNum=0x16]
(Jul 06 2021 22:16:29,  863838 sec) TxPacket()           Packet xmit history: [00000111] (0:ok, 1:fail).
(Jul 06 2021 22:16:33,  863842 sec) TxPacket()           NAK received - resending packet. [PktNum=0x16]
(Jul 06 2021 22:16:33,  863842 sec) TxPacket()           Packet xmit history: [00001111] (0:ok, 1:fail).
(Jul 06 2021 22:16:38,  863847 sec) TxPacket()           NAK received - resending packet. [PktNum=0x16]
(Jul 06 2021 22:16:38,  863847 sec) TxPacket()           Packet xmit history: [00011111] (0:ok, 1:fail).
(Jul 06 2021 22:16:44,  863853 sec) TxPacket()           NAK received - resending packet. [PktNum=0x16]
(Jul 06 2021 22:16:44,  863853 sec) TxPacket()           Packet xmit history: [00111111] (0:ok, 1:fail).
(Jul 06 2021 22:16:51,  863860 sec) TxPacket()           NAK received - resending packet. [PktNum=0x16]
(Jul 06 2021 22:16:51,  863861 sec) TxPacket()           Packet xmit history: [01111111] (0:ok, 1:fail).
(Jul 06 2021 22:16:56,  863865 sec) TxPacket()           NAK received - resending packet. [PktNum=0x16]
(Jul 06 2021 22:16:56,  863865 sec) TxPacket()           Packet xmit history: [11111111] (0:ok, 1:fail).
(Jul 06 2021 22:17:02,  863871 sec) TxPacket()           NAK received - resending packet. [PktNum=0x16]
(Jul 06 2021 22:17:02,  863872 sec) TxPacket()           Packet xmit history: [11111111] (0:ok, 1:fail).
(Jul 06 2021 22:17:12,  863882 sec) TxPacket()           Inval
<EOT>
