(Oct 25 2019 23:06:09,  867081 sec) TelemetryInit()      Profile 150. (Apf9i FwRev: 061016)
(Oct 25 2019 23:13:08,  867500 sec) AirSystem()          Battery [188cnt, 14.6V]  Current [73cnt, 294.1mA]  Barometer [127cnt, 6.8"Hg]  Run-Time [49s]
(Oct 25 2019 23:13:54,  867546 sec) GetSurfaceObs()      P/O2,T2,TPhase,RPhase,RawTemp/FSig,BbSig,TSig: -0.7dbars / 226.4uM 27.534C 29.551 8.932 30.165 / 90,160,533
(Oct 25 2019 23:14:02,  867554 sec) GpsServices()        GPS almanac is current.
(Oct 25 2019 23:14:02,  867554 sec) GpsServices()        Initiating GPS fix acquisition.
(Oct 25 2019 23:14:18,  867570 sec) gga()                $GPGGA,231340,1830.0573,N,06719.2986,E,0,00,,,M,,M,,*5D
(Oct 25 2019 23:14:28,  867581 sec) gga()                $GPGGA,231350,1830.0573,N,06719.2986,E,0,00,,,M,,M,,*5C
(Oct 25 2019 23:14:39,  867592 sec) gga()                $GPGGA,231410,1830.0573,N,06719.2986,E,0,00,,,M,,M,,*5F
(Oct 25 2019 23:14:50,  867602 sec) gga()                $GPGGA,231420,1830.0573,N,06719.2986,E,0,00,,,M,,M,,*5C
(Oct 25 2019 23:15:01,  867613 sec) gga()                $GPGGA,231430,1830.0573,N,06719.2986,E,0,00,,,M,,M,,*5D
(Oct 25 2019 23:15:12,  867624 sec) gga()                $GPGGA,231440,1830.0573,N,06719.2986,E,0,00,,,M,,M,,*5A
(Oct 25 2019 23:16:01,  867673 sec) gga()                $GPGGA,231500,1836.4448,N,06722.7714,E,1,05,1.4,5.7,M,-62.3,M,,*6B
(Oct 25 2019 23:16:01,  867674 sec) GpsServices()        Profile 150 GPS fix obtained in 119 seconds.
(Oct 25 2019 23:16:02,  867674 sec) GpsServices()                  lon     lat mm/dd/yyyy hhmmss nsat
(Oct 25 2019 23:16:02,  867674 sec) GpsServices()        Fix:   67.380  18.607 10/25/2019 231500    5
(Oct 25 2019 23:16:51,  867723 sec) gga()                $GPGGA,231550,1836.4441,N,06722.7691,E,1,06,1.2,3.5,M,-62.3,M,,*6A
(Oct 25 2019 23:16:59,  867731 sec) gga()                $GPGGA,231640,1836.4437,N,06722.7625,E,1,06,1.2,3.7,M,-62.3,M,,*64
(Oct 25 2019 23:16:59,  867731 sec) GpsServices()        APF9 RTC skew (19s) OK.
(Oct 25 2019 23:16:59,  867731 sec) GpsServices()        GPS services complete.
(Oct 25 2019 23:17:25,  867757 sec) CLogin()             Connecting to primary host.
(Oct 25 2019 23:17:44,  867777 sec) CLogin()             Connection 1 established in 19 seconds.
(Oct 25 2019 23:18:24,  867816 sec) expect()             Attempt to read prompt string [Last login:] failed.
(Oct 25 2019 23:18:24,  867816 sec) login()              Login failed.
(Oct 25 2019 23:18:54,  867846 sec) expect()             Attempt to read prompt string [login:] failed.
(Oct 25 2019 23:18:54,  867846 sec) login()              Login prompt not received.
(Oct 25 2019 23:19:13,  867865 sec) CLogin()             Connection 2 established in 108 seconds.
(Oct 25 2019 23:19:57,  867909 sec) expect()             Attempt to read prompt string [Last login:] failed.
(Oct 25 2019 23:19:57,  867909 sec) login()              Login failed.
(Oct 25 2019 23:20:27,  867939 sec) expect()             Attempt to read prompt string [login:] failed.
(Oct 25 2019 23:20:27,  867939 sec) login()              Login prompt not received.
(Oct 25 2019 23:20:27,  867939 sec) CLogin()             Attempt to connect to primary host failed after 2 tries.  Connecting to alternate host.
(Oct 25 2019 23:21:09,  867982 sec) CLogin()             Connection 3 established in 224 seconds.
(Oct 25 2019 23:22:03,  868035 sec) expect()             Attempt to read prompt string [Password:] failed.
(Oct 25 2019 23:22:03,  868035 sec) login()              Password prompt not received.
(Oct 25 2019 23:22:03,  868035 sec) login()              No carrier detected.
(Oct 25 2019 23:22:21,  868053 sec) CLogin()             Connection 4 established in 296 seconds.
(Oct 25 2019 23:22:51,  868083 sec) expect()             Attempt to read prompt string [login:] failed.
(Oct 25 2019 23:22:51,  868083 sec) login()              Login prompt not received.
(Oct 25 2019 23:23:21,  868113 sec) expect()             Attempt to read prompt string [login:] failed.
(Oct 25 2019 23:23:21,  868113 sec) login()              Login prompt not received.
(Oct 25 2019 23:23:21,  868113 sec) CLogin()             Attempt to connect to primary and alternate hosts failed - aborting.
(Oct 25 2019 23:23:21,  868114 sec) DownLoadMissionCfg(  Connect/login failed.  Mission configuration not downloaded from remote host.
(Oct 25 2019 23:23:28,  868120 sec) CLogin()             Connecting to primary host.
(Oct 25 2019 23:23:35,  868127 sec) CLogin()             Connection 5 established in 8 seconds.
(Oct 25 2019 23:23:57,  868149 sec) login()              Login successful.
(Oct 25 2019 23:24:02,  868154 sec) chat()               Expected string [cmd>] not received.
(Oct 25 2019 23:24:02,  868154 sec) login()              Attempt to set the command prompt failed.
(Oct 25 2019 23:24:07,  868159 sec) chat()               Expected string [cmd>] not received.
(Oct 25 2019 23:24:07,  868159 sec) login()              Attempt to set the command prompt failed.
(Oct 25 2019 23:24:12,  868164 sec) CLogin()             Logged in to host.  [Login required 37 seconds]
(Oct 25 2019 23:24:29,  868181 sec) RxConfig()           Downloading "mission.cfg" from host.
(Oct 25 2019 23:24:31,  868183 sec) Rx()                 Initiating transfer. [0x43]
(Oct 25 2019 23:24:40,  868192 sec) RxStartByte()        Sync errors encountered: 651
(Oct 25 2019 23:24:44,  868196 sec) Rx()                 Truncated packet received - retrying.
(Oct 25 2019 23:24:50,  868202 sec) RxStartByte()        Sync errors encountered: 130
(Oct 25 2019 23:24:52,  868204 sec) Rx()                 Pad character [0x1a] found in ascii mode - truncating packet.
(Oct 25 2019 23:24:57,  868209 sec) Rx()                 Received EOT - transfer complete. [1 packets, 1024 bytes, 26 sec, 39.4 bps]
(Oct 25 2019 23:24:57,  868209 sec) RxConfig()           Download successful.
(Oct 25 2019 23:25:20,  868232 sec) WriteVitals()        Writing vitals to "7827.150.msg".
(Oct 25 2019 23:25:38,  868250 sec) UpLoadFile()         Uploading "7827.150.msg" to host as "7827.150.msg".
(Oct 25 2019 23:25:43,  868255 sec) Tx()                 CRC negotiation successful. [16-bit CRC]
(Oct 25 2019 23:26:07,  868279 sec) TxPacket()           NAK received - resending packet. [PktNum=0x03]
(Oct 25 2019 23:26:07,  868279 sec) TxPacket()           Packet xmit history: [11000001] (0:ok, 1:fail).
(Oct 25 2019 23:26:16,  868288 sec) TxPacket()           NAK received - resending packet. [PktNum=0x03]
(Oct 25 2019 23:26:16,  868289 sec) TxPacket()           Packet xmit history: [10000011] (0:ok, 1:fail).
(Oct 25 2019 23:27:13,  868345 sec) TxPacket()           NAK received - resending packet. [PktNum=0x09]
(Oct 25 2019 23:27:13,  868345 sec) TxPacket()           Packet xmit history: [10000001] (0:ok, 1:fail).
(Oct 25 2019 23:27:29,  868361 sec) TxPacket()           NAK received - resending packet. [PktNum=0x0a]
(Oct 25 2019 23:27:29,  868362 sec) TxPacket()           Packet xmit history: [00000101] (0:ok, 1:fail).
(Oct 25 2019 23:27:35,  868367 sec) TxPacket()           NAK received - resending packet. [PktNum=0x0a]
(Oct 25 2019 23:27:35,  868367 sec) TxPacket()           Packet xmit history: [00001011] (0:ok, 1:fail).
(Oct 25 2019 23:27:48,  868380 sec) TxPacket()           NAK received - resending packet. [PktNum=0x0a]
(Oct 25 2019 23:27:48,  868380 sec) TxPacket()           Packet xmit history: [00010111] (0:ok, 1:fail).
(Oct 25 2019 23:27:56,  868388 sec) TxPacket()           NAK received - resending packet. [PktNum=0x0a]
(Oct 25 2019 23:27:56,  868388 sec) TxPacket()           Packet xmit history: [00101111] (0:ok, 1:fail).
(Oct 25 2019 23:28:04,  868397 sec) TxPacket()           NAK received - resending packet. [PktNum=0x0a]
(Oct 25 2019 23:28:05,  868397 sec) TxPacket()           Packet xmit history: [01011111] (0:ok, 1:fail).
(Oct 25 2019 23:28:38,  868430 sec) TxPacket()           NAK received - resending packet. [PktNum=0x10]
(Oct 25 2019 23:28:38,  868430 sec) TxPacket()           Packet xmit history: [10000001] (0:ok, 1:fail).
(Oct 25 2019 23:28:48,  868440 sec) TxPacket()           NAK received - resending packet. [PktNum=0x10]
(Oct 25 2019 23:28:48,  868440 sec) TxPacket()           Packet xmit history: [00000011] (0:ok, 1:fail).
(Oct 25 2019 23:29:12,  868464 sec) TxPacket()           NAK received - resending packet. [PktNum=0x12]
(Oct 25 2019 23:29:12,  868465 sec) TxPacket()           Packet xmit history: [00011001] (0:ok, 1:fail).
(Oct 25 2019 23:29:41,  868493 sec) TxPacket()           NAK received - resending packet. [PktNum=0x15]
(Oct 25 2019 23:29:41,  868493 sec) TxPacket()           Packet xmit history: [10010001] (0:ok, 1:fail).
(Oct 25 2019 23:29:56,  868508 sec) TxPacket()           NAK received - resending packet. [PktNum=0x16]
(Oct 25 2019 23:29:56,  868508 sec) TxPacket()           Packet xmit history: [01000101] (0:ok, 1:fail).
(Oct 25 2019 23:30:08,  868520 sec) TxPacket()           NAK received - resending packet. [PktNum=0x17]
(Oct 25 2019 23:30:08,  868520 sec) TxPacket()           Packet xmit history: [00010101] (0:ok, 1:fail).
(Oct 25 2019 23:30:21,  868533 sec) TxPacket()           NAK received - resending packet. [PktNum=0x18]
(Oct 25 2019 23:30:21,  868533 sec) TxPacket()           Packet xmit history: [01010101] (0:ok, 1:fail).
(Oct 25 2019 23:30:39,  868551 sec) TxPacket()           NAK received - resending packet. [PktNum=0x1a]
(Oct 25 2019 23:30:39,  868552 sec) TxPacket()           Packet xmit history: [10101001] (0:ok, 1:fail).
(Oct 25 2019 23:31:31,  868603 sec) TxPacket()           No carrier detected.
(Oct 25 2019 23:31:31,  868603 sec) TxPacket()           Exit status: -5
(Oct 25 2019 23:31:31,  868603 sec) Tx()                 Packet transmission failed - aborting transfer.
(Oct 25 2019 23:31:42,  868614 sec) UpLoadFile()         Upload failed.
(Oct 25 2019 23:31:43,  868615 sec) CLogin()             Connecting to primary host.
(Oct 25 2019 23:31:49,  868621 sec) chat()               Expected string [OK] not received.
(Oct 25 2019 23:31:49,  868621 sec) modem_restore_facto  Modem command [AT&F0] failed.
(Oct 25 2019 23:31:49,  868621 sec) modem_initialize()   Unable to restore modem's factory defaults.
(Oct 25 2019 23:31:49,  868621 sec) modem_connect()      Modem configuration failed.
(Oct 25 2019 23:31:49,  868621 sec) connect()            Connection attempt failed.
(Oct 25 2019 23:32:18,  868650 sec) CLogin()             Connection 6 established in 36 seconds.
(Oct 25 2019 23:32:53,  868685 sec) expect()             Attempt to read prompt string [Last login:] failed.
(Oct 25 2019 23:32:53,  868685 sec) login()              Login failed.
(Oct 25 2019 23:33:23,  868715 sec) expect()             Attempt to read prompt string [login:] failed.
(Oct 25 2019 23:33:23,  868715 sec) login()              Login prompt not received.
(Oct 25 2019 23:33:23,  868715 sec) CLogin()             Attempt to connect to primary host failed after 2 tries.  Connecting to alternate host.
(Oct 25 2019 23:33:51,  868743 sec) CLogin()             Connection 7 established in 129 seconds.
(Oct 25 2019 23:34:21,  868773 sec) expect()             Attempt to read prompt string [login:] failed.
(Oct 25 2019 23:34:21,  868773 sec) login()              Login prompt not received.
(Oct 25 2019 23:34:51,  868803 sec) expect()             Attempt to read prompt string [login:] failed.
(Oct 25 2019 23:34:51,  868803 sec) login()              Login prompt not received.
(Oct 25 2019 23:35:41,  868853 sec) CLogin()             Connection 8 established in 239 seconds.
(Oct 25 2019 23:36:11,  868883 sec) expect()             Attempt to read prompt string [login:] failed.
(Oct 25 2019 23:36:11,  868883 sec) login()              Login prompt not received.
(Oct 25 2019 23:36:41,  868913 sec) expect()             Attempt to read prompt string [login:] failed.
(Oct 25 2019 23:36:41,  868913 sec) login()              Login prompt not received.
(Oct 25 2019 23:36:41,  868913 sec) CLogin()             Attempt to connect to primary and alternate hosts failed - aborting.
(Oct 25 2019 23:36:41,  868914 sec) UpLoad()             Files successfully uploaded: 0
(Oct 25 2019 23:36:42,  868914 sec) UpLoad()             Aborting upload: Retry limit [2] exceeded. Upload incomplete.
(Oct 25 2019 23:36:42,  868914 sec) logout()             No carrier detected.
(Oct 25 2019 23:36:42,  868914 sec) Telemetry()          Telemetry cycle complete: PrfId=150 ConnectionAttempts=9  Connections=8
(Oct 25 2019 23:51:57,  869829 sec) AirSystem()          Air-bladder inflation by-passed. Barometer: [126cnt, 6.5"Hg].
(Oct 25 2019 23:52:35,  869867 sec) GetSurfaceObs()      P/O2,T2,TPhase,RPhase,RawTemp/FSig,BbSig,TSig: -0.6dbars / 230.4uM 27.083C 29.527 8.952 44.616 / 90,168,533
(Oct 25 2019 23:52:43,  869875 sec) GpsServices()        GPS almanac is current.
(Oct 25 2019 23:52:43,  869875 sec) GpsServices()        Initiating GPS fix acquisition.
(Oct 25 2019 23:53:00,  869892 sec) gga()                $GPGGA,235230,1836.4446,N,06722.7714,E,0,00,,,M,,M,,*52
(Oct 25 2019 23:53:42,  869935 sec) gga()                $GPGGA,235240,1836.4627,N,06722.5823,E,1,06,1.3,5.8,M,-62.3,M,,*65
(Oct 25 2019 23:53:43,  869935 sec) GpsServices()        Profile 150 GPS fix obtained in 60 seconds.
(Oct 25 2019 23:53:43,  869935 sec) GpsServices()                  lon     lat mm/dd/yyyy hhmmss nsat
(Oct 25 2019 23:53:43,  869935 sec) GpsServices()        Fix:   67.376  18.608 10/25/2019 235240    6
(Oct 25 2019 23:54:31,  869983 sec) gga()                $GPGGA,235330,1836.4639,N,06722.5779,E,1,06,1.3,7.2,M,-62.3,M,,*64
(Oct 25 2019 23:54:39,  869991 sec) gga()                $GPGGA,235420,1836.4638,N,06722.5712,E,1,06,1.3,4.1,M,-62.3,M,,*6E
(Oct 25 2019 23:54:39,  869991 sec) GpsServices()        APF9 RTC skew (19s) OK.
(Oct 25 2019 23:54:39,  869991 sec) GpsServices()        GPS services complete.
(Oct 25 2019 23:55:05,  870017 sec) CLogin()             Connecting to primary host.
(Oct 25 2019 23:55:19,  870031 sec) CLogin()             Connection 9 established in 14 seconds.
(Oct 25 2019 23:55:56,  870068 sec) expect()             Attempt to read prompt string [Last login:] failed.
(Oct 25 2019 23:55:56,  870068 sec) login()              Login failed.
(Oct 25 2019 23:56:26,  870098 sec) expect()             Attempt to read prompt string [login:] failed.
(Oct 25 2019 23:56:26,  870098 sec) login()              Login prompt not received.
(Oct 25 2019 23:56:36,  870108 sec) CLogin()             Connection 10 established in 91 seconds.
(Oct 25 2019 23:56:46,  870118 sec) login()              Login successful.
(Oct 25 2019 23:56:51,  870123 sec) chat()               Expected string [cmd>] not received.
(Oct 25 2019 23:56:51,  870123 sec) login()              Attempt to set the command prompt failed.
(Oct 25 2019 23:56:55,  870127 sec) CLogin()             Logged in to host.  [Login required 19 seconds]
(Oct 25 2019 23:57:07,  870139 sec) RxConfig()           Downloading "mission.cfg" from host.
(Oct 25 2019 23:57:09,  870141 sec) Rx()                 Initiating transfer. [0x43]
(Oct 25 2019 23:57:15,  870147 sec) Rx()                 Pad character [0x1a] found in ascii mode - truncating packet.
(Oct 25 2019 23:57:20,  870152 sec) Rx()                 Received EOT - transfer complete. [1 packets, 1024 bytes, 11 sec, 93.1 bps]
(Oct 25 2019 23:57:20,  870152 sec) RxConfig()           Download successful.
(Oct 25 2019 23:57:43,  870175 sec) WriteVitals()        Writing vitals to "7827.150.msg".
(Oct 25 2019 23:57:59,  870191 sec) UpLoadFile()         Uploading "7827.150.msg" to host as "7827.150.msg".
(Oct 25 2019 23:58:07,  870200 sec) Tx()                 CRC negotiation successful. [16-bit CRC]
(Oct 25 2019 23:58:28,  870220 sec) TxPacket()           NAK received - resending packet. [PktNum=0x03]
(Oct 25 2019 23:58:28,  870220 sec) TxPacket()           Packet xmit history: [11000001] (0:ok, 1:fail).
(Oct 25 2019 23:58:41,  870233 sec) TxPacket()           NAK received - resending packet. [PktNum=0x04]
(Oct 25 2019 23:58:41,  870234 sec) TxPacket()           Packet xmit history: [00000101] (0:ok, 1:fail).
(Oct 25 2019 23:58:48,  870240 sec) TxPacket()           NAK received - resending packet. [PktNum=0x04]
(Oct 25 2019 23:58:48,  870241 sec) TxPacket()           Packet xmit history: [00001011] (0:ok, 1:fail).
(Oct 25 2019 23:58:54,  870246 sec) TxPacket()           NAK received - resending packet. [PktNum=0x04]
(Oct 25 2019 23:58:54,  870246 sec) TxPacket()           Packet xmit history: [00010111] (0:ok, 1:fail).
(Oct 25 2019 23:59:37,  870289 sec) TxPacket()           NAK received - resending packet. [PktNum=0x0b]
(Oct 25 2019 23:59:37,  870289 sec) TxPacket()           Packet xmit history: [00000001] (0:ok, 1:fail).
(Oct 25 2019 23:59:42,  870294 sec) TxPacket()           NAK received - resending packet. [PktNum=0x0b]
(Oct 25 2019 23:59:42,  870294 sec) TxPacket()           Packet xmit history: [00000011] (0:ok, 1:fail).
(Oct 25 2019 23:59:48,  870300 sec) TxPacket()           NAK received - resending packet. [PktNum=0x0b]
(Oct 25 2019 23:59:48,  870300 sec) TxPacket()           Packet xmit history: [00000111] (0:ok, 1:fail).
(Oct 26 2019 00:00:07,  870319 sec) TxPacket()           NAK received - resending packet. [PktNum=0x0d]
(Oct 26 2019 00:00:07,  870319 sec) TxPacket()           Packet xmit history: [00111001] (0:ok, 1:fail).
(Oct 26 2019 00:00:21,  870333 sec) TxPacket()           NAK received - resending packet. [PktNum=0x0e]
(Oct 26 2019 00:00:21,  870334 sec) TxPacket()           Packet xmit history: [11100101] (0:ok, 1:fail).
(Oct 26 2019 00:00:35,  870347 sec) TxPacket()           NAK received - resending packet. [PktNum=0x10]
(Oct 26 2019 00:00:35,  870347 sec) TxPacket()           Packet xmit history: [00101001] (0:ok, 1:fail).
(Oct 26 2019 00:01:09,  870381 sec) TxPacket()           NAK received - resending packet. [PktNum=0x14]
(Oct 26 2019 00:01:09,  870381 sec) TxPacket()           Packet xmit history: [00100001] (0:ok, 1:fail).
(Oct 26 2019 00:01:15,  870387 sec) TxPacket()           NAK received - resending packet. [PktNum=0x14]
(Oct 26 2019 00:01:15,  870387 sec) TxPacket()           Packet xmit history: [01000011] (0:ok, 1:fail).
(Oct 26 2019 00:01:26,  870398 sec) TxPacket()           NAK received - resending packet. [PktNum=0x15]
(Oct 26 2019 00:01:26,  870398 sec) TxPacket()           Packet xmit history: [00001101] (0:ok, 1:fail).
(Oct 26 2019 00:02:11,  870443 sec) TxPacket()           NAK received - resending packet. [PktNum=0x1b]
(Oct 26 2019 00:02:11,  870443 sec) TxPacket()           Packet xmit history: [10000001] (0:ok, 1:fail).
(Oct 26 2019 00:02:19,  870451 sec) TxPacket()           NAK received - resending packet. [PktNum=0x1b]
(Oct 26 2019 00:02:19,  870451 sec) TxPacket()           Packet xmit history: [00000011] (0:ok, 1:fail).
(Oct 26 2019 00:02:24,  870456 sec) TxPacket()           NAK received - resending packet. [PktNum=0x1b]
(Oct 26 2019 00:02:24,  870456 sec) TxPacket()           Packet xmit history: [00000111] (0:ok, 1:fail).
(Oct 26 2019 00:02:49,  870481 sec) TxPacket()           NAK received - resending packet. [PktNum=0x1e]
(Oct 26 2019 00:02:49,  870481 sec) TxPacket()           Packet xmit history: [01110001] (0:ok, 1:fail).
(Oct 26 2019 00:03:31,  870523 sec) TxPacket()           NAK received - resending packet. [PktNum=0x23]
(Oct 26 2019 00:03:31,  870523 sec) TxPacket()           Packet xmit history: [01000001] (0:ok, 1:fail).
(Oct 26 2019 00:03:38,  870530 sec) TxPacket()           NAK received - resending packet. [PktNum=0x23]
(Oct 26 2019 00:03:38,  870530 sec) TxPacket()           Packet xmit history: [10000011] (0:ok, 1:fail).
(Oct 26 2019 00:03:54,  870546 sec) TxPacket()           NAK received - resending packet. [PktNum=0x24]
(Oct 26 2019 00:03:54,  870546 sec) TxPacket()           Packet xmit history: [00001101] (0:ok, 1:fail).
(Oct 26 2019 00:04:05,  870557 sec) TxPacket()           NAK received - resending packet. [PktNum=0x25]
(Oct 26 2019 00:04:05,  870557 sec) TxPacket()           Packet xmit history: [00110101] (0:ok, 1:fail).
(Oct 26 2019 00:04:11,  870563 sec) TxPacket()           NAK received - resending packet. [PktNum=0x25]
(Oct 26 2019 00:04:11,  870563 sec) TxPacket()           Packet xmit history: [01101011] (0:ok, 1:fail).
(Oct 26 2019 00:04:21,  870573 sec) TxPacket()           NAK received - resending packet. [PktNum=0x26]
(Oct 26 2019 00:04:21,  870573 sec) TxPacket()           Packet xmit history: [10101101] (0:ok, 1:fail).
(Oct 26 2019 00:05:04,  870616 sec) Tx()                 Transmission completed successfully [45 packets, 37903 bytes, 415 sec, 91.6 bps]
(Oct 26 2019 00:05:04,  870616 sec) UpLoadFile()         Upload successful.
(Oct 26 2019 00:05:12,  870625 sec) UpLoadFile()         Uploading "7827.150.log" to host as "7827.150.log".
(Oct 26 2019 00:05:21,  870633 sec) Tx()                 CRC negotiation successful. [16-bit CRC]
(Oct 26 2019 00:05:47,  870659 sec) TxPacket()           NAK received - resending packet. [PktNum=0x03]
(Oct 26 2019 00:05:47,  870659 sec) TxPacket()           Packet xmit history: [00000001] (0:ok, 1:fail).
(Oct 26 2019 00:06:02,  870674 sec) TxPacket()           NAK received - resending packet. [PktNum=0x04]
(Oct 26 2019 00:06:02,  870674 sec) TxPacket()           Packet xmit history: [00000101] (0:ok, 1:fail).
(Oct 26 2019 00:06:19,  870691 sec) TxPacket()           NAK received - resending packet. [PktNum=0x06]
(Oct 26 2019 00:06:19,  870691 sec) TxPacket()           Packet xmit history: [00101001] (0:ok, 1:fail).
(Oct 26 2019 00:06:32,  870704 sec) TxPacket()           NAK received - resending packet. [PktNum=0x07]
(Oct 26 2019 00:06:32,  870705 sec) TxPacket()           Packet xmit history: [10100101] (0:ok, 1:fail).
(Oct 26 2019 00:06:44,  870716 sec) TxPacket()           NAK received - resending packet. [PktNum=0x08]
(Oct 26 2019 00:06:44,  870716 sec) TxPacket()           Packet xmit history: [10010101] (0:ok, 1:fail).
(Oct 26 2019 00:07:07,  870739 sec) TxPacket()           NAK received - resending packet. [PktNum=0x0b]
(Oct 26 2019 00:07:07,  870739 sec) TxPacket()           Packet xmit history: [01010001] (0:ok, 1:fail).
(Oct 26 2019 00:07:25,  870757 sec) TxPacket()           NAK received - resending packet. [PktNum=0x0d]
(Oct 26 2019 00:07:25,  870757 sec) TxPacket()           Packet xmit history: [10001001] (0:ok, 1:fail).
(Oct 26 2019 00:07:55,  870787 sec) TxPacket()           NAK received - resending packet. [PktNum=0x11]
(Oct 26 2019 00:07:55,  870787 sec) TxPacket()           Packet xmit history: [00100001] (0:ok, 1:fail).
(Oct 26 2019 00:08:18,  870810 sec) TxPacket()           NAK received - resending packet. [PktNum=0x13]
(Oct 26 2019 00:08:18,  870811 sec) TxPacket()           Packet xmit history: [00001001] (0:ok, 1:fail).
(Oct 26 2019 00:08:29,  870821 sec) TxPacket()           NAK received - resending packet. [PktNum=0x14]
(Oct 26 2019 00:08:29,  870821 sec) TxPacket()           Packet xmit history: [00100101] (0:ok, 1:fail).
(Oct 26 2019 00:08:41,  870833 sec) TxPacket()           NAK received - resending packet. [PktNum=0x15]
(Oct 26 2019 00:08:41,  870834 sec) TxPacket()           Packet xmit history: [10010101] (0:ok, 1:fail).
(Oct 26 2019 00:09:08,  870860 sec) TxPacket()           NAK received - resending packet. [PktNum=0x18]
(Oct 26 2019 00:09:08,  870860 sec) TxPacket()           Packet xmit history: [01010001] (0:ok, 1:fail).
(Oct 26 2019 00:09:23,  870875 sec) TxPacket()           NAK received - resending packet. [PktNum=0x19]
(Oct 26 2019 00:09:23,  870875 sec) TxPacket()           Packet xmit history: [01000101] (0:ok, 1:fail).
(Oct 26 2019 00:09:42,  870894 sec) Tx()                 Transmission completed successfully [26 packets, 26468 bytes, 260 sec, 102.4 bps]
(Oct 26 2019 00:09:42,  870894 sec) UpLoadFile()         Upload successful.
(Oct 26 2019 00:09:52,  870904 sec) UpLoad()             Files successfully uploaded: 2
(Oct 26 2019 00:09:52,  870905 sec) UpLoad()             Upload complete.
(Oct 26 2019 00:09:59,  870911 sec) logout()             Log-out successful.
(Oct 26 2019 00:10:00,  870912 sec) Telemetry()          Telemetry cycle complete: PrfId=150 ConnectionAttempts=11  Connections=10
(Oct 26 2019 00:10:01,  870913 sec) TelemetryTerminate(  Parsing new mission configuration.
(Oct 26 2019 00:10:03,  870915 sec) configure()          Parsing configurators in "mission.cfg".
(Oct 26 2019 00:10:11,  870923 sec) configure()             TelemetryRetry(15)          [0x7BBC] [TelemetryRetry(15)].
(Oct 26 2019 00:10:11,  870923 sec) configure()          Configuration CRCs and syntax OK.
(Oct 26 2019 00:10:11,  870923 sec) ConfigSupervisor()   Configuration accepted.
(Oct 26 2019 00:10:12,  870924 sec) TelemetryTerminate(  Reconditioning the file system.
(Oct 26 2019 00:10:33,      11 sec) DescentInit()        Deep profile 151 initiated at mission-time 870934sec.
(Oct 26 2019 00:10:35,      13 sec) DescentInit()        Surface pressure: -0.3dbars.
(Oct 26 2019 00:10:40,      18 sec) PistonMoveAbsWTO()    207->076 206 205 204 203 202 201 200 199 198 197 196 195 194 193 192 191 190 189 188 187 186 185 184 183 182 181 180 179 178 177 176 175 174 173 172 171 170 169 168 167 166 165 164 163 162 161 160 159 158 157 156 155 154 153 152 151 150 149 148 147 146 145 144 143 142 141 140 139 138 137 136 135 134 133 132 131 130 129 128 127 126 125 124 123 122 121 120 119 118 117 116 115 114 113 112 111 110 109 108 107 106 105 104 103 102 101 100 099 098 097 096 095 094 093 092 091 090 089 088 087 086 085 084 083 082 081 080 079 078 077 076 [658sec, 14.3Volts, 0.161Amps, CPT:658sec]
(Oct 26 2019 00:21:48,     686 sec) Descent()            Pressure: 50.7
(Oct 26 2019 01:10:26,    3604 sec) Descent()            Pressure: 426.3
(Oct 26 2019 02:10:26,    7204 sec) Descent()            Pressure: 752.9
(Oct 26 2019 03:10:26,   10804 sec) Descent()            Pressure: 919.3
(Oct 26 2019 04:10:26,   14404 sec) Descent()            Pressure: 968.4
(Oct 26 2019 05:10:26,   18004 sec) Descent()            Pressure: 974.2
(Oct 26 2019 05:10:26,   18004 sec) ParkInit()           
(Oct 26 2019 07:10:32,   25210 sec) Park()               ParkPOutOfBand[-3, 980.8 dbars]: retract piston.
(Oct 26 2019 07:10:33,   25211 sec) PistonMoveAbsWTO()    076->075 075 [5sec, 13.1Volts, 0.101Amps, CPT:663sec]
(Nov 04 2019 11:30:19,  818397 sec) CtdPower()           [ 1002.87,  8.7996, 35.4496]
(Nov 04 2019 11:30:20,  818397 sec) CtdPower()           CTD Power consumption [180VCnt 9ACnt]: 13.953Volts * 0.036Amps = 0.51Watts.
(Nov 04 2019 11:30:20,  818398 sec) ParkTerminate()      Piston Position:75 Vacuum:79 Vq:193 Aq:6 Vsbe:180 Asbe:9 Vflbb:173 Aflbb:12
(Nov 04 2019 11:30:57,  818435 sec) ParkTerminate()      PTS/O2,T2,TPhase,RawTemp: 1002.8dbars 8.7993C 35.4503PSU / 6.5uM 8.817C 60.861 8.243 630.246
(Nov 04 2019 11:30:57,  818435 sec) ParkTerminate()      FLBB FSig, BbSig, TSig: 59, 115, 564
(Nov 04 2019 11:30:58,  818436 sec) GoDeepInit()         Moving piston.
(Nov 04 2019 11:30:58,  818436 sec) PistonMoveAbsWTO()    075->027 074 073 072 071 070 069 068 067 066 065 064 063 062 061 060 059 058 057 056 055 054 053 052 051 050 049 048 047 046 045 044 043 042 041 040 039 038 037 036 035 034 033 032 031 030 029 028 027 [251sec, 13.8Volts, 0.113Amps, CPT:914sec]
(Nov 04 2019 15:20:26,  832204 sec) GoDeep()             Sequence point detected at 2000.6dbar.
(Nov 04 2019 15:20:29,  832207 sec) ProfileInit()        PrfId:151  Pressure:2000.6dbar  pTable[0]:2000dbar
(Nov 04 2019 15:21:15,  832253 sec) Profile()            Sample 0 initiated at 2000.7dbars for bin 0 [2000dbars].  PTS/O2,T2,TPhase,RPhase,RawTemp/FSig,BbSig,TSig: 2000.8dbars 3.1641C 34.9136PSU / 98.6uM 3.182C 50.330 8.324 796.270 /   58  111  573
(Nov 04 2019 15:21:16,  832254 sec) PistonMoveAbsWTO()    027->049 028 029 030 031 [30sec, 12.7Volts, 0.770Amps, CPT:944sec]
(Nov 04 2019 15:21:57,  832295 sec) PistonMoveAbsWTO()    032->049 033 034 035 036 [30sec, 12.6Volts, 0.778Amps, CPT:974sec]
(Nov 04 2019 15:24:01,  832418 sec) Sbe41cpStartCP()     Continuous profile started.
(Nov 04 2019 15:24:01,  832419 sec) PistonMoveAbsWTO()    036->049 037 038 039 040 [30sec, 12.6Volts, 0.826Amps, CPT:1004sec]
(Nov 04 2019 15:24:42,  832460 sec) PistonMoveAbsWTO()    040->049 041 042 043 044 [30sec, 12.5Volts, 0.810Amps, CPT:1034sec]
(Nov 04 2019 15:25:22,  832500 sec) PistonMoveAbsWTO()    044->049 045 046 047 048 [30sec, 12.4Volts, 0.806Amps, CPT:1064sec]
(Nov 04 2019 15:39:30,  833348 sec) Profile()            Sample 1 initiated at 1901.1dbars for bin 1 [1900dbars].  PTS/O2,T2,TPhase,RPhase,RawTemp/FSig,BbSig,TSig: 1900.9dbars 3.4365C 34.9320PSU / 94.7uM 3.449C 50.587 8.330 788.662 /   58  113  573
(Nov 04 2019 15:58:54,  834512 sec) Profile()            Sample 2 initiated at 1801.7dbars for bin 2 [1800dbars].  PTS/O2,T2,TPhase,RPhase,RawTemp/FSig,BbSig,TSig: 1801.5dbars 3.8763C 34.9748PSU / 80.1uM 3.885C 51.867 8.330 776.166 /   58  113  572
(Nov 04 2019 16:00:56,  834634 sec) AscentControlAgent(  Bouyancy nudge to 59 (v=0.076dbar/sec).
(Nov 04 2019 16:00:57,  834635 sec) PistonMoveAbsWTO()    049->059 050 051 052 053 [30sec, 13.0Volts, 0.737Amps, CPT:1094sec]
(Nov 04 2019 16:01:38,  834675 sec) PistonMoveAbsWTO()    053->059 054 055 056 057 058 [30sec, 12.8Volts, 0.749Amps, CPT:1124sec]
(Nov 04 2019 16:02:18,  834715 sec) PistonMoveAbsWTO()    058->059 059 [7sec, 12.8Volts, 0.741Amps, CPT:1131sec]
(Nov 04 2019 16:16:36,  835573 sec) Profile()            Sample 3 initiated at 1701.1dbars for bin 3 [1700dbars].  PTS/O2,T2,TPhase,RPhase,RawTemp/FSig,BbSig,TSig: 1700.9dbars 4.3959C 35.0204PSU / 66.3uM 4.405C 53.172 8.332 761.195 /   58  114  571
(Nov 04 2019 16:35:28,  836705 sec) Profile()            Sample 4 initiated at 1601.7dbars for bin 4 [1600dbars].  PTS/O2,T2,TPhase,RPhase,RawTemp/FSig,BbSig,TSig: 1601.4dbars 4.8923C 35.0668PSU / 55.2uM 4.904C 54.313 8.333 746.750 /   58  114  571
(Nov 04 2019 16:41:22,  837060 sec) AscentControlAgent(  Bouyancy nudge to 69 (v=0.078dbar/sec).
(Nov 04 2019 16:41:23,  837060 sec) PistonMoveAbsWTO()    059->069 060 061 062 063 [30sec, 13.2Volts, 0.649Amps, CPT:1161sec]
(Nov 04 2019 16:42:03,  837100 sec) PistonMoveAbsWTO()    063->069 064 065 066 067 068 [30sec, 13.0Volts, 0.661Amps, CPT:1191sec]
(Nov 04 2019 16:42:43,  837140 sec) PistonMoveAbsWTO()    068->069 069 [6sec, 12.9Volts, 0.677Amps, CPT:1197sec]
(Nov 04 2019 16:53:28,  837785 sec) Profile()            Sample 5 initiated at 1501.4dbars for bin 5 [1500dbars].  PTS/O2,T2,TPhase,RPhase,RawTemp/FSig,BbSig,TSig: 1501.1dbars 5.5808C 35.1294PSU / 41.7uM 5.592C 55.844 8.338 726.644 /   57  116  570
(Nov 04 2019 17:12:42,  838939 sec) Profile()            Sample 6 initiated at 1401.9dbars for bin 6 [1400dbars].  PTS/O2,T2,TPhase,RPhase,RawTemp/FSig,BbSig,TSig: 1401.7dbars 6.2483C 35.1933PSU / 30.7uM 6.265C 57.235 8.344 706.818 /   59  125  569
(Nov 04 2019 17:16:54,  839192 sec) AscentControlAgent(  Bouyancy nudge to 79 (v=0.076dbar/sec).
(Nov 04 2019 17:16:55,  839192 sec) PistonMoveAbsWTO()    069->079 070 071 072 073 [30sec, 13.3Volts, 0.608Amps, CPT:1227sec]
(Nov 04 2019 17:17:34,  839232 sec) PistonMoveAbsWTO()    073->079 074 075 076 077 078 [30sec, 13.2Volts, 0.592Amps, CPT:1257sec]
(Nov 04 2019 17:18:14,  839272 sec) PistonMoveAbsWTO()    078->079 079 [3sec, 13.1Volts, 0.584Amps, CPT:1260sec]
(Nov 04 2019 17:22:14,  839511 sec) Profile()            Sample 7 initiated at 1351.9dbars for bin 7 [1350dbars].  PTS/O2,T2,TPhase,RPhase,RawTemp/FSig,BbSig,TSig: 1351.6dbars 6.5453C 35.2223PSU / 26.8uM 6.561C 57.758 8.343 698.064 /   58  117  568
(Nov 04 2019 17:30:44,  840021 sec) Profile()            Sample 8 initiated at 1301.7dbars for bin 8 [1300dbars].  PTS/O2,T2,TPhase,RPhase,RawTemp/FSig,BbSig,TSig: 1301.4dbars 6.7779C 35.2473PSU / 24.7uM 6.797C 58.031 8.344 691.033 /   58  116  568
(Nov 04 2019 17:40:03,  840581 sec) Profile()            Sample 9 initiated at 1251.2dbars for bin 9 [1250dbars].  PTS/O2,T2,TPhase,RPhase,RawTemp/FSig,BbSig,TSig: 1251.0dbars 7.0953C 35.2769PSU / 22.2uM 7.112C 58.351 8.343 681.646 /   60  114  567
(Nov 04 2019 17:47:38,  841036 sec) AscentControlAgent(  Bouyancy nudge to 89 (v=0.079dbar/sec).
(Nov 04 2019 17:47:38,  841036 sec) PistonMoveAbsWTO()    079->089 080 081 082 083 [30sec, 13.4Volts, 0.532Amps, CPT:1290sec]
(Nov 04 2019 17:48:18,  841076 sec) PistonMoveAbsWTO()    084->089 085 086 087 088 [30sec, 13.3Volts, 0.536Amps, CPT:1320sec]
(Nov 04 2019 17:48:58,  841116 sec) PistonMoveAbsWTO()    088->089 089 [3sec, 13.3Volts, 0.548Amps, CPT:1323sec]
(Nov 04 2019 17:49:56,  841174 sec) Profile()            Sample 10 initiated at 1202.0dbars for bin 10 [1200dbars].  PTS/O2,T2,TPhase,RPhase,RawTemp/FSig,BbSig,TSig: 1201.7dbars 7.3772C 35.3051PSU / 18.9uM 7.397C 58.842 8.341 673.143 /   59  113  567
(Nov 04 2019 17:58:16,  841674 sec) Profile()            Sample 11 initiated at 1151.0dbars for bin 11 [1150dbars].  PTS/O2,T2,TPhase,RPhase,RawTemp/FSig,BbSig,TSig: 1150.7dbars 7.6695C 35.3351PSU / 16.5uM 7.694C 59.199 8.341 664.229 /   59  114  566
(Nov 04 2019 18:06:34,  842172 sec) Profile()            Sample 12 initiated at 1101.3dbars for bin 12 [1100dbars].  PTS/O2,T2,TPhase,RPhase,RawTemp/FSig,BbSig,TSig: 1101.0dbars 8.0319C 35.3758PSU / 12.9uM 8.053C 59.778 8.340 653.394 /   58  116  566
(Nov 04 2019 18:15:34,  842712 sec) Profile()            Sample 13 initiated at 1051.2dbars for bin 13 [1050dbars].  PTS/O2,T2,TPhase,RPhase,RawTemp/FSig,BbSig,TSig: 1050.9dbars 8.3706C 35.4097PSU / 10.5uM 8.391C 60.151 8.341 643.169 /   58  114  565
(Nov 04 2019 18:25:24,  843302 sec) Profile()            Sample 14 initiated at 1001.4dbars for bin 14 [1000dbars].  PTS/O2,T2,TPhase,RPhase,RawTemp/FSig,BbSig,TSig: 1001.1dbars 8.7312C 35.4464PSU / 7.5uM 8.754C 60.683 8.344 632.168 /   59  114  565
(Nov 04 2019 18:33:19,  843777 sec) AscentControlAgent(  Bouyancy nudge to 99 (v=0.080dbar/sec).
(Nov 04 2019 18:33:19,  843777 sec) PistonMoveAbsWTO()    089->099 090 091 092 093 094 [30sec, 13.6Volts, 0.467Amps, CPT:1353sec]
(Nov 04 2019 18:33:59,  843817 sec) PistonMoveAbsWTO()    094->099 095 096 097 098 099 [29sec, 13.4Volts, 0.475Amps, CPT:1382sec]
(Nov 04 2019 18:43:40,  844398 sec) Profile()            Sample 16 initiated at 901.3dbars for bin 16 [900dbars].  PTS/O2,T2,TPhase,RPhase,RawTemp/FSig,BbSig,TSig: 901.0dbars 9.4410C 35.5035PSU / 3.9uM 9.477C 61.305 8.356 610.072 /   59  116  564
(Nov 04 2019 19:04:01,  845619 sec) AscentControlAgent(  Bouyancy nudge to 109 (v=0.079dbar/sec).
(Nov 04 2019 19:04:01,  845619 sec) PistonMoveAbsWTO()    099->109 100 101 102 103 104 [30sec, 13.6Volts, 0.403Amps, CPT:1412sec]
(Nov 04 2019 19:04:41,  845659 sec) PistonMoveAbsWTO()    104->109 105 106 107 108 109 [29sec, 13.6Volts, 0.407Amps, CPT:1441sec]
(Nov 04 2019 19:20:06,  846584 sec) Profile()            Sample 20 initiated at 701.3dbars for bin 20 [700dbars].  PTS/O2,T2,TPhase,RPhase,RawTemp/FSig,BbSig,TSig: 701.0dbars 11.0590C 35.6402PSU / 2.0uM 11.010C 61.570 8.422 562.742 /   58  110  561
(Nov 04 2019 19:44:37,  848055 sec) AscentControlAgent(  Bouyancy nudge to 119 (v=0.073dbar/sec).
(Nov 04 2019 19:44:37,  848055 sec) PistonMoveAbsWTO()    109->119 110 111 112 113 114 [30sec, 13.7Volts, 0.347Amps, CPT:1471sec]
(Nov 04 2019 19:45:17,  848095 sec) PistonMoveAbsWTO()    114->119 115 116 117 118 119 [27sec, 13.6Volts, 0.347Amps, CPT:1498sec]
(Nov 04 2019 19:56:58,  848796 sec) Profile()            Sample 24 initiated at 501.0dbars for bin 24 [500dbars].  PTS/O2,T2,TPhase,RPhase,RawTemp/FSig,BbSig,TSig: 500.8dbars 12.3722C 35.7635PSU / 1.2uM 12.363C 61.646 8.501 520.409 /   57  111  559
(Nov 04 2019 20:15:02,  849880 sec) AscentControlAgent(  Bouyancy nudge to 129 (v=0.077dbar/sec).
(Nov 04 2019 20:15:02,  849880 sec) PistonMoveAbsWTO()    119->129 120 121 122 123 124 [30sec, 13.8Volts, 0.290Amps, CPT:1528sec]
(Nov 04 2019 20:15:42,  849920 sec) PistonMoveAbsWTO()    124->129 125 126 127 128 129 [26sec, 13.8Volts, 0.290Amps, CPT:1554sec]
(Nov 04 2019 20:27:40,  850638 sec) Profile()            Sample 28 initiated at 331.3dbars for bin 28 [330dbars].  PTS/O2,T2,TPhase,RPhase,RawTemp/FSig,BbSig,TSig: 331.0dbars 14.1417C 35.9354PSU / 1.0uM 14.123C 61.556 8.535 464.649 /   58  139  557
(Nov 04 2019 20:44:55,  851673 sec) Profile()            Sample 32 initiated at 241.6dbars for bin 32 [240dbars].  PTS/O2,T2,TPhase,RPhase,RawTemp/FSig,BbSig,TSig: 241.4dbars 15.6600C 36.0342PSU / 0.9uM 15.632C 61.457 8.610 416.301 /   58  158  554
(Nov 04 2019 20:45:31,  851709 sec) AscentControlAgent(  Bouyancy nudge to 139 (v=0.071dbar/sec).
(Nov 04 2019 20:45:31,  851709 sec) PistonMoveAbsWTO()    129->139 130 131 132 133 134 [30sec, 14.0Volts, 0.234Amps, CPT:1584sec]
(Nov 04 2019 20:46:12,  851750 sec) PistonMoveAbsWTO()    134->139 135 136 137 138 139 [24sec, 13.9Volts, 0.234Amps, CPT:1608sec]
(Nov 04 2019 20:56:50,  852388 sec) Profile()            Sample 36 initiated at 181.7dbars for bin 36 [180dbars].  PTS/O2,T2,TPhase,RPhase,RawTemp/FSig,BbSig,TSig: 181.5dbars 17.7359C 35.9908PSU / 0.8uM 17.499C 61.342 8.733 355.981 /   57  147  552
(Nov 04 2019 21:00:48,  852625 sec) AscentControlAgent(  Bouyancy nudge to 149 (v=0.050dbar/sec).
(Nov 04 2019 21:00:48,  852626 sec) PistonMoveAbsWTO()    139->149 140 141 142 143 144 [30sec, 14.0Volts, 0.210Amps, CPT:1638sec]
(Nov 04 2019 21:01:30,  852668 sec) PistonMoveAbsWTO()    144->149 145 146 147 148 149 [23sec, 14.0Volts, 0.210Amps, CPT:1661sec]
(Nov 04 2019 21:05:55,  852932 sec) AscentControlAgent(  Bouyancy nudge to 159 (v=0.076dbar/sec).
(Nov 04 2019 21:05:55,  852933 sec) PistonMoveAbsWTO()    149->159 150 151 152 153 154 [30sec, 14.0Volts, 0.205Amps, CPT:1691sec]
(Nov 04 2019 21:06:37,  852975 sec) PistonMoveAbsWTO()    154->159 155 156 157 158 159 [23sec, 14.0Volts, 0.210Amps, CPT:1714sec]
(Nov 04 2019 21:07:27,  853025 sec) Profile()            Sample 40 initiated at 139.7dbars for bin 40 [140dbars].  PTS/O2,T2,TPhase,RPhase,RawTemp/FSig,BbSig,TSig: 139.4dbars 20.0581C 36.0649PSU / 0.8uM 19.691C 61.189 8.815 284.640 /   54  111  549
(Nov 04 2019 21:15:07,  853485 sec) Profile()            Sample 44 initiated at 101.6dbars for bin 44 [100dbars].  PTS/O2,T2,TPhase,RPhase,RawTemp/FSig,BbSig,TSig: 101.4dbars 22.3625C 36.3348PSU / 13.0uM 22.092C 57.346 8.832 206.287 /   55  119  546
(Nov 04 2019 21:27:14,  854212 sec) Profile()            Sample 48 initiated at 61.9dbars for bin 48 [60dbars].  PTS/O2,T2,TPhase,RPhase,RawTemp/FSig,BbSig,TSig: 61.9dbars 24.9595C 36.4769PSU / 62.9uM 24.800C 45.685 8.894 118.184 /   81  132  541
(Nov 04 2019 21:31:19,  854456 sec) AscentControlAgent(  Bouyancy nudge to 164 (v=0.014dbar/sec).
(Nov 04 2019 21:31:19,  854457 sec) PistonMoveAbsWTO()    159->164 160 161 162 163 164 [26sec, 14.1Volts, 0.181Amps, CPT:1740sec]
(Nov 04 2019 21:36:22,  854759 sec) AscentControlAgent(  Bouyancy nudge to 169 (v=0.009dbar/sec).


(Nov 04 2019 21:36:22) LogSize()            Log file is 38922 bytes.  Limit is 40960 bytes.

(Nov 04 2019 21:36:22,  854760 sec) PistonMoveAbsWTO()    164->169 165 166 167 168 169 [26sec, 14.1Volts, 0.181Amps, CPT:1766sec]
(Nov 04 2019 21:44:16,  855234 sec) Profile()            Sample 52 initiated at 36.9dbars for bin 52 [35dbars].  PTS/O2,T2,TPhase,RPhase,RawTemp/FSig,BbSig,TSig: 36.7dbars 26.4320C 36.4672PSU / 89.5uM 26.338C 41.106 8.977 68.527 /  253  201  537
(Nov 04 2019 21:46:47,  855384 sec) AscentControlAgent(  Bouyancy nudge to 174 (v=0.038dbar/sec).
(Nov 04 2019 21:46:47,  855385 sec) PistonMoveAbsWTO()    169->174 170 171 172 173 174 [26sec, 14.1Volts, 0.177Amps, CPT:1792sec]
(Nov 04 2019 21:52:00,  855698 sec) Profile()            Sample 56 initiated at 16.9dbars for bin 56 [15dbars].  PTS/O2,T2,TPhase,RPhase,RawTemp/FSig,BbSig,TSig: 16.8dbars 26.4491C 36.4671PSU / 101.4uM 26.460C 39.572 8.977 64.604 /  321  201  536
(Nov 04 2019 21:53:56,  855814 sec) Profile()            Sample 57 initiated at 11.8dbars for bin 57 [10dbars].  PTS/O2,T2,TPhase,RPhase,RawTemp/FSig,BbSig,TSig: 11.7dbars 26.4473C 36.4680PSU / 110.5uM 26.463C 38.538 8.973 64.507 /  248  208  536
(Nov 04 2019 21:56:02,  855940 sec) Profile()            Sample 58 initiated at 5.7dbars for bin 58 [4dbars].  PTS/O2,T2,TPhase,RPhase,RawTemp/FSig,BbSig,TSig: 5.5dbars 26.4481C 36.4666PSU / 159.7uM 26.463C 34.054 8.970 64.510 /  278  218  536
(Nov 04 2019 21:56:29,  855967 sec) Profile()            Sample 59 initiated at 4.1dbars for bin 58 [4dbars].  PTS/O2,T2,TPhase,RPhase,RawTemp/FSig,BbSig,TSig: 3.9dbars 26.4428C 36.4676PSU / 171.6uM 26.460C 33.197 8.970 64.597 /  344  205  536
(Nov 04 2019 21:56:44,  855982 sec) SurfaceDetect()      SurfacePressure:-0.3dbars Pressure:2.4dbars PistonPosition:174

<EOT>
