(Apr 17 2021 23:30:13,  869634 sec) TelemetryInit()      Profile 204. (Apf9i FwRev: 061016)
(Apr 17 2021 23:37:10,  870050 sec) AirSystem()          Battery [188cnt, 14.6V]  Current [74cnt, 298.2mA]  Barometer [126cnt, 6.5"Hg]  Run-Time [48s]
(Apr 17 2021 23:38:03,  870103 sec) GetSurfaceObs()      P/O2,T2,TPhase,RPhase,RawTemp/FSig,BbSig,TSig: -0.6dbars / 230.0uM 27.324C 29.458 8.999 36.887 / 58,138,532
(Apr 17 2021 23:38:11,  870112 sec) GpsServices()        GPS almanac is current.
(Apr 17 2021 23:38:11,  870112 sec) GpsServices()        Initiating GPS fix acquisition.
(Apr 17 2021 23:38:29,  870130 sec) gga()                $GPGGA,233800,1742.8064,N,06419.8132,E,0,00,,,M,,M,,*5F
(Apr 17 2021 23:38:42,  870143 sec) gga()                $GPGGA,233820,1742.8064,N,06419.8132,E,0,00,,,M,,M,,*5D
(Apr 17 2021 23:38:53,  870154 sec) gga()                $GPGGA,233830,1742.8064,N,06419.8132,E,0,00,,,M,,M,,*5C
(Apr 17 2021 23:39:36,  870197 sec) gga()                $GPGGA,233830,1741.8410,N,06412.4761,E,6,05,1.1,200.4,M,-58.0,M,,*64
(Apr 17 2021 23:41:04,  870284 sec) gga()                $GPGGA,234010,1741.8224,N,06412.5087,E,1,07,1.0,3.8,M,-58.0,M,,*6F
(Apr 17 2021 23:41:04,  870285 sec) GpsServices()        Profile 204 GPS fix obtained in 173 seconds.
(Apr 17 2021 23:41:05,  870285 sec) GpsServices()                  lon     lat mm/dd/yyyy hhmmss nsat
(Apr 17 2021 23:41:05,  870285 sec) GpsServices()        Fix:   64.208  17.697 04/17/2021 234010    7
(Apr 17 2021 23:41:54,  870334 sec) gga()                $GPGGA,234100,1741.8116,N,06412.5158,E,1,07,1.0,3.8,M,-58.0,M,,*6E
(Apr 17 2021 23:42:02,  870342 sec) gga()                $GPGGA,234150,1741.8017,N,06412.5229,E,1,07,1.0,3.9,M,-58.0,M,,*6F
(Apr 17 2021 23:42:02,  870342 sec) GpsServices()        APF9 RTC skew (12s) OK.
(Apr 17 2021 23:42:02,  870343 sec) GpsServices()        GPS services complete.
(Apr 17 2021 23:42:36,  870377 sec) CLogin()             Connecting to primary host.
(Apr 17 2021 23:42:53,  870393 sec) CLogin()             Connection 1 established in 17 seconds.
(Apr 17 2021 23:43:02,  870402 sec) login()              Login successful.
(Apr 17 2021 23:43:05,  870406 sec) CLogin()             Logged in to host.  [Login required 12 seconds]
(Apr 17 2021 23:43:17,  870417 sec) RxConfig()           Downloading "mission.cfg" from host.
(Apr 17 2021 23:43:20,  870420 sec) Rx()                 Initiating transfer. [0x43]
(Apr 17 2021 23:43:27,  870427 sec) Rx()                 Pad character [0x1a] found in ascii mode - truncating packet.
(Apr 17 2021 23:43:32,  870432 sec) Rx()                 Received EOT - transfer complete. [1 packets, 1024 bytes, 12 sec, 85.3 bps]
(Apr 17 2021 23:43:32,  870432 sec) RxConfig()           Download successful.
(Apr 17 2021 23:43:55,  870455 sec) WriteVitals()        Writing vitals to "7827.204.msg".
(Apr 17 2021 23:44:11,  870471 sec) UpLoadFile()         Uploading "7827.204.msg" to host as "7827.204.msg".
(Apr 17 2021 23:44:14,  870474 sec) Tx()                 CRC negotiation successful. [16-bit CRC]
(Apr 17 2021 23:44:30,  870490 sec) TxPacket()           NAK received - resending packet. [PktNum=0x02]
(Apr 17 2021 23:44:30,  870490 sec) TxPacket()           Packet xmit history: [11100001] (0:ok, 1:fail).
(Apr 17 2021 23:48:00,  870700 sec) Tx()                 Transmission completed successfully [37 packets, 36993 bytes, 225 sec, 168.4 bps]
(Apr 17 2021 23:48:00,  870700 sec) UpLoadFile()         Upload successful.
(Apr 17 2021 23:48:07,  870707 sec) UpLoadFile()         Uploading "7827.204.log" to host as "7827.204.log".
(Apr 17 2021 23:48:10,  870710 sec) Tx()                 CRC negotiation successful. [16-bit CRC]
(Apr 17 2021 23:50:20,  870840 sec) Tx()                 Transmission completed successfully [22 packets, 22269 bytes, 129 sec, 174.6 bps]
(Apr 17 2021 23:50:20,  870840 sec) UpLoadFile()         Upload successful.
(Apr 17 2021 23:50:30,  870850 sec) UpLoad()             Files successfully uploaded: 2
(Apr 17 2021 23:50:30,  870851 sec) UpLoad()             Upload complete.
(Apr 17 2021 23:50:34,  870854 sec) logout()             Log-out successful.
(Apr 17 2021 23:50:35,  870856 sec) Telemetry()          Telemetry cycle complete: PrfId=204 ConnectionAttempts=1  Connections=1
(Apr 17 2021 23:50:36,  870856 sec) TelemetryTerminate(  Parsing new mission configuration.
(Apr 17 2021 23:50:38,  870859 sec) configure()          Parsing configurators in "mission.cfg".
(Apr 17 2021 23:50:46,  870867 sec) configure()             TelemetryRetry(15)          [0x7BBC] [TelemetryRetry(15)].
(Apr 17 2021 23:50:46,  870867 sec) configure()          Configuration CRCs and syntax OK.
(Apr 17 2021 23:50:47,  870867 sec) ConfigSupervisor()   Configuration accepted.
(Apr 17 2021 23:50:47,  870867 sec) TelemetryTerminate(  Reconditioning the file system.
(Apr 17 2021 23:51:01,      12 sec) DescentInit()        Deep profile 205 initiated at mission-time 870870sec.
(Apr 17 2021 23:51:03,      14 sec) DescentInit()        Surface pressure: -0.6dbars.
(Apr 17 2021 23:51:08,      19 sec) PistonMoveAbsWTO()    212->076 211 210 209 208 207 206 205 204 203 202 201 200 199 198 197 196 195 194 193 192 191 190 189 188 187 186 185 184 183 182 181 180 179 178 177 176 175 174 173 172 171 170 169 168 167 166 165 164 163 162 161 160 159 158 157 156 155 154 153 152 151 150 149 148 147 146 145 144 143 142 141 140 139 138 137 136 135 134 133 132 131 130 129 128 127 126 125 124 123 122 121 120 119 118 117 116 115 114 113 112 111 110 109 108 107 106 105 104 103 102 101 100 099 098 097 096 095 094 093 092 091 090 089 088 087 086 085 084 083 082 081 080 079 078 077 076 [692sec, 14.1Volts, 0.157Amps, CPT:692sec]
(Apr 18 2021 00:02:50,     721 sec) Descent()            Pressure: 62.6
(Apr 18 2021 00:50:53,    3604 sec) Descent()            Pressure: 433.0
(Apr 18 2021 01:50:53,    7204 sec) Descent()            Pressure: 744.1
(Apr 18 2021 02:50:53,   10804 sec) Descent()            Pressure: 920.6
(Apr 18 2021 03:50:53,   14404 sec) Descent()            Pressure: 976.5
(Apr 18 2021 04:50:53,   18004 sec) Descent()            Pressure: 987.4
(Apr 18 2021 04:50:53,   18004 sec) ParkInit()           
(Apr 27 2021 11:30:18,  819569 sec) CtdPower()           [  997.73,  8.9953, 35.7835]
(Apr 27 2021 11:30:19,  819569 sec) CtdPower()           CTD Power consumption [175VCnt 9ACnt]: 13.566Volts * 0.036Amps = 0.49Watts.
(Apr 27 2021 11:30:20,  819570 sec) ParkTerminate()      Piston Position:76 Vacuum:79 Vq:193 Aq:5 Vsbe:175 Asbe:9 Vflbb:174 Aflbb:12
(Apr 27 2021 11:30:56,  819607 sec) ParkTerminate()      PTS/O2,T2,TPhase,RawTemp: 997.7dbars 8.9958C 35.7830PSU / 4.7uM 9.018C 61.187 8.234 624.132
(Apr 27 2021 11:30:56,  819607 sec) ParkTerminate()      FLBB FSig, BbSig, TSig: 58, 118, 564
(Apr 27 2021 11:30:57,  819608 sec) GoDeepInit()         Moving piston.
(Apr 27 2021 11:30:57,  819608 sec) PistonMoveAbsWTO()    076->027 075 074 073 072 071 070 069 068 067 066 065 064 063 062 061 060 059 058 057 056 055 054 053 052 051 050 049 048 047 046 045 044 043 042 041 040 039 038 037 036 035 034 033 032 031 030 029 028 027 [255sec, 13.9Volts, 0.105Amps, CPT:947sec]
(Apr 27 2021 15:05:53,  832504 sec) GoDeep()             Sequence point detected at 2004.1dbar.
(Apr 27 2021 15:05:56,  832507 sec) ProfileInit()        PrfId:205  Pressure:2004.2dbar  pTable[0]:2000dbar
(Apr 27 2021 15:06:06,  832517 sec) PistonMoveAbsWTO()    027->049 028 029 030 031 [30sec, 12.3Volts, 0.790Amps, CPT:977sec]
(Apr 27 2021 15:06:46,  832557 sec) PistonMoveAbsWTO()    031->049 032 033 034 035 [30sec, 12.5Volts, 0.778Amps, CPT:1007sec]
(Apr 27 2021 15:07:26,  832597 sec) PistonMoveAbsWTO()    036->049 037 038 039 040 [30sec, 12.4Volts, 0.770Amps, CPT:1037sec]
(Apr 27 2021 15:08:06,  832637 sec) PistonMoveAbsWTO()    040->049 041 042 043 044 [30sec, 12.3Volts, 0.778Amps, CPT:1067sec]
(Apr 27 2021 15:10:10,  832760 sec) Sbe41cpStartCP()     Continuous profile started.
(Apr 27 2021 15:10:25,  832776 sec) Profile()            Sample 0 initiated at 1999.2dbars for bin 0 [2000dbars].  PTS/O2,T2,TPhase,RPhase,RawTemp/FSig,BbSig,TSig: 1992.3dbars 3.2574C 35.2365PSU / 94.3uM 3.269C 50.707 8.319 793.786 /   56  114  573
(Apr 27 2021 15:10:26,  832776 sec) PistonMoveAbsWTO()    044->049 045 046 047 048 [30sec, 12.6Volts, 0.810Amps, CPT:1097sec]
(Apr 27 2021 15:11:06,  832817 sec) PistonMoveAbsWTO()    048->049 049 [3sec, 12.5Volts, 0.802Amps, CPT:1100sec]
(Apr 27 2021 15:21:02,  833413 sec) AscentControlAgent(  Bouyancy nudge to 59 (v=0.080dbar/sec).
(Apr 27 2021 15:21:03,  833414 sec) PistonMoveAbsWTO()    049->059 050 051 052 053 [30sec, 13.0Volts, 0.794Amps, CPT:1130sec]
(Apr 27 2021 15:21:44,  833455 sec) PistonMoveAbsWTO()    053->059 054 055 056 057 058 [30sec, 12.9Volts, 0.786Amps, CPT:1160sec]
(Apr 27 2021 15:22:25,  833496 sec) PistonMoveAbsWTO()    058->059 059 [6sec, 12.7Volts, 0.786Amps, CPT:1166sec]
(Apr 27 2021 15:25:47,  833698 sec) Profile()            Sample 1 initiated at 1900.9dbars for bin 1 [1900dbars].  PTS/O2,T2,TPhase,RPhase,RawTemp/FSig,BbSig,TSig: 1900.5dbars 3.5979C 35.2665PSU / 86.6uM 3.610C 51.319 8.325 784.056 /   57  111  573
(Apr 27 2021 15:39:29,  834520 sec) Profile()            Sample 2 initiated at 1801.7dbars for bin 2 [1800dbars].  PTS/O2,T2,TPhase,RPhase,RawTemp/FSig,BbSig,TSig: 1801.4dbars 3.9703C 35.2982PSU / 76.0uM 3.982C 52.263 8.327 773.395 /   56  111  572
(Apr 27 2021 15:56:21,  835532 sec) Profile()            Sample 3 initiated at 1701.6dbars for bin 3 [1700dbars].  PTS/O2,T2,TPhase,RPhase,RawTemp/FSig,BbSig,TSig: 1701.3dbars 4.4876C 35.3436PSU / 64.7uM 4.498C 53.320 8.328 758.521 /   58  110  571
(Apr 27 2021 16:01:35,  835846 sec) AscentControlAgent(  Bouyancy nudge to 69 (v=0.078dbar/sec).
(Apr 27 2021 16:01:36,  835847 sec) PistonMoveAbsWTO()    059->069 060 061 062 063 [30sec, 13.3Volts, 0.689Amps, CPT:1196sec]
(Apr 27 2021 16:02:17,  835887 sec) PistonMoveAbsWTO()    063->069 064 065 066 067 068 [30sec, 13.1Volts, 0.697Amps, CPT:1226sec]
(Apr 27 2021 16:02:57,  835927 sec) PistonMoveAbsWTO()    068->069 069 [5sec, 12.9Volts, 0.701Amps, CPT:1231sec]
(Apr 27 2021 16:14:01,  836592 sec) Profile()            Sample 4 initiated at 1601.2dbars for bin 4 [1600dbars].  PTS/O2,T2,TPhase,RPhase,RawTemp/FSig,BbSig,TSig: 1600.9dbars 5.1376C 35.4029PSU / 49.6uM 5.149C 54.941 8.332 739.594 /   59  111  570
(Apr 27 2021 16:29:13,  837504 sec) Profile()            Sample 5 initiated at 1501.3dbars for bin 5 [1500dbars].  PTS/O2,T2,TPhase,RPhase,RawTemp/FSig,BbSig,TSig: 1501.0dbars 5.7031C 35.4556PSU / 38.7uM 5.715C 56.228 8.335 723.046 /   58  111  570
(Apr 27 2021 16:47:11,  838582 sec) AscentControlAgent(  Bouyancy nudge to 79 (v=0.071dbar/sec).
(Apr 27 2021 16:47:12,  838582 sec) PistonMoveAbsWTO()    069->079 070 071 072 073 [30sec, 13.4Volts, 0.588Amps, CPT:1261sec]
(Apr 27 2021 16:47:52,  838622 sec) PistonMoveAbsWTO()    073->079 074 075 076 077 078 [30sec, 13.3Volts, 0.604Amps, CPT:1291sec]
(Apr 27 2021 16:48:47,  838677 sec) Profile()            Sample 6 initiated at 1401.4dbars for bin 6 [1400dbars].  PTS/O2,T2,TPhase,RPhase,RawTemp/FSig,BbSig,TSig: 1401.2dbars 6.3365C 35.5159PSU / 29.4uM 6.350C 57.397 8.336 704.302 /   59  110  569
(Apr 27 2021 16:48:48,  838678 sec) PistonMoveAbsWTO()    078->079 079 [3sec, 13.1Volts, 0.612Amps, CPT:1294sec]
(Apr 27 2021 16:57:41,  839211 sec) Profile()            Sample 7 initiated at 1351.4dbars for bin 7 [1350dbars].  PTS/O2,T2,TPhase,RPhase,RawTemp/FSig,BbSig,TSig: 1351.1dbars 6.7072C 35.5532PSU / 25.0uM 6.723C 57.998 8.337 693.246 /   59  119  568
(Apr 27 2021 17:06:09,  839719 sec) Profile()            Sample 8 initiated at 1301.4dbars for bin 8 [1300dbars].  PTS/O2,T2,TPhase,RPhase,RawTemp/FSig,BbSig,TSig: 1301.1dbars 7.0105C 35.5841PSU / 21.0uM 7.028C 58.570 8.337 684.148 /   58  111  567
(Apr 27 2021 17:14:19,  840209 sec) Profile()            Sample 9 initiated at 1252.0dbars for bin 9 [1250dbars].  PTS/O2,T2,TPhase,RPhase,RawTemp/FSig,BbSig,TSig: 1251.7dbars 7.3155C 35.6152PSU / 18.2uM 7.333C 58.984 8.335 675.045 /   60  111  567
(Apr 27 2021 17:23:19,  840749 sec) Profile()            Sample 10 initiated at 1201.7dbars for bin 10 [1200dbars].  PTS/O2,T2,TPhase,RPhase,RawTemp/FSig,BbSig,TSig: 1201.5dbars 7.5357C 35.6399PSU / 17.7uM 7.556C 59.027 8.332 668.364 /   59  110  567
(Apr 27 2021 17:32:53,  841324 sec) AscentControlAgent(  Bouyancy nudge to 89 (v=0.073dbar/sec).
(Apr 27 2021 17:32:54,  841324 sec) PistonMoveAbsWTO()    079->089 080 081 082 083 084 [30sec, 13.5Volts, 0.512Amps, CPT:1324sec]
(Apr 27 2021 17:33:34,  841364 sec) PistonMoveAbsWTO()    084->089 085 086 087 088 [30sec, 13.3Volts, 0.524Amps, CPT:1354sec]
(Apr 27 2021 17:34:29,  841419 sec) Profile()            Sample 11 initiated at 1149.9dbars for bin 11 [1150dbars].  PTS/O2,T2,TPhase,RPhase,RawTemp/FSig,BbSig,TSig: 1149.6dbars 7.9078C 35.6789PSU / 15.3uM 7.928C 59.371 8.330 657.172 /   58  111  566
(Apr 27 2021 17:34:40,  841430 sec) PistonMoveAbsWTO()    089->089 [0sec, 0.0Volts, 0.000Amps, CPT:1354sec]
(Apr 27 2021 17:35:11,  841461 sec) PistonMoveAbsWTO()    089->089 [0sec, 0.0Volts, 0.000Amps, CPT:1354sec]
(Apr 27 2021 17:37:53,  841624 sec) PistonMoveAbsWTO()    089->089 [0sec, 0.0Volts, 0.000Amps, CPT:1354sec]
(Apr 27 2021 17:41:15,  841825 sec) PistonMoveAbsWTO()    089->089 [0sec, 0.0Volts, 0.000Amps, CPT:1354sec]
(Apr 27 2021 17:43:33,  841963 sec) Profile()            Sample 12 initiated at 1101.6dbars for bin 12 [1100dbars].  PTS/O2,T2,TPhase,RPhase,RawTemp/FSig,BbSig,TSig: 1101.4dbars 8.2171C 35.7041PSU / 10.2uM 8.236C 60.239 8.328 647.856 /   58  113  565
(Apr 27 2021 17:47:44,  842214 sec) PistonMoveAbsWTO()    089->089 [0sec, 0.0Volts, 0.000Amps, CPT:1354sec]
(Apr 27 2021 17:53:44,  842574 sec) Profile()            Sample 13 initiated at 1052.0dbars for bin 13 [1050dbars].  PTS/O2,T2,TPhase,RPhase,RawTemp/FSig,BbSig,TSig: 1051.7dbars 8.5632C 35.7397PSU / 7.7uM 8.584C 60.666 8.328 637.310 /   58  114  565
(Apr 27 2021 18:03:02,  843132 sec) Profile()            Sample 14 initiated at 1001.6dbars for bin 14 [1000dbars].  PTS/O2,T2,TPhase,RPhase,RawTemp/FSig,BbSig,TSig: 1001.3dbars 8.9019C 35.7751PSU / 5.7uM 8.924C 61.009 8.328 626.988 /   58  116  564
(Apr 27 2021 18:13:33,  843764 sec) AscentControlAgent(  Bouyancy nudge to 99 (v=0.079dbar/sec).
(Apr 27 2021 18:13:34,  843764 sec) PistonMoveAbsWTO()    089->099 090 091 092 093 094 [30sec, 13.6Volts, 0.463Amps, CPT:1384sec]
(Apr 27 2021 18:14:13,  843804 sec) PistonMoveAbsWTO()    094->099 095 096 097 098 099 [30sec, 13.4Volts, 0.447Amps, CPT:1414sec]
(Apr 27 2021 18:22:11,  844281 sec) Profile()            Sample 16 initiated at 901.8dbars for bin 16 [900dbars].  PTS/O2,T2,TPhase,RPhase,RawTemp/FSig,BbSig,TSig: 901.5dbars 9.5668C 35.8409PSU / 2.7uM 9.598C 61.547 8.339 606.363 /   58  113  563
(Apr 27 2021 18:28:45,  844676 sec) AscentControlAgent(  Bouyancy nudge to 109 (v=0.077dbar/sec).
(Apr 27 2021 18:28:46,  844676 sec) PistonMoveAbsWTO()    099->109 100 101 102 103 104 [30sec, 13.6Volts, 0.443Amps, CPT:1444sec]
(Apr 27 2021 18:29:25,  844716 sec) PistonMoveAbsWTO()    104->109 105 106 107 108 109 [29sec, 13.5Volts, 0.419Amps, CPT:1473sec]
(Apr 27 2021 18:56:14,  846325 sec) Profile()            Sample 20 initiated at 701.7dbars for bin 20 [700dbars].  PTS/O2,T2,TPhase,RPhase,RawTemp/FSig,BbSig,TSig: 701.3dbars 11.0582C 35.9693PSU / 1.7uM 11.094C 61.634 8.411 560.135 /   57  110  561
(Apr 27 2021 19:14:28,  847419 sec) AscentControlAgent(  Bouyancy nudge to 119 (v=0.078dbar/sec).
(Apr 27 2021 19:14:28,  847419 sec) PistonMoveAbsWTO()    109->119 110 111 112 113 114 [30sec, 13.7Volts, 0.351Amps, CPT:1503sec]
(Apr 27 2021 19:15:08,  847459 sec) PistonMoveAbsWTO()    114->119 115 116 117 118 119 [28sec, 13.6Volts, 0.359Amps, CPT:1531sec]
(Apr 27 2021 19:31:47,  848458 sec) Profile()            Sample 24 initiated at 501.9dbars for bin 24 [500dbars].  PTS/O2,T2,TPhase,RPhase,RawTemp/FSig,BbSig,TSig: 501.7dbars 12.8133C 36.1586PSU / 1.1uM 12.851C 61.614 8.457 505.035 /   56  121  558
(Apr 27 2021 19:44:59,  849250 sec) AscentControlAgent(  Bouyancy nudge to 129 (v=0.078dbar/sec).
(Apr 27 2021 19:44:59,  849250 sec) PistonMoveAbsWTO()    119->129 120 121 122 123 124 [30sec, 13.8Volts, 0.298Amps, CPT:1561sec]
(Apr 27 2021 19:45:39,  849290 sec) PistonMoveAbsWTO()    124->129 125 126 127 128 129 [26sec, 13.7Volts, 0.290Amps, CPT:1587sec]
(Apr 27 2021 20:03:36,  850367 sec) Profile()            Sample 28 initiated at 331.4dbars for bin 28 [330dbars].  PTS/O2,T2,TPhase,RPhase,RawTemp/FSig,BbSig,TSig: 331.1dbars 14.9407C 36.3956PSU / 1.0uM 14.974C 61.476 8.560 437.447 /   59  129  556
(Apr 27 2021 20:20:50,  851401 sec) AscentControlAgent(  Bouyancy nudge to 139 (v=0.079dbar/sec).
(Apr 27 2021 20:20:50,  851401 sec) PistonMoveAbsWTO()    129->139 130 131 132 133 134 [30sec, 13.9Volts, 0.234Amps, CPT:1617sec]
(Apr 27 2021 20:21:45,  851456 sec) Profile()            Sample 32 initiated at 241.1dbars for bin 32 [240dbars].  PTS/O2,T2,TPhase,RPhase,RawTemp/FSig,BbSig,TSig: 240.8dbars 16.8017C 36.5217PSU / 1.3uM 16.812C 61.258 8.696 378.253 /   57  134  553
(Apr 27 2021 20:21:46,  851457 sec) PistonMoveAbsWTO()    134->139 135 136 137 138 139 [25sec, 13.8Volts, 0.242Amps, CPT:1642sec]
(Apr 27 2021 20:33:25,  852156 sec) Profile()            Sample 36 initiated at 181.8dbars for bin 36 [180dbars].  PTS/O2,T2,TPhase,RPhase,RawTemp/FSig,BbSig,TSig: 181.7dbars 17.2300C 36.0120PSU / 0.8uM 17.272C 61.360 8.730 363.355 /   57  143  551
(Apr 27 2021 20:36:00,  852311 sec) AscentControlAgent(  Bouyancy nudge to 149 (v=0.039dbar/sec).
(Apr 27 2021 20:36:00,  852311 sec) PistonMoveAbsWTO()    139->149 140 141 142 143 144 [30sec, 14.0Volts, 0.218Amps, CPT:1672sec]
(Apr 27 2021 20:36:41,  852352 sec) PistonMoveAbsWTO()    144->149 145 146 147 148 149 [24sec, 13.9Volts, 0.210Amps, CPT:1696sec]
(Apr 27 2021 20:41:03,  852614 sec) AscentControlAgent(  Bouyancy nudge to 159 (v=0.067dbar/sec).
(Apr 27 2021 20:41:03,  852614 sec) PistonMoveAbsWTO()    149->159 150 151 152 153 154 [30sec, 14.0Volts, 0.210Amps, CPT:1726sec]
(Apr 27 2021 20:41:44,  852655 sec) PistonMoveAbsWTO()    154->159 155 156 157 158 159 [24sec, 13.9Volts, 0.205Amps, CPT:1750sec]
(Apr 27 2021 20:44:17,  852808 sec) Profile()            Sample 40 initiated at 141.6dbars for bin 40 [140dbars].  PTS/O2,T2,TPhase,RPhase,RawTemp/FSig,BbSig,TSig: 141.4dbars 19.8086C 36.1585PSU / 4.0uM 19.848C 60.237 8.828 279.543 /   53  114  549
(Apr 27 2021 20:52:21,  853292 sec) Profile()            Sample 44 initiated at 101.4dbars for bin 44 [100dbars].  PTS/O2,T2,TPhase,RPhase,RawTemp/FSig,BbSig,TSig: 101.2dbars 22.0998C 36.3485PSU / 39.4uM 22.084C 51.050 8.821 206.544 /   68  124  546
(Apr 27 2021 21:01:44,  853855 sec) AscentControlAgent(  Bouyancy nudge to 164 (v=0.040dbar/sec).
(Apr 27 2021 21:01:44,  853855 sec) PistonMoveAbsWTO()    159->164 160 161 162 163 164 [26sec, 14.0Volts, 0.189Amps, CPT:1776sec]
(Apr 27 2021 21:07:17,  854188 sec) Profile()            Sample 48 initiated at 61.9dbars for bin 48 [60dbars].  PTS/O2,T2,TPhase,RPhase,RawTemp/FSig,BbSig,TSig: 61.9dbars 24.9871C 36.5725PSU / 149.3uM 24.971C 35.507 8.888 112.644 /  254  166  541
(Apr 27 2021 21:11:55,  854466 sec) AscentControlAgent(  Bouyancy nudge to 169 (v=-0.001dbar/sec).
(Apr 27 2021 21:11:55,  854466 sec) PistonMoveAbsWTO()    164->169 165 166 167 168 169 [26sec, 14.0Volts, 0.185Amps, CPT:1802sec]
(Apr 27 2021 21:22:13,  855083 sec) AscentControlAgent(  Bouyancy nudge to 174 (v=0.002dbar/sec).
(Apr 27 2021 21:22:13,  855084 sec) PistonMoveAbsWTO()    169->174 170 171 172 173 174 [26sec, 14.1Volts, 0.181Amps, CPT:1828sec]
(Apr 27 2021 21:27:14,  855384 sec) AscentControlAgent(  Bouyancy nudge to 179 (v=0.024dbar/sec).
(Apr 27 2021 21:27:14,  855385 sec) PistonMoveAbsWTO()    174->179 175 176 177 178 179 [26sec, 14.1Volts, 0.181Amps, CPT:1854sec]
(Apr 27 2021 21:30:08,  855559 sec) Profile()            Sample 52 initiated at 36.8dbars for bin 52 [35dbars].  PTS/O2,T2,TPhase,RPhase,RawTemp/FSig,BbSig,TSig: 36.7dbars 28.4391C 36.7694PSU / 241.4uM 28.438C 28.514 9.013 1.365 /   68  151  536
(Apr 27 2021 21:32:23,  855693 sec) AscentControlAgent(  Bouyancy nudge to 184 (v=0.022dbar/sec).
(Apr 27 2021 21:32:23,  855694 sec) PistonMoveAbsWTO()    179->184 180 181 182 183 184 [26sec, 14.1Volts, 0.177Amps, CPT:1880sec]
(Apr 27 2021 21:37:30,  856000 sec) AscentControlAgent(  Bouyancy nudge to 189 (v=0.006dbar/sec).
(Apr 27 2021 21:37:30,  856001 sec) PistonMoveAbsWTO()    184->189 185 186 187 188 189 [26sec, 14.1Volts, 0.181Amps, CPT:1906sec]
(Apr 27 2021 21:43:40,  856371 sec) Profile()            Sample 56 initiated at 16.5dbars for bin 56 [15dbars].  PTS/O2,T2,TPhase,RPhase,RawTemp/FSig,BbSig,TSig: 16.3dbars 29.4170C 36.5624PSU / 225.7uM 29.440C 28.883 8.972 -30.324 /   59  152  532
(Apr 27 2021 21:45:13,  856464 sec) Profile()            Sample 57 initiated at 11.9dbars for bin 57 [10dbars].  PTS/O2,T2,TPhase,RPhase,RawTemp/FSig,BbSig,TSig: 11.8dbars 29.5018C 36.5633PSU / 225.3uM 29.519C 28.875 9.029 -32.831 /   58  144  532
(Apr 27 2021 21:47:19,  856590 sec) Profile()            Sample 58 initiated at 5.5dbars for bin 58 [4dbars].  PTS/O2,T2,TPhase,RPhase,RawTemp/FSig,BbSig,TSig: 5.4dbars 29.5018C 36.5628PSU / 225.5uM 29.523C 28.861 9.030 -32.951 /   58  141  532
(Apr 27 2021 21:47:46,  856617 sec) Profile()            Sample 59 initiated at 4.2dbars for bin 58 [4dbars].  PTS/O2,T2,TPhase,RPhase,RawTemp/FSig,BbSig,TSig: 4.0dbars 29.5028C 36.5633PSU / 225.4uM 29.525C 28.867 9.027 -32.993 /   57  139  531
(Apr 27 2021 21:48:03,  856634 sec) SurfaceDetect()      SurfacePressure:-0.6dbars Pressure:2.5dbars PistonPosition:189
(Apr 27 2021 21:48:04,  856634 sec) Sbe41cpStopCP()      Continuous profile stopped.
(Apr 27 2021 21:48:11,  856642 sec) PistonMoveAbsWTO()    189->211 190 191 192 193 194 195 196 197 198 199 200 201 202 203 204 205 206 207 208 209 210 211 [114sec, 14.1Volts, 0.157Amps, CPT:2020sec]
(Apr 27 2021 21:50:22,  856772 sec) sbe41cp.c:chat()     Expected string [S>] not received.
(Apr 27 2021 21:53:43,  856974 sec) Sbe41cpBinAverage()  Finished averaging 23903 samples in 196 seconds.
(Apr 27 2021 21:53:48,  856979 sec) Sbe41cpUploadCP()    Sbe41cpSerNo[08355] NSample[23903] NBin[1000]
(Apr 27 2021 21:55:47,  857098 sec) Sbe41cpUploadCP()    Continuous profile uploaded [1000 lines].

<EOT>

<EOT>
