(Feb 07 2018 18:23:01,   84705 sec) TelemetryInit()      Profile 67. (Apf9i FwRev: 061016)
(Feb 07 2018 18:30:05,   85129 sec) AirSystem()          Battery [187cnt, 14.5V]  Current [76cnt, 306.2mA]  Barometer [128cnt, 7.1"Hg]  Run-Time [51s]
(Feb 07 2018 18:30:43,   85167 sec) GetSurfaceObs()      P/O2,T2,TPhase,RPhase,RawTemp/FSig,BbSig,TSig: -0.4dbars / 246.9uM 24.129C 29.901 8.934 139.963 / 196,178,538
(Feb 07 2018 18:30:47,   85171 sec) GpsServices()        GPS almanac is current.
(Feb 07 2018 18:30:47,   85171 sec) GpsServices()        Initiating GPS fix acquisition.
(Feb 07 2018 18:31:07,   85191 sec) gga()                $GPGGA,183040,1529.2804,N,06437.1721,E,0,00,,,M,,M,,*51
(Feb 07 2018 18:31:19,   85203 sec) gga()                $GPGGA,183050,1529.2804,N,06437.1721,E,0,00,,,M,,M,,*50
(Feb 07 2018 18:31:29,   85213 sec) gga()                $GPGGA,183100,1529.2804,N,06437.1721,E,0,00,,,M,,M,,*54
(Feb 07 2018 18:31:40,   85224 sec) gga()                $GPGGA,183100,1529.2804,N,06437.1721,E,0,00,,,M,,M,,*54
(Feb 07 2018 18:31:43,   85227 sec) gga()                $GPGGA,183110,1529.2804,N,06437.1721,E,0,00,,,M,,M,,*55
(Feb 07 2018 18:31:55,   85239 sec) gga()                $GPGGA,183120,1529.2804,N,06437.1721,E,0,00,,,M,,M,,*56
(Feb 07 2018 18:31:58,   85242 sec) gga()                $GPGGA,183130,1529.2804,N,06437.1721,E,0,00,,,M,,M,,*57
(Feb 07 2018 18:32:41,   85285 sec) gga()                $GPGGA,183130,1530.2687,N,06439.0425,E,6,06,1.1,5.9,M,-63.7,M,,*6F
(Feb 07 2018 18:32:45,   85289 sec) gga()                $GPGGA,183140,1530.2684,N,06439.0437,E,1,06,1.1,5.9,M,-63.7,M,,*6F
(Feb 07 2018 18:32:45,   85289 sec) GpsServices()        Profile 67 GPS fix obtained in 118 seconds.
(Feb 07 2018 18:32:45,   85289 sec) GpsServices()                  lon     lat mm/dd/yyyy hhmmss nsat
(Feb 07 2018 18:32:45,   85289 sec) GpsServices()        Fix:   64.651  15.504 02/07/2018 183140    6
(Feb 07 2018 18:33:29,   85333 sec) gga()                $GPGGA,183230,1530.2704,N,06439.0492,E,1,07,1.1,0.4,M,-63.7,M,,*64
(Feb 07 2018 18:33:36,   85340 sec) gga()                $GPGGA,183320,1530.2717,N,06439.0557,E,1,11,0.7,1.5,M,-63.7,M,,*6E
(Feb 07 2018 18:33:37,   85341 sec) GpsServices()        APF9 RTC skew (17s) OK.
(Feb 07 2018 18:33:37,   85341 sec) GpsServices()        GPS services complete.
(Feb 07 2018 18:34:03,   85367 sec) CLogin()             Connecting to primary host.
(Feb 07 2018 18:34:12,   85376 sec) CLogin()             Connection 1 established in 9 seconds.
(Feb 07 2018 18:34:21,   85384 sec) login()              Login successful.
(Feb 07 2018 18:34:24,   85388 sec) CLogin()             Logged in to host.  [Login required 12 seconds]
(Feb 07 2018 18:34:36,   85400 sec) RxConfig()           Downloading "mission.cfg" from host.
(Feb 07 2018 18:34:38,   85402 sec) Rx()                 Initiating transfer. [0x43]
(Feb 07 2018 18:34:41,   85405 sec) RxStartByte()        Sync errors encountered: 162
(Feb 07 2018 18:34:44,   85408 sec) Rx()                 Pad character [0x1a] found in ascii mode - truncating packet.
(Feb 07 2018 18:34:49,   85412 sec) Rx()                 Received EOT - transfer complete. [1 packets, 1024 bytes, 11 sec, 93.1 bps]
(Feb 07 2018 18:34:49,   85413 sec) RxConfig()           Download successful.
(Feb 07 2018 18:35:12,   85436 sec) WriteVitals()        Writing vitals to "7827.067.msg".
(Feb 07 2018 18:35:29,   85453 sec) UpLoadFile()         Uploading "7827.067.msg" to host as "7827.067.msg".
(Feb 07 2018 18:35:33,   85457 sec) Tx()                 CRC negotiation successful. [16-bit CRC]
(Feb 07 2018 18:36:05,   85489 sec) TxPacket()           NAK received - resending packet. [PktNum=0x04]
(Feb 07 2018 18:36:05,   85489 sec) TxPacket()           Packet xmit history: [10000001] (0:ok, 1:fail).
(Feb 07 2018 18:36:18,   85502 sec) TxPacket()           NAK received - resending packet. [PktNum=0x05]
(Feb 07 2018 18:36:19,   85503 sec) TxPacket()           Packet xmit history: [00000101] (0:ok, 1:fail).
(Feb 07 2018 18:36:24,   85508 sec) TxPacket()           Invalid response [0x5e] - resending packet. [PktNum=0x06]
(Feb 07 2018 18:36:24,   85508 sec) TxPacket()           Packet xmit history: [00010101] (0:ok, 1:fail).
(Feb 07 2018 18:36:26,   85510 sec) TxPacket()           Invalid response [0x42] - resending packet. [PktNum=0x06]
(Feb 07 2018 18:36:26,   85510 sec) TxPacket()           Packet xmit history: [00101011] (0:ok, 1:fail).
(Feb 07 2018 18:36:29,   85513 sec) TxPacket()           Invalid response [0x34] - resending packet. [PktNum=0x06]
(Feb 07 2018 18:36:29,   85513 sec) TxPacket()           Packet xmit history: [01010111] (0:ok, 1:fail).
(Feb 07 2018 18:36:31,   85515 sec) TxPacket()           Invalid response [0x63] - resending packet. [PktNum=0x06]
(Feb 07 2018 18:36:32,   85516 sec) TxPacket()           Packet xmit history: [10101111] (0:ok, 1:fail).
(Feb 07 2018 18:36:33,   85517 sec) TxPacket()           Invalid response [0x0d] - resending packet. [PktNum=0x06]
(Feb 07 2018 18:36:33,   85517 sec) TxPacket()           Packet xmit history: [01011111] (0:ok, 1:fail).
(Feb 07 2018 18:36:35,   85519 sec) TxPacket()           Invalid response [0x3e] - resending packet. [PktNum=0x06]
(Feb 07 2018 18:36:35,   85519 sec) TxPacket()           Packet xmit history: [10111111] (0:ok, 1:fail).
(Feb 07 2018 18:36:36,   85520 sec) TxPacket()           Invalid response [0x43] - resending packet. [PktNum=0x06]
(Feb 07 2018 18:36:37,   85521 sec) TxPacket()           Packet xmit history: [01111111] (0:ok, 1:fail).
(Feb 07 2018 18:36:39,   85523 sec) TxPacket()           Invalid response [0x20] - resending packet. [PktNum=0x06]
(Feb 07 2018 18:36:39,   85523 sec) TxPacket()           Packet xmit history: [11111111] (0:ok, 1:fail).
(Feb 07 2018 18:36:42,   85526 sec) TxPacket()           Invalid response [0x3a] - resending packet. [PktNum=0x06]
(Feb 07 2018 18:36:43,   85527 sec) TxPacket()           Packet xmit history: [11111111] (0:ok, 1:fail).
(Feb 07 2018 18:36:45,   85529 sec) TxPacket()           Invalid response [0x64] - resending packet. [PktNum=0x06]
(Feb 07 2018 18:36:45,   85529 sec) TxPacket()           Packet xmit history: [11111111] (0:ok, 1:fail).
(Feb 07 2018 18:36:45,   85529 sec) TxPacket()           Exit status: -5
(Feb 07 2018 18:36:45,   85529 sec) Tx()                 Packet transmission failed - aborting transfer.
(Feb 07 2018 18:36:57,   85541 sec) UpLoadFile()         Upload failed.
(Feb 07 2018 18:37:32,   85575 sec) chat()               Expected string [rx -c  7827.067.log] not received.
(Feb 07 2018 18:37:32,   85576 sec) UpLoadFile()         Failed attempt to execute "rx -c  7827.067.log" on the host.
(Feb 07 2018 18:37:32,   85576 sec) UpLoad()             Files successfully uploaded: 0
(Feb 07 2018 18:37:32,   85576 sec) UpLoad()             Aborting upload: Retry limit [2] exceeded. Upload incomplete.
(Feb 07 2018 18:37:39,   85582 sec) chat()               Expected string [logout] not received.
(Feb 07 2018 18:37:39,   85583 sec) logout()             Attempt to log-out failed.
(Feb 07 2018 18:37:39,   85583 sec) logout()             No carrier detected.
(Feb 07 2018 18:37:39,   85583 sec) Telemetry()          Telemetry cycle complete: PrfId=67 ConnectionAttempts=1  Connections=1
(Feb 07 2018 18:52:54,   86498 sec) AirSystem()          Air-bladder inflation by-passed. Barometer: [126cnt, 6.5"Hg].
(Feb 07 2018 18:53:32,   86536 sec) GetSurfaceObs()      P/O2,T2,TPhase,RPhase,RawTemp/FSig,BbSig,TSig: -0.3dbars / 249.3uM 24.325C 29.711 8.911 133.611 / 191,198,538
(Feb 07 2018 18:53:36,   86540 sec) GpsServices()        GPS almanac is current.
(Feb 07 2018 18:53:36,   86540 sec) GpsServices()        Initiating GPS fix acquisition.
(Feb 07 2018 18:54:30,   86594 sec) gga()                $GPGGA,185330,1530.2985,N,06439.1921,E,6,10,0.8,4.0,M,-63.7,M,,*69
(Feb 07 2018 18:55:12,   86636 sec) gga()                $GPGGA,185340,1530.2985,N,06439.1925,E,1,10,0.8,4.2,M,-63.7,M,,*6F
(Feb 07 2018 18:55:13,   86637 sec) GpsServices()        Profile 67 GPS fix obtained in 97 seconds.
(Feb 07 2018 18:55:13,   86637 sec) GpsServices()                  lon     lat mm/dd/yyyy hhmmss nsat
(Feb 07 2018 18:55:13,   86637 sec) GpsServices()        Fix:   64.653  15.505 02/07/2018 185340   10
(Feb 07 2018 18:55:59,   86683 sec) gga()                $GPGGA,185500,1530.2988,N,06439.2007,E,1,10,0.8,1.3,M,-63.7,M,,*6E
(Feb 07 2018 18:56:06,   86690 sec) gga()                $GPGGA,185550,1530.2993,N,06439.2053,E,1,10,0.8,0.4,M,-63.7,M,,*66
(Feb 07 2018 18:56:07,   86691 sec) GpsServices()        APF9 RTC skew (17s) OK.
(Feb 07 2018 18:56:07,   86691 sec) GpsServices()        GPS services complete.
(Feb 07 2018 18:56:41,   86725 sec) CLogin()             Connecting to primary host.
(Feb 07 2018 18:57:00,   86744 sec) CLogin()             Connection 2 established in 19 seconds.
(Feb 07 2018 18:57:14,   86758 sec) login()              Login successful.
(Feb 07 2018 18:57:17,   86761 sec) CLogin()             Logged in to host.  [Login required 17 seconds]
(Feb 07 2018 18:57:29,   86773 sec) RxConfig()           Downloading "mission.cfg" from host.
(Feb 07 2018 18:57:31,   86775 sec) Rx()                 Initiating transfer. [0x43]
(Feb 07 2018 18:57:34,   86778 sec) RxStartByte()        Sync errors encountered: 423
(Feb 07 2018 18:57:38,   86781 sec) Rx()                 Truncated packet received - retrying.
(Feb 07 2018 18:57:44,   86788 sec) RxStartByte()        Sync errors encountered: 564
(Feb 07 2018 18:57:46,   86790 sec) Rx()                 Pad character [0x1a] found in ascii mode - truncating packet.
(Feb 07 2018 18:57:51,   86794 sec) Rx()                 Received EOT - transfer complete. [1 packets, 1024 bytes, 20 sec, 51.2 bps]
(Feb 07 2018 18:57:51,   86795 sec) RxConfig()           Download successful.
(Feb 07 2018 18:58:14,   86818 sec) WriteVitals()        Writing vitals to "7827.067.msg".
(Feb 07 2018 18:58:22,   86826 sec) UpLoadFile()         Uploading "7827.067.msg" to host as "7827.067.msg".
(Feb 07 2018 18:58:25,   86829 sec) Tx()                 CRC negotiation successful. [16-bit CRC]
(Feb 07 2018 18:58:39,   86843 sec) TxPacket()           NAK received - resending packet. [PktNum=0x02]
(Feb 07 2018 18:58:40,   86844 sec) TxPacket()           Packet xmit history: [11100001] (0:ok, 1:fail).
(Feb 07 2018 18:58:59,   86863 sec) TxPacket()           NAK received - resending packet. [PktNum=0x04]
(Feb 07 2018 18:58:59,   86863 sec) TxPacket()           Packet xmit history: [00001001] (0:ok, 1:fail).
(Feb 07 2018 18:59:52,   86916 sec) Tx()                 Transmission completed successfully [11 packets, 11071 bytes, 86 sec, 131.0 bps]
(Feb 07 2018 18:59:53,   86917 sec) UpLoadFile()         Upload successful.
(Feb 07 2018 18:59:59,   86923 sec) UpLoadFile()         Uploading "7827.067.log" to host as "7827.067.log".
(Feb 07 2018 19:00:06,   86930 sec) Tx()                 CRC negotiation successful. [16-bit CRC]
(Feb 07 2018 19:00:14,   86938 sec) TxPacket()           NAK received - resending packet. [PktNum=0x01]
(Feb 07 2018 19:00:15,   86938 sec) TxPacket()           Packet xmit history: [00000001] (0:ok, 1:fail).
(Feb 07 2018 19:00:28,   86952 sec) TxPacket()           NAK received - resending packet. [PktNum=0x02]
(Feb 07 2018 19:00:29,   86953 sec) TxPacket()           Packet xmit history: [00000101] (0:ok, 1:fail).
(Feb 07 2018 19:01:39,   87023 sec) TxPacket()           NAK received - resending packet. [PktNum=0x0c]
(Feb 07 2018 19:01:40,   87024 sec) TxPacket()           Packet xmit history: [00000001] (0:ok, 1:fail).
(Feb 07 2018 19:01:55,   87039 sec) TxPacket()           NAK received - resending packet. [PktNum=0x0e]
(Feb 07 2018 19:01:56,   87040 sec) TxPacket()           Packet xmit history: [00001001] (0:ok, 1:fail).
(Feb 07 2018 19:02:04,   87048 sec) TxPacket()           NAK received - resending packet. [PktNum=0x0e]
(Feb 07 2018 19:02:04,   87048 sec) TxPacket()           Packet xmit history: [00010011] (0:ok, 1:fail).
(Feb 07 2018 19:02:09,   87053 sec) TxPacket()           NAK received - resending packet. [PktNum=0x0e]
(Feb 07 2018 19:02:10,   87054 sec) TxPacket()           Packet xmit history: [00100111] (0:ok, 1:fail).
(Feb 07 2018 19:02:14,   87058 sec) TxPacket()           NAK received - resending packet. [PktNum=0x0e]
(Feb 07 2018 19:02:14,   87058 sec) TxPacket()           Packet xmit history: [01001111] (0:ok, 1:fail).
(Feb 07 2018 19:02:19,   87063 sec) TxPacket()           NAK received - resending packet. [PktNum=0x0e]
(Feb 07 2018 19:02:19,   87063 sec) TxPacket()           Packet xmit history: [10011111] (0:ok, 1:fail).
(Feb 07 2018 19:02:25,   87069 sec) TxPacket()           NAK received - resending packet. [PktNum=0x0e]
(Feb 07 2018 19:02:26,   87070 sec) TxPacket()           Packet xmit history: [00111111] (0:ok, 1:fail).
(Feb 07 2018 19:02:30,   87074 sec) TxPacket()           NAK received - resending packet. [PktNum=0x0e]
(Feb 07 2018 19:02:30,   87074 sec) TxPacket()           Packet xmit history: [01111111] (0:ok, 1:fail).
(Feb 07 2018 19:02:35,   87079 sec) TxPacket()           NAK received - resending packet. [PktNum=0x0e]
(Feb 07 2018 19:02:35,   87079 sec) TxPacket()           Packet xmit history: [11111111] (0:ok, 1:fail).
(Feb 07 2018 19:02:40,   87084 sec) TxPacket()           NAK received - resending packet. [PktNum=0x0e]
(Feb 07 2018 19:02:40,   87084 sec) TxPacket()           Packet xmit history: [11111111] (0:ok, 1:fail).
(Feb 07 2018 19:02:46,   87090 sec) TxPacket()           NAK received - resending packet. [PktNum=0x0e]
(Feb 07 2018 19:02:47,   87091 sec) TxPacket()           Packet xmit history: [11111111] (0:ok, 1:fail).
(Feb 07 2018 19:02:47,   87091 sec) TxPacket()           Exit status: -2
(Feb 07 2018 19:02:47,   87091 sec) Tx()                 Packet transmission failed - aborting transfer.
(Feb 07 2018 19:02:58,   87102 sec) UpLoadFile()         Upload failed.
(Feb 07 2018 19:03:15,   87119 sec) UpLoadFile()         Uploading "7827.067.log" to host as "7827.067.log".
(Feb 07 2018 19:04:15,   87178 sec) Tx()                 CRC negotiation failed - aborting transfer.
(Feb 07 2018 19:04:26,   87190 sec) UpLoadFile()         Upload failed.
(Feb 07 2018 19:04:26,   87190 sec) UpLoad()             Files successfully uploaded: 1
(Feb 07 2018 19:04:26,   87190 sec) UpLoad()             Aborting upload: Retry limit [2] exceeded. Upload incomplete.
(Feb 07 2018 19:04:30,   87194 sec) logout()             Log-out successful.
(Feb 07 2018 19:04:31,   87195 sec) Telemetry()          Telemetry cycle complete: PrfId=67 ConnectionAttempts=2  Connections=2
(Feb 07 2018 19:19:46,   88110 sec) AirSystem()          Air-bladder inflation by-passed. Barometer: [128cnt, 7.1"Hg].
(Feb 07 2018 19:20:40,   88164 sec) GetSurfaceObs()      P/O2,T2,TPhase,RPhase,RawTemp/FSig,BbSig,TSig: -0.4dbars / 244.3uM 24.535C 29.858 8.851 126.788 / 195,214,538
(Feb 07 2018 19:20:41,   88165 sec) GpsServices()        GPS almanac is current.
(Feb 07 2018 19:20:41,   88165 sec) GpsServices()        Initiating GPS fix acquisition.
(Feb 07 2018 19:20:58,   88182 sec) gga()                $GPGGA,192030,1530.2991,N,06439.2025,E,0,00,,,M,,M,,*5D
(Feb 07 2018 19:21:40,   88224 sec) gga()                $GPGGA,192040,1530.3238,N,06439.3350,E,1,11,0.8,-0.6,M,-63.7,M,,*40
(Feb 07 2018 19:21:41,   88225 sec) GpsServices()        Profile 67 GPS fix obtained in 60 seconds.
(Feb 07 2018 19:21:41,   88225 sec) GpsServices()                  lon     lat mm/dd/yyyy hhmmss nsat
(Feb 07 2018 19:21:41,   88225 sec) GpsServices()        Fix:   64.656  15.505 02/07/2018 192040   11
(Feb 07 2018 19:22:29,   88273 sec) gga()                $GPGGA,192130,1530.3228,N,06439.3396,E,1,11,0.7,-2.0,M,-63.7,M,,*46
(Feb 07 2018 19:22:36,   88280 sec) gga()                $GPGGA,192220,1530.3227,N,06439.3441,E,1,11,0.7,-1.1,M,-63.7,M,,*44
(Feb 07 2018 19:22:37,   88281 sec) GpsServices()        APF9 RTC skew (17s) OK.
(Feb 07 2018 19:22:37,   88281 sec) GpsServices()        GPS services complete.
(Feb 07 2018 19:23:11,   88315 sec) CLogin()             Connecting to primary host.
(Feb 07 2018 19:23:21,   88325 sec) CLogin()             Connection 3 established in 10 seconds.
(Feb 07 2018 19:23:55,   88358 sec) expect()             Attempt to read prompt string [Last login:] failed.
(Feb 07 2018 19:23:55,   88359 sec) login()              Login failed.
(Feb 07 2018 19:24:25,   88388 sec) expect()             Attempt to read prompt string [login:] failed.
(Feb 07 2018 19:24:25,   88389 sec) login()              Login prompt not received.
(Feb 07 2018 19:24:30,   88393 sec) chat()               Expected string [OK] not received.
(Feb 07 2018 19:24:30,   88394 sec) modem_restore_facto  Modem command [AT&F0] failed.
(Feb 07 2018 19:24:30,   88394 sec) modem_initialize()   Unable to restore modem's factory defaults.
(Feb 07 2018 19:24:30,   88394 sec) modem_connect()      Modem configuration failed.
(Feb 07 2018 19:24:30,   88394 sec) connect()            Connection attempt failed.
(Feb 07 2018 19:24:30,   88394 sec) CLogin()             Attempt to connect to primary host failed after 2 tries.  Connecting to alternate host.
(Feb 07 2018 19:24:36,   88399 sec) chat()               Expected string [OK] not received.
(Feb 07 2018 19:24:36,   88400 sec) modem_restore_facto  Modem command [AT&F0] failed.
(Feb 07 2018 19:24:36,   88400 sec) modem_initialize()   Unable to restore modem's factory defaults.
(Feb 07 2018 19:24:36,   88400 sec) modem_connect()      Modem configuration failed.
(Feb 07 2018 19:24:36,   88400 sec) connect()            Connection attempt failed.
(Feb 07 2018 19:24:42,   88405 sec) chat()               Expected string [OK] not received.
(Feb 07 2018 19:24:42,   88406 sec) modem_restore_facto  Modem command [AT&F0] failed.
(Feb 07 2018 19:24:42,   88406 sec) modem_initialize()   Unable to restore modem's factory defaults.
(Feb 07 2018 19:24:42,   88406 sec) modem_connect()      Modem configuration failed.
(Feb 07 2018 19:24:42,   88406 sec) connect()            Connection attempt failed.
(Feb 07 2018 19:24:42,   88406 sec) CLogin()             Attempt to connect to primary and alternate hosts failed - aborting.
(Feb 07 2018 19:24:43,   88407 sec) DownLoadMissionCfg(  Connect/login failed.  Mission configuration not downloaded from remote host.
(Feb 07 2018 19:25:29,   88452 sec) chat()               Expected string [sx -a  mission.cfg] not received.
(Feb 07 2018 19:25:29,   88453 sec) RxConfig()           Failed attempt to execute "sx -a  mission.cfg" on the host.
(Feb 07 2018 19:25:29,   88453 sec) RxConfig()           No carrier detected.
(Feb 07 2018 19:25:29,   88453 sec) DownLoadMissionCfg(  Keeping previous version of "mission.cfg".
(Feb 07 2018 19:25:29,   88453 sec) DownLoadMissionCfg(  Aborting download: Retry limit [2] exceeded.
(Feb 07 2018 19:25:30,   88454 sec) CLogin()             Connecting to primary host.
(Feb 07 2018 19:25:42,   88466 sec) CLogin()             Connection 4 established in 12 seconds.
(Feb 07 2018 19:26:01,   88485 sec) login()              Login successful.
(Feb 07 2018 19:26:06,   88490 sec) CLogin()             Logged in to host.  [Login required 24 seconds]
(Feb 07 2018 19:26:13,   88497 sec) UpLoadFile()         Uploading "7827.067.log" to host as "7827.067.log".
(Feb 07 2018 19:26:16,   88500 sec) Tx()                 CRC negotiation successful. [16-bit CRC]
(Feb 07 2018 19:26:29,   88513 sec) TxPacket()           NAK received - resending packet. [PktNum=0x02]
(Feb 07 2018 19:26:30,   88514 sec) TxPacket()           Packet xmit history: [11100001] (0:ok, 1:fail).
(Feb 07 2018 19:26:59,   88543 sec) TxPacket()           NAK received - resending packet. [PktNum=0x06]
(Feb 07 2018 19:27:00,   88544 sec) TxPacket()           Packet xmit history: [00100001] (0:ok, 1:fail).
(Feb 07 2018 19:27:53,   88597 sec) TxPacket()           NAK received - resending packet. [PktNum=0x0d]
(Feb 07 2018 19:27:54,   88598 sec) TxPacket()           Packet xmit history: [00000001] (0:ok, 1:fail).
(Feb 07 2018 19:28:20,   88624 sec) TxPacket()           NAK received - resending packet. [PktNum=0x10]
(Feb 07 2018 19:28:21,   88625 sec) TxPacket()           Packet xmit history: [00010001] (0:ok, 1:fail).
(Feb 07 2018 19:29:05,   88669 sec) TxPacket()           NAK received - resending packet. [PktNum=0x15]
(Feb 07 2018 19:29:06,   88669 sec) TxPacket()           Packet xmit history: [01000001] (0:ok, 1:fail).
(Feb 07 2018 19:29:26,   88690 sec) TxPacket()           No carrier detected.
(Feb 07 2018 19:29:26,   88690 sec) TxPacket()           Exit status: -5
(Feb 07 2018 19:29:26,   88690 sec) Tx()                 Packet transmission failed - aborting transfer.
(Feb 07 2018 19:29:37,   88701 sec) UpLoadFile()         Upload failed.
(Feb 07 2018 19:29:48,   88712 sec) CLogin()             Connecting to primary host.
(Feb 07 2018 19:29:54,   88717 sec) chat()               Expected string [OK] not received.
(Feb 07 2018 19:29:54,   88718 sec) modem_restore_facto  Modem command [AT&F0] failed.
(Feb 07 2018 19:29:54,   88718 sec) modem_initialize()   Unable to restore modem's factory defaults.
(Feb 07 2018 19:29:54,   88718 sec) modem_connect()      Modem configuration failed.
(Feb 07 2018 19:29:54,   88718 sec) connect()            Connection attempt failed.
(Feb 07 2018 19:30:55,   88778 sec) chat()               Expected string [CONNECT] not received.
(Feb 07 2018 19:30:55,   88779 sec) modem_connect()      Modem command [AT+CBST=71,0,1;DT0088160000573] failed.
(Feb 07 2018 19:30:55,   88779 sec) connect()            Connection attempt failed.
(Feb 07 2018 19:30:55,   88779 sec) CLogin()             Attempt to connect to primary host failed after 2 tries.  Connecting to alternate host.
(Feb 07 2018 19:31:56,   88839 sec) chat()               Expected string [CONNECT] not received.
(Feb 07 2018 19:31:56,   88840 sec) modem_connect()      Modem command [ATDT0013014291790] failed.
(Feb 07 2018 19:31:56,   88840 sec) connect()            Connection attempt failed.
(Feb 07 2018 19:32:57,   88900 sec) chat()               Expected string [CONNECT] not received.
(Feb 07 2018 19:32:57,   88901 sec) modem_connect()      Modem command [ATDT0013014291790] failed.
(Feb 07 2018 19:32:57,   88901 sec) connect()            Connection attempt failed.
(Feb 07 2018 19:32:57,   88901 sec) CLogin()             Attempt to connect to primary and alternate hosts failed - aborting.
(Feb 07 2018 19:32:58,   88902 sec) UpLoad()             Files successfully uploaded: 0
(Feb 07 2018 19:32:58,   88902 sec) UpLoad()             Aborting upload: Retry limit [2] exceeded. Upload incomplete.
(Feb 07 2018 19:32:58,   88902 sec) logout()             No carrier detected.
(Feb 07 2018 19:32:58,   88902 sec) Telemetry()          Telemetry cycle complete: PrfId=67 ConnectionAttempts=11  Connections=4
(Feb 07 2018 19:48:13,   89817 sec) AirSystem()          Air-bladder inflation by-passed. Barometer: [126cnt, 6.5"Hg].
(Feb 07 2018 19:48:51,   89855 sec) GetSurfaceObs()      P/O2,T2,TPhase,RPhase,RawTemp/FSig,BbSig,TSig: -0.4dbars / 247.9uM 24.095C 29.868 8.896 141.066 / 193,164,538
(Feb 07 2018 19:48:52,   89856 sec) GpsServices()        GPS almanac is current.
(Feb 07 2018 19:48:52,   89856 sec) GpsServices()        Initiating GPS fix acquisition.
(Feb 07 2018 19:49:07,   89871 sec) gga()                $GPGGA,194840,1530.3230,N,06439.3364,E,0,00,,,M,,M,,*52
(Feb 07 2018 19:49:59,   89923 sec) gga()                $GPGGA,194900,1530.3601,N,06439.4933,E,1,09,1.0,-2.7,M,-63.7,M,,*4E
(Feb 07 2018 19:49:59,   89923 sec) GpsServices()        Profile 67 GPS fix obtained in 67 seconds.
(Feb 07 2018 19:49:59,   89923 sec) GpsServices()                  lon     lat mm/dd/yyyy hhmmss nsat
(Feb 07 2018 19:49:59,   89923 sec) GpsServices()        Fix:   64.658  15.506 02/07/2018 194900    9
(Feb 07 2018 19:50:49,   89973 sec) gga()                $GPGGA,194950,1530.3627,N,06439.4977,E,1,09,1.0,-5.7,M,-63.7,M,,*48
(Feb 07 2018 19:50:56,   89980 sec) gga()                $GPGGA,195040,1530.3657,N,06439.5021,E,1,09,1.0,-5.5,M,-63.7,M,,*4F
(Feb 07 2018 19:50:57,   89981 sec) GpsServices()        APF9 RTC skew (17s) OK.
(Feb 07 2018 19:50:57,   89981 sec) GpsServices()        GPS services complete.
(Feb 07 2018 19:51:23,   90007 sec) CLogin()             Connecting to primary host.
(Feb 07 2018 19:51:44,   90028 sec) CLogin()             Connection 5 established in 21 seconds.
(Feb 07 2018 19:51:57,   90041 sec) login()              Login successful.
(Feb 07 2018 19:52:02,   90045 sec) chat()               Expected string [cmd>] not received.
(Feb 07 2018 19:52:02,   90046 sec) login()              Attempt to set the command prompt failed.
(Feb 07 2018 19:52:07,   90051 sec) CLogin()             Logged in to host.  [Login required 23 seconds]
(Feb 07 2018 19:52:19,   90063 sec) RxConfig()           Downloading "mission.cfg" from host.
(Feb 07 2018 19:52:22,   90066 sec) Rx()                 Initiating transfer. [0x43]
(Feb 07 2018 19:52:26,   90070 sec) RxStartByte()        Sync errors encountered: 609
(Feb 07 2018 19:52:31,   90075 sec) Rx()                 Pad character [0x1a] found in ascii mode - truncating packet.
(Feb 07 2018 19:52:35,   90078 sec) Rx()                 Received EOT - transfer complete. [1 packets, 1024 bytes, 13 sec, 78.8 bps]
(Feb 07 2018 19:52:35,   90079 sec) RxConfig()           Download successful.
(Feb 07 2018 19:53:04,   90108 sec) UpLoadFile()         Uploading "7827.067.log" to host as "7827.067.log".
(Feb 07 2018 19:53:07,   90111 sec) Tx()                 CRC negotiation successful. [16-bit CRC]
(Feb 07 2018 19:53:55,   90159 sec) TxPacket()           NAK received - resending packet. [PktNum=0x06]
(Feb 07 2018 19:53:56,   90160 sec) TxPacket()           Packet xmit history: [00000001] (0:ok, 1:fail).
(Feb 07 2018 19:54:13,   90177 sec) TxPacket()           NAK received - resending packet. [PktNum=0x0a]
(Feb 07 2018 19:54:14,   90178 sec) TxPacket()           Packet xmit history: [00100001] (0:ok, 1:fail).
(Feb 07 2018 19:54:28,   90192 sec) TxPacket()           NAK received - resending packet. [PktNum=0x0a]
(Feb 07 2018 19:54:28,   90192 sec) TxPacket()           Packet xmit history: [01000011] (0:ok, 1:fail).
(Feb 07 2018 19:54:41,   90204 sec) TxPacket()           Packet xmit history: [10000110] (0:ok, 1:fail).
(Feb 07 2018 19:54:45,   90209 sec) TxPacket()           Invalid response [0x5e] - resending packet. [PktNum=0x0a]
(Feb 07 2018 19:54:45,   90209 sec) TxPacket()           Packet xmit history: [00001101] (0:ok, 1:fail).
(Feb 07 2018 19:54:46,   90210 sec) TxPacket()           Invalid response [0x38] - resending packet. [PktNum=0x0a]
(Feb 07 2018 19:54:47,   90210 sec) TxPacket()           Packet xmit history: [00011011] (0:ok, 1:fail).
(Feb 07 2018 19:54:50,   90213 sec) TxPacket()           Invalid response [0x3a] - resending packet. [PktNum=0x0a]
(Feb 07 2018 19:54:50,   90214 sec) TxPacket()           Packet xmit history: [00110111] (0:ok, 1:fail).
(Feb 07 2018 19:54:51,   90215 sec) TxPacket()           Invalid response [0x6f] - resending packet. [PktNum=0x0a]
(Feb 07 2018 19:54:51,   90215 sec) TxPacket()           Packet xmit history: [01101111] (0:ok, 1:fail).
(Feb 07 2018 19:54:54,   90218 sec) TxPacket()           Invalid response [0x42] - resending packet. [PktNum=0x0a]
(Feb 07 2018 19:54:54,   90218 sec) TxPacket()           Packet xmit history: [11011111] (0:ok, 1:fail).
(Feb 07 2018 19:54:56,   90220 sec) TxPacket()           Invalid response [0x63] - resending packet. [PktNum=0x0a]
(Feb 07 2018 19:54:56,   90220 sec) TxPacket()           Packet xmit history: [10111111] (0:ok, 1:fail).
(Feb 07 2018 19:55:01,   90226 sec) TxPacket()           Invalid response [0x2c] - resending packet. [PktNum=0x0a]
(Feb 07 2018 19:55:02,   90226 sec) TxPacket()           Packet xmit history: [01111111] (0:ok, 1:fail).
(Feb 07 2018 19:55:02,   90226 sec) TxPacket()           Exit status: -5
(Feb 07 2018 19:55:02,   90226 sec) Tx()                 Packet transmission failed - aborting transfer.
(Feb 07 2018 19:55:14,   90238 sec) UpLoadFile()         Upload failed.
(Feb 07 2018 19:55:33,   90257 sec) UpLoadFile()         Uploading "7827.067.log" to host as "7827.067.log".
(Feb 07 2018 19:56:33,   90316 sec) Tx()                 CRC negotiation failed - aborting transfer.
(Feb 07 2018 19:56:44,   90328 sec) UpLoadFile()         Upload failed.
(Feb 07 2018 19:56:44,   90328 sec) UpLoad()             Files successfully uploaded: 0
(Feb 07 2018 19:56:44,   90328 sec) UpLoad()             Aborting upload: Retry limit [2] exceeded. Upload incomplete.
(Feb 07 2018 19:56:48,   90332 sec) logout()             Log-out successful.
(Feb 07 2018 19:56:49,   90333 sec) Telemetry()          Telemetry cycle complete: PrfId=67 ConnectionAttempts=12  Connections=5
(Feb 07 2018 20:12:04,   91248 sec) AirSystem()          Air-bladder inflation by-passed. Barometer: [127cnt, 6.8"Hg].
(Feb 07 2018 20:12:42,   91286 sec) GetSurfaceObs()      P/O2,T2,TPhase,RPhase,RawTemp/FSig,BbSig,TSig: -0.4dbars / 247.0uM 24.281C 29.836 8.901 135.019 / 180,206,538
(Feb 07 2018 20:12:43,   91287 sec) GpsServices()        GPS almanac is current.
(Feb 07 2018 20:12:43,   91287 sec) GpsServices()        Initiating GPS fix acquisition.
(Feb 07 2018 20:12:58,   91302 sec) gga()                $GPGGA,201230,1530.3644,N,06439.5001,E,0,00,,,M,,M,,*51
(Feb 07 2018 20:13:41,   91345 sec) gga()                $GPGGA,201240,1530.4006,N,06439.6144,E,6,09,1.0,-3.5,M,-63.7,M,,*46
(Feb 07 2018 20:14:24,   91388 sec) gga()                $GPGGA,201250,1530.4013,N,06439.6151,E,1,09,1.0,-4.0,M,-63.7,M,,*42
(Feb 07 2018 20:14:24,   91388 sec) GpsServices()        Profile 67 GPS fix obtained in 101 seconds.
(Feb 07 2018 20:14:24,   91388 sec) GpsServices()                  lon     lat mm/dd/yyyy hhmmss nsat
(Feb 07 2018 20:14:24,   91388 sec) GpsServices()        Fix:   64.660  15.507 02/07/2018 201250    9
(Feb 07 2018 20:15:09,   91433 sec) gga()                $GPGGA,201410,1530.4035,N,06439.6207,E,1,10,0.8,-2.7,M,-63.7,M,,*44
(Feb 07 2018 20:15:16,   91440 sec) gga()                $GPGGA,201500,1530.4046,N,06439.6250,E,1,10,0.8,-4.0,M,-63.7,M,,*43
(Feb 07 2018 20:15:17,   91441 sec) GpsServices()        APF9 RTC skew (17s) OK.
(Feb 07 2018 20:15:17,   91441 sec) GpsServices()        GPS services complete.
(Feb 07 2018 20:15:43,   91467 sec) CLogin()             Connecting to primary host.
(Feb 07 2018 20:16:05,   91489 sec) CLogin()             Connection 6 established in 22 seconds.
(Feb 07 2018 20:16:16,   91500 sec) login()              Login successful.
(Feb 07 2018 20:16:20,   91504 sec) CLogin()             Logged in to host.  [Login required 15 seconds]
(Feb 07 2018 20:16:32,   91516 sec) RxConfig()           Downloading "mission.cfg" from host.
(Feb 07 2018 20:16:34,   91518 sec) Rx()                 Initiating transfer. [0x43]
(Feb 07 2018 20:16:40,   91523 sec) Rx()                 Truncated packet received - retrying.
(Feb 07 2018 20:16:41,   91525 sec) RxStartByte()        Sync errors encountered: 874
(Feb 07 2018 20:16:45,   91528 sec) Rx()                 Truncated packet received - retrying.
(Feb 07 2018 20:16:50,   91534 sec) RxStartByte()        Sync errors encountered: 719
(Feb 07 2018 20:16:51,   91535 sec) Rx()                 Pad character [0x1a] found in ascii mode - truncating packet.
(Feb 07 2018 20:16:56,   91539 sec) Rx()                 Received EOT - transfer complete. [1 packets, 1024 bytes, 22 sec, 46.5 bps]
(Feb 07 2018 20:16:56,   91540 sec) RxConfig()           Download successful.
(Feb 07 2018 20:17:25,   91569 sec) UpLoadFile()         Uploading "7827.067.log" to host as "7827.067.log".
(Feb 07 2018 20:17:28,   91572 sec) Tx()                 CRC negotiation successful. [16-bit CRC]
(Feb 07 2018 20:17:37,   91581 sec) TxPacket()           NAK received - resending packet. [PktNum=0x01]
(Feb 07 2018 20:17:38,   91582 sec) TxPacket()           Packet xmit history: [01110001] (0:ok, 1:fail).
(Feb 07 2018 20:18:29,   91633 sec) TxPacket()           NAK received - resending packet. [PktNum=0x09]
(Feb 07 2018 20:18:30,   91634 sec) TxPacket()           Packet xmit history: [00000001] (0:ok, 1:fail).
(Feb 07 2018 20:18:52,   91656 sec) TxPacket()           NAK received - resending packet. [PktNum=0x0c]
(Feb 07 2018 20:18:53,   91657 sec) TxPacket()           Packet xmit history: [00010001] (0:ok, 1:fail).
(Feb 07 2018 20:19:19,   91682 sec) TxPacket()           NAK received - resending packet. [PktNum=0x0f]
(Feb 07 2018 20:19:19,   91683 sec) TxPacket()           Packet xmit history: [00010001] (0:ok, 1:fail).
(Feb 07 2018 20:20:04,   91728 sec) TxPacket()           NAK received - resending packet. [PktNum=0x15]
(Feb 07 2018 20:20:04,   91728 sec) TxPacket()           Packet xmit history: [10000001] (0:ok, 1:fail).
(Feb 07 2018 20:20:27,   91751 sec) Tx()                 Transmission completed successfully [23 packets, 22242 bytes, 177 sec, 128.0 bps]
(Feb 07 2018 20:20:28,   91752 sec) UpLoadFile()         Upload successful.
(Feb 07 2018 20:20:38,   91762 sec) UpLoad()             Files successfully uploaded: 1
(Feb 07 2018 20:20:38,   91762 sec) UpLoad()             Upload complete.
(Feb 07 2018 20:20:45,   91768 sec) chat()               Expected string [logout] not received.
(Feb 07 2018 20:20:45,   91769 sec) logout()             Attempt to log-out failed.
(Feb 07 2018 20:20:45,   91769 sec) logout()             No carrier detected.
(Feb 07 2018 20:20:45,   91769 sec) Telemetry()          Telemetry cycle complete: PrfId=67 ConnectionAttempts=13  Connections=6
(Feb 07 2018 20:20:46,   91770 sec) TelemetryTerminate(  Parsing new mission configuration.
(Feb 07 2018 20:20:48,   91772 sec) configure()          Parsing configurators in "mission.cfg".
(Feb 07 2018 20:20:56,   91780 sec) configure()             TelemetryRetry(15)            [0x7BBC] [TelemetryRetry(15)].
(Feb 07 2018 20:20:57,   91781 sec) configure()          Configuration CRCs and syntax OK.
(Feb 07 2018 20:20:57,   91781 sec) ConfigSupervisor()   Configuration accepted.
(Feb 07 2018 20:20:57,   91781 sec) TelemetryTerminate(  Reconditioning the file system.
(Feb 07 2018 20:21:21,      12 sec) DescentInit()        Deep profile 68 initiated at mission-time 91794sec.
(Feb 07 2018 20:21:24,      14 sec) DescentInit()        Surface pressure: -0.3dbars.
(Feb 07 2018 20:21:29,      19 sec) PistonMoveAbsWTO()    187->107 186 185 184 183 182 181 180 179 178 177 176 175 174 173 172 171 170 169 168 167 166 165 164 163 162 161 160 159 158 157 156 155 154 153 152 151 150 149 148 147 146 145 144 143 142 141 140 139 138 137 136 135 134 133 132 131 130 129 128 127 126 125 124 123 122 121 120 119 118 117 116 115 114 113 112 111 110 109 108 107 [402sec, 14.3Volts, 0.157Amps, CPT:402sec]
(Feb 07 2018 20:28:21,     431 sec) Descent()            Pressure: 13.9
(Feb 07 2018 21:21:14,    3604 sec) Descent()            Pressure: 260.3
(Feb 07 2018 22:01:19,    6010 sec) Descent()            Pressure: 352.6
(Feb 07 2018 22:01:20,    6010 sec) ParkInit()           
(Feb 07 2018 23:21:20,   10810 sec) Park()               ParkPOutOfBand[-3, 378.6 dbars]: retract piston.
(Feb 07 2018 23:21:20,   10811 sec) PistonMoveAbsWTO()    107->106 106 [4sec, 13.9Volts, 0.137Amps, CPT:406sec]
(Feb 08 2018 10:21:20,   50410 sec) Park()               ParkPOutOfBand[3, 412.5 dbars]: extend piston.
(Feb 08 2018 10:21:20,   50411 sec) PistonMoveAbsWTO()    106->107 107 [2sec, 14.0Volts, 0.282Amps, CPT:408sec]
(Feb 08 2018 15:45:18,   69848 sec) CtdPower()           [  401.08, 12.5879, 35.6159]
(Feb 08 2018 15:45:18,   69848 sec) CtdPower()           CTD Power consumption [189VCnt 10ACnt]: 14.651Volts * 0.040Amps = 0.59Watts.
(Feb 08 2018 15:45:19,   69849 sec) ParkTerminate()      Piston Position:107 Vacuum:81 Vq:194 Aq:6 Vsbe:189 Asbe:10 Vflbb:185 Aflbb:12
(Feb 08 2018 15:45:55,   69886 sec) ParkTerminate()      PTS/O2,T2,TPhase,RawTemp: 401.0dbars 12.5882C 35.6160PSU / 1.3uM 12.618C 61.593 8.464 512.376
(Feb 08 2018 15:45:56,   69886 sec) ParkTerminate()      FLBB FSig, BbSig, TSig: 58, 113, 558
(Feb 08 2018 15:45:56,   69886 sec) GoDeepInit()         Moving piston.
(Feb 08 2018 15:45:56,   69887 sec) PistonMoveAbsWTO()    107->099 106 105 104 103 102 101 100 099 [38sec, 14.3Volts, 0.133Amps, CPT:446sec]
(Feb 08 2018 16:29:58,   72528 sec) ProfileInit()        PrfId:068  Pressure:493.7dbar  pTable[25]:450dbar
(Feb 08 2018 16:31:24,   72614 sec) Sbe41cpStartCP()     Continuous profile started.
(Feb 08 2018 16:31:24,   72614 sec) PistonMoveAbsWTO()    099->121 100 101 102 103 104 105 [30sec, 14.0Volts, 0.318Amps, CPT:476sec]
(Feb 08 2018 16:32:05,   72655 sec) PistonMoveAbsWTO()    105->121 106 107 108 109 110 [30sec, 14.0Volts, 0.310Amps, CPT:506sec]
(Feb 08 2018 16:32:45,   72695 sec) PistonMoveAbsWTO()    110->121 111 112 113 114 115 [30sec, 13.9Volts, 0.322Amps, CPT:536sec]
(Feb 08 2018 16:33:25,   72735 sec) PistonMoveAbsWTO()    115->121 116 117 118 119 120 121 [30sec, 13.9Volts, 0.314Amps, CPT:566sec]
(Feb 08 2018 17:00:21,   74351 sec) AscentControlAgent(  Bouyancy nudge to 131 (v=0.074dbar/sec).
(Feb 08 2018 17:00:21,   74352 sec) PistonMoveAbsWTO()    121->131 122 123 124 125 126 [30sec, 14.1Volts, 0.258Amps, CPT:596sec]
(Feb 08 2018 17:01:01,   74391 sec) PistonMoveAbsWTO()    126->131 127 128 129 130 131 [25sec, 14.0Volts, 0.262Amps, CPT:621sec]
(Feb 08 2018 17:02:02,   74453 sec) Profile()            Sample 3 initiated at 331.9dbars for bin 28 [330dbars].  PTS/O2,T2,TPhase,RPhase,RawTemp/FSig,BbSig,TSig: 331.6dbars 13.0887C 35.6825PSU / 1.1uM 13.117C 61.598 8.430 496.599 /   56  128  558
(Feb 08 2018 17:15:57,   75287 sec) AscentControlAgent(  Bouyancy nudge to 141 (v=0.074dbar/sec).
(Feb 08 2018 17:15:57,   75287 sec) PistonMoveAbsWTO()    131->141 132 133 134 135 136 [30sec, 14.2Volts, 0.230Amps, CPT:651sec]
(Feb 08 2018 17:16:37,   75327 sec) PistonMoveAbsWTO()    136->141 137 138 139 140 141 [24sec, 14.1Volts, 0.242Amps, CPT:675sec]
(Feb 08 2018 17:18:56,   75467 sec) Profile()            Sample 7 initiated at 241.9dbars for bin 32 [240dbars].  PTS/O2,T2,TPhase,RPhase,RawTemp/FSig,BbSig,TSig: 241.6dbars 14.2194C 35.6993PSU / 1.0uM 14.257C 61.531 8.479 460.370 /   59  153  556
(Feb 08 2018 17:27:14,   75964 sec) Profile()            Sample 11 initiated at 181.7dbars for bin 36 [180dbars].  PTS/O2,T2,TPhase,RPhase,RawTemp/FSig,BbSig,TSig: 181.3dbars 16.6402C 36.0425PSU / 1.0uM 16.681C 61.366 8.691 382.469 /   61  146  554
(Feb 08 2018 17:36:17,   76507 sec) AscentControlAgent(  Bouyancy nudge to 151 (v=0.042dbar/sec).
(Feb 08 2018 17:36:17,   76507 sec) PistonMoveAbsWTO()    141->151 142 143 144 145 146 [30sec, 14.3Volts, 0.205Amps, CPT:705sec]
(Feb 08 2018 17:37:12,   76562 sec) Profile()            Sample 15 initiated at 141.3dbars for bin 40 [140dbars].  PTS/O2,T2,TPhase,RPhase,RawTemp/FSig,BbSig,TSig: 141.1dbars 18.6090C 35.9358PSU / 0.9uM 18.631C 61.237 8.779 319.197 /   56  127  551


(Feb 08 2018 17:37:13) LogSize()            Log file is 38993 bytes.  Limit is 40960 bytes.

(Feb 08 2018 17:37:13,   76563 sec) PistonMoveAbsWTO()    146->151 147 148 149 150 151 [23sec, 14.2Volts, 0.201Amps, CPT:728sec]
(Feb 08 2018 17:44:12,   76982 sec) Profile()            Sample 19 initiated at 101.6dbars for bin 44 [100dbars].  PTS/O2,T2,TPhase,RPhase,RawTemp/FSig,BbSig,TSig: 101.4dbars 20.4431C 35.9823PSU / 5.3uM 20.446C 59.779 8.839 260.034 /   52  107  548
(Feb 08 2018 17:51:33,   77423 sec) AscentControlAgent(  Bouyancy nudge to 156 (v=0.036dbar/sec).
(Feb 08 2018 17:51:33,   77423 sec) PistonMoveAbsWTO()    151->156 152 153 154 155 156 [26sec, 14.3Volts, 0.193Amps, CPT:754sec]
(Feb 08 2018 17:59:18,   77888 sec) Profile()            Sample 23 initiated at 61.8dbars for bin 48 [60dbars].  PTS/O2,T2,TPhase,RPhase,RawTemp/FSig,BbSig,TSig: 61.8dbars 23.0622C 36.0105PSU / 47.2uM 23.080C 49.160 8.923 174.084 /   74  115  543
(Feb 08 2018 18:01:41,   78031 sec) AscentControlAgent(  Bouyancy nudge to 161 (v=0.021dbar/sec).
(Feb 08 2018 18:01:41,   78031 sec) PistonMoveAbsWTO()    156->161 157 158 159 160 161 [27sec, 14.3Volts, 0.181Amps, CPT:781sec]
(Feb 08 2018 18:06:46,   78336 sec) AscentControlAgent(  Bouyancy nudge to 166 (v=0.039dbar/sec).
(Feb 08 2018 18:06:46,   78336 sec) PistonMoveAbsWTO()    161->166 162 163 164 165 166 [26sec, 14.3Volts, 0.177Amps, CPT:807sec]
(Feb 08 2018 18:10:09,   78540 sec) Profile()            Sample 27 initiated at 36.7dbars for bin 52 [35dbars].  PTS/O2,T2,TPhase,RPhase,RawTemp/FSig,BbSig,TSig: 36.5dbars 25.1763C 36.4354PSU / 218.8uM 25.189C 30.854 8.908 105.600 /  215  176  540
(Feb 08 2018 18:15:05,   78835 sec) Profile()            Sample 31 initiated at 16.8dbars for bin 56 [15dbars].  PTS/O2,T2,TPhase,RPhase,RawTemp/FSig,BbSig,TSig: 16.6dbars 25.2090C 36.4083PSU / 234.7uM 25.233C 30.036 8.898 104.178 /  282  193  539

<EOT>
