(May 10 2017 00:35:55,  844133 sec) TelemetryInit()      Profile 92. (Apf9i FwRev: 012811)
(May 10 2017 00:42:53,  844552 sec) AirSystem()          Battery [189cnt, 14.7V]  Current [80cnt, 32.2mA]  Barometer [128cnt, 7.1"Hg]  Run-Time [49s]
(May 10 2017 00:43:22,  844580 sec) GpsServices()        GPS almanac is current.
(May 10 2017 00:43:22,  844580 sec) GpsServices()        Initiating GPS fix acquisition.
(May 10 2017 00:43:36,  844595 sec) gga()                $GPGGA,004320,1334.8898,N,08530.5875,E,0,00,,,M,,M,,*5D
(May 10 2017 00:43:43,  844601 sec) gga()                $GPGGA,004310,1334.8898,N,08530.5875,E,0,00,,,M,,M,,*5E
(May 10 2017 00:43:51,  844610 sec) gga()                $GPGGA,004320,1334.8898,N,08530.5875,E,0,00,,,M,,M,,*5D
(May 10 2017 00:44:02,  844620 sec) gga()                $GPGGA,004330,1334.8898,N,08530.5875,E,0,00,,,M,,M,,*5C
(May 10 2017 00:44:30,  844648 sec) gga()                $GPGGA,004340,1357.9764,N,08530.9622,E,1,12,0.7,-4.4,M,-77.9,M,,*41
(May 10 2017 00:44:30,  844648 sec) GpsServices()        Profile 92 GPS fix obtained in 68 seconds.
(May 10 2017 00:44:30,  844648 sec) GpsServices()                  lon     lat mm/dd/yyyy hhmmss nsat
(May 10 2017 00:44:30,  844648 sec) GpsServices()        Fix:   85.516  13.966 05/10/2017 004340   12
(May 10 2017 00:45:00,  844678 sec) gga()                $GPGGA,004410,1357.9800,N,08530.9562,E,1,12,0.7,-3.7,M,-77.9,M,,*4D
(May 10 2017 00:45:05,  844684 sec) gga()                $GPGGA,004440,1357.9844,N,08530.9502,E,1,12,0.7,-4.9,M,-77.9,M,,*47
(May 10 2017 00:45:05,  844684 sec) GpsServices()        APF9 RTC skew (25s) OK.
(May 10 2017 00:45:06,  844684 sec) LogNmeaSentences()   14,36,032,44,18,10,139,40,22,38,324,44,25,05,040,38*7E
(May 10 2017 00:45:06,  844684 sec) LogNmeaSentences()   $GPGSV,3,3,12,26,61,142,49,27,06,188,37,31,47,009,51,32,29,058,45*7F
(May 10 2017 00:45:15,  844694 sec) LogNmeaSentences()   $GPRMC,004450,A,1357.9856,N,08530.9483,E,001.1,341.2,100517,001.3,W*6F
(May 10 2017 00:45:16,  844694 sec) LogNmeaSentences()   $GPGGA,004450,1357.9856,N,08530.9483,E,1,12,0.7,-4.1,M,-77.9,M,,*45
(May 10 2017 00:45:16,  844694 sec) LogNmeaSentences()   $GPGSA,A,3,01,03,10,11,14,18,22,25,26,27,31,32,1.0,0.7,0.8*36
(May 10 2017 00:45:16,  844695 sec) LogNmeaSentences()   $GPGSV,3,1,12,01,24,282,45,03,11,324,44,10,36,136,44,11,13,257,41*77
(May 10 2017 00:45:17,  844695 sec) LogNmeaSentences()   $GPGSV,3,2,12,14,36,032,45,18,10,139,41,22,38,324,45,25,05,040,36*71
(May 10 2017 00:45:17,  844695 sec) LogNmeaSentences()   $GPGSV,3,3,12,26,61,142,47,27,06,188,38,31,46,009,47,32,29,058,40*7D
(May 10 2017 00:45:25,  844704 sec) LogNmeaSentences()   $GPRMC,004500,A,1357.9869,N,08530.9469,E,000.5,279.8,100517,001.3,W*66
(May 10 2017 00:45:26,  844704 sec) LogNmeaSentences()   $GPGGA,004500,1357.9869,N,08530.9469,E,1,12,0.7,-4.9,M,-77.9,M,,*41
(May 10 2017 00:45:26,  844704 sec) LogNmeaSentences()   $GPGSA,A,3,01,03,10,11,14,18,22,25,26,27,31,32,1.0,0.7,0.8*36
(May 10 2017 00:45:26,  844705 sec) LogNmeaSentences()   $GPGSV,3,1,12,01,24,282,44,03,11,324,42,10,36,136,46,11,13,257,41*72
(May 10 2017 00:45:27,  844705 sec) LogNmeaSentences()   $GPGSV,3,2,12,14,36,032,43,18,10,139,41,22,38,324,40,25,05,040,36*72
(May 10 2017 00:45:27,  844705 sec) LogNmeaSentences()   $GPGSV,3,3,12,26,61,142,50,27,06,188,37,31,46,009,48,32,29,058,45*7E
(May 10 2017 00:45:27,  844706 sec) LogNmeaSentences()   $PGRMT,GPS 15x-L software ver. 3.80,,,,,,,,*7C
(May 10 2017 00:45:35,  844714 sec) LogNmeaSentences()   $GPRMC,004510,A,1357.9888,N,08530.9443,E,000.7,283.2,100517,001.3,W*6D
(May 10 2017 00:45:36,  844714 sec) LogNmeaSentences()   $GPGGA,004510,1357.9888,N,08530.9443,E,1,12,0.7,-4.7,M,-77.9,M,,*49
(May 10 2017 00:45:36,  844714 sec) LogNmeaSentences()   $GPGSA,A,3,01,03,10,11,14,18,22,25,26,27,31,32,1.0,0.7,0.8*36
(May 10 2017 00:45:36,  844715 sec) LogNmeaSentences()   $GPGSV,3,1,12,01,24,282,42,03,11,324,43,10,36,136,47,11,13,257,41*74
(May 10 2017 00:45:37,  844715 sec) GpsServices()        GPS services complete.
(May 10 2017 00:46:01,  844740 sec) CLogin()             Connecting to primary host.
(May 10 2017 00:46:12,  844750 sec) CLogin()             Connection 1 established in 11 seconds.
(May 10 2017 00:46:24,  844763 sec) login()              Login successful.
(May 10 2017 00:46:28,  844766 sec) CLogin()             Logged in to host.  [Login required 16 seconds]
(May 10 2017 00:46:35,  844774 sec) RxConfig()           Downloading "mission.cfg" from host.
(May 10 2017 00:46:38,  844776 sec) Rx()                 Initiating transfer. [0x43]
(May 10 2017 00:46:45,  844784 sec) Rx()                 Pad character [0x1a] found in ascii mode - truncating packet.
(May 10 2017 00:46:50,  844788 sec) Rx()                 Received EOT - transfer complete. [1 packets, 1024 bytes, 12 sec, 85.3 bps]
(May 10 2017 00:46:50,  844788 sec) RxConfig()           Download successful.
(May 10 2017 00:47:04,  844802 sec) WriteVitals()        Writing vitals to "9567.092.msg".
(May 10 2017 00:47:11,  844809 sec) UpLoadFile()         Uploading "9567.092.msg" to host as "9567.092.msg".
(May 10 2017 00:47:13,  844811 sec) Tx()                 CRC negotiation successful. [16-bit CRC]
(May 10 2017 00:48:00,  844859 sec) TxPacket()           NAK received - resending packet. [PktNum=0x09]
(May 10 2017 00:48:00,  844859 sec) TxPacket()           Packet xmit history: [00000001] (0:ok, 1:fail).
(May 10 2017 00:48:47,  844906 sec) TxPacket()           NAK received - resending packet. [PktNum=0x11]
(May 10 2017 00:48:47,  844906 sec) TxPacket()           Packet xmit history: [00000001] (0:ok, 1:fail).
(May 10 2017 00:49:03,  844922 sec) TxPacket()           NAK received - resending packet. [PktNum=0x13]
(May 10 2017 00:49:03,  844922 sec) TxPacket()           Packet xmit history: [00001001] (0:ok, 1:fail).
(May 10 2017 00:49:27,  844946 sec) TxPacket()           NAK received - resending packet. [PktNum=0x16]
(May 10 2017 00:49:27,  844946 sec) TxPacket()           Packet xmit history: [10010001] (0:ok, 1:fail).
(May 10 2017 00:49:35,  844953 sec) TxPacket()           NAK received - resending packet. [PktNum=0x16]
(May 10 2017 00:49:35,  844953 sec) TxPacket()           Packet xmit history: [00100011] (0:ok, 1:fail).
(May 10 2017 00:50:04,  844983 sec) Tx()                 Transmission completed successfully [23 packets, 23212 bytes, 170 sec, 138.5 bps]
(May 10 2017 00:50:04,  844983 sec) UpLoadFile()         Upload successful.
(May 10 2017 00:50:12,  844991 sec) UpLoadFile()         Uploading "9567.092.log" to host as "9567.092.log".
(May 10 2017 00:50:24,  845003 sec) Tx()                 CRC negotiation successful. [16-bit CRC]
(May 10 2017 00:50:27,  845005 sec) TxPacket()           Invalid response [0x43] - resending packet. [PktNum=0x01]
(May 10 2017 00:50:27,  845005 sec) TxPacket()           Packet xmit history: [00011001] (0:ok, 1:fail).
(May 10 2017 00:51:57,  845096 sec) TxPacket()           NAK received - resending packet. [PktNum=0x11]
(May 10 2017 00:51:57,  845096 sec) TxPacket()           Packet xmit history: [00000001] (0:ok, 1:fail).
(May 10 2017 00:53:07,  845166 sec) Tx()                 Transmission completed successfully [28 packets, 28268 bytes, 162 sec, 177.0 bps]
(May 10 2017 00:53:07,  845166 sec) UpLoadFile()         Upload successful.
(May 10 2017 00:53:13,  845172 sec) UpLoad()             Files successfully uploaded: 2
(May 10 2017 00:53:14,  845172 sec) UpLoad()             Upload complete.
(May 10 2017 00:53:17,  845176 sec) logout()             Log-out successful.
(May 10 2017 00:53:19,  845177 sec) Telemetry()          Telemetry cycle complete: PrfId=92 ConnectionAttempts=1  Connections=1
(May 10 2017 00:53:19,  845177 sec) TelemetryTerminate() Parsing new mission configuration.
(May 10 2017 00:53:20,  845179 sec) configure()          Parsing configurators in "mission.cfg".
(May 10 2017 00:53:24,  845183 sec) configure()             TelemetryRetry(15)      [0x7BBC] [TelemetryRetry(15)].
(May 10 2017 00:53:24,  845183 sec) configure()          Configuration CRCs and syntax OK.
(May 10 2017 00:53:25,  845183 sec) ConfigSupervisor()   Sanity check violated: cfg->PressureCP >= 750
(May 10 2017 00:53:25,  845183 sec) ConfigSupervisor()   Configuration accepted.
(May 10 2017 00:53:25,  845183 sec) TelemetryTerminate() Reconditioning the file system.
(May 10 2017 00:53:35,       7 sec) DescentInit()        Deep profile 93 initiated at mission-time 845186sec.
(May 10 2017 00:53:37,      10 sec) DescentInit()        Surface pressure: -0.2dbars.
(May 10 2017 00:53:42,      15 sec) PistonMoveAbsWTO()    219->054 218 217 216 215 214 213 212 211 210 209 208 207 206 205 204 203 202 201 200 199 198 197 196 195 194 193 192 191 190 189 188 187 186 185 184 183 182 181 180 179 178 177 176 175 174 173 172 171 170 169 168 167 166 165 164 163 162 161 160 159 158 157 156 155 154 153 152 151 150 149 148 147 146 145 144 143 142 141 140 139 138 137 136 135 134 133 132 131 130 129 128 127 126 125 124 123 122 121 120 119 118 117 116 115 114 113 112 111 110 109 108 107 106 105 104 103 102 101 100 099 098 097 096 095 094 093 092 091 090 089 088 087 086 085 084 083 082 081 080 079 078 077 076 075 074 073 072 071 070 069 068 067 066 065 064 063 062 061 060 059 058 057 056 055 054 [829sec, 14.3Volts, 0.153Amps, CPT:829sec]
(May 10 2017 01:07:31,     844 sec) PistonMoveAbsWTO()    054->000 053 052 051 050 049 048 047 046 045 044 043 042 041 040 039 038 037 036 035 034 033 032 031 030 029 028 027 026 025 024 023 022 021 020 019 018 017 016 015 014 013 012 011 010 009 [226sec, 14.3Volts, 0.149Amps, CPT:1055sec]
(May 10 2017 01:11:27,    1080 sec) Descent()            Pressure: 116.3
(May 10 2017 01:53:31,    3604 sec) Descent()            Pressure: 420.4
(May 10 2017 02:53:31,    7204 sec) Descent()            Pressure: 911.4
(May 10 2017 02:53:31,    7204 sec) PistonMoveAbsWTO()    009->054 010 011 012 013 014 015 016 017 018 019 020 021 022 023 024 025 026 027 028 029 030 031 032 033 034 035 036 037 038 039 040 041 042 043 044 045 046 047 048 049 050 051 052 053 054 [262sec, 13.4Volts, 0.455Amps, CPT:1317sec]
(May 10 2017 03:53:31,   10804 sec) Descent()            Pressure: 884.6
(May 10 2017 04:53:31,   14404 sec) Descent()            Pressure: 895.1
(May 10 2017 05:53:31,   18004 sec) Descent()            Pressure: 908.2
(May 10 2017 05:53:31,   18004 sec) ParkInit()           
(May 10 2017 07:54:00,   25233 sec) Park()               ParkPOutOfBand[-3, 919.1 dbars]: retract piston.
(May 10 2017 07:54:01,   25234 sec) PistonMoveAbsWTO()    054->053 053 [2sec, 14.0Volts, 0.105Amps, CPT:1319sec]
(May 10 2017 10:54:00,   36033 sec) Park()               ParkPOutOfBand[-3, 954.7 dbars]: retract piston.
(May 10 2017 10:54:01,   36034 sec) PistonMoveAbsWTO()    053->052 052 [5sec, 14.0Volts, 0.093Amps, CPT:1324sec]
(May 10 2017 22:54:00,   79233 sec) Park()               ParkPOutOfBand[3, 1011.9 dbars]: extend piston.
(May 10 2017 22:54:01,   79234 sec) PistonMoveAbsWTO()    052->053 053 [2sec, 13.3Volts, 0.479Amps, CPT:1326sec]
(May 11 2017 13:54:01,  133233 sec) Park()               ParkPOutOfBand[3, 1017.4 dbars]: extend piston.
(May 11 2017 13:54:01,  133234 sec) PistonMoveAbsWTO()    053->054 054 [6sec, 12.8Volts, 0.488Amps, CPT:1332sec]
(May 14 2017 18:54:03,  410436 sec) Park()               ParkPOutOfBand[3, 1011.5 dbars]: extend piston.
(May 14 2017 18:54:03,  410436 sec) PistonMoveAbsWTO()    054->055 055 [7sec, 12.4Volts, 0.488Amps, CPT:1339sec]
(May 14 2017 21:54:03,  421236 sec) Park()               ParkPOutOfBand[-3, 987.2 dbars]: retract piston.
(May 14 2017 21:54:03,  421236 sec) PistonMoveAbsWTO()    055->054 054 [2sec, 13.8Volts, 0.089Amps, CPT:1341sec]
(May 19 2017 08:53:52,  806425 sec) CtdPower()           [  996.56,  6.7259, 34.9408]
(May 19 2017 08:53:53,  806425 sec) CtdPower()           CTD Power consumption [176VCnt 11ACnt]: 13.643Volts * 0.044Amps = 0.60Watts.
(May 19 2017 08:53:53,  806426 sec) ParkTerminate()      Piston Position:54 Vacuum:80 Vq:195 Aq:6 Vsbe:176 Asbe:11
(May 19 2017 08:54:20,  806453 sec) ParkTerminate()      PTS: 996.6dbars 6.7234C 34.9423PSU
(May 19 2017 08:54:21,  806454 sec) GoDeepInit()         Moving piston.
(May 19 2017 08:54:21,  806454 sec) PistonMoveAbsWTO()    054->016 053 052 051 050 049 048 047 046 045 044 043 042 041 040 039 038 037 036 035 034 033 032 031 030 029 028 027 026 025 024 023 022 021 020 019 018 017 016 [198sec, 13.8Volts, 0.093Amps, CPT:1539sec]
(May 19 2017 13:53:31,  824404 sec) ProfileInit()        PrfId:093  Pressure:1999.2dbar  pTable[1]:1900dbar
(May 19 2017 13:53:34,  824407 sec) PistonMoveAbsWTO()    016->038 017 018 019 020 [30sec, 12.5Volts, 0.786Amps, CPT:1569sec]
(May 19 2017 13:54:14,  824447 sec) PistonMoveAbsWTO()    021->038 022 023 024 025 [30sec, 12.7Volts, 0.790Amps, CPT:1599sec]
(May 19 2017 13:54:54,  824487 sec) PistonMoveAbsWTO()    025->038 026 027 028 029 [30sec, 12.4Volts, 0.782Amps, CPT:1629sec]
(May 19 2017 13:55:34,  824527 sec) PistonMoveAbsWTO()    029->038 030 031 032 033 [30sec, 12.2Volts, 0.794Amps, CPT:1659sec]
(May 19 2017 13:56:14,  824567 sec) PistonMoveAbsWTO()    033->038 034 035 036 037 [30sec, 11.9Volts, 0.782Amps, CPT:1689sec]
(May 19 2017 13:56:54,  824607 sec) PistonMoveAbsWTO()    037->038 038 [3sec, 12.1Volts, 0.790Amps, CPT:1692sec]
(May 19 2017 14:09:56,  825389 sec) Profile()            Sample 0 initiated at 1900.9dbars for bin 1 [1900dbars].  PTS: 1898.3dbars 3.0227C 34.7961PSU
(May 19 2017 14:26:50,  826403 sec) Profile()            Sample 1 initiated at 1800.6dbars for bin 2 [1800dbars].  PTS: 1798.3dbars 3.2729C 34.8070PSU
(May 19 2017 14:43:49,  827422 sec) AscentControlAgent() Bouyancy nudge to 48 (v=0.076dbar/sec).
(May 19 2017 14:43:50,  827423 sec) PistonMoveAbsWTO()    038->048 039 040 041 042 [30sec, 13.1Volts, 0.705Amps, CPT:1722sec]
(May 19 2017 14:44:30,  827463 sec) PistonMoveAbsWTO()    042->048 043 044 045 046 [30sec, 12.8Volts, 0.725Amps, CPT:1752sec]
(May 19 2017 14:45:10,  827503 sec) PistonMoveAbsWTO()    047->048 048 [7sec, 12.7Volts, 0.721Amps, CPT:1759sec]
(May 19 2017 14:46:45,  827598 sec) Profile()            Sample 2 initiated at 1700.4dbars for bin 3 [1700dbars].  PTS: 1697.7dbars 3.6223C 34.8224PSU
(May 19 2017 15:02:29,  828542 sec) Profile()            Sample 3 initiated at 1600.6dbars for bin 4 [1600dbars].  PTS: 1598.0dbars 4.0352C 34.8385PSU
(May 19 2017 15:19:45,  829578 sec) Profile()            Sample 4 initiated at 1500.8dbars for bin 5 [1500dbars].  PTS: 1498.7dbars 4.4608C 34.8555PSU
(May 19 2017 15:29:10,  830143 sec) AscentControlAgent() Bouyancy nudge to 58 (v=0.078dbar/sec).
(May 19 2017 15:29:11,  830144 sec) PistonMoveAbsWTO()    048->058 049 050 051 052 053 [30sec, 13.2Volts, 0.621Amps, CPT:1789sec]
(May 19 2017 15:29:51,  830184 sec) PistonMoveAbsWTO()    053->058 054 055 056 057 [30sec, 12.9Volts, 0.645Amps, CPT:1819sec]
(May 19 2017 15:30:31,  830224 sec) PistonMoveAbsWTO()    057->058 058 [3sec, 13.2Volts, 0.629Amps, CPT:1822sec]
(May 19 2017 15:37:53,  830666 sec) Profile()            Sample 5 initiated at 1400.4dbars for bin 6 [1400dbars].  PTS: 1397.8dbars 4.8925C 34.8719PSU
(May 19 2017 15:45:45,  831138 sec) Profile()            Sample 6 initiated at 1350.3dbars for bin 7 [1350dbars].  PTS: 1347.7dbars 5.0777C 34.8791PSU
(May 19 2017 15:53:55,  831628 sec) Profile()            Sample 7 initiated at 1300.5dbars for bin 8 [1300dbars].  PTS: 1298.1dbars 5.2896C 34.8866PSU
(May 19 2017 16:03:07,  832180 sec) Profile()            Sample 8 initiated at 1250.5dbars for bin 9 [1250dbars].  PTS: 1248.4dbars 5.4728C 34.8937PSU
(May 19 2017 16:09:22,  832555 sec) AscentControlAgent() Bouyancy nudge to 68 (v=0.079dbar/sec).
(May 19 2017 16:09:23,  832556 sec) PistonMoveAbsWTO()    058->068 059 060 061 062 063 [30sec, 13.3Volts, 0.556Amps, CPT:1852sec]
(May 19 2017 16:10:03,  832596 sec) PistonMoveAbsWTO()    063->068 064 065 066 067 [30sec, 13.1Volts, 0.544Amps, CPT:1882sec]
(May 19 2017 16:10:43,  832636 sec) PistonMoveAbsWTO()    067->068 068 [2sec, 13.6Volts, 0.548Amps, CPT:1884sec]
(May 19 2017 16:12:42,  832755 sec) Profile()            Sample 9 initiated at 1200.9dbars for bin 10 [1200dbars].  PTS: 1198.2dbars 5.6964C 34.9020PSU
(May 19 2017 16:20:34,  833227 sec) Profile()            Sample 10 initiated at 1150.4dbars for bin 11 [1150dbars].  PTS: 1147.8dbars 5.9431C 34.9115PSU
(May 19 2017 16:28:34,  833707 sec) Profile()            Sample 11 initiated at 1100.7dbars for bin 12 [1100dbars].  PTS: 1098.1dbars 6.2414C 34.9230PSU
(May 19 2017 16:36:46,  834199 sec) Profile()            Sample 12 initiated at 1050.6dbars for bin 13 [1050dbars].  PTS: 1048.1dbars 6.4754C 34.9320PSU
(May 19 2017 16:45:28,  834721 sec) Profile()            Sample 13 initiated at 1000.4dbars for bin 14 [1000dbars].  PTS: 998.1dbars 6.7766C 34.9426PSU
(May 19 2017 16:55:10,  835303 sec) Profile()            Sample 14 initiated at 950.9dbars for bin 15 [950dbars].  PTS: 948.8dbars 7.0538C 34.9542PSU
(May 19 2017 17:05:32,  835925 sec) Profile()            Sample 15 initiated at 900.5dbars for bin 16 [900dbars].  PTS: 898.4dbars 7.3496C 34.9649PSU
(May 19 2017 17:14:37,  836470 sec) AscentControlAgent() Bouyancy nudge to 78 (v=0.080dbar/sec).
(May 19 2017 17:14:38,  836471 sec) PistonMoveAbsWTO()    068->078 069 070 071 072 073 [30sec, 13.5Volts, 0.419Amps, CPT:1914sec]
(May 19 2017 17:15:45,  836538 sec) Profile()            Sample 16 initiated at 850.8dbars for bin 17 [850dbars].  PTS: 848.4dbars 7.6572C 34.9756PSU
(May 19 2017 17:15:46,  836539 sec) PistonMoveAbsWTO()    073->078 074 075 076 077 078 [28sec, 13.4Volts, 0.427Amps, CPT:1942sec]
(May 19 2017 17:23:23,  836996 sec) Profile()            Sample 17 initiated at 800.3dbars for bin 18 [800dbars].  PTS: 797.6dbars 7.9995C 34.9863PSU
(May 19 2017 17:31:15,  837468 sec) Profile()            Sample 18 initiated at 750.6dbars for bin 19 [750dbars].  PTS: 748.1dbars 8.3084C 34.9962PSU
(May 19 2017 17:39:45,  837978 sec) Profile()            Sample 19 initiated at 700.2dbars for bin 20 [700dbars].  PTS: 697.8dbars 8.6766C 35.0060PSU
(May 19 2017 17:48:27,  838500 sec) Profile()            Sample 20 initiated at 650.3dbars for bin 21 [650dbars].  PTS: 648.0dbars 8.9933C 35.0140PSU
(May 19 2017 17:57:19,  839032 sec) Profile()            Sample 21 initiated at 600.1dbars for bin 22 [600dbars].  PTS: 597.8dbars 9.4252C 35.0257PSU
(May 19 2017 18:06:01,  839554 sec) Profile()            Sample 22 initiated at 550.9dbars for bin 23 [550dbars].  PTS: 548.5dbars 9.7840C 35.0332PSU
(May 19 2017 18:14:31,  840064 sec) Profile()            Sample 23 initiated at 500.6dbars for bin 24 [500dbars].  PTS: 498.1dbars 10.1339C 35.0360PSU
(May 19 2017 18:16:09,  840162 sec) Sbe41cpStartCP()     Continuous profile started.
(May 19 2017 19:02:05,  842918 sec) AscentControlAgent() Bouyancy nudge to 88 (v=0.070dbar/sec).
(May 19 2017 19:02:06,  842918 sec) PistonMoveAbsWTO()    078->088 079 080 081 082 083 [30sec, 13.8Volts, 0.242Amps, CPT:1972sec]
(May 19 2017 19:02:46,  842958 sec) PistonMoveAbsWTO()    083->088 084 085 086 087 088 [25sec, 13.8Volts, 0.238Amps, CPT:1997sec]
(May 19 2017 19:08:16,  843289 sec) AscentControlAgent() Bouyancy nudge to 98 (v=0.064dbar/sec).
(May 19 2017 19:08:17,  843289 sec) PistonMoveAbsWTO()    088->098 089 090 091 092 093 [30sec, 13.9Volts, 0.230Amps, CPT:2027sec]
(May 19 2017 19:08:57,  843329 sec) PistonMoveAbsWTO()    093->098 094 095 096 097 098 [25sec, 13.8Volts, 0.230Amps, CPT:2052sec]
(May 19 2017 19:14:27,  843660 sec) AscentControlAgent() Bouyancy nudge to 108 (v=0.048dbar/sec).
(May 19 2017 19:14:28,  843660 sec) PistonMoveAbsWTO()    098->108 099 100 101 102 103 [30sec, 13.9Volts, 0.226Amps, CPT:2082sec]
(May 19 2017 19:15:08,  843700 sec) PistonMoveAbsWTO()    103->108 104 105 106 107 108 [25sec, 13.9Volts, 0.222Amps, CPT:2107sec]
(May 19 2017 19:20:38,  844031 sec) AscentControlAgent() Bouyancy nudge to 118 (v=0.038dbar/sec).
(May 19 2017 19:20:39,  844031 sec) PistonMoveAbsWTO()    108->118 109 110 111 112 113 [30sec, 13.9Volts, 0.218Amps, CPT:2137sec]
(May 19 2017 19:21:19,  844071 sec) PistonMoveAbsWTO()    113->118 114 115 116 117 118 [25sec, 13.9Volts, 0.218Amps, CPT:2162sec]
(May 19 2017 19:26:49,  844402 sec) AscentControlAgent() Bouyancy nudge to 128 (v=0.020dbar/sec).
(May 19 2017 19:26:50,  844402 sec) PistonMoveAbsWTO()    118->128 119 120 121 122 123 [30sec, 14.0Volts, 0.218Amps, CPT:2192sec]
(May 19 2017 19:27:30,  844442 sec) PistonMoveAbsWTO()    123->128 124 125 126 127 128 [24sec, 13.9Volts, 0.222Amps, CPT:2216sec]
(May 19 2017 19:32:59,  844772 sec) AscentControlAgent() Bouyancy nudge to 138 (v=0.035dbar/sec).
(May 19 2017 19:33:00,  844772 sec) PistonMoveAbsWTO()    128->138 129 130 131 132 133 [30sec, 14.0Volts, 0.210Amps, CPT:2246sec]
(May 19 2017 19:33:40,  844812 sec) PistonMoveAbsWTO()    133->138 134 135 136 137 138 [25sec, 14.0Volts, 0.214Amps, CPT:2271sec]
(May 19 2017 19:39:10,  845143 sec) AscentControlAgent() Bouyancy nudge to 148 (v=0.041dbar/sec).
(May 19 2017 19:39:11,  845143 sec) PistonMoveAbsWTO()    138->148 139 140 141 142 143 [30sec, 14.0Volts, 0.214Amps, CPT:2301sec]
(May 19 2017 19:39:51,  845183 sec) PistonMoveAbsWTO()    143->148 144 145 146 147 148 [23sec, 14.0Volts, 0.205Amps, CPT:2324sec]
(May 19 2017 19:45:20,  845513 sec) AscentControlAgent() Bouyancy nudge to 158 (v=0.054dbar/sec).
(May 19 2017 19:45:21,  845513 sec) PistonMoveAbsWTO()    148->158 149 150 151 152 153 [30sec, 14.0Volts, 0.205Amps, CPT:2354sec]
(May 19 2017 19:46:01,  845553 sec) PistonMoveAbsWTO()    153->158 154 155 156 157 158 [24sec, 14.0Volts, 0.201Amps, CPT:2378sec]
(May 19 2017 19:51:30,  845883 sec) AscentControlAgent() Bouyancy nudge to 168 (v=0.074dbar/sec).
(May 19 2017 19:51:31,  845883 sec) PistonMoveAbsWTO()    158->168 159 160 161 162 163 [30sec, 14.1Volts, 0.193Amps, CPT:2408sec]
(May 19 2017 19:52:11,  845923 sec) PistonMoveAbsWTO()    163->168 164 165 166 167 168 [23sec, 14.0Volts, 0.189Amps, CPT:2431sec]
(May 19 2017 19:56:35,  846188 sec) AscentControlAgent() Bouyancy nudge to 178 (v=0.066dbar/sec).
(May 19 2017 19:56:36,  846188 sec) PistonMoveAbsWTO()    168->178 169 170 171 172 173 [30sec, 14.1Volts, 0.193Amps, CPT:2461sec]
(May 19 2017 19:57:16,  846228 sec) PistonMoveAbsWTO()    173->178 174 175 176 177 178 [23sec, 14.0Volts, 0.189Amps, CPT:2484sec]
(May 19 2017 20:01:11,  846464 sec) SurfaceDetect()      SurfacePressure:-0.2dbars Pressure:3.4dbars PistonPosition:178
(May 19 2017 20:01:12,  846465 sec) Sbe41cpStopCP()      Continuous profile stopped.
(May 19 2017 20:01:18,  846471 sec) PistonMoveAbsWTO()    178->200 179 180 181 182 183 184 185 186 187 188 189 190 191 192 193 194 195 196 197 198 199 200 [113sec, 14.1Volts, 0.169Amps, CPT:2597sec]
(May 19 2017 20:03:23,  846595 sec) sbe41cp.c:chat()     Expected string [S>] not received.
(May 19 2017 20:05:10,  846703 sec) Sbe41cpBinAverage()  Finished averaging 6334 samples in 103 seconds.
(May 19 2017 20:05:15,  846708 sec) Sbe41cpUploadCP()    Sbe41cpSerNo[5994] NSample[6334] NBin[247]
(May 19 2017 20:05:56,  846748 sec) Sbe41cpUploadCP()    Continuous profile uploaded [247 lines].

<EOT>
