(Dec 08 2014 19:37:36,  845314 sec) TelemetryInit()      Profile 2. (Apf9i FwRev: 012811)
(Dec 08 2014 19:44:32,  845730 sec) AirSystem()          Battery [188cnt, 14.6V]  Current [78cnt, 31.4mA]  Barometer [126cnt, 6.5"Hg]  Run-Time [48s]
(Dec 08 2014 19:45:00,  845758 sec) GpsServices()        GPS almanac is current.
(Dec 08 2014 19:45:00,  845758 sec) GpsServices()        Initiating GPS fix acquisition.
(Dec 08 2014 19:45:12,  845771 sec) gga()                $GPGGA,194520,0900.8204,N,08552.1501,E,0,00,,,M,,M,,*5E
(Dec 08 2014 19:45:19,  845777 sec) gga()                $GPGGA,194510,0900.8204,N,08552.1501,E,0,00,,,M,,M,,*5D
(Dec 08 2014 19:45:28,  845787 sec) gga()                $GPGGA,194520,0900.8204,N,08552.1501,E,0,00,,,M,,M,,*5E
(Dec 08 2014 19:45:38,  845797 sec) gga()                $GPGGA,194530,0900.8204,N,08552.1501,E,0,00,,,M,,M,,*5F
(Dec 08 2014 19:46:07,  845825 sec) gga()                $GPGGA,194540,0913.9838,N,08548.6282,E,1,12,0.7,-3.0,M,-82.3,M,,*4F
(Dec 08 2014 19:46:07,  845825 sec) GpsServices()        Profile 2 GPS fix obtained in 67 seconds.
(Dec 08 2014 19:46:07,  845826 sec) GpsServices()                  lon     lat mm/dd/yyyy hhmmss nsat
(Dec 08 2014 19:46:07,  845826 sec) GpsServices()        Fix:   85.810   9.233 12/08/2014 194540   12
(Dec 08 2014 19:46:37,  845855 sec) gga()                $GPGGA,194610,0913.9816,N,08548.6286,E,1,12,0.7,-5.0,M,-82.3,M,,*47
(Dec 08 2014 19:46:42,  845861 sec) gga()                $GPGGA,194640,0913.9786,N,08548.6301,E,1,12,0.7,-5.3,M,-82.3,M,,*49
(Dec 08 2014 19:46:42,  845861 sec) GpsServices()        APF9 RTC skew (2s) OK.
(Dec 08 2014 19:46:43,  845861 sec) LogNmeaSentences()   0,07,238,41,11,49,074,46,13,22,313,41,17,41,232,46*79
(Dec 08 2014 19:46:43,  845862 sec) LogNmeaSentences()   $GPGSV,3,3,12,19,12,033,40,23,29,167,46,28,26,312,43,30,37,346,44*72
(Dec 08 2014 19:46:52,  845871 sec) LogNmeaSentences()   $GPRMC,194650,A,0913.9781,N,08548.6304,E,000.9,116.4,081214,001.8,W*6B
(Dec 08 2014 19:46:53,  845871 sec) LogNmeaSentences()   $GPGGA,194650,0913.9781,N,08548.6304,E,1,12,0.7,-5.3,M,-82.3,M,,*4A
(Dec 08 2014 19:46:53,  845872 sec) LogNmeaSentences()   $GPGSA,A,3,01,04,07,09,10,11,13,17,19,23,28,30,1.1,0.7,0.8*33
(Dec 08 2014 19:46:53,  845872 sec) LogNmeaSentences()   $GPGSV,3,1,12,01,43,111,45,04,29,075,44,07,57,029,47,09,53,199,48*7C
(Dec 08 2014 19:46:54,  845872 sec) LogNmeaSentences()   $GPGSV,3,2,12,10,07,238,41,11,49,074,47,13,22,313,43,17,41,232,48*74
(Dec 08 2014 19:46:54,  845873 sec) LogNmeaSentences()   $GPGSV,3,3,12,19,12,033,42,23,29,167,46,28,26,313,43,30,37,346,46*73
(Dec 08 2014 19:47:02,  845881 sec) LogNmeaSentences()   $GPRMC,194700,A,0913.9776,N,08548.6310,E,000.4,196.3,081214,001.8,W*60
(Dec 08 2014 19:47:03,  845881 sec) LogNmeaSentences()   $GPGGA,194700,0913.9776,N,08548.6310,E,1,12,0.7,-5.1,M,-82.3,M,,*41
(Dec 08 2014 19:47:03,  845882 sec) LogNmeaSentences()   $GPGSA,A,3,01,04,07,09,10,11,13,17,19,23,28,30,1.1,0.7,0.8*33
(Dec 08 2014 19:47:03,  845882 sec) LogNmeaSentences()   $GPGSV,3,1,12,01,43,111,45,04,29,075,44,07,57,029,48,09,53,199,48*73
(Dec 08 2014 19:47:04,  845882 sec) LogNmeaSentences()   $GPGSV,3,2,12,10,07,238,40,11,49,074,48,13,23,313,43,17,41,232,46*75
(Dec 08 2014 19:47:04,  845883 sec) LogNmeaSentences()   $GPGSV,3,3,12,19,12,033,42,23,29,167,46,28,26,313,44,30,37,346,46*74
(Dec 08 2014 19:47:04,  845883 sec) LogNmeaSentences()   $PGRMT,GPS 15x-L software ver. 3.80,,,,,,,,*7C
(Dec 08 2014 19:47:12,  845891 sec) LogNmeaSentences()   $GPRMC,194710,A,0913.9771,N,08548.6318,E,000.0,100.1,081214,001.8,W*67
(Dec 08 2014 19:47:13,  845891 sec) LogNmeaSentences()   $GPGGA,194710,0913.9771,N,08548.6318,E,1,12,0.7,-5.0,M,-82.3,M,,*4E
(Dec 08 2014 19:47:13,  845892 sec) LogNmeaSentences()   $GPGSA,A,3,01,04,07,09,10,11,13,17,19,23,28,30,1.1,0.7,0.8*33
(Dec 08 2014 19:47:13,  845892 sec) LogNmeaSentences()   $GPGSV,3,1,12,01,43,111,45,04,29,075,45,07,57,029,48,09,53,199,47*7D
(Dec 08 2014 19:47:14,  845892 sec) GpsServices()        GPS services complete.
(Dec 08 2014 19:47:38,  845917 sec) CLogin()             Connecting to primary host.
(Dec 08 2014 19:47:52,  845930 sec) CLogin()             Connection 1 established in 14 seconds.
(Dec 08 2014 19:48:03,  845942 sec) login()              Login successful.
(Dec 08 2014 19:48:06,  845945 sec) CLogin()             Logged in to host.  [Login required 14 seconds]
(Dec 08 2014 19:48:14,  845953 sec) RxConfig()           Downloading "mission.cfg" from host.
(Dec 08 2014 19:48:17,  845955 sec) Rx()                 Initiating transfer. [0x43]
(Dec 08 2014 19:48:25,  845963 sec) Rx()                 Truncated packet received - retrying.
(Dec 08 2014 19:48:29,  845967 sec) RxStartByte()        Sync errors encountered: 936
(Dec 08 2014 19:48:33,  845971 sec) Rx()                 Truncated packet received - retrying.
(Dec 08 2014 19:48:35,  845973 sec) RxStartByte()        Sync errors encountered: 595
(Dec 08 2014 19:48:39,  845978 sec) Rx()                 Pad character [0x1a] found in ascii mode - truncating packet.
(Dec 08 2014 19:48:44,  845982 sec) Rx()                 Received EOT - transfer complete. [1 packets, 1024 bytes, 27 sec, 37.9 bps]
(Dec 08 2014 19:48:44,  845982 sec) RxConfig()           Download successful.
(Dec 08 2014 19:48:58,  845996 sec) WriteVitals()        Writing vitals to "9567.002.msg".
(Dec 08 2014 19:49:08,  846007 sec) UpLoadFile()         Uploading "9567.002.msg" to host as "9567.002.msg".
(Dec 08 2014 19:49:12,  846010 sec) Tx()                 CRC negotiation successful. [16-bit CRC]
(Dec 08 2014 19:50:58,  846117 sec) TxPacket()           NAK received - resending packet. [PktNum=0x14]
(Dec 08 2014 19:50:58,  846117 sec) TxPacket()           Packet xmit history: [00000001] (0:ok, 1:fail).
(Dec 08 2014 19:51:23,  846142 sec) Tx()                 Transmission completed successfully [23 packets, 23169 bytes, 130 sec, 181.2 bps]
(Dec 08 2014 19:51:23,  846142 sec) UpLoadFile()         Upload successful.
(Dec 08 2014 19:51:29,  846148 sec) UpLoadFile()         Uploading "9567.002.log" to host as "9567.002.log".
(Dec 08 2014 19:51:31,  846150 sec) Tx()                 CRC negotiation successful. [16-bit CRC]
(Dec 08 2014 19:54:06,  846305 sec) Tx()                 Transmission completed successfully [28 packets, 28583 bytes, 154 sec, 186.2 bps]
(Dec 08 2014 19:54:06,  846305 sec) UpLoadFile()         Upload successful.
(Dec 08 2014 19:54:12,  846311 sec) UpLoad()             Files successfully uploaded: 2
(Dec 08 2014 19:54:13,  846311 sec) UpLoad()             Upload complete.
(Dec 08 2014 19:54:19,  846317 sec) logout()             Log-out successful.
(Dec 08 2014 19:54:20,  846319 sec) Telemetry()          Telemetry cycle complete: PrfId=2 ConnectionAttempts=1  Connections=1
(Dec 08 2014 19:54:20,  846319 sec) TelemetryTerminate() Parsing new mission configuration.
(Dec 08 2014 19:54:22,  846320 sec) configure()          Parsing configurators in "mission.cfg".
(Dec 08 2014 19:54:26,  846324 sec) configure()             TelemetryRetry(15)      [0x7BBC] [TelemetryRetry(15)].
(Dec 08 2014 19:54:26,  846325 sec) configure()          Configuration CRCs and syntax OK.
(Dec 08 2014 19:54:26,  846325 sec) ConfigSupervisor()   Sanity check violated: cfg->PressureCP >= 750
(Dec 08 2014 19:54:26,  846325 sec) ConfigSupervisor()   Configuration accepted.
(Dec 08 2014 19:54:26,  846325 sec) TelemetryTerminate() Reconditioning the file system.
(Dec 08 2014 19:54:35,       6 sec) DescentInit()        Deep profile 3 initiated at mission-time 846327sec.
(Dec 08 2014 19:54:37,       9 sec) DescentInit()        Surface pressure: -0.2dbars.
(Dec 08 2014 19:54:42,      14 sec) PistonMoveAbsWTO()    179->052 178 177 176 175 174 173 172 171 170 169 168 167 166 165 164 163 162 161 160 159 158 157 156 155 154 153 152 151 150 149 148 147 146 145 144 143 142 141 140 139 138 137 136 135 134 133 132 131 130 129 128 127 126 125 124 123 122 121 120 119 118 117 116 115 114 113 112 111 110 109 108 107 106 105 104 103 102 101 100 099 098 097 096 095 094 093 092 091 090 089 088 087 086 085 084 083 082 081 080 079 078 077 076 075 074 073 072 071 070 069 068 067 066 065 064 063 062 061 060 059 058 057 056 055 054 053 052 [633sec, 14.5Volts, 0.157Amps, CPT:633sec]
(Dec 08 2014 20:05:16,     647 sec) PistonMoveAbsWTO()    052->000 051 050 049 048 047 046 045 044 043 042 041 040 039 038 037 036 035 034 033 032 031 030 029 028 027 026 025 024 023 022 021 020 019 018 017 016 015 014 013 012 011 010 009 [213sec, 14.5Volts, 0.161Amps, CPT:846sec]
(Dec 08 2014 20:08:58,     870 sec) Descent()            Pressure: 78.4
(Dec 08 2014 20:54:32,    3604 sec) Descent()            Pressure: 398.6
(Dec 08 2014 21:54:32,    7204 sec) Descent()            Pressure: 877.0
(Dec 08 2014 21:54:33,    7204 sec) PistonMoveAbsWTO()    009->052 010 011 012 013 014 015 016 017 018 019 020 021 022 023 024 025 026 027 028 029 030 031 032 033 034 035 036 037 038 039 040 041 042 043 044 045 046 047 048 049 050 051 052 [235sec, 14.2Volts, 0.411Amps, CPT:1081sec]
(Dec 08 2014 22:54:32,   10804 sec) Descent()            Pressure: 888.0
(Dec 08 2014 23:54:32,   14404 sec) Descent()            Pressure: 919.8
(Dec 09 2014 00:54:32,   18004 sec) Descent()            Pressure: 937.5
(Dec 09 2014 00:54:33,   18004 sec) ParkInit()           
(Dec 09 2014 02:55:02,   25233 sec) Park()               ParkPOutOfBand[-3, 935.9 dbars]: retract piston.
(Dec 09 2014 02:55:02,   25234 sec) PistonMoveAbsWTO()    052->051 051 [1sec, 15.1Volts, 0.097Amps, CPT:1082sec]
(Dec 09 2014 05:55:02,   36033 sec) Park()               ParkPOutOfBand[-3, 951.4 dbars]: retract piston.
(Dec 09 2014 05:55:02,   36034 sec) PistonMoveAbsWTO()    051->050 050 [4sec, 15.1Volts, 0.097Amps, CPT:1086sec]
(Dec 09 2014 21:55:02,   93633 sec) Park()               ParkPOutOfBand[3, 1013.0 dbars]: extend piston.
(Dec 09 2014 21:55:02,   93634 sec) PistonMoveAbsWTO()    050->051 051 [2sec, 14.7Volts, 0.467Amps, CPT:1088sec]
(Dec 11 2014 06:55:02,  212434 sec) Park()               ParkPOutOfBand[3, 1019.2 dbars]: extend piston.
(Dec 11 2014 06:55:03,  212434 sec) PistonMoveAbsWTO()    051->052 052 [5sec, 14.7Volts, 0.463Amps, CPT:1093sec]
(Dec 18 2014 03:54:54,  806425 sec) CtdPower()           [ 1012.44,  6.8847, 34.9382]
(Dec 18 2014 03:54:54,  806425 sec) CtdPower()           CTD Power consumption [195VCnt 11ACnt]: 15.116Volts * 0.044Amps = 0.67Watts.
(Dec 18 2014 03:54:54,  806426 sec) ParkTerminate()      Piston Position:52 Vacuum:79 Vq:198 Aq:7 Vsbe:195 Asbe:11
(Dec 18 2014 03:55:22,  806453 sec) ParkTerminate()      PTS: 1012.4dbars 6.8855C 34.9385PSU
(Dec 18 2014 03:55:22,  806454 sec) GoDeepInit()         Moving piston.
(Dec 18 2014 03:55:22,  806454 sec) PistonMoveAbsWTO()    052->014 051 050 049 048 047 046 045 044 043 042 041 040 039 038 037 036 035 034 033 032 031 030 029 028 027 026 025 024 023 022 021 020 019 018 017 016 015 014 [180sec, 14.7Volts, 0.073Amps, CPT:1273sec]
(Dec 18 2014 08:54:32,  824404 sec) ProfileInit()        PrfId:003  Pressure:1987.1dbar  pTable[1]:1900dbar
(Dec 18 2014 08:54:35,  824407 sec) PistonMoveAbsWTO()    014->036 015 016 017 018 019 [30sec, 14.1Volts, 0.758Amps, CPT:1303sec]
(Dec 18 2014 08:55:16,  824447 sec) PistonMoveAbsWTO()    019->036 020 021 022 023 024 [30sec, 13.8Volts, 0.778Amps, CPT:1333sec]
(Dec 18 2014 08:55:56,  824487 sec) PistonMoveAbsWTO()    024->036 025 026 027 028 029 [30sec, 13.7Volts, 0.766Amps, CPT:1363sec]
(Dec 18 2014 08:56:36,  824527 sec) PistonMoveAbsWTO()    029->036 030 031 032 033 [30sec, 13.6Volts, 0.749Amps, CPT:1393sec]
(Dec 18 2014 08:57:16,  824567 sec) PistonMoveAbsWTO()    033->036 034 035 036 [15sec, 13.7Volts, 0.741Amps, CPT:1408sec]
(Dec 18 2014 09:08:08,  825219 sec) Profile()            Sample 0 initiated at 1901.0dbars for bin 1 [1900dbars].  PTS: 1898.0dbars 2.9826C 34.7879PSU
(Dec 18 2014 09:23:52,  826163 sec) Profile()            Sample 1 initiated at 1800.3dbars for bin 2 [1800dbars].  PTS: 1798.0dbars 3.2306C 34.7985PSU
(Dec 18 2014 09:34:49,  826820 sec) AscentControlAgent() Bouyancy nudge to 46 (v=0.074dbar/sec).
(Dec 18 2014 09:34:49,  826821 sec) PistonMoveAbsWTO()    036->046 037 038 039 040 041 [30sec, 14.0Volts, 0.689Amps, CPT:1438sec]
(Dec 18 2014 09:35:30,  826861 sec) PistonMoveAbsWTO()    041->046 042 043 044 045 [30sec, 13.9Volts, 0.673Amps, CPT:1468sec]
(Dec 18 2014 09:36:10,  826901 sec) PistonMoveAbsWTO()    045->046 046 [3sec, 13.9Volts, 0.693Amps, CPT:1471sec]
(Dec 18 2014 09:43:12,  827323 sec) Profile()            Sample 2 initiated at 1700.1dbars for bin 3 [1700dbars].  PTS: 1697.8dbars 3.6845C 34.8163PSU
(Dec 18 2014 10:00:26,  828357 sec) Profile()            Sample 3 initiated at 1600.4dbars for bin 4 [1600dbars].  PTS: 1597.8dbars 4.1725C 34.8357PSU
(Dec 18 2014 10:17:12,  829363 sec) Profile()            Sample 4 initiated at 1500.1dbars for bin 5 [1500dbars].  PTS: 1497.8dbars 4.6043C 34.8537PSU
(Dec 18 2014 10:30:39,  830170 sec) AscentControlAgent() Bouyancy nudge to 56 (v=0.072dbar/sec).
(Dec 18 2014 10:30:39,  830171 sec) PistonMoveAbsWTO()    046->056 047 048 049 050 051 [30sec, 14.1Volts, 0.592Amps, CPT:1501sec]
(Dec 18 2014 10:31:20,  830211 sec) PistonMoveAbsWTO()    051->056 052 053 054 055 056 [28sec, 14.0Volts, 0.580Amps, CPT:1529sec]
(Dec 18 2014 10:36:48,  830539 sec) Profile()            Sample 5 initiated at 1400.7dbars for bin 6 [1400dbars].  PTS: 1398.3dbars 5.0224C 34.8680PSU
(Dec 18 2014 10:45:38,  831069 sec) Profile()            Sample 6 initiated at 1350.2dbars for bin 7 [1350dbars].  PTS: 1347.8dbars 5.2178C 34.8758PSU
(Dec 18 2014 10:54:10,  831581 sec) Profile()            Sample 7 initiated at 1300.2dbars for bin 8 [1300dbars].  PTS: 1297.7dbars 5.4255C 34.8829PSU
(Dec 18 2014 11:02:32,  832083 sec) Profile()            Sample 8 initiated at 1250.3dbars for bin 9 [1250dbars].  PTS: 1247.9dbars 5.6126C 34.8898PSU
(Dec 18 2014 11:11:34,  832625 sec) Profile()            Sample 9 initiated at 1200.2dbars for bin 10 [1200dbars].  PTS: 1198.1dbars 5.8053C 34.8967PSU
(Dec 18 2014 11:15:47,  832878 sec) AscentControlAgent() Bouyancy nudge to 66 (v=0.080dbar/sec).
(Dec 18 2014 11:15:47,  832879 sec) PistonMoveAbsWTO()    056->066 057 058 059 060 061 [30sec, 14.2Volts, 0.488Amps, CPT:1559sec]
(Dec 18 2014 11:16:28,  832919 sec) PistonMoveAbsWTO()    061->066 062 063 064 065 066 [28sec, 14.1Volts, 0.496Amps, CPT:1587sec]
(Dec 18 2014 11:20:53,  833184 sec) Profile()            Sample 10 initiated at 1150.5dbars for bin 11 [1150dbars].  PTS: 1148.1dbars 6.0162C 34.9053PSU
(Dec 18 2014 11:30:05,  833736 sec) Profile()            Sample 11 initiated at 1100.2dbars for bin 12 [1100dbars].  PTS: 1098.0dbars 6.3341C 34.9178PSU
(Dec 18 2014 11:39:27,  834298 sec) Profile()            Sample 12 initiated at 1050.5dbars for bin 13 [1050dbars].  PTS: 1048.3dbars 6.6528C 34.9296PSU
(Dec 18 2014 11:48:19,  834830 sec) Profile()            Sample 13 initiated at 1000.6dbars for bin 14 [1000dbars].  PTS: 998.2dbars 6.9056C 34.9385PSU
(Dec 18 2014 11:57:21,  835372 sec) Profile()            Sample 14 initiated at 950.6dbars for bin 15 [950dbars].  PTS: 948.4dbars 7.1787C 34.9463PSU
(Dec 18 2014 12:06:06,  835897 sec) AscentControlAgent() Bouyancy nudge to 76 (v=0.077dbar/sec).
(Dec 18 2014 12:06:06,  835898 sec) PistonMoveAbsWTO()    066->076 067 068 069 070 071 [30sec, 14.3Volts, 0.419Amps, CPT:1617sec]
(Dec 18 2014 12:06:47,  835938 sec) PistonMoveAbsWTO()    071->076 072 073 074 075 076 [26sec, 14.2Volts, 0.415Amps, CPT:1643sec]
(Dec 18 2014 12:07:51,  836002 sec) Profile()            Sample 15 initiated at 899.5dbars for bin 16 [900dbars].  PTS: 896.9dbars 7.4915C 34.9623PSU
(Dec 18 2014 12:15:41,  836472 sec) Profile()            Sample 16 initiated at 850.7dbars for bin 17 [850dbars].  PTS: 848.2dbars 7.8120C 34.9749PSU
(Dec 18 2014 12:23:53,  836964 sec) Profile()            Sample 17 initiated at 800.4dbars for bin 18 [800dbars].  PTS: 797.9dbars 8.0909C 34.9751PSU
(Dec 18 2014 12:31:55,  837446 sec) Profile()            Sample 18 initiated at 750.6dbars for bin 19 [750dbars].  PTS: 748.0dbars 8.3390C 34.9872PSU
(Dec 18 2014 12:39:45,  837916 sec) Profile()            Sample 19 initiated at 700.4dbars for bin 20 [700dbars].  PTS: 697.7dbars 8.5988C 34.9965PSU
(Dec 18 2014 12:47:17,  838368 sec) Profile()            Sample 20 initiated at 650.7dbars for bin 21 [650dbars].  PTS: 648.0dbars 8.9309C 35.0042PSU
(Dec 18 2014 12:55:17,  838848 sec) Profile()            Sample 21 initiated at 600.7dbars for bin 22 [600dbars].  PTS: 598.3dbars 9.2924C 35.0085PSU
(Dec 18 2014 13:04:19,  839390 sec) Profile()            Sample 22 initiated at 550.4dbars for bin 23 [550dbars].  PTS: 548.1dbars 9.6397C 35.0175PSU
(Dec 18 2014 13:12:51,  839902 sec) Profile()            Sample 23 initiated at 500.6dbars for bin 24 [500dbars].  PTS: 498.0dbars 10.0759C 35.0282PSU
(Dec 18 2014 13:14:28,  840000 sec) Sbe41cpStartCP()     Continuous profile started.
(Dec 18 2014 14:10:34,  843366 sec) AscentControlAgent() Bouyancy nudge to 86 (v=0.044dbar/sec).
(Dec 18 2014 14:10:35,  843366 sec) PistonMoveAbsWTO()    076->086 077 078 079 080 081 [30sec, 14.5Volts, 0.193Amps, CPT:1673sec]
(Dec 18 2014 14:11:15,  843406 sec) PistonMoveAbsWTO()    081->086 082 083 084 085 086 [23sec, 14.5Volts, 0.185Amps, CPT:1696sec]
(Dec 18 2014 14:16:43,  843735 sec) AscentControlAgent() Bouyancy nudge to 96 (v=0.038dbar/sec).
(Dec 18 2014 14:16:44,  843735 sec) PistonMoveAbsWTO()    086->096 087 088 089 090 091 [30sec, 14.5Volts, 0.185Amps, CPT:1726sec]
(Dec 18 2014 14:17:24,  843775 sec) PistonMoveAbsWTO()    091->096 092 093 094 095 096 [23sec, 14.5Volts, 0.181Amps, CPT:1749sec]
(Dec 18 2014 14:22:53,  844104 sec) AscentControlAgent() Bouyancy nudge to 106 (v=0.049dbar/sec).
(Dec 18 2014 14:22:53,  844104 sec) PistonMoveAbsWTO()    096->106 097 098 099 100 101 [30sec, 14.5Volts, 0.181Amps, CPT:1779sec]
(Dec 18 2014 14:23:33,  844144 sec) PistonMoveAbsWTO()    101->106 102 103 104 105 106 [23sec, 14.5Volts, 0.181Amps, CPT:1802sec]
(Dec 18 2014 14:29:02,  844473 sec) AscentControlAgent() Bouyancy nudge to 116 (v=0.066dbar/sec).
(Dec 18 2014 14:29:02,  844473 sec) PistonMoveAbsWTO()    106->116 107 108 109 110 111 [30sec, 14.6Volts, 0.173Amps, CPT:1832sec]
(Dec 18 2014 14:29:42,  844513 sec) PistonMoveAbsWTO()    112->116 113 114 115 116 [22sec, 14.5Volts, 0.173Amps, CPT:1854sec]
(Dec 18 2014 14:35:10,  844841 sec) AscentControlAgent() Bouyancy nudge to 126 (v=0.043dbar/sec).
(Dec 18 2014 14:35:10,  844841 sec) PistonMoveAbsWTO()    116->126 117 118 119 120 121 [30sec, 14.6Volts, 0.173Amps, CPT:1884sec]
(Dec 18 2014 14:35:50,  844881 sec) PistonMoveAbsWTO()    121->126 122 123 124 125 126 [22sec, 14.5Volts, 0.169Amps, CPT:1906sec]
(Dec 18 2014 14:40:14,  845145 sec) AscentControlAgent() Bouyancy nudge to 136 (v=0.042dbar/sec).
(Dec 18 2014 14:40:14,  845145 sec) PistonMoveAbsWTO()    126->136 127 128 129 130 131 [30sec, 14.6Volts, 0.169Amps, CPT:1936sec]
(Dec 18 2014 14:40:54,  845185 sec) PistonMoveAbsWTO()    131->136 132 133 134 135 136 [23sec, 14.5Volts, 0.169Amps, CPT:1959sec]
(Dec 18 2014 14:45:19,  845450 sec) AscentControlAgent() Bouyancy nudge to 146 (v=0.015dbar/sec).
(Dec 18 2014 14:45:19,  845450 sec) PistonMoveAbsWTO()    136->146 137 138 139 140 141 [30sec, 14.6Volts, 0.169Amps, CPT:1989sec]
(Dec 18 2014 14:45:59,  845490 sec) PistonMoveAbsWTO()    141->146 142 143 144 145 146 [22sec, 14.5Volts, 0.173Amps, CPT:2011sec]
(Dec 18 2014 14:50:23,  845754 sec) AscentControlAgent() Bouyancy nudge to 156 (v=0.021dbar/sec).
(Dec 18 2014 14:50:23,  845754 sec) PistonMoveAbsWTO()    146->156 147 148 149 150 151 [30sec, 14.6Volts, 0.169Amps, CPT:2041sec]
(Dec 18 2014 14:51:03,  845794 sec) PistonMoveAbsWTO()    151->156 152 153 154 155 156 [22sec, 14.6Volts, 0.169Amps, CPT:2063sec]
(Dec 18 2014 14:55:27,  846058 sec) AscentControlAgent() Bouyancy nudge to 166 (v=0.055dbar/sec).
(Dec 18 2014 14:55:27,  846058 sec) PistonMoveAbsWTO()    156->166 157 158 [15sec, 14.6Volts, 0.165Amps, CPT:2078sec]
(Dec 18 2014 14:55:52,  846083 sec) PistonMoveAbsWTO()    158->166 159 160 161 [15sec, 14.6Volts, 0.161Amps, CPT:2093sec]
(Dec 18 2014 14:56:17,  846108 sec) PistonMoveAbsWTO()    161->166 162 163 164 [15sec, 14.6Volts, 0.161Amps, CPT:2108sec]
(Dec 18 2014 14:56:42,  846133 sec) PistonMoveAbsWTO()    164->166 165 166 [8sec, 14.6Volts, 0.165Amps, CPT:2116sec]
(Dec 18 2014 14:57:03,  846154 sec) SurfaceDetect()      SurfacePressure:-0.2dbars Pressure:2.7dbars PistonPosition:166
(Dec 18 2014 14:57:03,  846155 sec) Sbe41cpStopCP()      Continuous profile stopped.
(Dec 18 2014 14:57:10,  846161 sec) PistonMoveAbsWTO()    166->188 167 168 169 170 171 172 173 174 175 176 177 178 179 180 181 182 183 184 185 186 187 188 [112sec, 14.6Volts, 0.145Amps, CPT:2228sec]
(Dec 18 2014 14:59:14,  846285 sec) sbe41cp.c:chat()     Expected string [S>] not received.
(Dec 18 2014 15:01:00,  846391 sec) Sbe41cpBinAverage()  Finished averaging 6186 samples in 102 seconds.
(Dec 18 2014 15:01:05,  846396 sec) Sbe41cpUploadCP()    Sbe41cpSerNo[5994] NSample[6186] NBin[246]
(Dec 18 2014 15:01:45,  846436 sec) Sbe41cpUploadCP()    Continuous profile uploaded [246 lines].

<EOT>
