(Oct 15 2016 22:51:55,  857154 sec) TelemetryInit()      Profile 71. (Apf9i FwRev: 012811)
(Oct 15 2016 22:52:04,  857164 sec) AirSystem()          Battery [191cnt, 14.8V]  Current [62cnt, 25.0mA]  Barometer [198cnt, 27.4"Hg]  Run-Time [3s]
(Oct 15 2016 22:54:08,  857288 sec) Telemetry()          SkySearch failed - adding buoyancy to reach the surface.
(Oct 15 2016 22:54:09,  857288 sec) PistonMoveAbsWTO()    227->249 [0sec, 0.0Volts, 0.000Amps, CPT:2713sec]
(Oct 15 2016 23:09:23,  858202 sec) AirSystem()          Air-bladder inflation by-passed. Barometer: [190cnt, 25.1"Hg].
(Oct 15 2016 23:11:26,  858326 sec) Telemetry()          SkySearch failed - adding buoyancy to reach the surface.
(Oct 15 2016 23:11:26,  858326 sec) PistonMoveAbsWTO()    227->249 [0sec, 0.0Volts, 0.000Amps, CPT:2713sec]
(Oct 15 2016 23:26:41,  859240 sec) AirSystem()          Air-bladder inflation by-passed. Barometer: [186cnt, 23.9"Hg].
(Oct 15 2016 23:28:44,  859364 sec) Telemetry()          SkySearch failed - adding buoyancy to reach the surface.
(Oct 15 2016 23:28:44,  859364 sec) PistonMoveAbsWTO()    227->249 [0sec, 0.0Volts, 0.000Amps, CPT:2713sec]
(Oct 15 2016 23:43:59,  860278 sec) AirSystem()          Air-bladder inflation by-passed. Barometer: [182cnt, 22.7"Hg].
(Oct 15 2016 23:46:02,  860401 sec) Telemetry()          SkySearch failed - adding buoyancy to reach the surface.
(Oct 15 2016 23:46:02,  860402 sec) PistonMoveAbsWTO()    227->249 [0sec, 0.0Volts, 0.000Amps, CPT:2713sec]
(Oct 16 2016 00:01:17,  861316 sec) AirSystem()          Air-bladder inflation by-passed. Barometer: [188cnt, 24.5"Hg].
(Oct 16 2016 00:03:20,  861440 sec) Telemetry()          SkySearch failed - adding buoyancy to reach the surface.
(Oct 16 2016 00:03:20,  861440 sec) PistonMoveAbsWTO()    227->249 [0sec, 0.0Volts, 0.000Amps, CPT:2713sec]
(Oct 16 2016 00:18:35,  862354 sec) AirSystem()          Air-bladder inflation by-passed. Barometer: [186cnt, 23.9"Hg].
(Oct 16 2016 00:20:38,  862478 sec) Telemetry()          SkySearch failed - adding buoyancy to reach the surface.
(Oct 16 2016 00:20:38,  862478 sec) PistonMoveAbsWTO()    227->249 [0sec, 0.0Volts, 0.000Amps, CPT:2713sec]
(Oct 16 2016 00:35:53,  863392 sec) AirSystem()          Air-bladder inflation by-passed. Barometer: [187cnt, 24.2"Hg].
(Oct 16 2016 00:37:56,  863516 sec) Telemetry()          SkySearch failed - adding buoyancy to reach the surface.
(Oct 16 2016 00:37:56,  863516 sec) PistonMoveAbsWTO()    227->249 [0sec, 0.0Volts, 0.000Amps, CPT:2713sec]
(Oct 16 2016 00:46:08,  864008 sec) TelemetryTerminate() By-passing mission configuration.
(Oct 16 2016 00:46:08,  864008 sec) TelemetryTerminate() Reconditioning the file system.
(Oct 16 2016 00:46:17,       7 sec) DescentInit()        Deep profile 72 initiated at mission-time 864009sec.
(Oct 16 2016 00:46:19,      10 sec) DescentInit()        Surface pressure: 10.8dbars.
(Oct 16 2016 00:46:24,      15 sec) PistonMoveAbsWTO()    227->053 226 225 224 223 222 221 220 219 218 217 216 215 214 213 212 211 210 209 208 207 206 205 204 203 202 201 200 199 198 197 196 195 194 193 192 191 190 189 188 187 186 185 184 183 182 181 180 179 178 177 176 175 174 173 172 171 170 169 168 167 166 165 164 163 162 161 160 159 158 157 156 155 154 153 152 151 150 149 148 147 146 145 144 143 142 141 140 139 138 137 136 135 134 133 132 131 130 129 128 127 126 125 124 123 122 121 120 119 118 117 116 115 114 113 112 111 110 109 108 107 106 105 104 103 102 101 100 099 098 097 096 095 094 093 092 091 090 089 088 087 086 085 084 083 082 081 080 079 078 077 076 075 074 073 072 071 070 069 068 067 066 065 064 063 062 061 060 059 058 057 056 055 054 053 [859sec, 14.4Volts, 0.157Amps, CPT:859sec]
(Oct 16 2016 01:00:44,     875 sec) PistonMoveAbsWTO()    053->000 052 051 050 049 048 047 046 045 044 043 042 041 040 039 038 037 036 035 034 033 032 031 030 029 028 027 026 025 024 023 022 021 020 019 018 017 016 015 014 013 012 011 010 009 [217sec, 14.4Volts, 0.157Amps, CPT:1076sec]
(Oct 16 2016 01:04:24,    1094 sec) Descent()            Pressure: 82.2
(Oct 16 2016 01:46:13,    3604 sec) Descent()            Pressure: 390.4
(Oct 16 2016 02:46:13,    7204 sec) Descent()            Pressure: 880.6
(Oct 16 2016 02:46:13,    7204 sec) PistonMoveAbsWTO()    009->053 010 011 012 013 014 015 016 017 018 019 020 021 022 023 024 025 026 027 028 029 030 031 032 033 034 035 036 037 038 039 040 041 042 043 044 045 046 047 048 049 050 051 052 053 [253sec, 13.6Volts, 0.431Amps, CPT:1329sec]
(Oct 16 2016 03:46:13,   10804 sec) Descent()            Pressure: 924.2
(Oct 16 2016 04:46:13,   14404 sec) Descent()            Pressure: 967.0
(Oct 16 2016 05:46:13,   18004 sec) Descent()            Pressure: 983.8
(Oct 16 2016 05:46:13,   18004 sec) ParkInit()           
(Oct 16 2016 20:46:43,   72034 sec) Park()               ParkPOutOfBand[3, 1011.0 dbars]: extend piston.
(Oct 16 2016 20:46:43,   72034 sec) PistonMoveAbsWTO()    053->054 054 [6sec, 12.9Volts, 0.471Amps, CPT:1335sec]
(Oct 16 2016 23:46:43,   82834 sec) Park()               ParkPOutOfBand[-3, 982.7 dbars]: retract piston.
(Oct 16 2016 23:46:43,   82834 sec) PistonMoveAbsWTO()    054->053 053 [2sec, 13.8Volts, 0.109Amps, CPT:1337sec]
(Oct 17 2016 07:46:43,  111634 sec) Park()               ParkPOutOfBand[-3, 989.5 dbars]: retract piston.
(Oct 17 2016 07:46:43,  111634 sec) PistonMoveAbsWTO()    053->052 052 [6sec, 13.9Volts, 0.097Amps, CPT:1343sec]
(Oct 17 2016 10:46:43,  122434 sec) Park()               ParkPOutOfBand[3, 1023.9 dbars]: extend piston.
(Oct 17 2016 10:46:43,  122434 sec) PistonMoveAbsWTO()    052->053 053 [3sec, 13.5Volts, 0.471Amps, CPT:1346sec]
(Oct 17 2016 13:46:43,  133234 sec) Park()               ParkPOutOfBand[3, 1013.1 dbars]: extend piston.
(Oct 17 2016 13:46:43,  133234 sec) PistonMoveAbsWTO()    053->054 054 [7sec, 12.9Volts, 0.479Amps, CPT:1353sec]
(Oct 17 2016 16:46:43,  144034 sec) Park()               ParkPOutOfBand[-3, 984.1 dbars]: retract piston.
(Oct 17 2016 16:46:43,  144034 sec) PistonMoveAbsWTO()    054->053 053 [2sec, 13.8Volts, 0.113Amps, CPT:1355sec]
(Oct 22 2016 03:46:46,  529236 sec) Park()               ParkPOutOfBand[3, 1012.5 dbars]: extend piston.
(Oct 22 2016 03:46:46,  529237 sec) PistonMoveAbsWTO()    053->054 054 [2sec, 13.4Volts, 0.463Amps, CPT:1357sec]
(Oct 25 2016 08:46:34,  806425 sec) CtdPower()           [ 1012.65,  6.6350, 34.9375]
(Oct 25 2016 08:46:35,  806425 sec) CtdPower()           CTD Power consumption [179VCnt 11ACnt]: 13.876Volts * 0.044Amps = 0.62Watts.
(Oct 25 2016 08:46:35,  806426 sec) ParkTerminate()      Piston Position:54 Vacuum:80 Vq:196 Aq:6 Vsbe:179 Asbe:11
(Oct 25 2016 08:47:02,  806453 sec) ParkTerminate()      PTS: 1012.5dbars 6.6357C 34.9376PSU
(Oct 25 2016 08:47:03,  806454 sec) GoDeepInit()         Moving piston.
(Oct 25 2016 08:47:03,  806454 sec) PistonMoveAbsWTO()    054->015 053 052 051 050 049 048 047 046 045 044 043 042 041 040 039 038 037 036 035 034 033 032 031 030 029 028 027 026 025 024 023 022 021 020 019 018 017 016 015 [199sec, 13.8Volts, 0.093Amps, CPT:1556sec]
(Oct 25 2016 12:41:13,  820504 sec) GoDeep()             Sequence point detected at 2001.4dbar.
(Oct 25 2016 12:41:16,  820506 sec) ProfileInit()        PrfId:072  Pressure:2001.4dbar  pTable[0]:2000dbar
(Oct 25 2016 12:41:26,  820517 sec) PistonMoveAbsWTO()    015->037 016 017 018 019 020 [30sec, 12.4Volts, 0.810Amps, CPT:1586sec]
(Oct 25 2016 12:42:06,  820557 sec) PistonMoveAbsWTO()    020->037 021 022 023 024 [30sec, 12.6Volts, 0.798Amps, CPT:1616sec]
(Oct 25 2016 12:43:13,  820624 sec) Profile()            Sample 0 initiated at 2000.8dbars for bin 0 [2000dbars].  PTS: 1999.3dbars 2.6612C 34.7787PSU
(Oct 25 2016 12:43:14,  820625 sec) PistonMoveAbsWTO()    024->037 025 026 027 028 [30sec, 12.5Volts, 0.798Amps, CPT:1646sec]
(Oct 25 2016 12:43:54,  820665 sec) PistonMoveAbsWTO()    028->037 029 030 031 032 [30sec, 12.2Volts, 0.798Amps, CPT:1676sec]
(Oct 25 2016 12:44:34,  820705 sec) PistonMoveAbsWTO()    032->037 033 034 035 036 [30sec, 12.1Volts, 0.794Amps, CPT:1706sec]
(Oct 25 2016 12:45:14,  820745 sec) PistonMoveAbsWTO()    036->037 037 [3sec, 12.6Volts, 0.798Amps, CPT:1709sec]
(Oct 25 2016 12:59:56,  821627 sec) Profile()            Sample 1 initiated at 1900.4dbars for bin 1 [1900dbars].  PTS: 1898.0dbars 2.8585C 34.7869PSU
(Oct 25 2016 13:17:22,  822673 sec) Profile()            Sample 2 initiated at 1800.1dbars for bin 2 [1800dbars].  PTS: 1797.7dbars 3.0911C 34.7971PSU
(Oct 25 2016 13:35:46,  823777 sec) Profile()            Sample 3 initiated at 1700.6dbars for bin 3 [1700dbars].  PTS: 1698.5dbars 3.3861C 34.8096PSU
(Oct 25 2016 13:41:31,  824122 sec) AscentControlAgent() Bouyancy nudge to 47 (v=0.080dbar/sec).
(Oct 25 2016 13:41:32,  824123 sec) PistonMoveAbsWTO()    037->047 038 039 040 041 [30sec, 13.1Volts, 0.705Amps, CPT:1739sec]
(Oct 25 2016 13:42:12,  824163 sec) PistonMoveAbsWTO()    041->047 042 043 044 045 046 [30sec, 12.9Volts, 0.677Amps, CPT:1769sec]
(Oct 25 2016 13:42:52,  824203 sec) PistonMoveAbsWTO()    046->047 047 [7sec, 12.8Volts, 0.681Amps, CPT:1776sec]
(Oct 25 2016 13:53:20,  824831 sec) Profile()            Sample 4 initiated at 1600.8dbars for bin 4 [1600dbars].  PTS: 1598.5dbars 3.7142C 34.8229PSU
(Oct 25 2016 14:06:37,  825628 sec) AscentControlAgent() Bouyancy nudge to 57 (v=0.079dbar/sec).
(Oct 25 2016 14:06:38,  825629 sec) PistonMoveAbsWTO()    047->057 048 049 050 051 052 [30sec, 13.2Volts, 0.649Amps, CPT:1806sec]
(Oct 25 2016 14:07:18,  825669 sec) PistonMoveAbsWTO()    052->057 053 054 055 056 [30sec, 12.9Volts, 0.657Amps, CPT:1836sec]
(Oct 25 2016 14:07:58,  825709 sec) PistonMoveAbsWTO()    056->057 057 [3sec, 13.1Volts, 0.645Amps, CPT:1839sec]
(Oct 25 2016 14:12:08,  825959 sec) Profile()            Sample 5 initiated at 1500.0dbars for bin 5 [1500dbars].  PTS: 1497.3dbars 4.0620C 34.8375PSU
(Oct 25 2016 14:27:32,  826883 sec) Profile()            Sample 6 initiated at 1400.6dbars for bin 6 [1400dbars].  PTS: 1397.8dbars 4.4962C 34.8544PSU
(Oct 25 2016 14:35:14,  827345 sec) Profile()            Sample 7 initiated at 1350.4dbars for bin 7 [1350dbars].  PTS: 1347.8dbars 4.6447C 34.8608PSU
(Oct 25 2016 14:43:36,  827847 sec) Profile()            Sample 8 initiated at 1300.5dbars for bin 8 [1300dbars].  PTS: 1298.1dbars 4.8476C 34.8690PSU
(Oct 25 2016 14:53:06,  828417 sec) Profile()            Sample 9 initiated at 1250.2dbars for bin 9 [1250dbars].  PTS: 1248.1dbars 5.0458C 34.8765PSU
(Oct 25 2016 15:03:18,  829029 sec) Profile()            Sample 10 initiated at 1200.8dbars for bin 10 [1200dbars].  PTS: 1198.8dbars 5.2974C 34.8857PSU
(Oct 25 2016 15:03:21,  829032 sec) AscentControlAgent() Bouyancy nudge to 67 (v=0.079dbar/sec).
(Oct 25 2016 15:03:21,  829032 sec) PistonMoveAbsWTO()    057->067 058 059 060 061 [30sec, 13.3Volts, 0.532Amps, CPT:1869sec]
(Oct 25 2016 15:04:01,  829072 sec) PistonMoveAbsWTO()    061->067 062 063 064 065 066 [30sec, 13.2Volts, 0.536Amps, CPT:1899sec]
(Oct 25 2016 15:04:41,  829112 sec) PistonMoveAbsWTO()    066->067 067 [3sec, 13.3Volts, 0.536Amps, CPT:1902sec]
(Oct 25 2016 15:11:03,  829494 sec) Profile()            Sample 11 initiated at 1150.6dbars for bin 11 [1150dbars].  PTS: 1147.8dbars 5.5949C 34.8974PSU
(Oct 25 2016 15:18:23,  829934 sec) Profile()            Sample 12 initiated at 1100.9dbars for bin 12 [1100dbars].  PTS: 1098.1dbars 5.8765C 34.9082PSU
(Oct 25 2016 15:26:25,  830416 sec) Profile()            Sample 13 initiated at 1050.3dbars for bin 13 [1050dbars].  PTS: 1047.7dbars 6.2970C 34.9238PSU
(Oct 25 2016 15:34:37,  830908 sec) Profile()            Sample 14 initiated at 1000.4dbars for bin 14 [1000dbars].  PTS: 997.8dbars 6.5987C 34.9347PSU
(Oct 25 2016 15:42:37,  831388 sec) Profile()            Sample 15 initiated at 950.4dbars for bin 15 [950dbars].  PTS: 947.9dbars 6.8888C 34.9460PSU
(Oct 25 2016 15:51:19,  831910 sec) Profile()            Sample 16 initiated at 900.4dbars for bin 16 [900dbars].  PTS: 898.3dbars 7.1893C 34.9576PSU
(Oct 25 2016 15:58:34,  832345 sec) AscentControlAgent() Bouyancy nudge to 77 (v=0.076dbar/sec).
(Oct 25 2016 15:58:35,  832346 sec) PistonMoveAbsWTO()    067->077 068 069 070 071 072 [30sec, 13.5Volts, 0.431Amps, CPT:1932sec]
(Oct 25 2016 15:59:15,  832386 sec) PistonMoveAbsWTO()    072->077 073 074 075 076 077 [28sec, 13.4Volts, 0.435Amps, CPT:1960sec]
(Oct 25 2016 16:01:21,  832512 sec) Profile()            Sample 17 initiated at 850.8dbars for bin 17 [850dbars].  PTS: 848.3dbars 7.4876C 34.9680PSU
(Oct 25 2016 16:10:33,  833064 sec) Profile()            Sample 18 initiated at 800.4dbars for bin 18 [800dbars].  PTS: 798.1dbars 7.8196C 34.9803PSU
(Oct 25 2016 16:19:25,  833596 sec) Profile()            Sample 19 initiated at 750.3dbars for bin 19 [750dbars].  PTS: 747.7dbars 8.2705C 34.9974PSU
(Oct 25 2016 16:27:15,  834066 sec) Profile()            Sample 20 initiated at 700.8dbars for bin 20 [700dbars].  PTS: 698.1dbars 8.5389C 35.0085PSU
(Oct 25 2016 16:35:07,  834538 sec) Profile()            Sample 21 initiated at 650.7dbars for bin 21 [650dbars].  PTS: 648.2dbars 8.7791C 35.0170PSU
(Oct 25 2016 16:43:47,  835058 sec) Profile()            Sample 22 initiated at 600.4dbars for bin 22 [600dbars].  PTS: 598.2dbars 8.9927C 35.0212PSU
(Oct 25 2016 16:53:29,  835640 sec) Profile()            Sample 23 initiated at 550.1dbars for bin 23 [550dbars].  PTS: 547.8dbars 9.3882C 35.0351PSU
(Oct 25 2016 17:01:41,  836132 sec) Profile()            Sample 24 initiated at 500.4dbars for bin 24 [500dbars].  PTS: 497.7dbars 9.7038C 35.0329PSU
(Oct 25 2016 17:03:19,  836230 sec) Sbe41cpStartCP()     Continuous profile started.
(Oct 25 2016 17:59:25,  839596 sec) AscentControlAgent() Bouyancy nudge to 87 (v=0.056dbar/sec).
(Oct 25 2016 17:59:26,  839596 sec) PistonMoveAbsWTO()    077->087 078 079 080 081 082 [30sec, 13.9Volts, 0.214Amps, CPT:1990sec]
(Oct 25 2016 18:00:06,  839636 sec) PistonMoveAbsWTO()    082->087 083 084 085 086 087 [25sec, 13.8Volts, 0.210Amps, CPT:2015sec]
(Oct 25 2016 18:05:36,  839967 sec) AscentControlAgent() Bouyancy nudge to 97 (v=0.067dbar/sec).
(Oct 25 2016 18:05:37,  839967 sec) PistonMoveAbsWTO()    087->097 088 089 090 091 092 [30sec, 13.9Volts, 0.205Amps, CPT:2045sec]
(Oct 25 2016 18:06:17,  840007 sec) PistonMoveAbsWTO()    092->097 093 094 095 096 097 [24sec, 13.9Volts, 0.214Amps, CPT:2069sec]
(Oct 25 2016 18:11:46,  840337 sec) AscentControlAgent() Bouyancy nudge to 107 (v=0.065dbar/sec).
(Oct 25 2016 18:11:47,  840337 sec) PistonMoveAbsWTO()    097->107 098 099 100 101 102 [30sec, 14.0Volts, 0.205Amps, CPT:2099sec]
(Oct 25 2016 18:12:27,  840377 sec) PistonMoveAbsWTO()    102->107 103 104 105 106 107 [25sec, 13.9Volts, 0.205Amps, CPT:2124sec]
(Oct 25 2016 18:16:53,  840644 sec) AscentControlAgent() Bouyancy nudge to 117 (v=0.037dbar/sec).
(Oct 25 2016 18:16:54,  840644 sec) PistonMoveAbsWTO()    107->117 108 109 110 111 112 [30sec, 14.0Volts, 0.193Amps, CPT:2154sec]
(Oct 25 2016 18:17:34,  840684 sec) PistonMoveAbsWTO()    112->117 113 114 115 116 117 [25sec, 13.9Volts, 0.197Amps, CPT:2179sec]
(Oct 25 2016 18:22:00,  840951 sec) AscentControlAgent() Bouyancy nudge to 127 (v=0.035dbar/sec).
(Oct 25 2016 18:22:01,  840951 sec) PistonMoveAbsWTO()    117->127 118 119 120 121 122 [30sec, 14.0Volts, 0.189Amps, CPT:2209sec]
(Oct 25 2016 18:22:41,  840991 sec) PistonMoveAbsWTO()    122->127 123 124 125 126 127 [23sec, 13.9Volts, 0.189Amps, CPT:2232sec]
(Oct 25 2016 18:27:05,  841256 sec) AscentControlAgent() Bouyancy nudge to 137 (v=0.025dbar/sec).
(Oct 25 2016 18:27:06,  841256 sec) PistonMoveAbsWTO()    127->137 128 129 [15sec, 14.0Volts, 0.189Amps, CPT:2247sec]
(Oct 25 2016 18:27:31,  841281 sec) PistonMoveAbsWTO()    129->137 130 131 132 [15sec, 14.0Volts, 0.189Amps, CPT:2262sec]
(Oct 25 2016 18:27:56,  841306 sec) PistonMoveAbsWTO()    132->137 133 134 135 [15sec, 14.0Volts, 0.193Amps, CPT:2277sec]
(Oct 25 2016 18:28:21,  841331 sec) PistonMoveAbsWTO()    135->137 136 137 [10sec, 14.0Volts, 0.193Amps, CPT:2287sec]
(Oct 25 2016 18:32:12,  841563 sec) AscentControlAgent() Bouyancy nudge to 147 (v=0.019dbar/sec).
(Oct 25 2016 18:32:13,  841563 sec) PistonMoveAbsWTO()    137->147 138 139 [15sec, 14.0Volts, 0.189Amps, CPT:2302sec]
(Oct 25 2016 18:32:38,  841588 sec) PistonMoveAbsWTO()    139->147 140 141 142 [15sec, 14.0Volts, 0.189Amps, CPT:2317sec]
(Oct 25 2016 18:33:03,  841613 sec) PistonMoveAbsWTO()    142->147 143 144 145 [15sec, 14.0Volts, 0.185Amps, CPT:2332sec]
(Oct 25 2016 18:33:28,  841638 sec) PistonMoveAbsWTO()    145->147 146 147 [10sec, 14.0Volts, 0.185Amps, CPT:2342sec]
(Oct 25 2016 18:37:19,  841870 sec) AscentControlAgent() Bouyancy nudge to 157 (v=0.009dbar/sec).
(Oct 25 2016 18:37:20,  841870 sec) PistonMoveAbsWTO()    147->157 148 149 [15sec, 14.0Volts, 0.189Amps, CPT:2357sec]
(Oct 25 2016 18:37:45,  841895 sec) PistonMoveAbsWTO()    149->157 150 151 152 [15sec, 14.0Volts, 0.189Amps, CPT:2372sec]
(Oct 25 2016 18:38:10,  841920 sec) PistonMoveAbsWTO()    152->157 153 154 155 [15sec, 14.0Volts, 0.193Amps, CPT:2387sec]
(Oct 25 2016 18:38:35,  841945 sec) PistonMoveAbsWTO()    155->157 156 157 [10sec, 14.0Volts, 0.189Amps, CPT:2397sec]
(Oct 25 2016 18:42:26,  842177 sec) AscentControlAgent() Bouyancy nudge to 167 (v=0.005dbar/sec).
(Oct 25 2016 18:42:27,  842177 sec) PistonMoveAbsWTO()    157->167 158 159 [15sec, 14.0Volts, 0.189Amps, CPT:2412sec]
(Oct 25 2016 18:42:52,  842202 sec) PistonMoveAbsWTO()    159->167 160 161 162 [15sec, 14.0Volts, 0.189Amps, CPT:2427sec]
(Oct 25 2016 18:43:17,  842227 sec) PistonMoveAbsWTO()    162->167 163 164 165 [15sec, 14.0Volts, 0.189Amps, CPT:2442sec]
(Oct 25 2016 18:43:42,  842252 sec) PistonMoveAbsWTO()    165->167 166 167 [10sec, 14.0Volts, 0.189Amps, CPT:2452sec]
(Oct 25 2016 18:47:33,  842484 sec) AscentControlAgent() Bouyancy nudge to 177 (v=0.002dbar/sec).
(Oct 25 2016 18:47:34,  842484 sec) PistonMoveAbsWTO()    167->177 168 169 [15sec, 14.0Volts, 0.189Amps, CPT:2467sec]
(Oct 25 2016 18:47:59,  842509 sec) PistonMoveAbsWTO()    169->177 170 171 172 [15sec, 14.0Volts, 0.189Amps, CPT:2482sec]
(Oct 25 2016 18:48:24,  842534 sec) PistonMoveAbsWTO()    172->177 173 174 175 [15sec, 14.0Volts, 0.185Amps, CPT:2497sec]
(Oct 25 2016 18:48:49,  842559 sec) PistonMoveAbsWTO()    175->177 176 177 [10sec, 14.0Volts, 0.189Amps, CPT:2507sec]
(Oct 25 2016 18:52:40,  842791 sec) AscentControlAgent() Bouyancy nudge to 187 (v=0.002dbar/sec).
(Oct 25 2016 18:52:41,  842791 sec) PistonMoveAbsWTO()    177->187 178 179 [15sec, 14.1Volts, 0.185Amps, CPT:2522sec]
(Oct 25 2016 18:53:06,  842816 sec) PistonMoveAbsWTO()    179->187 180 181 182 [15sec, 14.1Volts, 0.189Amps, CPT:2537sec]
(Oct 25 2016 18:53:31,  842841 sec) PistonMoveAbsWTO()    182->187 183 184 185 [15sec, 14.0Volts, 0.185Amps, CPT:2552sec]
(Oct 25 2016 18:53:56,  842866 sec) PistonMoveAbsWTO()    185->187 186 187 [10sec, 14.0Volts, 0.189Amps, CPT:2562sec]
(Oct 25 2016 18:57:47,  843098 sec) AscentControlAgent() Bouyancy nudge to 197 (v=-0.001dbar/sec).
(Oct 25 2016 18:57:48,  843098 sec) PistonMoveAbsWTO()    187->197 188 189 [15sec, 14.1Volts, 0.189Amps, CPT:2577sec]
(Oct 25 2016 18:58:13,  843123 sec) PistonMoveAbsWTO()    189->197 190 191 192 [15sec, 14.1Volts, 0.185Amps, CPT:2592sec]
(Oct 25 2016 18:58:38,  843148 sec) PistonMoveAbsWTO()    192->197 193 194 195 [15sec, 14.1Volts, 0.181Amps, CPT:2607sec]
(Oct 25 2016 18:59:03,  843173 sec) PistonMoveAbsWTO()    195->197 196 197 [8sec, 14.0Volts, 0.185Amps, CPT:2615sec]
(Oct 25 2016 19:02:52,  843403 sec) AscentControlAgent() Bouyancy nudge to 207 (v=0.004dbar/sec).
(Oct 25 2016 19:02:53,  843403 sec) PistonMoveAbsWTO()    197->207 198 199 [15sec, 14.1Volts, 0.185Amps, CPT:2630sec]
(Oct 25 2016 19:03:18,  843428 sec) PistonMoveAbsWTO()    200->207 201 202 [15sec, 14.1Volts, 0.181Amps, CPT:2645sec]
(Oct 25 2016 19:03:43,  843453 sec) PistonMoveAbsWTO()    202->207 203 204 205 [15sec, 14.1Volts, 0.185Amps, CPT:2660sec]
(Oct 25 2016 19:04:08,  843478 sec) PistonMoveAbsWTO()    205->207 206 207 [7sec, 14.1Volts, 0.185Amps, CPT:2667sec]
(Oct 25 2016 19:07:56,  843707 sec) AscentControlAgent() Bouyancy nudge to 217 (v=0.007dbar/sec).
(Oct 25 2016 19:07:57,  843707 sec) PistonMoveAbsWTO()    207->217 208 209 210 [15sec, 14.2Volts, 0.185Amps, CPT:2682sec]
(Oct 25 2016 19:08:22,  843732 sec) PistonMoveAbsWTO()    210->217 211 212 [15sec, 14.1Volts, 0.185Amps, CPT:2697sec]
(Oct 25 2016 19:08:49,  843760 sec) SurfaceDetect()      SurfacePressure:10.8dbars Pressure:14.7dbars PistonPosition:212
(Oct 25 2016 19:08:50,  843761 sec) Sbe41cpStopCP()      Continuous profile stopped.
(Oct 25 2016 19:08:56,  843767 sec) PistonMoveAbsWTO()    212->227 213 214 215 216 217 218 219 220 221 222 223 224 225 226 227 [75sec, 14.1Volts, 0.165Amps, CPT:2772sec]
(Oct 25 2016 19:10:22,  843852 sec) sbe41cp.c:chat()     Expected string [S>] not received.
(Oct 25 2016 19:12:22,  843973 sec) Sbe41cpBinAverage()  Finished averaging 7562 samples in 116 seconds.
(Oct 25 2016 19:12:27,  843978 sec) Sbe41cpUploadCP()    Sbe41cpSerNo[5994] NSample[7562] NBin[246]
(Oct 25 2016 19:13:07,  844018 sec) Sbe41cpUploadCP()    Continuous profile uploaded [246 lines].

<EOT>
