(Jan 02 2017 14:57:07,  845636 sec) TelemetryInit()      Profile 79. (Apf9i FwRev: 012811)
(Jan 02 2017 15:04:15,  846064 sec) AirSystem()          Battery [187cnt, 14.5V]  Current [80cnt, 32.2mA]  Barometer [127cnt, 6.8"Hg]  Run-Time [53s]
(Jan 02 2017 15:04:51,  846100 sec) GpsServices()        GPS almanac is current.
(Jan 02 2017 15:04:51,  846100 sec) GpsServices()        Initiating GPS fix acquisition.
(Jan 02 2017 15:05:00,  846109 sec) gga()                $GPGGA,150440,1435.5388,N,08331.4162,E,0,00,,,M,,M,,*54
(Jan 02 2017 15:05:16,  846125 sec) gga()                $GPGGA,150440,1435.5388,N,08331.4162,E,0,00,,,M,,M,,*54
(Jan 02 2017 15:05:26,  846135 sec) gga()                $GPGGA,150450,1435.5388,N,08331.4162,E,0,00,,,M,,M,,*55
(Jan 02 2017 15:05:36,  846145 sec) gga()                $GPGGA,150500,1435.5388,N,08331.4162,E,0,00,,,M,,M,,*51
(Jan 02 2017 15:05:46,  846155 sec) gga()                $GPGGA,150510,1435.5388,N,08331.4162,E,0,00,,,M,,M,,*50
(Jan 02 2017 15:05:56,  846165 sec) gga()                $GPGGA,150520,1435.5388,N,08331.4162,E,0,00,,,M,,M,,*53
(Jan 02 2017 15:06:24,  846193 sec) gga()                $GPGGA,150530,1405.3069,N,08321.9871,E,1,09,0.9,-1.3,M,-82.6,M,,*4D
(Jan 02 2017 15:06:24,  846194 sec) GpsServices()        Profile 79 GPS fix obtained in 93 seconds.
(Jan 02 2017 15:06:25,  846194 sec) GpsServices()                  lon     lat mm/dd/yyyy hhmmss nsat
(Jan 02 2017 15:06:25,  846194 sec) GpsServices()        Fix:   83.366  14.088 01/02/2017 150530    9
(Jan 02 2017 15:06:54,  846223 sec) gga()                $GPGGA,150600,1405.3009,N,08321.9861,E,1,11,0.9,-1.0,M,-82.6,M,,*40
(Jan 02 2017 15:07:00,  846229 sec) gga()                $GPGGA,150630,1405.2943,N,08321.9841,E,1,10,0.8,-3.5,M,-82.6,M,,*40
(Jan 02 2017 15:07:00,  846229 sec) GpsServices()        APF9 RTC skew (30s) OK.
(Jan 02 2017 15:07:00,  846229 sec) LogNmeaSentences()   ,123,46,17,10,211,40,22,01,153,24,23,46,165,47*78
(Jan 02 2017 15:07:01,  846230 sec) LogNmeaSentences()   $GPGSV,3,3,12,27,11,036,42,28,30,279,45,30,21,325,43,03,05,168,00*72
(Jan 02 2017 15:07:10,  846239 sec) LogNmeaSentences()   $GPRMC,150640,A,1405.2926,N,08321.9829,E,001.5,272.4,020117,001.4,W*68
(Jan 02 2017 15:07:10,  846239 sec) LogNmeaSentences()   $GPGGA,150640,1405.2926,N,08321.9829,E,1,10,0.8,-3.1,M,-82.6,M,,*4E
(Jan 02 2017 15:07:11,  846240 sec) LogNmeaSentences()   $GPGSA,A,3,01,07,08,09,11,17,,23,27,28,30,,1.1,0.8,0.8*3E
(Jan 02 2017 15:07:11,  846240 sec) LogNmeaSentences()   $GPGSV,3,1,12,01,24,140,42,07,43,357,45,08,50,040,45,09,73,243,48*70
(Jan 02 2017 15:07:11,  846240 sec) LogNmeaSentences()   $GPGSV,3,2,12,11,46,123,47,17,10,211,43,22,01,153,28,23,45,165,47*75
(Jan 02 2017 15:07:12,  846241 sec) LogNmeaSentences()   $GPGSV,3,3,12,27,11,036,40,28,30,279,43,30,21,325,41,03,05,168,00*74
(Jan 02 2017 15:07:20,  846249 sec) LogNmeaSentences()   $GPRMC,150650,A,1405.2902,N,08321.9820,E,001.1,189.2,020117,001.4,W*63
(Jan 02 2017 15:07:20,  846249 sec) LogNmeaSentences()   $GPGGA,150650,1405.2902,N,08321.9820,E,1,10,0.8,-4.3,M,-82.6,M,,*45
(Jan 02 2017 15:07:21,  846250 sec) LogNmeaSentences()   $GPGSA,A,3,01,07,08,09,11,17,,23,27,28,30,,1.1,0.8,0.8*3E
(Jan 02 2017 15:07:21,  846250 sec) LogNmeaSentences()   $GPGSV,3,1,12,01,25,140,42,07,43,357,44,08,50,040,45,09,73,242,49*70
(Jan 02 2017 15:07:21,  846250 sec) LogNmeaSentences()   $GPGSV,3,2,12,11,46,123,46,17,10,211,44,22,01,153,23,23,45,165,48*77
(Jan 02 2017 15:07:22,  846251 sec) LogNmeaSentences()   $GPGSV,3,3,12,27,11,036,30,28,30,279,44,30,21,325,39,03,05,168,00*7B
(Jan 02 2017 15:07:30,  846259 sec) LogNmeaSentences()   $GPRMC,150700,A,1405.2888,N,08321.9821,E,001.3,226.2,020117,001.4,W*61
(Jan 02 2017 15:07:30,  846259 sec) LogNmeaSentences()   $GPGGA,150700,1405.2888,N,08321.9821,E,1,10,0.8,-4.9,M,-82.6,M,,*49
(Jan 02 2017 15:07:31,  846260 sec) LogNmeaSentences()   $GPGSA,A,3,01,07,08,09,11,17,,23,27,28,30,,1.1,0.8,0.8*3E
(Jan 02 2017 15:07:31,  846260 sec) LogNmeaSentences()   $GPGSV,3,1,12,01,25,140,37,07,43,357,48,08,50,040,45,09,73,242,49*7E
(Jan 02 2017 15:07:31,  846260 sec) LogNmeaSentences()   $GPGSV,3,2,12,11,47,123,45,17,10,211,42,22,01,153,20,23,45,165,46*7E
(Jan 02 2017 15:07:32,  846261 sec) LogNmeaSentences()   $GPGSV,3,3,12,27,11,036,36,28,30,279,45,30,21,325,45,03,05,168,00*77
(Jan 02 2017 15:07:32,  846261 sec) LogNmeaSentences()   $PGRMT,GPS 15x-L software ver. 3.80,,,,,,,,*7C
(Jan 02 2017 15:07:32,  846261 sec) GpsServices()        GPS services complete.
(Jan 02 2017 15:08:05,  846294 sec) CLogin()             Connecting to primary host.
(Jan 02 2017 15:08:15,  846304 sec) CLogin()             Connection 1 established in 10 seconds.
(Jan 02 2017 15:09:00,  846349 sec) expect()             Attempt to read prompt string [Last login:] failed.
(Jan 02 2017 15:09:00,  846349 sec) login()              Login failed.
(Jan 02 2017 15:09:30,  846379 sec) expect()             Attempt to read prompt string [login:] failed.
(Jan 02 2017 15:09:30,  846379 sec) login()              Login prompt not received.
(Jan 02 2017 15:09:30,  846379 sec) login()              No carrier detected.
(Jan 02 2017 15:09:30,  846379 sec) CLogin()             Attempt to login to host failed.
(Jan 02 2017 15:09:30,  846379 sec) DownLoadMissionCfg() Connect/login failed.  Mission configuration not downloaded from remote host.
(Jan 02 2017 15:09:35,  846385 sec) CLogin()             Connecting to primary host.
(Jan 02 2017 15:09:46,  846395 sec) CLogin()             Connection 2 established in 11 seconds.
(Jan 02 2017 15:09:54,  846403 sec) login()              Login successful.
(Jan 02 2017 15:09:57,  846407 sec) CLogin()             Logged in to host.  [Login required 11 seconds]
(Jan 02 2017 15:10:05,  846414 sec) RxConfig()           Downloading "mission.cfg" from host.
(Jan 02 2017 15:10:07,  846416 sec) Rx()                 Initiating transfer. [0x43]
(Jan 02 2017 15:10:10,  846419 sec) RxStartByte()        Sync errors encountered: 454
(Jan 02 2017 15:10:15,  846424 sec) Rx()                 Pad character [0x1a] found in ascii mode - truncating packet.
(Jan 02 2017 15:10:20,  846429 sec) Rx()                 Received EOT - transfer complete. [1 packets, 1024 bytes, 13 sec, 78.8 bps]
(Jan 02 2017 15:10:20,  846429 sec) RxConfig()           Download successful.
(Jan 02 2017 15:10:34,  846443 sec) WriteVitals()        Writing vitals to "9567.079.msg".
(Jan 02 2017 15:10:41,  846450 sec) UpLoadFile()         Uploading "9567.079.msg" to host as "9567.079.msg".
(Jan 02 2017 15:10:45,  846454 sec) Tx()                 CRC negotiation successful. [16-bit CRC]
(Jan 02 2017 15:10:56,  846465 sec) TxPacket()           NAK received - resending packet. [PktNum=0x02]
(Jan 02 2017 15:10:56,  846465 sec) TxPacket()           Packet xmit history: [11100001] (0:ok, 1:fail).
(Jan 02 2017 15:11:13,  846482 sec) TxPacket()           NAK received - resending packet. [PktNum=0x04]
(Jan 02 2017 15:11:13,  846482 sec) TxPacket()           Packet xmit history: [00001001] (0:ok, 1:fail).
(Jan 02 2017 15:11:22,  846491 sec) TxPacket()           NAK received - resending packet. [PktNum=0x05]
(Jan 02 2017 15:11:22,  846491 sec) TxPacket()           Packet xmit history: [00100101] (0:ok, 1:fail).
(Jan 02 2017 15:11:35,  846504 sec) TxPacket()           NAK received - resending packet. [PktNum=0x06]
(Jan 02 2017 15:11:35,  846504 sec) TxPacket()           Packet xmit history: [10010101] (0:ok, 1:fail).
(Jan 02 2017 15:11:40,  846509 sec) TxPacket()           NAK received - resending packet. [PktNum=0x06]
(Jan 02 2017 15:11:40,  846509 sec) TxPacket()           Packet xmit history: [00101011] (0:ok, 1:fail).
(Jan 02 2017 15:11:49,  846518 sec) TxPacket()           NAK received - resending packet. [PktNum=0x07]
(Jan 02 2017 15:11:49,  846518 sec) TxPacket()           Packet xmit history: [10101101] (0:ok, 1:fail).
(Jan 02 2017 15:12:34,  846563 sec) TxPacket()           NAK received - resending packet. [PktNum=0x0f]
(Jan 02 2017 15:12:34,  846563 sec) TxPacket()           Packet xmit history: [00000001] (0:ok, 1:fail).
(Jan 02 2017 15:12:53,  846582 sec) TxPacket()           NAK received - resending packet. [PktNum=0x12]
(Jan 02 2017 15:12:53,  846582 sec) TxPacket()           Packet xmit history: [00010001] (0:ok, 1:fail).
(Jan 02 2017 15:13:44,  846633 sec) Tx()                 Transmission completed successfully [26 packets, 23168 bytes, 178 sec, 134.5 bps]
(Jan 02 2017 15:13:44,  846633 sec) UpLoadFile()         Upload successful.
(Jan 02 2017 15:13:52,  846641 sec) UpLoadFile()         Uploading "9567.079.log" to host as "9567.079.log".
(Jan 02 2017 15:13:57,  846646 sec) Tx()                 CRC negotiation successful. [16-bit CRC]
(Jan 02 2017 15:14:08,  846657 sec) TxPacket()           NAK received - resending packet. [PktNum=0x02]
(Jan 02 2017 15:14:08,  846657 sec) TxPacket()           Packet xmit history: [00000001] (0:ok, 1:fail).
(Jan 02 2017 15:14:15,  846664 sec) TxPacket()           NAK received - resending packet. [PktNum=0x02]
(Jan 02 2017 15:14:15,  846664 sec) TxPacket()           Packet xmit history: [00000011] (0:ok, 1:fail).
(Jan 02 2017 15:15:49,  846758 sec) TxPacket()           NAK received - resending packet. [PktNum=0x10]
(Jan 02 2017 15:15:49,  846758 sec) TxPacket()           Packet xmit history: [00000001] (0:ok, 1:fail).
(Jan 02 2017 15:16:13,  846782 sec) TxPacket()           NAK received - resending packet. [PktNum=0x14]
(Jan 02 2017 15:16:13,  846782 sec) TxPacket()           Packet xmit history: [00100001] (0:ok, 1:fail).
(Jan 02 2017 15:16:22,  846791 sec) TxPacket()           NAK received - resending packet. [PktNum=0x15]
(Jan 02 2017 15:16:22,  846791 sec) TxPacket()           Packet xmit history: [10000101] (0:ok, 1:fail).
(Jan 02 2017 15:16:33,  846802 sec) TxPacket()           NAK received - resending packet. [PktNum=0x16]
(Jan 02 2017 15:16:33,  846802 sec) TxPacket()           Packet xmit history: [00010101] (0:ok, 1:fail).
(Jan 02 2017 15:16:56,  846825 sec) Tx()                 Transmission completed successfully [25 packets, 24982 bytes, 178 sec, 143.8 bps]
(Jan 02 2017 15:16:56,  846825 sec) UpLoadFile()         Upload successful.
(Jan 02 2017 15:17:02,  846831 sec) UpLoad()             Files successfully uploaded: 2
(Jan 02 2017 15:17:02,  846831 sec) UpLoad()             Upload complete.
(Jan 02 2017 15:17:06,  846835 sec) logout()             Log-out successful.
(Jan 02 2017 15:17:07,  846836 sec) Telemetry()          Telemetry cycle complete: PrfId=79 ConnectionAttempts=2  Connections=2
(Jan 02 2017 15:17:07,  846837 sec) TelemetryTerminate() Parsing new mission configuration.
(Jan 02 2017 15:17:09,  846838 sec) configure()          Parsing configurators in "mission.cfg".
(Jan 02 2017 15:17:13,  846842 sec) configure()             TelemetryRetry(15)      [0x7BBC] [TelemetryRetry(15)].
(Jan 02 2017 15:17:13,  846842 sec) configure()          Configuration CRCs and syntax OK.
(Jan 02 2017 15:17:13,  846842 sec) ConfigSupervisor()   Sanity check violated: cfg->PressureCP >= 750
(Jan 02 2017 15:17:13,  846842 sec) ConfigSupervisor()   Configuration accepted.
(Jan 02 2017 15:17:13,  846842 sec) TelemetryTerminate() Reconditioning the file system.
(Jan 02 2017 15:17:23,       7 sec) DescentInit()        Deep profile 80 initiated at mission-time 846845sec.
(Jan 02 2017 15:17:25,      10 sec) DescentInit()        Surface pressure: -0.1dbars.
(Jan 02 2017 15:17:30,      15 sec) PistonMoveAbsWTO()    180->054 179 178 177 176 175 174 173 172 171 170 169 168 167 166 165 164 163 162 161 160 159 158 157 156 155 154 153 152 151 150 149 148 147 146 145 144 143 142 141 140 139 138 137 136 135 134 133 132 131 130 129 128 127 126 125 124 123 122 121 120 119 118 117 116 115 114 113 112 111 110 109 108 107 106 105 104 103 102 101 100 099 098 097 096 095 094 093 092 091 090 089 088 087 086 085 084 083 082 081 080 079 078 077 076 075 074 073 072 071 070 069 068 067 066 065 064 063 062 061 060 059 058 057 056 055 054 [643sec, 14.2Volts, 0.161Amps, CPT:643sec]
(Jan 02 2017 15:28:14,     658 sec) PistonMoveAbsWTO()    054->000 053 052 051 050 049 048 047 046 045 044 043 042 041 040 039 038 037 036 035 034 033 032 031 030 029 028 027 026 025 024 023 022 021 020 019 018 017 016 015 014 013 012 011 010 009 [229sec, 14.2Volts, 0.161Amps, CPT:872sec]
(Jan 02 2017 15:32:12,     897 sec) Descent()            Pressure: 72.9
(Jan 02 2017 16:17:19,    3604 sec) Descent()            Pressure: 402.8
(Jan 02 2017 17:17:19,    7204 sec) Descent()            Pressure: 906.3
(Jan 02 2017 17:17:20,    7204 sec) PistonMoveAbsWTO()    009->054 010 011 012 013 014 015 016 017 018 019 020 021 022 023 024 025 026 027 028 029 030 031 032 033 034 035 036 037 038 039 040 041 042 043 044 045 046 047 048 049 050 051 052 053 054 [263sec, 13.4Volts, 0.443Amps, CPT:1135sec]
(Jan 02 2017 18:17:19,   10804 sec) Descent()            Pressure: 913.9
(Jan 02 2017 19:17:19,   14404 sec) Descent()            Pressure: 925.9
(Jan 02 2017 20:17:20,   18004 sec) Descent()            Pressure: 940.3
(Jan 02 2017 20:17:20,   18004 sec) ParkInit()           
(Jan 02 2017 22:17:49,   25233 sec) Park()               ParkPOutOfBand[-3, 955.3 dbars]: retract piston.
(Jan 02 2017 22:17:49,   25234 sec) PistonMoveAbsWTO()    054->053 053 [1sec, 14.0Volts, 0.105Amps, CPT:1136sec]
(Jan 03 2017 01:17:49,   36033 sec) Park()               ParkPOutOfBand[-3, 973.0 dbars]: retract piston.
(Jan 03 2017 01:17:49,   36034 sec) PistonMoveAbsWTO()    053->052 052 [5sec, 13.9Volts, 0.089Amps, CPT:1141sec]
(Jan 03 2017 05:17:49,   50433 sec) Park()               ParkPOutOfBand[3, 1023.2 dbars]: extend piston.
(Jan 03 2017 05:17:49,   50434 sec) PistonMoveAbsWTO()    052->053 053 [2sec, 13.4Volts, 0.471Amps, CPT:1143sec]
(Jan 03 2017 11:17:49,   72033 sec) Park()               ParkPOutOfBand[3, 1014.2 dbars]: extend piston.
(Jan 03 2017 11:17:49,   72034 sec) PistonMoveAbsWTO()    053->054 054 [6sec, 13.0Volts, 0.479Amps, CPT:1149sec]
(Jan 03 2017 21:17:49,  108033 sec) Park()               ParkPOutOfBand[-3, 989.4 dbars]: retract piston.
(Jan 03 2017 21:17:50,  108034 sec) PistonMoveAbsWTO()    054->053 053 [2sec, 13.7Volts, 0.105Amps, CPT:1151sec]
(Jan 05 2017 18:17:50,  270034 sec) Park()               ParkPOutOfBand[3, 1010.4 dbars]: extend piston.
(Jan 05 2017 18:17:50,  270034 sec) PistonMoveAbsWTO()    053->054 054 [3sec, 13.3Volts, 0.475Amps, CPT:1154sec]
(Jan 08 2017 06:17:52,  486036 sec) Park()               ParkPOutOfBand[3, 1010.3 dbars]: extend piston.
(Jan 08 2017 06:17:52,  486036 sec) PistonMoveAbsWTO()    054->055 055 [7sec, 12.6Volts, 0.467Amps, CPT:1161sec]
(Jan 08 2017 09:17:52,  496836 sec) Park()               ParkPOutOfBand[-3, 979.8 dbars]: retract piston.
(Jan 08 2017 09:17:52,  496836 sec) PistonMoveAbsWTO()    055->054 054 [2sec, 13.9Volts, 0.085Amps, CPT:1163sec]
(Jan 08 2017 14:17:52,  514836 sec) Park()               ParkPOutOfBand[-3, 988.0 dbars]: retract piston.
(Jan 08 2017 14:17:52,  514837 sec) PistonMoveAbsWTO()    054->053 053 [6sec, 13.8Volts, 0.093Amps, CPT:1169sec]
(Jan 08 2017 17:17:52,  525636 sec) Park()               ParkPOutOfBand[3, 1016.6 dbars]: extend piston.
(Jan 08 2017 17:17:52,  525637 sec) PistonMoveAbsWTO()    053->054 054 [3sec, 13.1Volts, 0.471Amps, CPT:1172sec]
(Jan 08 2017 22:17:52,  543636 sec) Park()               ParkPOutOfBand[3, 1012.3 dbars]: extend piston.
(Jan 08 2017 22:17:52,  543637 sec) PistonMoveAbsWTO()    054->055 055 [5sec, 12.6Volts, 0.467Amps, CPT:1177sec]
(Jan 09 2017 02:17:52,  558036 sec) Park()               ParkPOutOfBand[-3, 985.7 dbars]: retract piston.
(Jan 09 2017 02:17:52,  558037 sec) PistonMoveAbsWTO()    055->054 054 [1sec, 13.9Volts, 0.089Amps, CPT:1178sec]
(Jan 11 2017 23:17:41,  806425 sec) CtdPower()           [  997.49,  6.9426, 34.9488]
(Jan 11 2017 23:17:41,  806425 sec) CtdPower()           CTD Power consumption [177VCnt 11ACnt]: 13.721Volts * 0.044Amps = 0.61Watts.
(Jan 11 2017 23:17:41,  806426 sec) ParkTerminate()      Piston Position:54 Vacuum:80 Vq:196 Aq:6 Vsbe:177 Asbe:11
(Jan 11 2017 23:18:09,  806453 sec) ParkTerminate()      PTS: 997.5dbars 6.9427C 34.9488PSU
(Jan 11 2017 23:18:09,  806454 sec) GoDeepInit()         Moving piston.
(Jan 11 2017 23:18:10,  806454 sec) PistonMoveAbsWTO()    054->015 053 052 051 050 049 048 047 046 045 044 043 042 041 040 039 038 037 036 035 034 033 032 031 030 029 028 027 026 025 024 023 022 021 020 019 018 017 016 015 [203sec, 13.8Volts, 0.097Amps, CPT:1381sec]
(Jan 12 2017 03:07:19,  820204 sec) GoDeep()             Sequence point detected at 2001.0dbar.
(Jan 12 2017 03:07:22,  820206 sec) ProfileInit()        PrfId:080  Pressure:2001.0dbar  pTable[0]:2000dbar
(Jan 12 2017 03:07:33,  820217 sec) PistonMoveAbsWTO()    015->037 016 017 018 019 020 [30sec, 12.4Volts, 0.794Amps, CPT:1411sec]
(Jan 12 2017 03:08:13,  820257 sec) PistonMoveAbsWTO()    020->037 021 022 023 024 [30sec, 12.6Volts, 0.810Amps, CPT:1441sec]
(Jan 12 2017 03:09:20,  820324 sec) Profile()            Sample 0 initiated at 2000.2dbars for bin 0 [2000dbars].  PTS: 1998.6dbars 2.8836C 34.7881PSU
(Jan 12 2017 03:09:20,  820325 sec) PistonMoveAbsWTO()    024->037 025 026 027 028 [30sec, 12.5Volts, 0.786Amps, CPT:1471sec]
(Jan 12 2017 03:10:01,  820365 sec) PistonMoveAbsWTO()    028->037 029 030 031 032 [30sec, 12.2Volts, 0.814Amps, CPT:1501sec]
(Jan 12 2017 03:10:41,  820405 sec) PistonMoveAbsWTO()    032->037 033 034 035 036 [30sec, 12.1Volts, 0.806Amps, CPT:1531sec]
(Jan 12 2017 03:11:21,  820445 sec) PistonMoveAbsWTO()    036->037 037 [2sec, 12.8Volts, 0.798Amps, CPT:1533sec]
(Jan 12 2017 03:24:32,  821236 sec) Profile()            Sample 1 initiated at 1900.8dbars for bin 1 [1900dbars].  PTS: 1898.1dbars 3.0223C 34.7947PSU
(Jan 12 2017 03:40:26,  822190 sec) Profile()            Sample 2 initiated at 1800.6dbars for bin 2 [1800dbars].  PTS: 1798.1dbars 3.1545C 34.8007PSU
(Jan 12 2017 03:57:35,  823219 sec) AscentControlAgent() Bouyancy nudge to 47 (v=0.079dbar/sec).
(Jan 12 2017 03:57:35,  823220 sec) PistonMoveAbsWTO()    037->047 038 039 040 041 [30sec, 13.1Volts, 0.697Amps, CPT:1563sec]
(Jan 12 2017 03:58:16,  823260 sec) PistonMoveAbsWTO()    041->047 042 043 044 045 046 [30sec, 12.8Volts, 0.709Amps, CPT:1593sec]
(Jan 12 2017 03:58:56,  823300 sec) PistonMoveAbsWTO()    046->047 047 [7sec, 12.8Volts, 0.689Amps, CPT:1600sec]
(Jan 12 2017 03:59:41,  823345 sec) Profile()            Sample 3 initiated at 1699.7dbars for bin 3 [1700dbars].  PTS: 1696.9dbars 3.3891C 34.8107PSU
(Jan 12 2017 04:15:45,  824309 sec) Profile()            Sample 4 initiated at 1600.5dbars for bin 4 [1600dbars].  PTS: 1598.1dbars 3.7971C 34.8283PSU
(Jan 12 2017 04:34:11,  825415 sec) Profile()            Sample 5 initiated at 1500.7dbars for bin 5 [1500dbars].  PTS: 1498.6dbars 4.3716C 34.8502PSU
(Jan 12 2017 04:42:56,  825940 sec) AscentControlAgent() Bouyancy nudge to 57 (v=0.075dbar/sec).
(Jan 12 2017 04:42:56,  825941 sec) PistonMoveAbsWTO()    047->057 048 049 050 051 052 [30sec, 13.2Volts, 0.629Amps, CPT:1630sec]
(Jan 12 2017 04:43:37,  825981 sec) PistonMoveAbsWTO()    052->057 053 054 055 056 [30sec, 12.9Volts, 0.616Amps, CPT:1660sec]
(Jan 12 2017 04:44:17,  826021 sec) PistonMoveAbsWTO()    056->057 057 [2sec, 13.4Volts, 0.604Amps, CPT:1662sec]
(Jan 12 2017 04:52:38,  826522 sec) Profile()            Sample 6 initiated at 1400.4dbars for bin 6 [1400dbars].  PTS: 1398.0dbars 4.8203C 34.8674PSU
(Jan 12 2017 05:01:10,  827034 sec) Profile()            Sample 7 initiated at 1350.3dbars for bin 7 [1350dbars].  PTS: 1347.9dbars 5.0673C 34.8768PSU
(Jan 12 2017 05:10:02,  827566 sec) Profile()            Sample 8 initiated at 1300.9dbars for bin 8 [1300dbars].  PTS: 1298.6dbars 5.2950C 34.8858PSU
(Jan 12 2017 05:19:34,  828138 sec) Profile()            Sample 9 initiated at 1250.4dbars for bin 9 [1250dbars].  PTS: 1248.3dbars 5.5255C 34.8953PSU
(Jan 12 2017 05:28:09,  828653 sec) AscentControlAgent() Bouyancy nudge to 67 (v=0.079dbar/sec).
(Jan 12 2017 05:28:09,  828654 sec) PistonMoveAbsWTO()    057->067 058 059 060 061 [30sec, 13.3Volts, 0.540Amps, CPT:1692sec]
(Jan 12 2017 05:28:50,  828694 sec) PistonMoveAbsWTO()    062->067 063 064 065 066 [30sec, 13.1Volts, 0.532Amps, CPT:1722sec]
(Jan 12 2017 05:29:57,  828761 sec) Profile()            Sample 10 initiated at 1199.0dbars for bin 10 [1200dbars].  PTS: 1196.4dbars 5.7769C 34.9047PSU
(Jan 12 2017 05:29:57,  828762 sec) PistonMoveAbsWTO()    066->067 067 [2sec, 13.6Volts, 0.532Amps, CPT:1724sec]
(Jan 12 2017 05:37:39,  829223 sec) Profile()            Sample 11 initiated at 1150.5dbars for bin 11 [1150dbars].  PTS: 1148.0dbars 6.0019C 34.9131PSU
(Jan 12 2017 05:46:01,  829725 sec) Profile()            Sample 12 initiated at 1101.0dbars for bin 12 [1100dbars].  PTS: 1098.5dbars 6.2697C 34.9230PSU
(Jan 12 2017 05:54:33,  830237 sec) Profile()            Sample 13 initiated at 1050.4dbars for bin 13 [1050dbars].  PTS: 1047.9dbars 6.5041C 34.9322PSU
(Jan 12 2017 06:03:13,  830757 sec) Profile()            Sample 14 initiated at 1000.4dbars for bin 14 [1000dbars].  PTS: 998.1dbars 6.7818C 34.9423PSU
(Jan 12 2017 06:12:45,  831329 sec) Profile()            Sample 15 initiated at 950.4dbars for bin 15 [950dbars].  PTS: 948.4dbars 7.0661C 34.9526PSU
(Jan 12 2017 06:18:20,  831664 sec) AscentControlAgent() Bouyancy nudge to 77 (v=0.077dbar/sec).
(Jan 12 2017 06:18:20,  831665 sec) PistonMoveAbsWTO()    067->077 068 069 070 071 072 [30sec, 13.5Volts, 0.459Amps, CPT:1754sec]
(Jan 12 2017 06:19:01,  831705 sec) PistonMoveAbsWTO()    072->077 073 074 075 076 077 [29sec, 13.3Volts, 0.447Amps, CPT:1783sec]
(Jan 12 2017 06:22:27,  831911 sec) Profile()            Sample 16 initiated at 900.0dbars for bin 16 [900dbars].  PTS: 897.3dbars 7.4279C 34.9656PSU
(Jan 12 2017 06:30:09,  832373 sec) Profile()            Sample 17 initiated at 851.0dbars for bin 17 [850dbars].  PTS: 848.3dbars 7.8139C 34.9795PSU
(Jan 12 2017 06:37:59,  832843 sec) Profile()            Sample 18 initiated at 801.0dbars for bin 18 [800dbars].  PTS: 798.3dbars 8.1550C 34.9912PSU
(Jan 12 2017 06:46:01,  833325 sec) Profile()            Sample 19 initiated at 750.1dbars for bin 19 [750dbars].  PTS: 747.6dbars 8.4603C 35.0001PSU
(Jan 12 2017 06:54:33,  833837 sec) Profile()            Sample 20 initiated at 700.1dbars for bin 20 [700dbars].  PTS: 697.8dbars 8.8293C 35.0129PSU
(Jan 12 2017 07:03:23,  834367 sec) Profile()            Sample 21 initiated at 650.7dbars for bin 21 [650dbars].  PTS: 648.3dbars 9.1029C 35.0151PSU
(Jan 12 2017 07:11:55,  834879 sec) Profile()            Sample 22 initiated at 600.5dbars for bin 22 [600dbars].  PTS: 598.0dbars 9.4385C 35.0250PSU
(Jan 12 2017 07:20:07,  835371 sec) Profile()            Sample 23 initiated at 550.5dbars for bin 23 [550dbars].  PTS: 548.1dbars 9.7810C 35.0288PSU
(Jan 12 2017 07:29:09,  835913 sec) Profile()            Sample 24 initiated at 500.6dbars for bin 24 [500dbars].  PTS: 498.5dbars 10.1964C 35.0406PSU
(Jan 12 2017 07:30:46,  836011 sec) Sbe41cpStartCP()     Continuous profile started.
(Jan 12 2017 08:21:47,  839071 sec) AscentControlAgent() Bouyancy nudge to 87 (v=0.072dbar/sec).
(Jan 12 2017 08:21:47,  839071 sec) PistonMoveAbsWTO()    077->087 078 079 080 081 082 [30sec, 13.9Volts, 0.226Amps, CPT:1813sec]
(Jan 12 2017 08:22:27,  839111 sec) PistonMoveAbsWTO()    082->087 083 084 085 086 087 [25sec, 13.8Volts, 0.218Amps, CPT:1838sec]
(Jan 12 2017 08:33:04,  839748 sec) AscentControlAgent() Bouyancy nudge to 97 (v=0.039dbar/sec).
(Jan 12 2017 08:33:04,  839748 sec) PistonMoveAbsWTO()    087->097 088 089 090 091 092 [30sec, 14.0Volts, 0.218Amps, CPT:1868sec]
(Jan 12 2017 08:33:44,  839788 sec) PistonMoveAbsWTO()    092->097 093 094 095 096 097 [24sec, 13.9Volts, 0.214Amps, CPT:1892sec]
(Jan 12 2017 08:39:14,  840118 sec) AscentControlAgent() Bouyancy nudge to 107 (v=0.058dbar/sec).
(Jan 12 2017 08:39:14,  840118 sec) PistonMoveAbsWTO()    097->107 098 099 100 101 102 [30sec, 14.0Volts, 0.210Amps, CPT:1922sec]
(Jan 12 2017 08:39:54,  840158 sec) PistonMoveAbsWTO()    102->107 103 104 105 106 107 [25sec, 13.9Volts, 0.210Amps, CPT:1947sec]
(Jan 12 2017 08:45:25,  840489 sec) AscentControlAgent() Bouyancy nudge to 117 (v=0.050dbar/sec).
(Jan 12 2017 08:45:25,  840489 sec) PistonMoveAbsWTO()    107->117 108 109 110 111 112 [30sec, 14.0Volts, 0.210Amps, CPT:1977sec]
(Jan 12 2017 08:46:05,  840529 sec) PistonMoveAbsWTO()    112->117 113 114 115 116 117 [25sec, 13.9Volts, 0.197Amps, CPT:2002sec]
(Jan 12 2017 08:51:36,  840860 sec) AscentControlAgent() Bouyancy nudge to 127 (v=0.036dbar/sec).
(Jan 12 2017 08:51:36,  840860 sec) PistonMoveAbsWTO()    117->127 118 119 120 121 122 [30sec, 14.0Volts, 0.197Amps, CPT:2032sec]
(Jan 12 2017 08:52:16,  840900 sec) PistonMoveAbsWTO()    122->127 123 124 125 126 127 [23sec, 14.0Volts, 0.197Amps, CPT:2055sec]
(Jan 12 2017 08:57:46,  841230 sec) AscentControlAgent() Bouyancy nudge to 137 (v=0.025dbar/sec).
(Jan 12 2017 08:57:46,  841230 sec) PistonMoveAbsWTO()    127->137 128 129 130 131 132 [30sec, 14.0Volts, 0.197Amps, CPT:2085sec]
(Jan 12 2017 08:58:26,  841270 sec) PistonMoveAbsWTO()    132->137 133 134 135 136 137 [24sec, 14.0Volts, 0.189Amps, CPT:2109sec]
(Jan 12 2017 09:02:52,  841536 sec) AscentControlAgent() Bouyancy nudge to 147 (v=0.044dbar/sec).
(Jan 12 2017 09:02:52,  841536 sec) PistonMoveAbsWTO()    137->147 138 139 140 141 142 [30sec, 14.0Volts, 0.193Amps, CPT:2139sec]
(Jan 12 2017 09:03:32,  841576 sec) PistonMoveAbsWTO()    142->147 143 144 145 146 147 [24sec, 14.0Volts, 0.189Amps, CPT:2163sec]
(Jan 12 2017 09:07:58,  841842 sec) AscentControlAgent() Bouyancy nudge to 157 (v=0.080dbar/sec).
(Jan 12 2017 09:07:58,  841842 sec) PistonMoveAbsWTO()    147->157 148 149 [15sec, 14.0Volts, 0.189Amps, CPT:2178sec]
(Jan 12 2017 09:08:23,  841867 sec) PistonMoveAbsWTO()    149->157 150 151 152 [15sec, 14.0Volts, 0.185Amps, CPT:2193sec]
(Jan 12 2017 09:08:48,  841892 sec) PistonMoveAbsWTO()    152->157 153 154 155 [15sec, 14.0Volts, 0.185Amps, CPT:2208sec]
(Jan 12 2017 09:09:16,  841920 sec) SurfaceDetect()      SurfacePressure:-0.1dbars Pressure:2.2dbars PistonPosition:155
(Jan 12 2017 09:09:17,  841921 sec) Sbe41cpStopCP()      Continuous profile stopped.
(Jan 12 2017 09:09:23,  841927 sec) PistonMoveAbsWTO()    155->177 156 157 158 159 160 161 162 163 164 165 166 167 168 169 170 171 172 173 174 175 176 177 [114sec, 14.0Volts, 0.161Amps, CPT:2322sec]
(Jan 12 2017 09:11:29,  842053 sec) sbe41cp.c:chat()     Expected string [S>] not received.
(Jan 12 2017 09:13:12,  842156 sec) Sbe41cpBinAverage()  Finished averaging 5941 samples in 99 seconds.
(Jan 12 2017 09:13:17,  842161 sec) Sbe41cpUploadCP()    Sbe41cpSerNo[5994] NSample[5941] NBin[247]
(Jan 12 2017 09:13:57,  842201 sec) Sbe41cpUploadCP()    Continuous profile uploaded [247 lines].

<EOT>
