(Jul 22 2015 11:36:40,  842088 sec) TelemetryInit()      Profile 25. (Apf9i FwRev: 012811)
(Jul 22 2015 11:43:38,  842507 sec) AirSystem()          Battery [187cnt, 14.5V]  Current [77cnt, 31.0mA]  Barometer [128cnt, 7.1"Hg]  Run-Time [49s]
(Jul 22 2015 11:44:31,  842559 sec) GpsServices()        GPS almanac is current.
(Jul 22 2015 11:44:31,  842559 sec) GpsServices()        Initiating GPS fix acquisition.
(Jul 22 2015 11:44:43,  842571 sec) gga()                $GPGGA,114440,1256.1160,N,08635.3217,E,0,00,,,M,,M,,*50
(Jul 22 2015 11:44:50,  842578 sec) gga()                $GPGGA,114430,1256.1160,N,08635.3217,E,0,00,,,M,,M,,*57
(Jul 22 2015 11:45:00,  842588 sec) gga()                $GPGGA,114440,1256.1160,N,08635.3217,E,0,00,,,M,,M,,*50
(Jul 22 2015 11:45:10,  842598 sec) gga()                $GPGGA,114450,1256.1160,N,08635.3217,E,0,00,,,M,,M,,*51
(Jul 22 2015 11:45:20,  842608 sec) gga()                $GPGGA,114500,1256.1160,N,08635.3217,E,0,00,,,M,,M,,*55
(Jul 22 2015 11:45:30,  842618 sec) gga()                $GPGGA,114510,1256.1160,N,08635.3217,E,0,00,,,M,,M,,*54
(Jul 22 2015 11:45:40,  842628 sec) gga()                $GPGGA,114520,1256.1160,N,08635.3217,E,0,00,,,M,,M,,*57
(Jul 22 2015 11:46:08,  842657 sec) gga()                $GPGGA,114530,1225.6946,N,08654.5115,E,1,10,0.8,13.3,M,-76.2,M,,*50
(Jul 22 2015 11:46:09,  842657 sec) GpsServices()        Profile 25 GPS fix obtained in 98 seconds.
(Jul 22 2015 11:46:09,  842657 sec) GpsServices()                  lon     lat mm/dd/yyyy hhmmss nsat
(Jul 22 2015 11:46:09,  842657 sec) GpsServices()        Fix:   86.909  12.428 07/22/2015 114530   10
(Jul 22 2015 11:46:38,  842687 sec) gga()                $GPGGA,114600,1225.6922,N,08654.5141,E,1,10,0.8,16.2,M,-76.2,M,,*57
(Jul 22 2015 11:46:44,  842692 sec) gga()                $GPGGA,114630,1225.6911,N,08654.5166,E,1,10,0.7,11.7,M,-76.2,M,,*5C
(Jul 22 2015 11:46:44,  842693 sec) GpsServices()        APF9 RTC skew (14s) OK.
(Jul 22 2015 11:46:45,  842693 sec) LogNmeaSentences()   ,187,38,17,15,113,40,20,43,231,44,24,12,221,37*70
(Jul 22 2015 11:46:45,  842693 sec) LogNmeaSentences()   $GPGSV,3,3,11,25,28,311,43,29,05,320,39,10,20,035,00*40
(Jul 22 2015 11:46:54,  842702 sec) LogNmeaSentences()   $GPRMC,114640,A,1225.6907,N,08654.5170,E,001.3,232.0,220715,001.4,W*65
(Jul 22 2015 11:46:54,  842703 sec) LogNmeaSentences()   $GPGGA,114640,1225.6907,N,08654.5170,E,1,10,0.8,13.1,M,-76.2,M,,*50
(Jul 22 2015 11:46:55,  842703 sec) LogNmeaSentences()   $GPGSA,A,3,02,05,06,12,13,15,17,20,24,25,,,1.1,0.8,0.8*33
(Jul 22 2015 11:46:55,  842703 sec) LogNmeaSentences()   $GPGSV,3,1,12,02,35,015,44,05,78,006,47,06,12,050,43,12,62,278,47*79
(Jul 22 2015 11:46:55,  842704 sec) LogNmeaSentences()   $GPGSV,3,2,12,13,27,150,45,15,18,187,40,17,15,113,42,20,43,231,42*7A
(Jul 22 2015 11:46:56,  842704 sec) LogNmeaSentences()   $GPGSV,3,3,12,24,12,221,26,25,28,310,39,10,20,035,00,29,05,320,00*75
(Jul 22 2015 11:47:04,  842712 sec) LogNmeaSentences()   $GPRMC,114650,A,1225.6896,N,08654.5194,E,003.1,049.9,220715,001.4,W*60
(Jul 22 2015 11:47:04,  842713 sec) LogNmeaSentences()   $GPGGA,114650,1225.6896,N,08654.5194,E,1,11,0.7,12.2,M,-76.2,M,,*5E
(Jul 22 2015 11:47:05,  842713 sec) LogNmeaSentences()   $GPGSA,A,3,02,05,06,12,13,15,17,20,24,25,29,,1.0,0.7,0.7*39
(Jul 22 2015 11:47:05,  842713 sec) LogNmeaSentences()   $GPGSV,3,1,12,02,35,015,46,05,77,006,48,06,12,050,35,12,62,278,47*7A
(Jul 22 2015 11:47:06,  842714 sec) LogNmeaSentences()   $GPGSV,3,2,12,13,27,150,36,15,18,187,39,17,15,113,39,20,43,231,45*7B
(Jul 22 2015 11:47:06,  842714 sec) LogNmeaSentences()   $GPGSV,3,3,12,24,12,221,34,25,28,310,43,29,05,320,36,10,20,035,00*7E
(Jul 22 2015 11:47:14,  842722 sec) LogNmeaSentences()   $GPRMC,114700,A,1225.6874,N,08654.5211,E,000.8,152.0,220715,001.4,W*6E
(Jul 22 2015 11:47:14,  842723 sec) LogNmeaSentences()   $GPGGA,114700,1225.6874,N,08654.5211,E,1,03,4.9,,M,-76.2,M,,*4E
(Jul 22 2015 11:47:15,  842723 sec) LogNmeaSentences()   $GPGSA,A,2,,15,20,25,,,,,,,,,5.0,4.9,*14
(Jul 22 2015 11:47:15,  842723 sec) LogNmeaSentences()   $GPGSV,3,1,10,13,27,150,20,15,18,187,38,20,43,231,43,25,28,310,45*7F
(Jul 22 2015 11:47:15,  842724 sec) LogNmeaSentences()   $GPGSV,3,2,10,02,36,014,00,06,12,049,00,10,20,035,00,12,62,278,00*7C
(Jul 22 2015 11:47:16,  842724 sec) LogNmeaSentences()   $GPGSV,3,3,10,17,15,112,00,29,05,321,00*76
(Jul 22 2015 11:47:16,  842724 sec) LogNmeaSentences()   $PGRMT,GPS 15x-L software ver. 3.80,,,,,,,,*7C
(Jul 22 2015 11:47:16,  842724 sec) GpsServices()        GPS services complete.
(Jul 22 2015 11:47:40,  842748 sec) CLogin()             Connecting to primary host.
(Jul 22 2015 11:47:53,  842762 sec) CLogin()             Connection 1 established in 13 seconds.
(Jul 22 2015 11:48:04,  842772 sec) login()              Login successful.
(Jul 22 2015 11:48:08,  842776 sec) CLogin()             Logged in to host.  [Login required 15 seconds]
(Jul 22 2015 11:48:16,  842784 sec) RxConfig()           Downloading "mission.cfg" from host.
(Jul 22 2015 11:48:18,  842786 sec) Rx()                 Initiating transfer. [0x43]
(Jul 22 2015 11:48:29,  842797 sec) Rx()                 Pad character [0x1a] found in ascii mode - truncating packet.
(Jul 22 2015 11:48:34,  842802 sec) Rx()                 Received EOT - transfer complete. [1 packets, 1024 bytes, 16 sec, 64.0 bps]
(Jul 22 2015 11:48:34,  842802 sec) RxConfig()           Download successful.
(Jul 22 2015 11:48:48,  842816 sec) WriteVitals()        Writing vitals to "9567.025.msg".
(Jul 22 2015 11:49:00,  842828 sec) UpLoadFile()         Uploading "9567.025.msg" to host as "9567.025.msg".
(Jul 22 2015 11:49:03,  842831 sec) Tx()                 CRC negotiation successful. [16-bit CRC]
(Jul 22 2015 11:49:51,  842879 sec) TxPacket()           NAK received - resending packet. [PktNum=0x07]
(Jul 22 2015 11:49:51,  842879 sec) TxPacket()           Packet xmit history: [00000001] (0:ok, 1:fail).
(Jul 22 2015 11:50:12,  842900 sec) TxPacket()           NAK received - resending packet. [PktNum=0x0a]
(Jul 22 2015 11:50:12,  842900 sec) TxPacket()           Packet xmit history: [00010001] (0:ok, 1:fail).
(Jul 22 2015 11:50:30,  842918 sec) TxPacket()           NAK received - resending packet. [PktNum=0x0c]
(Jul 22 2015 11:50:30,  842919 sec) TxPacket()           Packet xmit history: [10001001] (0:ok, 1:fail).
(Jul 22 2015 11:50:41,  842929 sec) TxPacket()           NAK received - resending packet. [PktNum=0x0d]
(Jul 22 2015 11:50:41,  842930 sec) TxPacket()           Packet xmit history: [00100101] (0:ok, 1:fail).
(Jul 22 2015 11:50:50,  842938 sec) TxPacket()           NAK received - resending packet. [PktNum=0x0d]
(Jul 22 2015 11:50:50,  842938 sec) TxPacket()           Packet xmit history: [01001011] (0:ok, 1:fail).
(Jul 22 2015 11:51:09,  842957 sec) TxPacket()           NAK received - resending packet. [PktNum=0x10]
(Jul 22 2015 11:51:09,  842958 sec) TxPacket()           Packet xmit history: [10110001] (0:ok, 1:fail).
(Jul 22 2015 11:51:15,  842963 sec) TxPacket()           NAK received - resending packet. [PktNum=0x10]
(Jul 22 2015 11:51:15,  842963 sec) TxPacket()           Packet xmit history: [01100011] (0:ok, 1:fail).
(Jul 22 2015 11:51:20,  842968 sec) TxPacket()           NAK received - resending packet. [PktNum=0x10]
(Jul 22 2015 11:51:20,  842969 sec) TxPacket()           Packet xmit history: [11000111] (0:ok, 1:fail).
(Jul 22 2015 11:51:32,  842980 sec) TxPacket()           NAK received - resending packet. [PktNum=0x11]
(Jul 22 2015 11:51:32,  842980 sec) TxPacket()           Packet xmit history: [00011101] (0:ok, 1:fail).
(Jul 22 2015 11:51:58,  843006 sec) TxPacket()           NAK received - resending packet. [PktNum=0x16]
(Jul 22 2015 11:51:58,  843007 sec) TxPacket()           Packet xmit history: [01000001] (0:ok, 1:fail).
(Jul 22 2015 11:52:24,  843032 sec) TxPacket()           NAK received - resending packet. [PktNum=0x17]
(Jul 22 2015 11:52:24,  843033 sec) TxPacket()           Packet xmit history: [00000101] (0:ok, 1:fail).
(Jul 22 2015 11:52:28,  843036 sec) TxPacket()           NAK received - resending packet. [PktNum=0x17]
(Jul 22 2015 11:52:28,  843036 sec) TxPacket()           Packet xmit history: [00001011] (0:ok, 1:fail).
(Jul 22 2015 11:52:50,  843058 sec) TxPacket()           NAK received - resending packet. [PktNum=0x17]
(Jul 22 2015 11:52:50,  843058 sec) TxPacket()           Packet xmit history: [00010111] (0:ok, 1:fail).
(Jul 22 2015 11:53:00,  843068 sec) TxPacket()           NAK received - resending packet. [PktNum=0x17]
(Jul 22 2015 11:53:00,  843068 sec) TxPacket()           Packet xmit history: [00101111] (0:ok, 1:fail).
(Jul 22 2015 11:53:15,  843083 sec) TxPacket()           NAK received - resending packet. [PktNum=0x17]
(Jul 22 2015 11:53:15,  843083 sec) TxPacket()           Packet xmit history: [01011111] (0:ok, 1:fail).
(Jul 22 2015 11:53:22,  843090 sec) TxPacket()           NAK received - resending packet. [PktNum=0x17]
(Jul 22 2015 11:53:22,  843090 sec) TxPacket()           Packet xmit history: [10111111] (0:ok, 1:fail).
(Jul 22 2015 11:53:35,  843104 sec) TxPacket()           NAK received - resending packet. [PktNum=0x17]
(Jul 22 2015 11:53:35,  843104 sec) TxPacket()           Packet xmit history: [01111111] (0:ok, 1:fail).
(Jul 22 2015 11:54:01,  843129 sec) TxPacket()           NAK received - resending packet. [PktNum=0x1a]
(Jul 22 2015 11:54:01,  843129 sec) TxPacket()           Packet xmit history: [11110001] (0:ok, 1:fail).
(Jul 22 2015 11:54:16,  843145 sec) TxPacket()           NAK received - resending packet. [PktNum=0x1c]
(Jul 22 2015 11:54:17,  843145 sec) TxPacket()           Packet xmit history: [10001001] (0:ok, 1:fail).
(Jul 22 2015 11:54:49,  843178 sec) Tx()                 Transmission completed successfully [31 packets, 23212 bytes, 345 sec, 68.6 bps]
(Jul 22 2015 11:54:50,  843178 sec) UpLoadFile()         Upload successful.
(Jul 22 2015 11:54:54,  843183 sec) UpLoadFile()         Uploading "9567.025.log" to host as "9567.025.log".
(Jul 22 2015 11:54:57,  843185 sec) Tx()                 CRC negotiation successful. [16-bit CRC]
(Jul 22 2015 11:55:03,  843191 sec) TxPacket()           NAK received - resending packet. [PktNum=0x01]
(Jul 22 2015 11:55:03,  843191 sec) TxPacket()           Packet xmit history: [00100001] (0:ok, 1:fail).
(Jul 22 2015 11:55:21,  843209 sec) TxPacket()           NAK received - resending packet. [PktNum=0x03]
(Jul 22 2015 11:55:21,  843209 sec) TxPacket()           Packet xmit history: [00001001] (0:ok, 1:fail).
(Jul 22 2015 11:55:42,  843230 sec) TxPacket()           NAK received - resending packet. [PktNum=0x05]
(Jul 22 2015 11:55:42,  843230 sec) TxPacket()           Packet xmit history: [01001001] (0:ok, 1:fail).
(Jul 22 2015 11:55:59,  843247 sec) TxPacket()           NAK received - resending packet. [PktNum=0x07]
(Jul 22 2015 11:55:59,  843247 sec) TxPacket()           Packet xmit history: [01001001] (0:ok, 1:fail).
(Jul 22 2015 11:56:33,  843281 sec) TxPacket()           NAK received - resending packet. [PktNum=0x0c]
(Jul 22 2015 11:56:33,  843281 sec) TxPacket()           Packet xmit history: [01000001] (0:ok, 1:fail).
(Jul 22 2015 11:56:43,  843291 sec) TxPacket()           NAK received - resending packet. [PktNum=0x0d]
(Jul 22 2015 11:56:43,  843292 sec) TxPacket()           Packet xmit history: [00000101] (0:ok, 1:fail).
(Jul 22 2015 11:56:57,  843305 sec) TxPacket()           NAK received - resending packet. [PktNum=0x0e]
(Jul 22 2015 11:56:57,  843305 sec) TxPacket()           Packet xmit history: [00010101] (0:ok, 1:fail).
(Jul 22 2015 11:57:02,  843310 sec) TxPacket()           NAK received - resending packet. [PktNum=0x0e]
(Jul 22 2015 11:57:02,  843310 sec) TxPacket()           Packet xmit history: [00101011] (0:ok, 1:fail).
(Jul 22 2015 11:57:29,  843337 sec) TxPacket()           NAK received - resending packet. [PktNum=0x12]
(Jul 22 2015 11:57:29,  843337 sec) TxPacket()           Packet xmit history: [01100001] (0:ok, 1:fail).
(Jul 22 2015 11:57:34,  843342 sec) TxPacket()           NAK received - resending packet. [PktNum=0x12]
(Jul 22 2015 11:57:34,  843342 sec) TxPacket()           Packet xmit history: [11000011] (0:ok, 1:fail).
(Jul 22 2015 11:57:54,  843362 sec) TxPacket()           NAK received - resending packet. [PktNum=0x14]
(Jul 22 2015 11:57:54,  843362 sec) TxPacket()           Packet xmit history: [00011001] (0:ok, 1:fail).
(Jul 22 2015 11:57:59,  843367 sec) TxPacket()           NAK received - resending packet. [PktNum=0x14]
(Jul 22 2015 11:57:59,  843367 sec) TxPacket()           Packet xmit history: [00110011] (0:ok, 1:fail).
(Jul 22 2015 11:58:04,  843372 sec) TxPacket()           NAK received - resending packet. [PktNum=0x14]
(Jul 22 2015 11:58:04,  843372 sec) TxPacket()           Packet xmit history: [01100111] (0:ok, 1:fail).
(Jul 22 2015 11:58:09,  843377 sec) TxPacket()           NAK received - resending packet. [PktNum=0x14]
(Jul 22 2015 11:58:09,  843377 sec) TxPacket()           Packet xmit history: [11001111] (0:ok, 1:fail).
(Jul 22 2015 11:58:18,  843387 sec) TxPacket()           NAK received - resending packet. [PktNum=0x14]
(Jul 22 2015 11:58:19,  843387 sec) TxPacket()           Packet xmit history: [10011111] (0:ok, 1:fail).
(Jul 22 2015 11:58:23,  843391 sec) TxPacket()           NAK received - resending packet. [PktNum=0x14]
(Jul 22 2015 11:58:23,  843391 sec) TxPacket()           Packet xmit history: [00111111] (0:ok, 1:fail).
(Jul 22 2015 11:58:28,  843396 sec) TxPacket()           NAK received - resending packet. [PktNum=0x14]
(Jul 22 2015 11:58:28,  843396 sec) TxPacket()           Packet xmit history: [01111111] (0:ok, 1:fail).
(Jul 22 2015 11:58:32,  843400 sec) TxPacket()           NAK received - resending packet. [PktNum=0x14]
(Jul 22 2015 11:58:32,  843401 sec) TxPacket()           Packet xmit history: [11111111] (0:ok, 1:fail).
(Jul 22 2015 11:58:41,  843409 sec) TxPacket()           NAK received - resending packet. [PktNum=0x14]
(Jul 22 2015 11:58:41,  843409 sec) TxPacket()           Packet xmit history: [11111111] (0:ok, 1:fail).
(Jul 22 2015 11:58:44,  843412 sec) TxPacket()           NAK received - resending packet. [PktNum=0x14]
(Jul 22 2015 11:58:44,  843412 sec) TxPacket()           Packet xmit history: [11111111] (0:ok, 1:fail).
(Jul 22 2015 11:58:44,  843413 sec) TxPacket()           Exit status: -2
(Jul 22 2015 11:58:44,  843413 sec) Tx()                 Packet transmission failed - aborting transfer.
(Jul 22 2015 11:58:55,  843423 sec) UpLoadFile()         Upload failed.
(Jul 22 2015 11:59:06,  843434 sec) UpLoadFile()         Uploading "9567.025.log" to host as "9567.025.log".
(Jul 22 2015 12:00:06,  843494 sec) Tx()                 CRC negotiation failed - aborting transfer.
(Jul 22 2015 12:00:16,  843505 sec) UpLoadFile()         Upload failed.
(Jul 22 2015 12:00:16,  843505 sec) UpLoad()             Files successfully uploaded: 1
(Jul 22 2015 12:00:16,  843505 sec) UpLoad()             Aborting upload: Retry limit [2] exceeded. Upload incomplete.
(Jul 22 2015 12:00:22,  843510 sec) chat()               Expected string [cmd>] not received.
(Jul 22 2015 12:00:22,  843510 sec) logout()             Can't get command prompt.
(Jul 22 2015 12:00:26,  843514 sec) logout()             Log-out successful.
(Jul 22 2015 12:00:27,  843516 sec) Telemetry()          Telemetry cycle complete: PrfId=25 ConnectionAttempts=1  Connections=1
(Jul 22 2015 12:15:42,  844430 sec) AirSystem()          Air-bladder inflation by-passed. Barometer: [126cnt, 6.5"Hg].
(Jul 22 2015 12:16:07,  844455 sec) GpsServices()        GPS almanac is current.
(Jul 22 2015 12:16:07,  844455 sec) GpsServices()        Initiating GPS fix acquisition.
(Jul 22 2015 12:16:39,  844487 sec) gga()                $GPGGA,121600,1225.5641,N,08654.7667,E,1,11,0.7,9.1,M,-76.2,M,,*6A
(Jul 22 2015 12:16:39,  844488 sec) GpsServices()        Profile 25 GPS fix obtained in 32 seconds.
(Jul 22 2015 12:16:39,  844488 sec) GpsServices()                  lon     lat mm/dd/yyyy hhmmss nsat
(Jul 22 2015 12:16:40,  844488 sec) GpsServices()        Fix:   86.913  12.426 07/22/2015 121600   11
(Jul 22 2015 12:17:08,  844517 sec) gga()                $GPGGA,121630,1225.5613,N,08654.7714,E,1,11,0.7,4.9,M,-76.2,M,,*6E
(Jul 22 2015 12:17:14,  844522 sec) gga()                $GPGGA,121700,1225.5579,N,08654.7730,E,1,11,0.7,7.3,M,-76.2,M,,*6C
(Jul 22 2015 12:17:14,  844523 sec) GpsServices()        APF9 RTC skew (14s) OK.
(Jul 22 2015 12:17:15,  844523 sec) LogNmeaSentences()   ,36,137,46,15,28,180,44,17,07,124,23,20,52,248,47*73
(Jul 22 2015 12:17:15,  844523 sec) LogNmeaSentences()   $GPGSV,3,3,12,24,09,208,30,25,36,297,45,29,15,327,45,10,08,036,00*77
(Jul 22 2015 12:17:15,  844523 sec) LogNmeaSentences()   $PGRMT,GPS 15x-L software ver. 3.80,,,,,,,,*7C
(Jul 22 2015 12:17:24,  844532 sec) LogNmeaSentences()   $GPRMC,121710,A,1225.5569,N,08654.7750,E,000.0,118.5,220715,001.4,W*6A
(Jul 22 2015 12:17:24,  844533 sec) LogNmeaSentences()   $GPGGA,121710,1225.5569,N,08654.7750,E,1,05,1.2,7.0,M,-76.2,M,,*68
(Jul 22 2015 12:17:25,  844533 sec) LogNmeaSentences()   $GPGSA,A,3,02,06,,,20,24,29,,,,,,1.5,1.2,0.9*37
(Jul 22 2015 12:17:25,  844533 sec) LogNmeaSentences()   $GPGSV,3,1,12,02,31,029,45,06,07,062,37,12,59,245,18,15,28,180,26*75
(Jul 22 2015 12:17:25,  844534 sec) LogNmeaSentences()   $GPGSV,3,2,12,20,52,248,36,24,09,208,30,29,15,327,40,10,08,036,00*72
(Jul 22 2015 12:17:26,  844534 sec) LogNmeaSentences()   $GPGSV,3,3,12,13,36,136,00,17,08,123,00,21,04,280,00,25,36,298,00*7B
(Jul 22 2015 12:17:34,  844542 sec) LogNmeaSentences()   $GPRMC,121720,A,1225.5570,N,08654.7764,E,001.9,063.6,220715,001.4,W*60
(Jul 22 2015 12:17:34,  844543 sec) LogNmeaSentences()   $GPGGA,121720,1225.5570,N,08654.7764,E,1,11,0.7,6.3,M,-76.2,M,,*67
(Jul 22 2015 12:17:35,  844543 sec) LogNmeaSentences()   $GPGSA,A,3,02,05,06,12,13,15,17,20,24,25,29,,1.1,0.7,0.8*37
(Jul 22 2015 12:17:35,  844543 sec) LogNmeaSentences()   $GPGSV,3,1,12,02,31,029,43,05,62,011,47,06,07,062,40,12,59,245,48*77
(Jul 22 2015 12:17:36,  844544 sec) LogNmeaSentences()   $GPGSV,3,2,12,13,36,137,46,15,29,179,44,17,07,124,41,20,52,248,47*70
(Jul 22 2015 12:17:36,  844544 sec) LogNmeaSentences()   $GPGSV,3,3,12,24,09,208,39,25,36,297,45,29,15,327,42,10,08,036,00*79
(Jul 22 2015 12:17:44,  844552 sec) LogNmeaSentences()   $GPRMC,121730,A,1225.5561,N,08654.7778,E,001.3,047.6,220715,001.4,W*60
(Jul 22 2015 12:17:44,  844553 sec) LogNmeaSentences()   $GPGGA,121730,1225.5561,N,08654.7778,E,1,11,0.7,6.8,M,-76.2,M,,*60
(Jul 22 2015 12:17:45,  844553 sec) GpsServices()        GPS services complete.
(Jul 22 2015 12:18:09,  844577 sec) CLogin()             Connecting to primary host.
(Jul 22 2015 12:18:20,  844588 sec) CLogin()             Connection 2 established in 11 seconds.
(Jul 22 2015 12:18:35,  844604 sec) login()              Login successful.
(Jul 22 2015 12:18:39,  844607 sec) CLogin()             Logged in to host.  [Login required 19 seconds]
(Jul 22 2015 12:18:47,  844615 sec) RxConfig()           Downloading "mission.cfg" from host.
(Jul 22 2015 12:18:49,  844617 sec) Rx()                 Initiating transfer. [0x43]
(Jul 22 2015 12:18:56,  844624 sec) Rx()                 Truncated packet received - retrying.
(Jul 22 2015 12:19:00,  844628 sec) RxStartByte()        Sync errors encountered: 595
(Jul 22 2015 12:19:04,  844632 sec) Rx()                 Pad character [0x1a] found in ascii mode - truncating packet.
(Jul 22 2015 12:19:11,  844639 sec) Rx()                 Received EOT - transfer complete. [1 packets, 1024 bytes, 22 sec, 46.5 bps]
(Jul 22 2015 12:19:11,  844639 sec) RxConfig()           Download successful.
(Jul 22 2015 12:19:31,  844660 sec) UpLoadFile()         Uploading "9567.025.log" to host as "9567.025.log".
(Jul 22 2015 12:19:33,  844662 sec) Tx()                 CRC negotiation successful. [16-bit CRC]
(Jul 22 2015 12:20:00,  844688 sec) TxPacket()           NAK received - resending packet. [PktNum=0x04]
(Jul 22 2015 12:20:00,  844688 sec) TxPacket()           Packet xmit history: [10000001] (0:ok, 1:fail).
(Jul 22 2015 12:20:09,  844697 sec) TxPacket()           NAK received - resending packet. [PktNum=0x05]
(Jul 22 2015 12:20:09,  844697 sec) TxPacket()           Packet xmit history: [00000101] (0:ok, 1:fail).
(Jul 22 2015 12:20:21,  844709 sec) TxPacket()           NAK received - resending packet. [PktNum=0x06]
(Jul 22 2015 12:20:21,  844710 sec) TxPacket()           Packet xmit history: [00010101] (0:ok, 1:fail).
(Jul 22 2015 12:20:35,  844723 sec) TxPacket()           NAK received - resending packet. [PktNum=0x07]
(Jul 22 2015 12:20:35,  844724 sec) TxPacket()           Packet xmit history: [01010101] (0:ok, 1:fail).
(Jul 22 2015 12:20:58,  844746 sec) TxPacket()           NAK received - resending packet. [PktNum=0x0a]
(Jul 22 2015 12:20:58,  844746 sec) TxPacket()           Packet xmit history: [01010001] (0:ok, 1:fail).
(Jul 22 2015 12:21:24,  844772 sec) TxPacket()           NAK received - resending packet. [PktNum=0x0e]
(Jul 22 2015 12:21:24,  844772 sec) TxPacket()           Packet xmit history: [00100001] (0:ok, 1:fail).
(Jul 22 2015 12:21:42,  844790 sec) TxPacket()           NAK received - resending packet. [PktNum=0x10]
(Jul 22 2015 12:21:42,  844790 sec) TxPacket()           Packet xmit history: [00001001] (0:ok, 1:fail).
(Jul 22 2015 12:21:52,  844800 sec) TxPacket()           NAK received - resending packet. [PktNum=0x11]
(Jul 22 2015 12:21:52,  844800 sec) TxPacket()           Packet xmit history: [00100101] (0:ok, 1:fail).
(Jul 22 2015 12:22:17,  844825 sec) TxPacket()           NAK received - resending packet. [PktNum=0x14]
(Jul 22 2015 12:22:17,  844825 sec) TxPacket()           Packet xmit history: [01010001] (0:ok, 1:fail).
(Jul 22 2015 12:22:58,  844866 sec) Tx()                 Transmission completed successfully [25 packets, 24062 bytes, 203 sec, 121.7 bps]
(Jul 22 2015 12:22:58,  844867 sec) UpLoadFile()         Upload successful.
(Jul 22 2015 12:23:04,  844873 sec) UpLoad()             Files successfully uploaded: 1
(Jul 22 2015 12:23:04,  844873 sec) UpLoad()             Upload complete.
(Jul 22 2015 12:23:08,  844877 sec) logout()             Log-out successful.
(Jul 22 2015 12:23:10,  844878 sec) Telemetry()          Telemetry cycle complete: PrfId=25 ConnectionAttempts=2  Connections=2
(Jul 22 2015 12:23:10,  844878 sec) TelemetryTerminate() Parsing new mission configuration.
(Jul 22 2015 12:23:11,  844879 sec) configure()          Parsing configurators in "mission.cfg".
(Jul 22 2015 12:23:15,  844883 sec) configure()             TelemetryRetry(15)      [0x7BBC] [TelemetryRetry(15)].
(Jul 22 2015 12:23:15,  844884 sec) configure()          Configuration CRCs and syntax OK.
(Jul 22 2015 12:23:15,  844884 sec) ConfigSupervisor()   Sanity check violated: cfg->PressureCP >= 750
(Jul 22 2015 12:23:16,  844884 sec) ConfigSupervisor()   Configuration accepted.
(Jul 22 2015 12:23:16,  844884 sec) TelemetryTerminate() Reconditioning the file system.
(Jul 22 2015 12:23:27,       6 sec) DescentInit()        Deep profile 26 initiated at mission-time 844889sec.
(Jul 22 2015 12:23:30,       9 sec) DescentInit()        Surface pressure: -0.2dbars.
(Jul 22 2015 12:23:35,      14 sec) PistonMoveAbsWTO()    188->052 187 186 185 184 183 182 181 180 179 178 177 176 175 174 173 172 171 170 169 168 167 166 165 164 163 162 161 160 159 158 157 156 155 154 153 152 151 150 149 148 147 146 145 144 143 142 141 140 139 138 137 136 135 134 133 132 131 130 129 128 127 126 125 124 123 122 121 120 119 118 117 116 115 114 113 112 111 110 109 108 107 106 105 104 103 102 101 100 099 098 097 096 095 094 093 092 091 090 089 088 087 086 085 084 083 082 081 080 079 078 077 076 075 074 073 072 071 070 069 068 067 066 065 064 063 062 061 060 059 058 057 056 055 054 053 052 [679sec, 14.4Volts, 0.161Amps, CPT:679sec]
(Jul 22 2015 12:34:55,     694 sec) PistonMoveAbsWTO()    052->000 051 050 049 048 047 046 045 044 043 042 041 040 039 038 037 036 035 034 033 032 031 030 029 028 027 026 025 024 023 022 021 020 019 018 017 016 015 014 013 012 011 010 009 [213sec, 14.4Volts, 0.153Amps, CPT:892sec]
(Jul 22 2015 12:38:39,     918 sec) Descent()            Pressure: 88.7
(Jul 22 2015 13:23:25,    3604 sec) Descent()            Pressure: 408.1
(Jul 22 2015 14:23:25,    7204 sec) Descent()            Pressure: 882.7
(Jul 22 2015 14:23:25,    7204 sec) PistonMoveAbsWTO()    009->052 010 011 012 013 014 015 016 017 018 019 020 021 022 023 024 025 026 027 028 029 030 031 032 033 034 035 036 037 038 039 040 041 042 043 044 045 046 047 048 049 050 051 052 [238sec, 14.0Volts, 0.423Amps, CPT:1130sec]
(Jul 22 2015 15:23:25,   10804 sec) Descent()            Pressure: 889.7
(Jul 22 2015 16:23:25,   14404 sec) Descent()            Pressure: 910.1
(Jul 22 2015 17:23:25,   18004 sec) Descent()            Pressure: 929.5
(Jul 22 2015 17:23:25,   18004 sec) ParkInit()           
(Jul 22 2015 19:23:54,   25233 sec) Park()               ParkPOutOfBand[-3, 941.8 dbars]: retract piston.
(Jul 22 2015 19:23:55,   25234 sec) PistonMoveAbsWTO()    052->051 051 [2sec, 14.7Volts, 0.085Amps, CPT:1132sec]
(Jul 22 2015 22:23:54,   36033 sec) Park()               ParkPOutOfBand[-3, 971.1 dbars]: retract piston.
(Jul 22 2015 22:23:55,   36034 sec) PistonMoveAbsWTO()    051->050 050 [3sec, 14.7Volts, 0.093Amps, CPT:1135sec]
(Jul 23 2015 06:23:54,   64833 sec) Park()               ParkPOutOfBand[3, 1016.3 dbars]: extend piston.
(Jul 23 2015 06:23:55,   64834 sec) PistonMoveAbsWTO()    050->051 051 [1sec, 14.3Volts, 0.496Amps, CPT:1136sec]
(Jul 23 2015 10:23:54,   79233 sec) Park()               ParkPOutOfBand[3, 1010.8 dbars]: extend piston.
(Jul 23 2015 10:23:55,   79234 sec) PistonMoveAbsWTO()    051->052 052 [5sec, 14.3Volts, 0.471Amps, CPT:1141sec]
(Jul 25 2015 05:23:55,  234034 sec) Park()               ParkPOutOfBand[3, 1012.7 dbars]: extend piston.
(Jul 25 2015 05:23:55,  234034 sec) PistonMoveAbsWTO()    052->053 053 [5sec, 14.2Volts, 0.475Amps, CPT:1146sec]
(Jul 25 2015 08:23:55,  244834 sec) Park()               ParkPOutOfBand[-3, 985.6 dbars]: retract piston.
(Jul 25 2015 08:23:55,  244834 sec) PistonMoveAbsWTO()    053->052 052 [2sec, 14.6Volts, 0.105Amps, CPT:1148sec]
(Jul 31 2015 20:23:46,  806425 sec) CtdPower()           [ 1006.71,  6.5139, 34.9295]
(Jul 31 2015 20:23:46,  806425 sec) CtdPower()           CTD Power consumption [186VCnt 11ACnt]: 14.418Volts * 0.044Amps = 0.64Watts.
(Jul 31 2015 20:23:47,  806426 sec) ParkTerminate()      Piston Position:52 Vacuum:79 Vq:197 Aq:6 Vsbe:186 Asbe:11
(Jul 31 2015 20:24:14,  806453 sec) ParkTerminate()      PTS: 1006.5dbars 6.5146C 34.9294PSU
(Jul 31 2015 20:24:15,  806454 sec) GoDeepInit()         Moving piston.
(Jul 31 2015 20:24:15,  806454 sec) PistonMoveAbsWTO()    052->015 051 050 049 048 047 046 045 044 043 042 041 040 039 038 037 036 035 034 033 032 031 030 029 028 027 026 025 024 023 022 021 020 019 018 017 016 015 [181sec, 14.5Volts, 0.073Amps, CPT:1329sec]
(Aug 01 2015 01:23:25,  824404 sec) ProfileInit()        PrfId:026  Pressure:1981.2dbar  pTable[1]:1900dbar
(Aug 01 2015 01:23:28,  824407 sec) PistonMoveAbsWTO()    015->037 016 017 018 019 020 [30sec, 13.6Volts, 0.782Amps, CPT:1359sec]
(Aug 01 2015 01:24:08,  824447 sec) PistonMoveAbsWTO()    020->037 021 022 023 024 025 [30sec, 13.5Volts, 0.766Amps, CPT:1389sec]
(Aug 01 2015 01:24:48,  824487 sec) PistonMoveAbsWTO()    025->037 026 027 028 029 [30sec, 13.3Volts, 0.766Amps, CPT:1419sec]
(Aug 01 2015 01:25:28,  824527 sec) PistonMoveAbsWTO()    029->037 030 031 032 033 034 [30sec, 13.3Volts, 0.758Amps, CPT:1449sec]
(Aug 01 2015 01:26:08,  824567 sec) PistonMoveAbsWTO()    034->037 035 036 037 [18sec, 13.3Volts, 0.786Amps, CPT:1467sec]
(Aug 01 2015 01:37:13,  825232 sec) Profile()            Sample 0 initiated at 1900.8dbars for bin 1 [1900dbars].  PTS: 1898.1dbars 2.9709C 34.7880PSU
(Aug 01 2015 01:53:37,  826216 sec) Profile()            Sample 1 initiated at 1800.3dbars for bin 2 [1800dbars].  PTS: 1797.7dbars 3.2602C 34.8004PSU
(Aug 01 2015 02:11:33,  827292 sec) Profile()            Sample 2 initiated at 1700.8dbars for bin 3 [1700dbars].  PTS: 1698.7dbars 3.5697C 34.8134PSU
(Aug 01 2015 02:18:58,  827737 sec) AscentControlAgent() Bouyancy nudge to 47 (v=0.074dbar/sec).
(Aug 01 2015 02:18:59,  827738 sec) PistonMoveAbsWTO()    037->047 038 039 040 041 042 [30sec, 13.7Volts, 0.665Amps, CPT:1497sec]
(Aug 01 2015 02:19:39,  827778 sec) PistonMoveAbsWTO()    042->047 043 044 045 046 [30sec, 13.6Volts, 0.665Amps, CPT:1527sec]
(Aug 01 2015 02:20:19,  827818 sec) PistonMoveAbsWTO()    046->047 047 [3sec, 13.6Volts, 0.673Amps, CPT:1530sec]
(Aug 01 2015 02:30:33,  828432 sec) Profile()            Sample 3 initiated at 1600.1dbars for bin 4 [1600dbars].  PTS: 1597.8dbars 4.0384C 34.8321PSU
(Aug 01 2015 02:49:27,  829566 sec) Profile()            Sample 4 initiated at 1500.7dbars for bin 5 [1500dbars].  PTS: 1498.5dbars 4.5359C 34.8525PSU
(Aug 01 2015 03:04:36,  830475 sec) AscentControlAgent() Bouyancy nudge to 57 (v=0.077dbar/sec).
(Aug 01 2015 03:04:37,  830476 sec) PistonMoveAbsWTO()    047->057 048 049 050 051 052 [30sec, 13.8Volts, 0.600Amps, CPT:1560sec]
(Aug 01 2015 03:05:17,  830516 sec) PistonMoveAbsWTO()    052->057 053 054 055 056 057 [28sec, 13.6Volts, 0.576Amps, CPT:1588sec]
(Aug 01 2015 03:08:53,  830732 sec) Profile()            Sample 5 initiated at 1400.3dbars for bin 6 [1400dbars].  PTS: 1397.7dbars 4.9304C 34.8674PSU
(Aug 01 2015 03:17:15,  831234 sec) Profile()            Sample 6 initiated at 1350.9dbars for bin 7 [1350dbars].  PTS: 1348.6dbars 5.1240C 34.8751PSU
(Aug 01 2015 03:27:07,  831826 sec) Profile()            Sample 7 initiated at 1300.5dbars for bin 8 [1300dbars].  PTS: 1298.5dbars 5.3454C 34.8836PSU
(Aug 01 2015 03:29:40,  831979 sec) AscentControlAgent() Bouyancy nudge to 67 (v=0.079dbar/sec).
(Aug 01 2015 03:29:41,  831980 sec) PistonMoveAbsWTO()    057->067 058 059 060 061 062 [30sec, 13.9Volts, 0.540Amps, CPT:1618sec]
(Aug 01 2015 03:30:21,  832020 sec) PistonMoveAbsWTO()    062->067 063 064 065 066 067 [29sec, 13.7Volts, 0.556Amps, CPT:1647sec]
(Aug 01 2015 03:35:49,  832348 sec) Profile()            Sample 8 initiated at 1250.8dbars for bin 9 [1250dbars].  PTS: 1248.1dbars 5.5701C 34.8911PSU
(Aug 01 2015 03:43:29,  832808 sec) Profile()            Sample 9 initiated at 1200.3dbars for bin 10 [1200dbars].  PTS: 1197.5dbars 5.7737C 34.8992PSU
(Aug 01 2015 03:50:51,  833250 sec) Profile()            Sample 10 initiated at 1150.4dbars for bin 11 [1150dbars].  PTS: 1147.6dbars 6.0327C 34.9085PSU
(Aug 01 2015 03:58:31,  833710 sec) Profile()            Sample 11 initiated at 1100.2dbars for bin 12 [1100dbars].  PTS: 1097.7dbars 6.2215C 34.9157PSU
(Aug 01 2015 04:07:13,  834232 sec) Profile()            Sample 12 initiated at 1050.4dbars for bin 13 [1050dbars].  PTS: 1048.2dbars 6.4506C 34.9263PSU
(Aug 01 2015 04:17:15,  834834 sec) Profile()            Sample 13 initiated at 1000.9dbars for bin 14 [1000dbars].  PTS: 998.9dbars 6.7498C 34.9384PSU
(Aug 01 2015 04:19:48,  834987 sec) AscentControlAgent() Bouyancy nudge to 77 (v=0.080dbar/sec).
(Aug 01 2015 04:19:49,  834988 sec) PistonMoveAbsWTO()    067->077 068 069 070 071 072 [30sec, 14.0Volts, 0.467Amps, CPT:1677sec]
(Aug 01 2015 04:20:29,  835028 sec) PistonMoveAbsWTO()    072->077 073 074 075 076 077 [27sec, 13.9Volts, 0.459Amps, CPT:1704sec]
(Aug 01 2015 04:25:55,  835354 sec) Profile()            Sample 14 initiated at 949.9dbars for bin 15 [950dbars].  PTS: 947.0dbars 6.9934C 34.9470PSU
(Aug 01 2015 04:32:55,  835774 sec) Profile()            Sample 15 initiated at 900.8dbars for bin 16 [900dbars].  PTS: 897.8dbars 7.2613C 34.9561PSU
(Aug 01 2015 04:39:55,  836194 sec) Profile()            Sample 16 initiated at 850.6dbars for bin 17 [850dbars].  PTS: 847.7dbars 7.5344C 34.9663PSU
(Aug 01 2015 04:47:17,  836636 sec) Profile()            Sample 17 initiated at 800.2dbars for bin 18 [800dbars].  PTS: 797.4dbars 7.7984C 34.9750PSU
(Aug 01 2015 04:54:57,  837096 sec) Profile()            Sample 18 initiated at 750.9dbars for bin 19 [750dbars].  PTS: 748.3dbars 8.0195C 34.9817PSU
(Aug 01 2015 05:02:59,  837578 sec) Profile()            Sample 19 initiated at 700.5dbars for bin 20 [700dbars].  PTS: 697.9dbars 8.3807C 34.9937PSU
(Aug 01 2015 05:10:41,  838040 sec) Profile()            Sample 20 initiated at 651.0dbars for bin 21 [650dbars].  PTS: 648.3dbars 8.6866C 35.0031PSU
(Aug 01 2015 05:18:01,  838480 sec) Profile()            Sample 21 initiated at 600.8dbars for bin 22 [600dbars].  PTS: 597.9dbars 9.0028C 35.0084PSU
(Aug 01 2015 05:25:11,  838910 sec) Profile()            Sample 22 initiated at 550.6dbars for bin 23 [550dbars].  PTS: 547.7dbars 9.3280C 35.0200PSU
(Aug 01 2015 05:32:23,  839342 sec) Profile()            Sample 23 initiated at 500.4dbars for bin 24 [500dbars].  PTS: 497.6dbars 9.6470C 35.0248PSU
(Aug 01 2015 05:34:01,  839440 sec) Sbe41cpStartCP()     Continuous profile started.
(Aug 01 2015 06:25:01,  842500 sec) AscentControlAgent() Bouyancy nudge to 87 (v=0.073dbar/sec).
(Aug 01 2015 06:25:01,  842500 sec) PistonMoveAbsWTO()    077->087 078 079 080 081 082 [30sec, 14.2Volts, 0.214Amps, CPT:1734sec]
(Aug 01 2015 06:25:41,  842540 sec) PistonMoveAbsWTO()    082->087 083 084 085 086 087 [23sec, 14.2Volts, 0.205Amps, CPT:1757sec]
(Aug 01 2015 06:31:10,  842869 sec) AscentControlAgent() Bouyancy nudge to 97 (v=0.063dbar/sec).
(Aug 01 2015 06:31:10,  842869 sec) PistonMoveAbsWTO()    087->097 088 089 090 091 092 [30sec, 14.2Volts, 0.205Amps, CPT:1787sec]
(Aug 01 2015 06:31:50,  842909 sec) PistonMoveAbsWTO()    092->097 093 094 095 096 097 [23sec, 14.2Volts, 0.205Amps, CPT:1810sec]
(Aug 01 2015 06:37:19,  843238 sec) AscentControlAgent() Bouyancy nudge to 107 (v=0.053dbar/sec).
(Aug 01 2015 06:37:19,  843238 sec) PistonMoveAbsWTO()    097->107 098 099 100 101 102 [30sec, 14.2Volts, 0.205Amps, CPT:1840sec]
(Aug 01 2015 06:37:59,  843278 sec) PistonMoveAbsWTO()    102->107 103 104 105 106 107 [23sec, 14.2Volts, 0.205Amps, CPT:1863sec]
(Aug 01 2015 06:43:29,  843608 sec) AscentControlAgent() Bouyancy nudge to 117 (v=0.042dbar/sec).
(Aug 01 2015 06:43:29,  843608 sec) PistonMoveAbsWTO()    107->117 108 109 110 111 112 [30sec, 14.3Volts, 0.193Amps, CPT:1893sec]
(Aug 01 2015 06:44:09,  843648 sec) PistonMoveAbsWTO()    112->117 113 114 115 116 117 [23sec, 14.2Volts, 0.189Amps, CPT:1916sec]
(Aug 01 2015 06:49:39,  843978 sec) AscentControlAgent() Bouyancy nudge to 127 (v=0.027dbar/sec).
(Aug 01 2015 06:49:39,  843978 sec) PistonMoveAbsWTO()    117->127 118 119 120 121 122 [30sec, 14.3Volts, 0.193Amps, CPT:1946sec]
(Aug 01 2015 06:50:19,  844018 sec) PistonMoveAbsWTO()    122->127 123 124 125 126 127 [23sec, 14.3Volts, 0.193Amps, CPT:1969sec]
(Aug 01 2015 06:55:48,  844347 sec) AscentControlAgent() Bouyancy nudge to 137 (v=0.024dbar/sec).
(Aug 01 2015 06:55:49,  844347 sec) PistonMoveAbsWTO()    127->137 128 129 130 131 132 [30sec, 14.3Volts, 0.189Amps, CPT:1999sec]
(Aug 01 2015 06:56:28,  844387 sec) PistonMoveAbsWTO()    132->137 133 134 135 136 137 [23sec, 14.3Volts, 0.189Amps, CPT:2022sec]
(Aug 01 2015 07:01:57,  844716 sec) AscentControlAgent() Bouyancy nudge to 147 (v=0.018dbar/sec).
(Aug 01 2015 07:01:58,  844716 sec) PistonMoveAbsWTO()    137->147 138 139 140 141 142 [30sec, 14.3Volts, 0.189Amps, CPT:2052sec]
(Aug 01 2015 07:02:37,  844756 sec) PistonMoveAbsWTO()    142->147 143 144 145 146 147 [23sec, 14.3Volts, 0.189Amps, CPT:2075sec]
(Aug 01 2015 07:07:02,  845021 sec) AscentControlAgent() Bouyancy nudge to 157 (v=0.044dbar/sec).
(Aug 01 2015 07:07:03,  845021 sec) PistonMoveAbsWTO()    147->157 148 149 150 151 152 [30sec, 14.3Volts, 0.189Amps, CPT:2105sec]
(Aug 01 2015 07:07:42,  845061 sec) PistonMoveAbsWTO()    152->157 153 154 155 156 157 [23sec, 14.3Volts, 0.189Amps, CPT:2128sec]
(Aug 01 2015 07:13:10,  845389 sec) SurfaceDetect()      SurfacePressure:-0.2dbars Pressure:3.6dbars PistonPosition:157
(Aug 01 2015 07:13:11,  845390 sec) Sbe41cpStopCP()      Continuous profile stopped.
(Aug 01 2015 07:13:17,  845396 sec) PistonMoveAbsWTO()    157->179 158 159 160 161 162 163 164 165 166 167 168 169 170 171 172 173 174 175 176 177 178 179 [114sec, 14.3Volts, 0.157Amps, CPT:2242sec]
(Aug 01 2015 07:15:23,  845521 sec) sbe41cp.c:chat()     Expected string [S>] not received.
(Aug 01 2015 07:17:06,  845625 sec) Sbe41cpBinAverage()  Finished averaging 5981 samples in 99 seconds.
(Aug 01 2015 07:17:11,  845630 sec) Sbe41cpUploadCP()    Sbe41cpSerNo[5994] NSample[5981] NBin[246]
(Aug 01 2015 07:17:51,  845669 sec) Sbe41cpUploadCP()    Continuous profile uploaded [246 lines].

<EOT>
