(Feb 03 2016 15:58:50,  842217 sec) TelemetryInit()      Profile 45. (Apf9i FwRev: 012811)
(Feb 03 2016 16:05:56,  842643 sec) AirSystem()          Battery [186cnt, 14.4V]  Current [77cnt, 31.0mA]  Barometer [126cnt, 6.5"Hg]  Run-Time [52s]
(Feb 03 2016 16:06:24,  842671 sec) GpsServices()        GPS almanac is current.
(Feb 03 2016 16:06:24,  842671 sec) GpsServices()        Initiating GPS fix acquisition.
(Feb 03 2016 16:06:35,  842682 sec) gga()                $GPGGA,160620,0924.2284,N,08225.3581,E,0,00,,,M,,M,,*5F
(Feb 03 2016 16:06:49,  842696 sec) gga()                $GPGGA,160620,0924.2284,N,08225.3581,E,0,00,,,M,,M,,*5F
(Feb 03 2016 16:06:59,  842706 sec) gga()                $GPGGA,160630,0924.2284,N,08225.3581,E,0,00,,,M,,M,,*5E
(Feb 03 2016 16:07:27,  842734 sec) gga()                $GPGGA,160640,0851.9037,N,08152.5335,E,1,10,0.8,8.1,M,-96.3,M,,*69
(Feb 03 2016 16:07:27,  842734 sec) GpsServices()        Profile 45 GPS fix obtained in 63 seconds.
(Feb 03 2016 16:07:28,  842735 sec) GpsServices()                  lon     lat mm/dd/yyyy hhmmss nsat
(Feb 03 2016 16:07:28,  842735 sec) GpsServices()        Fix:   81.876   8.865 02/03/2016 160640   10
(Feb 03 2016 16:07:57,  842764 sec) gga()                $GPGGA,160710,0851.9089,N,08152.5295,E,1,10,0.8,4.2,M,-96.3,M,,*6C
(Feb 03 2016 16:08:03,  842770 sec) gga()                $GPGGA,160740,0851.9132,N,08152.5253,E,1,10,0.8,2.7,M,-96.3,M,,*61
(Feb 03 2016 16:08:03,  842770 sec) GpsServices()        APF9 RTC skew (23s) OK.
(Feb 03 2016 16:08:03,  842770 sec) LogNmeaSentences()   7,177,42,11,26,044,44,13,15,307,42,17,58,285,48*78
(Feb 03 2016 16:08:04,  842771 sec) LogNmeaSentences()   $GPGSV,3,3,12,19,50,258,47,23,02,153,30,28,28,342,44,30,62,008,48*7A
(Feb 03 2016 16:08:13,  842780 sec) LogNmeaSentences()   $GPRMC,160750,A,0851.9144,N,08152.5232,E,005.7,216.2,030216,002.1,W*6D
(Feb 03 2016 16:08:13,  842780 sec) LogNmeaSentences()   $GPGGA,160750,0851.9144,N,08152.5232,E,1,06,1.5,3.1,M,-96.3,M,,*6A
(Feb 03 2016 16:08:14,  842781 sec) LogNmeaSentences()   $GPGSA,A,3,01,,07,11,17,19,28,,,,,,1.8,1.5,1.0*3C
(Feb 03 2016 16:08:14,  842781 sec) LogNmeaSentences()   $GPGSV,3,1,12,01,34,062,40,03,04,118,40,07,65,092,46,11,26,044,40*78
(Feb 03 2016 16:08:14,  842781 sec) LogNmeaSentences()   $GPGSV,3,2,12,17,58,285,45,19,50,258,47,28,28,343,42,06,23,196,00*74
(Feb 03 2016 16:08:15,  842782 sec) LogNmeaSentences()   $GPGSV,3,3,12,09,27,177,00,13,15,308,00,23,02,153,00,30,63,006,00*7E
(Feb 03 2016 16:08:23,  842790 sec) LogNmeaSentences()   $GPRMC,160800,A,0851.9151,N,08152.5220,E,001.1,322.6,030216,002.1,W*60
(Feb 03 2016 16:08:23,  842790 sec) LogNmeaSentences()   $GPGGA,160800,0851.9151,N,08152.5220,E,1,10,0.8,2.4,M,-96.3,M,,*68
(Feb 03 2016 16:08:24,  842791 sec) LogNmeaSentences()   $GPGSA,A,3,01,,06,07,09,11,13,17,19,,28,30,1.2,0.8,0.8*3D
(Feb 03 2016 16:08:24,  842791 sec) LogNmeaSentences()   $GPGSV,3,1,12,01,34,062,42,03,04,118,34,06,23,196,42,07,65,093,46*77
(Feb 03 2016 16:08:24,  842791 sec) LogNmeaSentences()   $GPGSV,3,2,12,09,26,177,43,11,26,044,43,13,15,307,43,17,58,285,49*7F
(Feb 03 2016 16:08:25,  842792 sec) LogNmeaSentences()   $GPGSV,3,3,12,19,50,258,48,23,02,153,30,28,28,343,44,30,63,009,48*74
(Feb 03 2016 16:08:25,  842792 sec) LogNmeaSentences()   $PGRMT,GPS 15x-L software ver. 3.80,,,,,,,,*7C
(Feb 03 2016 16:08:33,  842800 sec) LogNmeaSentences()   $GPRMC,160810,A,0851.9172,N,08152.5210,E,000.0,337.3,030216,002.1,W*62
(Feb 03 2016 16:08:33,  842800 sec) LogNmeaSentences()   $GPGGA,160810,0851.9172,N,08152.5210,E,1,10,0.8,3.4,M,-96.3,M,,*6A
(Feb 03 2016 16:08:34,  842801 sec) GpsServices()        GPS services complete.
(Feb 03 2016 16:08:58,  842825 sec) CLogin()             Connecting to primary host.
(Feb 03 2016 16:09:12,  842839 sec) CLogin()             Connection 1 established in 14 seconds.
(Feb 03 2016 16:09:22,  842849 sec) login()              Login successful.
(Feb 03 2016 16:09:26,  842853 sec) CLogin()             Logged in to host.  [Login required 14 seconds]
(Feb 03 2016 16:09:34,  842861 sec) RxConfig()           Downloading "mission.cfg" from host.
(Feb 03 2016 16:09:36,  842863 sec) Rx()                 Initiating transfer. [0x43]
(Feb 03 2016 16:09:41,  842868 sec) RxStartByte()        Sync errors encountered: 113
(Feb 03 2016 16:09:43,  842870 sec) Rx()                 Pad character [0x1a] found in ascii mode - truncating packet.
(Feb 03 2016 16:09:48,  842874 sec) Rx()                 Received EOT - transfer complete. [1 packets, 1024 bytes, 12 sec, 85.3 bps]
(Feb 03 2016 16:09:48,  842875 sec) RxConfig()           Download successful.
(Feb 03 2016 16:10:01,  842888 sec) WriteVitals()        Writing vitals to "9567.045.msg".
(Feb 03 2016 16:10:14,  842901 sec) UpLoadFile()         Uploading "9567.045.msg" to host as "9567.045.msg".
(Feb 03 2016 16:10:19,  842906 sec) Tx()                 CRC negotiation successful. [16-bit CRC]
(Feb 03 2016 16:10:23,  842910 sec) TxPacket()           Invalid response [0x43] - resending packet. [PktNum=0x01]
(Feb 03 2016 16:10:23,  842910 sec) TxPacket()           Packet xmit history: [01110001] (0:ok, 1:fail).
(Feb 03 2016 16:10:26,  842913 sec) TxPacket()           NAK received - resending packet. [PktNum=0x01]
(Feb 03 2016 16:10:26,  842913 sec) TxPacket()           Packet xmit history: [11100011] (0:ok, 1:fail).
(Feb 03 2016 16:11:27,  842974 sec) TxPacket()           No carrier detected.
(Feb 03 2016 16:11:27,  842974 sec) TxPacket()           Exit status: -5
(Feb 03 2016 16:11:27,  842974 sec) Tx()                 Packet transmission failed - aborting transfer.
(Feb 03 2016 16:11:38,  842985 sec) UpLoadFile()         Upload failed.
(Feb 03 2016 16:11:38,  842985 sec) CLogin()             Connecting to primary host.
(Feb 03 2016 16:11:44,  842990 sec) chat()               Expected string [OK] not received.
(Feb 03 2016 16:11:44,  842991 sec) modem_restore_factor Modem command [AT&F0] failed.
(Feb 03 2016 16:11:44,  842991 sec) modem_initialize()   Unable to restore modem's factory defaults.
(Feb 03 2016 16:11:44,  842991 sec) modem_connect()      Modem configuration failed.
(Feb 03 2016 16:12:45,  843051 sec) chat()               Expected string [CONNECT] not received.
(Feb 03 2016 16:12:45,  843052 sec) modem_connect()      Modem command [AT+CBST=71,0,1;DT0088160000573] failed.
(Feb 03 2016 16:12:45,  843052 sec) connect()            Aborted after 2 failed attempts.
(Feb 03 2016 16:12:45,  843052 sec) CLogin()             Attempt to connect to primary host failed after 2 tries.  Connecting to alternate host.
(Feb 03 2016 16:13:13,  843080 sec) CLogin()             Connection 2 established in 95 seconds.
(Feb 03 2016 16:13:29,  843096 sec) login()              Login successful.
(Feb 03 2016 16:13:32,  843098 sec) CLogin()             Logged in to host.  [Login required 19 seconds]
(Feb 03 2016 16:13:38,  843105 sec) UpLoadFile()         Uploading "9567.045.log" to host as "9567.045.log".
(Feb 03 2016 16:13:40,  843107 sec) Tx()                 CRC negotiation successful. [16-bit CRC]
(Feb 03 2016 16:13:42,  843109 sec) TxPacket()           Invalid response [0x43] - resending packet. [PktNum=0x01]
(Feb 03 2016 16:13:42,  843109 sec) TxPacket()           Packet xmit history: [10001101] (0:ok, 1:fail).
(Feb 03 2016 16:17:23,  843330 sec) Tx()                 Transmission completed successfully [37 packets, 36565 bytes, 221 sec, 167.4 bps]
(Feb 03 2016 16:17:23,  843330 sec) UpLoadFile()         Upload successful.
(Feb 03 2016 16:17:34,  843341 sec) UpLoadFile()         Uploading "9567.045.msg" to host as "9567.045.msg".
(Feb 03 2016 16:17:36,  843343 sec) Tx()                 CRC negotiation successful. [16-bit CRC]
(Feb 03 2016 16:20:11,  843498 sec) Tx()                 Transmission completed successfully [23 packets, 23213 bytes, 154 sec, 152.9 bps]
(Feb 03 2016 16:20:11,  843498 sec) UpLoadFile()         Upload successful.
(Feb 03 2016 16:20:17,  843504 sec) UpLoad()             Files successfully uploaded: 2
(Feb 03 2016 16:20:17,  843504 sec) UpLoad()             Upload complete.
(Feb 03 2016 16:20:24,  843510 sec) chat()               Expected string [logout] not received.
(Feb 03 2016 16:20:24,  843511 sec) logout()             Attempt to log-out failed.
(Feb 03 2016 16:20:24,  843511 sec) logout()             No carrier detected.
(Feb 03 2016 16:20:24,  843511 sec) Telemetry()          Telemetry cycle complete: PrfId=45 ConnectionAttempts=2  Connections=2
(Feb 03 2016 16:20:24,  843511 sec) TelemetryTerminate() Parsing new mission configuration.
(Feb 03 2016 16:20:26,  843513 sec) configure()          Parsing configurators in "mission.cfg".
(Feb 03 2016 16:20:30,  843517 sec) configure()             TelemetryRetry(15)      [0x7BBC] [TelemetryRetry(15)].
(Feb 03 2016 16:20:30,  843517 sec) configure()          Configuration CRCs and syntax OK.
(Feb 03 2016 16:20:30,  843517 sec) ConfigSupervisor()   Sanity check violated: cfg->PressureCP >= 750
(Feb 03 2016 16:20:30,  843517 sec) ConfigSupervisor()   Configuration accepted.
(Feb 03 2016 16:20:30,  843517 sec) TelemetryTerminate() Reconditioning the file system.
(Feb 03 2016 16:20:40,       6 sec) DescentInit()        Deep profile 46 initiated at mission-time 843520sec.
(Feb 03 2016 16:20:42,       9 sec) DescentInit()        Surface pressure: -0.0dbars.
(Feb 03 2016 16:20:47,      14 sec) PistonMoveAbsWTO()    178->053 177 176 175 174 173 172 171 170 169 168 167 166 165 164 163 162 161 160 159 158 157 156 155 154 153 152 151 150 149 148 147 146 145 144 143 142 141 140 139 138 137 136 135 134 133 132 131 130 129 128 127 126 125 124 123 122 121 120 119 118 117 116 115 114 113 112 111 110 109 108 107 106 105 104 103 102 101 100 099 098 097 096 095 094 093 092 091 090 089 088 087 086 085 084 083 082 081 080 079 078 077 076 075 074 073 072 071 070 069 068 067 066 065 064 063 062 061 060 059 058 057 056 055 054 053 [635sec, 14.2Volts, 0.161Amps, CPT:635sec]
(Feb 03 2016 16:31:23,     649 sec) PistonMoveAbsWTO()    053->000 052 051 050 049 048 047 046 045 044 043 042 041 040 039 038 037 036 035 034 033 032 031 030 029 028 027 026 025 024 023 022 021 020 019 018 017 016 015 014 013 012 011 010 009 [223sec, 14.2Volts, 0.157Amps, CPT:858sec]
(Feb 03 2016 16:35:15,     882 sec) Descent()            Pressure: 88.4
(Feb 03 2016 17:20:37,    3604 sec) Descent()            Pressure: 420.2
(Feb 03 2016 18:20:37,    7204 sec) Descent()            Pressure: 916.6
(Feb 03 2016 18:20:38,    7204 sec) PistonMoveAbsWTO()    009->053 010 011 012 013 014 015 016 017 018 019 020 021 022 023 024 025 026 027 028 029 030 031 032 033 034 035 036 037 038 039 040 041 042 043 044 045 046 047 048 049 050 051 052 053 [251sec, 13.5Volts, 0.443Amps, CPT:1109sec]
(Feb 03 2016 19:20:37,   10804 sec) Descent()            Pressure: 913.7
(Feb 03 2016 20:20:37,   14404 sec) Descent()            Pressure: 930.1
(Feb 03 2016 21:20:37,   18004 sec) Descent()            Pressure: 940.6
(Feb 03 2016 21:20:38,   18004 sec) ParkInit()           
(Feb 03 2016 23:21:07,   25233 sec) Park()               ParkPOutOfBand[-3, 952.7 dbars]: retract piston.
(Feb 03 2016 23:21:07,   25234 sec) PistonMoveAbsWTO()    053->052 052 [1sec, 14.2Volts, 0.089Amps, CPT:1110sec]
(Feb 04 2016 02:21:07,   36033 sec) Park()               ParkPOutOfBand[-3, 975.9 dbars]: retract piston.
(Feb 04 2016 02:21:07,   36034 sec) PistonMoveAbsWTO()    052->051 051 [5sec, 14.3Volts, 0.085Amps, CPT:1115sec]
(Feb 04 2016 09:21:07,   61233 sec) Park()               ParkPOutOfBand[3, 1016.4 dbars]: extend piston.
(Feb 04 2016 09:21:07,   61234 sec) PistonMoveAbsWTO()    051->052 052 [1sec, 14.0Volts, 0.467Amps, CPT:1116sec]
(Feb 04 2016 12:21:07,   72033 sec) Park()               ParkPOutOfBand[3, 1011.2 dbars]: extend piston.
(Feb 04 2016 12:21:07,   72034 sec) PistonMoveAbsWTO()    052->053 053 [6sec, 13.6Volts, 0.459Amps, CPT:1122sec]
(Feb 04 2016 18:21:07,   93633 sec) Park()               ParkPOutOfBand[-3, 981.4 dbars]: retract piston.
(Feb 04 2016 18:21:07,   93634 sec) PistonMoveAbsWTO()    053->052 052 [2sec, 14.2Volts, 0.109Amps, CPT:1124sec]
(Feb 06 2016 20:21:07,  273634 sec) Park()               ParkPOutOfBand[3, 1011.4 dbars]: extend piston.
(Feb 06 2016 20:21:08,  273634 sec) PistonMoveAbsWTO()    052->053 053 [3sec, 13.8Volts, 0.471Amps, CPT:1127sec]
(Feb 10 2016 13:21:10,  594036 sec) Park()               ParkPOutOfBand[3, 1011.6 dbars]: extend piston.
(Feb 10 2016 13:21:10,  594037 sec) PistonMoveAbsWTO()    053->054 054 [6sec, 13.4Volts, 0.475Amps, CPT:1133sec]
(Feb 10 2016 16:21:10,  604836 sec) Park()               ParkPOutOfBand[-3, 981.4 dbars]: retract piston.
(Feb 10 2016 16:21:10,  604837 sec) PistonMoveAbsWTO()    054->053 053 [2sec, 14.2Volts, 0.105Amps, CPT:1135sec]
(Feb 11 2016 03:21:10,  644436 sec) Park()               ParkPOutOfBand[-3, 984.5 dbars]: retract piston.
(Feb 11 2016 03:21:10,  644437 sec) PistonMoveAbsWTO()    053->052 052 [5sec, 14.2Volts, 0.101Amps, CPT:1140sec]
(Feb 11 2016 10:21:10,  669637 sec) Park()               ParkPOutOfBand[3, 1015.5 dbars]: extend piston.
(Feb 11 2016 10:21:11,  669637 sec) PistonMoveAbsWTO()    052->053 053 [2sec, 13.8Volts, 0.475Amps, CPT:1142sec]
(Feb 12 2016 20:21:12,  792038 sec) Park()               ParkPOutOfBand[3, 1010.8 dbars]: extend piston.
(Feb 12 2016 20:21:12,  792039 sec) PistonMoveAbsWTO()    053->054 054 [6sec, 13.4Volts, 0.479Amps, CPT:1148sec]
(Feb 13 2016 00:20:59,  806425 sec) CtdPower()           [  982.01,  6.7297, 34.9394]
(Feb 13 2016 00:20:59,  806425 sec) CtdPower()           CTD Power consumption [183VCnt 11ACnt]: 14.186Volts * 0.044Amps = 0.63Watts.
(Feb 13 2016 00:20:59,  806426 sec) ParkTerminate()      Piston Position:54 Vacuum:79 Vq:196 Aq:6 Vsbe:183 Asbe:11
(Feb 13 2016 00:21:27,  806453 sec) ParkTerminate()      PTS: 981.8dbars 6.7289C 34.9401PSU
(Feb 13 2016 00:21:27,  806454 sec) GoDeepInit()         Moving piston.
(Feb 13 2016 00:21:27,  806454 sec) PistonMoveAbsWTO()    054->015 053 052 051 050 049 048 047 046 045 044 043 042 041 040 039 038 037 036 035 034 033 032 031 030 029 028 027 026 025 024 023 022 021 020 019 018 017 016 015 [192sec, 14.2Volts, 0.089Amps, CPT:1340sec]
(Feb 13 2016 05:20:37,  824404 sec) ProfileInit()        PrfId:046  Pressure:1992.4dbar  pTable[1]:1900dbar
(Feb 13 2016 05:20:40,  824407 sec) PistonMoveAbsWTO()    015->037 016 017 018 019 020 [30sec, 12.9Volts, 0.762Amps, CPT:1370sec]
(Feb 13 2016 05:21:21,  824447 sec) PistonMoveAbsWTO()    020->037 021 022 023 024 [30sec, 12.6Volts, 0.782Amps, CPT:1400sec]
(Feb 13 2016 05:22:01,  824487 sec) PistonMoveAbsWTO()    024->037 025 026 027 028 029 [30sec, 12.6Volts, 0.786Amps, CPT:1430sec]
(Feb 13 2016 05:22:41,  824527 sec) PistonMoveAbsWTO()    029->037 030 031 032 033 [30sec, 12.4Volts, 0.786Amps, CPT:1460sec]
(Feb 13 2016 05:23:21,  824567 sec) PistonMoveAbsWTO()    033->037 034 035 036 037 [28sec, 12.3Volts, 0.774Amps, CPT:1488sec]
(Feb 13 2016 05:36:48,  825374 sec) Profile()            Sample 0 initiated at 1900.6dbars for bin 1 [1900dbars].  PTS: 1897.9dbars 2.9871C 34.7916PSU
(Feb 13 2016 05:53:02,  826348 sec) Profile()            Sample 1 initiated at 1800.4dbars for bin 2 [1800dbars].  PTS: 1798.0dbars 3.1684C 34.8011PSU
(Feb 13 2016 06:05:49,  827115 sec) AscentControlAgent() Bouyancy nudge to 47 (v=0.071dbar/sec).
(Feb 13 2016 06:05:49,  827116 sec) PistonMoveAbsWTO()    037->047 038 039 040 041 [30sec, 13.1Volts, 0.697Amps, CPT:1518sec]
(Feb 13 2016 06:06:30,  827156 sec) PistonMoveAbsWTO()    041->047 042 043 044 045 046 [30sec, 12.9Volts, 0.701Amps, CPT:1548sec]
(Feb 13 2016 06:07:10,  827196 sec) PistonMoveAbsWTO()    046->047 047 [7sec, 12.9Volts, 0.693Amps, CPT:1555sec]
(Feb 13 2016 06:13:26,  827572 sec) Profile()            Sample 2 initiated at 1700.2dbars for bin 3 [1700dbars].  PTS: 1698.0dbars 3.5286C 34.8156PSU
(Feb 13 2016 06:32:22,  828708 sec) Profile()            Sample 3 initiated at 1600.7dbars for bin 4 [1600dbars].  PTS: 1598.5dbars 3.9575C 34.8327PSU
(Feb 13 2016 06:50:36,  829802 sec) Profile()            Sample 4 initiated at 1500.6dbars for bin 5 [1500dbars].  PTS: 1498.5dbars 4.3699C 34.8494PSU
(Feb 13 2016 07:01:03,  830429 sec) AscentControlAgent() Bouyancy nudge to 57 (v=0.080dbar/sec).
(Feb 13 2016 07:01:03,  830430 sec) PistonMoveAbsWTO()    047->057 048 049 050 051 052 [30sec, 13.3Volts, 0.604Amps, CPT:1585sec]
(Feb 13 2016 07:01:44,  830470 sec) PistonMoveAbsWTO()    052->057 053 054 055 056 [30sec, 13.2Volts, 0.612Amps, CPT:1615sec]
(Feb 13 2016 07:02:24,  830510 sec) PistonMoveAbsWTO()    056->057 057 [2sec, 13.4Volts, 0.596Amps, CPT:1617sec]
(Feb 13 2016 07:08:35,  830881 sec) Profile()            Sample 5 initiated at 1400.2dbars for bin 6 [1400dbars].  PTS: 1397.4dbars 4.7184C 34.8623PSU
(Feb 13 2016 07:16:05,  831331 sec) Profile()            Sample 6 initiated at 1349.9dbars for bin 7 [1350dbars].  PTS: 1347.2dbars 4.8936C 34.8688PSU
(Feb 13 2016 07:23:57,  831803 sec) Profile()            Sample 7 initiated at 1300.1dbars for bin 8 [1300dbars].  PTS: 1297.6dbars 5.1564C 34.8784PSU
(Feb 13 2016 07:32:59,  832345 sec) Profile()            Sample 8 initiated at 1250.6dbars for bin 9 [1250dbars].  PTS: 1248.5dbars 5.3303C 34.8848PSU
(Feb 13 2016 07:41:14,  832840 sec) AscentControlAgent() Bouyancy nudge to 67 (v=0.074dbar/sec).
(Feb 13 2016 07:41:14,  832841 sec) PistonMoveAbsWTO()    057->067 058 059 060 061 062 [30sec, 13.5Volts, 0.520Amps, CPT:1647sec]
(Feb 13 2016 07:41:55,  832881 sec) PistonMoveAbsWTO()    062->067 063 064 065 066 [30sec, 13.3Volts, 0.528Amps, CPT:1677sec]
(Feb 13 2016 07:43:32,  832978 sec) Profile()            Sample 9 initiated at 1200.4dbars for bin 10 [1200dbars].  PTS: 1197.7dbars 5.5587C 34.8940PSU
(Feb 13 2016 07:45:03,  833069 sec) PistonMoveAbsWTO()    067->067 [0sec, 0.0Volts, 0.000Amps, CPT:1677sec]
(Feb 13 2016 07:49:15,  833321 sec) PistonMoveAbsWTO()    067->067 [0sec, 0.0Volts, 0.000Amps, CPT:1677sec]
(Feb 13 2016 07:51:22,  833448 sec) Profile()            Sample 10 initiated at 1150.2dbars for bin 11 [1150dbars].  PTS: 1147.5dbars 5.8025C 34.9028PSU
(Feb 13 2016 07:51:35,  833461 sec) PistonMoveAbsWTO()    067->067 [0sec, 0.0Volts, 0.000Amps, CPT:1677sec]
(Feb 13 2016 07:58:27,  833873 sec) PistonMoveAbsWTO()    067->067 [0sec, 0.0Volts, 0.000Amps, CPT:1677sec]
(Feb 13 2016 07:59:04,  833910 sec) Profile()            Sample 11 initiated at 1100.1dbars for bin 12 [1100dbars].  PTS: 1097.4dbars 6.0204C 34.9120PSU
(Feb 13 2016 08:03:57,  834203 sec) PistonMoveAbsWTO()    067->067 [0sec, 0.0Volts, 0.000Amps, CPT:1677sec]
(Feb 13 2016 08:05:37,  834303 sec) PistonMoveAbsWTO()    067->067 [0sec, 0.0Volts, 0.000Amps, CPT:1677sec]
(Feb 13 2016 08:06:44,  834370 sec) Profile()            Sample 12 initiated at 1050.2dbars for bin 13 [1050dbars].  PTS: 1047.6dbars 6.2553C 34.9210PSU
(Feb 13 2016 08:15:26,  834892 sec) Profile()            Sample 13 initiated at 1000.3dbars for bin 14 [1000dbars].  PTS: 998.1dbars 6.4846C 34.9296PSU
(Feb 13 2016 08:17:49,  835035 sec) PistonMoveAbsWTO()    067->067 [0sec, 0.0Volts, 0.000Amps, CPT:1677sec]
(Feb 13 2016 08:21:51,  835277 sec) AscentControlAgent() Bouyancy nudge to 77 (v=0.078dbar/sec).
(Feb 13 2016 08:21:51,  835278 sec) PistonMoveAbsWTO()    067->077 068 069 070 071 072 [30sec, 13.6Volts, 0.459Amps, CPT:1707sec]
(Feb 13 2016 08:22:32,  835318 sec) PistonMoveAbsWTO()    072->077 073 074 075 076 077 [29sec, 13.4Volts, 0.463Amps, CPT:1736sec]
(Feb 13 2016 08:25:18,  835484 sec) Profile()            Sample 14 initiated at 950.1dbars for bin 15 [950dbars].  PTS: 947.6dbars 6.7873C 34.9408PSU
(Feb 13 2016 08:33:50,  835996 sec) Profile()            Sample 15 initiated at 900.0dbars for bin 16 [900dbars].  PTS: 897.6dbars 7.2052C 34.9571PSU
(Feb 13 2016 08:42:00,  836486 sec) Profile()            Sample 16 initiated at 850.0dbars for bin 17 [850dbars].  PTS: 847.3dbars 7.5338C 34.9689PSU
(Feb 13 2016 08:49:22,  836928 sec) Profile()            Sample 17 initiated at 800.5dbars for bin 18 [800dbars].  PTS: 797.7dbars 7.7876C 34.9774PSU
(Feb 13 2016 08:56:32,  837358 sec) Profile()            Sample 18 initiated at 750.5dbars for bin 19 [750dbars].  PTS: 747.6dbars 8.0291C 34.9846PSU
(Feb 13 2016 09:03:44,  837790 sec) Profile()            Sample 19 initiated at 700.0dbars for bin 20 [700dbars].  PTS: 697.1dbars 8.3012C 34.9927PSU
(Feb 13 2016 09:11:24,  838250 sec) Profile()            Sample 20 initiated at 650.3dbars for bin 21 [650dbars].  PTS: 647.9dbars 8.6315C 35.0041PSU
(Feb 13 2016 09:20:06,  838772 sec) Profile()            Sample 21 initiated at 600.3dbars for bin 22 [600dbars].  PTS: 597.9dbars 8.9562C 35.0110PSU
(Feb 13 2016 09:28:18,  839264 sec) Profile()            Sample 22 initiated at 550.9dbars for bin 23 [550dbars].  PTS: 548.3dbars 9.3382C 35.0212PSU
(Feb 13 2016 09:36:08,  839734 sec) Profile()            Sample 23 initiated at 500.2dbars for bin 24 [500dbars].  PTS: 497.6dbars 9.7061C 35.0296PSU
(Feb 13 2016 09:37:45,  839832 sec) Sbe41cpStartCP()     Continuous profile started.
(Feb 13 2016 10:28:47,  842894 sec) AscentControlAgent() Bouyancy nudge to 87 (v=0.062dbar/sec).
(Feb 13 2016 10:28:48,  842894 sec) PistonMoveAbsWTO()    077->087 078 079 080 081 082 [30sec, 14.0Volts, 0.218Amps, CPT:1766sec]
(Feb 13 2016 10:29:28,  842934 sec) PistonMoveAbsWTO()    082->087 083 084 085 086 087 [24sec, 14.0Volts, 0.218Amps, CPT:1790sec]
(Feb 13 2016 10:34:57,  843264 sec) AscentControlAgent() Bouyancy nudge to 97 (v=0.052dbar/sec).
(Feb 13 2016 10:34:58,  843264 sec) PistonMoveAbsWTO()    087->097 088 089 090 091 092 [30sec, 14.0Volts, 0.218Amps, CPT:1820sec]
(Feb 13 2016 10:35:38,  843304 sec) PistonMoveAbsWTO()    092->097 093 094 095 096 097 [25sec, 14.0Volts, 0.210Amps, CPT:1845sec]
(Feb 13 2016 10:41:08,  843635 sec) AscentControlAgent() Bouyancy nudge to 107 (v=0.042dbar/sec).
(Feb 13 2016 10:41:09,  843635 sec) PistonMoveAbsWTO()    097->107 098 099 100 101 102 [30sec, 14.0Volts, 0.210Amps, CPT:1875sec]
(Feb 13 2016 10:41:49,  843675 sec) PistonMoveAbsWTO()    102->107 103 104 105 106 107 [24sec, 14.0Volts, 0.210Amps, CPT:1899sec]
(Feb 13 2016 10:47:18,  844005 sec) AscentControlAgent() Bouyancy nudge to 117 (v=0.033dbar/sec).
(Feb 13 2016 10:47:19,  844005 sec) PistonMoveAbsWTO()    107->117 108 109 110 111 112 [30sec, 14.0Volts, 0.205Amps, CPT:1929sec]
(Feb 13 2016 10:47:59,  844045 sec) PistonMoveAbsWTO()    112->117 113 114 115 116 117 [25sec, 14.0Volts, 0.210Amps, CPT:1954sec]
(Feb 13 2016 10:53:29,  844376 sec) AscentControlAgent() Bouyancy nudge to 127 (v=0.030dbar/sec).
(Feb 13 2016 10:53:30,  844376 sec) PistonMoveAbsWTO()    117->127 118 119 120 121 122 [30sec, 14.0Volts, 0.205Amps, CPT:1984sec]
(Feb 13 2016 10:54:10,  844416 sec) PistonMoveAbsWTO()    122->127 123 124 125 126 127 [23sec, 14.0Volts, 0.210Amps, CPT:2007sec]
(Feb 13 2016 10:59:39,  844746 sec) AscentControlAgent() Bouyancy nudge to 137 (v=0.024dbar/sec).
(Feb 13 2016 10:59:40,  844746 sec) PistonMoveAbsWTO()    127->137 128 129 130 131 132 [30sec, 14.0Volts, 0.205Amps, CPT:2037sec]
(Feb 13 2016 11:00:20,  844786 sec) PistonMoveAbsWTO()    132->137 133 134 135 136 137 [23sec, 14.0Volts, 0.205Amps, CPT:2060sec]
(Feb 13 2016 11:05:49,  845116 sec) AscentControlAgent() Bouyancy nudge to 147 (v=0.044dbar/sec).
(Feb 13 2016 11:05:50,  845116 sec) PistonMoveAbsWTO()    137->147 138 139 140 141 142 [30sec, 14.1Volts, 0.205Amps, CPT:2090sec]
(Feb 13 2016 11:06:30,  845156 sec) PistonMoveAbsWTO()    142->147 143 144 145 146 147 [23sec, 14.0Volts, 0.197Amps, CPT:2113sec]
(Feb 13 2016 11:11:59,  845486 sec) AscentControlAgent() Bouyancy nudge to 157 (v=0.071dbar/sec).
(Feb 13 2016 11:12:00,  845486 sec) PistonMoveAbsWTO()    147->157 148 149 150 151 152 [30sec, 14.1Volts, 0.193Amps, CPT:2143sec]
(Feb 13 2016 11:12:40,  845526 sec) PistonMoveAbsWTO()    152->157 153 154 155 156 157 [23sec, 14.1Volts, 0.193Amps, CPT:2166sec]
(Feb 13 2016 11:17:58,  845844 sec) SurfaceDetect()      SurfacePressure:-0.0dbars Pressure:3.6dbars PistonPosition:157
(Feb 13 2016 11:17:58,  845845 sec) Sbe41cpStopCP()      Continuous profile stopped.
(Feb 13 2016 11:18:05,  845851 sec) PistonMoveAbsWTO()    157->179 158 159 160 161 162 163 164 165 166 167 168 169 170 171 172 173 174 175 176 177 178 179 [115sec, 14.1Volts, 0.165Amps, CPT:2281sec]
(Feb 13 2016 11:20:12,  845978 sec) sbe41cp.c:chat()     Expected string [S>] not received.
(Feb 13 2016 11:21:56,  846082 sec) Sbe41cpBinAverage()  Finished averaging 6044 samples in 100 seconds.
(Feb 13 2016 11:22:01,  846087 sec) Sbe41cpUploadCP()    Sbe41cpSerNo[5994] NSample[6044] NBin[246]
(Feb 13 2016 11:22:41,  846127 sec) Sbe41cpUploadCP()    Continuous profile uploaded [246 lines].

<EOT>
