(Jun 08 2017 10:23:48,  846404 sec) TelemetryInit()      Profile 95. (Apf9i FwRev: 012811)
(Jun 08 2017 10:30:52,  846827 sec) AirSystem()          Battery [189cnt, 14.7V]  Current [81cnt, 32.6mA]  Barometer [128cnt, 7.1"Hg]  Run-Time [51s]
(Jun 08 2017 10:31:52,  846887 sec) GpsServices()        GPS almanac is current.
(Jun 08 2017 10:31:52,  846887 sec) GpsServices()        Initiating GPS fix acquisition.
(Jun 08 2017 10:32:05,  846901 sec) gga()                $GPGGA,103150,1331.0703,N,08555.8956,E,0,00,,,M,,M,,*50
(Jun 08 2017 10:32:14,  846910 sec) gga()                $GPGGA,103140,1331.0703,N,08555.8956,E,0,00,,,M,,M,,*51
(Jun 08 2017 10:32:24,  846920 sec) gga()                $GPGGA,103150,1331.0703,N,08555.8956,E,0,00,,,M,,M,,*50
(Jun 08 2017 10:32:34,  846930 sec) gga()                $GPGGA,103200,1331.0703,N,08555.8956,E,0,00,,,M,,M,,*56
(Jun 08 2017 10:32:44,  846940 sec) gga()                $GPGGA,103210,1331.0703,N,08555.8956,E,0,00,,,M,,M,,*57
(Jun 08 2017 10:32:54,  846950 sec) gga()                $GPGGA,103220,1331.0703,N,08555.8956,E,0,00,,,M,,M,,*54
(Jun 08 2017 10:33:04,  846960 sec) gga()                $GPGGA,103230,1331.0703,N,08555.8956,E,0,00,,,M,,M,,*55
(Jun 08 2017 10:33:14,  846970 sec) gga()                $GPGGA,103240,1331.0703,N,08555.8956,E,0,00,,,M,,M,,*52
(Jun 08 2017 10:33:24,  846980 sec) gga()                $GPGGA,103250,1331.0703,N,08555.8956,E,0,00,,,M,,M,,*53
(Jun 08 2017 10:33:34,  846990 sec) gga()                $GPGGA,103300,1331.0703,N,08555.8956,E,0,00,,,M,,M,,*57
(Jun 08 2017 10:33:44,  847000 sec) gga()                $GPGGA,103310,1331.0703,N,08555.8956,E,0,00,,,M,,M,,*56
(Jun 08 2017 10:34:04,  847020 sec) gga()                $GPGGA,103330,1331.0703,N,08555.8956,E,0,00,,,M,,M,,*54
(Jun 08 2017 10:34:14,  847030 sec) gga()                $GPGGA,103340,1331.0703,N,08555.8956,E,0,00,,,M,,M,,*53
(Jun 08 2017 10:34:24,  847040 sec) gga()                $GPGGA,103350,1331.0703,N,08555.8956,E,0,00,,,M,,M,,*52
(Jun 08 2017 10:34:34,  847050 sec) gga()                $GPGGA,103400,1331.0703,N,08555.8956,E,0,00,,,M,,M,,*50
(Jun 08 2017 10:34:44,  847060 sec) gga()                $GPGGA,103410,1331.0703,N,08555.8956,E,0,00,,,M,,M,,*51
(Jun 08 2017 10:34:54,  847070 sec) gga()                $GPGGA,103420,1331.0703,N,08555.8956,E,0,00,,,M,,M,,*52
(Jun 08 2017 10:35:04,  847080 sec) gga()                $GPGGA,103430,1331.0703,N,08555.8956,E,0,00,,,M,,M,,*53
(Jun 08 2017 10:35:14,  847090 sec) gga()                $GPGGA,103440,1331.0703,N,08555.8956,E,0,00,,,M,,M,,*54
(Jun 08 2017 10:35:24,  847100 sec) gga()                $GPGGA,103450,1331.0703,N,08555.8956,E,0,00,,,M,,M,,*55
(Jun 08 2017 10:35:34,  847110 sec) gga()                $GPGGA,103500,1331.0703,N,08555.8956,E,0,00,,,M,,M,,*51
(Jun 08 2017 10:35:44,  847120 sec) gga()                $GPGGA,103510,1331.0703,N,08555.8956,E,0,00,,,M,,M,,*50
(Jun 08 2017 10:35:54,  847130 sec) gga()                $GPGGA,103520,1331.0703,N,08555.8956,E,0,00,,,M,,M,,*53
(Jun 08 2017 10:36:22,  847158 sec) gga()                $GPGGA,103530,1322.8296,N,08611.5439,E,1,09,0.8,12.1,M,-77.0,M,,*5A
(Jun 08 2017 10:36:23,  847158 sec) GpsServices()        Profile 95 GPS fix obtained in 271 seconds.
(Jun 08 2017 10:36:23,  847158 sec) GpsServices()                  lon     lat mm/dd/yyyy hhmmss nsat
(Jun 08 2017 10:36:23,  847159 sec) GpsServices()        Fix:   86.192  13.380 06/08/2017 103530    9
(Jun 08 2017 10:36:52,  847188 sec) gga()                $GPGGA,103600,1322.8210,N,08611.5381,E,1,06,1.0,6.6,M,-77.0,M,,*64
(Jun 08 2017 10:37:01,  847197 sec) gga()                $GPGGA,103630,1322.8120,N,08611.5269,E,1,02,1.1,-4.9,M,-77.0,M,,*45
(Jun 08 2017 10:37:01,  847197 sec) GpsServices()        Excessive RTC skew (31s) detected.  Resetting Apf9's RTC to Thu Jun  8 10:36:30 2017
(Jun 08 2017 10:36:31,  847197 sec) GpsServices()        Apf9's RTC now reads Thu Jun  8 10:36:31 2017
(Jun 08 2017 10:36:40,  847207 sec) LogNmeaSentences()   $GPRMC,103640,A,1322.8113,N,08611.5266,E,000.0,243.8,080617,001.4,W*64
(Jun 08 2017 10:36:41,  847207 sec) LogNmeaSentences()   $GPGGA,103640,1322.8113,N,08611.5266,E,1,09,0.9,-1.4,M,-77.0,M,,*47
(Jun 08 2017 10:36:41,  847208 sec) LogNmeaSentences()   $GPGSA,A,3,02,05,06,12,13,17,19,24,28,,,,1.3,0.9,0.9*32
(Jun 08 2017 10:36:41,  847208 sec) LogNmeaSentences()   $GPGSV,3,1,09,02,55,292,47,05,34,190,45,06,45,009,47,12,23,329,46*74
(Jun 08 2017 10:36:42,  847208 sec) LogNmeaSentences()   $GPGSV,3,2,09,13,05,202,36,17,25,056,45,19,33,034,47,24,25,279,45*70
(Jun 08 2017 10:36:42,  847209 sec) LogNmeaSentences()   $GPGSV,3,3,09,28,30,131,43*4D
(Jun 08 2017 10:36:50,  847217 sec) LogNmeaSentences()   $GPRMC,103650,A,1322.8099,N,08611.5271,E,003.2,184.9,080617,001.4,W*68
(Jun 08 2017 10:36:51,  847217 sec) LogNmeaSentences()   $GPGGA,103650,1322.8099,N,08611.5271,E,1,09,0.8,-2.3,M,-77.0,M,,*46
(Jun 08 2017 10:36:51,  847218 sec) LogNmeaSentences()   $GPGSA,A,3,02,05,06,12,13,17,19,24,28,,,,1.2,0.8,0.9*32
(Jun 08 2017 10:36:51,  847218 sec) LogNmeaSentences()   $GPGSV,3,1,09,02,55,292,46,05,34,190,47,06,45,009,48,12,23,329,46*78
(Jun 08 2017 10:36:52,  847218 sec) LogNmeaSentences()   $GPGSV,3,2,09,13,05,202,41,17,25,056,47,19,33,034,47,24,25,279,44*73
(Jun 08 2017 10:36:52,  847219 sec) LogNmeaSentences()   $GPGSV,3,3,09,28,30,131,44*4A
(Jun 08 2017 10:37:00,  847227 sec) LogNmeaSentences()   $GPRMC,103700,A,1322.8053,N,08611.5258,E,000.0,195.2,080617,001.4,W*6B
(Jun 08 2017 10:37:01,  847227 sec) LogNmeaSentences()   $GPGGA,103700,1322.8053,N,08611.5258,E,1,09,0.8,-3.0,M,-77.0,M,,*4D
(Jun 08 2017 10:37:01,  847228 sec) LogNmeaSentences()   $GPGSA,A,3,02,05,06,12,13,17,19,24,28,,,,1.2,0.8,0.9*32
(Jun 08 2017 10:37:01,  847228 sec) LogNmeaSentences()   $GPGSV,3,1,09,02,55,292,45,05,34,190,47,06,45,009,49,12,23,329,43*7F
(Jun 08 2017 10:37:02,  847228 sec) LogNmeaSentences()   $GPGSV,3,2,09,13,05,202,32,17,25,056,45,19,33,034,44,24,25,279,44*76
(Jun 08 2017 10:37:02,  847229 sec) LogNmeaSentences()   $GPGSV,3,3,09,28,30,131,45*4B
(Jun 08 2017 10:37:02,  847229 sec) LogNmeaSentences()   $PGRMT,GPS 15x-L software ver. 3.80,,,,,,,,*7C
(Jun 08 2017 10:37:02,  847229 sec) GpsServices()        GPS services complete.
(Jun 08 2017 10:37:35,  847262 sec) CLogin()             Connecting to primary host.
(Jun 08 2017 10:37:57,  847284 sec) CLogin()             Connection 1 established in 22 seconds.
(Jun 08 2017 10:38:27,  847313 sec) expect()             Attempt to read prompt string [login:] failed.
(Jun 08 2017 10:38:27,  847313 sec) login()              Login prompt not received.
(Jun 08 2017 10:38:57,  847343 sec) expect()             Attempt to read prompt string [login:] failed.
(Jun 08 2017 10:38:57,  847343 sec) login()              Login prompt not received.
(Jun 08 2017 10:38:57,  847343 sec) login()              No carrier detected.
(Jun 08 2017 10:38:57,  847343 sec) CLogin()             Attempt to login to host failed.
(Jun 08 2017 10:38:57,  847344 sec) DownLoadMissionCfg() Connect/login failed.  Mission configuration not downloaded from remote host.
(Jun 08 2017 10:39:02,  847349 sec) CLogin()             Connecting to primary host.
(Jun 08 2017 10:39:22,  847369 sec) CLogin()             Connection 2 established in 20 seconds.
(Jun 08 2017 10:39:52,  847398 sec) expect()             Attempt to read prompt string [login:] failed.
(Jun 08 2017 10:39:52,  847398 sec) login()              Login prompt not received.
(Jun 08 2017 10:40:22,  847428 sec) expect()             Attempt to read prompt string [login:] failed.
(Jun 08 2017 10:40:22,  847428 sec) login()              Login prompt not received.
(Jun 08 2017 10:40:22,  847428 sec) login()              No carrier detected.
(Jun 08 2017 10:40:22,  847428 sec) CLogin()             Attempt to login to host failed.
(Jun 08 2017 10:40:22,  847429 sec) DownLoadMissionCfg() Connect/login failed.  Mission configuration not downloaded from remote host.
(Jun 08 2017 10:40:22,  847429 sec) DownLoadMissionCfg() Aborting download: Retry limit [2] exceeded.
(Jun 08 2017 10:40:22,  847429 sec) WriteVitals()        Writing vitals to "9567.095.msg".
(Jun 08 2017 10:40:25,  847432 sec) CLogin()             Connecting to primary host.
(Jun 08 2017 10:40:49,  847455 sec) CLogin()             Connection 3 established in 24 seconds.
(Jun 08 2017 10:41:19,  847485 sec) expect()             Attempt to read prompt string [login:] failed.
(Jun 08 2017 10:41:19,  847485 sec) login()              Login prompt not received.
(Jun 08 2017 10:41:49,  847515 sec) expect()             Attempt to read prompt string [login:] failed.
(Jun 08 2017 10:41:49,  847515 sec) login()              Login prompt not received.
(Jun 08 2017 10:41:49,  847515 sec) login()              No carrier detected.
(Jun 08 2017 10:41:49,  847515 sec) CLogin()             Attempt to login to host failed.
(Jun 08 2017 10:41:49,  847516 sec) CLogin()             Connecting to primary host.
(Jun 08 2017 10:42:05,  847532 sec) CLogin()             Connection 4 established in 16 seconds.
(Jun 08 2017 10:42:35,  847561 sec) expect()             Attempt to read prompt string [login:] failed.
(Jun 08 2017 10:42:35,  847561 sec) login()              Login prompt not received.
(Jun 08 2017 10:43:05,  847591 sec) expect()             Attempt to read prompt string [login:] failed.
(Jun 08 2017 10:43:05,  847591 sec) login()              Login prompt not received.
(Jun 08 2017 10:43:05,  847591 sec) login()              No carrier detected.
(Jun 08 2017 10:43:05,  847591 sec) CLogin()             Attempt to login to host failed.
(Jun 08 2017 10:43:05,  847592 sec) UpLoad()             Files successfully uploaded: 0
(Jun 08 2017 10:43:05,  847592 sec) UpLoad()             Aborting upload: Retry limit [2] exceeded. Upload incomplete.
(Jun 08 2017 10:43:05,  847592 sec) logout()             No carrier detected.
(Jun 08 2017 10:43:05,  847592 sec) Telemetry()          Telemetry cycle complete: PrfId=95 ConnectionAttempts=4  Connections=4
(Jun 08 2017 10:58:20,  848506 sec) AirSystem()          Air-bladder inflation by-passed. Barometer: [127cnt, 6.8"Hg].
(Jun 08 2017 10:58:48,  848534 sec) GpsServices()        GPS almanac is current.
(Jun 08 2017 10:58:48,  848534 sec) GpsServices()        Initiating GPS fix acquisition.
(Jun 08 2017 10:59:25,  848572 sec) gga()                $GPGGA,105900,1322.4807,N,08611.2786,E,1,09,0.8,-2.4,M,-77.0,M,,*44
(Jun 08 2017 10:59:25,  848572 sec) GpsServices()        Profile 95 GPS fix obtained in 37 seconds.
(Jun 08 2017 10:59:25,  848572 sec) GpsServices()                  lon     lat mm/dd/yyyy hhmmss nsat
(Jun 08 2017 10:59:25,  848572 sec) GpsServices()        Fix:   86.188  13.375 06/08/2017 105900    9
(Jun 08 2017 10:59:55,  848601 sec) gga()                $GPGGA,105930,1322.4752,N,08611.2750,E,1,09,0.8,-3.9,M,-77.0,M,,*4F
(Jun 08 2017 11:00:00,  848607 sec) gga()                $GPGGA,110000,1322.4646,N,08611.2670,E,1,05,1.3,-3.8,M,-77.0,M,,*41
(Jun 08 2017 11:00:00,  848607 sec) GpsServices()        APF9 RTC skew (0s) OK.
(Jun 08 2017 11:00:01,  848607 sec) LogNmeaSentences()   6,20,04,211,18,28,21,139,42,06,37,016,00*7C
(Jun 08 2017 11:00:01,  848607 sec) LogNmeaSentences()   $GPGSV,3,3,10,12,32,330,00,24,24,268,00*76
(Jun 08 2017 11:00:01,  848608 sec) LogNmeaSentences()   $PGRMT,GPS 15x-L software ver. 3.80,,,,,,,,*7C
(Jun 08 2017 11:00:10,  848617 sec) LogNmeaSentences()   $GPRMC,110010,A,1322.4638,N,08611.2657,E,001.4,110.0,080617,001.4,W*6E
(Jun 08 2017 11:00:11,  848617 sec) LogNmeaSentences()   $GPGGA,110010,1322.4638,N,08611.2657,E,1,09,0.8,-2.4,M,-77.0,M,,*47
(Jun 08 2017 11:00:11,  848618 sec) LogNmeaSentences()   $GPGSA,A,3,02,05,06,12,13,17,19,24,28,,,,1.2,0.8,0.9*32
(Jun 08 2017 11:00:11,  848618 sec) LogNmeaSentences()   $GPGSV,3,1,10,02,53,311,47,05,44,188,45,06,37,017,46,12,32,329,47*74
(Jun 08 2017 11:00:12,  848618 sec) LogNmeaSentences()   $GPGSV,3,2,10,13,05,193,39,17,23,067,48,19,32,046,45,24,24,267,43*7B
(Jun 08 2017 11:00:12,  848619 sec) LogNmeaSentences()   $GPGSV,3,3,10,28,21,139,41,20,04,211,00*7B
(Jun 08 2017 11:00:20,  848627 sec) LogNmeaSentences()   $GPRMC,110020,A,1322.4603,N,08611.2644,E,000.0,112.3,080617,001.4,W*63
(Jun 08 2017 11:00:21,  848627 sec) LogNmeaSentences()   $GPGGA,110020,1322.4603,N,08611.2644,E,1,08,1.0,-1.6,M,-77.0,M,,*47
(Jun 08 2017 11:00:21,  848628 sec) LogNmeaSentences()   $GPGSA,A,3,02,05,06,12,13,17,19,,28,,,,1.4,1.0,1.0*33
(Jun 08 2017 11:00:21,  848628 sec) LogNmeaSentences()   $GPGSV,3,1,10,02,53,311,49,05,44,188,35,06,37,017,47,12,32,329,49*72
(Jun 08 2017 11:00:22,  848628 sec) LogNmeaSentences()   $GPGSV,3,2,10,13,05,193,30,17,23,067,41,19,32,046,43,20,04,211,29*76
(Jun 08 2017 11:00:22,  848629 sec) LogNmeaSentences()   $GPGSV,3,3,10,28,21,139,42,24,24,268,00*70
(Jun 08 2017 11:00:30,  848637 sec) LogNmeaSentences()   $GPRMC,110030,A,1322.4584,N,08611.2610,E,002.5,261.4,080617,001.4,W*68
(Jun 08 2017 11:00:30,  848637 sec) LogNmeaSentences()   $GPGGA,110030,1322.4584,N,08611.2610,E,1,02,0.8,-3.2,M,-77.0,M,,*4E
(Jun 08 2017 11:00:31,  848637 sec) GpsServices()        GPS services complete.
(Jun 08 2017 11:01:03,  848670 sec) CLogin()             Connecting to primary host.
(Jun 08 2017 11:01:20,  848687 sec) CLogin()             Connection 5 established in 17 seconds.
(Jun 08 2017 11:01:50,  848716 sec) expect()             Attempt to read prompt string [login:] failed.
(Jun 08 2017 11:01:50,  848716 sec) login()              Login prompt not received.
(Jun 08 2017 11:02:20,  848746 sec) expect()             Attempt to read prompt string [login:] failed.
(Jun 08 2017 11:02:20,  848746 sec) login()              Login prompt not received.
(Jun 08 2017 11:02:20,  848746 sec) login()              No carrier detected.
(Jun 08 2017 11:02:20,  848746 sec) CLogin()             Attempt to login to host failed.
(Jun 08 2017 11:02:20,  848747 sec) DownLoadMissionCfg() Connect/login failed.  Mission configuration not downloaded from remote host.
(Jun 08 2017 11:02:25,  848752 sec) CLogin()             Connecting to primary host.
(Jun 08 2017 11:02:40,  848766 sec) CLogin()             Connection 6 established in 15 seconds.
(Jun 08 2017 11:03:10,  848796 sec) expect()             Attempt to read prompt string [login:] failed.
(Jun 08 2017 11:03:10,  848796 sec) login()              Login prompt not received.
(Jun 08 2017 11:03:40,  848826 sec) expect()             Attempt to read prompt string [login:] failed.
(Jun 08 2017 11:03:40,  848826 sec) login()              Login prompt not received.
(Jun 08 2017 11:03:40,  848826 sec) login()              No carrier detected.
(Jun 08 2017 11:03:40,  848826 sec) CLogin()             Attempt to login to host failed.
(Jun 08 2017 11:03:40,  848827 sec) DownLoadMissionCfg() Connect/login failed.  Mission configuration not downloaded from remote host.
(Jun 08 2017 11:03:40,  848827 sec) DownLoadMissionCfg() Aborting download: Retry limit [2] exceeded.
(Jun 08 2017 11:03:40,  848827 sec) WriteVitals()        Writing vitals to "9567.095.msg".
(Jun 08 2017 11:03:43,  848830 sec) CLogin()             Connecting to primary host.
(Jun 08 2017 11:04:09,  848856 sec) CLogin()             Connection 7 established in 26 seconds.
(Jun 08 2017 11:04:39,  848885 sec) expect()             Attempt to read prompt string [login:] failed.
(Jun 08 2017 11:04:39,  848885 sec) login()              Login prompt not received.
(Jun 08 2017 11:04:39,  848885 sec) login()              No carrier detected.
(Jun 08 2017 11:04:39,  848885 sec) CLogin()             Attempt to login to host failed.
(Jun 08 2017 11:04:39,  848886 sec) CLogin()             Connecting to primary host.
(Jun 08 2017 11:04:58,  848904 sec) CLogin()             Connection 8 established in 19 seconds.
(Jun 08 2017 11:05:28,  848934 sec) expect()             Attempt to read prompt string [login:] failed.
(Jun 08 2017 11:05:28,  848934 sec) login()              Login prompt not received.
(Jun 08 2017 11:05:58,  848964 sec) expect()             Attempt to read prompt string [login:] failed.
(Jun 08 2017 11:05:58,  848964 sec) login()              Login prompt not received.
(Jun 08 2017 11:05:58,  848964 sec) login()              No carrier detected.
(Jun 08 2017 11:05:58,  848964 sec) CLogin()             Attempt to login to host failed.
(Jun 08 2017 11:05:58,  848965 sec) UpLoad()             Files successfully uploaded: 0
(Jun 08 2017 11:05:58,  848965 sec) UpLoad()             Aborting upload: Retry limit [2] exceeded. Upload incomplete.
(Jun 08 2017 11:05:58,  848965 sec) logout()             No carrier detected.
(Jun 08 2017 11:05:58,  848965 sec) Telemetry()          Telemetry cycle complete: PrfId=95 ConnectionAttempts=8  Connections=8
(Jun 08 2017 11:21:13,  849879 sec) AirSystem()          Air-bladder inflation by-passed. Barometer: [128cnt, 7.1"Hg].
(Jun 08 2017 11:21:57,  849923 sec) GpsServices()        GPS almanac is current.
(Jun 08 2017 11:21:57,  849923 sec) GpsServices()        Initiating GPS fix acquisition.
(Jun 08 2017 11:22:25,  849951 sec) gga()                $GPGGA,112200,1322.1489,N,08611.0250,E,1,09,0.8,4.3,M,-77.0,M,,*66
(Jun 08 2017 11:22:25,  849952 sec) GpsServices()        Profile 95 GPS fix obtained in 28 seconds.
(Jun 08 2017 11:22:25,  849952 sec) GpsServices()                  lon     lat mm/dd/yyyy hhmmss nsat
(Jun 08 2017 11:22:25,  849952 sec) GpsServices()        Fix:   86.184  13.369 06/08/2017 112200    9
(Jun 08 2017 11:22:55,  849981 sec) gga()                $GPGGA,112230,1322.1423,N,08611.0139,E,1,10,0.8,2.9,M,-77.0,M,,*6D
(Jun 08 2017 11:23:00,  849987 sec) gga()                $GPGGA,112300,1322.1349,N,08611.0075,E,1,10,0.8,0.3,M,-77.0,M,,*65
(Jun 08 2017 11:23:00,  849987 sec) GpsServices()        APF9 RTC skew (0s) OK.
(Jun 08 2017 11:23:01,  849987 sec) LogNmeaSentences()   7,184,36,17,21,078,46,19,31,058,44,20,13,211,38*70
(Jun 08 2017 11:23:01,  849988 sec) LogNmeaSentences()   $GPGSV,3,3,12,24,23,256,40,25,03,325,42,28,12,144,41,09,01,075,00*79
(Jun 08 2017 11:23:01,  849988 sec) LogNmeaSentences()   $PGRMT,GPS 15x-L software ver. 3.80,,,,,,,,*7C
(Jun 08 2017 11:23:10,  849997 sec) LogNmeaSentences()   $GPRMC,112310,A,1322.1348,N,08611.0002,E,000.0,267.7,080617,001.4,W*6D
(Jun 08 2017 11:23:11,  849997 sec) LogNmeaSentences()   $GPGGA,112310,1322.1348,N,08611.0002,E,1,10,0.8,-0.1,M,-77.0,M,,*4A
(Jun 08 2017 11:23:11,  849998 sec) LogNmeaSentences()   $GPGSA,A,3,02,05,06,12,13,17,19,20,24,,28,,1.2,0.8,0.9*30
(Jun 08 2017 11:23:11,  849998 sec) LogNmeaSentences()   $GPGSV,3,1,12,02,50,327,44,05,56,188,50,06,29,024,45,12,42,327,47*71
(Jun 08 2017 11:23:12,  849998 sec) LogNmeaSentences()   $GPGSV,3,2,12,13,07,184,40,17,21,078,44,19,31,058,43,20,13,211,42*79
(Jun 08 2017 11:23:12,  849999 sec) LogNmeaSentences()   $GPGSV,3,3,12,24,23,256,44,25,03,325,21,28,12,144,39,09,01,075,00*77
(Jun 08 2017 11:23:20,  850007 sec) LogNmeaSentences()   $GPRMC,112320,A,1322.1315,N,08611.0012,E,000.0,072.3,080617,001.4,W*65
(Jun 08 2017 11:23:21,  850007 sec) LogNmeaSentences()   $GPGGA,112320,1322.1315,N,08611.0012,E,1,10,0.8,-1.0,M,-77.0,M,,*40
(Jun 08 2017 11:23:21,  850008 sec) LogNmeaSentences()   $GPGSA,A,3,02,05,06,,12,13,17,19,20,24,,28,1.2,0.8,0.9*30
(Jun 08 2017 11:23:21,  850008 sec) LogNmeaSentences()   $GPGSV,3,1,12,02,50,327,44,05,56,188,51,06,29,024,46,09,01,076,18*73
(Jun 08 2017 11:23:22,  850008 sec) LogNmeaSentences()   $GPGSV,3,2,12,12,43,327,47,13,07,184,41,17,21,078,42,19,31,058,46*7E
(Jun 08 2017 11:23:22,  850009 sec) LogNmeaSentences()   $GPGSV,3,3,12,20,13,211,41,24,23,256,45,25,03,325,40,28,12,144,42*70
(Jun 08 2017 11:23:30,  850017 sec) LogNmeaSentences()   $GPRMC,112330,A,1322.1286,N,08611.0009,E,002.2,230.5,080617,001.4,W*67
(Jun 08 2017 11:23:31,  850017 sec) LogNmeaSentences()   $GPGGA,112330,1322.1286,N,08611.0009,E,1,10,0.8,1.2,M,-77.0,M,,*6F
(Jun 08 2017 11:23:31,  850018 sec) LogNmeaSentences()   $GPGSA,A,3,02,05,06,12,13,17,19,20,24,,28,,1.2,0.8,0.9*30
(Jun 08 2017 11:23:31,  850018 sec) LogNmeaSentences()   $GPGSV,3,1,12,02,50,327,46,05,56,188,48,06,29,024,46,12,43,327,50*7E
(Jun 08 2017 11:23:32,  850018 sec) GpsServices()        GPS services complete.
(Jun 08 2017 11:24:04,  850051 sec) CLogin()             Connecting to primary host.
(Jun 08 2017 11:24:23,  850069 sec) CLogin()             Connection 9 established in 19 seconds.
(Jun 08 2017 11:24:53,  850099 sec) expect()             Attempt to read prompt string [login:] failed.
(Jun 08 2017 11:24:53,  850099 sec) login()              Login prompt not received.
(Jun 08 2017 11:24:53,  850099 sec) login()              No carrier detected.
(Jun 08 2017 11:24:53,  850099 sec) CLogin()             Attempt to login to host failed.
(Jun 08 2017 11:24:53,  850100 sec) DownLoadMissionCfg() Connect/login failed.  Mission configuration not downloaded from remote host.
(Jun 08 2017 11:24:58,  850105 sec) CLogin()             Connecting to primary host.
(Jun 08 2017 11:26:00,  850166 sec) chat()               Expected string [CONNECT] not received.
(Jun 08 2017 11:26:00,  850166 sec) modem_connect()      Modem command [AT+CBST=71,0,1;DT0088160000573] failed.
(Jun 08 2017 11:26:13,  850179 sec) CLogin()             Connection 10 established in 75 seconds.
(Jun 08 2017 11:26:43,  850209 sec) expect()             Attempt to read prompt string [login:] failed.
(Jun 08 2017 11:26:43,  850209 sec) login()              Login prompt not received.
(Jun 08 2017 11:27:13,  850239 sec) expect()             Attempt to read prompt string [login:] failed.
(Jun 08 2017 11:27:13,  850239 sec) login()              Login prompt not received.
(Jun 08 2017 11:27:13,  850239 sec) login()              No carrier detected.
(Jun 08 2017 11:27:13,  850239 sec) CLogin()             Attempt to login to host failed.
(Jun 08 2017 11:27:13,  850240 sec) DownLoadMissionCfg() Connect/login failed.  Mission configuration not downloaded from remote host.
(Jun 08 2017 11:27:13,  850240 sec) DownLoadMissionCfg() Aborting download: Retry limit [2] exceeded.
(Jun 08 2017 11:27:13,  850240 sec) WriteVitals()        Writing vitals to "9567.095.msg".
(Jun 08 2017 11:27:16,  850243 sec) CLogin()             Connecting to primary host.
(Jun 08 2017 11:27:34,  850261 sec) CLogin()             Connection 11 established in 18 seconds.
(Jun 08 2017 11:28:04,  850290 sec) expect()             Attempt to read prompt string [login:] failed.
(Jun 08 2017 11:28:04,  850290 sec) login()              Login prompt not received.
(Jun 08 2017 11:28:34,  850320 sec) expect()             Attempt to read prompt string [login:] failed.
(Jun 08 2017 11:28:34,  850320 sec) login()              Login prompt not received.
(Jun 08 2017 11:28:34,  850320 sec) login()              No carrier detected.
(Jun 08 2017 11:28:34,  850320 sec) CLogin()             Attempt to login to host failed.
(Jun 08 2017 11:28:34,  850321 sec) CLogin()             Connecting to primary host.
(Jun 08 2017 11:28:52,  850339 sec) CLogin()             Connection 12 established in 18 seconds.
(Jun 08 2017 11:29:22,  850368 sec) expect()             Attempt to read prompt string [login:] failed.
(Jun 08 2017 11:29:22,  850368 sec) login()              Login prompt not received.
(Jun 08 2017 11:29:52,  850398 sec) expect()             Attempt to read prompt string [login:] failed.
(Jun 08 2017 11:29:52,  850398 sec) login()              Login prompt not received.
(Jun 08 2017 11:29:52,  850398 sec) login()              No carrier detected.
(Jun 08 2017 11:29:52,  850398 sec) CLogin()             Attempt to login to host failed.
(Jun 08 2017 11:29:52,  850399 sec) UpLoad()             Files successfully uploaded: 0
(Jun 08 2017 11:29:52,  850399 sec) UpLoad()             Aborting upload: Retry limit [2] exceeded. Upload incomplete.
(Jun 08 2017 11:29:52,  850399 sec) logout()             No carrier detected.
(Jun 08 2017 11:29:52,  850399 sec) Telemetry()          Telemetry cycle complete: PrfId=95 ConnectionAttempts=13  Connections=12
(Jun 08 2017 11:45:07,  851313 sec) AirSystem()          Air-bladder inflation by-passed. Barometer: [127cnt, 6.8"Hg].
(Jun 08 2017 11:45:52,  851358 sec) GpsServices()        GPS almanac is current.
(Jun 08 2017 11:45:52,  851358 sec) GpsServices()        Initiating GPS fix acquisition.
(Jun 08 2017 11:46:25,  851391 sec) gga()                $GPGGA,114600,1321.8242,N,08610.7460,E,1,10,0.8,7.3,M,-77.1,M,,*66
(Jun 08 2017 11:46:25,  851392 sec) GpsServices()        Profile 95 GPS fix obtained in 33 seconds.
(Jun 08 2017 11:46:25,  851392 sec) GpsServices()                  lon     lat mm/dd/yyyy hhmmss nsat
(Jun 08 2017 11:46:25,  851392 sec) GpsServices()        Fix:   86.179  13.364 06/08/2017 114600   10
(Jun 08 2017 11:46:54,  851421 sec) gga()                $GPGGA,114630,1321.8162,N,08610.7433,E,1,07,1.0,1.5,M,-77.1,M,,*6D
(Jun 08 2017 11:47:00,  851427 sec) gga()                $GPGGA,114700,1321.8073,N,08610.7385,E,1,10,0.9,-3.7,M,-77.1,M,,*47
(Jun 08 2017 11:47:00,  851427 sec) GpsServices()        APF9 RTC skew (0s) OK.
(Jun 08 2017 11:47:01,  851427 sec) LogNmeaSentences()   11,176,34,17,19,090,45,19,30,071,44,20,22,214,38*78
(Jun 08 2017 11:47:01,  851428 sec) LogNmeaSentences()   $GPGSV,3,3,11,24,20,244,39,25,12,323,38,28,03,147,31*41
(Jun 08 2017 11:47:01,  851428 sec) LogNmeaSentences()   $PGRMT,GPS 15x-L software ver. 3.80,,,,,,,,*7C
(Jun 08 2017 11:47:10,  851437 sec) LogNmeaSentences()   $GPRMC,114710,A,1321.8064,N,08610.7341,E,001.8,270.3,080617,001.4,W*61
(Jun 08 2017 11:47:11,  851437 sec) LogNmeaSentences()   $GPGGA,114710,1321.8064,N,08610.7341,E,1,10,0.9,-6.3,M,-77.1,M,,*49
(Jun 08 2017 11:47:11,  851438 sec) LogNmeaSentences()   $GPGSA,A,3,02,05,06,12,13,17,19,20,24,25,,,1.2,0.9,0.9*3C
(Jun 08 2017 11:47:11,  851438 sec) LogNmeaSentences()   $GPGSV,3,1,11,02,46,342,47,05,68,188,51,06,22,031,43,12,53,320,50*71
(Jun 08 2017 11:47:12,  851438 sec) LogNmeaSentences()   $GPGSV,3,2,11,13,11,176,35,17,19,090,46,19,30,071,45,20,22,214,38*7B
(Jun 08 2017 11:47:12,  851439 sec) LogNmeaSentences()   $GPGSV,3,3,11,24,20,244,39,25,12,323,40,28,03,147,21*4F
(Jun 08 2017 11:47:20,  851447 sec) LogNmeaSentences()   $GPRMC,114720,A,1321.8061,N,08610.7323,E,000.7,201.4,080617,001.4,W*6C
(Jun 08 2017 11:47:21,  851447 sec) LogNmeaSentences()   $GPGGA,114720,1321.8061,N,08610.7323,E,1,10,0.8,-2.1,M,-77.1,M,,*4C
(Jun 08 2017 11:47:21,  851448 sec) LogNmeaSentences()   $GPGSA,A,3,02,05,06,12,13,17,19,20,24,25,,,1.1,0.8,0.8*3F
(Jun 08 2017 11:47:21,  851448 sec) LogNmeaSentences()   $GPGSV,3,1,11,02,46,342,48,05,68,188,49,06,22,031,43,12,53,319,49*75
(Jun 08 2017 11:47:22,  851448 sec) LogNmeaSentences()   $GPGSV,3,2,11,13,11,176,40,17,19,090,44,19,30,072,43,20,23,214,41*71
(Jun 08 2017 11:47:22,  851449 sec) LogNmeaSentences()   $GPGSV,3,3,11,24,20,244,41,25,12,323,43,28,03,147,34*47
(Jun 08 2017 11:47:30,  851457 sec) LogNmeaSentences()   $GPRMC,114730,A,1321.8022,N,08610.7294,E,002.4,250.4,080617,001.4,W*62
(Jun 08 2017 11:47:31,  851457 sec) LogNmeaSentences()   $GPGGA,114730,1321.8022,N,08610.7294,E,1,10,0.9,-5.5,M,-77.1,M,,*45
(Jun 08 2017 11:47:31,  851458 sec) LogNmeaSentences()   $GPGSA,A,3,02,05,06,12,13,17,19,20,24,25,,,1.2,0.9,0.9*3C
(Jun 08 2017 11:47:31,  851458 sec) LogNmeaSentences()   $GPGSV,3,1,11,02,46,342,47,05,68,188,48,06,22,031,43,12,53,319,51*72
(Jun 08 2017 11:47:32,  851458 sec) GpsServices()        GPS services complete.
(Jun 08 2017 11:47:56,  851483 sec) CLogin()             Connecting to primary host.
(Jun 08 2017 11:48:11,  851498 sec) CLogin()             Connection 13 established in 15 seconds.
(Jun 08 2017 11:48:41,  851527 sec) expect()             Attempt to read prompt string [login:] failed.
(Jun 08 2017 11:48:41,  851527 sec) login()              Login prompt not received.
(Jun 08 2017 11:48:41,  851527 sec) login()              No carrier detected.
(Jun 08 2017 11:48:41,  851527 sec) CLogin()             Attempt to login to host failed.
(Jun 08 2017 11:48:41,  851528 sec) DownLoadMissionCfg() Connect/login failed.  Mission configuration not downloaded from remote host.
(Jun 08 2017 11:48:46,  851533 sec) CLogin()             Connecting to primary host.
(Jun 08 2017 11:49:00,  851546 sec) CLogin()             Connection 14 established in 14 seconds.
(Jun 08 2017 11:49:30,  851576 sec) expect()             Attempt to read prompt string [login:] failed.
(Jun 08 2017 11:49:30,  851576 sec) login()              Login prompt not received.
(Jun 08 2017 11:50:00,  851606 sec) expect()             Attempt to read prompt string [login:] failed.
(Jun 08 2017 11:50:00,  851606 sec) login()              Login prompt not received.
(Jun 08 2017 11:50:00,  851606 sec) login()              No carrier detected.
(Jun 08 2017 11:50:00,  851606 sec) CLogin()             Attempt to login to host failed.
(Jun 08 2017 11:50:00,  851607 sec) DownLoadMissionCfg() Connect/login failed.  Mission configuration not downloaded from remote host.
(Jun 08 2017 11:50:00,  851607 sec) DownLoadMissionCfg() Aborting download: Retry limit [2] exceeded.
(Jun 08 2017 11:50:00,  851607 sec) WriteVitals()        Writing vitals to "9567.095.msg".
(Jun 08 2017 11:50:03,  851610 sec) CLogin()             Connecting to primary host.
(Jun 08 2017 11:50:13,  851619 sec) CLogin()             Connection 15 established in 10 seconds.
(Jun 08 2017 11:50:43,  851649 sec) expect()             Attempt to read prompt string [login:] failed.
(Jun 08 2017 11:50:43,  851649 sec) login()              Login prompt not received.
(Jun 08 2017 11:51:13,  851679 sec) expect()             Attempt to read prompt string [login:] failed.
(Jun 08 2017 11:51:13,  851679 sec) login()              Login prompt not received.
(Jun 08 2017 11:51:13,  851679 sec) login()              No carrier detected.
(Jun 08 2017 11:51:13,  851679 sec) CLogin()             Attempt to login to host failed.
(Jun 08 2017 11:51:13,  851680 sec) CLogin()             Connecting to primary host.
(Jun 08 2017 11:51:26,  851693 sec) CLogin()             Connection 16 established in 13 seconds.
(Jun 08 2017 11:51:57,  851723 sec) expect()             Attempt to read prompt string [login:] failed.
(Jun 08 2017 11:51:57,  851723 sec) login()              Login prompt not received.
(Jun 08 2017 11:52:27,  851753 sec) expect()             Attempt to read prompt string [login:] failed.
(Jun 08 2017 11:52:27,  851753 sec) login()              Login prompt not received.
(Jun 08 2017 11:52:27,  851753 sec) login()              No carrier detected.
(Jun 08 2017 11:52:27,  851753 sec) CLogin()             Attempt to login to host failed.
(Jun 08 2017 11:52:27,  851754 sec) UpLoad()             Files successfully uploaded: 0
(Jun 08 2017 11:52:27,  851754 sec) UpLoad()             Aborting upload: Retry limit [2] exceeded. Upload incomplete.
(Jun 08 2017 11:52:27,  851754 sec) logout()             No carrier detected.
(Jun 08 2017 11:52:27,  851754 sec) Telemetry()          Telemetry cycle complete: PrfId=95 ConnectionAttempts=17  Connections=16
(Jun 08 2017 12:07:42,  852668 sec) AirSystem()          Air-bladder inflation by-passed. Barometer: [127cnt, 6.8"Hg].
(Jun 08 2017 12:08:11,  852697 sec) GpsServices()        GPS almanac is current.
(Jun 08 2017 12:08:11,  852697 sec) GpsServices()        Initiating GPS fix acquisition.
(Jun 08 2017 12:08:45,  852731 sec) gga()                $GPGGA,120820,1321.4946,N,08610.5150,E,1,10,0.8,124.0,M,-77.1,M,,*69
(Jun 08 2017 12:08:45,  852732 sec) GpsServices()        Profile 95 GPS fix obtained in 34 seconds.
(Jun 08 2017 12:08:45,  852732 sec) GpsServices()                  lon     lat mm/dd/yyyy hhmmss nsat
(Jun 08 2017 12:08:45,  852732 sec) GpsServices()        Fix:   86.175  13.358 06/08/2017 120820   10
(Jun 08 2017 12:09:15,  852761 sec) gga()                $GPGGA,120850,1321.5093,N,08610.5089,E,1,08,0.9,50.2,M,-77.1,M,,*53
(Jun 08 2017 12:09:20,  852767 sec) gga()                $GPGGA,120920,1321.5011,N,08610.5009,E,1,10,0.8,49.3,M,-77.1,M,,*56
(Jun 08 2017 12:09:20,  852767 sec) GpsServices()        APF9 RTC skew (0s) OK.
(Jun 08 2017 12:09:21,  852767 sec) LogNmeaSentences()   ,168,35,15,03,202,31,17,16,100,47,19,28,083,45*79
(Jun 08 2017 12:09:21,  852768 sec) LogNmeaSentences()   $GPGSV,3,3,11,20,31,218,44,24,17,235,41,25,20,320,44*47
(Jun 08 2017 12:09:30,  852777 sec) LogNmeaSentences()   $GPRMC,120930,A,1321.5003,N,08610.4997,E,001.6,205.6,080617,001.4,W*6D
(Jun 08 2017 12:09:31,  852777 sec) LogNmeaSentences()   $GPGGA,120930,1321.5003,N,08610.4997,E,1,10,0.8,33.9,M,-77.1,M,,*5C
(Jun 08 2017 12:09:31,  852778 sec) LogNmeaSentences()   $GPGSA,A,3,02,05,06,12,13,,17,19,20,24,25,,1.1,0.8,0.8*3F
(Jun 08 2017 12:09:31,  852778 sec) LogNmeaSentences()   $GPGSV,3,1,11,02,42,354,46,05,80,190,50,06,17,039,42,12,62,306,50*74
(Jun 08 2017 12:09:32,  852778 sec) LogNmeaSentences()   $GPGSV,3,2,11,13,15,168,37,15,03,202,38,17,16,100,43,19,28,083,45*76
(Jun 08 2017 12:09:32,  852779 sec) LogNmeaSentences()   $GPGSV,3,3,11,20,31,218,45,24,17,235,42,25,20,320,45*44
(Jun 08 2017 12:09:40,  852787 sec) LogNmeaSentences()   $GPRMC,120940,A,1321.4988,N,08610.4969,E,001.2,234.7,080617,001.4,W*67
(Jun 08 2017 12:09:41,  852787 sec) LogNmeaSentences()   $GPGGA,120940,1321.4988,N,08610.4969,E,1,10,0.8,23.7,M,-77.1,M,,*5E
(Jun 08 2017 12:09:41,  852788 sec) LogNmeaSentences()   $GPGSA,A,3,02,05,06,12,13,,17,19,20,24,25,,1.1,0.8,0.8*3F
(Jun 08 2017 12:09:41,  852788 sec) LogNmeaSentences()   $GPGSV,3,1,11,02,42,354,46,05,80,190,49,06,17,039,44,12,62,306,49*72
(Jun 08 2017 12:09:42,  852788 sec) LogNmeaSentences()   $GPGSV,3,2,11,13,15,168,41,15,03,202,26,17,16,100,46,19,28,083,44*7C
(Jun 08 2017 12:09:42,  852789 sec) LogNmeaSentences()   $GPGSV,3,3,11,20,31,218,42,24,17,235,42,25,20,320,44*42
(Jun 08 2017 12:09:50,  852797 sec) LogNmeaSentences()   $GPRMC,120950,A,1321.4949,N,08610.4924,E,000.0,226.7,080617,001.4,W*62
(Jun 08 2017 12:09:51,  852797 sec) LogNmeaSentences()   $GPGGA,120950,1321.4949,N,08610.4924,E,1,09,0.8,22.4,M,-77.1,M,,*51
(Jun 08 2017 12:09:51,  852798 sec) LogNmeaSentences()   $GPGSA,A,3,02,05,06,13,,17,19,20,24,25,,,1.1,0.8,0.8*3C
(Jun 08 2017 12:09:51,  852798 sec) LogNmeaSentences()   $GPGSV,3,1,11,02,42,354,41,05,80,190,51,06,17,039,40,13,15,168,44*7E
(Jun 08 2017 12:09:52,  852798 sec) LogNmeaSentences()   $GPGSV,3,2,11,15,03,202,45,17,16,100,46,19,28,083,43,20,31,218,44*79
(Jun 08 2017 12:09:52,  852799 sec) LogNmeaSentences()   $GPGSV,3,3,11,24,17,234,44,25,20,320,42,12,62,306,00*4C
(Jun 08 2017 12:10:00,  852807 sec) LogNmeaSentences()   $GPRMC,121000,A,1321.4936,N,08610.4924,E,002.3,219.5,080617,001.4,W*68
(Jun 08 2017 12:10:01,  852807 sec) LogNmeaSentences()   $GPGGA,121000,1321.4936,N,08610.4924,E,1,10,0.8,19.3,M,-77.1,M,,*53
(Jun 08 2017 12:10:01,  852808 sec) LogNmeaSentences()   $GPGSA,A,3,02,05,06,12,13,,17,19,20,24,25,,1.1,0.8,0.8*3F
(Jun 08 2017 12:10:01,  852808 sec) LogNmeaSentences()   $GPGSV,3,1,11,02,42,354,43,05,81,190,50,06,17,039,42,12,62,306,47*76
(Jun 08 2017 12:10:02,  852808 sec) LogNmeaSentences()   $GPGSV,3,2,11,13,15,168,43,15,03,202,37,17,16,100,46,19,28,083,44*7E
(Jun 08 2017 12:10:02,  852809 sec) LogNmeaSentences()   $GPGSV,3,3,11,20,31,218,44,24,17,234,42,25,20,320,42*43
(Jun 08 2017 12:10:02,  852809 sec) LogNmeaSentences()   $PGRMT,GPS 15x-L software ver. 3.80,,,,,,,,*7C
(Jun 08 2017 12:10:03,  852809 sec) GpsServices()        GPS services complete.
(Jun 08 2017 12:10:27,  852834 sec) CLogin()             Connecting to primary host.
(Jun 08 2017 12:10:40,  852846 sec) CLogin()             Connection 17 established in 13 seconds.
(Jun 08 2017 12:11:10,  852876 sec) expect()             Attempt to read prompt string [login:] failed.
(Jun 08 2017 12:11:10,  852876 sec) login()              Login prompt not received.
(Jun 08 2017 12:11:10,  852876 sec) login()              No carrier detected.
(Jun 08 2017 12:11:10,  852876 sec) CLogin()             Attempt to login to host failed.
(Jun 08 2017 12:11:10,  852877 sec) DownLoadMissionCfg() Connect/login failed.  Mission configuration not downloaded from remote host.
(Jun 08 2017 12:11:15,  852882 sec) CLogin()             Connecting to primary host.
(Jun 08 2017 12:11:26,  852893 sec) CLogin()             Connection 18 established in 11 seconds.
(Jun 08 2017 12:11:56,  852922 sec) expect()             Attempt to read prompt string [login:] failed.
(Jun 08 2017 12:11:56,  852922 sec) login()              Login prompt not received.
(Jun 08 2017 12:12:26,  852952 sec) expect()             Attempt to read prompt string [login:] failed.
(Jun 08 2017 12:12:26,  852952 sec) login()              Login prompt not received.
(Jun 08 2017 12:12:26,  852952 sec) login()              No carrier detected.
(Jun 08 2017 12:12:26,  852952 sec) CLogin()             Attempt to login to host failed.
(Jun 08 2017 12:12:26,  852953 sec) DownLoadMissionCfg() Connect/login failed.  Mission configuration not downloaded from remote host.
(Jun 08 2017 12:12:26,  852953 sec) DownLoadMissionCfg() Aborting download: Retry limit [2] exceeded.
(Jun 08 2017 12:12:26,  852953 sec) WriteVitals()        Writing vitals to "9567.095.msg".
(Jun 08 2017 12:12:29,  852956 sec) CLogin()             Connecting to primary host.
(Jun 08 2017 12:12:42,  852969 sec) CLogin()             Connection 19 established in 13 seconds.
(Jun 08 2017 12:13:12,  852998 sec) expect()             Attempt to read prompt string [login:] failed.
(Jun 08 2017 12:13:12,  852998 sec) login()              Login prompt not received.
(Jun 08 2017 12:13:42,  853028 sec) expect()             Attempt to read prompt string [login:] failed.
(Jun 08 2017 12:13:42,  853028 sec) login()              Login prompt not received.
(Jun 08 2017 12:13:42,  853028 sec) login()              No carrier detected.
(Jun 08 2017 12:13:42,  853028 sec) CLogin()             Attempt to login to host failed.
(Jun 08 2017 12:13:42,  853029 sec) CLogin()             Connecting to primary host.
(Jun 08 2017 12:14:02,  853049 sec) CLogin()             Connection 20 established in 20 seconds.
(Jun 08 2017 12:14:33,  853079 sec) expect()             Attempt to read prompt string [login:] failed.
(Jun 08 2017 12:14:33,  853079 sec) login()              Login prompt not received.
(Jun 08 2017 12:15:03,  853109 sec) expect()             Attempt to read prompt string [login:] failed.
(Jun 08 2017 12:15:03,  853109 sec) login()              Login prompt not received.
(Jun 08 2017 12:15:03,  853109 sec) login()              No carrier detected.
(Jun 08 2017 12:15:03,  853109 sec) CLogin()             Attempt to login to host failed.
(Jun 08 2017 12:15:03,  853110 sec) UpLoad()             Files successfully uploaded: 0
(Jun 08 2017 12:15:03,  853110 sec) UpLoad()             Aborting upload: Retry limit [2] exceeded. Upload incomplete.
(Jun 08 2017 12:15:03,  853110 sec) logout()             No carrier detected.
(Jun 08 2017 12:15:03,  853110 sec) Telemetry()          Telemetry cycle complete: PrfId=95 ConnectionAttempts=21  Connections=20


(Jun 08 2017 12:30:18) LogSize()            Log file is 38970 bytes.  Limit is 40960 bytes.

(Jun 08 2017 12:30:18,  854024 sec) AirSystem()          Air-bladder inflation by-passed. Barometer: [127cnt, 6.8"Hg].
(Jun 08 2017 12:30:47,  854053 sec) GpsServices()        GPS almanac is current.
(Jun 08 2017 12:30:47,  854053 sec) GpsServices()        Initiating GPS fix acquisition.
(Jun 08 2017 12:31:15,  854081 sec) gga()                $GPGGA,123050,1321.1959,N,08610.2534,E,1,10,0.9,11.0,M,-77.1,M,,*59
(Jun 08 2017 12:31:15,  854082 sec) GpsServices()        Profile 95 GPS fix obtained in 28 seconds.
(Jun 08 2017 12:31:15,  854082 sec) GpsServices()                  lon     lat mm/dd/yyyy hhmmss nsat
(Jun 08 2017 12:31:15,  854082 sec) GpsServices()        Fix:   86.171  13.353 06/08/2017 123050   10
(Jun 08 2017 12:31:45,  854111 sec) gga()                $GPGGA,123120,1321.1884,N,08610.2446,E,1,11,0.8,1.1,M,-77.1,M,,*6A
(Jun 08 2017 12:31:50,  854117 sec) gga()                $GPGGA,123150,1321.1819,N,08610.2396,E,1,01,0.8,0.4,M,-77.1,M,,*66
(Jun 08 2017 12:31:50,  854117 sec) GpsServices()        APF9 RTC skew (0s) OK.
(Jun 08 2017 12:31:51,  854117 sec) LogNmeaSentences()   0,00,15,08,197,00,17,11,109,00*7A
(Jun 08 2017 12:31:51,  854117 sec) LogNmeaSentences()   $GPGSV,3,3,12,19,26,094,00,20,40,225,00,24,14,226,00,25,28,315,00*77
(Jun 08 2017 12:32:00,  854127 sec) LogNmeaSentences()   $GPRMC,123200,A,1321.1799,N,08610.2378,E,002.7,183.5,080617,001.4,W*67
(Jun 08 2017 12:32:01,  854127 sec) LogNmeaSentences()   $GPGGA,123200,1321.1799,N,08610.2378,E,1,11,0.8,-4.2,M,-77.1,M,,*49
(Jun 08 2017 12:32:01,  854128 sec) LogNmeaSentences()   $GPGSA,A,3,02,05,06,12,13,15,17,19,20,24,25,,1.1,0.8,0.8*3B
(Jun 08 2017 12:32:01,  854128 sec) LogNmeaSentences()   
<EOT>
