(May 14 2015 19:04:14,  846921 sec) TelemetryInit()      Profile 18. (Apf9i FwRev: 012811)
(May 14 2015 19:11:10,  847336 sec) AirSystem()          Battery [188cnt, 14.6V]  Current [77cnt, 31.0mA]  Barometer [127cnt, 6.8"Hg]  Run-Time [48s]
(May 14 2015 19:11:38,  847365 sec) GpsServices()        GPS almanac is current.
(May 14 2015 19:11:38,  847365 sec) GpsServices()        Initiating GPS fix acquisition.
(May 14 2015 19:11:52,  847379 sec) gga()                $GPGGA,191200,1046.4030,N,08332.9578,E,0,00,,,M,,M,,*5B
(May 14 2015 19:12:07,  847394 sec) gga()                $GPGGA,191200,1046.4030,N,08332.9578,E,0,00,,,M,,M,,*5B
(May 14 2015 19:12:35,  847422 sec) gga()                $GPGGA,191210,1121.6758,N,08409.5118,E,1,12,0.7,2.9,M,-85.5,M,,*65
(May 14 2015 19:12:36,  847422 sec) GpsServices()        Profile 18 GPS fix obtained in 57 seconds.
(May 14 2015 19:12:36,  847423 sec) GpsServices()                  lon     lat mm/dd/yyyy hhmmss nsat
(May 14 2015 19:12:36,  847423 sec) GpsServices()        Fix:   84.159  11.361 05/14/2015 191210   12
(May 14 2015 19:13:05,  847452 sec) gga()                $GPGGA,191240,1121.6840,N,08409.5181,E,1,12,0.7,4.4,M,-85.5,M,,*6D
(May 14 2015 19:13:11,  847458 sec) gga()                $GPGGA,191310,1121.6918,N,08409.5234,E,1,12,0.7,3.4,M,-85.5,M,,*6F
(May 14 2015 19:13:11,  847458 sec) GpsServices()        APF9 RTC skew (1s) OK.
(May 14 2015 19:13:11,  847458 sec) LogNmeaSentences()   ,15,70,074,48,18,32,273,45,20,16,038,41,21,23,327,39*7D
(May 14 2015 19:13:12,  847459 sec) LogNmeaSentences()   $GPGSV,3,3,12,22,06,250,39,24,19,155,42,25,27,220,43,29,76,331,49*7B
(May 14 2015 19:13:21,  847468 sec) LogNmeaSentences()   $GPRMC,191320,A,1121.6950,N,08409.5260,E,001.2,037.8,140515,001.6,W*6D
(May 14 2015 19:13:21,  847468 sec) LogNmeaSentences()   $GPGGA,191320,1121.6950,N,08409.5260,E,1,12,0.7,3.2,M,-85.5,M,,*67
(May 14 2015 19:13:22,  847469 sec) LogNmeaSentences()   $GPGSA,A,3,02,05,12,13,15,18,20,21,22,24,25,29,1.0,0.7,0.7*33
(May 14 2015 19:13:22,  847469 sec) LogNmeaSentences()   $GPGSV,3,1,12,02,18,089,44,05,12,039,42,12,17,182,44,13,35,051,45*77
(May 14 2015 19:13:22,  847469 sec) LogNmeaSentences()   $GPGSV,3,2,12,15,70,074,48,18,32,273,44,20,16,038,42,21,23,327,39*7F
(May 14 2015 19:13:23,  847470 sec) LogNmeaSentences()   $GPGSV,3,3,12,22,06,250,41,24,19,155,42,25,27,220,43,29,76,331,48*75
(May 14 2015 19:13:31,  847478 sec) LogNmeaSentences()   $GPRMC,191330,A,1121.6975,N,08409.5285,E,001.5,028.4,140515,001.6,W*65
(May 14 2015 19:13:31,  847478 sec) LogNmeaSentences()   $GPGGA,191330,1121.6975,N,08409.5285,E,1,12,0.7,4.2,M,-85.5,M,,*6D
(May 14 2015 19:13:32,  847479 sec) LogNmeaSentences()   $GPGSA,A,3,02,05,12,13,15,18,20,21,22,24,25,29,1.0,0.7,0.7*33
(May 14 2015 19:13:32,  847479 sec) LogNmeaSentences()   $GPGSV,3,1,12,02,18,089,43,05,12,039,44,12,17,182,41,13,35,051,47*71
(May 14 2015 19:13:32,  847479 sec) LogNmeaSentences()   $GPGSV,3,2,12,15,70,074,49,18,32,273,45,20,16,038,41,21,23,327,42*70
(May 14 2015 19:13:33,  847480 sec) LogNmeaSentences()   $GPGSV,3,3,12,22,06,250,40,24,19,155,41,25,27,220,44,29,76,331,48*70
(May 14 2015 19:13:41,  847488 sec) LogNmeaSentences()   $GPRMC,191340,A,1121.7003,N,08409.5307,E,001.7,022.6,140515,001.6,W*6A
(May 14 2015 19:13:41,  847488 sec) LogNmeaSentences()   $GPGGA,191340,1121.7003,N,08409.5307,E,1,12,0.7,4.2,M,-85.5,M,,*68
(May 14 2015 19:13:42,  847489 sec) LogNmeaSentences()   $GPGSA,A,3,02,05,12,13,15,18,20,21,22,24,25,29,1.3,0.7,1.1*37
(May 14 2015 19:13:42,  847489 sec) LogNmeaSentences()   $GPGSV,3,1,12,02,18,089,41,05,12,039,42,12,17,182,41,13,35,051,46*74
(May 14 2015 19:13:42,  847489 sec) LogNmeaSentences()   $GPGSV,3,2,12,15,70,074,48,18,32,273,46,20,16,038,40,21,23,327,41*70
(May 14 2015 19:13:43,  847490 sec) LogNmeaSentences()   $GPGSV,3,3,12,22,06,250,41,24,19,155,34,25,27,220,44,29,76,331,50*7A
(May 14 2015 19:13:51,  847498 sec) LogNmeaSentences()   $GPRMC,191350,A,1121.7031,N,08409.5332,E,000.9,054.1,140515,001.6,W*65
(May 14 2015 19:13:51,  847498 sec) LogNmeaSentences()   $GPGGA,191350,1121.7031,N,08409.5332,E,1,12,0.7,4.0,M,-85.5,M,,*6C
(May 14 2015 19:13:52,  847499 sec) LogNmeaSentences()   $GPGSA,A,3,02,05,12,13,15,18,20,21,22,24,25,29,1.0,0.7,0.7*33
(May 14 2015 19:13:52,  847499 sec) LogNmeaSentences()   $GPGSV,3,1,12,02,18,089,42,05,12,039,43,12,16,182,41,13,35,051,48*79
(May 14 2015 19:13:52,  847499 sec) LogNmeaSentences()   $GPGSV,3,2,12,15,70,073,49,18,32,273,46,20,16,038,43,21,23,327,42*76
(May 14 2015 19:13:53,  847500 sec) LogNmeaSentences()   $GPGSV,3,3,12,22,06,250,39,24,19,155,40,25,27,220,43,29,76,331,49*79
(May 14 2015 19:14:01,  847508 sec) LogNmeaSentences()   $GPRMC,191400,A,1121.7055,N,08409.5352,E,001.2,029.7,140515,001.6,W*65
(May 14 2015 19:14:01,  847508 sec) LogNmeaSentences()   $GPGGA,191400,1121.7055,N,08409.5352,E,1,12,0.7,4.3,M,-85.5,M,,*69
(May 14 2015 19:14:02,  847509 sec) LogNmeaSentences()   $GPGSA,A,3,02,05,12,13,15,18,20,21,22,24,25,29,1.0,0.7,0.7*33
(May 14 2015 19:14:02,  847509 sec) LogNmeaSentences()   $GPGSV,3,1,12,02,18,089,43,05,12,039,42,12,16,182,44,13,35,051,45*71
(May 14 2015 19:14:02,  847509 sec) LogNmeaSentences()   $GPGSV,3,2,12,15,70,073,48,18,32,273,45,20,16,038,41,21,23,327,41*75
(May 14 2015 19:14:03,  847510 sec) LogNmeaSentences()   $GPGSV,3,3,12,22,06,250,41,24,19,155,42,25,27,219,43,29,76,330,49*7F
(May 14 2015 19:14:03,  847510 sec) LogNmeaSentences()   $PGRMT,GPS 15x-L software ver. 3.80,,,,,,,,*7C
(May 14 2015 19:14:03,  847510 sec) GpsServices()        GPS services complete.
(May 14 2015 19:14:28,  847535 sec) CLogin()             Connecting to primary host.
(May 14 2015 19:14:39,  847546 sec) CLogin()             Connection 1 established in 11 seconds.
(May 14 2015 19:14:47,  847554 sec) login()              Login successful.
(May 14 2015 19:14:50,  847557 sec) CLogin()             Logged in to host.  [Login required 11 seconds]
(May 14 2015 19:14:58,  847565 sec) RxConfig()           Downloading "mission.cfg" from host.
(May 14 2015 19:15:00,  847567 sec) Rx()                 Initiating transfer. [0x43]
(May 14 2015 19:15:06,  847573 sec) Rx()                 Pad character [0x1a] found in ascii mode - truncating packet.
(May 14 2015 19:15:11,  847577 sec) Rx()                 Received EOT - transfer complete. [1 packets, 1024 bytes, 11 sec, 93.1 bps]
(May 14 2015 19:15:11,  847578 sec) RxConfig()           Download successful.
(May 14 2015 19:15:25,  847591 sec) WriteVitals()        Writing vitals to "9567.018.msg".
(May 14 2015 19:15:32,  847598 sec) UpLoadFile()         Uploading "9567.018.msg" to host as "9567.018.msg".
(May 14 2015 19:15:34,  847601 sec) Tx()                 CRC negotiation successful. [16-bit CRC]
(May 14 2015 19:17:39,  847726 sec) TxPacket()           NAK received - resending packet. [PktNum=0x17]
(May 14 2015 19:17:39,  847726 sec) TxPacket()           Packet xmit history: [00000001] (0:ok, 1:fail).
(May 14 2015 19:17:48,  847735 sec) Tx()                 Transmission completed successfully [23 packets, 23168 bytes, 133 sec, 177.1 bps]
(May 14 2015 19:17:48,  847735 sec) UpLoadFile()         Upload successful.
(May 14 2015 19:17:53,  847740 sec) UpLoadFile()         Uploading "9567.018.log" to host as "9567.018.log".
(May 14 2015 19:17:55,  847742 sec) Tx()                 CRC negotiation successful. [16-bit CRC]
(May 14 2015 19:18:03,  847750 sec) TxPacket()           NAK received - resending packet. [PktNum=0x01]
(May 14 2015 19:18:03,  847750 sec) TxPacket()           Packet xmit history: [00000101] (0:ok, 1:fail).
(May 14 2015 19:18:16,  847763 sec) TxPacket()           NAK received - resending packet. [PktNum=0x02]
(May 14 2015 19:18:16,  847763 sec) TxPacket()           Packet xmit history: [00010101] (0:ok, 1:fail).
(May 14 2015 19:18:21,  847768 sec) TxPacket()           NAK received - resending packet. [PktNum=0x02]
(May 14 2015 19:18:21,  847768 sec) TxPacket()           Packet xmit history: [00101011] (0:ok, 1:fail).
(May 14 2015 19:20:20,  847887 sec) Tx()                 Transmission completed successfully [24 packets, 22121 bytes, 144 sec, 158.2 bps]
(May 14 2015 19:20:20,  847887 sec) UpLoadFile()         Upload successful.
(May 14 2015 19:20:26,  847893 sec) UpLoad()             Files successfully uploaded: 2
(May 14 2015 19:20:26,  847893 sec) UpLoad()             Upload complete.
(May 14 2015 19:20:30,  847897 sec) logout()             Log-out successful.
(May 14 2015 19:20:31,  847898 sec) Telemetry()          Telemetry cycle complete: PrfId=18 ConnectionAttempts=1  Connections=1
(May 14 2015 19:20:32,  847899 sec) TelemetryTerminate() Parsing new mission configuration.
(May 14 2015 19:20:33,  847900 sec) configure()          Parsing configurators in "mission.cfg".
(May 14 2015 19:20:37,  847904 sec) configure()             TelemetryRetry(15)      [0x7BBC] [TelemetryRetry(15)].
(May 14 2015 19:20:37,  847904 sec) configure()          Configuration CRCs and syntax OK.
(May 14 2015 19:20:37,  847904 sec) ConfigSupervisor()   Sanity check violated: cfg->PressureCP >= 750
(May 14 2015 19:20:38,  847904 sec) ConfigSupervisor()   Configuration accepted.
(May 14 2015 19:20:38,  847905 sec) TelemetryTerminate() Reconditioning the file system.
(May 14 2015 19:20:47,       7 sec) DescentInit()        Deep profile 19 initiated at mission-time 847907sec.
(May 14 2015 19:20:50,      10 sec) DescentInit()        Surface pressure: -0.1dbars.
(May 14 2015 19:20:55,      15 sec) PistonMoveAbsWTO()    199->052 198 197 196 195 194 193 192 191 190 189 188 187 186 185 184 183 182 181 180 179 178 177 176 175 174 173 172 171 170 169 168 167 166 165 164 163 162 161 160 159 158 157 156 155 154 153 152 151 150 149 148 147 146 145 144 143 142 141 140 139 138 137 136 135 134 133 132 131 130 129 128 127 126 125 124 123 122 121 120 119 118 117 116 115 114 113 112 111 110 109 108 107 106 105 104 103 102 101 100 099 098 097 096 095 094 093 092 091 090 089 088 087 086 085 084 083 082 081 080 079 078 077 076 075 074 073 072 071 070 069 068 067 066 065 064 063 062 061 060 059 058 057 056 055 054 053 052 [736sec, 14.4Volts, 0.157Amps, CPT:736sec]
(May 14 2015 19:33:11,     751 sec) PistonMoveAbsWTO()    052->000 051 050 049 048 047 046 045 044 043 042 041 040 039 038 037 036 035 034 033 032 031 030 029 028 027 026 025 024 023 022 021 020 019 018 017 016 015 014 013 012 011 010 009 [214sec, 14.4Volts, 0.149Amps, CPT:950sec]
(May 14 2015 19:36:55,     975 sec) Descent()            Pressure: 101.3
(May 14 2015 20:20:44,    3604 sec) Descent()            Pressure: 410.6
(May 14 2015 21:20:44,    7204 sec) Descent()            Pressure: 903.5
(May 14 2015 21:20:44,    7204 sec) PistonMoveAbsWTO()    009->052 010 011 012 013 014 015 016 017 018 019 020 021 022 023 024 025 026 027 028 029 030 031 032 033 034 035 036 037 038 039 040 041 042 043 044 045 046 047 048 049 050 051 052 [237sec, 14.0Volts, 0.435Amps, CPT:1187sec]
(May 14 2015 22:20:44,   10804 sec) Descent()            Pressure: 904.7
(May 14 2015 23:20:44,   14404 sec) Descent()            Pressure: 920.8
(May 15 2015 00:20:44,   18004 sec) Descent()            Pressure: 942.6
(May 15 2015 00:20:44,   18004 sec) ParkInit()           
(May 15 2015 02:21:13,   25233 sec) Park()               ParkPOutOfBand[-3, 953.6 dbars]: retract piston.
(May 15 2015 02:21:14,   25234 sec) PistonMoveAbsWTO()    052->051 051 [2sec, 14.7Volts, 0.089Amps, CPT:1189sec]
(May 15 2015 05:21:13,   36033 sec) Park()               ParkPOutOfBand[-3, 982.0 dbars]: retract piston.
(May 15 2015 05:21:14,   36034 sec) PistonMoveAbsWTO()    051->050 050 [3sec, 14.8Volts, 0.093Amps, CPT:1192sec]
(May 15 2015 10:21:13,   54033 sec) Park()               ParkPOutOfBand[3, 1014.4 dbars]: extend piston.
(May 15 2015 10:21:14,   54034 sec) PistonMoveAbsWTO()    050->051 051 [2sec, 14.3Volts, 0.484Amps, CPT:1194sec]
(May 15 2015 22:21:13,   97233 sec) Park()               ParkPOutOfBand[3, 1015.1 dbars]: extend piston.
(May 15 2015 22:21:14,   97234 sec) PistonMoveAbsWTO()    051->052 052 [4sec, 14.3Volts, 0.463Amps, CPT:1198sec]
(May 18 2015 06:21:14,  298834 sec) Park()               ParkPOutOfBand[3, 1011.6 dbars]: extend piston.
(May 18 2015 06:21:14,  298834 sec) PistonMoveAbsWTO()    052->053 053 [5sec, 14.3Volts, 0.467Amps, CPT:1203sec]
(May 18 2015 09:21:14,  309634 sec) Park()               ParkPOutOfBand[-3, 986.1 dbars]: retract piston.
(May 18 2015 09:21:15,  309634 sec) PistonMoveAbsWTO()    053->052 052 [2sec, 14.7Volts, 0.097Amps, CPT:1205sec]
(May 24 2015 03:21:05,  806425 sec) CtdPower()           [ 1008.51,  6.7451, 34.9378]
(May 24 2015 03:21:05,  806425 sec) CtdPower()           CTD Power consumption [190VCnt 11ACnt]: 14.728Volts * 0.044Amps = 0.65Watts.
(May 24 2015 03:21:06,  806426 sec) ParkTerminate()      Piston Position:52 Vacuum:79 Vq:197 Aq:6 Vsbe:190 Asbe:11
(May 24 2015 03:21:33,  806453 sec) ParkTerminate()      PTS: 1008.3dbars 6.7459C 34.9381PSU
(May 24 2015 03:21:34,  806454 sec) GoDeepInit()         Moving piston.
(May 24 2015 03:21:34,  806454 sec) PistonMoveAbsWTO()    052->014 051 050 049 048 047 046 045 044 043 042 041 040 039 038 037 036 035 034 033 032 031 030 029 028 027 026 025 024 023 022 021 020 019 018 017 016 015 014 [184sec, 14.6Volts, 0.077Amps, CPT:1389sec]
(May 24 2015 07:50:44,  822604 sec) GoDeep()             Sequence point detected at 2000.9dbar.
(May 24 2015 07:50:47,  822606 sec) ProfileInit()        PrfId:019  Pressure:2000.9dbar  pTable[0]:2000dbar
(May 24 2015 07:51:24,  822644 sec) Profile()            Sample 0 initiated at 2000.9dbars for bin 0 [2000dbars].  PTS: 2001.0dbars 2.8582C 34.7822PSU
(May 24 2015 07:51:25,  822645 sec) PistonMoveAbsWTO()    014->036 015 016 017 018 019 [30sec, 13.7Volts, 0.770Amps, CPT:1419sec]
(May 24 2015 07:52:05,  822685 sec) PistonMoveAbsWTO()    019->036 020 021 022 023 024 [30sec, 13.6Volts, 0.790Amps, CPT:1449sec]
(May 24 2015 07:52:45,  822725 sec) PistonMoveAbsWTO()    024->036 025 026 027 028 029 [30sec, 13.5Volts, 0.762Amps, CPT:1479sec]
(May 24 2015 07:53:25,  822765 sec) PistonMoveAbsWTO()    029->036 030 031 032 033 [30sec, 13.4Volts, 0.762Amps, CPT:1509sec]
(May 24 2015 07:54:05,  822805 sec) PistonMoveAbsWTO()    033->036 034 035 036 [16sec, 13.4Volts, 0.778Amps, CPT:1525sec]
(May 24 2015 08:08:30,  823670 sec) Profile()            Sample 1 initiated at 1900.3dbars for bin 1 [1900dbars].  PTS: 1897.7dbars 3.1084C 34.7939PSU
(May 24 2015 08:25:14,  824674 sec) Profile()            Sample 2 initiated at 1800.3dbars for bin 2 [1800dbars].  PTS: 1797.9dbars 3.4247C 34.8074PSU
(May 24 2015 08:41:03,  825623 sec) AscentControlAgent() Bouyancy nudge to 46 (v=0.076dbar/sec).
(May 24 2015 08:41:04,  825624 sec) PistonMoveAbsWTO()    036->046 037 038 039 040 041 [30sec, 13.8Volts, 0.701Amps, CPT:1555sec]
(May 24 2015 08:41:44,  825664 sec) PistonMoveAbsWTO()    041->046 042 043 044 045 [30sec, 13.6Volts, 0.673Amps, CPT:1585sec]
(May 24 2015 08:42:24,  825704 sec) PistonMoveAbsWTO()    045->046 046 [3sec, 13.6Volts, 0.685Amps, CPT:1588sec]
(May 24 2015 08:44:34,  825834 sec) Profile()            Sample 3 initiated at 1700.3dbars for bin 3 [1700dbars].  PTS: 1697.6dbars 3.7753C 34.8221PSU
(May 24 2015 09:01:50,  826870 sec) Profile()            Sample 4 initiated at 1600.5dbars for bin 4 [1600dbars].  PTS: 1598.1dbars 4.1718C 34.8379PSU
(May 24 2015 09:21:24,  828044 sec) Profile()            Sample 5 initiated at 1500.4dbars for bin 5 [1500dbars].  PTS: 1498.4dbars 4.5852C 34.8538PSU
(May 24 2015 09:21:27,  828047 sec) AscentControlAgent() Bouyancy nudge to 56 (v=0.079dbar/sec).
(May 24 2015 09:21:27,  828047 sec) PistonMoveAbsWTO()    046->056 047 048 049 050 [30sec, 13.9Volts, 0.633Amps, CPT:1618sec]
(May 24 2015 09:22:07,  828087 sec) PistonMoveAbsWTO()    051->056 052 053 054 055 056 [29sec, 13.7Volts, 0.608Amps, CPT:1647sec]
(May 24 2015 09:37:39,  829019 sec) Profile()            Sample 6 initiated at 1400.9dbars for bin 6 [1400dbars].  PTS: 1398.4dbars 4.9915C 34.8693PSU
(May 24 2015 09:46:29,  829549 sec) Profile()            Sample 7 initiated at 1350.7dbars for bin 7 [1350dbars].  PTS: 1348.4dbars 5.1816C 34.8773PSU
(May 24 2015 09:56:01,  830121 sec) Profile()            Sample 8 initiated at 1301.0dbars for bin 8 [1300dbars].  PTS: 1298.8dbars 5.4057C 34.8855PSU
(May 24 2015 10:06:23,  830743 sec) Profile()            Sample 9 initiated at 1250.7dbars for bin 9 [1250dbars].  PTS: 1248.7dbars 5.6210C 34.8937PSU
(May 24 2015 10:06:36,  830756 sec) AscentControlAgent() Bouyancy nudge to 66 (v=0.079dbar/sec).
(May 24 2015 10:06:37,  830757 sec) PistonMoveAbsWTO()    056->066 057 058 059 060 061 [30sec, 14.0Volts, 0.524Amps, CPT:1677sec]
(May 24 2015 10:07:17,  830797 sec) PistonMoveAbsWTO()    061->066 062 063 064 065 066 [29sec, 13.8Volts, 0.536Amps, CPT:1706sec]
(May 24 2015 10:14:35,  831235 sec) Profile()            Sample 10 initiated at 1200.3dbars for bin 10 [1200dbars].  PTS: 1197.7dbars 5.8299C 34.9018PSU
(May 24 2015 10:22:47,  831727 sec) Profile()            Sample 11 initiated at 1150.6dbars for bin 11 [1150dbars].  PTS: 1148.1dbars 6.1247C 34.9138PSU
(May 24 2015 10:31:27,  832247 sec) Profile()            Sample 12 initiated at 1100.8dbars for bin 12 [1100dbars].  PTS: 1098.4dbars 6.3267C 34.9214PSU
(May 24 2015 10:40:19,  832779 sec) Profile()            Sample 13 initiated at 1050.2dbars for bin 13 [1050dbars].  PTS: 1047.7dbars 6.5646C 34.9301PSU
(May 24 2015 10:48:31,  833271 sec) Profile()            Sample 14 initiated at 1000.3dbars for bin 14 [1000dbars].  PTS: 997.8dbars 6.7835C 34.9392PSU
(May 24 2015 10:56:51,  833771 sec) Profile()            Sample 15 initiated at 950.6dbars for bin 15 [950dbars].  PTS: 948.2dbars 6.9742C 34.9439PSU
(May 24 2015 11:06:13,  834333 sec) Profile()            Sample 16 initiated at 900.9dbars for bin 16 [900dbars].  PTS: 898.8dbars 7.2671C 34.9551PSU
(May 24 2015 11:11:58,  834678 sec) AscentControlAgent() Bouyancy nudge to 76 (v=0.078dbar/sec).
(May 24 2015 11:11:59,  834679 sec) PistonMoveAbsWTO()    066->076 067 068 069 070 071 [30sec, 14.1Volts, 0.415Amps, CPT:1736sec]
(May 24 2015 11:12:39,  834719 sec) PistonMoveAbsWTO()    071->076 072 073 074 075 076 [26sec, 14.0Volts, 0.411Amps, CPT:1762sec]
(May 24 2015 11:15:53,  834913 sec) Profile()            Sample 17 initiated at 850.6dbars for bin 17 [850dbars].  PTS: 848.0dbars 7.6021C 34.9667PSU
(May 24 2015 11:24:05,  835405 sec) Profile()            Sample 18 initiated at 800.0dbars for bin 18 [800dbars].  PTS: 797.4dbars 7.9550C 34.9769PSU
(May 24 2015 11:31:35,  835855 sec) Profile()            Sample 19 initiated at 750.0dbars for bin 19 [750dbars].  PTS: 747.2dbars 8.2994C 34.9869PSU
(May 24 2015 11:39:07,  836307 sec) Profile()            Sample 20 initiated at 700.4dbars for bin 20 [700dbars].  PTS: 697.9dbars 8.6132C 34.9936PSU
(May 24 2015 11:47:59,  836839 sec) Profile()            Sample 21 initiated at 650.3dbars for bin 21 [650dbars].  PTS: 648.1dbars 9.0111C 35.0152PSU
(May 24 2015 11:56:59,  837379 sec) Profile()            Sample 22 initiated at 600.5dbars for bin 22 [600dbars].  PTS: 598.1dbars 9.4059C 35.0196PSU
(May 24 2015 12:05:21,  837881 sec) Profile()            Sample 23 initiated at 550.4dbars for bin 23 [550dbars].  PTS: 547.8dbars 9.8374C 35.0324PSU
(May 24 2015 12:12:53,  838333 sec) Profile()            Sample 24 initiated at 500.5dbars for bin 24 [500dbars].  PTS: 497.8dbars 10.2176C 35.0376PSU
(May 24 2015 12:14:31,  838431 sec) Sbe41cpStartCP()     Continuous profile started.
(May 24 2015 13:00:25,  841185 sec) AscentControlAgent() Bouyancy nudge to 86 (v=0.077dbar/sec).
(May 24 2015 13:00:25,  841185 sec) PistonMoveAbsWTO()    076->086 077 078 079 080 081 [30sec, 14.3Volts, 0.226Amps, CPT:1792sec]
(May 24 2015 13:01:05,  841225 sec) PistonMoveAbsWTO()    081->086 082 083 084 085 086 [23sec, 14.3Volts, 0.210Amps, CPT:1815sec]
(May 24 2015 13:06:34,  841554 sec) AscentControlAgent() Bouyancy nudge to 96 (v=0.061dbar/sec).
(May 24 2015 13:06:34,  841554 sec) PistonMoveAbsWTO()    086->096 087 088 089 090 091 [30sec, 14.3Volts, 0.214Amps, CPT:1845sec]
(May 24 2015 13:07:14,  841594 sec) PistonMoveAbsWTO()    091->096 092 093 094 095 096 [23sec, 14.3Volts, 0.214Amps, CPT:1868sec]
(May 24 2015 13:12:44,  841924 sec) AscentControlAgent() Bouyancy nudge to 106 (v=0.056dbar/sec).
(May 24 2015 13:12:45,  841924 sec) PistonMoveAbsWTO()    096->106 097 098 099 100 101 [30sec, 14.3Volts, 0.214Amps, CPT:1898sec]
(May 24 2015 13:13:24,  841964 sec) PistonMoveAbsWTO()    101->106 102 103 104 105 106 [23sec, 14.3Volts, 0.210Amps, CPT:1921sec]
(May 24 2015 13:18:53,  842293 sec) AscentControlAgent() Bouyancy nudge to 116 (v=0.044dbar/sec).
(May 24 2015 13:18:53,  842293 sec) PistonMoveAbsWTO()    106->116 107 108 109 110 111 [30sec, 14.3Volts, 0.205Amps, CPT:1951sec]
(May 24 2015 13:19:33,  842333 sec) PistonMoveAbsWTO()    111->116 112 113 114 115 116 [23sec, 14.3Volts, 0.205Amps, CPT:1974sec]
(May 24 2015 13:25:02,  842662 sec) AscentControlAgent() Bouyancy nudge to 126 (v=0.047dbar/sec).
(May 24 2015 13:25:03,  842662 sec) PistonMoveAbsWTO()    116->126 117 118 119 120 121 [30sec, 14.3Volts, 0.201Amps, CPT:2004sec]
(May 24 2015 13:25:42,  842702 sec) PistonMoveAbsWTO()    121->126 122 123 124 125 126 [23sec, 14.3Volts, 0.201Amps, CPT:2027sec]
(May 24 2015 13:31:11,  843031 sec) AscentControlAgent() Bouyancy nudge to 136 (v=0.029dbar/sec).
(May 24 2015 13:31:12,  843031 sec) PistonMoveAbsWTO()    126->136 127 128 129 130 131 [30sec, 14.3Volts, 0.197Amps, CPT:2057sec]
(May 24 2015 13:31:51,  843071 sec) PistonMoveAbsWTO()    131->136 132 133 134 135 136 [23sec, 14.3Volts, 0.197Amps, CPT:2080sec]
(May 24 2015 13:37:20,  843400 sec) AscentControlAgent() Bouyancy nudge to 146 (v=0.051dbar/sec).
(May 24 2015 13:37:21,  843400 sec) PistonMoveAbsWTO()    136->146 137 138 139 140 141 [30sec, 14.3Volts, 0.193Amps, CPT:2110sec]
(May 24 2015 13:38:00,  843440 sec) PistonMoveAbsWTO()    141->146 142 143 144 145 146 [23sec, 14.3Volts, 0.189Amps, CPT:2133sec]
(May 24 2015 13:43:29,  843769 sec) AscentControlAgent() Bouyancy nudge to 156 (v=0.065dbar/sec).
(May 24 2015 13:43:30,  843769 sec) PistonMoveAbsWTO()    146->156 147 148 149 150 151 [30sec, 14.4Volts, 0.185Amps, CPT:2163sec]
(May 24 2015 13:44:09,  843809 sec) PistonMoveAbsWTO()    151->156 152 153 154 155 156 [22sec, 14.3Volts, 0.189Amps, CPT:2185sec]
(May 24 2015 13:48:33,  844073 sec) AscentControlAgent() Bouyancy nudge to 166 (v=0.048dbar/sec).
(May 24 2015 13:48:34,  844073 sec) PistonMoveAbsWTO()    156->166 157 158 159 160 161 [30sec, 14.4Volts, 0.181Amps, CPT:2215sec]
(May 24 2015 13:49:13,  844113 sec) PistonMoveAbsWTO()    161->166 162 163 164 165 166 [23sec, 14.3Volts, 0.181Amps, CPT:2238sec]
(May 24 2015 13:53:38,  844378 sec) AscentControlAgent() Bouyancy nudge to 176 (v=0.076dbar/sec).
(May 24 2015 13:53:39,  844378 sec) PistonMoveAbsWTO()    166->176 167 168 169 [15sec, 14.4Volts, 0.181Amps, CPT:2253sec]
(May 24 2015 13:54:04,  844403 sec) PistonMoveAbsWTO()    169->176 170 171 [15sec, 14.4Volts, 0.177Amps, CPT:2268sec]
(May 24 2015 13:54:31,  844431 sec) SurfaceDetect()      SurfacePressure:-0.1dbars Pressure:2.7dbars PistonPosition:171
(May 24 2015 13:54:32,  844432 sec) Sbe41cpStopCP()      Continuous profile stopped.
(May 24 2015 13:54:38,  844438 sec) PistonMoveAbsWTO()    171->193 172 173 174 175 176 177 178 179 180 181 182 183 184 185 186 187 188 189 190 191 192 193 [108sec, 14.3Volts, 0.153Amps, CPT:2376sec]
(May 24 2015 13:56:39,  844558 sec) sbe41cp.c:chat()     Expected string [S>] not received.
(May 24 2015 13:58:23,  844663 sec) Sbe41cpBinAverage()  Finished averaging 6032 samples in 100 seconds.
(May 24 2015 13:58:28,  844668 sec) Sbe41cpUploadCP()    Sbe41cpSerNo[5994] NSample[6032] NBin[246]
(May 24 2015 13:59:08,  844707 sec) Sbe41cpUploadCP()    Continuous profile uploaded [246 lines].

<EOT>
