(Apr 22 2016 00:11:23,  842549 sec) TelemetryInit()      Profile 53. (Apf9i FwRev: 012811)
(Apr 22 2016 00:18:22,  842968 sec) AirSystem()          Battery [187cnt, 14.5V]  Current [76cnt, 30.6mA]  Barometer [128cnt, 7.1"Hg]  Run-Time [49s]
(Apr 22 2016 00:18:58,  843004 sec) GpsServices()        GPS almanac is current.
(Apr 22 2016 00:18:58,  843004 sec) GpsServices()        Initiating GPS fix acquisition.
(Apr 22 2016 00:19:07,  843013 sec) gga()                $GPGGA,001910,0625.8732,N,08222.4527,E,0,00,,,M,,M,,*55
(Apr 22 2016 00:19:22,  843028 sec) gga()                $GPGGA,001910,0625.8732,N,08222.4527,E,0,00,,,M,,M,,*55
(Apr 22 2016 00:19:32,  843038 sec) gga()                $GPGGA,001920,0625.8732,N,08222.4527,E,0,00,,,M,,M,,*56
(Apr 22 2016 00:19:42,  843048 sec) gga()                $GPGGA,001930,0625.8732,N,08222.4527,E,0,00,,,M,,M,,*57
(Apr 22 2016 00:19:52,  843058 sec) gga()                $GPGGA,001940,0625.8732,N,08222.4527,E,0,00,,,M,,M,,*50
(Apr 22 2016 00:20:02,  843068 sec) gga()                $GPGGA,001950,0625.8732,N,08222.4527,E,0,00,,,M,,M,,*51
(Apr 22 2016 00:20:11,  843077 sec) gga()                $GPGGA,002000,0625.8732,N,08222.4527,E,0,00,,,M,,M,,*5E
(Apr 22 2016 00:20:40,  843106 sec) gga()                $GPGGA,002010,0707.2405,N,08215.8509,E,1,09,0.8,28.3,M,-95.8,M,,*59
(Apr 22 2016 00:20:40,  843106 sec) GpsServices()        Profile 53 GPS fix obtained in 102 seconds.
(Apr 22 2016 00:20:40,  843106 sec) GpsServices()                  lon     lat mm/dd/yyyy hhmmss nsat
(Apr 22 2016 00:20:40,  843106 sec) GpsServices()        Fix:   82.264   7.121 04/22/2016 002010    9
(Apr 22 2016 00:21:10,  843136 sec) gga()                $GPGGA,002040,0707.2442,N,08215.8451,E,1,09,0.8,10.5,M,-95.8,M,,*5E
(Apr 22 2016 00:21:17,  843143 sec) gga()                $GPGGA,002110,0707.2496,N,08215.8413,E,1,10,0.8,7.5,M,-95.8,M,,*6B
(Apr 22 2016 00:21:18,  843143 sec) GpsServices()        APF9 RTC skew (8s) OK.
(Apr 22 2016 00:21:18,  843144 sec) LogNmeaSentences()   ,066,46,21,47,153,47,25,19,099,41,26,12,194,38*79
(Apr 22 2016 00:21:18,  843144 sec) LogNmeaSentences()   $GPGSV,3,3,11,27,20,255,41,31,62,202,45,32,39,340,48*4E
(Apr 22 2016 00:21:27,  843153 sec) LogNmeaSentences()   $GPRMC,002120,A,0707.2516,N,08215.8398,E,000.4,277.8,220416,002.3,W*6D
(Apr 22 2016 00:21:28,  843154 sec) LogNmeaSentences()   $GPGGA,002120,0707.2516,N,08215.8398,E,1,10,0.8,7.3,M,-95.8,M,,*63
(Apr 22 2016 00:21:28,  843154 sec) LogNmeaSentences()   $GPGSA,A,3,08,10,,14,18,21,25,26,27,31,32,,1.1,0.8,0.8*31
(Apr 22 2016 00:21:28,  843154 sec) LogNmeaSentences()   $GPGSV,3,1,11,08,06,282,42,10,40,021,47,12,01,071,28,14,40,345,46*71
(Apr 22 2016 00:21:29,  843155 sec) LogNmeaSentences()   $GPGSV,3,2,11,18,37,066,45,21,47,153,48,25,19,099,41,26,12,194,38*75
(Apr 22 2016 00:21:29,  843155 sec) LogNmeaSentences()   $GPGSV,3,3,11,27,20,255,40,31,62,202,46,32,39,340,47*43
(Apr 22 2016 00:21:37,  843163 sec) LogNmeaSentences()   $GPRMC,002130,A,0707.2533,N,08215.8383,E,000.0,302.5,220416,002.3,W*6B
(Apr 22 2016 00:21:38,  843164 sec) LogNmeaSentences()   $GPGGA,002130,0707.2533,N,08215.8383,E,1,07,1.0,6.6,M,-95.8,M,,*64
(Apr 22 2016 00:21:38,  843164 sec) LogNmeaSentences()   $GPGSA,A,3,08,10,14,18,21,27,32,,,,,,1.4,1.0,0.9*3D
(Apr 22 2016 00:21:38,  843164 sec) LogNmeaSentences()   $GPGSV,3,1,11,08,06,282,31,10,40,022,46,14,41,341,44,18,37,067,44*72
(Apr 22 2016 00:21:39,  843165 sec) LogNmeaSentences()   $GPGSV,3,2,11,21,47,153,47,27,20,255,41,32,39,340,46,12,01,071,00*76
(Apr 22 2016 00:21:39,  843165 sec) LogNmeaSentences()   $GPGSV,3,3,11,25,19,099,00,26,12,194,00,31,62,202,00*4B
(Apr 22 2016 00:21:47,  843173 sec) LogNmeaSentences()   $GPRMC,002140,A,0707.2553,N,08215.8369,E,000.6,021.3,220416,002.3,W*6C
(Apr 22 2016 00:21:48,  843174 sec) LogNmeaSentences()   $GPGGA,002140,0707.2553,N,08215.8369,E,1,10,0.8,6.3,M,-95.8,M,,*6B
(Apr 22 2016 00:21:48,  843174 sec) LogNmeaSentences()   $GPGSA,A,3,08,10,,14,18,21,25,26,27,31,32,,1.1,0.8,0.8*31
(Apr 22 2016 00:21:48,  843174 sec) LogNmeaSentences()   $GPGSV,3,1,11,08,06,282,37,10,40,022,46,12,01,071,26,14,41,341,45*79
(Apr 22 2016 00:21:49,  843175 sec) LogNmeaSentences()   $GPGSV,3,2,11,18,37,067,46,21,46,153,45,25,19,099,43,26,12,193,40*71
(Apr 22 2016 00:21:49,  843175 sec) LogNmeaSentences()   $GPGSV,3,3,11,27,20,255,43,31,62,202,46,32,39,340,46*41
(Apr 22 2016 00:21:57,  843183 sec) LogNmeaSentences()   $GPRMC,002150,A,0707.2571,N,08215.8352,E,001.1,295.0,220416,002.3,W*6D
(Apr 22 2016 00:21:58,  843184 sec) LogNmeaSentences()   $GPGGA,002150,0707.2571,N,08215.8352,E,1,10,0.8,6.9,M,-95.8,M,,*68
(Apr 22 2016 00:21:58,  843184 sec) LogNmeaSentences()   $GPGSA,A,3,08,10,,14,18,21,25,26,27,31,32,,1.1,0.8,0.8*31
(Apr 22 2016 00:21:58,  843184 sec) LogNmeaSentences()   $GPGSV,3,1,11,08,06,282,37,10,40,022,47,12,01,071,32,14,41,341,45*7D
(Apr 22 2016 00:21:59,  843185 sec) LogNmeaSentences()   $GPGSV,3,2,11,18,37,067,46,21,46,153,45,25,19,099,43,26,12,193,38*7E
(Apr 22 2016 00:21:59,  843185 sec) LogNmeaSentences()   $GPGSV,3,3,11,27,20,255,44,31,62,202,46,32,39,341,46*47
(Apr 22 2016 00:22:07,  843193 sec) LogNmeaSentences()   $GPRMC,002200,A,0707.2591,N,08215.8345,E,000.7,271.7,220416,002.3,W*69
(Apr 22 2016 00:22:08,  843194 sec) LogNmeaSentences()   $GPGGA,002200,0707.2591,N,08215.8345,E,1,10,0.8,6.0,M,-95.8,M,,*6F
(Apr 22 2016 00:22:08,  843194 sec) LogNmeaSentences()   $GPGSA,A,3,08,10,,14,18,21,25,26,27,31,32,,1.1,0.8,0.8*31
(Apr 22 2016 00:22:08,  843194 sec) LogNmeaSentences()   $GPGSV,3,1,11,08,06,282,36,10,40,022,45,12,01,070,28,14,41,341,43*72
(Apr 22 2016 00:22:09,  843195 sec) LogNmeaSentences()   $GPGSV,3,2,11,18,37,067,45,21,46,153,49,25,19,099,42,26,12,193,42*7D
(Apr 22 2016 00:22:09,  843195 sec) LogNmeaSentences()   $GPGSV,3,3,11,27,20,255,41,31,62,202,47,32,39,341,44*41
(Apr 22 2016 00:22:09,  843195 sec) LogNmeaSentences()   $PGRMT,GPS 15x-L software ver. 3.80,,,,,,,,*7C
(Apr 22 2016 00:22:10,  843196 sec) GpsServices()        GPS services complete.
(Apr 22 2016 00:22:34,  843220 sec) CLogin()             Connecting to primary host.
(Apr 22 2016 00:22:46,  843232 sec) CLogin()             Connection 1 established in 12 seconds.
(Apr 22 2016 00:22:57,  843243 sec) login()              Login successful.
(Apr 22 2016 00:23:00,  843246 sec) CLogin()             Logged in to host.  [Login required 14 seconds]
(Apr 22 2016 00:23:08,  843254 sec) RxConfig()           Downloading "mission.cfg" from host.
(Apr 22 2016 00:23:10,  843256 sec) Rx()                 Initiating transfer. [0x43]
(Apr 22 2016 00:23:13,  843259 sec) RxStartByte()        Sync errors encountered: 578
(Apr 22 2016 00:23:18,  843263 sec) Rx()                 Pad character [0x1a] found in ascii mode - truncating packet.
(Apr 22 2016 00:23:22,  843267 sec) Rx()                 Received EOT - transfer complete. [1 packets, 1024 bytes, 12 sec, 85.3 bps]
(Apr 22 2016 00:23:22,  843268 sec) RxConfig()           Download successful.
(Apr 22 2016 00:23:36,  843281 sec) WriteVitals()        Writing vitals to "9567.053.msg".
(Apr 22 2016 00:23:45,  843291 sec) UpLoadFile()         Uploading "9567.053.msg" to host as "9567.053.msg".
(Apr 22 2016 00:23:52,  843298 sec) Tx()                 CRC negotiation successful. [16-bit CRC]
(Apr 22 2016 00:24:11,  843317 sec) TxPacket()           NAK received - resending packet. [PktNum=0x03]
(Apr 22 2016 00:24:11,  843317 sec) TxPacket()           Packet xmit history: [11000001] (0:ok, 1:fail).
(Apr 22 2016 00:24:16,  843322 sec) TxPacket()           NAK received - resending packet. [PktNum=0x03]
(Apr 22 2016 00:24:16,  843322 sec) TxPacket()           Packet xmit history: [10000011] (0:ok, 1:fail).
(Apr 22 2016 00:24:32,  843338 sec) TxPacket()           NAK received - resending packet. [PktNum=0x05]
(Apr 22 2016 00:24:32,  843338 sec) TxPacket()           Packet xmit history: [00011001] (0:ok, 1:fail).
(Apr 22 2016 00:24:59,  843365 sec) TxPacket()           NAK received - resending packet. [PktNum=0x09]
(Apr 22 2016 00:24:59,  843365 sec) TxPacket()           Packet xmit history: [00100001] (0:ok, 1:fail).
(Apr 22 2016 00:25:03,  843369 sec) TxPacket()           NAK received - resending packet. [PktNum=0x09]
(Apr 22 2016 00:25:03,  843369 sec) TxPacket()           Packet xmit history: [01000011] (0:ok, 1:fail).
(Apr 22 2016 00:25:09,  843375 sec) TxPacket()           NAK received - resending packet. [PktNum=0x09]
(Apr 22 2016 00:25:09,  843375 sec) TxPacket()           Packet xmit history: [10000111] (0:ok, 1:fail).
(Apr 22 2016 00:25:22,  843388 sec) TxPacket()           NAK received - resending packet. [PktNum=0x0a]
(Apr 22 2016 00:25:22,  843388 sec) TxPacket()           Packet xmit history: [00011101] (0:ok, 1:fail).
(Apr 22 2016 00:25:53,  843419 sec) TxPacket()           NAK received - resending packet. [PktNum=0x10]
(Apr 22 2016 00:25:53,  843419 sec) TxPacket()           Packet xmit history: [10000001] (0:ok, 1:fail).
(Apr 22 2016 00:25:59,  843425 sec) TxPacket()           NAK received - resending packet. [PktNum=0x10]
(Apr 22 2016 00:25:59,  843425 sec) TxPacket()           Packet xmit history: [00000011] (0:ok, 1:fail).
(Apr 22 2016 00:26:04,  843429 sec) TxPacket()           NAK received - resending packet. [PktNum=0x10]
(Apr 22 2016 00:26:04,  843430 sec) TxPacket()           Packet xmit history: [00000111] (0:ok, 1:fail).
(Apr 22 2016 00:26:12,  843438 sec) TxPacket()           NAK received - resending packet. [PktNum=0x10]
(Apr 22 2016 00:26:12,  843438 sec) TxPacket()           Packet xmit history: [00001111] (0:ok, 1:fail).
(Apr 22 2016 00:26:24,  843450 sec) TxPacket()           NAK received - resending packet. [PktNum=0x12]
(Apr 22 2016 00:26:24,  843450 sec) TxPacket()           Packet xmit history: [01111001] (0:ok, 1:fail).
(Apr 22 2016 00:26:42,  843468 sec) TxPacket()           NAK received - resending packet. [PktNum=0x15]
(Apr 22 2016 00:26:42,  843468 sec) TxPacket()           Packet xmit history: [10010001] (0:ok, 1:fail).
(Apr 22 2016 00:27:16,  843502 sec) TxPacket()           NAK received - resending packet. [PktNum=0x1a]
(Apr 22 2016 00:27:16,  843502 sec) TxPacket()           Packet xmit history: [01000001] (0:ok, 1:fail).
(Apr 22 2016 00:27:30,  843516 sec) TxPacket()           NAK received - resending packet. [PktNum=0x1c]
(Apr 22 2016 00:27:30,  843516 sec) TxPacket()           Packet xmit history: [00001001] (0:ok, 1:fail).
(Apr 22 2016 00:27:47,  843533 sec) Tx()                 Transmission completed successfully [29 packets, 23198 bytes, 234 sec, 100.1 bps]
(Apr 22 2016 00:27:47,  843533 sec) UpLoadFile()         Upload successful.
(Apr 22 2016 00:27:53,  843539 sec) UpLoadFile()         Uploading "9567.053.log" to host as "9567.053.log".
(Apr 22 2016 00:27:59,  843545 sec) Tx()                 CRC negotiation successful. [16-bit CRC]
(Apr 22 2016 00:29:04,  843610 sec) TxPacket()           NAK received - resending packet. [PktNum=0x0a]
(Apr 22 2016 00:29:04,  843610 sec) TxPacket()           Packet xmit history: [00000001] (0:ok, 1:fail).
(Apr 22 2016 00:29:08,  843614 sec) TxPacket()           NAK received - resending packet. [PktNum=0x0a]
(Apr 22 2016 00:29:08,  843614 sec) TxPacket()           Packet xmit history: [00000011] (0:ok, 1:fail).
(Apr 22 2016 00:29:18,  843624 sec) TxPacket()           NAK received - resending packet. [PktNum=0x0b]
(Apr 22 2016 00:29:18,  843624 sec) TxPacket()           Packet xmit history: [00001101] (0:ok, 1:fail).
(Apr 22 2016 00:29:25,  843631 sec) TxPacket()           NAK received - resending packet. [PktNum=0x0b]
(Apr 22 2016 00:29:25,  843631 sec) TxPacket()           Packet xmit history: [00011011] (0:ok, 1:fail).
(Apr 22 2016 00:29:34,  843640 sec) TxPacket()           NAK received - resending packet. [PktNum=0x0b]
(Apr 22 2016 00:29:35,  843640 sec) TxPacket()           Packet xmit history: [00110111] (0:ok, 1:fail).
(Apr 22 2016 00:29:37,  843643 sec) TxPacket()           Invalid response [0x63] - resending packet. [PktNum=0x0b]
(Apr 22 2016 00:29:37,  843643 sec) TxPacket()           Packet xmit history: [01101111] (0:ok, 1:fail).
(Apr 22 2016 00:29:39,  843645 sec) TxPacket()           Invalid response [0x30] - resending packet. [PktNum=0x0b]
(Apr 22 2016 00:29:40,  843646 sec) TxPacket()           Packet xmit history: [11011111] (0:ok, 1:fail).
(Apr 22 2016 00:29:40,  843646 sec) TxPacket()           Invalid response [0x31] - resending packet. [PktNum=0x0b]
(Apr 22 2016 00:29:41,  843647 sec) TxPacket()           Packet xmit history: [10111111] (0:ok, 1:fail).
(Apr 22 2016 00:29:42,  843648 sec) TxPacket()           Invalid response [0x30] - resending packet. [PktNum=0x0b]
(Apr 22 2016 00:29:42,  843648 sec) TxPacket()           Packet xmit history: [01111111] (0:ok, 1:fail).
(Apr 22 2016 00:29:42,  843648 sec) TxPacket()           Invalid response [0x30] - resending packet. [PktNum=0x0b]
(Apr 22 2016 00:29:43,  843649 sec) TxPacket()           Packet xmit history: [11111111] (0:ok, 1:fail).
(Apr 22 2016 00:29:45,  843651 sec) TxPacket()           Invalid response [0x32] - resending packet. [PktNum=0x0b]
(Apr 22 2016 00:29:45,  843651 sec) TxPacket()           Packet xmit history: [11111111] (0:ok, 1:fail).
(Apr 22 2016 00:29:46,  843652 sec) TxPacket()           Invalid response [0x2e] - resending packet. [PktNum=0x0b]
(Apr 22 2016 00:29:46,  843652 sec) TxPacket()           Packet xmit history: [11111111] (0:ok, 1:fail).
(Apr 22 2016 00:29:47,  843652 sec) TxPacket()           Exit status: -5
(Apr 22 2016 00:29:47,  843653 sec) Tx()                 Packet transmission failed - aborting transfer.
(Apr 22 2016 00:29:57,  843663 sec) UpLoadFile()         Upload failed.
(Apr 22 2016 00:30:10,  843676 sec) UpLoadFile()         Uploading "9567.053.log" to host as "9567.053.log".
(Apr 22 2016 00:31:10,  843735 sec) Tx()                 CRC negotiation failed - aborting transfer.
(Apr 22 2016 00:31:20,  843746 sec) UpLoadFile()         Upload failed.
(Apr 22 2016 00:31:20,  843746 sec) UpLoad()             Files successfully uploaded: 1
(Apr 22 2016 00:31:20,  843746 sec) UpLoad()             Aborting upload: Retry limit [2] exceeded. Upload incomplete.
(Apr 22 2016 00:31:26,  843751 sec) chat()               Expected string [cmd>] not received.
(Apr 22 2016 00:31:26,  843752 sec) logout()             Can't get command prompt.
(Apr 22 2016 00:31:31,  843756 sec) chat()               Expected string [logout] not received.
(Apr 22 2016 00:31:31,  843757 sec) logout()             Attempt to log-out failed.
(Apr 22 2016 00:31:31,  843757 sec) logout()             No carrier detected.
(Apr 22 2016 00:31:31,  843757 sec) Telemetry()          Telemetry cycle complete: PrfId=53 ConnectionAttempts=1  Connections=1
(Apr 22 2016 00:46:45,  844671 sec) AirSystem()          Air-bladder inflation by-passed. Barometer: [128cnt, 7.1"Hg].
(Apr 22 2016 00:47:11,  844697 sec) GpsServices()        GPS almanac is current.
(Apr 22 2016 00:47:11,  844697 sec) GpsServices()        Initiating GPS fix acquisition.
(Apr 22 2016 00:47:42,  844728 sec) gga()                $GPGGA,004710,0707.5270,N,08215.7031,E,1,10,0.8,13.0,M,-95.8,M,,*59
(Apr 22 2016 00:47:42,  844728 sec) GpsServices()        Profile 53 GPS fix obtained in 31 seconds.
(Apr 22 2016 00:47:42,  844728 sec) GpsServices()                  lon     lat mm/dd/yyyy hhmmss nsat
(Apr 22 2016 00:47:42,  844728 sec) GpsServices()        Fix:   82.262   7.125 04/22/2016 004710   10
(Apr 22 2016 00:48:12,  844758 sec) gga()                $GPGGA,004740,0707.5334,N,08215.7014,E,1,10,0.8,5.3,M,-95.8,M,,*6E
(Apr 22 2016 00:48:17,  844763 sec) gga()                $GPGGA,004810,0707.5384,N,08215.7003,E,1,09,0.8,5.9,M,-95.8,M,,*6B
(Apr 22 2016 00:48:18,  844763 sec) GpsServices()        APF9 RTC skew (8s) OK.
(Apr 22 2016 00:48:18,  844764 sec) LogNmeaSentences()   ,082,45,21,34,156,45,25,20,086,41,26,19,185,40*71
(Apr 22 2016 00:48:18,  844764 sec) LogNmeaSentences()   $GPGSV,3,3,12,27,18,242,40,31,75,218,48,32,34,354,46,10,45,036,00*72
(Apr 22 2016 00:48:27,  844773 sec) LogNmeaSentences()   $GPRMC,004820,A,0707.5397,N,08215.6990,E,000.7,020.9,220416,002.3,W*64
(Apr 22 2016 00:48:28,  844774 sec) LogNmeaSentences()   $GPGGA,004820,0707.5397,N,08215.6990,E,1,09,0.8,6.8,M,-95.8,M,,*6A
(Apr 22 2016 00:48:28,  844774 sec) LogNmeaSentences()   $GPGSA,A,3,08,,14,,18,21,25,26,27,31,32,,1.2,0.8,0.8*33
(Apr 22 2016 00:48:28,  844774 sec) LogNmeaSentences()   $GPGSV,3,1,12,08,06,271,35,11,02,312,28,14,35,354,45,16,01,207,21*7C
(Apr 22 2016 00:48:29,  844775 sec) LogNmeaSentences()   $GPGSV,3,2,12,18,36,082,46,21,34,156,46,25,20,086,43,26,19,185,40*73
(Apr 22 2016 00:48:29,  844775 sec) LogNmeaSentences()   $GPGSV,3,3,12,27,18,242,41,31,75,218,47,32,34,354,47,10,45,036,00*7D
(Apr 22 2016 00:48:37,  844783 sec) LogNmeaSentences()   $GPRMC,004830,A,0707.5417,N,08215.6980,E,001.1,301.8,220416,002.3,W*6D
(Apr 22 2016 00:48:38,  844784 sec) LogNmeaSentences()   $GPGGA,004830,0707.5417,N,08215.6980,E,1,09,0.8,5.8,M,-95.8,M,,*66
(Apr 22 2016 00:48:38,  844784 sec) LogNmeaSentences()   $GPGSA,A,3,08,,14,,18,21,25,26,27,31,32,,1.7,0.8,1.5*3A
(Apr 22 2016 00:48:38,  844784 sec) LogNmeaSentences()   $GPGSV,3,1,12,08,06,271,37,11,02,312,32,14,35,354,46,16,01,207,23*74
(Apr 22 2016 00:48:39,  844785 sec) LogNmeaSentences()   $GPGSV,3,2,12,18,36,083,45,21,34,156,44,25,20,086,41,26,19,185,43*72
(Apr 22 2016 00:48:39,  844785 sec) LogNmeaSentences()   $GPGSV,3,3,12,27,18,242,41,31,75,218,48,32,34,354,48,10,45,036,00*7D
(Apr 22 2016 00:48:47,  844793 sec) LogNmeaSentences()   $GPRMC,004840,A,0707.5432,N,08215.6984,E,000.8,358.8,220416,002.3,W*6D
(Apr 22 2016 00:48:48,  844794 sec) LogNmeaSentences()   $GPGGA,004840,0707.5432,N,08215.6984,E,1,09,0.8,6.4,M,-95.8,M,,*6D
(Apr 22 2016 00:48:48,  844794 sec) LogNmeaSentences()   $GPGSA,A,3,08,,14,,18,21,25,26,27,31,32,,1.2,0.8,0.8*33
(Apr 22 2016 00:48:48,  844794 sec) LogNmeaSentences()   $GPGSV,3,1,12,08,06,271,38,11,02,312,31,14,35,354,44,16,01,207,19*73
(Apr 22 2016 00:48:49,  844795 sec) LogNmeaSentences()   $GPGSV,3,2,12,18,36,083,47,21,34,156,46,25,20,086,43,26,19,185,41*72
(Apr 22 2016 00:48:49,  844795 sec) LogNmeaSentences()   $GPGSV,3,3,12,27,18,242,39,31,75,218,48,32,34,354,46,10,45,036,00*7C
(Apr 22 2016 00:48:57,  844803 sec) LogNmeaSentences()   $GPRMC,004850,A,0707.5451,N,08215.6975,E,001.8,011.3,220416,002.3,W*63
(Apr 22 2016 00:48:58,  844804 sec) LogNmeaSentences()   $GPGGA,004850,0707.5451,N,08215.6975,E,1,09,0.8,6.1,M,-95.8,M,,*62
(Apr 22 2016 00:48:58,  844804 sec) LogNmeaSentences()   $GPGSA,A,3,08,,14,,18,21,25,26,27,31,32,,1.2,0.8,0.8*33
(Apr 22 2016 00:48:58,  844804 sec) LogNmeaSentences()   $GPGSV,3,1,12,08,06,270,41,11,02,312,32,14,35,354,45,16,01,207,21*75
(Apr 22 2016 00:48:59,  844805 sec) LogNmeaSentences()   $GPGSV,3,2,12,18,36,083,46,21,34,156,45,25,20,086,41,26,19,185,41*72
(Apr 22 2016 00:48:59,  844805 sec) LogNmeaSentences()   $GPGSV,3,3,12,27,18,242,43,31,75,219,49,32,34,354,47,10,45,036,00*70
(Apr 22 2016 00:49:07,  844813 sec) LogNmeaSentences()   $GPRMC,004900,A,0707.5474,N,08215.6978,E,000.4,304.5,220416,002.3,W*61
(Apr 22 2016 00:49:08,  844814 sec) LogNmeaSentences()   $GPGGA,004900,0707.5474,N,08215.6978,E,1,10,0.8,3.9,M,-95.8,M,,*69
(Apr 22 2016 00:49:08,  844814 sec) LogNmeaSentences()   $GPGSA,A,3,08,10,,14,18,21,25,26,27,31,32,,1.1,0.8,0.8*31
(Apr 22 2016 00:49:08,  844814 sec) LogNmeaSentences()   $GPGSV,3,1,12,08,06,270,38,10,46,038,51,11,02,312,31,14,35,354,44*75
(Apr 22 2016 00:49:09,  844815 sec) LogNmeaSentences()   $GPGSV,3,2,12,18,36,083,46,21,34,156,42,25,20,086,43,26,19,185,39*78
(Apr 22 2016 00:49:09,  844815 sec) LogNmeaSentences()   $GPGSV,3,3,12,27,18,242,38,31,75,219,49,32,34,354,47,16,01,207,00*7A
(Apr 22 2016 00:49:09,  844815 sec) LogNmeaSentences()   $PGRMT,GPS 15x-L software ver. 3.80,,,,,,,,*7C
(Apr 22 2016 00:49:10,  844816 sec) GpsServices()        GPS services complete.
(Apr 22 2016 00:49:34,  844840 sec) CLogin()             Connecting to primary host.
(Apr 22 2016 00:49:46,  844852 sec) CLogin()             Connection 2 established in 12 seconds.
(Apr 22 2016 00:49:53,  844859 sec) login()              Login successful.
(Apr 22 2016 00:49:58,  844863 sec) chat()               Expected string [cmd>] not received.
(Apr 22 2016 00:49:58,  844864 sec) login()              Attempt to set the command prompt failed.
(Apr 22 2016 00:49:59,  844865 sec) CLogin()             Logged in to host.  [Login required 13 seconds]
(Apr 22 2016 00:50:10,  844876 sec) RxConfig()           Downloading "mission.cfg" from host.
(Apr 22 2016 00:50:12,  844878 sec) Rx()                 Initiating transfer. [0x43]
(Apr 22 2016 00:50:17,  844883 sec) RxStartByte()        Sync errors encountered: 702
(Apr 22 2016 00:50:19,  844885 sec) Rx()                 Pad character [0x1a] found in ascii mode - truncating packet.
(Apr 22 2016 00:50:23,  844888 sec) Rx()                 Received EOT - transfer complete. [1 packets, 1024 bytes, 11 sec, 93.1 bps]
(Apr 22 2016 00:50:23,  844889 sec) RxConfig()           Download successful.
(Apr 22 2016 00:50:42,  844908 sec) UpLoadFile()         Uploading "9567.053.log" to host as "9567.053.log".
(Apr 22 2016 00:50:46,  844912 sec) Tx()                 CRC negotiation successful. [16-bit CRC]
(Apr 22 2016 00:51:28,  844954 sec) TxPacket()           NAK received - resending packet. [PktNum=0x06]
(Apr 22 2016 00:51:28,  844954 sec) TxPacket()           Packet xmit history: [00000001] (0:ok, 1:fail).
(Apr 22 2016 00:51:33,  844959 sec) TxPacket()           NAK received - resending packet. [PktNum=0x06]
(Apr 22 2016 00:51:33,  844959 sec) TxPacket()           Packet xmit history: [00000011] (0:ok, 1:fail).
(Apr 22 2016 00:51:55,  844981 sec) TxPacket()           NAK received - resending packet. [PktNum=0x08]
(Apr 22 2016 00:51:55,  844981 sec) TxPacket()           Packet xmit history: [00011001] (0:ok, 1:fail).
(Apr 22 2016 00:52:01,  844987 sec) TxPacket()           NAK received - resending packet. [PktNum=0x08]
(Apr 22 2016 00:52:02,  844988 sec) TxPacket()           Packet xmit history: [00110011] (0:ok, 1:fail).
(Apr 22 2016 00:52:33,  845018 sec) TxPacket()           NAK received - resending packet. [PktNum=0x0c]
(Apr 22 2016 00:52:33,  845019 sec) TxPacket()           Packet xmit history: [01100001] (0:ok, 1:fail).
(Apr 22 2016 00:53:25,  845070 sec) TxPacket()           NAK received - resending packet. [PktNum=0x0c]
(Apr 22 2016 00:53:25,  845071 sec) TxPacket()           Packet xmit history: [11000011] (0:ok, 1:fail).
(Apr 22 2016 00:53:41,  845087 sec) TxPacket()           NAK received - resending packet. [PktNum=0x0d]
(Apr 22 2016 00:53:41,  845087 sec) TxPacket()           Packet xmit history: [00001101] (0:ok, 1:fail).
(Apr 22 2016 00:53:48,  845094 sec) TxPacket()           NAK received - resending packet. [PktNum=0x0d]
(Apr 22 2016 00:53:49,  845095 sec) TxPacket()           Packet xmit history: [00011011] (0:ok, 1:fail).
(Apr 22 2016 00:53:53,  845099 sec) TxPacket()           NAK received - resending packet. [PktNum=0x0d]
(Apr 22 2016 00:53:54,  845099 sec) TxPacket()           Packet xmit history: [00110111] (0:ok, 1:fail).
(Apr 22 2016 00:53:59,  845105 sec) TxPacket()           NAK received - resending packet. [PktNum=0x0d]
(Apr 22 2016 00:53:59,  845105 sec) TxPacket()           Packet xmit history: [01101111] (0:ok, 1:fail).
(Apr 22 2016 00:54:08,  845114 sec) TxPacket()           NAK received - resending packet. [PktNum=0x0d]
(Apr 22 2016 00:54:08,  845114 sec) TxPacket()           Packet xmit history: [11011111] (0:ok, 1:fail).
(Apr 22 2016 00:54:13,  845119 sec) TxPacket()           NAK received - resending packet. [PktNum=0x0d]
(Apr 22 2016 00:54:13,  845119 sec) TxPacket()           Packet xmit history: [10111111] (0:ok, 1:fail).
(Apr 22 2016 00:54:18,  845124 sec) TxPacket()           NAK received - resending packet. [PktNum=0x0d]
(Apr 22 2016 00:54:18,  845124 sec) TxPacket()           Packet xmit history: [01111111] (0:ok, 1:fail).
(Apr 22 2016 00:54:20,  845126 sec) TxPacket()           NAK received - resending packet. [PktNum=0x0d]
(Apr 22 2016 00:54:20,  845126 sec) TxPacket()           Packet xmit history: [11111111] (0:ok, 1:fail).
(Apr 22 2016 00:54:23,  845129 sec) TxPacket()           NAK received - resending packet. [PktNum=0x0d]
(Apr 22 2016 00:54:23,  845129 sec) TxPacket()           Packet xmit history: [11111111] (0:ok, 1:fail).
(Apr 22 2016 00:54:28,  845134 sec) TxPacket()           NAK received - resending packet. [PktNum=0x0d]
(Apr 22 2016 00:54:28,  845134 sec) TxPacket()           Packet xmit history: [11111111] (0:ok, 1:fail).
(Apr 22 2016 00:54:28,  845134 sec) TxPacket()           Exit status: -2
(Apr 22 2016 00:54:28,  845134 sec) Tx()                 Packet transmission failed - aborting transfer.
(Apr 22 2016 00:54:39,  845145 sec) UpLoadFile()         Upload failed.
(Apr 22 2016 00:54:51,  845157 sec) UpLoadFile()         Uploading "9567.053.log" to host as "9567.053.log".
(Apr 22 2016 00:55:51,  845216 sec) Tx()                 CRC negotiation failed - aborting transfer.
(Apr 22 2016 00:56:01,  845227 sec) UpLoadFile()         Upload failed.
(Apr 22 2016 00:56:01,  845227 sec) UpLoad()             Files successfully uploaded: 0
(Apr 22 2016 00:56:01,  845227 sec) UpLoad()             Aborting upload: Retry limit [2] exceeded. Upload incomplete.
(Apr 22 2016 00:56:09,  845234 sec) chat()               Expected string [logout] not received.
(Apr 22 2016 00:56:09,  845235 sec) logout()             Attempt to log-out failed.
(Apr 22 2016 00:56:09,  845235 sec) logout()             No carrier detected.
(Apr 22 2016 00:56:09,  845235 sec) Telemetry()          Telemetry cycle complete: PrfId=53 ConnectionAttempts=2  Connections=2
(Apr 22 2016 01:11:23,  846149 sec) AirSystem()          Air-bladder inflation by-passed. Barometer: [127cnt, 6.8"Hg].
(Apr 22 2016 01:11:49,  846175 sec) GpsServices()        GPS almanac is current.
(Apr 22 2016 01:11:49,  846175 sec) GpsServices()        Initiating GPS fix acquisition.
(Apr 22 2016 01:12:22,  846208 sec) gga()                $GPGGA,011150,0707.7847,N,08215.5922,E,1,12,0.7,3.8,M,-95.8,M,,*6E
(Apr 22 2016 01:12:22,  846208 sec) GpsServices()        Profile 53 GPS fix obtained in 33 seconds.
(Apr 22 2016 01:12:22,  846208 sec) GpsServices()                  lon     lat mm/dd/yyyy hhmmss nsat
(Apr 22 2016 01:12:22,  846208 sec) GpsServices()        Fix:   82.260   7.130 04/22/2016 011150   12
(Apr 22 2016 01:12:52,  846238 sec) gga()                $GPGGA,011220,0707.7897,N,08215.5905,E,1,12,0.7,1.5,M,-95.8,M,,*6D
(Apr 22 2016 01:12:57,  846243 sec) gga()                $GPGGA,011250,0707.7945,N,08215.5869,E,1,09,0.8,1.3,M,-95.8,M,,*6C
(Apr 22 2016 01:12:58,  846243 sec) GpsServices()        APF9 RTC skew (8s) OK.
(Apr 22 2016 01:12:58,  846244 sec) LogNmeaSentences()   097,44,21,23,156,41,25,19,074,43,26,26,178,39*71
(Apr 22 2016 01:12:58,  846244 sec) LogNmeaSentences()   $GPGSV,3,3,12,31,82,283,48,10,49,053,00,27,15,232,00,32,30,004,00*79
(Apr 22 2016 01:13:07,  846253 sec) LogNmeaSentences()   $GPRMC,011300,A,0707.7971,N,08215.5862,E,000.4,326.8,220416,002.3,W*61
(Apr 22 2016 01:13:08,  846254 sec) LogNmeaSentences()   $GPGGA,011300,0707.7971,N,08215.5862,E,1,11,0.8,1.6,M,-95.8,M,,*68
(Apr 22 2016 01:13:08,  846254 sec) LogNmeaSentences()   $GPGSA,A,3,,10,11,14,16,18,21,25,26,27,31,32,1.6,0.8,1.4*34
(Apr 22 2016 01:13:08,  846254 sec) LogNmeaSentences()   $GPGSV,3,1,12,01,01,322,21,10,50,054,48,11,08,304,38,14,31,005,42*71
(Apr 22 2016 01:13:09,  846255 sec) LogNmeaSentences()   $GPGSV,3,2,12,16,06,200,37,18,34,097,45,21,23,156,41,25,19,074,41*71
(Apr 22 2016 01:13:09,  846255 sec) LogNmeaSentences()   $GPGSV,3,3,12,26,26,178,41,27,15,231,41,31,82,283,48,32,30,005,44*7F
(Apr 22 2016 01:13:09,  846255 sec) LogNmeaSentences()   $PGRMT,GPS 15x-L software ver. 3.80,,,,,,,,*7C
(Apr 22 2016 01:13:17,  846263 sec) LogNmeaSentences()   $GPRMC,011310,A,0707.7984,N,08215.5860,E,001.1,295.4,220416,002.3,W*69
(Apr 22 2016 01:13:18,  846264 sec) LogNmeaSentences()   $GPGGA,011310,0707.7984,N,08215.5860,E,1,11,0.7,2.3,M,-95.8,M,,*68
(Apr 22 2016 01:13:18,  846264 sec) LogNmeaSentences()   $GPGSA,A,3,,10,11,14,16,18,21,25,26,27,31,32,1.1,0.7,0.8*31
(Apr 22 2016 01:13:18,  846264 sec) LogNmeaSentences()   $GPGSV,3,1,12,01,01,322,18,10,50,054,46,11,08,304,37,14,31,005,43*7B
(Apr 22 2016 01:13:19,  846265 sec) LogNmeaSentences()   $GPGSV,3,2,12,16,06,199,37,18,34,097,45,21,22,156,45,25,19,074,40*76
(Apr 22 2016 01:13:19,  846265 sec) LogNmeaSentences()   $GPGSV,3,3,12,26,26,178,44,27,15,231,41,31,82,283,47,32,30,005,44*75
(Apr 22 2016 01:13:27,  846273 sec) LogNmeaSentences()   $GPRMC,011320,A,0707.8005,N,08215.5853,E,000.6,354.4,220416,002.3,W*6F
(Apr 22 2016 01:13:28,  846274 sec) LogNmeaSentences()   $GPGGA,011320,0707.8005,N,08215.5853,E,1,11,0.8,0.9,M,-95.8,M,,*63
(Apr 22 2016 01:13:28,  846274 sec) LogNmeaSentences()   $GPGSA,A,3,,10,11,14,16,18,21,25,26,27,31,32,1.6,0.8,1.4*34
(Apr 22 2016 01:13:28,  846274 sec) LogNmeaSentences()   $GPGSV,3,1,12,01,01,322,22,10,50,054,47,11,08,304,42,14,31,005,44*76
(Apr 22 2016 01:13:29,  846275 sec) GpsServices()        GPS services complete.
(Apr 22 2016 01:13:53,  846299 sec) CLogin()             Connecting to primary host.
(Apr 22 2016 01:14:04,  846310 sec) CLogin()             Connection 3 established in 11 seconds.
(Apr 22 2016 01:14:12,  846318 sec) login()              Login successful.
(Apr 22 2016 01:14:16,  846322 sec) CLogin()             Logged in to host.  [Login required 12 seconds]
(Apr 22 2016 01:14:24,  846330 sec) RxConfig()           Downloading "mission.cfg" from host.
(Apr 22 2016 01:14:26,  846332 sec) Rx()                 Initiating transfer. [0x43]
(Apr 22 2016 01:14:32,  846338 sec) Rx()                 Pad character [0x1a] found in ascii mode - truncating packet.
(Apr 22 2016 01:14:37,  846342 sec) Rx()                 Received EOT - transfer complete. [1 packets, 1024 bytes, 11 sec, 93.1 bps]
(Apr 22 2016 01:14:37,  846343 sec) RxConfig()           Download successful.
(Apr 22 2016 01:14:56,  846362 sec) UpLoadFile()         Uploading "9567.053.log" to host as "9567.053.log".
(Apr 22 2016 01:14:58,  846364 sec) Tx()                 CRC negotiation successful. [16-bit CRC]
(Apr 22 2016 01:15:36,  846402 sec) TxPacket()           NAK received - resending packet. [PktNum=0x06]
(Apr 22 2016 01:15:36,  846402 sec) TxPacket()           Packet xmit history: [00000001] (0:ok, 1:fail).
(Apr 22 2016 01:16:24,  846450 sec) TxPacket()           NAK received - resending packet. [PktNum=0x0e]
(Apr 22 2016 01:16:24,  846450 sec) TxPacket()           Packet xmit history: [00000001] (0:ok, 1:fail).
(Apr 22 2016 01:16:39,  846465 sec) TxPacket()           NAK received - resending packet. [PktNum=0x10]
(Apr 22 2016 01:16:39,  846465 sec) TxPacket()           Packet xmit history: [00001001] (0:ok, 1:fail).
(Apr 22 2016 01:17:08,  846494 sec) TxPacket()           NAK received - resending packet. [PktNum=0x14]
(Apr 22 2016 01:17:08,  846494 sec) TxPacket()           Packet xmit history: [00100001] (0:ok, 1:fail).
(Apr 22 2016 01:17:43,  846529 sec) Tx()                 Transmission completed successfully [24 packets, 24298 bytes, 164 sec, 149.9 bps]
(Apr 22 2016 01:17:43,  846529 sec) UpLoadFile()         Upload successful.
(Apr 22 2016 01:17:49,  846535 sec) UpLoad()             Files successfully uploaded: 1
(Apr 22 2016 01:17:49,  846535 sec) UpLoad()             Upload complete.
(Apr 22 2016 01:17:53,  846539 sec) logout()             Log-out successful.
(Apr 22 2016 01:17:54,  846540 sec) Telemetry()          Telemetry cycle complete: PrfId=53 ConnectionAttempts=3  Connections=3
(Apr 22 2016 01:17:55,  846541 sec) TelemetryTerminate() Parsing new mission configuration.
(Apr 22 2016 01:17:56,  846542 sec) configure()          Parsing configurators in "mission.cfg".
(Apr 22 2016 01:18:00,  846546 sec) configure()             TelemetryRetry(15)      [0x7BBC] [TelemetryRetry(15)].
(Apr 22 2016 01:18:00,  846546 sec) configure()          Configuration CRCs and syntax OK.
(Apr 22 2016 01:18:00,  846546 sec) ConfigSupervisor()   Sanity check violated: cfg->PressureCP >= 750
(Apr 22 2016 01:18:00,  846546 sec) ConfigSupervisor()   Configuration accepted.
(Apr 22 2016 01:18:00,  846546 sec) TelemetryTerminate() Reconditioning the file system.
(Apr 22 2016 01:18:15,       6 sec) DescentInit()        Deep profile 54 initiated at mission-time 846554sec.
(Apr 22 2016 01:18:17,       9 sec) DescentInit()        Surface pressure: 0.0dbars.
(Apr 22 2016 01:18:22,      14 sec) PistonMoveAbsWTO()    208->053 207 206 205 204 203 202 201 200 199 198 197 196 195 194 193 192 191 190 189 188 187 186 185 184 183 182 181 180 179 178 177 176 175 174 173 172 171 170 169 168 167 166 165 164 163 162 161 160 159 158 157 156 155 154 153 152 151 150 149 148 147 146 145 144 143 142 141 140 139 138 137 136 135 134 133 132 131 130 129 128 127 126 125 124 123 122 121 120 119 118 117 116 115 114 113 112 111 110 109 108 107 106 105 104 103 102 101 100 099 098 097 096 095 094 093 092 091 090 089 088 087 086 085 084 083 082 081 080 079 078 077 076 075 074 073 072 071 070 069 068 067 066 065 064 063 062 061 060 059 058 057 056 055 054 053 [771sec, 14.3Volts, 0.153Amps, CPT:771sec]
(Apr 22 2016 01:31:14,     786 sec) PistonMoveAbsWTO()    053->000 052 051 050 049 048 047 046 045 044 043 042 041 040 039 038 037 036 035 034 033 032 031 030 029 028 027 026 025 024 023 022 021 020 019 018 017 016 015 014 013 012 011 010 009 [218sec, 14.3Volts, 0.153Amps, CPT:989sec]
(Apr 22 2016 01:35:02,    1014 sec) Descent()            Pressure: 101.9
(Apr 22 2016 02:18:12,    3604 sec) Descent()            Pressure: 392.7
(Apr 22 2016 03:18:12,    7204 sec) Descent()            Pressure: 864.0
(Apr 22 2016 03:18:13,    7204 sec) PistonMoveAbsWTO()    009->053 010 011 012 013 014 015 016 017 018 019 020 021 022 023 024 025 026 027 028 029 030 031 032 033 034 035 036 037 038 039 040 041 042 043 044 045 046 047 048 049 050 051 052 053 [251sec, 13.6Volts, 0.423Amps, CPT:1240sec]
(Apr 22 2016 04:18:12,   10804 sec) Descent()            Pressure: 861.1
(Apr 22 2016 05:18:12,   14404 sec) Descent()            Pressure: 882.1
(Apr 22 2016 06:18:12,   18004 sec) Descent()            Pressure: 904.6
(Apr 22 2016 06:18:13,   18004 sec) ParkInit()           
(Apr 22 2016 08:18:42,   25233 sec) Park()               ParkPOutOfBand[-3, 929.9 dbars]: retract piston.
(Apr 22 2016 08:18:42,   25234 sec) PistonMoveAbsWTO()    053->052 052 [1sec, 14.0Volts, 0.097Amps, CPT:1241sec]
(Apr 22 2016 11:18:42,   36033 sec) Park()               ParkPOutOfBand[-3, 955.3 dbars]: retract piston.
(Apr 22 2016 11:18:42,   36034 sec) PistonMoveAbsWTO()    052->051 051 [5sec, 14.1Volts, 0.081Amps, CPT:1246sec]
(Apr 22 2016 20:18:42,   68433 sec) Park()               ParkPOutOfBand[3, 1015.2 dbars]: extend piston.
(Apr 22 2016 20:18:42,   68434 sec) PistonMoveAbsWTO()    051->052 052 [2sec, 13.6Volts, 0.471Amps, CPT:1248sec]
(Apr 23 2016 07:18:42,  108033 sec) Park()               ParkPOutOfBand[3, 1016.0 dbars]: extend piston.
(Apr 23 2016 07:18:42,  108034 sec) PistonMoveAbsWTO()    052->053 053 [6sec, 13.3Volts, 0.467Amps, CPT:1254sec]
(Apr 25 2016 23:18:44,  338436 sec) Park()               ParkPOutOfBand[3, 1015.3 dbars]: extend piston.
(Apr 25 2016 23:18:44,  338436 sec) PistonMoveAbsWTO()    053->054 054 [7sec, 13.3Volts, 0.479Amps, CPT:1261sec]
(Apr 26 2016 02:18:44,  349236 sec) Park()               ParkPOutOfBand[-3, 979.3 dbars]: retract piston.
(Apr 26 2016 02:18:44,  349236 sec) PistonMoveAbsWTO()    054->053 053 [2sec, 14.0Volts, 0.097Amps, CPT:1263sec]
(Apr 26 2016 06:18:44,  363636 sec) Park()               ParkPOutOfBand[-3, 987.2 dbars]: retract piston.
(Apr 26 2016 06:18:45,  363636 sec) PistonMoveAbsWTO()    053->052 052 [6sec, 14.0Volts, 0.097Amps, CPT:1269sec]
(Apr 26 2016 09:18:44,  374436 sec) Park()               ParkPOutOfBand[3, 1020.2 dbars]: extend piston.
(Apr 26 2016 09:18:45,  374436 sec) PistonMoveAbsWTO()    052->053 053 [2sec, 13.6Volts, 0.475Amps, CPT:1271sec]
(Apr 26 2016 12:18:44,  385236 sec) Park()               ParkPOutOfBand[3, 1021.2 dbars]: extend piston.
(Apr 26 2016 12:18:45,  385236 sec) PistonMoveAbsWTO()    053->054 054 [7sec, 13.3Volts, 0.479Amps, CPT:1278sec]
(Apr 26 2016 15:18:44,  396036 sec) Park()               ParkPOutOfBand[-3, 982.3 dbars]: retract piston.
(Apr 26 2016 15:18:45,  396036 sec) PistonMoveAbsWTO()    054->053 053 [3sec, 14.0Volts, 0.105Amps, CPT:1281sec]
(May 01 2016 09:18:34,  806425 sec) CtdPower()           [ 1005.03,  6.8107, 34.9459]
(May 01 2016 09:18:34,  806425 sec) CtdPower()           CTD Power consumption [181VCnt 11ACnt]: 14.031Volts * 0.044Amps = 0.62Watts.
(May 01 2016 09:18:34,  806426 sec) ParkTerminate()      Piston Position:53 Vacuum:80 Vq:196 Aq:6 Vsbe:181 Asbe:11
(May 01 2016 09:19:02,  806453 sec) ParkTerminate()      PTS: 1005.0dbars 6.8087C 34.9464PSU
(May 01 2016 09:19:02,  806454 sec) GoDeepInit()         Moving piston.
(May 01 2016 09:19:02,  806454 sec) PistonMoveAbsWTO()    053->015 052 051 050 049 048 047 046 045 044 043 042 041 040 039 038 037 036 035 034 033 032 031 030 029 028 027 026 025 024 023 022 021 020 019 018 017 016 015 [192sec, 14.1Volts, 0.089Amps, CPT:1473sec]
(May 01 2016 14:18:12,  824404 sec) ProfileInit()        PrfId:054  Pressure:1997.4dbar  pTable[1]:1900dbar
(May 01 2016 14:18:15,  824407 sec) PistonMoveAbsWTO()    015->037 016 017 018 019 020 [30sec, 12.7Volts, 0.786Amps, CPT:1503sec]
(May 01 2016 14:18:56,  824447 sec) PistonMoveAbsWTO()    020->037 021 022 023 024 [30sec, 12.6Volts, 0.802Amps, CPT:1533sec]
(May 01 2016 14:19:36,  824487 sec) PistonMoveAbsWTO()    024->037 025 026 027 028 [30sec, 12.4Volts, 0.790Amps, CPT:1563sec]
(May 01 2016 14:20:16,  824527 sec) PistonMoveAbsWTO()    028->037 029 030 031 032 [30sec, 12.2Volts, 0.782Amps, CPT:1593sec]
(May 01 2016 14:20:56,  824567 sec) PistonMoveAbsWTO()    032->037 033 034 035 036 [30sec, 12.1Volts, 0.802Amps, CPT:1623sec]
(May 01 2016 14:23:46,  824737 sec) PistonMoveAbsWTO()    037->037 [0sec, 0.0Volts, 0.000Amps, CPT:1623sec]
(May 01 2016 14:32:16,  825247 sec) PistonMoveAbsWTO()    037->037 [0sec, 0.0Volts, 0.000Amps, CPT:1623sec]
(May 01 2016 14:33:33,  825324 sec) Profile()            Sample 0 initiated at 1900.4dbars for bin 1 [1900dbars].  PTS: 1897.5dbars 3.0291C 34.7943PSU
(May 01 2016 14:35:36,  825447 sec) PistonMoveAbsWTO()    037->037 [0sec, 0.0Volts, 0.000Amps, CPT:1623sec]
(May 01 2016 14:37:36,  825567 sec) PistonMoveAbsWTO()    037->037 [0sec, 0.0Volts, 0.000Amps, CPT:1623sec]
(May 01 2016 14:38:48,  825639 sec) PistonMoveAbsWTO()    037->037 [0sec, 0.0Volts, 0.000Amps, CPT:1623sec]
(May 01 2016 14:41:28,  825799 sec) PistonMoveAbsWTO()    037->037 [0sec, 0.0Volts, 0.000Amps, CPT:1623sec]
(May 01 2016 14:49:49,  826300 sec) Profile()            Sample 1 initiated at 1800.6dbars for bin 2 [1800dbars].  PTS: 1798.3dbars 3.2697C 34.8054PSU


(May 01 2016 15:03:46) LogSize()            Log file is 38972 bytes.  Limit is 40960 bytes.

(May 01 2016 15:03:46,  827137 sec) AscentControlAgent() Bouyancy nudge to 47 (v=0.079dbar/sec).
(May 01 2016 15:03:46,  827138 sec) PistonMoveAbsWTO()    037->047 038 039 040 041 [30sec, 13.1Volts, 0.689Amps, CPT:1653sec]
(May 01 2016 15:04:27,  827178 sec) PistonMoveAbsWTO()    041->047 042 043 044 045 046 [30sec, 12.9Volts, 0.697Amps, CPT:1683sec]
(May 01 2016 15:05:07,  827218 sec) PistonMoveAbsWTO()    046->047 047 [8sec, 12.8Volts, 0.713Amps, CPT:1691sec]
(May 01 2016 15:08:42,  827433 sec) Profile()            Sample 2 initiated at 1700.6dbars for bin 3 [1700dbars].  PTS: 1697.8dbars 3.5744C 34.8185PSU
(May 01 2016 15:23:36,  828327 sec) Profile()            Sample 3 initiated at 1600.0dbars for bin 4 [1600dbars].  PTS: 1597.3dbars 4.0766C 34.8385PSU
(May 01 2016 15:39:30,  829281 sec) Profile()            Sample 4 initiated at 1500.2dbars for bin 5 [1500dbars].  PTS: 1497.8dbars 4.3530C 34.8495PSU
(May 01 2016 15:54:39,  830190 sec) AscentControlAgent() Bouyancy nudge to 57 (v=0.074dbar/sec).
(May 01 2016 15:54:39,  830191 sec) PistonMoveAbsWTO()    047->057 048 049 050 051 052 [30sec, 13.3Volts, 0.592Amps, CPT:1721sec]
(May 01 2016 15:55:20,  830231 sec) PistonMoveAbsWTO()    052->057 053 054 055 056 [30sec, 13.1Volts, 0.596Amps, CPT:1751sec]
(May 01 2016 15:56:00,  830271 sec) PistonMoveAbsWTO()    056->057 057 [1sec, 13.6Volts, 0.612Amps, CPT:1752sec]
(May 01 2016 15:58:48,  830439 sec) Profile()            Sample 5 initiated at 1400.5dbars for bin 6 [1400dbars].  PTS: 1397.9dbars 4.8466C 34.8690PSU
(May 01 2016 16:07:00,  830931 sec) Profile()            Sample 6 initiated at 1350.2dbars for bin 7 [1350dbars].  PTS: 1347.6dbars 5.0471C 34.8755PSU

<EOT>
