(Nov 28 2014 03:25:16,    2242 sec) AirSystem()          Battery [191cnt, 14.8V]  Current [80cnt, 32.2mA]  Barometer [129cnt, 7.4"Hg]  Run-Time [45s]
(Nov 28 2014 03:26:03,    2289 sec) GpsServices()        GPS almanac is current.
(Nov 28 2014 03:26:03,    2289 sec) GpsServices()        Initiating GPS fix acquisition.
(Nov 28 2014 03:26:16,    2302 sec) gga()                $GPGGA,032610,0954.0404,N,08501.3653,E,0,00,,,M,,M,,*5C
(Nov 28 2014 03:26:26,    2312 sec) gga()                $GPGGA,032620,0954.0404,N,08501.3653,E,0,00,,,M,,M,,*5F
(Nov 28 2014 03:26:37,    2323 sec) gga()                $GPGGA,032630,0954.0404,N,08501.3653,E,0,00,,,M,,M,,*5E
(Nov 28 2014 03:26:47,    2333 sec) gga()                $GPGGA,032640,0954.0404,N,08501.3653,E,0,00,,,M,,M,,*59
(Nov 28 2014 03:26:57,    2343 sec) gga()                $GPGGA,032650,0954.0404,N,08501.3653,E,0,00,,,M,,M,,*58
(Nov 28 2014 03:27:24,    2371 sec) gga()                $GPGGA,032700,0857.7422,N,08547.6282,E,1,07,0.9,1.6,M,-82.4,M,,*67
(Nov 28 2014 03:27:25,    2371 sec) GpsServices()        Profile 0 GPS fix obtained in 82 seconds.
(Nov 28 2014 03:27:25,    2371 sec) GpsServices()                  lon     lat mm/dd/yyyy hhmmss nsat
(Nov 28 2014 03:27:25,    2371 sec) GpsServices()        Fix:   85.794   8.962 11/28/2014 032700    7
(Nov 28 2014 03:27:55,    2401 sec) gga()                $GPGGA,032730,0857.7436,N,08547.6323,E,1,11,0.7,2.2,M,-82.4,M,,*65
(Nov 28 2014 03:28:00,    2407 sec) gga()                $GPGGA,032800,0857.7446,N,08547.6371,E,1,11,0.7,2.9,M,-82.4,M,,*62
(Nov 28 2014 03:28:00,    2407 sec) GpsServices()        APF9 RTC skew (0s) OK.
(Nov 28 2014 03:28:01,    2407 sec) LogNmeaSentences()   3,2,11,12,60,307,48,13,22,110,44,15,10,198,43,17,14,103,46*76
(Nov 28 2014 03:28:01,    2407 sec) LogNmeaSentences()   $GPGSV,3,3,11,24,19,232,40,25,21,319,42,26,23,160,44*4B
(Nov 28 2014 03:28:01,    2408 sec) LogNmeaSentences()   $PGRMT,GPS 15x-L software ver. 3.80,,,,,,,,*7C
(Nov 28 2014 03:28:10,    2416 sec) LogNmeaSentences()   $GPRMC,032810,A,0857.7458,N,08547.6391,E,002.4,108.1,281114,001.8,W*63
(Nov 28 2014 03:28:11,    2417 sec) LogNmeaSentences()   $GPGGA,032810,0857.7458,N,08547.6391,E,1,11,0.7,4.1,M,-82.4,M,,*6C
(Nov 28 2014 03:28:11,    2417 sec) LogNmeaSentences()   $GPGSA,A,3,02,05,06,10,12,13,15,17,24,25,26,,1.1,0.7,0.8*3B
(Nov 28 2014 03:28:11,    2418 sec) LogNmeaSentences()   $GPGSV,3,1,11,02,34,007,45,05,86,021,47,06,10,042,44,10,28,037,36*78
(Nov 28 2014 03:28:12,    2418 sec) LogNmeaSentences()   $GPGSV,3,2,11,12,60,307,44,13,22,110,42,15,10,198,43,17,14,103,45*7F
(Nov 28 2014 03:28:12,    2418 sec) LogNmeaSentences()   $GPGSV,3,3,11,24,19,232,41,25,21,319,41,26,23,160,43*4E
(Nov 28 2014 03:28:20,    2426 sec) LogNmeaSentences()   $GPRMC,032820,A,0857.7457,N,08547.6402,E,001.4,169.1,281114,001.8,W*66
(Nov 28 2014 03:28:21,    2427 sec) LogNmeaSentences()   $GPGGA,032820,0857.7457,N,08547.6402,E,1,11,0.7,2.4,M,-82.4,M,,*6E
(Nov 28 2014 03:28:21,    2427 sec) LogNmeaSentences()   $GPGSA,A,3,02,05,06,10,12,13,15,17,24,25,26,,1.1,0.7,0.8*3B
(Nov 28 2014 03:28:21,    2428 sec) LogNmeaSentences()   $GPGSV,3,1,11,02,34,007,47,05,86,021,49,06,10,042,42,10,28,037,45*76
(Nov 28 2014 03:28:22,    2428 sec) LogNmeaSentences()   $GPGSV,3,2,11,12,60,306,48,13,22,109,43,15,10,198,42,17,14,103,45*7A
(Nov 28 2014 03:28:22,    2428 sec) LogNmeaSentences()   $GPGSV,3,3,11,24,19,232,43,25,21,319,41,26,23,160,44*4B
(Nov 28 2014 03:28:30,    2436 sec) LogNmeaSentences()   $GPRMC,032830,A,0857.7469,N,08547.6415,E,001.0,066.1,281114,001.8,W*66
(Nov 28 2014 03:28:31,    2437 sec) LogNmeaSentences()   $GPGGA,032830,0857.7469,N,08547.6415,E,1,11,0.7,2.1,M,-82.4,M,,*61
(Nov 28 2014 03:28:31,    2437 sec) LogNmeaSentences()   $GPGSA,A,3,02,05,06,10,12,13,15,17,24,25,26,,1.1,0.7,0.8*3B
(Nov 28 2014 03:28:31,    2438 sec) LogNmeaSentences()   $GPGSV,3,1,11,02,34,007,47,05,86,021,50,06,10,042,43,10,28,037,45*7F
(Nov 28 2014 03:28:32,    2438 sec) GpsServices()        GPS services complete.
(Nov 28 2014 03:29:04,    2470 sec) CLogin()             Connecting to primary host.
(Nov 28 2014 03:29:15,    2482 sec) CLogin()             Connection 1 established in 11 seconds.
(Nov 28 2014 03:29:24,    2490 sec) login()              Login successful.
(Nov 28 2014 03:29:28,    2494 sec) CLogin()             Logged in to host.  [Login required 13 seconds]
(Nov 28 2014 03:29:36,    2502 sec) RxConfig()           Downloading "mission.cfg" from host.
(Nov 28 2014 03:29:38,    2504 sec) Rx()                 Initiating transfer. [0x43]
(Nov 28 2014 03:29:44,    2510 sec) Rx()                 Pad character [0x1a] found in ascii mode - truncating packet.
(Nov 28 2014 03:29:51,    2517 sec) Rx()                 Received EOT - transfer complete. [1 packets, 1024 bytes, 13 sec, 78.8 bps]
(Nov 28 2014 03:29:51,    2517 sec) RxConfig()           Download successful.
(Nov 28 2014 03:29:57,    2523 sec) RxConfig()           Attempt to delete "mission.cfg" failed [errno=2].
(Nov 28 2014 03:30:10,    2537 sec) WriteVitals()        Writing vitals to "9567.1411280323".
(Nov 28 2014 03:30:14,    2540 sec) UpLoadFile()         Uploading "9567.000.log" to host as "9567.000.log".
(Nov 28 2014 03:30:16,    2542 sec) Tx()                 CRC negotiation successful. [16-bit CRC]
(Nov 28 2014 03:30:40,    2567 sec) TxPacket()           NAK received - resending packet. [PktNum=0x04]
(Nov 28 2014 03:30:40,    2567 sec) TxPacket()           Packet xmit history: [10000001] (0:ok, 1:fail).
(Nov 28 2014 03:31:09,    2595 sec) Tx()                 Transmission completed successfully [8 packets, 7603 bytes, 52 sec, 157.5 bps]
(Nov 28 2014 03:31:09,    2596 sec) UpLoadFile()         Upload successful.
(Nov 28 2014 03:31:12,    2599 sec) UpLoadFile()         Uploading "9567.1411280305.log" to host as "9567.1411280305.log".
(Nov 28 2014 03:31:15,    2601 sec) Tx()                 CRC negotiation successful. [16-bit CRC]
(Nov 28 2014 03:31:23,    2610 sec) TxPacket()           NAK received - resending packet. [PktNum=0x01]
(Nov 28 2014 03:31:23,    2610 sec) TxPacket()           Packet xmit history: [01000001] (0:ok, 1:fail).
(Nov 28 2014 03:31:48,    2635 sec) Tx()                 Transmission completed successfully [4 packets, 3261 bytes, 32 sec, 128.0 bps]
(Nov 28 2014 03:31:48,    2635 sec) UpLoadFile()         Upload successful.
(Nov 28 2014 03:31:52,    2638 sec) UpLoadFile()         Uploading "9567.1411280323" to host as "9567.1411280323".
(Nov 28 2014 03:31:54,    2640 sec) Tx()                 CRC negotiation successful. [16-bit CRC]
(Nov 28 2014 03:32:05,    2652 sec) Tx()                 Transmission completed successfully [1 packets, 699 bytes, 10 sec, 102.4 bps]
(Nov 28 2014 03:32:05,    2652 sec) UpLoadFile()         Upload successful.
(Nov 28 2014 03:32:12,    2658 sec) UpLoad()             Files successfully uploaded: 3
(Nov 28 2014 03:32:12,    2658 sec) UpLoad()             Upload complete.
(Nov 28 2014 03:32:16,    2662 sec) logout()             Log-out successful.
(Nov 28 2014 03:32:17,    2663 sec) Telemetry()          Telemetry cycle complete: PrfId=0 ConnectionAttempts=1  Connections=1
(Nov 28 2014 03:32:19,    2665 sec) configure()          Parsing configurators in "mission.cfg".
(Nov 28 2014 03:32:23,    2669 sec) configure()             TelemetryRetry(15)      [0x7BBC] [TelemetryRetry(15)].
(Nov 28 2014 03:32:23,    2669 sec) configure()          Configuration CRCs and syntax OK.
(Nov 28 2014 03:32:23,    2669 sec) ConfigSupervisor()   Sanity check violated: cfg->PressureCP >= 750
(Nov 28 2014 03:32:23,    2669 sec) ConfigSupervisor()   Configuration accepted.
(Nov 28 2014 03:47:30,    3577 sec) Prelude()            Logging configuration and initiating telemetry.
(Nov 28 2014 03:47:30,    3577 sec) LogConfiguration()   Mission configuration for Apf9i FwRev 012811:
(Nov 28 2014 03:47:30,    3577 sec) LogConfiguration()      AscentTimeOut(540) [min]
(Nov 28 2014 03:47:31,    3577 sec) LogConfiguration()      AtDialCmd(AT+CBST=71,0,1;DT0088160000573) [primary]
(Nov 28 2014 03:47:31,    3577 sec) LogConfiguration()      AltDialCmd(AT+CBST=7,0,1;DT0013016366303) [alternate]
(Nov 28 2014 03:47:31,    3577 sec) LogConfiguration()      BuoyancyNudge(10) [count]
(Nov 28 2014 03:47:31,    3577 sec) LogConfiguration()      BuoyancyNudgeInitial(22) [count]
(Nov 28 2014 03:47:31,    3577 sec) LogConfiguration()      ConnectTimeOut(60) [sec]
(Nov 28 2014 03:47:31,    3577 sec) LogConfiguration()      CpActivationP(500) [dbar]
(Nov 28 2014 03:47:31,    3578 sec) LogConfiguration()      DeepProfileDescentTime(300) [min]
(Nov 28 2014 03:47:31,    3578 sec) LogConfiguration()      DeepProfilePistonPos(16) [count]
(Nov 28 2014 03:47:31,    3578 sec) LogConfiguration()      DeepProfilePressure(2000) [dbar]
(Nov 28 2014 03:47:32,    3578 sec) LogConfiguration()      CompensatorHyperRetraction(254) [count]
(Nov 28 2014 03:47:32,    3578 sec) LogConfiguration()      DownTime(13740) [min]
(Nov 28 2014 03:47:32,    3578 sec) LogConfiguration()      FloatId(9567)
(Nov 28 2014 03:47:32,    3578 sec) LogConfiguration()      FullExtension(227) [count]
(Nov 28 2014 03:47:32,    3578 sec) LogConfiguration()      FullRetraction(9) [count]
(Nov 28 2014 03:47:32,    3578 sec) LogConfiguration()      MaxAirBladder(124) [count]
(Nov 28 2014 03:47:32,    3578 sec) LogConfiguration()      MaxLogKb(40) [KByte]
(Nov 28 2014 03:47:32,    3579 sec) LogConfiguration()      MissionPrelude(360) [min]
(Nov 28 2014 03:47:32,    3579 sec) LogConfiguration()      OkVacuum(96) [count]
(Nov 28 2014 03:47:32,    3579 sec) LogConfiguration()      PActivationPistonPosition(16) [count]
(Nov 28 2014 03:47:33,    3579 sec) LogConfiguration()      ParkDescentTime(300) [min]
(Nov 28 2014 03:47:33,    3579 sec) LogConfiguration()      ParkPistonPos(66) [count]
(Nov 28 2014 03:47:33,    3579 sec) LogConfiguration()      ParkPressure(1000) [dbar]
(Nov 28 2014 03:47:33,    3579 sec) LogConfiguration()      PnPCycleLen(1)
(Nov 28 2014 03:47:33,    3579 sec) LogConfiguration()      Pwd(0x3c35)
(Nov 28 2014 03:47:33,    3579 sec) LogConfiguration()      TelemetryRetry(15) [min]
(Nov 28 2014 03:47:33,    3579 sec) LogConfiguration()      TimeOfDay(DISABLED) [min]
(Nov 28 2014 03:47:33,    3580 sec) LogConfiguration()      UpTime(660) [min]
(Nov 28 2014 03:47:33,    3580 sec) LogConfiguration()      User(f9567)
(Nov 28 2014 03:47:33,    3580 sec) LogConfiguration()      Verbosity(2)
(Nov 28 2014 03:47:34,    3580 sec) LogConfiguration()      DebugBits(0x0002)

<EOT>
