(Oct 05 2016 23:42:52,  841747 sec) TelemetryInit()      Profile 70. (Apf9i FwRev: 012811)
(Oct 05 2016 23:49:50,  842166 sec) AirSystem()          Battery [188cnt, 14.6V]  Current [77cnt, 31.0mA]  Barometer [126cnt, 6.5"Hg]  Run-Time [49s]
(Oct 05 2016 23:50:19,  842194 sec) GpsServices()        Replacing aged (98 days) almanac.
(Oct 05 2016 23:50:19,  842195 sec) UpLoadGpsAlmanac()   Pausing for 15 minutes to upload GPS almanac.
(Oct 06 2016 00:05:19,  843095 sec) UpLoadGpsAlmanac()   Pause complete.
(Oct 06 2016 00:05:19,  843095 sec) GpsServices()        New almanac acquired.
(Oct 06 2016 00:05:19,  843095 sec) GpsServices()        Initiating GPS fix acquisition.
(Oct 06 2016 00:05:45,  843120 sec) gga()                $GPGGA,000510,1555.8622,N,08247.6939,E,1,09,0.9,-6.3,M,-79.9,M,,*42
(Oct 06 2016 00:05:45,  843121 sec) GpsServices()        Profile 70 GPS fix obtained in 25 seconds.
(Oct 06 2016 00:05:45,  843121 sec) GpsServices()                  lon     lat mm/dd/yyyy hhmmss nsat
(Oct 06 2016 00:05:45,  843121 sec) GpsServices()        Fix:   82.795  15.931 10/06/2016 000510    9
(Oct 06 2016 00:06:15,  843150 sec) gga()                $GPGGA,000540,1555.8667,N,08247.6980,E,1,09,0.9,-6.4,M,-79.9,M,,*43
(Oct 06 2016 00:06:20,  843156 sec) gga()                $GPGGA,000610,1555.8706,N,08247.7015,E,1,09,0.9,-6.3,M,-79.9,M,,*40
(Oct 06 2016 00:06:21,  843156 sec) GpsServices()        APF9 RTC skew (11s) OK.
(Oct 06 2016 00:06:21,  843156 sec) LogNmeaSentences()   ,041,41,13,23,284,43,17,57,306,46,19,46,268,47*75
(Oct 06 2016 00:06:21,  843157 sec) LogNmeaSentences()   $GPGSV,3,3,12,22,02,085,33,28,41,008,47,30,76,129,50,03,06,104,00*7C
(Oct 06 2016 00:06:30,  843166 sec) LogNmeaSentences()   $GPRMC,000620,A,1555.8705,N,08247.7035,E,000.0,121.8,061016,001.1,W*6C
(Oct 06 2016 00:06:31,  843166 sec) LogNmeaSentences()   $GPGGA,000620,1555.8705,N,08247.7035,E,1,09,0.9,-7.9,M,-79.9,M,,*49
(Oct 06 2016 00:06:31,  843167 sec) LogNmeaSentences()   $GPGSA,A,3,01,,06,07,,11,13,17,19,,28,30,1.2,0.9,0.8*35
(Oct 06 2016 00:06:31,  843167 sec) LogNmeaSentences()   $GPGSV,3,1,12,01,25,047,42,02,01,209,22,06,31,195,43,07,44,142,47*7E
(Oct 06 2016 00:06:32,  843167 sec) LogNmeaSentences()   $GPGSV,3,2,12,09,03,165,35,11,12,041,42,13,23,284,44,17,57,306,48*75
(Oct 06 2016 00:06:32,  843168 sec) LogNmeaSentences()   $GPGSV,3,3,12,19,46,268,46,22,02,085,30,28,41,008,48,30,76,129,48*7D
(Oct 06 2016 00:06:40,  843176 sec) LogNmeaSentences()   $GPRMC,000630,A,1555.8731,N,08247.7041,E,000.5,100.5,061016,001.1,W*62
(Oct 06 2016 00:06:41,  843176 sec) LogNmeaSentences()   $GPGGA,000630,1555.8731,N,08247.7041,E,1,08,1.0,-8.4,M,-79.9,M,,*47
(Oct 06 2016 00:06:41,  843177 sec) LogNmeaSentences()   $GPGSA,A,3,,06,07,,11,13,17,19,,28,30,,1.3,1.0,0.9*3C
(Oct 06 2016 00:06:41,  843177 sec) LogNmeaSentences()   $GPGSV,3,1,12,02,01,209,27,06,31,195,45,07,44,142,49,09,03,165,34*7F
(Oct 06 2016 00:06:42,  843177 sec) LogNmeaSentences()   $GPGSV,3,2,12,11,12,041,42,13,23,284,37,17,57,306,44,19,46,268,43*72
(Oct 06 2016 00:06:42,  843178 sec) LogNmeaSentences()   $GPGSV,3,3,12,22,02,085,32,28,41,008,44,30,76,129,50,01,25,046,00*7A
(Oct 06 2016 00:06:50,  843186 sec) LogNmeaSentences()   $GPRMC,000640,A,1555.8728,N,08247.7040,E,000.0,227.4,061016,001.1,W*6E
(Oct 06 2016 00:06:51,  843186 sec) LogNmeaSentences()   $GPGGA,000640,1555.8728,N,08247.7040,E,1,08,1.0,-8.0,M,-79.9,M,,*4D
(Oct 06 2016 00:06:51,  843187 sec) LogNmeaSentences()   $GPGSA,A,3,,06,07,,11,13,17,19,,28,30,,1.3,1.0,0.9*3C
(Oct 06 2016 00:06:51,  843187 sec) LogNmeaSentences()   $GPGSV,3,1,12,02,01,209,28,06,31,195,44,07,44,142,43,09,03,165,36*79
(Oct 06 2016 00:06:52,  843187 sec) LogNmeaSentences()   $GPGSV,3,2,12,11,12,041,41,13,23,284,45,17,57,306,48,19,46,268,47*7C
(Oct 06 2016 00:06:52,  843188 sec) LogNmeaSentences()   $GPGSV,3,3,12,22,02,085,27,28,41,009,46,30,76,130,48,01,25,046,00*7C
(Oct 06 2016 00:07:00,  843196 sec) LogNmeaSentences()   $GPRMC,000650,A,1555.8745,N,08247.7063,E,001.5,052.6,061016,001.1,W*63
(Oct 06 2016 00:07:01,  843196 sec) LogNmeaSentences()   $GPGGA,000650,1555.8745,N,08247.7063,E,1,08,1.0,-6.8,M,-79.9,M,,*40
(Oct 06 2016 00:07:01,  843197 sec) LogNmeaSentences()   $GPGSA,A,3,,06,07,,11,13,17,19,,28,30,,1.9,1.0,1.6*38
(Oct 06 2016 00:07:01,  843197 sec) LogNmeaSentences()   $GPGSV,3,1,12,02,01,209,24,06,31,195,44,07,44,142,48,09,03,165,33*7B
(Oct 06 2016 00:07:02,  843197 sec) LogNmeaSentences()   $GPGSV,3,2,12,11,12,041,41,13,23,283,44,17,57,306,48,19,46,268,47*7A
(Oct 06 2016 00:07:02,  843198 sec) LogNmeaSentences()   $GPGSV,3,3,12,22,02,085,31,28,41,009,45,30,76,130,49,01,25,046,00*79
(Oct 06 2016 00:07:10,  843206 sec) LogNmeaSentences()   $GPRMC,000700,A,1555.8771,N,08247.7074,E,001.0,357.4,061016,001.1,W*67
(Oct 06 2016 00:07:11,  843206 sec) LogNmeaSentences()   $GPGGA,000700,1555.8771,N,08247.7074,E,1,08,1.0,-6.1,M,-79.9,M,,*4C
(Oct 06 2016 00:07:11,  843207 sec) LogNmeaSentences()   $GPGSA,A,3,,06,07,,11,13,17,19,,28,30,,1.3,1.0,0.9*3C
(Oct 06 2016 00:07:11,  843207 sec) LogNmeaSentences()   $GPGSV,3,1,12,02,01,209,22,06,31,195,44,07,44,142,48,09,03,165,32*7C
(Oct 06 2016 00:07:12,  843207 sec) LogNmeaSentences()   $GPGSV,3,2,12,11,12,041,40,13,23,283,42,17,57,307,47,19,46,269,46*73
(Oct 06 2016 00:07:12,  843208 sec) LogNmeaSentences()   $GPGSV,3,3,12,22,02,084,29,28,41,009,46,30,76,130,48,01,25,046,00*73
(Oct 06 2016 00:07:12,  843208 sec) LogNmeaSentences()   $PGRMT,GPS 15x-L software ver. 3.80,,,,,,,,*7C
(Oct 06 2016 00:07:13,  843208 sec) GpsServices()        GPS services complete.
(Oct 06 2016 00:07:37,  843233 sec) CLogin()             Connecting to primary host.
(Oct 06 2016 00:07:49,  843244 sec) CLogin()             Connection 1 established in 12 seconds.
(Oct 06 2016 00:07:57,  843253 sec) login()              Login successful.
(Oct 06 2016 00:08:01,  843256 sec) CLogin()             Logged in to host.  [Login required 12 seconds]
(Oct 06 2016 00:08:09,  843264 sec) RxConfig()           Downloading "mission.cfg" from host.
(Oct 06 2016 00:08:11,  843267 sec) Rx()                 Initiating transfer. [0x43]
(Oct 06 2016 00:08:17,  843273 sec) Rx()                 Pad character [0x1a] found in ascii mode - truncating packet.
(Oct 06 2016 00:08:22,  843277 sec) Rx()                 Received EOT - transfer complete. [1 packets, 1024 bytes, 11 sec, 93.1 bps]
(Oct 06 2016 00:08:22,  843277 sec) RxConfig()           Download successful.
(Oct 06 2016 00:08:36,  843291 sec) WriteVitals()        Writing vitals to "9567.070.msg".
(Oct 06 2016 00:08:45,  843301 sec) UpLoadFile()         Uploading "9567.069.log" to host as "9567.069.log".
(Oct 06 2016 00:08:49,  843305 sec) Tx()                 CRC negotiation successful. [16-bit CRC]
(Oct 06 2016 00:09:37,  843353 sec) TxPacket()           NAK received - resending packet. [PktNum=0x09]
(Oct 06 2016 00:09:37,  843353 sec) TxPacket()           Packet xmit history: [00000001] (0:ok, 1:fail).
(Oct 06 2016 00:10:13,  843389 sec) TxPacket()           NAK received - resending packet. [PktNum=0x0e]
(Oct 06 2016 00:10:14,  843389 sec) TxPacket()           Packet xmit history: [01000001] (0:ok, 1:fail).
(Oct 06 2016 00:10:46,  843422 sec) TxPacket()           NAK received - resending packet. [PktNum=0x13]
(Oct 06 2016 00:10:47,  843422 sec) TxPacket()           Packet xmit history: [01000001] (0:ok, 1:fail).
(Oct 06 2016 00:11:07,  843443 sec) TxPacket()           NAK received - resending packet. [PktNum=0x16]
(Oct 06 2016 00:11:07,  843443 sec) TxPacket()           Packet xmit history: [00010001] (0:ok, 1:fail).
(Oct 06 2016 00:11:48,  843484 sec) TxPacket()           NAK received - resending packet. [PktNum=0x1d]
(Oct 06 2016 00:11:48,  843484 sec) TxPacket()           Packet xmit history: [00000001] (0:ok, 1:fail).
(Oct 06 2016 00:12:19,  843515 sec) TxPacket()           NAK received - resending packet. [PktNum=0x22]
(Oct 06 2016 00:12:19,  843515 sec) TxPacket()           Packet xmit history: [01000001] (0:ok, 1:fail).
(Oct 06 2016 00:12:56,  843552 sec) TxPacket()           NAK received - resending packet. [PktNum=0x28]
(Oct 06 2016 00:12:57,  843552 sec) TxPacket()           Packet xmit history: [10000001] (0:ok, 1:fail).
(Oct 06 2016 00:13:06,  843561 sec) Tx()                 Transmission completed successfully [40 packets, 40766 bytes, 256 sec, 160.0 bps]
(Oct 06 2016 00:13:06,  843561 sec) UpLoadFile()         Upload successful.
(Oct 06 2016 00:13:13,  843569 sec) UpLoadFile()         Uploading "9567.070.log" to host as "9567.070.log".
(Oct 06 2016 00:13:15,  843571 sec) Tx()                 CRC negotiation successful. [16-bit CRC]
(Oct 06 2016 00:13:28,  843584 sec) TxPacket()           NAK received - resending packet. [PktNum=0x02]
(Oct 06 2016 00:13:29,  843584 sec) TxPacket()           Packet xmit history: [00001001] (0:ok, 1:fail).
(Oct 06 2016 00:13:33,  843589 sec) TxPacket()           NAK received - resending packet. [PktNum=0x02]
(Oct 06 2016 00:13:34,  843589 sec) TxPacket()           Packet xmit history: [00010011] (0:ok, 1:fail).
(Oct 06 2016 00:13:40,  843596 sec) TxPacket()           NAK received - resending packet. [PktNum=0x02]
(Oct 06 2016 00:13:40,  843596 sec) TxPacket()           Packet xmit history: [00100111] (0:ok, 1:fail).
(Oct 06 2016 00:13:55,  843611 sec) TxPacket()           NAK received - resending packet. [PktNum=0x03]
(Oct 06 2016 00:13:56,  843611 sec) TxPacket()           Packet xmit history: [10011101] (0:ok, 1:fail).
(Oct 06 2016 00:14:41,  843657 sec) TxPacket()           NAK received - resending packet. [PktNum=0x10]
(Oct 06 2016 00:14:41,  843657 sec) TxPacket()           Packet xmit history: [00000001] (0:ok, 1:fail).
(Oct 06 2016 00:14:49,  843664 sec) TxPacket()           False CAN detected - resending packet. [PktNum=0x10]
(Oct 06 2016 00:14:49,  843664 sec) TxPacket()           Packet xmit history: [00000011] (0:ok, 1:fail).
(Oct 06 2016 00:14:52,  843667 sec) TxPacket()           Packet xmit history: [00000110] (0:ok, 1:fail).
(Oct 06 2016 00:14:56,  843672 sec) TxPacket()           Invalid response [0x63] - resending packet. [PktNum=0x10]
(Oct 06 2016 00:14:56,  843672 sec) TxPacket()           Packet xmit history: [00001101] (0:ok, 1:fail).
(Oct 06 2016 00:14:57,  843672 sec) TxPacket()           Invalid response [0x4e] - resending packet. [PktNum=0x10]
(Oct 06 2016 00:14:57,  843673 sec) TxPacket()           Packet xmit history: [00011011] (0:ok, 1:fail).
(Oct 06 2016 00:15:00,  843675 sec) TxPacket()           Invalid response [0x20] - resending packet. [PktNum=0x10]
(Oct 06 2016 00:15:00,  843675 sec) TxPacket()           Packet xmit history: [00110111] (0:ok, 1:fail).
(Oct 06 2016 00:15:02,  843678 sec) TxPacket()           Invalid response [0x0a] - resending packet. [PktNum=0x10]
(Oct 06 2016 00:15:02,  843678 sec) TxPacket()           Packet xmit history: [01101111] (0:ok, 1:fail).
(Oct 06 2016 00:15:03,  843679 sec) TxPacket()           Invalid response [0x20] - resending packet. [PktNum=0x10]
(Oct 06 2016 00:15:03,  843679 sec) TxPacket()           Packet xmit history: [11011111] (0:ok, 1:fail).
(Oct 06 2016 00:15:04,  843680 sec) TxPacket()           Invalid response [0x5d] - resending packet. [PktNum=0x10]
(Oct 06 2016 00:15:04,  843680 sec) TxPacket()           Packet xmit history: [10111111] (0:ok, 1:fail).
(Oct 06 2016 00:15:08,  843683 sec) TxPacket()           Invalid response [0x0a] - resending packet. [PktNum=0x10]
(Oct 06 2016 00:15:08,  843684 sec) TxPacket()           Packet xmit history: [01111111] (0:ok, 1:fail).
(Oct 06 2016 00:15:08,  843684 sec) TxPacket()           Exit status: -5
(Oct 06 2016 00:15:08,  843684 sec) Tx()                 Packet transmission failed - aborting transfer.
(Oct 06 2016 00:15:19,  843695 sec) UpLoadFile()         Upload failed.
(Oct 06 2016 00:15:32,  843708 sec) UpLoadFile()         Uploading "9567.070.msg" to host as "9567.070.msg".
(Oct 06 2016 00:16:32,  843767 sec) Tx()                 CRC negotiation failed - aborting transfer.
(Oct 06 2016 00:16:42,  843778 sec) UpLoadFile()         Upload failed.
(Oct 06 2016 00:16:42,  843778 sec) UpLoad()             Files successfully uploaded: 1
(Oct 06 2016 00:16:42,  843778 sec) UpLoad()             Aborting upload: Retry limit [2] exceeded. Upload incomplete.
(Oct 06 2016 00:16:46,  843782 sec) logout()             Log-out successful.
(Oct 06 2016 00:16:48,  843783 sec) Telemetry()          Telemetry cycle complete: PrfId=70 ConnectionAttempts=1  Connections=1
(Oct 06 2016 00:32:03,  844698 sec) AirSystem()          Air-bladder inflation by-passed. Barometer: [126cnt, 6.5"Hg].
(Oct 06 2016 00:32:31,  844726 sec) GpsServices()        GPS almanac is current.
(Oct 06 2016 00:32:31,  844727 sec) GpsServices()        Initiating GPS fix acquisition.
(Oct 06 2016 00:33:05,  844761 sec) gga()                $GPGGA,003230,1556.0984,N,08247.8473,E,1,06,1.1,0.4,M,-79.9,M,,*6B
(Oct 06 2016 00:33:05,  844761 sec) GpsServices()        Profile 70 GPS fix obtained in 34 seconds.
(Oct 06 2016 00:33:05,  844761 sec) GpsServices()                  lon     lat mm/dd/yyyy hhmmss nsat
(Oct 06 2016 00:33:06,  844761 sec) GpsServices()        Fix:   82.797  15.935 10/06/2016 003230    6
(Oct 06 2016 00:33:35,  844790 sec) gga()                $GPGGA,003300,1556.1032,N,08247.8496,E,1,09,0.9,-4.1,M,-79.9,M,,*4D
(Oct 06 2016 00:33:40,  844796 sec) gga()                $GPGGA,003330,1556.1080,N,08247.8512,E,1,09,0.8,-8.2,M,-79.9,M,,*44
(Oct 06 2016 00:33:41,  844796 sec) GpsServices()        APF9 RTC skew (11s) OK.
(Oct 06 2016 00:33:41,  844796 sec) LogNmeaSentences()   149,46,11,02,041,31,13,23,270,42,15,02,293,30*7B
(Oct 06 2016 00:33:41,  844797 sec) LogNmeaSentences()   $GPGSV,3,3,12,17,53,328,48,28,43,024,46,30,64,152,49,19,49,288,00*7B
(Oct 06 2016 00:33:50,  844806 sec) LogNmeaSentences()   $GPRMC,003340,A,1556.1087,N,08247.8518,E,000.0,069.5,061016,001.1,W*6E
(Oct 06 2016 00:33:51,  844806 sec) LogNmeaSentences()   $GPGGA,003340,1556.1087,N,08247.8518,E,1,09,0.8,-8.3,M,-79.9,M,,*4F
(Oct 06 2016 00:33:51,  844807 sec) LogNmeaSentences()   $GPGSA,A,3,01,02,03,06,07,,13,,17,28,30,,1.2,0.8,0.8*3D
(Oct 06 2016 00:33:51,  844807 sec) LogNmeaSentences()   $GPGSV,3,1,12,01,16,040,42,02,11,209,41,03,09,091,41,06,44,196,45*7E
(Oct 06 2016 00:33:52,  844807 sec) LogNmeaSentences()   $GPGSV,3,2,12,07,32,149,45,11,02,041,30,13,23,270,44,15,02,293,22*7C
(Oct 06 2016 00:33:52,  844808 sec) LogNmeaSentences()   $GPGSV,3,3,12,17,53,328,48,28,43,024,46,30,64,152,48,19,49,288,00*7A
(Oct 06 2016 00:34:00,  844816 sec) LogNmeaSentences()   $GPRMC,003350,A,1556.1101,N,08247.8536,E,001.7,047.8,061016,001.1,W*6B
(Oct 06 2016 00:34:01,  844816 sec) LogNmeaSentences()   $GPGGA,003350,1556.1101,N,08247.8536,E,1,09,0.8,-7.0,M,-79.9,M,,*41
(Oct 06 2016 00:34:01,  844817 sec) LogNmeaSentences()   $GPGSA,A,3,01,02,03,06,07,,13,,17,28,30,,1.2,0.8,0.8*3D
(Oct 06 2016 00:34:01,  844817 sec) LogNmeaSentences()   $GPGSV,3,1,12,01,16,040,42,02,11,209,40,03,09,091,40,06,44,196,42*79
(Oct 06 2016 00:34:02,  844817 sec) LogNmeaSentences()   $GPGSV,3,2,12,07,32,149,43,11,02,041,40,13,23,270,41,15,02,292,37*7D
(Oct 06 2016 00:34:02,  844818 sec) LogNmeaSentences()   $GPGSV,3,3,12,17,53,328,47,28,43,024,47,30,64,152,47,19,49,288,00*7B
(Oct 06 2016 00:34:10,  844826 sec) LogNmeaSentences()   $GPRMC,003400,A,1556.1116,N,08247.8545,E,000.9,083.7,061016,001.1,W*63
(Oct 06 2016 00:34:11,  844826 sec) LogNmeaSentences()   $GPGGA,003400,1556.1116,N,08247.8545,E,1,09,0.8,-6.8,M,-79.9,M,,*48
(Oct 06 2016 00:34:11,  844827 sec) LogNmeaSentences()   $GPGSA,A,3,01,02,03,06,07,,13,,17,28,30,,1.2,0.8,0.8*3D
(Oct 06 2016 00:34:11,  844827 sec) LogNmeaSentences()   $GPGSV,3,1,12,01,16,040,42,02,11,209,40,03,09,091,39,06,44,196,44*71
(Oct 06 2016 00:34:12,  844827 sec) LogNmeaSentences()   $GPGSV,3,2,12,07,32,149,44,11,02,041,30,13,23,270,43,15,02,292,26*7F
(Oct 06 2016 00:34:12,  844828 sec) LogNmeaSentences()   $GPGSV,3,3,12,17,53,328,48,28,43,024,46,30,63,152,48,19,49,290,00*74
(Oct 06 2016 00:34:12,  844828 sec) LogNmeaSentences()   $PGRMT,GPS 15x-L software ver. 3.80,,,,,,,,*7C
(Oct 06 2016 00:34:13,  844828 sec) GpsServices()        GPS services complete.
(Oct 06 2016 00:34:37,  844853 sec) CLogin()             Connecting to primary host.
(Oct 06 2016 00:34:49,  844865 sec) CLogin()             Connection 2 established in 12 seconds.
(Oct 06 2016 00:34:58,  844874 sec) login()              Login successful.
(Oct 06 2016 00:35:01,  844877 sec) CLogin()             Logged in to host.  [Login required 12 seconds]
(Oct 06 2016 00:35:09,  844885 sec) RxConfig()           Downloading "mission.cfg" from host.
(Oct 06 2016 00:35:11,  844887 sec) Rx()                 Initiating transfer. [0x43]
(Oct 06 2016 00:35:17,  844892 sec) Rx()                 Truncated packet received - retrying.
(Oct 06 2016 00:35:19,  844894 sec) RxStartByte()        Sync errors encountered: 967
(Oct 06 2016 00:35:24,  844899 sec) Rx()                 Truncated packet received - retrying.
(Oct 06 2016 00:35:25,  844901 sec) RxStartByte()        Sync errors encountered: 6
(Oct 06 2016 00:35:29,  844904 sec) Rx()                 Truncated packet received - retrying.
(Oct 06 2016 00:35:30,  844906 sec) RxStartByte()        Sync errors encountered: 688
(Oct 06 2016 00:35:34,  844909 sec) Rx()                 Pad character [0x1a] found in ascii mode - truncating packet.
(Oct 06 2016 00:35:38,  844913 sec) Rx()                 Received EOT - transfer complete. [1 packets, 1024 bytes, 27 sec, 37.9 bps]
(Oct 06 2016 00:35:38,  844913 sec) RxConfig()           Download successful.
(Oct 06 2016 00:35:52,  844927 sec) WriteVitals()        Writing vitals to "9567.070.msg".
(Oct 06 2016 00:36:04,  844940 sec) UpLoadFile()         Uploading "9567.070.log" to host as "9567.070.log".
(Oct 06 2016 00:36:06,  844942 sec) Tx()                 CRC negotiation successful. [16-bit CRC]
(Oct 06 2016 00:36:17,  844953 sec) TxPacket()           NAK received - resending packet. [PktNum=0x02]
(Oct 06 2016 00:36:18,  844953 sec) TxPacket()           Packet xmit history: [11100001] (0:ok, 1:fail).
(Oct 06 2016 00:36:39,  844975 sec) TxPacket()           NAK received - resending packet. [PktNum=0x05]
(Oct 06 2016 00:36:40,  844975 sec) TxPacket()           Packet xmit history: [00010001] (0:ok, 1:fail).
(Oct 06 2016 00:37:13,  845009 sec) TxPacket()           NAK received - resending packet. [PktNum=0x0a]
(Oct 06 2016 00:37:14,  845009 sec) TxPacket()           Packet xmit history: [01000001] (0:ok, 1:fail).
(Oct 06 2016 00:37:44,  845040 sec) TxPacket()           NAK received - resending packet. [PktNum=0x0e]
(Oct 06 2016 00:37:45,  845040 sec) TxPacket()           Packet xmit history: [00100001] (0:ok, 1:fail).
(Oct 06 2016 00:38:51,  845107 sec) TxPacket()           NAK received - resending packet. [PktNum=0x19]
(Oct 06 2016 00:38:51,  845107 sec) TxPacket()           Packet xmit history: [00000001] (0:ok, 1:fail).
(Oct 06 2016 00:38:57,  845113 sec) TxPacket()           NAK received - resending packet. [PktNum=0x19]
(Oct 06 2016 00:38:58,  845113 sec) TxPacket()           Packet xmit history: [00000011] (0:ok, 1:fail).
(Oct 06 2016 00:39:32,  845148 sec) TxPacket()           NAK received - resending packet. [PktNum=0x1e]
(Oct 06 2016 00:39:33,  845148 sec) TxPacket()           Packet xmit history: [11000001] (0:ok, 1:fail).
(Oct 06 2016 00:40:26,  845202 sec) TxPacket()           NAK received - resending packet. [PktNum=0x1f]
(Oct 06 2016 00:40:27,  845202 sec) TxPacket()           Packet xmit history: [00000101] (0:ok, 1:fail).
(Oct 06 2016 00:40:38,  845214 sec) TxPacket()           NAK received - resending packet. [PktNum=0x20]
(Oct 06 2016 00:40:38,  845214 sec) TxPacket()           Packet xmit history: [00010101] (0:ok, 1:fail).
(Oct 06 2016 00:41:08,  845244 sec) TxPacket()           NAK received - resending packet. [PktNum=0x24]
(Oct 06 2016 00:41:09,  845244 sec) TxPacket()           Packet xmit history: [10100001] (0:ok, 1:fail).
(Oct 06 2016 00:41:47,  845282 sec) Tx()                 Transmission completed successfully [40 packets, 40737 bytes, 340 sec, 120.5 bps]
(Oct 06 2016 00:41:47,  845283 sec) UpLoadFile()         Upload successful.
(Oct 06 2016 00:41:55,  845290 sec) UpLoadFile()         Uploading "9567.070.msg" to host as "9567.070.msg".
(Oct 06 2016 00:41:59,  845294 sec) Tx()                 CRC negotiation successful. [16-bit CRC]
(Oct 06 2016 00:42:08,  845303 sec) TxPacket()           NAK received - resending packet. [PktNum=0x01]
(Oct 06 2016 00:42:08,  845304 sec) TxPacket()           Packet xmit history: [01000001] (0:ok, 1:fail).
(Oct 06 2016 00:42:12,  845308 sec) TxPacket()           NAK received - resending packet. [PktNum=0x01]
(Oct 06 2016 00:42:13,  845308 sec) TxPacket()           Packet xmit history: [10000011] (0:ok, 1:fail).
(Oct 06 2016 00:42:20,  845316 sec) TxPacket()           NAK received - resending packet. [PktNum=0x01]
(Oct 06 2016 00:42:20,  845316 sec) TxPacket()           Packet xmit history: [00000111] (0:ok, 1:fail).
(Oct 06 2016 00:43:11,  845367 sec) TxPacket()           NAK received - resending packet. [PktNum=0x08]
(Oct 06 2016 00:43:11,  845367 sec) TxPacket()           Packet xmit history: [00000001] (0:ok, 1:fail).
(Oct 06 2016 00:43:16,  845372 sec) TxPacket()           NAK received - resending packet. [PktNum=0x08]
(Oct 06 2016 00:43:16,  845372 sec) TxPacket()           Packet xmit history: [00000011] (0:ok, 1:fail).
(Oct 06 2016 00:43:28,  845383 sec) TxPacket()           NAK received - resending packet. [PktNum=0x08]
(Oct 06 2016 00:43:28,  845384 sec) TxPacket()           Packet xmit history: [00000111] (0:ok, 1:fail).
(Oct 06 2016 00:43:46,  845402 sec) TxPacket()           NAK received - resending packet. [PktNum=0x0a]
(Oct 06 2016 00:43:46,  845402 sec) TxPacket()           Packet xmit history: [00111001] (0:ok, 1:fail).
(Oct 06 2016 00:44:01,  845417 sec) TxPacket()           NAK received - resending packet. [PktNum=0x0d]
(Oct 06 2016 00:44:02,  845417 sec) TxPacket()           Packet xmit history: [10010001] (0:ok, 1:fail).
(Oct 06 2016 00:44:12,  845428 sec) TxPacket()           NAK received - resending packet. [PktNum=0x0e]
(Oct 06 2016 00:44:12,  845428 sec) TxPacket()           Packet xmit history: [01000101] (0:ok, 1:fail).
(Oct 06 2016 00:44:26,  845442 sec) TxPacket()           NAK received - resending packet. [PktNum=0x10]
(Oct 06 2016 00:44:26,  845442 sec) TxPacket()           Packet xmit history: [00101001] (0:ok, 1:fail).
(Oct 06 2016 00:45:09,  845485 sec) TxPacket()           NAK received - resending packet. [PktNum=0x16]
(Oct 06 2016 00:45:09,  845485 sec) TxPacket()           Packet xmit history: [10000001] (0:ok, 1:fail).
(Oct 06 2016 00:45:37,  845513 sec) Tx()                 Transmission completed successfully [26 packets, 24029 bytes, 217 sec, 114.4 bps]
(Oct 06 2016 00:45:38,  845513 sec) UpLoadFile()         Upload successful.
(Oct 06 2016 00:45:44,  845519 sec) UpLoad()             Files successfully uploaded: 2
(Oct 06 2016 00:45:44,  845519 sec) UpLoad()             Upload complete.
(Oct 06 2016 00:45:48,  845523 sec) logout()             Log-out successful.
(Oct 06 2016 00:45:49,  845524 sec) Telemetry()          Telemetry cycle complete: PrfId=70 ConnectionAttempts=2  Connections=2
(Oct 06 2016 00:45:49,  845525 sec) TelemetryTerminate() Parsing new mission configuration.
(Oct 06 2016 00:45:50,  845526 sec) configure()          Parsing configurators in "mission.cfg".
(Oct 06 2016 00:45:54,  845530 sec) configure()             TelemetryRetry(15)      [0x7BBC] [TelemetryRetry(15)].
(Oct 06 2016 00:45:55,  845530 sec) configure()          Configuration CRCs and syntax OK.
(Oct 06 2016 00:45:55,  845530 sec) ConfigSupervisor()   Sanity check violated: cfg->PressureCP >= 750
(Oct 06 2016 00:45:55,  845530 sec) ConfigSupervisor()   Configuration accepted.
(Oct 06 2016 00:45:55,  845531 sec) TelemetryTerminate() Reconditioning the file system.
(Oct 06 2016 00:46:07,       6 sec) DescentInit()        Deep profile 71 initiated at mission-time 845536sec.
(Oct 06 2016 00:46:09,       9 sec) DescentInit()        Surface pressure: -0.2dbars.
(Oct 06 2016 00:46:14,      14 sec) PistonMoveAbsWTO()    207->054 206 205 204 203 202 201 200 199 198 197 196 195 194 193 192 191 190 189 188 187 186 185 184 183 182 181 180 179 178 177 176 175 174 173 172 171 170 169 168 167 166 165 164 163 162 161 160 159 158 157 156 155 154 153 152 151 150 149 148 147 146 145 144 143 142 141 140 139 138 137 136 135 134 133 132 131 130 129 128 127 126 125 124 123 122 121 120 119 118 117 116 115 114 113 112 111 110 109 108 107 106 105 104 103 102 101 100 099 098 097 096 095 094 093 092 091 090 089 088 087 086 085 084 083 082 081 080 079 078 077 076 075 074 073 072 071 070 069 068 067 066 065 064 063 062 061 060 059 058 057 056 055 054 [763sec, 14.3Volts, 0.161Amps, CPT:763sec]
(Oct 06 2016 00:58:58,     778 sec) PistonMoveAbsWTO()    054->000 053 052 051 050 049 048 047 046 045 044 043 042 041 040 039 038 037 036 035 034 033 032 031 030 029 028 027 026 025 024 023 022 021 020 019 018 017 016 015 014 013 012 011 010 009 [224sec, 14.3Volts, 0.153Amps, CPT:987sec]
(Oct 06 2016 01:02:52,    1012 sec) Descent()            Pressure: 91.4
(Oct 06 2016 01:46:04,    3604 sec) Descent()            Pressure: 401.0
(Oct 06 2016 02:46:04,    7204 sec) Descent()            Pressure: 868.3
(Oct 06 2016 02:46:05,    7204 sec) PistonMoveAbsWTO()    009->054 010 011 012 013 014 015 016 017 018 019 020 021 022 023 024 025 026 027 028 029 030 031 032 033 034 035 036 037 038 039 040 041 042 043 044 045 046 047 048 049 050 051 052 053 054 [259sec, 13.5Volts, 0.431Amps, CPT:1246sec]
(Oct 06 2016 03:46:04,   10804 sec) Descent()            Pressure: 793.1
(Oct 06 2016 04:46:04,   14404 sec) Descent()            Pressure: 799.2
(Oct 06 2016 05:46:04,   18004 sec) Descent()            Pressure: 812.4
(Oct 06 2016 05:46:05,   18004 sec) ParkInit()           
(Oct 06 2016 07:46:34,   25233 sec) Park()               ParkPOutOfBand[-3, 853.2 dbars]: retract piston.
(Oct 06 2016 07:46:34,   25234 sec) PistonMoveAbsWTO()    054->053 053 [1sec, 14.0Volts, 0.113Amps, CPT:1247sec]
(Oct 06 2016 10:46:34,   36033 sec) Park()               ParkPOutOfBand[-3, 888.4 dbars]: retract piston.
(Oct 06 2016 10:46:34,   36034 sec) PistonMoveAbsWTO()    053->052 052 [5sec, 13.9Volts, 0.097Amps, CPT:1252sec]
(Oct 06 2016 13:46:34,   46833 sec) Park()               ParkPOutOfBand[-3, 935.6 dbars]: retract piston.
(Oct 06 2016 13:46:34,   46834 sec) PistonMoveAbsWTO()    052->051 051 [5sec, 14.0Volts, 0.085Amps, CPT:1257sec]
(Oct 06 2016 16:46:34,   57633 sec) Park()               ParkPOutOfBand[-3, 987.5 dbars]: retract piston.
(Oct 06 2016 16:46:34,   57634 sec) PistonMoveAbsWTO()    051->050 050 [4sec, 14.0Volts, 0.085Amps, CPT:1261sec]
(Oct 06 2016 19:46:34,   68433 sec) Park()               ParkPOutOfBand[3, 1026.9 dbars]: extend piston.
(Oct 06 2016 19:46:34,   68434 sec) PistonMoveAbsWTO()    050->051 051 [2sec, 13.8Volts, 0.467Amps, CPT:1263sec]
(Oct 06 2016 22:46:34,   79233 sec) Park()               ParkPOutOfBand[3, 1026.3 dbars]: extend piston.
(Oct 06 2016 22:46:34,   79234 sec) PistonMoveAbsWTO()    051->052 052 [5sec, 13.2Volts, 0.484Amps, CPT:1268sec]
(Oct 07 2016 06:46:34,  108033 sec) Park()               ParkPOutOfBand[3, 1011.5 dbars]: extend piston.
(Oct 07 2016 06:46:34,  108034 sec) PistonMoveAbsWTO()    052->053 053 [6sec, 13.0Volts, 0.467Amps, CPT:1274sec]
(Oct 07 2016 09:46:34,  118834 sec) Park()               ParkPOutOfBand[-3, 980.1 dbars]: retract piston.
(Oct 07 2016 09:46:35,  118834 sec) PistonMoveAbsWTO()    053->052 052 [2sec, 13.8Volts, 0.101Amps, CPT:1276sec]
(Oct 08 2016 16:46:34,  230434 sec) Park()               ParkPOutOfBand[3, 1013.2 dbars]: extend piston.
(Oct 08 2016 16:46:35,  230434 sec) PistonMoveAbsWTO()    052->053 053 [3sec, 13.4Volts, 0.467Amps, CPT:1279sec]
(Oct 09 2016 20:46:35,  331234 sec) Park()               ParkPOutOfBand[3, 1013.4 dbars]: extend piston.
(Oct 09 2016 20:46:35,  331235 sec) PistonMoveAbsWTO()    053->054 054 [7sec, 12.9Volts, 0.488Amps, CPT:1286sec]
(Oct 09 2016 23:46:36,  342036 sec) Park()               ParkPOutOfBand[-3, 982.0 dbars]: retract piston.
(Oct 09 2016 23:46:37,  342036 sec) PistonMoveAbsWTO()    054->053 053 [3sec, 13.8Volts, 0.113Amps, CPT:1289sec]
(Oct 15 2016 08:46:26,  806425 sec) CtdPower()           [  992.07,  5.9519, 34.9109]
(Oct 15 2016 08:46:26,  806425 sec) CtdPower()           CTD Power consumption [178VCnt 11ACnt]: 13.798Volts * 0.044Amps = 0.61Watts.
(Oct 15 2016 08:46:26,  806426 sec) ParkTerminate()      Piston Position:53 Vacuum:79 Vq:196 Aq:6 Vsbe:178 Asbe:11
(Oct 15 2016 08:46:54,  806453 sec) ParkTerminate()      PTS: 991.9dbars 5.9516C 34.9111PSU
(Oct 15 2016 08:46:54,  806454 sec) GoDeepInit()         Moving piston.
(Oct 15 2016 08:46:54,  806454 sec) PistonMoveAbsWTO()    053->014 052 051 050 049 048 047 046 045 044 043 042 041 040 039 038 037 036 035 034 033 032 031 030 029 028 027 026 025 024 023 022 021 020 019 018 017 016 015 014 [201sec, 13.8Volts, 0.085Amps, CPT:1490sec]
(Oct 15 2016 12:21:04,  819304 sec) GoDeep()             Sequence point detected at 2005.9dbar.
(Oct 15 2016 12:21:07,  819306 sec) ProfileInit()        PrfId:071  Pressure:2005.9dbar  pTable[0]:2000dbar
(Oct 15 2016 12:21:18,  819317 sec) PistonMoveAbsWTO()    014->036 015 016 017 018 019 [30sec, 12.5Volts, 0.806Amps, CPT:1520sec]
(Oct 15 2016 12:21:58,  819357 sec) PistonMoveAbsWTO()    019->036 020 021 022 023 [30sec, 12.6Volts, 0.786Amps, CPT:1550sec]
(Oct 15 2016 12:22:38,  819397 sec) PistonMoveAbsWTO()    023->036 024 025 026 027 [30sec, 12.4Volts, 0.802Amps, CPT:1580sec]
(Oct 15 2016 12:23:18,  819437 sec) PistonMoveAbsWTO()    027->036 028 029 030 031 [30sec, 12.2Volts, 0.790Amps, CPT:1610sec]
(Oct 15 2016 12:24:25,  819504 sec) Profile()            Sample 0 initiated at 2000.2dbars for bin 0 [2000dbars].  PTS: 1997.8dbars 2.6236C 34.7765PSU
(Oct 15 2016 12:24:25,  819505 sec) PistonMoveAbsWTO()    031->036 032 033 034 035 [30sec, 12.2Volts, 0.794Amps, CPT:1640sec]
(Oct 15 2016 12:25:06,  819545 sec) PistonMoveAbsWTO()    035->036 036 [1sec, 13.2Volts, 0.794Amps, CPT:1641sec]
(Oct 15 2016 12:40:46,  820485 sec) Profile()            Sample 1 initiated at 1900.5dbars for bin 1 [1900dbars].  PTS: 1898.0dbars 2.8744C 34.7875PSU
(Oct 15 2016 12:58:02,  821521 sec) Profile()            Sample 2 initiated at 1800.2dbars for bin 2 [1800dbars].  PTS: 1797.9dbars 3.1072C 34.7969PSU
(Oct 15 2016 13:16:31,  822630 sec) AscentControlAgent() Bouyancy nudge to 46 (v=0.076dbar/sec).
(Oct 15 2016 13:16:31,  822631 sec) PistonMoveAbsWTO()    036->046 037 038 039 040 [30sec, 13.0Volts, 0.693Amps, CPT:1671sec]
(Oct 15 2016 13:17:39,  822698 sec) Profile()            Sample 3 initiated at 1699.7dbars for bin 3 [1700dbars].  PTS: 1697.4dbars 3.3715C 34.8088PSU
(Oct 15 2016 13:17:39,  822699 sec) PistonMoveAbsWTO()    040->046 041 042 043 044 045 [30sec, 12.8Volts, 0.681Amps, CPT:1701sec]
(Oct 15 2016 13:18:20,  822739 sec) PistonMoveAbsWTO()    045->046 046 [6sec, 12.8Volts, 0.685Amps, CPT:1707sec]
(Oct 15 2016 13:34:09,  823688 sec) Profile()            Sample 4 initiated at 1600.2dbars for bin 4 [1600dbars].  PTS: 1597.9dbars 3.6877C 34.8216PSU
(Oct 15 2016 13:52:25,  824784 sec) Profile()            Sample 5 initiated at 1501.0dbars for bin 5 [1500dbars].  PTS: 1498.8dbars 4.0523C 34.8367PSU
(Oct 15 2016 14:06:52,  825651 sec) AscentControlAgent() Bouyancy nudge to 56 (v=0.072dbar/sec).
(Oct 15 2016 14:06:52,  825652 sec) PistonMoveAbsWTO()    046->056 047 048 049 050 [30sec, 13.2Volts, 0.596Amps, CPT:1737sec]
(Oct 15 2016 14:07:33,  825692 sec) PistonMoveAbsWTO()    050->056 051 052 053 054 055 [30sec, 13.0Volts, 0.600Amps, CPT:1767sec]
(Oct 15 2016 14:08:13,  825732 sec) PistonMoveAbsWTO()    055->056 056 [3sec, 13.2Volts, 0.600Amps, CPT:1770sec]
(Oct 15 2016 14:12:35,  825994 sec) Profile()            Sample 6 initiated at 1399.9dbars for bin 6 [1400dbars].  PTS: 1397.4dbars 4.4516C 34.8536PSU
(Oct 15 2016 14:21:35,  826534 sec) Profile()            Sample 7 initiated at 1350.5dbars for bin 7 [1350dbars].  PTS: 1348.4dbars 4.5610C 34.8583PSU
(Oct 15 2016 14:32:17,  827176 sec) Profile()            Sample 8 initiated at 1300.5dbars for bin 8 [1300dbars].  PTS: 1298.7dbars 4.7653C 34.8656PSU
(Oct 15 2016 14:32:19,  827179 sec) AscentControlAgent() Bouyancy nudge to 66 (v=0.074dbar/sec).
(Oct 15 2016 14:32:20,  827179 sec) PistonMoveAbsWTO()    056->066 057 058 059 060 [30sec, 13.3Volts, 0.564Amps, CPT:1800sec]
(Oct 15 2016 14:33:00,  827219 sec) PistonMoveAbsWTO()    060->066 061 062 063 064 065 [30sec, 13.1Volts, 0.560Amps, CPT:1830sec]
(Oct 15 2016 14:33:40,  827259 sec) PistonMoveAbsWTO()    065->066 066 [3sec, 13.1Volts, 0.568Amps, CPT:1833sec]
(Oct 15 2016 14:40:32,  827671 sec) Profile()            Sample 9 initiated at 1250.4dbars for bin 9 [1250dbars].  PTS: 1247.6dbars 4.9611C 34.8737PSU
(Oct 15 2016 14:48:04,  828123 sec) Profile()            Sample 10 initiated at 1200.9dbars for bin 10 [1200dbars].  PTS: 1198.1dbars 5.1597C 34.8808PSU
(Oct 15 2016 14:55:34,  828573 sec) Profile()            Sample 11 initiated at 1150.5dbars for bin 11 [1150dbars].  PTS: 1147.7dbars 5.3493C 34.8883PSU
(Oct 15 2016 15:03:06,  829025 sec) Profile()            Sample 12 initiated at 1100.6dbars for bin 12 [1100dbars].  PTS: 1097.9dbars 5.4807C 34.8934PSU
(Oct 15 2016 15:11:06,  829505 sec) Profile()            Sample 13 initiated at 1051.0dbars for bin 13 [1050dbars].  PTS: 1048.7dbars 5.6663C 34.9015PSU
(Oct 15 2016 15:21:18,  830117 sec) Profile()            Sample 14 initiated at 1000.6dbars for bin 14 [1000dbars].  PTS: 998.8dbars 5.9347C 34.9115PSU
(Oct 15 2016 15:22:31,  830190 sec) AscentControlAgent() Bouyancy nudge to 76 (v=0.075dbar/sec).
(Oct 15 2016 15:22:31,  830191 sec) PistonMoveAbsWTO()    066->076 067 068 069 070 071 [30sec, 13.4Volts, 0.467Amps, CPT:1863sec]
(Oct 15 2016 15:23:12,  830231 sec) PistonMoveAbsWTO()    071->076 072 073 074 075 [30sec, 13.3Volts, 0.463Amps, CPT:1893sec]
(Oct 15 2016 15:30:01,  830640 sec) Profile()            Sample 15 initiated at 950.0dbars for bin 15 [950dbars].  PTS: 947.3dbars 6.1545C 34.9190PSU
(Oct 15 2016 15:37:51,  831110 sec) Profile()            Sample 16 initiated at 900.0dbars for bin 16 [900dbars].  PTS: 897.2dbars 6.8541C 34.9447PSU
(Oct 15 2016 15:44:53,  831532 sec) Profile()            Sample 17 initiated at 851.0dbars for bin 17 [850dbars].  PTS: 848.0dbars 7.3662C 34.9626PSU
(Oct 15 2016 15:51:53,  831952 sec) Profile()            Sample 18 initiated at 800.8dbars for bin 18 [800dbars].  PTS: 798.0dbars 7.7970C 34.9755PSU
(Oct 15 2016 15:59:55,  832434 sec) Profile()            Sample 19 initiated at 750.0dbars for bin 19 [750dbars].  PTS: 747.7dbars 8.1985C 34.9903PSU
(Oct 15 2016 16:09:17,  832996 sec) Profile()            Sample 20 initiated at 700.5dbars for bin 20 [700dbars].  PTS: 698.5dbars 8.6495C 35.0046PSU
(Oct 15 2016 16:19:09,  833588 sec) Profile()            Sample 21 initiated at 650.9dbars for bin 21 [650dbars].  PTS: 648.7dbars 9.2035C 35.0181PSU
(Oct 15 2016 16:28:29,  834148 sec) Profile()            Sample 22 initiated at 600.2dbars for bin 22 [600dbars].  PTS: 597.9dbars 9.6075C 35.0271PSU
(Oct 15 2016 16:37:31,  834690 sec) Profile()            Sample 23 initiated at 550.5dbars for bin 23 [550dbars].  PTS: 548.2dbars 9.9000C 35.0326PSU
(Oct 15 2016 16:46:23,  835222 sec) Profile()            Sample 24 initiated at 500.3dbars for bin 24 [500dbars].  PTS: 497.8dbars 10.2385C 35.0362PSU
(Oct 15 2016 16:48:00,  835320 sec) Sbe41cpStartCP()     Continuous profile started.
(Oct 15 2016 17:44:07,  838686 sec) AscentControlAgent() Bouyancy nudge to 86 (v=0.033dbar/sec).
(Oct 15 2016 17:44:07,  838686 sec) PistonMoveAbsWTO()    076->086 077 078 079 080 081 [30sec, 13.9Volts, 0.222Amps, CPT:1923sec]
(Oct 15 2016 17:44:47,  838726 sec) PistonMoveAbsWTO()    081->086 082 083 084 085 086 [25sec, 13.8Volts, 0.210Amps, CPT:1948sec]
(Oct 15 2016 17:50:18,  839057 sec) AscentControlAgent() Bouyancy nudge to 96 (v=0.057dbar/sec).
(Oct 15 2016 17:50:18,  839057 sec) PistonMoveAbsWTO()    086->096 087 088 089 090 091 [30sec, 13.9Volts, 0.210Amps, CPT:1978sec]
(Oct 15 2016 17:50:58,  839097 sec) PistonMoveAbsWTO()    091->096 092 093 094 095 096 [25sec, 13.9Volts, 0.214Amps, CPT:2003sec]
(Oct 15 2016 17:56:29,  839428 sec) AscentControlAgent() Bouyancy nudge to 106 (v=0.076dbar/sec).
(Oct 15 2016 17:56:29,  839429 sec) PistonMoveAbsWTO()    096->106 097 098 099 100 101 [30sec, 14.0Volts, 0.205Amps, CPT:2033sec]
(Oct 15 2016 17:57:10,  839469 sec) PistonMoveAbsWTO()    101->106 102 103 104 105 106 [24sec, 13.9Volts, 0.197Amps, CPT:2057sec]
(Oct 15 2016 18:02:40,  839799 sec) AscentControlAgent() Bouyancy nudge to 116 (v=0.066dbar/sec).
(Oct 15 2016 18:02:40,  839799 sec) PistonMoveAbsWTO()    106->116 107 108 109 110 111 [30sec, 14.0Volts, 0.197Amps, CPT:2087sec]
(Oct 15 2016 18:03:21,  839840 sec) PistonMoveAbsWTO()    111->116 112 113 114 115 116 [25sec, 13.9Volts, 0.189Amps, CPT:2112sec]
(Oct 15 2016 18:08:52,  840171 sec) AscentControlAgent() Bouyancy nudge to 126 (v=0.042dbar/sec).
(Oct 15 2016 18:08:52,  840172 sec) PistonMoveAbsWTO()    116->126 117 118 119 120 121 [30sec, 14.0Volts, 0.197Amps, CPT:2142sec]
(Oct 15 2016 18:09:32,  840211 sec) PistonMoveAbsWTO()    121->126 122 123 124 125 126 [23sec, 14.0Volts, 0.189Amps, CPT:2165sec]
(Oct 15 2016 18:13:58,  840477 sec) AscentControlAgent() Bouyancy nudge to 136 (v=0.021dbar/sec).
(Oct 15 2016 18:13:58,  840478 sec) PistonMoveAbsWTO()    126->136 127 128 129 130 131 [30sec, 14.0Volts, 0.189Amps, CPT:2195sec]
(Oct 15 2016 18:14:38,  840517 sec) PistonMoveAbsWTO()    131->136 132 133 134 135 136 [25sec, 14.0Volts, 0.193Amps, CPT:2220sec]
(Oct 15 2016 18:19:05,  840784 sec) AscentControlAgent() Bouyancy nudge to 146 (v=0.021dbar/sec).
(Oct 15 2016 18:19:05,  840785 sec) PistonMoveAbsWTO()    136->146 137 138 139 140 141 [30sec, 14.0Volts, 0.189Amps, CPT:2250sec]
(Oct 15 2016 18:19:45,  840824 sec) PistonMoveAbsWTO()    141->146 142 143 144 145 146 [24sec, 14.0Volts, 0.185Amps, CPT:2274sec]
(Oct 15 2016 18:24:11,  841090 sec) AscentControlAgent() Bouyancy nudge to 156 (v=0.019dbar/sec).
(Oct 15 2016 18:24:11,  841091 sec) PistonMoveAbsWTO()    146->156 147 148 149 150 151 [30sec, 14.0Volts, 0.189Amps, CPT:2304sec]
(Oct 15 2016 18:24:52,  841131 sec) PistonMoveAbsWTO()    151->156 152 153 154 155 156 [23sec, 14.0Volts, 0.185Amps, CPT:2327sec]
(Oct 15 2016 18:29:18,  841397 sec) AscentControlAgent() Bouyancy nudge to 166 (v=0.017dbar/sec).
(Oct 15 2016 18:29:18,  841398 sec) PistonMoveAbsWTO()    156->166 157 158 159 160 161 [30sec, 14.0Volts, 0.185Amps, CPT:2357sec]
(Oct 15 2016 18:29:59,  841438 sec) PistonMoveAbsWTO()    161->166 162 163 164 165 166 [23sec, 14.0Volts, 0.185Amps, CPT:2380sec]
(Oct 15 2016 18:34:24,  841703 sec) AscentControlAgent() Bouyancy nudge to 176 (v=0.009dbar/sec).


(Oct 15 2016 18:34:24) LogSize()            Log file is 38979 bytes.  Limit is 40960 bytes.

(Oct 15 2016 18:34:24,  841704 sec) PistonMoveAbsWTO()    166->176 167 168 169 [15sec, 14.1Volts, 0.189Amps, CPT:2395sec]
(Oct 15 2016 18:34:50,  841729 sec) PistonMoveAbsWTO()    169->176 170 171 [15sec, 14.1Volts, 0.185Amps, CPT:2410sec]
(Oct 15 2016 18:35:15,  841754 sec) PistonMoveAbsWTO()    171->176 172 173 174 [15sec, 14.0Volts, 0.181Amps, CPT:2425sec]
(Oct 15 2016 18:35:40,  841779 sec) PistonMoveAbsWTO()    174->176 175 176 [9sec, 14.0Volts, 0.181Amps, CPT:2434sec]
(Oct 15 2016 18:39:31,  842010 sec) AscentControlAgent() Bouyancy nudge to 186 (v=0.003dbar/sec).
(Oct 15 2016 18:39:31,  842011 sec) PistonMoveAbsWTO()    176->186 177 178 [15sec, 14.1Volts, 0.185Amps, CPT:2449sec]
(Oct 15 2016 18:39:56,  842035 sec) PistonMoveAbsWTO()    178->186 179 180 181 [15sec, 14.1Volts, 0.181Amps, CPT:2464sec]
(Oct 15 2016 18:40:21,  842060 sec) PistonMoveAbsWTO()    181->186 182 183 184 [15sec, 14.1Volts, 0.181Amps, CPT:2479sec]
(Oct 15 2016 18:40:46,  842085 sec) PistonMoveAbsWTO()    184->186 185 186 [9sec, 14.0Volts, 0.181Amps, CPT:2488sec]
(Oct 15 2016 18:44:37,  842316 sec) AscentControlAgent() Bouyancy nudge to 196 (v=0.015dbar/sec).
(Oct 15 2016 18:44:37,  842317 sec) PistonMoveAbsWTO()    186->196 187 188 [15sec, 14.1Volts, 0.181Amps, CPT:2503sec]
(Oct 15 2016 18:45:03,  842342 sec) PistonMoveAbsWTO()    189->196 190 191 [15sec, 14.1Volts, 0.177Amps, CPT:2518sec]
(Oct 15 2016 18:45:28,  842367 sec) PistonMoveAbsWTO()    191->196 192 193 194 [15sec, 14.1Volts, 0.181Amps, CPT:2533sec]
(Oct 15 2016 18:45:53,  842392 sec) PistonMoveAbsWTO()    194->196 195 196 [8sec, 14.1Volts, 0.181Amps, CPT:2541sec]
(Oct 15 2016 18:49:43,  842622 sec) AscentControlAgent() Bouyancy nudge to 206 (v=-0.000dbar/sec).

<EOT>
