(Nov 07 2015 11:39:29,  846639 sec) TelemetryInit()      Profile 36. (Apf9i FwRev: 012811)
(Nov 07 2015 11:46:30,  847060 sec) AirSystem()          Battery [187cnt, 14.5V]  Current [78cnt, 31.4mA]  Barometer [128cnt, 7.1"Hg]  Run-Time [50s]
(Nov 07 2015 11:46:58,  847088 sec) GpsServices()        GPS almanac is current.
(Nov 07 2015 11:46:58,  847088 sec) GpsServices()        Initiating GPS fix acquisition.
(Nov 07 2015 11:47:14,  847104 sec) gga()                $GPGGA,114720,1051.8526,N,08347.3021,E,0,00,,,M,,M,,*58
(Nov 07 2015 11:47:24,  847114 sec) gga()                $GPGGA,114730,1051.8526,N,08347.3021,E,0,00,,,M,,M,,*59
(Nov 07 2015 11:47:34,  847124 sec) gga()                $GPGGA,114740,1051.8526,N,08347.3021,E,0,00,,,M,,M,,*5E
(Nov 07 2015 11:47:40,  847130 sec) gga()                $GPGGA,114730,1051.8526,N,08347.3021,E,0,00,,,M,,M,,*59
(Nov 07 2015 11:47:50,  847140 sec) gga()                $GPGGA,114740,1051.8526,N,08347.3021,E,0,00,,,M,,M,,*5E
(Nov 07 2015 11:48:00,  847150 sec) gga()                $GPGGA,114750,1051.8526,N,08347.3021,E,0,00,,,M,,M,,*5F
(Nov 07 2015 11:48:28,  847178 sec) gga()                $GPGGA,114800,1044.5558,N,08319.9774,E,1,03,8.0,,M,-89.2,M,,*47
(Nov 07 2015 11:48:28,  847178 sec) GpsServices()        Profile 36 GPS fix obtained in 90 seconds.
(Nov 07 2015 11:48:28,  847178 sec) GpsServices()                  lon     lat mm/dd/yyyy hhmmss nsat
(Nov 07 2015 11:48:28,  847178 sec) GpsServices()        Fix:   83.333  10.743 11/07/2015 114800    3
(Nov 07 2015 11:48:58,  847208 sec) gga()                $GPGGA,114830,1044.6545,N,08320.0323,E,1,09,0.8,31.0,M,-89.2,M,,*58
(Nov 07 2015 11:49:04,  847214 sec) gga()                $GPGGA,114900,1044.6516,N,08320.0297,E,1,09,0.8,25.6,M,-89.2,M,,*51
(Nov 07 2015 11:49:04,  847214 sec) GpsServices()        APF9 RTC skew (4s) OK.
(Nov 07 2015 11:49:04,  847214 sec) LogNmeaSentences()   57,45,22,47,013,45,25,21,103,37,26,10,190,39*78
(Nov 07 2015 11:49:04,  847215 sec) LogNmeaSentences()   $GPGSV,3,3,10,27,17,252,44,31,60,202,49*77
(Nov 07 2015 11:49:05,  847215 sec) LogNmeaSentences()   $PGRMT,GPS 15x-L software ver. 3.80,,,,,,,,*7C
(Nov 07 2015 11:49:13,  847224 sec) LogNmeaSentences()   $GPRMC,114910,A,1044.6513,N,08320.0292,E,000.0,127.6,071115,001.8,W*60
(Nov 07 2015 11:49:14,  847224 sec) LogNmeaSentences()   $GPGGA,114910,1044.6513,N,08320.0292,E,1,04,1.3,23.0,M,-89.2,M,,*57
(Nov 07 2015 11:49:14,  847224 sec) LogNmeaSentences()   $GPGSA,A,3,08,,18,25,26,,,,,,,,1.6,1.3,1.0*34
(Nov 07 2015 11:49:14,  847225 sec) LogNmeaSentences()   $GPGSV,3,1,10,08,05,281,24,12,04,070,14,18,41,070,32,25,21,103,32*72
(Nov 07 2015 11:49:15,  847225 sec) LogNmeaSentences()   $GPGSV,3,2,10,26,10,190,37,14,42,349,00,21,41,156,00,22,47,013,00*78
(Nov 07 2015 11:49:15,  847225 sec) LogNmeaSentences()   $GPGSV,3,3,10,27,17,253,00,31,60,202,00*7B
(Nov 07 2015 11:49:23,  847234 sec) LogNmeaSentences()   $GPRMC,114920,A,1044.6508,N,08320.0288,E,000.0,100.4,071115,001.8,W*65
(Nov 07 2015 11:49:24,  847234 sec) LogNmeaSentences()   $GPGGA,114920,1044.6508,N,08320.0288,E,1,04,1.4,23.8,M,-89.2,M,,*5A
(Nov 07 2015 11:49:24,  847234 sec) LogNmeaSentences()   $GPGSA,A,3,08,,14,25,27,,,,,,,,1.7,1.4,1.0*3F
(Nov 07 2015 11:49:24,  847235 sec) LogNmeaSentences()   $GPGSV,3,1,10,08,05,281,24,12,03,069,26,14,42,349,41,25,21,103,41*7A
(Nov 07 2015 11:49:25,  847235 sec) LogNmeaSentences()   $GPGSV,3,2,10,27,17,252,24,18,41,070,00,21,41,156,00,22,47,013,00*77
(Nov 07 2015 11:49:25,  847235 sec) LogNmeaSentences()   $GPGSV,3,3,10,26,10,191,00,31,60,202,00*70
(Nov 07 2015 11:49:33,  847244 sec) LogNmeaSentences()   $GPRMC,114930,A,1044.6506,N,08320.0263,E,001.8,205.0,071115,001.8,W*64
(Nov 07 2015 11:49:34,  847244 sec) LogNmeaSentences()   $GPGGA,114930,1044.6506,N,08320.0263,E,1,09,0.8,24.7,M,-89.2,M,,*58
(Nov 07 2015 11:49:34,  847245 sec) LogNmeaSentences()   $GPGSA,A,3,08,,14,18,21,22,25,26,27,31,,,1.2,0.8,0.8*32
(Nov 07 2015 11:49:35,  847245 sec) GpsServices()        GPS services complete.
(Nov 07 2015 11:49:59,  847269 sec) CLogin()             Connecting to primary host.
(Nov 07 2015 11:50:15,  847285 sec) CLogin()             Connection 1 established in 16 seconds.
(Nov 07 2015 11:50:30,  847300 sec) login()              Login successful.
(Nov 07 2015 11:50:34,  847304 sec) CLogin()             Logged in to host.  [Login required 19 seconds]
(Nov 07 2015 11:50:44,  847314 sec) RxConfig()           Downloading "mission.cfg" from host.
(Nov 07 2015 11:50:46,  847316 sec) Rx()                 Initiating transfer. [0x43]
(Nov 07 2015 11:50:57,  847327 sec) Rx()                 Truncated packet received - retrying.
(Nov 07 2015 11:51:01,  847331 sec) RxStartByte()        Sync errors encountered: 161
(Nov 07 2015 11:51:04,  847334 sec) Rx()                 Truncated packet received - retrying.
(Nov 07 2015 11:51:08,  847338 sec) RxStartByte()        Sync errors encountered: 843
(Nov 07 2015 11:51:09,  847339 sec) Rx()                 Pad character [0x1a] found in ascii mode - truncating packet.
(Nov 07 2015 11:51:19,  847349 sec) Rx()                 Received EOT - transfer complete. [1 packets, 1024 bytes, 33 sec, 31.0 bps]
(Nov 07 2015 11:51:19,  847349 sec) RxConfig()           Download successful.
(Nov 07 2015 11:51:33,  847363 sec) WriteVitals()        Writing vitals to "9567.036.msg".
(Nov 07 2015 11:51:42,  847372 sec) UpLoadFile()         Uploading "9567.036.msg" to host as "9567.036.msg".
(Nov 07 2015 11:51:44,  847374 sec) Tx()                 CRC negotiation successful. [16-bit CRC]
(Nov 07 2015 11:52:12,  847402 sec) TxPacket()           NAK received - resending packet. [PktNum=0x03]
(Nov 07 2015 11:52:12,  847402 sec) TxPacket()           Packet xmit history: [11000001] (0:ok, 1:fail).
(Nov 07 2015 11:52:24,  847414 sec) TxPacket()           NAK received - resending packet. [PktNum=0x04]
(Nov 07 2015 11:52:24,  847414 sec) TxPacket()           Packet xmit history: [00000101] (0:ok, 1:fail).
(Nov 07 2015 11:53:00,  847450 sec) TxPacket()           NAK received - resending packet. [PktNum=0x09]
(Nov 07 2015 11:53:00,  847450 sec) TxPacket()           Packet xmit history: [01000001] (0:ok, 1:fail).
(Nov 07 2015 11:53:16,  847466 sec) TxPacket()           NAK received - resending packet. [PktNum=0x0b]
(Nov 07 2015 11:53:16,  847466 sec) TxPacket()           Packet xmit history: [00001001] (0:ok, 1:fail).
(Nov 07 2015 11:53:29,  847479 sec) TxPacket()           NAK received - resending packet. [PktNum=0x0c]
(Nov 07 2015 11:53:29,  847479 sec) TxPacket()           Packet xmit history: [00100101] (0:ok, 1:fail).
(Nov 07 2015 11:53:35,  847485 sec) TxPacket()           NAK received - resending packet. [PktNum=0x0c]
(Nov 07 2015 11:53:35,  847485 sec) TxPacket()           Packet xmit history: [01001011] (0:ok, 1:fail).
(Nov 07 2015 11:53:44,  847494 sec) TxPacket()           NAK received - resending packet. [PktNum=0x0d]
(Nov 07 2015 11:53:44,  847494 sec) TxPacket()           Packet xmit history: [00101101] (0:ok, 1:fail).
(Nov 07 2015 11:54:33,  847543 sec) TxPacket()           NAK received - resending packet. [PktNum=0x15]
(Nov 07 2015 11:54:33,  847543 sec) TxPacket()           Packet xmit history: [00000001] (0:ok, 1:fail).
(Nov 07 2015 11:54:37,  847547 sec) TxPacket()           NAK received - resending packet. [PktNum=0x15]
(Nov 07 2015 11:54:37,  847547 sec) TxPacket()           Packet xmit history: [00000011] (0:ok, 1:fail).
(Nov 07 2015 11:54:54,  847564 sec) TxPacket()           NAK received - resending packet. [PktNum=0x17]
(Nov 07 2015 11:54:54,  847564 sec) TxPacket()           Packet xmit history: [00011001] (0:ok, 1:fail).
(Nov 07 2015 11:54:59,  847569 sec) TxPacket()           NAK received - resending packet. [PktNum=0x17]
(Nov 07 2015 11:54:59,  847569 sec) TxPacket()           Packet xmit history: [00110011] (0:ok, 1:fail).
(Nov 07 2015 11:55:18,  847588 sec) TxPacket()           NAK received - resending packet. [PktNum=0x1a]
(Nov 07 2015 11:55:18,  847588 sec) TxPacket()           Packet xmit history: [00110001] (0:ok, 1:fail).
(Nov 07 2015 11:55:25,  847595 sec) TxPacket()           NAK received - resending packet. [PktNum=0x1a]
(Nov 07 2015 11:55:25,  847595 sec) TxPacket()           Packet xmit history: [01100011] (0:ok, 1:fail).
(Nov 07 2015 11:55:30,  847600 sec) TxPacket()           NAK received - resending packet. [PktNum=0x1a]
(Nov 07 2015 11:55:30,  847600 sec) TxPacket()           Packet xmit history: [11000111] (0:ok, 1:fail).
(Nov 07 2015 11:55:51,  847621 sec) Tx()                 Transmission completed successfully [28 packets, 23168 bytes, 246 sec, 94.7 bps]
(Nov 07 2015 11:55:51,  847622 sec) UpLoadFile()         Upload successful.
(Nov 07 2015 11:55:57,  847627 sec) UpLoadFile()         Uploading "9567.036.log" to host as "9567.036.log".
(Nov 07 2015 11:55:59,  847629 sec) Tx()                 CRC negotiation successful. [16-bit CRC]
(Nov 07 2015 11:56:04,  847634 sec) TxPacket()           Invalid response [0x28] - resending packet. [PktNum=0x01]
(Nov 07 2015 11:56:04,  847634 sec) TxPacket()           Packet xmit history: [01110001] (0:ok, 1:fail).
(Nov 07 2015 11:56:25,  847655 sec) TxPacket()           NAK received - resending packet. [PktNum=0x05]
(Nov 07 2015 11:56:25,  847655 sec) TxPacket()           Packet xmit history: [00100001] (0:ok, 1:fail).
(Nov 07 2015 11:56:31,  847661 sec) TxPacket()           NAK received - resending packet. [PktNum=0x05]
(Nov 07 2015 11:56:31,  847661 sec) TxPacket()           Packet xmit history: [01000011] (0:ok, 1:fail).
(Nov 07 2015 11:56:43,  847673 sec) TxPacket()           NAK received - resending packet. [PktNum=0x06]
(Nov 07 2015 11:56:43,  847673 sec) TxPacket()           Packet xmit history: [00001101] (0:ok, 1:fail).
(Nov 07 2015 11:57:02,  847692 sec) TxPacket()           NAK received - resending packet. [PktNum=0x08]
(Nov 07 2015 11:57:02,  847692 sec) TxPacket()           Packet xmit history: [01101001] (0:ok, 1:fail).
(Nov 07 2015 11:57:27,  847717 sec) TxPacket()           NAK received - resending packet. [PktNum=0x0b]
(Nov 07 2015 11:57:27,  847717 sec) TxPacket()           Packet xmit history: [10010001] (0:ok, 1:fail).
(Nov 07 2015 11:57:32,  847722 sec) TxPacket()           NAK received - resending packet. [PktNum=0x0b]
(Nov 07 2015 11:57:32,  847722 sec) TxPacket()           Packet xmit history: [00100011] (0:ok, 1:fail).
(Nov 07 2015 11:58:02,  847752 sec) TxPacket()           NAK received - resending packet. [PktNum=0x0f]
(Nov 07 2015 11:58:02,  847752 sec) TxPacket()           Packet xmit history: [01100001] (0:ok, 1:fail).
(Nov 07 2015 11:58:22,  847773 sec) TxPacket()           NAK received - resending packet. [PktNum=0x10]
(Nov 07 2015 11:58:23,  847773 sec) TxPacket()           Packet xmit history: [10000101] (0:ok, 1:fail).
(Nov 07 2015 11:58:29,  847779 sec) TxPacket()           NAK received - resending packet. [PktNum=0x10]
(Nov 07 2015 11:58:29,  847779 sec) TxPacket()           Packet xmit history: [00001011] (0:ok, 1:fail).
(Nov 07 2015 11:58:36,  847786 sec) TxPacket()           NAK received - resending packet. [PktNum=0x10]
(Nov 07 2015 11:58:36,  847786 sec) TxPacket()           Packet xmit history: [00010111] (0:ok, 1:fail).
(Nov 07 2015 11:58:41,  847791 sec) TxPacket()           NAK received - resending packet. [PktNum=0x10]
(Nov 07 2015 11:58:41,  847791 sec) TxPacket()           Packet xmit history: [00101111] (0:ok, 1:fail).
(Nov 07 2015 11:59:19,  847829 sec) TxPacket()           NAK received - resending packet. [PktNum=0x16]
(Nov 07 2015 11:59:19,  847829 sec) TxPacket()           Packet xmit history: [10000001] (0:ok, 1:fail).
(Nov 07 2015 12:00:04,  847874 sec) TxPacket()           NAK received - resending packet. [PktNum=0x1c]
(Nov 07 2015 12:00:04,  847874 sec) TxPacket()           Packet xmit history: [10000001] (0:ok, 1:fail).
(Nov 07 2015 12:00:18,  847888 sec) Tx()                 Transmission completed successfully [29 packets, 24244 bytes, 258 sec, 94.3 bps]
(Nov 07 2015 12:00:18,  847888 sec) UpLoadFile()         Upload successful.
(Nov 07 2015 12:00:24,  847894 sec) UpLoad()             Files successfully uploaded: 2
(Nov 07 2015 12:00:24,  847894 sec) UpLoad()             Upload complete.
(Nov 07 2015 12:00:28,  847898 sec) logout()             Log-out successful.
(Nov 07 2015 12:00:29,  847899 sec) Telemetry()          Telemetry cycle complete: PrfId=36 ConnectionAttempts=1  Connections=1
(Nov 07 2015 12:00:29,  847900 sec) TelemetryTerminate() Parsing new mission configuration.
(Nov 07 2015 12:00:31,  847901 sec) configure()          Parsing configurators in "mission.cfg".
(Nov 07 2015 12:00:35,  847905 sec) configure()             TelemetryRetry(15)      [0x7BBC] [TelemetryRetry(15)].
(Nov 07 2015 12:00:35,  847905 sec) configure()          Configuration CRCs and syntax OK.
(Nov 07 2015 12:00:35,  847905 sec) ConfigSupervisor()   Sanity check violated: cfg->PressureCP >= 750
(Nov 07 2015 12:00:35,  847905 sec) ConfigSupervisor()   Configuration accepted.
(Nov 07 2015 12:00:35,  847906 sec) TelemetryTerminate() Reconditioning the file system.
(Nov 07 2015 12:00:45,       6 sec) DescentInit()        Deep profile 37 initiated at mission-time 847909sec.
(Nov 07 2015 12:00:48,       9 sec) DescentInit()        Surface pressure: -0.2dbars.
(Nov 07 2015 12:00:53,      14 sec) PistonMoveAbsWTO()    199->053 198 197 196 195 194 193 192 191 190 189 188 187 186 185 184 183 182 181 180 179 178 177 176 175 174 173 172 171 170 169 168 167 166 165 164 163 162 161 160 159 158 157 156 155 154 153 152 151 150 149 148 147 146 145 144 143 142 141 140 139 138 137 136 135 134 133 132 131 130 129 128 127 126 125 124 123 122 121 120 119 118 117 116 115 114 113 112 111 110 109 108 107 106 105 104 103 102 101 100 099 098 097 096 095 094 093 092 091 090 089 088 087 086 085 084 083 082 081 080 079 078 077 076 075 074 073 072 071 070 069 068 067 066 065 064 063 062 061 060 059 058 057 056 055 054 053 [736sec, 14.3Volts, 0.157Amps, CPT:736sec]
(Nov 07 2015 12:13:09,     750 sec) PistonMoveAbsWTO()    053->000 052 051 050 049 048 047 046 045 044 043 042 041 040 039 038 037 036 035 034 033 032 031 030 029 028 027 026 025 024 023 022 021 020 019 018 017 016 015 014 013 012 011 010 009 [222sec, 14.3Volts, 0.157Amps, CPT:958sec]
(Nov 07 2015 12:17:01,     982 sec) Descent()            Pressure: 89.7
(Nov 07 2015 13:00:43,    3604 sec) Descent()            Pressure: 397.0
(Nov 07 2015 14:00:43,    7204 sec) Descent()            Pressure: 877.3
(Nov 07 2015 14:00:43,    7204 sec) PistonMoveAbsWTO()    009->053 010 011 012 013 014 015 016 017 018 019 020 021 022 023 024 025 026 027 028 029 030 031 032 033 034 035 036 037 038 039 040 041 042 043 044 045 046 047 048 049 050 051 052 053 [245sec, 13.8Volts, 0.423Amps, CPT:1203sec]
(Nov 07 2015 15:00:43,   10804 sec) Descent()            Pressure: 856.1
(Nov 07 2015 16:00:43,   14404 sec) Descent()            Pressure: 864.7
(Nov 07 2015 17:00:43,   18004 sec) Descent()            Pressure: 883.3
(Nov 07 2015 17:00:43,   18004 sec) ParkInit()           
(Nov 07 2015 19:01:12,   25233 sec) Park()               ParkPOutOfBand[-3, 898.6 dbars]: retract piston.
(Nov 07 2015 19:01:13,   25234 sec) PistonMoveAbsWTO()    053->052 052 [1sec, 14.3Volts, 0.101Amps, CPT:1204sec]
(Nov 07 2015 22:01:12,   36033 sec) Park()               ParkPOutOfBand[-3, 930.4 dbars]: retract piston.
(Nov 07 2015 22:01:13,   36034 sec) PistonMoveAbsWTO()    052->051 051 [5sec, 14.4Volts, 0.089Amps, CPT:1209sec]
(Nov 08 2015 01:01:12,   46833 sec) Park()               ParkPOutOfBand[-3, 976.0 dbars]: retract piston.
(Nov 08 2015 01:01:13,   46834 sec) PistonMoveAbsWTO()    051->050 050 [3sec, 14.4Volts, 0.097Amps, CPT:1212sec]
(Nov 08 2015 08:01:12,   72033 sec) Park()               ParkPOutOfBand[3, 1016.2 dbars]: extend piston.
(Nov 08 2015 08:01:13,   72034 sec) PistonMoveAbsWTO()    050->051 051 [1sec, 14.2Volts, 0.479Amps, CPT:1213sec]
(Nov 08 2015 11:01:12,   82833 sec) Park()               ParkPOutOfBand[3, 1017.0 dbars]: extend piston.
(Nov 08 2015 11:01:13,   82834 sec) PistonMoveAbsWTO()    051->052 052 [5sec, 14.0Volts, 0.467Amps, CPT:1218sec]
(Nov 09 2015 23:01:13,  212434 sec) Park()               ParkPOutOfBand[3, 1011.9 dbars]: extend piston.
(Nov 09 2015 23:01:13,  212434 sec) PistonMoveAbsWTO()    052->053 053 [6sec, 13.8Volts, 0.471Amps, CPT:1224sec]
(Nov 10 2015 02:01:13,  223234 sec) Park()               ParkPOutOfBand[-3, 982.4 dbars]: retract piston.
(Nov 10 2015 02:01:13,  223234 sec) PistonMoveAbsWTO()    053->052 052 [3sec, 14.3Volts, 0.101Amps, CPT:1227sec]
(Nov 14 2015 04:01:15,  576036 sec) Park()               ParkPOutOfBand[3, 1010.2 dbars]: extend piston.
(Nov 14 2015 04:01:16,  576037 sec) PistonMoveAbsWTO()    052->053 053 [2sec, 13.9Volts, 0.471Amps, CPT:1229sec]
(Nov 16 2015 20:01:04,  806425 sec) CtdPower()           [  999.52,  6.4000, 34.9320]
(Nov 16 2015 20:01:04,  806425 sec) CtdPower()           CTD Power consumption [184VCnt 11ACnt]: 14.263Volts * 0.044Amps = 0.63Watts.
(Nov 16 2015 20:01:05,  806426 sec) ParkTerminate()      Piston Position:53 Vacuum:79 Vq:196 Aq:6 Vsbe:184 Asbe:11
(Nov 16 2015 20:01:32,  806453 sec) ParkTerminate()      PTS: 999.5dbars 6.3998C 34.9282PSU
(Nov 16 2015 20:01:33,  806454 sec) GoDeepInit()         Moving piston.
(Nov 16 2015 20:01:33,  806454 sec) PistonMoveAbsWTO()    053->014 052 051 050 049 048 047 046 045 044 043 042 041 040 039 038 037 036 035 034 033 032 031 030 029 028 027 026 025 024 023 022 021 020 019 018 017 016 015 014 [190sec, 14.3Volts, 0.085Amps, CPT:1419sec]
(Nov 16 2015 23:55:43,  820504 sec) GoDeep()             Sequence point detected at 2001.6dbar.
(Nov 16 2015 23:55:46,  820506 sec) ProfileInit()        PrfId:037  Pressure:2001.6dbar  pTable[0]:2000dbar
(Nov 16 2015 23:55:56,  820517 sec) PistonMoveAbsWTO()    014->036 015 016 017 018 019 [30sec, 13.3Volts, 0.778Amps, CPT:1449sec]
(Nov 16 2015 23:56:36,  820557 sec) PistonMoveAbsWTO()    019->036 020 021 022 023 024 [30sec, 13.2Volts, 0.778Amps, CPT:1479sec]
(Nov 16 2015 23:57:43,  820624 sec) Profile()            Sample 0 initiated at 1999.8dbars for bin 0 [2000dbars].  PTS: 1997.9dbars 2.7292C 34.7785PSU
(Nov 16 2015 23:57:44,  820625 sec) PistonMoveAbsWTO()    024->036 025 026 027 028 [30sec, 13.2Volts, 0.786Amps, CPT:1509sec]
(Nov 16 2015 23:58:24,  820665 sec) PistonMoveAbsWTO()    028->036 029 030 031 032 033 [30sec, 13.1Volts, 0.782Amps, CPT:1539sec]
(Nov 16 2015 23:59:04,  820705 sec) PistonMoveAbsWTO()    033->036 034 035 036 [20sec, 13.1Volts, 0.774Amps, CPT:1559sec]
(Nov 17 2015 00:12:33,  821514 sec) Profile()            Sample 1 initiated at 1900.5dbars for bin 1 [1900dbars].  PTS: 1897.7dbars 2.9103C 34.7868PSU
(Nov 17 2015 00:29:17,  822518 sec) Profile()            Sample 2 initiated at 1800.4dbars for bin 2 [1800dbars].  PTS: 1798.1dbars 3.1762C 34.7981PSU
(Nov 17 2015 00:48:43,  823684 sec) Profile()            Sample 3 initiated at 1700.4dbars for bin 3 [1700dbars].  PTS: 1698.4dbars 3.4461C 34.8101PSU
(Nov 17 2015 00:51:06,  823827 sec) AscentControlAgent() Bouyancy nudge to 46 (v=0.078dbar/sec).
(Nov 17 2015 00:51:07,  823828 sec) PistonMoveAbsWTO()    036->046 037 038 039 040 [30sec, 13.5Volts, 0.677Amps, CPT:1589sec]
(Nov 17 2015 00:51:47,  823868 sec) PistonMoveAbsWTO()    041->046 042 043 044 045 [30sec, 13.4Volts, 0.689Amps, CPT:1619sec]
(Nov 17 2015 00:52:27,  823908 sec) PistonMoveAbsWTO()    045->046 046 [5sec, 13.4Volts, 0.677Amps, CPT:1624sec]
(Nov 17 2015 01:05:13,  824674 sec) Profile()            Sample 4 initiated at 1600.3dbars for bin 4 [1600dbars].  PTS: 1597.8dbars 3.7742C 34.8239PSU
(Nov 17 2015 01:24:09,  825810 sec) Profile()            Sample 5 initiated at 1500.4dbars for bin 5 [1500dbars].  PTS: 1498.5dbars 4.1186C 34.8390PSU
(Nov 17 2015 01:26:22,  825943 sec) AscentControlAgent() Bouyancy nudge to 56 (v=0.076dbar/sec).
(Nov 17 2015 01:26:23,  825944 sec) PistonMoveAbsWTO()    046->056 047 048 049 050 [30sec, 13.6Volts, 0.629Amps, CPT:1654sec]
(Nov 17 2015 01:27:03,  825984 sec) PistonMoveAbsWTO()    051->056 052 053 054 055 056 [30sec, 13.5Volts, 0.604Amps, CPT:1684sec]
(Nov 17 2015 01:41:04,  826825 sec) Profile()            Sample 6 initiated at 1400.8dbars for bin 6 [1400dbars].  PTS: 1398.3dbars 4.4969C 34.8529PSU
(Nov 17 2015 01:49:26,  827327 sec) Profile()            Sample 7 initiated at 1350.9dbars for bin 7 [1350dbars].  PTS: 1348.4dbars 4.7477C 34.8617PSU
(Nov 17 2015 01:58:08,  827849 sec) Profile()            Sample 8 initiated at 1300.3dbars for bin 8 [1300dbars].  PTS: 1298.0dbars 5.0008C 34.8716PSU
(Nov 17 2015 02:07:20,  828401 sec) Profile()            Sample 9 initiated at 1250.8dbars for bin 9 [1250dbars].  PTS: 1248.6dbars 5.1785C 34.8782PSU
(Nov 17 2015 02:17:32,  829013 sec) Profile()            Sample 10 initiated at 1200.4dbars for bin 10 [1200dbars].  PTS: 1198.4dbars 5.3685C 34.8862PSU
(Nov 17 2015 02:21:35,  829256 sec) AscentControlAgent() Bouyancy nudge to 66 (v=0.078dbar/sec).
(Nov 17 2015 02:21:36,  829257 sec) PistonMoveAbsWTO()    056->066 057 058 059 060 061 [30sec, 13.7Volts, 0.524Amps, CPT:1714sec]
(Nov 17 2015 02:22:16,  829297 sec) PistonMoveAbsWTO()    061->066 062 063 064 065 066 [30sec, 13.6Volts, 0.516Amps, CPT:1744sec]
(Nov 17 2015 02:26:33,  829554 sec) Profile()            Sample 11 initiated at 1150.3dbars for bin 11 [1150dbars].  PTS: 1147.6dbars 5.5284C 34.8921PSU
(Nov 17 2015 02:34:25,  830026 sec) Profile()            Sample 12 initiated at 1100.4dbars for bin 12 [1100dbars].  PTS: 1097.9dbars 5.7604C 34.9013PSU
(Nov 17 2015 02:42:57,  830538 sec) Profile()            Sample 13 initiated at 1050.3dbars for bin 13 [1050dbars].  PTS: 1048.0dbars 5.9780C 34.9090PSU
(Nov 17 2015 02:52:07,  831088 sec) Profile()            Sample 14 initiated at 1000.4dbars for bin 14 [1000dbars].  PTS: 998.3dbars 6.2924C 34.9216PSU
(Nov 17 2015 03:01:49,  831670 sec) Profile()            Sample 15 initiated at 950.7dbars for bin 15 [950dbars].  PTS: 948.6dbars 6.6269C 34.9345PSU
(Nov 17 2015 03:07:14,  831995 sec) AscentControlAgent() Bouyancy nudge to 76 (v=0.080dbar/sec).
(Nov 17 2015 03:07:15,  831996 sec) PistonMoveAbsWTO()    066->076 067 068 069 070 071 [30sec, 13.9Volts, 0.443Amps, CPT:1774sec]
(Nov 17 2015 03:07:55,  832036 sec) PistonMoveAbsWTO()    071->076 072 073 074 075 076 [28sec, 13.7Volts, 0.435Amps, CPT:1802sec]
(Nov 17 2015 03:11:10,  832231 sec) Profile()            Sample 16 initiated at 900.9dbars for bin 16 [900dbars].  PTS: 898.1dbars 6.8809C 34.9431PSU
(Nov 17 2015 03:19:02,  832703 sec) Profile()            Sample 17 initiated at 850.2dbars for bin 17 [850dbars].  PTS: 847.5dbars 7.1938C 34.9558PSU
(Nov 17 2015 03:27:02,  833183 sec) Profile()            Sample 18 initiated at 800.8dbars for bin 18 [800dbars].  PTS: 798.3dbars 7.5235C 34.9662PSU
(Nov 17 2015 03:35:14,  833675 sec) Profile()            Sample 19 initiated at 750.1dbars for bin 19 [750dbars].  PTS: 747.5dbars 7.9943C 34.9803PSU
(Nov 17 2015 03:43:16,  834157 sec) Profile()            Sample 20 initiated at 700.5dbars for bin 20 [700dbars].  PTS: 698.0dbars 8.2959C 34.9898PSU
(Nov 17 2015 03:51:36,  834657 sec) Profile()            Sample 21 initiated at 650.6dbars for bin 21 [650dbars].  PTS: 648.2dbars 8.6862C 34.9996PSU
(Nov 17 2015 04:00:18,  835179 sec) Profile()            Sample 22 initiated at 600.6dbars for bin 22 [600dbars].  PTS: 598.2dbars 9.0038C 35.0127PSU
(Nov 17 2015 04:09:00,  835701 sec) Profile()            Sample 23 initiated at 550.0dbars for bin 23 [550dbars].  PTS: 547.6dbars 9.4096C 35.0220PSU
(Nov 17 2015 04:17:10,  836191 sec) Profile()            Sample 24 initiated at 500.2dbars for bin 24 [500dbars].  PTS: 497.6dbars 9.7749C 35.0315PSU
(Nov 17 2015 04:18:48,  836289 sec) Sbe41cpStartCP()     Continuous profile started.
(Nov 17 2015 05:09:50,  839351 sec) AscentControlAgent() Bouyancy nudge to 86 (v=0.071dbar/sec).
(Nov 17 2015 05:09:50,  839351 sec) PistonMoveAbsWTO()    076->086 077 078 079 080 081 [30sec, 14.1Volts, 0.210Amps, CPT:1832sec]
(Nov 17 2015 05:10:30,  839391 sec) PistonMoveAbsWTO()    081->086 082 083 084 085 086 [24sec, 14.1Volts, 0.201Amps, CPT:1856sec]
(Nov 17 2015 05:16:00,  839721 sec) AscentControlAgent() Bouyancy nudge to 96 (v=0.077dbar/sec).
(Nov 17 2015 05:16:00,  839721 sec) PistonMoveAbsWTO()    086->096 087 088 089 090 091 [30sec, 14.1Volts, 0.201Amps, CPT:1886sec]
(Nov 17 2015 05:16:40,  839761 sec) PistonMoveAbsWTO()    091->096 092 093 094 095 096 [24sec, 14.0Volts, 0.197Amps, CPT:1910sec]
(Nov 17 2015 05:22:10,  840091 sec) AscentControlAgent() Bouyancy nudge to 106 (v=0.072dbar/sec).
(Nov 17 2015 05:22:10,  840091 sec) PistonMoveAbsWTO()    096->106 097 098 099 100 101 [30sec, 14.1Volts, 0.193Amps, CPT:1940sec]
(Nov 17 2015 05:22:50,  840131 sec) PistonMoveAbsWTO()    101->106 102 103 104 105 106 [23sec, 14.1Volts, 0.189Amps, CPT:1963sec]
(Nov 17 2015 05:28:20,  840461 sec) AscentControlAgent() Bouyancy nudge to 116 (v=0.055dbar/sec).
(Nov 17 2015 05:28:20,  840461 sec) PistonMoveAbsWTO()    106->116 107 108 109 110 111 [30sec, 14.1Volts, 0.189Amps, CPT:1993sec]
(Nov 17 2015 05:29:00,  840501 sec) PistonMoveAbsWTO()    111->116 112 113 114 115 116 [24sec, 14.1Volts, 0.185Amps, CPT:2017sec]
(Nov 17 2015 05:34:30,  840831 sec) AscentControlAgent() Bouyancy nudge to 126 (v=0.034dbar/sec).
(Nov 17 2015 05:34:30,  840831 sec) PistonMoveAbsWTO()    116->126 117 118 119 120 121 [30sec, 14.1Volts, 0.189Amps, CPT:2047sec]
(Nov 17 2015 05:35:10,  840871 sec) PistonMoveAbsWTO()    121->126 122 123 124 125 126 [23sec, 14.1Volts, 0.181Amps, CPT:2070sec]
(Nov 17 2015 05:40:40,  841201 sec) AscentControlAgent() Bouyancy nudge to 136 (v=0.023dbar/sec).
(Nov 17 2015 05:40:40,  841201 sec) PistonMoveAbsWTO()    126->136 127 128 129 130 131 [30sec, 14.2Volts, 0.181Amps, CPT:2100sec]
(Nov 17 2015 05:41:20,  841241 sec) PistonMoveAbsWTO()    131->136 132 133 134 135 136 [23sec, 14.1Volts, 0.181Amps, CPT:2123sec]
(Nov 17 2015 05:45:45,  841506 sec) AscentControlAgent() Bouyancy nudge to 146 (v=0.020dbar/sec).
(Nov 17 2015 05:45:45,  841506 sec) PistonMoveAbsWTO()    136->146 137 138 139 140 141 [30sec, 14.1Volts, 0.181Amps, CPT:2153sec]
(Nov 17 2015 05:46:25,  841546 sec) PistonMoveAbsWTO()    141->146 142 143 144 145 146 [24sec, 14.1Volts, 0.177Amps, CPT:2177sec]
(Nov 17 2015 05:50:51,  841812 sec) AscentControlAgent() Bouyancy nudge to 156 (v=0.016dbar/sec).
(Nov 17 2015 05:50:51,  841812 sec) PistonMoveAbsWTO()    146->156 147 148 149 150 151 [30sec, 14.2Volts, 0.177Amps, CPT:2207sec]
(Nov 17 2015 05:51:31,  841852 sec) PistonMoveAbsWTO()    151->156 152 153 154 155 156 [23sec, 14.1Volts, 0.177Amps, CPT:2230sec]
(Nov 17 2015 05:55:56,  842117 sec) AscentControlAgent() Bouyancy nudge to 166 (v=0.021dbar/sec).
(Nov 17 2015 05:55:56,  842117 sec) PistonMoveAbsWTO()    156->166 157 158 159 160 161 [30sec, 14.2Volts, 0.177Amps, CPT:2260sec]
(Nov 17 2015 05:56:36,  842157 sec) PistonMoveAbsWTO()    161->166 162 163 164 165 166 [23sec, 14.2Volts, 0.177Amps, CPT:2283sec]
(Nov 17 2015 06:01:01,  842422 sec) AscentControlAgent() Bouyancy nudge to 176 (v=0.059dbar/sec).
(Nov 17 2015 06:01:02,  842422 sec) PistonMoveAbsWTO()    166->176 167 168 [15sec, 14.2Volts, 0.173Amps, CPT:2298sec]
(Nov 17 2015 06:01:26,  842447 sec) PistonMoveAbsWTO()    168->176 169 170 171 [15sec, 14.2Volts, 0.173Amps, CPT:2313sec]
(Nov 17 2015 06:01:51,  842472 sec) PistonMoveAbsWTO()    171->176 172 173 174 [15sec, 14.2Volts, 0.173Amps, CPT:2328sec]
(Nov 17 2015 06:02:19,  842500 sec) SurfaceDetect()      SurfacePressure:-0.2dbars Pressure:3.2dbars PistonPosition:174
(Nov 17 2015 06:02:20,  842501 sec) Sbe41cpStopCP()      Continuous profile stopped.
(Nov 17 2015 06:02:26,  842507 sec) PistonMoveAbsWTO()    174->196 175 176 177 178 179 180 181 182 183 184 185 186 187 188 189 190 191 192 193 194 195 196 [112sec, 14.2Volts, 0.149Amps, CPT:2440sec]
(Nov 17 2015 06:04:30,  842630 sec) sbe41cp.c:chat()     Expected string [S>] not received.
(Nov 17 2015 06:06:16,  842737 sec) Sbe41cpBinAverage()  Finished averaging 6243 samples in 102 seconds.
(Nov 17 2015 06:06:21,  842742 sec) Sbe41cpUploadCP()    Sbe41cpSerNo[5994] NSample[6243] NBin[246]
(Nov 17 2015 06:07:01,  842781 sec) Sbe41cpUploadCP()    Continuous profile uploaded [246 lines].

<EOT>
