(Jul 07 2018 00:20:30,  844043 sec) TelemetryInit()      Profile 135. (Apf9i FwRev: 012811)
(Jul 07 2018 00:28:01,  844495 sec) AirSystem()          Battery [143cnt, 11.1V]  Current [74cnt, 29.8mA]  Barometer [126cnt, 6.5"Hg]  Run-Time [63s]
(Jul 07 2018 00:28:38,  844531 sec) GpsServices()        GPS almanac is current.
(Jul 07 2018 00:28:38,  844531 sec) GpsServices()        Initiating GPS fix acquisition.
(Jul 07 2018 00:28:46,  844539 sec) gga()                $GPGGA,002840,1333.1207,N,08540.9220,E,0,00,,,M,,M,,*55
(Jul 07 2018 00:28:55,  844548 sec) gga()                $GPGGA,002850,1333.1207,N,08540.9220,E,0,00,,,M,,M,,*54
(Jul 07 2018 00:29:05,  844558 sec) gga()                $GPGGA,002900,1333.1207,N,08540.9220,E,0,00,,,M,,M,,*50
(Jul 07 2018 00:29:11,  844564 sec) gga()                $GPGGA,002850,1333.1207,N,08540.9220,E,0,00,,,M,,M,,*54
(Jul 07 2018 00:29:21,  844574 sec) gga()                $GPGGA,002900,1333.1207,N,08540.9220,E,0,00,,,M,,M,,*50
(Jul 07 2018 00:29:31,  844584 sec) gga()                $GPGGA,002910,1333.1207,N,08540.9220,E,0,00,,,M,,M,,*51
(Jul 07 2018 00:29:41,  844594 sec) gga()                $GPGGA,002920,1333.1207,N,08540.9220,E,0,00,,,M,,M,,*52
(Jul 07 2018 00:29:51,  844604 sec) gga()                $GPGGA,002930,1333.1207,N,08540.9220,E,0,00,,,M,,M,,*53
(Jul 07 2018 00:30:01,  844614 sec) gga()                $GPGGA,002940,1333.1207,N,08540.9220,E,0,00,,,M,,M,,*54
(Jul 07 2018 00:30:10,  844623 sec) gga()                $GPGGA,002950,1333.1207,N,08540.9220,E,0,00,,,M,,M,,*55
(Jul 07 2018 00:30:38,  844652 sec) gga()                $GPGGA,003000,1358.4114,N,08556.1353,E,1,01,3.6,,M,-76.9,M,,*4B
(Jul 07 2018 00:31:09,  844682 sec) gga()                $GPGGA,003030,1358.4340,N,08556.1607,E,1,10,1.3,21.7,M,-76.9,M,,*52
(Jul 07 2018 00:31:09,  844682 sec) GpsServices()        Profile 135 GPS fix obtained in 151 seconds.
(Jul 07 2018 00:31:09,  844682 sec) GpsServices()                  lon     lat mm/dd/yyyy hhmmss nsat
(Jul 07 2018 00:31:09,  844682 sec) GpsServices()        Fix:   85.936  13.974 07/07/2018 003030   10
(Jul 07 2018 00:31:39,  844712 sec) gga()                $GPGGA,003100,1358.4310,N,08556.1590,E,1,12,0.7,4.5,M,-76.9,M,,*6A
(Jul 07 2018 00:31:44,  844718 sec) gga()                $GPGGA,003130,1358.4293,N,08556.1569,E,1,10,0.8,-2.6,M,-76.9,M,,*40
(Jul 07 2018 00:31:44,  844718 sec) GpsServices()        APF9 RTC skew (14s) OK.
(Jul 07 2018 00:31:45,  844718 sec) LogNmeaSentences()   3,160,42,18,19,143,40,22,10,172,32,27,35,046,47*7F
(Jul 07 2018 00:31:45,  844718 sec) LogNmeaSentences()   $GPGSV,3,3,12,28,20,252,40,30,06,306,32,09,60,319,00,16,06,039,00*7D
(Jul 07 2018 00:31:54,  844728 sec) LogNmeaSentences()   $GPRMC,003140,A,1358.4296,N,08556.1593,E,001.6,152.4,070718,001.3,W*6A
(Jul 07 2018 00:31:55,  844728 sec) LogNmeaSentences()   $GPGGA,003140,1358.4296,N,08556.1593,E,1,11,0.7,-1.8,M,-76.9,M,,*44
(Jul 07 2018 00:31:55,  844728 sec) LogNmeaSentences()   $GPGSA,A,3,01,03,07,08,11,16,18,22,27,28,30,,1.1,0.7,0.8*32
(Jul 07 2018 00:31:55,  844729 sec) LogNmeaSentences()   $GPGSV,3,1,12,01,13,166,36,03,19,193,37,07,25,327,44,08,68,080,50*76
(Jul 07 2018 00:31:56,  844729 sec) LogNmeaSentences()   $GPGSV,3,2,12,11,33,160,43,16,06,040,37,18,19,143,42,22,10,172,39*74
(Jul 07 2018 00:31:56,  844729 sec) LogNmeaSentences()   $GPGSV,3,3,12,27,35,046,48,28,20,252,40,30,06,306,38,09,60,319,00*71
(Jul 07 2018 00:32:04,  844737 sec) LogNmeaSentences()   $GPRMC,003150,A,1358.4276,N,08556.1596,E,001.0,000.0,070718,001.3,W*64
(Jul 07 2018 00:32:04,  844738 sec) LogNmeaSentences()   $GPGGA,003150,1358.4276,N,08556.1596,E,1,03,0.7,-0.7,M,-76.9,M,,*43
(Jul 07 2018 00:32:05,  844738 sec) LogNmeaSentences()   $GPGSA,A,3,01,07,28,,,,,,,,,,1.1,0.7,0.8*31
(Jul 07 2018 00:32:05,  844738 sec) LogNmeaSentences()   $GPGSV,3,1,12,01,13,166,27,07,25,327,46,28,20,252,24,03,19,193,00*70
(Jul 07 2018 00:32:05,  844739 sec) LogNmeaSentences()   $GPGSV,3,2,12,08,68,079,00,09,60,319,00,11,33,159,00,16,06,039,00*71
(Jul 07 2018 00:32:06,  844739 sec) LogNmeaSentences()   $GPGSV,3,3,12,18,19,142,00,22,11,172,00,23,81,173,00,27,35,046,00*74
(Jul 07 2018 00:32:14,  844747 sec) LogNmeaSentences()   $GPRMC,003200,A,1358.4266,N,08556.1601,E,002.3,280.3,070718,001.3,W*67
(Jul 07 2018 00:32:15,  844748 sec) LogNmeaSentences()   $GPGGA,003200,1358.4266,N,08556.1601,E,1,07,1.0,-0.1,M,-76.9,M,,*4D
(Jul 07 2018 00:32:15,  844748 sec) LogNmeaSentences()   $GPGSA,A,3,01,03,07,16,18,23,30,,,,,,1.3,1.0,0.8*30
(Jul 07 2018 00:32:15,  844749 sec) LogNmeaSentences()   $GPGSV,3,1,12,01,13,166,28,03,19,193,30,07,25,327,46,16,06,040,25*75
(Jul 07 2018 00:32:16,  844749 sec) LogNmeaSentences()   $GPGSV,3,2,12,18,19,143,29,23,80,173,46,30,06,306,44,08,68,079,00*71
(Jul 07 2018 00:32:16,  844749 sec) LogNmeaSentences()   $GPGSV,3,3,12,09,61,316,00,11,33,159,00,22,11,172,00,27,35,046,00*78
(Jul 07 2018 00:32:16,  844750 sec) LogNmeaSentences()   $PGRMT,GPS 15x-L software ver. 3.80,,,,,,,,*7C
(Jul 07 2018 00:32:17,  844750 sec) GpsServices()        GPS services complete.
(Jul 07 2018 00:32:41,  844775 sec) CLogin()             Connecting to primary host.
(Jul 07 2018 00:32:57,  844791 sec) CLogin()             Connection 1 established in 16 seconds.
(Jul 07 2018 00:33:08,  844802 sec) login()              Login successful.
(Jul 07 2018 00:33:13,  844806 sec) chat()               Expected string [cmd>] not received.
(Jul 07 2018 00:33:13,  844806 sec) login()              Attempt to set the command prompt failed.
(Jul 07 2018 00:33:18,  844811 sec) chat()               Expected string [cmd>] not received.
(Jul 07 2018 00:33:18,  844811 sec) login()              Attempt to set the command prompt failed.
(Jul 07 2018 00:33:19,  844812 sec) CLogin()             Logged in to host.  [Login required 22 seconds]
(Jul 07 2018 00:33:27,  844820 sec) RxConfig()           Downloading "mission.cfg" from host.
(Jul 07 2018 00:33:29,  844822 sec) Rx()                 Initiating transfer. [0x43]
(Jul 07 2018 00:33:34,  844827 sec) RxStartByte()        Sync errors encountered: 578
(Jul 07 2018 00:33:38,  844831 sec) Rx()                 Truncated packet received - retrying.
(Jul 07 2018 00:33:44,  844838 sec) RxStartByte()        Sync errors encountered: 564
(Jul 07 2018 00:33:48,  844841 sec) Rx()                 Truncated packet received - retrying.
(Jul 07 2018 00:33:50,  844843 sec) RxStartByte()        Sync errors encountered: 626
(Jul 07 2018 00:33:55,  844848 sec) Rx()                 Truncated packet received - retrying.
(Jul 07 2018 00:34:05,  844859 sec) RxStartByte()        Sync errors encountered: 874
(Jul 07 2018 00:34:10,  844863 sec) Rx()                 Truncated packet received - retrying.
(Jul 07 2018 00:34:11,  844865 sec) RxStartByte()        Sync errors encountered: 6
(Jul 07 2018 00:34:14,  844867 sec) Rx()                 Truncated packet received - retrying.
(Jul 07 2018 00:34:16,  844870 sec) RxStartByte()        Sync errors encountered: 1008
(Jul 07 2018 00:34:20,  844873 sec) Rx()                 Truncated packet received - retrying.
(Jul 07 2018 00:34:24,  844877 sec) RxStartByte()        Sync errors encountered: 719
(Jul 07 2018 00:34:27,  844880 sec) Rx()                 Truncated packet received - retrying.
(Jul 07 2018 00:34:29,  844882 sec) RxStartByte()        Sync errors encountered: 409
(Jul 07 2018 00:34:35,  844888 sec) Rx()                 Truncated packet received - retrying.
(Jul 07 2018 00:34:43,  844896 sec) RxStartByte()        Sync errors encountered: 719
(Jul 07 2018 00:34:45,  844898 sec) Rx()                 Pad character [0x1a] found in ascii mode - truncating packet.
(Jul 07 2018 00:34:50,  844903 sec) Rx()                 Received EOT - transfer complete. [1 packets, 1024 bytes, 81 sec, 12.6 bps]
(Jul 07 2018 00:34:50,  844903 sec) RxConfig()           Download successful.
(Jul 07 2018 00:35:04,  844917 sec) WriteVitals()        Writing vitals to "9567.135.msg".
(Jul 07 2018 00:35:11,  844924 sec) UpLoadFile()         Uploading "9567.135.msg" to host as "9567.135.msg".
(Jul 07 2018 00:35:15,  844928 sec) Tx()                 CRC negotiation successful. [16-bit CRC]
(Jul 07 2018 00:35:38,  844951 sec) TxPacket()           NAK received - resending packet. [PktNum=0x02]
(Jul 07 2018 00:35:38,  844952 sec) TxPacket()           Packet xmit history: [11100001] (0:ok, 1:fail).
(Jul 07 2018 00:35:49,  844963 sec) TxPacket()           NAK received - resending packet. [PktNum=0x03]
(Jul 07 2018 00:35:49,  844963 sec) TxPacket()           Packet xmit history: [10000101] (0:ok, 1:fail).
(Jul 07 2018 00:36:07,  844980 sec) TxPacket()           NAK received - resending packet. [PktNum=0x05]
(Jul 07 2018 00:36:07,  844980 sec) TxPacket()           Packet xmit history: [00101001] (0:ok, 1:fail).
(Jul 07 2018 00:36:25,  844999 sec) TxPacket()           NAK received - resending packet. [PktNum=0x07]
(Jul 07 2018 00:36:25,  844999 sec) TxPacket()           Packet xmit history: [01001001] (0:ok, 1:fail).
(Jul 07 2018 00:36:31,  845005 sec) TxPacket()           NAK received - resending packet. [PktNum=0x07]
(Jul 07 2018 00:36:31,  845005 sec) TxPacket()           Packet xmit history: [10010011] (0:ok, 1:fail).
(Jul 07 2018 00:36:38,  845011 sec) TxPacket()           NAK received - resending packet. [PktNum=0x07]
(Jul 07 2018 00:36:38,  845011 sec) TxPacket()           Packet xmit history: [00100111] (0:ok, 1:fail).
(Jul 07 2018 00:36:42,  845016 sec) TxPacket()           NAK received - resending packet. [PktNum=0x07]
(Jul 07 2018 00:36:42,  845016 sec) TxPacket()           Packet xmit history: [01001111] (0:ok, 1:fail).
(Jul 07 2018 00:37:05,  845038 sec) TxPacket()           NAK received - resending packet. [PktNum=0x0a]
(Jul 07 2018 00:37:05,  845039 sec) TxPacket()           Packet xmit history: [11110001] (0:ok, 1:fail).
(Jul 07 2018 00:37:23,  845057 sec) TxPacket()           NAK received - resending packet. [PktNum=0x0d]
(Jul 07 2018 00:37:23,  845057 sec) TxPacket()           Packet xmit history: [00010001] (0:ok, 1:fail).
(Jul 07 2018 00:37:37,  845071 sec) TxPacket()           NAK received - resending packet. [PktNum=0x0e]
(Jul 07 2018 00:37:37,  845071 sec) TxPacket()           Packet xmit history: [01000101] (0:ok, 1:fail).
(Jul 07 2018 00:38:03,  845096 sec) TxPacket()           NAK received - resending packet. [PktNum=0x0f]
(Jul 07 2018 00:38:03,  845096 sec) TxPacket()           Packet xmit history: [00010101] (0:ok, 1:fail).
(Jul 07 2018 00:38:09,  845102 sec) TxPacket()           NAK received - resending packet. [PktNum=0x0f]
(Jul 07 2018 00:38:09,  845103 sec) TxPacket()           Packet xmit history: [00101011] (0:ok, 1:fail).
(Jul 07 2018 00:38:20,  845114 sec) TxPacket()           NAK received - resending packet. [PktNum=0x12]
(Jul 07 2018 00:38:20,  845114 sec) TxPacket()           Packet xmit history: [10110001] (0:ok, 1:fail).
(Jul 07 2018 00:38:33,  845126 sec) TxPacket()           NAK received - resending packet. [PktNum=0x12]
(Jul 07 2018 00:38:33,  845126 sec) TxPacket()           Packet xmit history: [01100011] (0:ok, 1:fail).
(Jul 07 2018 00:38:38,  845132 sec) TxPacket()           NAK received - resending packet. [PktNum=0x12]
(Jul 07 2018 00:38:38,  845132 sec) TxPacket()           Packet xmit history: [11000111] (0:ok, 1:fail).
(Jul 07 2018 00:38:45,  845139 sec) TxPacket()           NAK received - resending packet. [PktNum=0x12]
(Jul 07 2018 00:38:45,  845139 sec) TxPacket()           Packet xmit history: [10001111] (0:ok, 1:fail).
(Jul 07 2018 00:38:50,  845144 sec) TxPacket()           NAK received - resending packet. [PktNum=0x12]
(Jul 07 2018 00:38:50,  845144 sec) TxPacket()           Packet xmit history: [00011111] (0:ok, 1:fail).
(Jul 07 2018 00:39:08,  845161 sec) TxPacket()           False CAN detected - resending packet. [PktNum=0x12]
(Jul 07 2018 00:39:08,  845161 sec) TxPacket()           Packet xmit history: [00111111] (0:ok, 1:fail).
(Jul 07 2018 00:39:15,  845168 sec) TxPacket()           Packet xmit history: [01111110] (0:ok, 1:fail).
(Jul 07 2018 00:39:17,  845171 sec) TxPacket()           Invalid response [0x42] - resending packet. [PktNum=0x12]
(Jul 07 2018 00:39:17,  845171 sec) TxPacket()           Packet xmit history: [11111101] (0:ok, 1:fail).
(Jul 07 2018 00:39:18,  845172 sec) TxPacket()           Invalid response [0x2e] - resending packet. [PktNum=0x12]
(Jul 07 2018 00:39:18,  845172 sec) TxPacket()           Packet xmit history: [11111011] (0:ok, 1:fail).
(Jul 07 2018 00:39:19,  845173 sec) TxPacket()           Invalid response [0x50] - resending packet. [PktNum=0x12]
(Jul 07 2018 00:39:20,  845173 sec) TxPacket()           Packet xmit history: [11110111] (0:ok, 1:fail).
(Jul 07 2018 00:39:20,  845173 sec) TxPacket()           Exit status: -5
(Jul 07 2018 00:39:20,  845173 sec) Tx()                 Packet transmission failed - aborting transfer.
(Jul 07 2018 00:39:31,  845184 sec) UpLoadFile()         Upload failed.
(Jul 07 2018 00:39:55,  845209 sec) UpLoadFile()         Uploading "9567.135.log" to host as "9567.135.log".
(Jul 07 2018 00:40:55,  845268 sec) Tx()                 CRC negotiation failed - aborting transfer.
(Jul 07 2018 00:41:05,  845279 sec) UpLoadFile()         Upload failed.
(Jul 07 2018 00:41:05,  845279 sec) UpLoad()             Files successfully uploaded: 0
(Jul 07 2018 00:41:05,  845279 sec) UpLoad()             Aborting upload: Retry limit [2] exceeded. Upload incomplete.
(Jul 07 2018 00:41:11,  845284 sec) chat()               Expected string [cmd>] not received.
(Jul 07 2018 00:41:11,  845284 sec) logout()             Can't get command prompt.
(Jul 07 2018 00:41:16,  845289 sec) chat()               Expected string [logout] not received.
(Jul 07 2018 00:41:16,  845289 sec) logout()             Attempt to log-out failed.
(Jul 07 2018 00:41:16,  845289 sec) logout()             No carrier detected.
(Jul 07 2018 00:41:16,  845289 sec) Telemetry()          Telemetry cycle complete: PrfId=135 ConnectionAttempts=1  Connections=1
(Jul 07 2018 00:56:31,  846204 sec) AirSystem()          Air-bladder inflation by-passed. Barometer: [125cnt, 6.2"Hg].
(Jul 07 2018 00:56:59,  846232 sec) GpsServices()        GPS almanac is current.
(Jul 07 2018 00:56:59,  846232 sec) GpsServices()        Initiating GPS fix acquisition.
(Jul 07 2018 00:57:29,  846263 sec) gga()                $GPGGA,005650,1358.3241,N,08556.2903,E,1,12,0.8,2.7,M,-76.9,M,,*62
(Jul 07 2018 00:57:30,  846263 sec) GpsServices()        Profile 135 GPS fix obtained in 31 seconds.
(Jul 07 2018 00:57:30,  846263 sec) GpsServices()                  lon     lat mm/dd/yyyy hhmmss nsat
(Jul 07 2018 00:57:30,  846263 sec) GpsServices()        Fix:   85.938  13.972 07/07/2018 005650   12
(Jul 07 2018 00:57:59,  846292 sec) gga()                $GPGGA,005720,1358.3211,N,08556.2910,E,1,07,1.8,-2.7,M,-76.9,M,,*4B
(Jul 07 2018 00:58:04,  846298 sec) gga()                $GPGGA,005750,1358.3191,N,08556.2979,E,1,11,0.9,-0.8,M,-76.9,M,,*42
(Jul 07 2018 00:58:05,  846298 sec) GpsServices()        APF9 RTC skew (14s) OK.
(Jul 07 2018 00:58:05,  846298 sec) LogNmeaSentences()   9,70,291,48,11,41,149,44,18,24,132,43,22,05,163,31*71
(Jul 07 2018 00:58:05,  846298 sec) LogNmeaSentences()   $GPGSV,3,3,12,23,66,173,36,27,25,039,44,28,25,264,29,30,11,315,00*71
(Jul 07 2018 00:58:14,  846308 sec) LogNmeaSentences()   $GPRMC,005800,A,1358.3183,N,08556.2983,E,000.0,206.6,070718,001.3,W*68
(Jul 07 2018 00:58:15,  846308 sec) LogNmeaSentences()   $GPGGA,005800,1358.3183,N,08556.2983,E,1,11,0.9,-0.9,M,-76.9,M,,*4F
(Jul 07 2018 00:58:15,  846308 sec) LogNmeaSentences()   $GPGSA,A,3,01,03,07,08,09,11,18,22,23,27,28,,1.2,0.9,0.8*33
(Jul 07 2018 00:58:15,  846309 sec) LogNmeaSentences()   $GPGSV,3,1,12,01,18,157,40,03,13,184,41,07,31,337,45,08,61,051,49*7B
(Jul 07 2018 00:58:16,  846309 sec) LogNmeaSentences()   $GPGSV,3,2,12,09,70,290,51,11,41,149,45,18,24,132,43,22,05,163,44*7B
(Jul 07 2018 00:58:16,  846309 sec) LogNmeaSentences()   $GPGSV,3,3,12,23,66,173,48,27,25,039,42,28,25,264,43,30,11,315,00*72
(Jul 07 2018 00:58:16,  846310 sec) LogNmeaSentences()   $PGRMT,GPS 15x-L software ver. 3.80,,,,,,,,*7C
(Jul 07 2018 00:58:24,  846318 sec) LogNmeaSentences()   $GPRMC,005810,A,1358.3174,N,08556.2998,E,002.0,175.3,070718,001.3,W*6B
(Jul 07 2018 00:58:25,  846318 sec) LogNmeaSentences()   $GPGGA,005810,1358.3174,N,08556.2998,E,1,10,0.9,1.5,M,-76.9,M,,*6D
(Jul 07 2018 00:58:25,  846318 sec) LogNmeaSentences()   $GPGSA,A,3,01,03,07,08,09,11,18,,23,27,28,,1.2,0.9,0.8*33
(Jul 07 2018 00:58:25,  846319 sec) LogNmeaSentences()   $GPGSV,3,1,12,01,18,157,38,03,13,184,35,07,31,337,47,08,61,051,50*7D
(Jul 07 2018 00:58:26,  846319 sec) LogNmeaSentences()   $GPGSV,3,2,12,09,70,290,50,11,41,149,44,18,24,131,41,22,05,163,25*7D
(Jul 07 2018 00:58:26,  846319 sec) LogNmeaSentences()   $GPGSV,3,3,12,23,66,173,47,27,25,039,44,28,25,264,41,30,11,315,00*79
(Jul 07 2018 00:58:34,  846327 sec) LogNmeaSentences()   $GPRMC,005820,A,1358.3168,N,08556.3025,E,000.6,172.6,070718,001.3,W*6D
(Jul 07 2018 00:58:34,  846328 sec) LogNmeaSentences()   $GPGGA,005820,1358.3168,N,08556.3025,E,1,00,0.9,-2.1,M,-76.9,M,,*46
(Jul 07 2018 00:58:35,  846328 sec) LogNmeaSentences()   $GPGSA,A,3,,,,,,,,,,,,,1.2,0.9,0.8*30
(Jul 07 2018 00:58:35,  846328 sec) LogNmeaSentences()   $GPGSV,3,1,12,01,18,157,00,03,13,185,00,07,31,337,00,08,61,051,00*77
(Jul 07 2018 00:58:35,  846329 sec) LogNmeaSentences()   $GPGSV,3,2,12,09,70,292,00,11,41,149,00,18,24,131,00,22,05,163,00*78
(Jul 07 2018 00:58:36,  846329 sec) GpsServices()        GPS services complete.
(Jul 07 2018 00:59:00,  846354 sec) CLogin()             Connecting to primary host.
(Jul 07 2018 00:59:14,  846367 sec) CLogin()             Connection 2 established in 14 seconds.
(Jul 07 2018 00:59:23,  846377 sec) login()              Login successful.
(Jul 07 2018 00:59:27,  846380 sec) CLogin()             Logged in to host.  [Login required 13 seconds]
(Jul 07 2018 00:59:34,  846388 sec) RxConfig()           Downloading "mission.cfg" from host.
(Jul 07 2018 00:59:37,  846390 sec) Rx()                 Initiating transfer. [0x43]
(Jul 07 2018 00:59:39,  846393 sec) RxStartByte()        Sync errors encountered: 640
(Jul 07 2018 00:59:43,  846396 sec) Rx()                 Pad character [0x1a] found in ascii mode - truncating packet.
(Jul 07 2018 00:59:47,  846400 sec) Rx()                 Received EOT - transfer complete. [1 packets, 1024 bytes, 10 sec, 102.4 bps]
(Jul 07 2018 00:59:47,  846400 sec) RxConfig()           Download successful.
(Jul 07 2018 01:00:01,  846414 sec) WriteVitals()        Writing vitals to "9567.135.msg".
(Jul 07 2018 01:00:08,  846421 sec) UpLoadFile()         Uploading "9567.135.msg" to host as "9567.135.msg".
(Jul 07 2018 01:00:13,  846426 sec) Tx()                 CRC negotiation successful. [16-bit CRC]
(Jul 07 2018 01:00:17,  846430 sec) TxPacket()           Invalid response [0x43] - resending packet. [PktNum=0x01]
(Jul 07 2018 01:00:17,  846430 sec) TxPacket()           Packet xmit history: [01110001] (0:ok, 1:fail).
(Jul 07 2018 01:00:23,  846437 sec) TxPacket()           NAK received - resending packet. [PktNum=0x02]
(Jul 07 2018 01:00:23,  846437 sec) TxPacket()           Packet xmit history: [11000101] (0:ok, 1:fail).
(Jul 07 2018 01:00:41,  846455 sec) TxPacket()           NAK received - resending packet. [PktNum=0x05]
(Jul 07 2018 01:00:41,  846455 sec) TxPacket()           Packet xmit history: [01010001] (0:ok, 1:fail).
(Jul 07 2018 01:00:47,  846461 sec) TxPacket()           NAK received - resending packet. [PktNum=0x05]
(Jul 07 2018 01:00:47,  846461 sec) TxPacket()           Packet xmit history: [10100011] (0:ok, 1:fail).
(Jul 07 2018 01:00:55,  846468 sec) TxPacket()           Packet xmit history: [01000110] (0:ok, 1:fail).
(Jul 07 2018 01:01:02,  846475 sec) TxPacket()           Invalid response [0x63] - resending packet. [PktNum=0x05]
(Jul 07 2018 01:01:02,  846475 sec) TxPacket()           Packet xmit history: [10001101] (0:ok, 1:fail).
(Jul 07 2018 01:01:05,  846478 sec) TxPacket()           Invalid response [0x6d] - resending packet. [PktNum=0x05]
(Jul 07 2018 01:01:05,  846478 sec) TxPacket()           Packet xmit history: [00011011] (0:ok, 1:fail).
(Jul 07 2018 01:01:07,  846480 sec) TxPacket()           Invalid response [0x74] - resending packet. [PktNum=0x05]
(Jul 07 2018 01:01:07,  846480 sec) TxPacket()           Packet xmit history: [00110111] (0:ok, 1:fail).
(Jul 07 2018 01:01:08,  846481 sec) TxPacket()           Invalid response [0x50] - resending packet. [PktNum=0x05]
(Jul 07 2018 01:01:08,  846481 sec) TxPacket()           Packet xmit history: [01101111] (0:ok, 1:fail).
(Jul 07 2018 01:01:09,  846482 sec) TxPacket()           Invalid response [0x32] - resending packet. [PktNum=0x05]
(Jul 07 2018 01:01:09,  846482 sec) TxPacket()           Packet xmit history: [11011111] (0:ok, 1:fail).
(Jul 07 2018 01:01:11,  846484 sec) TxPacket()           Invalid response [0x36] - resending packet. [PktNum=0x05]
(Jul 07 2018 01:01:11,  846485 sec) TxPacket()           Packet xmit history: [10111111] (0:ok, 1:fail).
(Jul 07 2018 01:01:12,  846485 sec) TxPacket()           Invalid response [0x6e] - resending packet. [PktNum=0x05]
(Jul 07 2018 01:01:12,  846485 sec) TxPacket()           Packet xmit history: [01111111] (0:ok, 1:fail).
(Jul 07 2018 01:01:12,  846486 sec) TxPacket()           Exit status: -5
(Jul 07 2018 01:01:12,  846486 sec) Tx()                 Packet transmission failed - aborting transfer.
(Jul 07 2018 01:01:23,  846496 sec) UpLoadFile()         Upload failed.
(Jul 07 2018 01:01:41,  846515 sec) UpLoadFile()         Uploading "9567.135.log" to host as "9567.135.log".
(Jul 07 2018 01:02:42,  846575 sec) Tx()                 CRC negotiation failed - aborting transfer.
(Jul 07 2018 01:02:52,  846586 sec) UpLoadFile()         Upload failed.
(Jul 07 2018 01:02:52,  846586 sec) UpLoad()             Files successfully uploaded: 0
(Jul 07 2018 01:02:52,  846586 sec) UpLoad()             Aborting upload: Retry limit [2] exceeded. Upload incomplete.
(Jul 07 2018 01:02:56,  846590 sec) logout()             Log-out successful.
(Jul 07 2018 01:02:57,  846591 sec) Telemetry()          Telemetry cycle complete: PrfId=135 ConnectionAttempts=2  Connections=2
(Jul 07 2018 01:18:12,  847505 sec) AirSystem()          Air-bladder inflation by-passed. Barometer: [125cnt, 6.2"Hg].
(Jul 07 2018 01:18:56,  847549 sec) GpsServices()        GPS almanac is current.
(Jul 07 2018 01:18:56,  847549 sec) GpsServices()        Initiating GPS fix acquisition.
(Jul 07 2018 01:19:29,  847583 sec) gga()                $GPGGA,011850,1358.2130,N,08556.4410,E,1,09,0.8,-2.5,M,-76.9,M,,*41
(Jul 07 2018 01:19:30,  847583 sec) GpsServices()        Profile 135 GPS fix obtained in 34 seconds.
(Jul 07 2018 01:19:30,  847583 sec) GpsServices()                  lon     lat mm/dd/yyyy hhmmss nsat
(Jul 07 2018 01:19:30,  847583 sec) GpsServices()        Fix:   85.941  13.970 07/07/2018 011850    9
(Jul 07 2018 01:20:08,  847622 sec) gga()                $GPGGA,011930,1358.2123,N,08556.4454,E,1,06,1.7,-4.2,M,-76.9,M,,*44
(Jul 07 2018 01:20:14,  847628 sec) gga()                $GPGGA,012000,1358.2106,N,08556.4480,E,1,11,0.9,-4.2,M,-76.9,M,,*4A
(Jul 07 2018 01:20:14,  847628 sec) GpsServices()        APF9 RTC skew (14s) OK.
(Jul 07 2018 01:20:15,  847628 sec) LogNmeaSentences()   ,48,139,46,17,07,211,34,18,28,122,42,23,54,173,47*78
(Jul 07 2018 01:20:15,  847628 sec) LogNmeaSentences()   $GPGSV,3,3,12,27,16,036,41,28,27,276,38,30,17,322,35,03,09,176,00*75
(Jul 07 2018 01:20:15,  847629 sec) LogNmeaSentences()   $PGRMT,GPS 15x-L software ver. 3.80,,,,,,,,*7C
(Jul 07 2018 01:20:24,  847638 sec) LogNmeaSentences()   $GPRMC,012010,A,1358.2125,N,08556.4496,E,001.2,071.8,070718,001.3,W*6A
(Jul 07 2018 01:20:25,  847638 sec) LogNmeaSentences()   $GPGGA,012010,1358.2125,N,08556.4496,E,1,11,0.9,-0.4,M,-76.9,M,,*4F
(Jul 07 2018 01:20:25,  847638 sec) LogNmeaSentences()   $GPGSA,A,3,01,07,08,09,11,17,18,23,27,28,30,,1.2,0.9,0.8*35
(Jul 07 2018 01:20:25,  847639 sec) LogNmeaSentences()   $GPGSV,3,1,12,01,24,148,41,07,37,345,46,08,52,040,51,09,72,254,47*77
(Jul 07 2018 01:20:26,  847639 sec) LogNmeaSentences()   $GPGSV,3,2,12,11,48,139,47,17,07,211,41,18,28,121,45,23,54,173,47*7F
(Jul 07 2018 01:20:26,  847639 sec) LogNmeaSentences()   $GPGSV,3,3,12,27,16,036,42,28,27,276,42,30,17,322,35,03,09,176,00*7B
(Jul 07 2018 01:20:34,  847648 sec) LogNmeaSentences()   $GPRMC,012020,A,1358.2104,N,08556.4494,E,000.5,337.4,070718,001.3,W*63
(Jul 07 2018 01:20:35,  847648 sec) LogNmeaSentences()   $GPGGA,012020,1358.2104,N,08556.4494,E,1,11,0.9,-4.4,M,-76.9,M,,*49
(Jul 07 2018 01:20:35,  847648 sec) LogNmeaSentences()   $GPGSA,A,3,01,07,08,09,11,17,18,23,27,28,30,,1.2,0.9,0.8*35
(Jul 07 2018 01:20:35,  847649 sec) LogNmeaSentences()   $GPGSV,3,1,12,01,24,148,42,07,37,345,49,08,52,040,47,09,72,254,52*78
(Jul 07 2018 01:20:36,  847649 sec) LogNmeaSentences()   $GPGSV,3,2,12,11,48,139,45,17,07,211,42,18,28,121,42,23,54,173,47*79
(Jul 07 2018 01:20:36,  847649 sec) LogNmeaSentences()   $GPGSV,3,3,12,27,16,036,42,28,28,276,40,30,17,322,44,03,09,176,00*70
(Jul 07 2018 01:20:44,  847658 sec) LogNmeaSentences()   $GPRMC,012030,A,1358.2090,N,08556.4515,E,000.7,217.2,070718,001.3,W*61
(Jul 07 2018 01:20:45,  847658 sec) LogNmeaSentences()   $GPGGA,012030,1358.2090,N,08556.4515,E,1,11,0.8,-5.7,M,-76.9,M,,*4F
(Jul 07 2018 01:20:45,  847658 sec) LogNmeaSentences()   $GPGSA,A,3,01,07,08,09,11,17,18,23,27,28,30,,1.1,0.8,0.8*37
(Jul 07 2018 01:20:45,  847659 sec) LogNmeaSentences()   $GPGSV,3,1,12,01,24,148,40,07,37,345,49,08,52,039,50,09,72,254,50*70
(Jul 07 2018 01:20:46,  847659 sec) GpsServices()        GPS services complete.
(Jul 07 2018 01:21:10,  847684 sec) CLogin()             Connecting to primary host.
(Jul 07 2018 01:21:30,  847704 sec) CLogin()             Connection 3 established in 20 seconds.
(Jul 07 2018 01:21:39,  847712 sec) login()              Login successful.
(Jul 07 2018 01:21:42,  847716 sec) CLogin()             Logged in to host.  [Login required 12 seconds]
(Jul 07 2018 01:21:50,  847723 sec) RxConfig()           Downloading "mission.cfg" from host.
(Jul 07 2018 01:21:52,  847726 sec) Rx()                 Initiating transfer. [0x43]
(Jul 07 2018 01:21:58,  847732 sec) Rx()                 Pad character [0x1a] found in ascii mode - truncating packet.
(Jul 07 2018 01:22:03,  847736 sec) Rx()                 Received EOT - transfer complete. [1 packets, 1024 bytes, 11 sec, 93.1 bps]
(Jul 07 2018 01:22:03,  847736 sec) RxConfig()           Download successful.
(Jul 07 2018 01:22:17,  847750 sec) WriteVitals()        Writing vitals to "9567.135.msg".
(Jul 07 2018 01:22:25,  847758 sec) UpLoadFile()         Uploading "9567.135.msg" to host as "9567.135.msg".
(Jul 07 2018 01:22:27,  847760 sec) Tx()                 CRC negotiation successful. [16-bit CRC]
(Jul 07 2018 01:22:51,  847784 sec) TxPacket()           NAK received - resending packet. [PktNum=0x03]
(Jul 07 2018 01:22:51,  847784 sec) TxPacket()           Packet xmit history: [11000001] (0:ok, 1:fail).
(Jul 07 2018 01:22:56,  847790 sec) TxPacket()           NAK received - resending packet. [PktNum=0x03]
(Jul 07 2018 01:22:56,  847790 sec) TxPacket()           Packet xmit history: [10000011] (0:ok, 1:fail).
(Jul 07 2018 01:23:20,  847813 sec) TxPacket()           NAK received - resending packet. [PktNum=0x05]
(Jul 07 2018 01:23:20,  847814 sec) TxPacket()           Packet xmit history: [00011001] (0:ok, 1:fail).
(Jul 07 2018 01:23:46,  847840 sec) TxPacket()           NAK received - resending packet. [PktNum=0x08]
(Jul 07 2018 01:23:46,  847840 sec) TxPacket()           Packet xmit history: [10010001] (0:ok, 1:fail).
(Jul 07 2018 01:24:33,  847886 sec) TxPacket()           NAK received - resending packet. [PktNum=0x0c]
(Jul 07 2018 01:24:33,  847886 sec) TxPacket()           Packet xmit history: [00100001] (0:ok, 1:fail).
(Jul 07 2018 01:24:39,  847893 sec) TxPacket()           NAK received - resending packet. [PktNum=0x0c]
(Jul 07 2018 01:24:39,  847893 sec) TxPacket()           Packet xmit history: [01000011] (0:ok, 1:fail).
(Jul 07 2018 01:24:43,  847897 sec) TxPacket()           NAK received - resending packet. [PktNum=0x0c]
(Jul 07 2018 01:24:43,  847897 sec) TxPacket()           Packet xmit history: [10000111] (0:ok, 1:fail).
(Jul 07 2018 01:24:48,  847902 sec) TxPacket()           NAK received - resending packet. [PktNum=0x0c]
(Jul 07 2018 01:24:48,  847902 sec) TxPacket()           Packet xmit history: [00001111] (0:ok, 1:fail).
(Jul 07 2018 01:24:54,  847908 sec) TxPacket()           NAK received - resending packet. [PktNum=0x0c]
(Jul 07 2018 01:24:54,  847908 sec) TxPacket()           Packet xmit history: [00011111] (0:ok, 1:fail).
(Jul 07 2018 01:25:26,  847939 sec) TxPacket()           NAK received - resending packet. [PktNum=0x11]
(Jul 07 2018 01:25:26,  847940 sec) TxPacket()           Packet xmit history: [11000001] (0:ok, 1:fail).
(Jul 07 2018 01:26:20,  847994 sec) TxPacket()           NAK received - resending packet. [PktNum=0x19]
(Jul 07 2018 01:26:20,  847994 sec) TxPacket()           Packet xmit history: [00000001] (0:ok, 1:fail).
(Jul 07 2018 01:26:41,  848015 sec) TxPacket()           NAK received - resending packet. [PktNum=0x1c]
(Jul 07 2018 01:26:41,  848015 sec) TxPacket()           Packet xmit history: [00010001] (0:ok, 1:fail).
(Jul 07 2018 01:26:50,  848024 sec) Tx()                 Transmission completed successfully [28 packets, 24877 bytes, 262 sec, 95.8 bps]
(Jul 07 2018 01:26:50,  848024 sec) UpLoadFile()         Upload successful.
(Jul 07 2018 01:26:56,  848029 sec) UpLoadFile()         Uploading "9567.135.log" to host as "9567.135.log".
(Jul 07 2018 01:26:58,  848032 sec) Tx()                 CRC negotiation successful. [16-bit CRC]
(Jul 07 2018 01:27:25,  848059 sec) TxPacket()           NAK received - resending packet. [PktNum=0x05]
(Jul 07 2018 01:27:25,  848059 sec) TxPacket()           Packet xmit history: [01000001] (0:ok, 1:fail).
(Jul 07 2018 01:28:23,  848117 sec) TxPacket()           NAK received - resending packet. [PktNum=0x0e]
(Jul 07 2018 01:28:23,  848117 sec) TxPacket()           Packet xmit history: [00000001] (0:ok, 1:fail).
(Jul 07 2018 01:28:35,  848129 sec) TxPacket()           NAK received - resending packet. [PktNum=0x0f]
(Jul 07 2018 01:28:35,  848129 sec) TxPacket()           Packet xmit history: [00000101] (0:ok, 1:fail).
(Jul 07 2018 01:29:04,  848158 sec) TxPacket()           NAK received - resending packet. [PktNum=0x13]
(Jul 07 2018 01:29:04,  848158 sec) TxPacket()           Packet xmit history: [10100001] (0:ok, 1:fail).
(Jul 07 2018 01:29:36,  848190 sec) TxPacket()           NAK received - resending packet. [PktNum=0x18]
(Jul 07 2018 01:29:36,  848190 sec) TxPacket()           Packet xmit history: [01000001] (0:ok, 1:fail).
(Jul 07 2018 01:29:58,  848212 sec) TxPacket()           NAK received - resending packet. [PktNum=0x1b]
(Jul 07 2018 01:29:58,  848212 sec) TxPacket()           Packet xmit history: [00010001] (0:ok, 1:fail).
(Jul 07 2018 01:30:09,  848223 sec) TxPacket()           NAK received - resending packet. [PktNum=0x1c]
(Jul 07 2018 01:30:09,  848223 sec) TxPacket()           Packet xmit history: [01000101] (0:ok, 1:fail).
(Jul 07 2018 01:30:28,  848242 sec) Tx()                 Transmission completed successfully [30 packets, 30239 bytes, 209 sec, 147.0 bps]
(Jul 07 2018 01:30:28,  848242 sec) UpLoadFile()         Upload successful.
(Jul 07 2018 01:30:34,  848248 sec) UpLoad()             Files successfully uploaded: 2
(Jul 07 2018 01:30:35,  848248 sec) UpLoad()             Upload complete.
(Jul 07 2018 01:30:40,  848253 sec) chat()               Expected string [cmd>] not received.
(Jul 07 2018 01:30:40,  848253 sec) logout()             Can't get command prompt.
(Jul 07 2018 01:30:42,  848255 sec) logout()             Log-out successful.
(Jul 07 2018 01:30:43,  848256 sec) Telemetry()          Telemetry cycle complete: PrfId=135 ConnectionAttempts=3  Connections=3
(Jul 07 2018 01:30:43,  848257 sec) TelemetryTerminate() Parsing new mission configuration.
(Jul 07 2018 01:30:45,  848258 sec) configure()          Parsing configurators in "mission.cfg".
(Jul 07 2018 01:30:49,  848262 sec) configure()             TelemetryRetry(15)      [0x7BBC] [TelemetryRetry(15)].
(Jul 07 2018 01:30:49,  848262 sec) configure()          Configuration CRCs and syntax OK.
(Jul 07 2018 01:30:49,  848262 sec) ConfigSupervisor()   Sanity check violated: cfg->PressureCP >= 750
(Jul 07 2018 01:30:49,  848262 sec) ConfigSupervisor()   Configuration accepted.
(Jul 07 2018 01:30:49,  848263 sec) TelemetryTerminate() Reconditioning the file system.
(Jul 07 2018 01:31:03,       7 sec) DescentInit()        Deep profile 136 initiated at mission-time 848270sec.
(Jul 07 2018 01:31:06,      10 sec) DescentInit()        Surface pressure: -0.2dbars.
(Jul 07 2018 01:31:11,      15 sec) PistonMoveAbsWTO()    200->055 199 198 197 196 195 194 193 192 191 190 189 188 187 186 185 184 183 182 181 180 179 178 177 176 175 174 173 172 171 170 169 168 167 166 165 164 163 162 161 160 159 158 157 156 155 154 153 152 151 150 149 148 147 146 145 144 143 142 141 140 139 138 137 136 135 134 133 132 131 130 129 128 127 126 125 124 123 122 121 120 119 118 117 116 115 114 113 112 111 110 109 108 107 106 105 104 103 102 101 100 099 098 097 096 095 094 093 092 091 090 089 088 087 086 085 084 083 082 081 080 079 078 077 076 075 074 073 072 071 070 069 068 067 066 065 064 063 062 061 060 059 058 057 056 055 [949sec, 11.0Volts, 0.149Amps, CPT:949sec]
(Jul 07 2018 01:47:01,     965 sec) PistonMoveAbsWTO()    055->000 054 053 052 051 050 049 048 047 046 045 044 043 042 041 040 039 038 037 036 035 034 033 032 031 030 029 028 027 026 025 024 023 022 021 020 019 018 017 016 015 014 013 012 011 010 009 [300sec, 11.0Volts, 0.137Amps, CPT:1249sec]
(Jul 07 2018 01:52:11,    1275 sec) Descent()            Pressure: 112.6
(Jul 07 2018 02:31:00,    3604 sec) Descent()            Pressure: 397.6
(Jul 07 2018 03:31:00,    7204 sec) Descent()            Pressure: 894.6
(Jul 07 2018 03:31:00,    7204 sec) PistonMoveAbsWTO()    009->055 010 011 012 013 014 015 016 017 018 019 020 021 022 023 024 025 026 027 028 029 030 031 032 033 034 035 036 037 038 039 040 041 042 043 044 045 046 047 048 049 050 051 052 053 054 055 [347sec, 10.5Volts, 0.443Amps, CPT:1596sec]
(Jul 07 2018 04:31:00,   10804 sec) Descent()            Pressure: 876.6
(Jul 07 2018 05:31:00,   14404 sec) Descent()            Pressure: 895.3
(Jul 07 2018 06:31:00,   18004 sec) Descent()            Pressure: 901.3
(Jul 07 2018 06:31:00,   18004 sec) ParkInit()           
(Jul 07 2018 08:31:29,   25233 sec) Park()               ParkPOutOfBand[-3, 928.0 dbars]: retract piston.
(Jul 07 2018 08:31:30,   25234 sec) PistonMoveAbsWTO()    055->054 054 [1sec, 11.2Volts, 0.089Amps, CPT:1597sec]
(Jul 07 2018 11:31:29,   36033 sec) Park()               ParkPOutOfBand[-3, 948.7 dbars]: retract piston.
(Jul 07 2018 11:31:30,   36034 sec) PistonMoveAbsWTO()    054->053 053 [6sec, 11.1Volts, 0.085Amps, CPT:1603sec]
(Jul 08 2018 02:31:29,   90033 sec) Park()               ParkPOutOfBand[3, 1016.8 dbars]: extend piston.
(Jul 08 2018 02:31:30,   90034 sec) PistonMoveAbsWTO()    053->054 054 [2sec, 10.4Volts, 0.475Amps, CPT:1605sec]
(Jul 08 2018 05:31:29,  100833 sec) Park()               ParkPOutOfBand[3, 1013.8 dbars]: extend piston.
(Jul 08 2018 05:31:30,  100834 sec) PistonMoveAbsWTO()    054->055 055 [8sec, 10.3Volts, 0.484Amps, CPT:1613sec]
(Jul 11 2018 19:31:32,  410436 sec) Park()               ParkPOutOfBand[3, 1010.8 dbars]: extend piston.
(Jul 11 2018 19:31:32,  410436 sec) PistonMoveAbsWTO()    055->056 056 [8sec, 10.2Volts, 0.475Amps, CPT:1621sec]
(Jul 11 2018 22:31:32,  421236 sec) Park()               ParkPOutOfBand[-3, 986.3 dbars]: retract piston.
(Jul 11 2018 22:31:32,  421236 sec) PistonMoveAbsWTO()    056->055 055 [3sec, 11.1Volts, 0.081Amps, CPT:1624sec]
(Jul 16 2018 09:31:21,  806425 sec) CtdPower()           [  994.50,  6.7542, 34.9482]
(Jul 16 2018 09:31:21,  806425 sec) CtdPower()           CTD Power consumption [145VCnt 11ACnt]: 11.240Volts * 0.044Amps = 0.50Watts.
(Jul 16 2018 09:31:22,  806426 sec) ParkTerminate()      Piston Position:55 Vacuum:80 Vq:147 Aq:7 Vsbe:145 Asbe:11
(Jul 16 2018 09:31:49,  806453 sec) ParkTerminate()      PTS: 994.4dbars 6.7524C 34.9491PSU
(Jul 16 2018 09:31:50,  806454 sec) GoDeepInit()         Moving piston.
(Jul 16 2018 09:31:50,  806454 sec) PistonMoveAbsWTO()    055->017 054 053 052 051 050 049 048 047 046 045 044 043 042 041 040 039 038 037 036 035 034 033 032 031 030 029 028 027 026 025 024 023 022 021 020 019 018 017 [247sec, 11.0Volts, 0.089Amps, CPT:1871sec]
(Jul 16 2018 14:01:00,  822604 sec) GoDeep()             Sequence point detected at 2000.3dbar.
(Jul 16 2018 14:01:03,  822606 sec) ProfileInit()        PrfId:136  Pressure:2000.3dbar  pTable[0]:2000dbar
(Jul 16 2018 14:01:40,  822644 sec) Profile()            Sample 0 initiated at 2000.3dbars for bin 0 [2000dbars].  PTS: 2000.3dbars 2.7798C 34.7929PSU
(Jul 16 2018 14:01:41,  822645 sec) PistonMoveAbsWTO()    017->039 018 019 020 [30sec, 9.6Volts, 0.802Amps, CPT:1901sec]
(Jul 16 2018 14:02:21,  822685 sec) PistonMoveAbsWTO()    020->039 021 022 023 [30sec, 9.7Volts, 0.794Amps, CPT:1931sec]
(Jul 16 2018 14:03:01,  822725 sec) PistonMoveAbsWTO()    023->039 024 025 026 [30sec, 9.8Volts, 0.798Amps, CPT:1961sec]
(Jul 16 2018 14:03:41,  822765 sec) PistonMoveAbsWTO()    027->039 028 029 030 [30sec, 9.8Volts, 0.790Amps, CPT:1991sec]
(Jul 16 2018 14:04:21,  822805 sec) PistonMoveAbsWTO()    030->039 031 032 033 [30sec, 9.8Volts, 0.814Amps, CPT:2021sec]
(Jul 16 2018 14:05:01,  822845 sec) PistonMoveAbsWTO()    033->039 034 035 036 [30sec, 9.8Volts, 0.802Amps, CPT:2051sec]
(Jul 16 2018 14:05:41,  822885 sec) PistonMoveAbsWTO()    036->039 037 038 039 [26sec, 9.8Volts, 0.794Amps, CPT:2077sec]
(Jul 16 2018 14:19:47,  823731 sec) Profile()            Sample 1 initiated at 1900.8dbars for bin 1 [1900dbars].  PTS: 1898.3dbars 3.0230C 34.8028PSU
(Jul 16 2018 14:37:03,  824767 sec) Profile()            Sample 2 initiated at 1800.7dbars for bin 2 [1800dbars].  PTS: 1798.4dbars 3.3055C 34.8147PSU
(Jul 16 2018 14:56:17,  825921 sec) Profile()            Sample 3 initiated at 1701.0dbars for bin 3 [1700dbars].  PTS: 1699.0dbars 3.6662C 34.8295PSU
(Jul 16 2018 15:01:22,  826226 sec) AscentControlAgent() Bouyancy nudge to 49 (v=0.075dbar/sec).
(Jul 16 2018 15:01:23,  826227 sec) PistonMoveAbsWTO()    039->049 040 041 042 [30sec, 10.1Volts, 0.709Amps, CPT:2107sec]
(Jul 16 2018 15:02:03,  826267 sec) PistonMoveAbsWTO()    042->049 043 044 045 [30sec, 10.1Volts, 0.693Amps, CPT:2137sec]
(Jul 16 2018 15:02:43,  826307 sec) PistonMoveAbsWTO()    045->049 046 047 048 [30sec, 10.1Volts, 0.685Amps, CPT:2167sec]
(Jul 16 2018 15:03:23,  826347 sec) PistonMoveAbsWTO()    048->049

(Jul 16 2018 15:03:25) LogSize()            Log file is 38923 bytes.  Limit is 40960 bytes.

 049 [2sec, 10.5Volts, 0.689Amps, CPT:2169sec]
(Jul 16 2018 15:13:56,  826980 sec) Profile()            Sample 4 initiated at 1600.5dbars for bin 4 [1600dbars].  PTS: 1597.9dbars 4.0332C 34.8447PSU
(Jul 16 2018 15:32:00,  828064 sec) Profile()            Sample 5 initiated at 1500.4dbars for bin 5 [1500dbars].  PTS: 1498.3dbars 4.4404C 34.8600PSU
(Jul 16 2018 15:37:05,  828369 sec) AscentControlAgent() Bouyancy nudge to 59 (v=0.079dbar/sec).
(Jul 16 2018 15:37:06,  828370 sec) PistonMoveAbsWTO()    049->059 050 051 052 [30sec, 10.2Volts, 0.625Amps, CPT:2199sec]
(Jul 16 2018 15:37:46,  828410 sec) PistonMoveAbsWTO()    052->059 053 054 055 056 [30sec, 10.2Volts, 0.625Amps, CPT:2229sec]
(Jul 16 2018 15:38:26,  828450 sec) PistonMoveAbsWTO()    056->059 057 058 059 [23sec, 10.2Volts, 0.633Amps, CPT:2252sec]
(Jul 16 2018 15:49:10,  829094 sec) Profile()            Sample 6 initiated at 1400.3dbars for bin 6 [1400dbars].  PTS: 1397.6dbars 4.8948C 34.8777PSU
(Jul 16 2018 15:57:10,  829574 sec) Profile()            Sample 7 initiated at 1350.2dbars for bin 7 [1350dbars].  PTS: 1347.6dbars 5.0920C 34.8849PSU
(Jul 16 2018 16:05:42,  830086 sec) Profile()            Sample 8 initiated at 1300.3dbars for bin 8 [1300dbars].  PTS: 1298.0dbars 5.2791C 34.8923PSU
(Jul 16 2018 16:15:04,  830648 sec) Profile()            Sample 9 initiated at 1250.5dbars for bin 9 [1250dbars].  PTS: 1248.4dbars 5.4803C 34.9008PSU
(Jul 16 2018 16:25:26,  831270 sec) Profile()            Sample 10 initiated at 1200.5dbars for bin 10 [1200dbars].  PTS: 1198.5dbars 5.7125C 34.9093PSU
(Jul 16 2018 16:27:19,  831383 sec) AscentControlAgent() Bouyancy nudge to 69 (v=0.077dbar/sec).
(Jul 16 2018 16:27:20,  831384 sec) PistonMoveAbsWTO()    059->069
<EOT>
