(Dec 02 2017 17:09:01,  842065 sec) TelemetryInit()      Profile 113. (Apf9i FwRev: 012811)
(Dec 02 2017 17:16:05,  842488 sec) AirSystem()          Battery [188cnt, 14.6V]  Current [79cnt, 31.8mA]  Barometer [127cnt, 6.8"Hg]  Run-Time [51s]
(Dec 02 2017 17:16:33,  842516 sec) GpsServices()        GPS almanac is current.
(Dec 02 2017 17:16:33,  842517 sec) GpsServices()        Initiating GPS fix acquisition.
(Dec 02 2017 17:16:41,  842525 sec) gga()                $GPGGA,171650,1331.5978,N,08713.0915,E,0,00,,,M,,M,,*5A
(Dec 02 2017 17:16:51,  842535 sec) gga()                $GPGGA,171700,1331.5978,N,08713.0915,E,0,00,,,M,,M,,*5E
(Dec 02 2017 17:16:57,  842541 sec) gga()                $GPGGA,171650,1331.5978,N,08713.0915,E,0,00,,,M,,M,,*5A
(Dec 02 2017 17:17:06,  842550 sec) gga()                $GPGGA,171700,1331.5978,N,08713.0915,E,0,00,,,M,,M,,*5E
(Dec 02 2017 17:17:16,  842560 sec) gga()                $GPGGA,171710,1331.5978,N,08713.0915,E,0,00,,,M,,M,,*5F
(Dec 02 2017 17:17:26,  842570 sec) gga()                $GPGGA,171720,1331.5978,N,08713.0915,E,0,00,,,M,,M,,*5C
(Dec 02 2017 17:17:36,  842580 sec) gga()                $GPGGA,171730,1331.5978,N,08713.0915,E,0,00,,,M,,M,,*5D
(Dec 02 2017 17:18:04,  842608 sec) gga()                $GPGGA,171740,1354.2783,N,08711.3951,E,1,07,1.3,2.7,M,-74.1,M,,*65
(Dec 02 2017 17:18:05,  842608 sec) GpsServices()        Profile 113 GPS fix obtained in 92 seconds.
(Dec 02 2017 17:18:05,  842609 sec) GpsServices()                  lon     lat mm/dd/yyyy hhmmss nsat
(Dec 02 2017 17:18:05,  842609 sec) GpsServices()        Fix:   87.190  13.905 12/02/2017 171740    7
(Dec 02 2017 17:18:34,  842638 sec) gga()                $GPGGA,171810,1354.2810,N,08711.3941,E,1,09,0.9,4.7,M,-74.1,M,,*68
(Dec 02 2017 17:18:40,  842644 sec) gga()                $GPGGA,171840,1354.2828,N,08711.3944,E,1,09,0.9,4.7,M,-74.1,M,,*63
(Dec 02 2017 17:18:40,  842644 sec) GpsServices()        APF9 RTC skew (0s) OK.
(Dec 02 2017 17:18:41,  842644 sec) LogNmeaSentences()   202,48,11,59,081,46,17,36,229,48,19,12,221,41*70
(Dec 02 2017 17:18:41,  842645 sec) LogNmeaSentences()   $GPGSV,3,3,11,23,24,170,43,28,31,313,43,30,41,340,47*43
(Dec 02 2017 17:18:50,  842654 sec) LogNmeaSentences()   $GPRMC,171850,A,1354.2837,N,08711.3941,E,000.8,337.5,021217,001.3,W*6C
(Dec 02 2017 17:18:50,  842654 sec) LogNmeaSentences()   $GPGGA,171850,1354.2837,N,08711.3941,E,1,09,0.9,4.8,M,-74.1,M,,*66
(Dec 02 2017 17:18:51,  842655 sec) LogNmeaSentences()   $GPGSA,A,3,01,,07,08,09,11,17,19,,28,30,,1.3,0.9,0.9*30
(Dec 02 2017 17:18:51,  842655 sec) LogNmeaSentences()   $GPGSV,3,1,11,01,42,114,45,03,03,152,34,07,62,018,49,08,22,032,43*71
(Dec 02 2017 17:18:51,  842655 sec) LogNmeaSentences()   $GPGSV,3,2,11,09,47,202,47,11,59,081,45,17,36,229,47,19,12,222,40*71
(Dec 02 2017 17:18:52,  842656 sec) LogNmeaSentences()   $GPGSV,3,3,11,23,24,170,43,28,31,313,42,30,41,340,47*42
(Dec 02 2017 17:19:00,  842664 sec) LogNmeaSentences()   $GPRMC,171900,A,1354.2846,N,08711.3933,E,001.0,341.4,021217,001.3,W*62
(Dec 02 2017 17:19:00,  842664 sec) LogNmeaSentences()   $GPGGA,171900,1354.2846,N,08711.3933,E,1,09,0.9,4.9,M,-74.1,M,,*60
(Dec 02 2017 17:19:01,  842665 sec) LogNmeaSentences()   $GPGSA,A,3,01,,07,08,09,11,17,19,,28,30,,1.3,0.9,0.9*30
(Dec 02 2017 17:19:01,  842665 sec) LogNmeaSentences()   $GPGSV,3,1,11,01,43,113,45,03,03,151,33,07,62,018,47,08,22,032,42*7C
(Dec 02 2017 17:19:02,  842665 sec) LogNmeaSentences()   $GPGSV,3,2,11,09,47,202,48,11,59,081,45,17,36,229,47,19,12,222,38*71
(Dec 02 2017 17:19:02,  842666 sec) LogNmeaSentences()   $GPGSV,3,3,11,23,24,170,44,28,31,314,43,30,41,341,46*43
(Dec 02 2017 17:19:02,  842666 sec) LogNmeaSentences()   $PGRMT,GPS 15x-L software ver. 3.80,,,,,,,,*7C
(Dec 02 2017 17:19:10,  842674 sec) LogNmeaSentences()   $GPRMC,171910,A,1354.2856,N,08711.3929,E,000.8,240.7,021217,001.3,W*63
(Dec 02 2017 17:19:10,  842674 sec) LogNmeaSentences()   $GPGGA,171910,1354.2856,N,08711.3929,E,1,09,0.9,6.3,M,-74.1,M,,*63
(Dec 02 2017 17:19:11,  842675 sec) GpsServices()        GPS services complete.
(Dec 02 2017 17:19:35,  842699 sec) CLogin()             Connecting to primary host.
(Dec 02 2017 17:19:48,  842712 sec) CLogin()             Connection 1 established in 13 seconds.
(Dec 02 2017 17:19:57,  842720 sec) login()              Login successful.
(Dec 02 2017 17:20:02,  842726 sec) CLogin()             Logged in to host.  [Login required 14 seconds]
(Dec 02 2017 17:20:10,  842733 sec) RxConfig()           Downloading "mission.cfg" from host.
(Dec 02 2017 17:20:12,  842736 sec) Rx()                 Initiating transfer. [0x43]
(Dec 02 2017 17:20:18,  842741 sec) Rx()                 Pad character [0x1a] found in ascii mode - truncating packet.
(Dec 02 2017 17:20:22,  842745 sec) Rx()                 Received EOT - transfer complete. [1 packets, 1024 bytes, 10 sec, 102.4 bps]
(Dec 02 2017 17:20:22,  842745 sec) RxConfig()           Download successful.
(Dec 02 2017 17:20:36,  842759 sec) WriteVitals()        Writing vitals to "9567.113.msg".
(Dec 02 2017 17:20:43,  842766 sec) UpLoadFile()         Uploading "9567.113.msg" to host as "9567.113.msg".
(Dec 02 2017 17:20:45,  842769 sec) Tx()                 CRC negotiation successful. [16-bit CRC]
(Dec 02 2017 17:20:47,  842771 sec) TxPacket()           Invalid response [0x31] - resending packet. [PktNum=0x01]
(Dec 02 2017 17:20:47,  842771 sec) TxPacket()           Packet xmit history: [01110001] (0:ok, 1:fail).
(Dec 02 2017 17:20:56,  842780 sec) TxPacket()           NAK received - resending packet. [PktNum=0x02]
(Dec 02 2017 17:20:56,  842780 sec) TxPacket()           Packet xmit history: [11000101] (0:ok, 1:fail).
(Dec 02 2017 17:21:20,  842804 sec) TxPacket()           NAK received - resending packet. [PktNum=0x09]
(Dec 02 2017 17:21:21,  842804 sec) TxPacket()           Packet xmit history: [00000001] (0:ok, 1:fail).
(Dec 02 2017 17:21:26,  842809 sec) TxPacket()           Packet xmit history: [00000010] (0:ok, 1:fail).
(Dec 02 2017 17:21:32,  842816 sec) TxPacket()           Invalid response [0x63] - resending packet. [PktNum=0x09]
(Dec 02 2017 17:21:33,  842816 sec) TxPacket()           Packet xmit history: [00000101] (0:ok, 1:fail).
(Dec 02 2017 17:21:33,  842817 sec) TxPacket()           Invalid response [0x6d] - resending packet. [PktNum=0x09]
(Dec 02 2017 17:21:33,  842817 sec) TxPacket()           Packet xmit history: [00001011] (0:ok, 1:fail).
(Dec 02 2017 17:21:34,  842818 sec) TxPacket()           Invalid response [0x5e] - resending packet. [PktNum=0x09]
(Dec 02 2017 17:21:34,  842818 sec) TxPacket()           Packet xmit history: [00010111] (0:ok, 1:fail).
(Dec 02 2017 17:21:35,  842819 sec) TxPacket()           Invalid response [0x42] - resending packet. [PktNum=0x09]
(Dec 02 2017 17:21:35,  842819 sec) TxPacket()           Packet xmit history: [00101111] (0:ok, 1:fail).
(Dec 02 2017 17:21:37,  842821 sec) TxPacket()           Invalid response [0x31] - resending packet. [PktNum=0x09]
(Dec 02 2017 17:21:38,  842821 sec) TxPacket()           Packet xmit history: [01011111] (0:ok, 1:fail).
(Dec 02 2017 17:21:38,  842822 sec) TxPacket()           Invalid response [0x31] - resending packet. [PktNum=0x09]
(Dec 02 2017 17:21:39,  842822 sec) TxPacket()           Packet xmit history: [10111111] (0:ok, 1:fail).
(Dec 02 2017 17:21:40,  842823 sec) TxPacket()           Invalid response [0x2e] - resending packet. [PktNum=0x09]
(Dec 02 2017 17:21:40,  842824 sec) TxPacket()           Packet xmit history: [01111111] (0:ok, 1:fail).
(Dec 02 2017 17:21:41,  842824 sec) TxPacket()           Invalid response [0x0a] - resending packet. [PktNum=0x09]
(Dec 02 2017 17:21:41,  842825 sec) TxPacket()           Packet xmit history: [11111111] (0:ok, 1:fail).
(Dec 02 2017 17:21:41,  842825 sec) TxPacket()           Exit status: -5
(Dec 02 2017 17:21:41,  842825 sec) Tx()                 Packet transmission failed - aborting transfer.
(Dec 02 2017 17:21:52,  842836 sec) UpLoadFile()         Upload failed.
(Dec 02 2017 17:22:04,  842848 sec) UpLoadFile()         Uploading "9567.113.log" to host as "9567.113.log".
(Dec 02 2017 17:23:04,  842907 sec) Tx()                 CRC negotiation failed - aborting transfer.
(Dec 02 2017 17:23:14,  842918 sec) UpLoadFile()         Upload failed.
(Dec 02 2017 17:23:14,  842918 sec) UpLoad()             Files successfully uploaded: 0
(Dec 02 2017 17:23:14,  842918 sec) UpLoad()             Aborting upload: Retry limit [2] exceeded. Upload incomplete.
(Dec 02 2017 17:23:20,  842924 sec) logout()             Log-out successful.
(Dec 02 2017 17:23:21,  842925 sec) Telemetry()          Telemetry cycle complete: PrfId=113 ConnectionAttempts=1  Connections=1
(Dec 02 2017 17:38:36,  843840 sec) AirSystem()          Air-bladder inflation by-passed. Barometer: [125cnt, 6.2"Hg].
(Dec 02 2017 17:39:05,  843868 sec) GpsServices()        GPS almanac is current.
(Dec 02 2017 17:39:05,  843869 sec) GpsServices()        Initiating GPS fix acquisition.
(Dec 02 2017 17:39:13,  843876 sec) gga()                $GPGGA,173910,1354.2816,N,08711.3943,E,0,00,,,M,,M,,*5C
(Dec 02 2017 17:39:37,  843901 sec) gga()                $GPGGA,173910,1354.3762,N,08711.3761,E,1,09,1.0,30.5,M,-74.1,M,,*51
(Dec 02 2017 17:39:37,  843901 sec) GpsServices()        Profile 113 GPS fix obtained in 32 seconds.
(Dec 02 2017 17:39:38,  843901 sec) GpsServices()                  lon     lat mm/dd/yyyy hhmmss nsat
(Dec 02 2017 17:39:38,  843901 sec) GpsServices()        Fix:   87.190  13.906 12/02/2017 173910    9
(Dec 02 2017 17:40:04,  843928 sec) gga()                $GPGGA,173940,1354.3789,N,08711.3870,E,1,09,1.0,3.3,M,-74.1,M,,*68
(Dec 02 2017 17:40:10,  843934 sec) gga()                $GPGGA,174010,1354.3804,N,08711.3869,E,1,10,1.0,5.0,M,-74.1,M,,*6C
(Dec 02 2017 17:40:10,  843934 sec) GpsServices()        APF9 RTC skew (0s) OK.
(Dec 02 2017 17:40:11,  843934 sec) LogNmeaSentences()   ,38,195,48,11,54,064,44,17,43,240,49,19,20,227,43*7B
(Dec 02 2017 17:40:11,  843935 sec) LogNmeaSentences()   $GPGSV,3,3,12,22,01,123,18,23,15,167,40,28,32,324,43,30,50,345,48*72
(Dec 02 2017 17:40:20,  843944 sec) LogNmeaSentences()   $GPRMC,174020,A,1354.3815,N,08711.3872,E,000.8,202.7,021217,001.3,W*63
(Dec 02 2017 17:40:20,  843944 sec) LogNmeaSentences()   $GPGGA,174020,1354.3815,N,08711.3872,E,1,09,1.0,3.5,M,-74.1,M,,*6E
(Dec 02 2017 17:40:21,  843945 sec) LogNmeaSentences()   $GPGSA,A,3,01,,08,09,11,17,19,,23,28,30,,1.3,1.0,0.9*3E
(Dec 02 2017 17:40:21,  843945 sec) LogNmeaSentences()   $GPGSV,3,1,12,01,46,099,44,03,03,143,30,08,14,034,41,09,38,194,47*7C
(Dec 02 2017 17:40:21,  843945 sec) LogNmeaSentences()   $GPGSV,3,2,12,11,54,064,47,17,43,240,48,19,20,227,42,22,01,123,31*78
(Dec 02 2017 17:40:22,  843946 sec) LogNmeaSentences()   $GPGSV,3,3,12,23,15,167,42,28,32,324,45,30,50,345,48,07,69,037,00*72
(Dec 02 2017 17:40:30,  843954 sec) LogNmeaSentences()   $GPRMC,174030,A,1354.3823,N,08711.3874,E,000.5,351.7,021217,001.3,W*6B
(Dec 02 2017 17:40:30,  843954 sec) LogNmeaSentences()   $GPGGA,174030,1354.3823,N,08711.3874,E,1,09,1.0,2.9,M,-74.1,M,,*61
(Dec 02 2017 17:40:31,  843955 sec) LogNmeaSentences()   $GPGSA,A,3,01,,08,09,11,17,19,,23,28,30,,2.1,1.0,1.9*3E
(Dec 02 2017 17:40:31,  843955 sec) LogNmeaSentences()   $GPGSV,3,1,12,01,46,099,44,03,03,143,33,08,14,034,40,09,38,194,47*7E
(Dec 02 2017 17:40:31,  843955 sec) LogNmeaSentences()   $GPGSV,3,2,12,11,54,063,45,17,43,240,49,19,20,227,41,22,01,123,32*7C
(Dec 02 2017 17:40:32,  843956 sec) LogNmeaSentences()   $GPGSV,3,3,12,23,15,167,40,28,32,324,43,30,50,345,48,07,69,037,00*76
(Dec 02 2017 17:40:40,  843964 sec) LogNmeaSentences()   $GPRMC,174040,A,1354.3825,N,08711.3875,E,000.5,010.8,021217,001.3,W*62
(Dec 02 2017 17:40:40,  843964 sec) LogNmeaSentences()   $GPGGA,174040,1354.3825,N,08711.3875,E,1,09,1.0,2.9,M,-74.1,M,,*61
(Dec 02 2017 17:40:41,  843965 sec) LogNmeaSentences()   $GPGSA,A,3,01,,08,09,11,17,19,,23,28,30,,1.3,1.0,0.9*3E
(Dec 02 2017 17:40:41,  843965 sec) LogNmeaSentences()   $GPGSV,3,1,12,01,46,099,45,03,03,143,33,08,14,034,42,09,38,194,47*7D
(Dec 02 2017 17:40:42,  843965 sec) LogNmeaSentences()   $GPGSV,3,2,12,11,54,063,45,17,43,240,50,19,20,227,41,22,01,122,33*74
(Dec 02 2017 17:40:42,  843966 sec) LogNmeaSentences()   $GPGSV,3,3,12,23,15,167,44,28,32,324,43,30,50,345,47,07,69,037,00*7D
(Dec 02 2017 17:40:50,  843974 sec) LogNmeaSentences()   $GPRMC,174050,A,1354.3836,N,08711.3871,E,001.0,085.4,021217,001.3,W*61
(Dec 02 2017 17:40:50,  843974 sec) LogNmeaSentences()   $GPGGA,174050,1354.3836,N,08711.3871,E,1,08,1.0,2.4,M,-74.1,M,,*6A
(Dec 02 2017 17:40:51,  843975 sec) LogNmeaSentences()   $GPGSA,A,3,01,,08,09,11,17,19,,,28,30,,1.3,1.0,0.9*3F
(Dec 02 2017 17:40:51,  843975 sec) LogNmeaSentences()   $GPGSV,3,1,12,01,46,098,46,03,03,143,29,08,14,034,42,09,38,194,46*75
(Dec 02 2017 17:40:51,  843975 sec) LogNmeaSentences()   $GPGSV,3,2,12,11,54,063,47,17,43,240,49,19,20,227,43,22,01,122,28*76
(Dec 02 2017 17:40:52,  843976 sec) LogNmeaSentences()   $GPGSV,3,3,12,23,15,167,39,28,32,324,43,30,50,345,49,07,69,037,00*79
(Dec 02 2017 17:41:00,  843984 sec) LogNmeaSentences()   $GPRMC,174100,A,1354.3842,N,08711.3869,E,000.7,260.4,021217,001.3,W*60
(Dec 02 2017 17:41:00,  843984 sec) LogNmeaSentences()   $GPGGA,174100,1354.3842,N,08711.3869,E,1,09,1.0,3.3,M,-74.1,M,,*63
(Dec 02 2017 17:41:01,  843985 sec) LogNmeaSentences()   $GPGSA,A,3,01,,08,09,11,17,19,,23,28,30,,1.3,1.0,0.9*3E
(Dec 02 2017 17:41:01,  843985 sec) LogNmeaSentences()   $GPGSV,3,1,12,01,46,098,44,03,03,143,32,08,14,034,41,09,38,194,47*7F
(Dec 02 2017 17:41:02,  843985 sec) LogNmeaSentences()   $GPGSV,3,2,12,11,54,063,44,17,44,240,48,19,20,227,42,22,01,122,30*7B
(Dec 02 2017 17:41:02,  843986 sec) LogNmeaSentences()   $GPGSV,3,3,12,23,15,167,41,28,32,324,43,30,50,345,48,07,69,037,00*77
(Dec 02 2017 17:41:02,  843986 sec) LogNmeaSentences()   $PGRMT,GPS 15x-L software ver. 3.80,,,,,,,,*7C
(Dec 02 2017 17:41:02,  843986 sec) GpsServices()        GPS services complete.
(Dec 02 2017 17:41:27,  844011 sec) CLogin()             Connecting to primary host.
(Dec 02 2017 17:41:37,  844021 sec) CLogin()             Connection 2 established in 10 seconds.
(Dec 02 2017 17:41:46,  844029 sec) login()              Login successful.
(Dec 02 2017 17:41:49,  844033 sec) CLogin()             Logged in to host.  [Login required 12 seconds]
(Dec 02 2017 17:41:57,  844040 sec) RxConfig()           Downloading "mission.cfg" from host.
(Dec 02 2017 17:41:59,  844043 sec) Rx()                 Initiating transfer. [0x43]
(Dec 02 2017 17:42:01,  844045 sec) RxStartByte()        Sync errors encountered: 124
(Dec 02 2017 17:42:04,  844047 sec) Rx()                 Truncated packet received - retrying.
(Dec 02 2017 17:42:09,  844052 sec) RxStartByte()        Sync errors encountered: 1022
(Dec 02 2017 17:42:12,  844055 sec) Rx()                 Truncated packet received - retrying.
(Dec 02 2017 17:42:13,  844057 sec) RxStartByte()        Sync errors encountered: 416
(Dec 02 2017 17:42:17,  844060 sec) Rx()                 Pad character [0x1a] found in ascii mode - truncating packet.
(Dec 02 2017 17:42:21,  844064 sec) Rx()                 Received EOT - transfer complete. [1 packets, 1024 bytes, 22 sec, 46.5 bps]
(Dec 02 2017 17:42:21,  844064 sec) RxConfig()           Download successful.
(Dec 02 2017 17:42:35,  844078 sec) WriteVitals()        Writing vitals to "9567.113.msg".
(Dec 02 2017 17:42:42,  844085 sec) UpLoadFile()         Uploading "9567.113.msg" to host as "9567.113.msg".
(Dec 02 2017 17:42:51,  844095 sec) Tx()                 CRC negotiation successful. [16-bit CRC]
(Dec 02 2017 17:42:56,  844100 sec) TxPacket()           Invalid response [0x43] - resending packet. [PktNum=0x01]
(Dec 02 2017 17:42:56,  844100 sec) TxPacket()           Packet xmit history: [01110001] (0:ok, 1:fail).
(Dec 02 2017 17:43:16,  844119 sec) TxPacket()           NAK received - resending packet. [PktNum=0x04]
(Dec 02 2017 17:43:16,  844119 sec) TxPacket()           Packet xmit history: [00010001] (0:ok, 1:fail).
(Dec 02 2017 17:43:39,  844143 sec) TxPacket()           NAK received - resending packet. [PktNum=0x07]
(Dec 02 2017 17:43:39,  844143 sec) TxPacket()           Packet xmit history: [00010001] (0:ok, 1:fail).
(Dec 02 2017 17:44:02,  844166 sec) TxPacket()           NAK received - resending packet. [PktNum=0x0a]
(Dec 02 2017 17:44:03,  844166 sec) TxPacket()           Packet xmit history: [00010001] (0:ok, 1:fail).
(Dec 02 2017 17:44:45,  844209 sec) TxPacket()           NAK received - resending packet. [PktNum=0x11]
(Dec 02 2017 17:44:45,  844209 sec) TxPacket()           Packet xmit history: [00000001] (0:ok, 1:fail).
(Dec 02 2017 17:44:49,  844213 sec) TxPacket()           NAK received - resending packet. [PktNum=0x11]
(Dec 02 2017 17:44:49,  844213 sec) TxPacket()           Packet xmit history: [00000011] (0:ok, 1:fail).
(Dec 02 2017 17:45:13,  844237 sec) TxPacket()           NAK received - resending packet. [PktNum=0x14]
(Dec 02 2017 17:45:13,  844237 sec) TxPacket()           Packet xmit history: [00110001] (0:ok, 1:fail).
(Dec 02 2017 17:45:42,  844265 sec) TxPacket()           NAK received - resending packet. [PktNum=0x18]
(Dec 02 2017 17:45:42,  844265 sec) TxPacket()           Packet xmit history: [00100001] (0:ok, 1:fail).
(Dec 02 2017 17:45:56,  844280 sec) Tx()                 Transmission completed successfully [25 packets, 24025 bytes, 184 sec, 134.3 bps]
(Dec 02 2017 17:45:56,  844280 sec) UpLoadFile()         Upload successful.
(Dec 02 2017 17:46:02,  844286 sec) UpLoadFile()         Uploading "9567.113.log" to host as "9567.113.log".
(Dec 02 2017 17:46:06,  844290 sec) Tx()                 CRC negotiation successful. [16-bit CRC]
(Dec 02 2017 17:46:19,  844303 sec) TxPacket()           NAK received - resending packet. [PktNum=0x02]
(Dec 02 2017 17:46:19,  844303 sec) TxPacket()           Packet xmit history: [00010001] (0:ok, 1:fail).
(Dec 02 2017 17:46:25,  844309 sec) TxPacket()           NAK received - resending packet. [PktNum=0x02]
(Dec 02 2017 17:46:25,  844309 sec) TxPacket()           Packet xmit history: [00100011] (0:ok, 1:fail).
(Dec 02 2017 17:46:31,  844315 sec) TxPacket()           NAK received - resending packet. [PktNum=0x02]
(Dec 02 2017 17:46:31,  844315 sec) TxPacket()           Packet xmit history: [01000111] (0:ok, 1:fail).
(Dec 02 2017 17:48:05,  844409 sec) TxPacket()           NAK received - resending packet. [PktNum=0x0b]
(Dec 02 2017 17:48:05,  844409 sec) TxPacket()           Packet xmit history: [00000001] (0:ok, 1:fail).
(Dec 02 2017 17:48:48,  844452 sec) TxPacket()           NAK received - resending packet. [PktNum=0x12]
(Dec 02 2017 17:48:48,  844452 sec) TxPacket()           Packet xmit history: [00000001] (0:ok, 1:fail).
(Dec 02 2017 17:48:58,  844462 sec) TxPacket()           NAK received - resending packet. [PktNum=0x13]
(Dec 02 2017 17:48:58,  844462 sec) TxPacket()           Packet xmit history: [00000101] (0:ok, 1:fail).
(Dec 02 2017 17:49:02,  844466 sec) TxPacket()           NAK received - resending packet. [PktNum=0x13]
(Dec 02 2017 17:49:02,  844466 sec) TxPacket()           Packet xmit history: [00001011] (0:ok, 1:fail).
(Dec 02 2017 17:49:51,  844515 sec) Tx()                 Transmission completed successfully [27 packets, 26401 bytes, 223 sec, 120.0 bps]
(Dec 02 2017 17:49:51,  844515 sec) UpLoadFile()         Upload successful.
(Dec 02 2017 17:49:57,  844521 sec) UpLoad()             Files successfully uploaded: 2
(Dec 02 2017 17:49:57,  844521 sec) UpLoad()             Upload complete.
(Dec 02 2017 17:50:01,  844525 sec) logout()             Log-out successful.
(Dec 02 2017 17:50:02,  844526 sec) Telemetry()          Telemetry cycle complete: PrfId=113 ConnectionAttempts=2  Connections=2
(Dec 02 2017 17:50:03,  844527 sec) TelemetryTerminate() Parsing new mission configuration.
(Dec 02 2017 17:50:04,  844528 sec) configure()          Parsing configurators in "mission.cfg".
(Dec 02 2017 17:50:08,  844532 sec) configure()             TelemetryRetry(15)      [0x7BBC] [TelemetryRetry(15)].
(Dec 02 2017 17:50:08,  844532 sec) configure()          Configuration CRCs and syntax OK.
(Dec 02 2017 17:50:08,  844532 sec) ConfigSupervisor()   Sanity check violated: cfg->PressureCP >= 750
(Dec 02 2017 17:50:08,  844532 sec) ConfigSupervisor()   Configuration accepted.
(Dec 02 2017 17:50:09,  844532 sec) TelemetryTerminate() Reconditioning the file system.
(Dec 02 2017 17:50:20,       7 sec) DescentInit()        Deep profile 114 initiated at mission-time 844537sec.
(Dec 02 2017 17:50:23,      10 sec) DescentInit()        Surface pressure: -0.1dbars.
(Dec 02 2017 17:50:28,      15 sec) PistonMoveAbsWTO()    200->055 199 198 197 196 195 194 193 192 191 190 189 188 187 186 185 184 183 182 181 180 179 178 177 176 175 174 173 172 171 170 169 168 167 166 165 164 163 162 161 160 159 158 157 156 155 154 153 152 151 150 149 148 147 146 145 144 143 142 141 140 139 138 137 136 135 134 133 132 131 130 129 128 127 126 125 124 123 122 121 120 119 118 117 116 115 114 113 112 111 110 109 108 107 106 105 104 103 102 101 100 099 098 097 096 095 094 093 092 091 090 089 088 087 086 085 084 083 082 081 080 079 078 077 076 075 074 073 072 071 070 069 068 067 066 065 064 063 062 061 060 059 058 057 056 055 [724sec, 14.4Volts, 0.161Amps, CPT:724sec]
(Dec 02 2017 18:02:33,     740 sec) PistonMoveAbsWTO()    055->000 054 053 052 051 050 049 048 047 046 045 044 043 042 041 040 039 038 037 036 035 034 033 032 031 030 029 028 027 026 025 024 023 022 021 020 019 018 017 016 015 014 013 012 011 010 009 [228sec, 14.4Volts, 0.153Amps, CPT:952sec]
(Dec 02 2017 18:06:32,     979 sec) Descent()            Pressure: 94.1
(Dec 02 2017 18:50:17,    3604 sec) Descent()            Pressure: 415.0
(Dec 02 2017 19:50:17,    7204 sec) Descent()            Pressure: 913.2
(Dec 02 2017 19:50:17,    7204 sec) PistonMoveAbsWTO()    009->055 010 011 012 013 014 015 016 017 018 019 020 021 022 023 024 025 026 027 028 029 030 031 032 033 034 035 036 037 038 039 040 041 042 043 044 045 046 047 048 049 050 051 052 053 054 055 [264sec, 13.3Volts, 0.451Amps, CPT:1216sec]
(Dec 02 2017 20:50:17,   10804 sec) Descent()            Pressure: 847.1
(Dec 02 2017 21:50:17,   14404 sec) Descent()            Pressure: 858.0
(Dec 02 2017 22:50:17,   18004 sec) Descent()            Pressure: 874.9
(Dec 02 2017 22:50:17,   18004 sec) ParkInit()           
(Dec 03 2017 00:50:46,   25233 sec) Park()               ParkPOutOfBand[-3, 891.4 dbars]: retract piston.
(Dec 03 2017 00:50:46,   25234 sec) PistonMoveAbsWTO()    055->054 054 [1sec, 14.2Volts, 0.097Amps, CPT:1217sec]
(Dec 03 2017 03:50:46,   36033 sec) Park()               ParkPOutOfBand[-3, 927.4 dbars]: retract piston.
(Dec 03 2017 03:50:46,   36034 sec) PistonMoveAbsWTO()    054->053 053 [5sec, 14.1Volts, 0.101Amps, CPT:1222sec]
(Dec 03 2017 06:50:46,   46833 sec) Park()               ParkPOutOfBand[-3, 975.4 dbars]: retract piston.
(Dec 03 2017 06:50:46,   46834 sec) PistonMoveAbsWTO()    053->052 052 [5sec, 14.1Volts, 0.097Amps, CPT:1227sec]
(Dec 03 2017 10:50:46,   61233 sec) Park()               ParkPOutOfBand[3, 1021.0 dbars]: extend piston.
(Dec 03 2017 10:50:46,   61234 sec) PistonMoveAbsWTO()    052->053 053 [2sec, 13.4Volts, 0.475Amps, CPT:1229sec]
(Dec 03 2017 13:50:46,   72033 sec) Park()               ParkPOutOfBand[3, 1017.3 dbars]: extend piston.
(Dec 03 2017 13:50:47,   72034 sec) PistonMoveAbsWTO()    053->054 054 [6sec, 13.2Volts, 0.475Amps, CPT:1235sec]
(Dec 04 2017 05:50:46,  129633 sec) Park()               ParkPOutOfBand[3, 1014.3 dbars]: extend piston.
(Dec 04 2017 05:50:47,  129634 sec) PistonMoveAbsWTO()    054->055 055 [6sec, 12.9Volts, 0.479Amps, CPT:1241sec]
(Dec 04 2017 08:50:46,  140433 sec) Park()               ParkPOutOfBand[-3, 987.2 dbars]: retract piston.
(Dec 04 2017 08:50:47,  140434 sec) PistonMoveAbsWTO()    055->054 054 [2sec, 14.1Volts, 0.089Amps, CPT:1243sec]
(Dec 06 2017 16:50:48,  342036 sec) Park()               ParkPOutOfBand[3, 1012.6 dbars]: extend piston.
(Dec 06 2017 16:50:49,  342036 sec) PistonMoveAbsWTO()    054->055 055 [2sec, 13.4Volts, 0.484Amps, CPT:1245sec]
(Dec 11 2017 09:50:51,  748838 sec) Park()               ParkPOutOfBand[3, 1011.4 dbars]: extend piston.
(Dec 11 2017 09:50:52,  748839 sec) PistonMoveAbsWTO()    055->056 056 [7sec, 12.2Volts, 0.488Amps, CPT:1252sec]
(Dec 11 2017 12:50:51,  759638 sec) Park()               ParkPOutOfBand[-3, 982.1 dbars]: retract piston.
(Dec 11 2017 12:50:52,  759639 sec) PistonMoveAbsWTO()    056->055 055 [2sec, 13.8Volts, 0.097Amps, CPT:1254sec]
(Dec 12 2017 01:50:38,  806425 sec) CtdPower()           [  988.53,  6.9241, 34.9537]
(Dec 12 2017 01:50:38,  806425 sec) CtdPower()           CTD Power consumption [174VCnt 11ACnt]: 13.488Volts * 0.044Amps = 0.60Watts.
(Dec 12 2017 01:50:38,  806426 sec) ParkTerminate()      Piston Position:55 Vacuum:80 Vq:194 Aq:6 Vsbe:174 Asbe:11
(Dec 12 2017 01:51:06,  806453 sec) ParkTerminate()      PTS: 988.5dbars 6.9239C 34.9530PSU
(Dec 12 2017 01:51:06,  806454 sec) GoDeepInit()         Moving piston.
(Dec 12 2017 01:51:07,  806454 sec) PistonMoveAbsWTO()    055->017 054 053 052 051 050 049 048 047 046 045 044 043 042 041 040 039 038 037 036 035 034 033 032 031 030 029 028 027 026 025 024 023 022 021 020 019 018 017 [195sec, 14.0Volts, 0.093Amps, CPT:1449sec]
(Dec 12 2017 06:50:17,  824404 sec) ProfileInit()        PrfId:114  Pressure:1991.8dbar  pTable[1]:1900dbar
(Dec 12 2017 06:50:20,  824407 sec) PistonMoveAbsWTO()    017->039 018 019 020 021 [30sec, 11.9Volts, 0.802Amps, CPT:1479sec]
(Dec 12 2017 06:51:00,  824447 sec) PistonMoveAbsWTO()    021->039 022 023 024 025 [30sec, 11.9Volts, 0.810Amps, CPT:1509sec]
(Dec 12 2017 06:51:40,  824487 sec) PistonMoveAbsWTO()    025->039 026 027 028 029 [30sec, 11.9Volts, 0.810Amps, CPT:1539sec]
(Dec 12 2017 06:52:20,  824527 sec) PistonMoveAbsWTO()    029->039 030 031 032 033 [30sec, 11.7Volts, 0.782Amps, CPT:1569sec]
(Dec 12 2017 06:53:00,  824567 sec) PistonMoveAbsWTO()    033->039 034 035 036 037 [30sec, 11.6Volts, 0.794Amps, CPT:1599sec]
(Dec 12 2017 06:53:40,  824607 sec) PistonMoveAbsWTO()    037->039 038 039 [11sec, 11.5Volts, 0.802Amps, CPT:1610sec]
(Dec 12 2017 07:06:31,  825378 sec) Profile()            Sample 0 initiated at 1900.5dbars for bin 1 [1900dbars].  PTS: 1897.9dbars 3.1509C 34.8046PSU
(Dec 12 2017 07:23:25,  826392 sec) Profile()            Sample 1 initiated at 1800.3dbars for bin 2 [1800dbars].  PTS: 1797.9dbars 3.5092C 34.8195PSU
(Dec 12 2017 07:42:41,  827548 sec) Profile()            Sample 2 initiated at 1700.4dbars for bin 3 [1700dbars].  PTS: 1698.5dbars 3.8412C 34.8334PSU
(Dec 12 2017 07:45:34,  827721 sec) AscentControlAgent() Bouyancy nudge to 49 (v=0.074dbar/sec).
(Dec 12 2017 07:45:34,  827722 sec) PistonMoveAbsWTO()    039->049 040 041 042 043 [30sec, 13.2Volts, 0.693Amps, CPT:1640sec]
(Dec 12 2017 07:46:15,  827762 sec) PistonMoveAbsWTO()    043->049 044 045 046 047 [30sec, 12.8Volts, 0.697Amps, CPT:1670sec]
(Dec 12 2017 07:46:55,  827802 sec) PistonMoveAbsWTO()    048->049 049 [8sec, 12.6Volts, 0.701Amps, CPT:1678sec]
(Dec 12 2017 08:00:04,  828591 sec) Profile()            Sample 3 initiated at 1600.1dbars for bin 4 [1600dbars].  PTS: 1597.5dbars 4.2605C 34.8499PSU
(Dec 12 2017 08:17:30,  829637 sec) Profile()            Sample 4 initiated at 1500.6dbars for bin 5 [1500dbars].  PTS: 1498.4dbars 4.6963C 34.8670PSU
(Dec 12 2017 08:25:45,  830132 sec) AscentControlAgent() Bouyancy nudge to 59 (v=0.078dbar/sec).
(Dec 12 2017 08:25:45,  830133 sec) PistonMoveAbsWTO()    049->059 050 051 052 053 054 [30sec, 13.4Volts, 0.625Amps, CPT:1708sec]
(Dec 12 2017 08:26:26,  830173 sec) PistonMoveAbsWTO()    054->059 055 056 057 058 [30sec, 13.0Volts, 0.612Amps, CPT:1738sec]
(Dec 12 2017 08:35:35,  830722 sec) Profile()            Sample 5 initiated at 1400.3dbars for bin 6 [1400dbars].  PTS: 1397.6dbars 5.1621C 34.8849PSU
(Dec 12 2017 08:43:37,  831204 sec) Profile()            Sample 6 initiated at 1350.1dbars for bin 7 [1350dbars].  PTS: 1347.5dbars 5.3411C 34.8923PSU
(Dec 12 2017 08:51:59,  831706 sec) Profile()            Sample 7 initiated at 1300.2dbars for bin 8 [1300dbars].  PTS: 1297.8dbars 5.4812C 34.8973PSU
(Dec 12 2017 09:00:59,  832246 sec) Profile()            Sample 8 initiated at 1251.0dbars for bin 9 [1250dbars].  PTS: 1248.9dbars 5.6498C 34.9024PSU
(Dec 12 2017 09:06:04,  832551 sec) AscentControlAgent() Bouyancy nudge to 69 (v=0.080dbar/sec).
(Dec 12 2017 09:06:04,  832552 sec) PistonMoveAbsWTO()    059->069 060 061 062 063 [30sec, 13.6Volts, 0.548Amps, CPT:1768sec]
(Dec 12 2017 09:06:45,  832592 sec) PistonMoveAbsWTO()    064->069 065 066 067 068 [30sec, 13.2Volts, 0.536Amps, CPT:1798sec]
(Dec 12 2017 09:07:25,  832632 sec) PistonMoveAbsWTO()    068->069 069 [2sec, 13.2Volts, 0.540Amps, CPT:1800sec]
(Dec 12 2017 09:10:24,  832811 sec) Profile()            Sample 9 initiated at 1200.8dbars for bin 10 [1200dbars].  PTS: 1198.1dbars 5.8808C 34.9120PSU
(Dec 12 2017 09:18:36,  833303 sec) Profile()            Sample 10 initiated at 1150.1dbars for bin 11 [1150dbars].  PTS: 1147.6dbars 6.2026C 34.9234PSU
(Dec 12 2017 09:26:48,  833795 sec) Profile()            Sample 11 initiated at 1100.8dbars for bin 12 [1100dbars].  PTS: 1098.2dbars 6.4000C 34.9319PSU
(Dec 12 2017 09:35:28,  834315 sec) Profile()            Sample 12 initiated at 1050.5dbars for bin 13 [1050dbars].  PTS: 1048.1dbars 6.6429C 34.9414PSU
(Dec 12 2017 09:44:40,  834867 sec) Profile()            Sample 13 initiated at 1000.1dbars for bin 14 [1000dbars].  PTS: 997.9dbars 6.8548C 34.9498PSU
(Dec 12 2017 09:54:22,  835449 sec) Profile()            Sample 14 initiated at 950.6dbars for bin 15 [950dbars].  PTS: 948.5dbars 7.1088C 34.9571PSU
(Dec 12 2017 10:04:44,  836071 sec) Profile()            Sample 15 initiated at 900.5dbars for bin 16 [900dbars].  PTS: 898.5dbars 7.5196C 34.9733PSU
(Dec 12 2017 10:06:17,  836164 sec) AscentControlAgent() Bouyancy nudge to 79 (v=0.079dbar/sec).
(Dec 12 2017 10:06:17,  836165 sec) PistonMoveAbsWTO()    069->079 070 071 072 073 074 [30sec, 13.7Volts, 0.435Amps, CPT:1830sec]
(Dec 12 2017 10:06:58,  836205 sec) PistonMoveAbsWTO()    074->079 075 076 077 078 079 [28sec, 13.5Volts, 0.431Amps, CPT:1858sec]
(Dec 12 2017 10:12:56,  836563 sec) Profile()            Sample 16 initiated at 850.4dbars for bin 17 [850dbars].  PTS: 847.7dbars 7.8643C 34.9844PSU
(Dec 12 2017 10:20:26,  837013 sec) Profile()            Sample 17 initiated at 800.6dbars for bin 18 [800dbars].  PTS: 797.9dbars 8.1416C 34.9937PSU
(Dec 12 2017 10:28:08,  837475 sec) Profile()            Sample 18 initiated at 751.0dbars for bin 19 [750dbars].  PTS: 748.4dbars 8.4564C 35.0025PSU
(Dec 12 2017 10:36:28,  837975 sec) Profile()            Sample 19 initiated at 700.2dbars for bin 20 [700dbars].  PTS: 697.7dbars 8.7798C 35.0117PSU
(Dec 12 2017 10:44:50,  838477 sec) Profile()            Sample 20 initiated at 650.3dbars for bin 21 [650dbars].  PTS: 647.8dbars 9.1810C 35.0221PSU
(Dec 12 2017 10:53:12,  838979 sec) Profile()            Sample 21 initiated at 600.7dbars for bin 22 [600dbars].  PTS: 598.2dbars 9.4570C 35.0287PSU
(Dec 12 2017 11:01:22,  839469 sec) Profile()            Sample 22 initiated at 550.3dbars for bin 23 [550dbars].  PTS: 547.7dbars 9.8779C 35.0397PSU
(Dec 12 2017 11:09:04,  839931 sec) Profile()            Sample 23 initiated at 500.6dbars for bin 24 [500dbars].  PTS: 497.9dbars 10.2013C 35.0452PSU
(Dec 12 2017 11:10:41,  840029 sec) Sbe41cpStartCP()     Continuous profile started.
(Dec 12 2017 11:56:36,  842783 sec) AscentControlAgent() Bouyancy nudge to 89 (v=0.079dbar/sec).
(Dec 12 2017 11:56:36,  842783 sec) PistonMoveAbsWTO()    079->089 080 081 082 083 084 [30sec, 14.0Volts, 0.234Amps, CPT:1888sec]
(Dec 12 2017 11:57:16,  842823 sec) PistonMoveAbsWTO()    084->089 085 086 087 088 089 [24sec, 14.0Volts, 0.226Amps, CPT:1912sec]
(Dec 12 2017 12:07:52,  843459 sec) AscentControlAgent() Bouyancy nudge to 99 (v=0.042dbar/sec).
(Dec 12 2017 12:07:52,  843459 sec) PistonMoveAbsWTO()    089->099 090 091 092 093 094 [30sec, 14.0Volts, 0.214Amps, CPT:1942sec]
(Dec 12 2017 12:08:32,  843499 sec) PistonMoveAbsWTO()    094->099 095 096 097 098 099 [24sec, 14.0Volts, 0.210Amps, CPT:1966sec]
(Dec 12 2017 12:14:02,  843829 sec) AscentControlAgent() Bouyancy nudge to 109 (v=0.071dbar/sec).
(Dec 12 2017 12:14:02,  843829 sec) PistonMoveAbsWTO()    099->109 100 101 102 103 104 [30sec, 14.0Volts, 0.205Amps, CPT:1996sec]
(Dec 12 2017 12:14:42,  843869 sec) PistonMoveAbsWTO()    104->109 105 106 107 108 109 [23sec, 14.0Volts, 0.201Amps, CPT:2019sec]
(Dec 12 2017 12:20:12,  844199 sec) AscentControlAgent() Bouyancy nudge to 119 (v=0.072dbar/sec).
(Dec 12 2017 12:20:12,  844199 sec) PistonMoveAbsWTO()    109->119 110 111 112 113 114 [30sec, 14.1Volts, 0.201Amps, CPT:2049sec]
(Dec 12 2017 12:20:52,  844239 sec) PistonMoveAbsWTO()    114->119 115 116 117 118 119 [24sec, 14.0Volts, 0.197Amps, CPT:2073sec]
(Dec 12 2017 12:26:22,  844569 sec) AscentControlAgent() Bouyancy nudge to 129 (v=0.067dbar/sec).
(Dec 12 2017 12:26:22,  844569 sec) PistonMoveAbsWTO()    119->129 120 121 122 123 124 [30sec, 14.1Volts, 0.193Amps, CPT:2103sec]
(Dec 12 2017 12:27:02,  844609 sec) PistonMoveAbsWTO()    124->129 125 126 127 128 129 [23sec, 14.0Volts, 0.189Amps, CPT:2126sec]
(Dec 12 2017 12:31:27,  844874 sec) AscentControlAgent() Bouyancy nudge to 139 (v=0.037dbar/sec).
(Dec 12 2017 12:31:27,  844874 sec) PistonMoveAbsWTO()    129->139 130 131 132 133 134 [30sec, 14.1Volts, 0.189Amps, CPT:2156sec]
(Dec 12 2017 12:32:07,  844914 sec) PistonMoveAbsWTO()    134->139 135 136 137 138 139 [23sec, 14.0Volts, 0.189Amps, CPT:2179sec]
(Dec 12 2017 12:36:32,  845179 sec) AscentControlAgent() Bouyancy nudge to 149 (v=0.004dbar/sec).
(Dec 12 2017 12:36:32,  845179 sec) PistonMoveAbsWTO()    139->149 140 141 142 143 144 [30sec, 14.1Volts, 0.189Amps, CPT:2209sec]
(Dec 12 2017 12:37:12,  845219 sec) PistonMoveAbsWTO()    144->149 145 146 147 148 149 [23sec, 14.1Volts, 0.185Amps, CPT:2232sec]
(Dec 12 2017 12:41:37,  845484 sec) AscentControlAgent() Bouyancy nudge to 159 (v=0.010dbar/sec).
(Dec 12 2017 12:41:37,  845484 sec) PistonMoveAbsWTO()    149->159 150 151 152 153 154 [30sec, 14.2Volts, 0.189Amps, CPT:2262sec]
(Dec 12 2017 12:42:17,  845524 sec) PistonMoveAbsWTO()    154->159 155 156 157 158 159 [23sec, 14.1Volts, 0.189Amps, CPT:2285sec]
(Dec 12 2017 12:46:42,  845789 sec) AscentControlAgent() Bouyancy nudge to 169 (v=0.044dbar/sec).
(Dec 12 2017 12:46:42,  845789 sec) PistonMoveAbsWTO()    159->169 160 161 [15sec, 14.2Volts, 0.185Amps, CPT:2300sec]
(Dec 12 2017 12:47:07,  845814 sec) PistonMoveAbsWTO()    161->169 162 163 164 [15sec, 14.1Volts, 0.185Amps, CPT:2315sec]
(Dec 12 2017 12:47:32,  845839 sec) PistonMoveAbsWTO()    164->169 165 166 167 [15sec, 14.1Volts, 0.185Amps, CPT:2330sec]
(Dec 12 2017 12:47:57,  845864 sec) PistonMoveAbsWTO()    167->169 168 169 [9sec, 14.1Volts, 0.189Amps, CPT:2339sec]
(Dec 12 2017 12:49:19,  845946 sec) SurfaceDetect()      SurfacePressure:-0.1dbars Pressure:3.7dbars PistonPosition:169
(Dec 12 2017 12:49:20,  845947 sec) Sbe41cpStopCP()      Continuous profile stopped.
(Dec 12 2017 12:49:26,  845953 sec) PistonMoveAbsWTO()    169->191 170 171 172 173 174 175 176 177 178 179 180 181 182 183 184 185 186 187 188 189 190 191 [114sec, 14.2Volts, 0.169Amps, CPT:2453sec]
(Dec 12 2017 12:51:32,  846079 sec) sbe41cp.c:chat()     Expected string [S>] not received.
(Dec 12 2017 12:53:15,  846182 sec) Sbe41cpBinAverage()  Finished averaging 5949 samples in 99 seconds.
(Dec 12 2017 12:53:20,  846187 sec) Sbe41cpUploadCP()    Sbe41cpSerNo[5994] NSample[5949] NBin[246]
(Dec 12 2017 12:54:00,  846227 sec) Sbe41cpUploadCP()    Continuous profile uploaded [246 lines].

<EOT>
