(Jan 24 2016 21:18:06,  846465 sec) TelemetryInit()      Profile 44. (Apf9i FwRev: 012811)
(Jan 24 2016 21:25:07,  846886 sec) AirSystem()          Battery [186cnt, 14.4V]  Current [78cnt, 31.4mA]  Barometer [126cnt, 6.5"Hg]  Run-Time [50s]
(Jan 24 2016 21:26:00,  846938 sec) GpsServices()        GPS almanac is current.
(Jan 24 2016 21:26:00,  846938 sec) GpsServices()        Initiating GPS fix acquisition.
(Jan 24 2016 21:26:13,  846952 sec) gga()                $GPGGA,212600,0941.3227,N,08249.8682,E,0,00,,,M,,M,,*51
(Jan 24 2016 21:26:27,  846966 sec) gga()                $GPGGA,212600,0941.3227,N,08249.8682,E,0,00,,,M,,M,,*51
(Jan 24 2016 21:26:55,  846994 sec) gga()                $GPGGA,212610,0923.9747,N,08225.7771,E,1,05,1.4,-13.2,M,-94.0,M,,*77
(Jan 24 2016 21:26:56,  846994 sec) GpsServices()        Profile 44 GPS fix obtained in 55 seconds.
(Jan 24 2016 21:26:56,  846994 sec) GpsServices()                  lon     lat mm/dd/yyyy hhmmss nsat
(Jan 24 2016 21:26:56,  846994 sec) GpsServices()        Fix:   82.430   9.400 01/24/2016 212610    5
(Jan 24 2016 21:27:25,  847024 sec) gga()                $GPGGA,212640,0923.9822,N,08225.7743,E,1,10,0.8,0.3,M,-94.0,M,,*68
(Jan 24 2016 21:27:31,  847030 sec) gga()                $GPGGA,212710,0923.9863,N,08225.7664,E,1,10,0.8,2.8,M,-94.0,M,,*64
(Jan 24 2016 21:27:31,  847030 sec) GpsServices()        APF9 RTC skew (21s) OK.
(Jan 24 2016 21:27:32,  847030 sec) LogNmeaSentences()   183,43,17,18,071,42,19,18,067,41,20,14,210,43*7F
(Jan 24 2016 21:27:32,  847030 sec) LogNmeaSentences()   $GPGSV,3,3,10,24,29,262,45,28,24,137,44*7B
(Jan 24 2016 21:27:41,  847040 sec) LogNmeaSentences()   $GPRMC,212720,A,0923.9881,N,08225.7645,E,001.8,311.1,240116,002.0,W*64
(Jan 24 2016 21:27:41,  847040 sec) LogNmeaSentences()   $GPGGA,212720,0923.9881,N,08225.7645,E,1,10,0.8,1.7,M,-94.0,M,,*64
(Jan 24 2016 21:27:42,  847040 sec) LogNmeaSentences()   $GPGSA,A,3,02,05,06,12,13,17,19,20,24,28,,,1.2,0.8,0.9*30
(Jan 24 2016 21:27:42,  847041 sec) LogNmeaSentences()   $GPGSV,3,1,10,02,50,336,45,05,58,178,49,06,26,022,41,12,36,333,46*71
(Jan 24 2016 21:27:42,  847041 sec) LogNmeaSentences()   $GPGSV,3,2,10,13,11,183,41,17,18,071,43,19,18,067,42,20,14,210,43*7F
(Jan 24 2016 21:27:43,  847041 sec) LogNmeaSentences()   $GPGSV,3,3,10,24,29,262,40,28,24,137,43*79
(Jan 24 2016 21:27:51,  847050 sec) LogNmeaSentences()   $GPRMC,212730,A,0923.9898,N,08225.7622,E,001.1,236.1,240116,002.0,W*61
(Jan 24 2016 21:27:51,  847050 sec) LogNmeaSentences()   $GPGGA,212730,0923.9898,N,08225.7622,E,1,10,0.8,3.7,M,-94.0,M,,*6E
(Jan 24 2016 21:27:52,  847050 sec) LogNmeaSentences()   $GPGSA,A,3,02,05,06,12,13,17,19,20,24,28,,,1.2,0.8,0.9*30
(Jan 24 2016 21:27:52,  847051 sec) LogNmeaSentences()   $GPGSV,3,1,10,02,50,337,46,05,58,178,48,06,26,022,43,12,36,333,46*70
(Jan 24 2016 21:27:52,  847051 sec) LogNmeaSentences()   $GPGSV,3,2,10,13,11,183,42,17,18,071,41,19,18,067,40,20,14,210,41*7E
(Jan 24 2016 21:27:53,  847051 sec) LogNmeaSentences()   $GPGSV,3,3,10,24,29,262,44,28,23,137,39*77
(Jan 24 2016 21:28:01,  847060 sec) LogNmeaSentences()   $GPRMC,212740,A,0923.9912,N,08225.7600,E,000.5,358.8,240116,002.0,W*60
(Jan 24 2016 21:28:01,  847060 sec) LogNmeaSentences()   $GPGGA,212740,0923.9912,N,08225.7600,E,1,10,0.8,5.0,M,-94.0,M,,*6B
(Jan 24 2016 21:28:02,  847060 sec) LogNmeaSentences()   $GPGSA,A,3,02,05,06,12,13,17,19,20,24,28,,,1.9,0.8,1.7*34
(Jan 24 2016 21:28:02,  847061 sec) LogNmeaSentences()   $GPGSV,3,1,10,02,50,337,47,05,58,178,49,06,26,022,43,12,36,333,45*73
(Jan 24 2016 21:28:02,  847061 sec) LogNmeaSentences()   $GPGSV,3,2,10,13,11,183,42,17,18,071,43,19,18,067,42,20,14,210,41*7E
(Jan 24 2016 21:28:03,  847061 sec) LogNmeaSentences()   $GPGSV,3,3,10,24,29,262,42,28,23,137,44*7B
(Jan 24 2016 21:28:11,  847070 sec) LogNmeaSentences()   $GPRMC,212750,A,0923.9926,N,08225.7578,E,000.9,271.9,240116,002.0,W*6D
(Jan 24 2016 21:28:11,  847070 sec) LogNmeaSentences()   $GPGGA,212750,0923.9926,N,08225.7578,E,1,10,0.8,5.7,M,-94.0,M,,*66
(Jan 24 2016 21:28:12,  847070 sec) LogNmeaSentences()   $GPGSA,A,3,02,05,06,12,13,17,19,20,24,28,,,1.2,0.8,0.9*30
(Jan 24 2016 21:28:12,  847071 sec) LogNmeaSentences()   $GPGSV,3,1,10,02,50,337,46,05,58,178,48,06,26,022,43,12,36,333,44*72
(Jan 24 2016 21:28:12,  847071 sec) LogNmeaSentences()   $GPGSV,3,2,10,13,11,183,41,17,18,071,42,19,18,067,40,20,14,210,40*7F
(Jan 24 2016 21:28:13,  847071 sec) LogNmeaSentences()   $GPGSV,3,3,10,24,29,262,43,28,23,137,42*7C
(Jan 24 2016 21:28:21,  847080 sec) LogNmeaSentences()   $GPRMC,212800,A,0923.9943,N,08225.7546,E,000.9,279.7,240116,002.0,W*6F
(Jan 24 2016 21:28:21,  847080 sec) LogNmeaSentences()   $GPGGA,212800,0923.9943,N,08225.7546,E,1,10,0.8,5.9,M,-94.0,M,,*6C
(Jan 24 2016 21:28:22,  847080 sec) LogNmeaSentences()   $GPGSA,A,3,02,05,06,12,13,17,19,20,24,28,,,1.2,0.8,0.9*30
(Jan 24 2016 21:28:22,  847081 sec) LogNmeaSentences()   $GPGSV,3,1,10,02,50,337,47,05,58,178,49,06,26,022,43,12,36,333,46*70
(Jan 24 2016 21:28:23,  847081 sec) LogNmeaSentences()   $GPGSV,3,2,10,13,11,183,42,17,18,071,43,19,18,067,42,20,14,210,41*7E
(Jan 24 2016 21:28:23,  847081 sec) LogNmeaSentences()   $GPGSV,3,3,10,24,29,261,44,28,23,138,41*74
(Jan 24 2016 21:28:23,  847082 sec) LogNmeaSentences()   $PGRMT,GPS 15x-L software ver. 3.80,,,,,,,,*7C
(Jan 24 2016 21:28:23,  847082 sec) GpsServices()        GPS services complete.
(Jan 24 2016 21:28:48,  847107 sec) CLogin()             Connecting to primary host.
(Jan 24 2016 21:29:04,  847123 sec) CLogin()             Connection 1 established in 16 seconds.
(Jan 24 2016 21:29:13,  847131 sec) login()              Login successful.
(Jan 24 2016 21:29:16,  847135 sec) CLogin()             Logged in to host.  [Login required 12 seconds]
(Jan 24 2016 21:29:24,  847143 sec) RxConfig()           Downloading "mission.cfg" from host.
(Jan 24 2016 21:29:26,  847145 sec) Rx()                 Initiating transfer. [0x43]
(Jan 24 2016 21:29:36,  847155 sec) RxStartByte()        Sync errors encountered: 609
(Jan 24 2016 21:29:42,  847160 sec) Rx()                 Truncated packet received - retrying.
(Jan 24 2016 21:29:43,  847162 sec) RxStartByte()        Sync errors encountered: 47
(Jan 24 2016 21:29:49,  847167 sec) Rx()                 Pad character [0x1a] found in ascii mode - truncating packet.
(Jan 24 2016 21:29:54,  847172 sec) Rx()                 Received EOT - transfer complete. [1 packets, 1024 bytes, 28 sec, 36.6 bps]
(Jan 24 2016 21:29:54,  847172 sec) RxConfig()           Download successful.
(Jan 24 2016 21:30:08,  847186 sec) WriteVitals()        Writing vitals to "9567.044.msg".
(Jan 24 2016 21:30:15,  847194 sec) UpLoadFile()         Uploading "9567.044.msg" to host as "9567.044.msg".
(Jan 24 2016 21:30:19,  847198 sec) Tx()                 CRC negotiation successful. [16-bit CRC]
(Jan 24 2016 21:30:27,  847206 sec) TxPacket()           NAK received - resending packet. [PktNum=0x01]
(Jan 24 2016 21:30:27,  847206 sec) TxPacket()           Packet xmit history: [01110001] (0:ok, 1:fail).
(Jan 24 2016 21:30:51,  847230 sec) TxPacket()           NAK received - resending packet. [PktNum=0x05]
(Jan 24 2016 21:30:51,  847230 sec) TxPacket()           Packet xmit history: [00100001] (0:ok, 1:fail).
(Jan 24 2016 21:30:55,  847234 sec) TxPacket()           NAK received - resending packet. [PktNum=0x05]
(Jan 24 2016 21:30:55,  847234 sec) TxPacket()           Packet xmit history: [01000011] (0:ok, 1:fail).
(Jan 24 2016 21:31:19,  847258 sec) TxPacket()           NAK received - resending packet. [PktNum=0x08]
(Jan 24 2016 21:31:19,  847258 sec) TxPacket()           Packet xmit history: [00110001] (0:ok, 1:fail).
(Jan 24 2016 21:31:40,  847279 sec) TxPacket()           NAK received - resending packet. [PktNum=0x0b]
(Jan 24 2016 21:31:40,  847279 sec) TxPacket()           Packet xmit history: [00010001] (0:ok, 1:fail).
(Jan 24 2016 21:32:06,  847305 sec) TxPacket()           NAK received - resending packet. [PktNum=0x0f]
(Jan 24 2016 21:32:06,  847305 sec) TxPacket()           Packet xmit history: [00100001] (0:ok, 1:fail).
(Jan 24 2016 21:32:15,  847314 sec) TxPacket()           NAK received - resending packet. [PktNum=0x0f]
(Jan 24 2016 21:32:15,  847314 sec) TxPacket()           Packet xmit history: [01000011] (0:ok, 1:fail).
(Jan 24 2016 21:32:55,  847354 sec) TxPacket()           NAK received - resending packet. [PktNum=0x15]
(Jan 24 2016 21:32:55,  847354 sec) TxPacket()           Packet xmit history: [10000001] (0:ok, 1:fail).
(Jan 24 2016 21:33:22,  847381 sec) Tx()                 Transmission completed successfully [24 packets, 23184 bytes, 182 sec, 130.1 bps]
(Jan 24 2016 21:33:22,  847381 sec) UpLoadFile()         Upload successful.
(Jan 24 2016 21:33:34,  847393 sec) UpLoadFile()         Uploading "9567.044.log" to host as "9567.044.log".
(Jan 24 2016 21:33:35,  847394 sec) Tx()                 CRC negotiation successful. [16-bit CRC]
(Jan 24 2016 21:33:52,  847411 sec) TxPacket()           NAK received - resending packet. [PktNum=0x03]
(Jan 24 2016 21:33:52,  847411 sec) TxPacket()           Packet xmit history: [10000001] (0:ok, 1:fail).
(Jan 24 2016 21:34:15,  847434 sec) TxPacket()           NAK received - resending packet. [PktNum=0x06]
(Jan 24 2016 21:34:15,  847434 sec) TxPacket()           Packet xmit history: [00010001] (0:ok, 1:fail).
(Jan 24 2016 21:34:22,  847441 sec) TxPacket()           NAK received - resending packet. [PktNum=0x06]
(Jan 24 2016 21:34:22,  847441 sec) TxPacket()           Packet xmit history: [00100011] (0:ok, 1:fail).
(Jan 24 2016 21:34:30,  847448 sec) TxPacket()           NAK received - resending packet. [PktNum=0x06]
(Jan 24 2016 21:34:30,  847448 sec) TxPacket()           Packet xmit history: [01000111] (0:ok, 1:fail).
(Jan 24 2016 21:34:46,  847465 sec) TxPacket()           NAK received - resending packet. [PktNum=0x07]
(Jan 24 2016 21:34:46,  847465 sec) TxPacket()           Packet xmit history: [00011101] (0:ok, 1:fail).
(Jan 24 2016 21:34:59,  847478 sec) TxPacket()           NAK received - resending packet. [PktNum=0x08]
(Jan 24 2016 21:34:59,  847478 sec) TxPacket()           Packet xmit history: [01110101] (0:ok, 1:fail).
(Jan 24 2016 21:35:03,  847482 sec) TxPacket()           NAK received - resending packet. [PktNum=0x09]
(Jan 24 2016 21:35:03,  847482 sec) TxPacket()           Packet xmit history: [11010101] (0:ok, 1:fail).
(Jan 24 2016 21:35:21,  847500 sec) TxPacket()           NAK received - resending packet. [PktNum=0x0d]
(Jan 24 2016 21:35:21,  847500 sec) TxPacket()           Packet xmit history: [10100001] (0:ok, 1:fail).
(Jan 24 2016 21:35:25,  847503 sec) TxPacket()           NAK received - resending packet. [PktNum=0x0d]
(Jan 24 2016 21:35:25,  847503 sec) TxPacket()           Packet xmit history: [01000011] (0:ok, 1:fail).
(Jan 24 2016 21:35:26,  847505 sec) TxPacket()           NAK received - resending packet. [PktNum=0x0d]
(Jan 24 2016 21:35:26,  847505 sec) TxPacket()           Packet xmit history: [10000111] (0:ok, 1:fail).
(Jan 24 2016 21:35:34,  847512 sec) TxPacket()           Packet xmit history: [00001110] (0:ok, 1:fail).
(Jan 24 2016 21:35:40,  847519 sec) TxPacket()           Invalid response [0x63] - resending packet. [PktNum=0x0d]
(Jan 24 2016 21:35:40,  847519 sec) TxPacket()           Packet xmit history: [00011101] (0:ok, 1:fail).
(Jan 24 2016 21:35:41,  847520 sec) TxPacket()           Invalid response [0x6d] - resending packet. [PktNum=0x0d]
(Jan 24 2016 21:35:41,  847520 sec) TxPacket()           Packet xmit history: [00111011] (0:ok, 1:fail).
(Jan 24 2016 21:35:42,  847521 sec) TxPacket()           Invalid response [0x5e] - resending packet. [PktNum=0x0d]
(Jan 24 2016 21:35:42,  847521 sec) TxPacket()           Packet xmit history: [01110111] (0:ok, 1:fail).
(Jan 24 2016 21:35:45,  847524 sec) TxPacket()           Invalid response [0x42] - resending packet. [PktNum=0x0d]
(Jan 24 2016 21:35:45,  847524 sec) TxPacket()           Packet xmit history: [11101111] (0:ok, 1:fail).
(Jan 24 2016 21:35:46,  847525 sec) TxPacket()           Invalid response [0x50] - resending packet. [PktNum=0x0d]
(Jan 24 2016 21:35:46,  847525 sec) TxPacket()           Packet xmit history: [11011111] (0:ok, 1:fail).
(Jan 24 2016 21:35:49,  847527 sec) TxPacket()           Invalid response [0x20] - resending packet. [PktNum=0x0d]
(Jan 24 2016 21:35:49,  847528 sec) TxPacket()           Packet xmit history: [10111111] (0:ok, 1:fail).
(Jan 24 2016 21:35:49,  847528 sec) TxPacket()           Exit status: -5
(Jan 24 2016 21:35:49,  847528 sec) Tx()                 Packet transmission failed - aborting transfer.
(Jan 24 2016 21:36:00,  847539 sec) UpLoadFile()         Upload failed.
(Jan 24 2016 21:36:14,  847553 sec) UpLoadFile()         Uploading "9567.044.log" to host as "9567.044.log".
(Jan 24 2016 21:37:14,  847612 sec) Tx()                 CRC negotiation failed - aborting transfer.
(Jan 24 2016 21:37:24,  847623 sec) UpLoadFile()         Upload failed.
(Jan 24 2016 21:37:24,  847623 sec) UpLoad()             Files successfully uploaded: 1
(Jan 24 2016 21:37:24,  847623 sec) UpLoad()             Aborting upload: Retry limit [2] exceeded. Upload incomplete.
(Jan 24 2016 21:37:29,  847627 sec) logout()             Log-out successful.
(Jan 24 2016 21:37:30,  847629 sec) Telemetry()          Telemetry cycle complete: PrfId=44 ConnectionAttempts=1  Connections=1
(Jan 24 2016 21:52:44,  848543 sec) AirSystem()          Air-bladder inflation by-passed. Barometer: [126cnt, 6.5"Hg].
(Jan 24 2016 21:53:10,  848569 sec) GpsServices()        GPS almanac is current.
(Jan 24 2016 21:53:10,  848569 sec) GpsServices()        Initiating GPS fix acquisition.
(Jan 24 2016 21:53:46,  848605 sec) gga()                $GPGGA,215300,0924.2211,N,08225.3697,E,1,11,0.7,7.0,M,-94.1,M,,*6F
(Jan 24 2016 21:53:46,  848605 sec) GpsServices()        Profile 44 GPS fix obtained in 36 seconds.
(Jan 24 2016 21:53:46,  848605 sec) GpsServices()                  lon     lat mm/dd/yyyy hhmmss nsat
(Jan 24 2016 21:53:46,  848605 sec) GpsServices()        Fix:   82.423   9.404 01/24/2016 215300   11
(Jan 24 2016 21:54:15,  848634 sec) gga()                $GPGGA,215330,0924.2260,N,08225.3612,E,1,11,0.7,4.0,M,-94.1,M,,*64
(Jan 24 2016 21:54:21,  848640 sec) gga()                $GPGGA,215400,0924.2312,N,08225.3535,E,1,05,1.1,-2.1,M,-94.1,M,,*4A
(Jan 24 2016 21:54:21,  848640 sec) GpsServices()        APF9 RTC skew (21s) OK.
(Jan 24 2016 21:54:21,  848640 sec) LogNmeaSentences()   7,248,22,02,43,351,00,06,18,029,00*77
(Jan 24 2016 21:54:22,  848640 sec) LogNmeaSentences()   $GPGSV,3,3,11,17,16,083,00,25,09,326,00,28,14,143,00*43
(Jan 24 2016 21:54:22,  848641 sec) LogNmeaSentences()   $PGRMT,GPS 15x-L software ver. 3.80,,,,,,,,*7C
(Jan 24 2016 21:54:31,  848650 sec) LogNmeaSentences()   $GPRMC,215410,A,0924.2327,N,08225.3505,E,001.9,325.0,240116,002.0,W*6C
(Jan 24 2016 21:54:31,  848650 sec) LogNmeaSentences()   $GPGGA,215410,0924.2327,N,08225.3505,E,1,11,0.7,-4.0,M,-94.1,M,,*4B
(Jan 24 2016 21:54:32,  848650 sec) LogNmeaSentences()   $GPGSA,A,3,02,05,06,12,13,17,19,20,24,25,28,,1.1,0.7,0.8*3A
(Jan 24 2016 21:54:32,  848651 sec) LogNmeaSentences()   $GPGSV,3,1,11,02,43,351,46,05,71,171,47,06,18,030,41,12,48,329,46*70
(Jan 24 2016 21:54:33,  848651 sec) LogNmeaSentences()   $GPGSV,3,2,11,13,14,173,42,17,16,084,42,19,16,079,43,20,24,211,42*71
(Jan 24 2016 21:54:33,  848652 sec) LogNmeaSentences()   $GPGSV,3,3,11,24,27,248,43,25,09,326,42,28,13,144,41*40
(Jan 24 2016 21:54:41,  848660 sec) LogNmeaSentences()   $GPRMC,215420,A,0924.2338,N,08225.3483,E,002.0,232.2,240116,002.0,W*61
(Jan 24 2016 21:54:41,  848660 sec) LogNmeaSentences()   $GPGGA,215420,0924.2338,N,08225.3483,E,1,11,0.7,-1.1,M,-94.1,M,,*4D
(Jan 24 2016 21:54:42,  848660 sec) LogNmeaSentences()   $GPGSA,A,3,02,05,06,12,13,17,19,20,24,25,28,,1.1,0.7,0.8*3A
(Jan 24 2016 21:54:42,  848661 sec) LogNmeaSentences()   $GPGSV,3,1,11,02,43,351,45,05,71,171,48,06,18,030,41,12,48,329,46*7C
(Jan 24 2016 21:54:43,  848661 sec) LogNmeaSentences()   $GPGSV,3,2,11,13,14,173,42,17,16,084,43,19,16,079,42,20,25,211,43*71
(Jan 24 2016 21:54:43,  848662 sec) LogNmeaSentences()   $GPGSV,3,3,11,24,27,248,44,25,10,325,40,28,13,144,40*4F
(Jan 24 2016 21:54:51,  848670 sec) LogNmeaSentences()   $GPRMC,215430,A,0924.2357,N,08225.3462,E,001.1,353.7,240116,002.0,W*67
(Jan 24 2016 21:54:51,  848670 sec) LogNmeaSentences()   $GPGGA,215430,0924.2357,N,08225.3462,E,1,11,0.7,-1.0,M,-94.1,M,,*4B
(Jan 24 2016 21:54:52,  848670 sec) GpsServices()        GPS services complete.
(Jan 24 2016 21:55:16,  848695 sec) CLogin()             Connecting to primary host.
(Jan 24 2016 21:55:30,  848708 sec) CLogin()             Connection 2 established in 14 seconds.
(Jan 24 2016 21:55:40,  848719 sec) login()              Login successful.
(Jan 24 2016 21:55:44,  848722 sec) CLogin()             Logged in to host.  [Login required 14 seconds]
(Jan 24 2016 21:55:51,  848730 sec) RxConfig()           Downloading "mission.cfg" from host.
(Jan 24 2016 21:55:54,  848732 sec) Rx()                 Initiating transfer. [0x43]
(Jan 24 2016 21:56:00,  848738 sec) Rx()                 Pad character [0x1a] found in ascii mode - truncating packet.
(Jan 24 2016 21:56:04,  848742 sec) Rx()                 Received EOT - transfer complete. [1 packets, 1024 bytes, 10 sec, 102.4 bps]
(Jan 24 2016 21:56:04,  848742 sec) RxConfig()           Download successful.
(Jan 24 2016 21:56:24,  848763 sec) UpLoadFile()         Uploading "9567.044.log" to host as "9567.044.log".
(Jan 24 2016 21:56:28,  848766 sec) Tx()                 CRC negotiation successful. [16-bit CRC]
(Jan 24 2016 21:57:28,  848827 sec) TxPacket()           NAK received - resending packet. [PktNum=0x09]
(Jan 24 2016 21:57:28,  848827 sec) TxPacket()           Packet xmit history: [00000001] (0:ok, 1:fail).
(Jan 24 2016 21:57:38,  848837 sec) TxPacket()           NAK received - resending packet. [PktNum=0x0a]
(Jan 24 2016 21:57:38,  848837 sec) TxPacket()           Packet xmit history: [00000101] (0:ok, 1:fail).
(Jan 24 2016 21:57:53,  848852 sec) TxPacket()           NAK received - resending packet. [PktNum=0x0c]
(Jan 24 2016 21:57:53,  848852 sec) TxPacket()           Packet xmit history: [00101001] (0:ok, 1:fail).
(Jan 24 2016 21:58:43,  848902 sec) TxPacket()           NAK received - resending packet. [PktNum=0x14]
(Jan 24 2016 21:58:43,  848902 sec) TxPacket()           Packet xmit history: [00000001] (0:ok, 1:fail).
(Jan 24 2016 21:58:59,  848918 sec) TxPacket()           NAK received - resending packet. [PktNum=0x16]
(Jan 24 2016 21:58:59,  848918 sec) TxPacket()           Packet xmit history: [00001001] (0:ok, 1:fail).
(Jan 24 2016 21:59:12,  848931 sec) TxPacket()           NAK received - resending packet. [PktNum=0x17]
(Jan 24 2016 21:59:12,  848931 sec) TxPacket()           Packet xmit history: [00100101] (0:ok, 1:fail).
(Jan 24 2016 21:59:17,  848936 sec) TxPacket()           NAK received - resending packet. [PktNum=0x17]
(Jan 24 2016 21:59:17,  848936 sec) TxPacket()           Packet xmit history: [01001011] (0:ok, 1:fail).
(Jan 24 2016 21:59:43,  848962 sec) TxPacket()           NAK received - resending packet. [PktNum=0x1b]
(Jan 24 2016 21:59:43,  848962 sec) TxPacket()           Packet xmit history: [01100001] (0:ok, 1:fail).
(Jan 24 2016 21:59:50,  848969 sec) TxPacket()           NAK received - resending packet. [PktNum=0x1b]
(Jan 24 2016 21:59:50,  848969 sec) TxPacket()           Packet xmit history: [11000011] (0:ok, 1:fail).
(Jan 24 2016 22:00:21,  849000 sec) TxPacket()           NAK received - resending packet. [PktNum=0x20]
(Jan 24 2016 22:00:21,  849000 sec) TxPacket()           Packet xmit history: [11000001] (0:ok, 1:fail).
(Jan 24 2016 22:00:35,  849014 sec) TxPacket()           NAK received - resending packet. [PktNum=0x21]
(Jan 24 2016 22:00:35,  849014 sec) TxPacket()           Packet xmit history: [00000101] (0:ok, 1:fail).
(Jan 24 2016 22:00:56,  849035 sec) TxPacket()           NAK received - resending packet. [PktNum=0x24]
(Jan 24 2016 22:00:56,  849035 sec) TxPacket()           Packet xmit history: [01010001] (0:ok, 1:fail).
(Jan 24 2016 22:01:08,  849047 sec) TxPacket()           NAK received - resending packet. [PktNum=0x25]
(Jan 24 2016 22:01:08,  849047 sec) TxPacket()           Packet xmit history: [01000101] (0:ok, 1:fail).
(Jan 24 2016 22:01:31,  849070 sec) Tx()                 Transmission completed successfully [39 packets, 38142 bytes, 302 sec, 129.3 bps]
(Jan 24 2016 22:01:31,  849070 sec) UpLoadFile()         Upload successful.
(Jan 24 2016 22:01:37,  849076 sec) UpLoad()             Files successfully uploaded: 1
(Jan 24 2016 22:01:37,  849076 sec) UpLoad()             Upload complete.
(Jan 24 2016 22:01:41,  849080 sec) logout()             Log-out successful.
(Jan 24 2016 22:01:42,  849081 sec) Telemetry()          Telemetry cycle complete: PrfId=44 ConnectionAttempts=2  Connections=2
(Jan 24 2016 22:01:43,  849082 sec) TelemetryTerminate() Parsing new mission configuration.
(Jan 24 2016 22:01:44,  849083 sec) configure()          Parsing configurators in "mission.cfg".
(Jan 24 2016 22:01:48,  849087 sec) configure()             TelemetryRetry(15)      [0x7BBC] [TelemetryRetry(15)].
(Jan 24 2016 22:01:48,  849087 sec) configure()          Configuration CRCs and syntax OK.
(Jan 24 2016 22:01:48,  849087 sec) ConfigSupervisor()   Sanity check violated: cfg->PressureCP >= 750
(Jan 24 2016 22:01:48,  849087 sec) ConfigSupervisor()   Configuration accepted.
(Jan 24 2016 22:01:49,  849087 sec) TelemetryTerminate() Reconditioning the file system.
(Jan 24 2016 22:02:00,       7 sec) DescentInit()        Deep profile 45 initiated at mission-time 849092sec.
(Jan 24 2016 22:02:03,      10 sec) DescentInit()        Surface pressure: -0.2dbars.
(Jan 24 2016 22:02:08,      15 sec) PistonMoveAbsWTO()    189->053 188 187 186 185 184 183 182 181 180 179 178 177 176 175 174 173 172 171 170 169 168 167 166 165 164 163 162 161 160 159 158 157 156 155 154 153 152 151 150 149 148 147 146 145 144 143 142 141 140 139 138 137 136 135 134 133 132 131 130 129 128 127 126 125 124 123 122 121 120 119 118 117 116 115 114 113 112 111 110 109 108 107 106 105 104 103 102 101 100 099 098 097 096 095 094 093 092 091 090 089 088 087 086 085 084 083 082 081 080 079 078 077 076 075 074 073 072 071 070 069 068 067 066 065 064 063 062 061 060 059 058 057 056 055 054 053 [686sec, 14.3Volts, 0.157Amps, CPT:686sec]
(Jan 24 2016 22:13:35,     701 sec) PistonMoveAbsWTO()    053->000 052 051 050 049 048 047 046 045 044 043 042 041 040 039 038 037 036 035 034 033 032 031 030 029 028 027 026 025 024 023 022 021 020 019 018 017 016 015 014 013 012 011 010 009 [222sec, 14.3Volts, 0.157Amps, CPT:908sec]
(Jan 24 2016 22:17:26,     933 sec) Descent()            Pressure: 91.3
(Jan 24 2016 23:01:57,    3604 sec) Descent()            Pressure: 404.3
(Jan 25 2016 00:01:57,    7204 sec) Descent()            Pressure: 886.4
(Jan 25 2016 00:01:57,    7204 sec) PistonMoveAbsWTO()    009->053 010 011 012 013 014 015 016 017 018 019 020 021 022 023 024 025 026 027 028 029 030 031 032 033 034 035 036 037 038 039 040 041 042 043 044 045 046 047 048 049 050 051 052 053 [249sec, 13.6Volts, 0.435Amps, CPT:1157sec]
(Jan 25 2016 01:01:57,   10804 sec) Descent()            Pressure: 880.1
(Jan 25 2016 02:01:57,   14404 sec) Descent()            Pressure: 897.9
(Jan 25 2016 03:01:57,   18004 sec) Descent()            Pressure: 920.6
(Jan 25 2016 03:01:57,   18004 sec) ParkInit()           
(Jan 25 2016 05:02:26,   25233 sec) Park()               ParkPOutOfBand[-3, 940.5 dbars]: retract piston.
(Jan 25 2016 05:02:27,   25234 sec) PistonMoveAbsWTO()    053->052 052 [1sec, 14.2Volts, 0.109Amps, CPT:1158sec]
(Jan 25 2016 08:02:26,   36033 sec) Park()               ParkPOutOfBand[-3, 952.8 dbars]: retract piston.
(Jan 25 2016 08:02:27,   36034 sec) PistonMoveAbsWTO()    052->051 051 [5sec, 14.3Volts, 0.085Amps, CPT:1163sec]
(Jan 25 2016 19:02:26,   75633 sec) Park()               ParkPOutOfBand[3, 1017.2 dbars]: extend piston.
(Jan 25 2016 19:02:27,   75634 sec) PistonMoveAbsWTO()    051->052 052 [2sec, 13.8Volts, 0.463Amps, CPT:1165sec]
(Jan 26 2016 08:02:27,  122433 sec) Park()               ParkPOutOfBand[3, 1012.9 dbars]: extend piston.
(Jan 26 2016 08:02:27,  122434 sec) PistonMoveAbsWTO()    052->053 053 [6sec, 13.6Volts, 0.451Amps, CPT:1171sec]
(Jan 26 2016 12:02:27,  136833 sec) Park()               ParkPOutOfBand[-3, 988.3 dbars]: retract piston.
(Jan 26 2016 12:02:27,  136834 sec) PistonMoveAbsWTO()    053->052 052 [2sec, 14.2Volts, 0.097Amps, CPT:1173sec]
(Jan 29 2016 04:02:29,  367236 sec) Park()               ParkPOutOfBand[3, 1012.4 dbars]: extend piston.
(Jan 29 2016 04:02:29,  367236 sec) PistonMoveAbsWTO()    052->053 053 [2sec, 14.0Volts, 0.471Amps, CPT:1175sec]
(Feb 02 2016 20:02:31,  770438 sec) Park()               ParkPOutOfBand[3, 1013.0 dbars]: extend piston.
(Feb 02 2016 20:02:32,  770439 sec) PistonMoveAbsWTO()    053->054 054 [6sec, 13.4Volts, 0.479Amps, CPT:1181sec]
(Feb 02 2016 23:02:31,  781238 sec) Park()               ParkPOutOfBand[-3, 981.3 dbars]: retract piston.
(Feb 02 2016 23:02:32,  781239 sec) PistonMoveAbsWTO()    054->053 053 [2sec, 14.2Volts, 0.101Amps, CPT:1183sec]
(Feb 03 2016 02:02:32,  792038 sec) Park()               ParkPOutOfBand[-3, 988.4 dbars]: retract piston.
(Feb 03 2016 02:02:32,  792039 sec) PistonMoveAbsWTO()    053->052 052 [6sec, 14.2Volts, 0.097Amps, CPT:1189sec]
(Feb 03 2016 05:02:32,  802838 sec) Park()               ParkPOutOfBand[3, 1021.6 dbars]: extend piston.
(Feb 03 2016 05:02:32,  802839 sec) PistonMoveAbsWTO()    052->053 053 [2sec, 13.8Volts, 0.479Amps, CPT:1191sec]
(Feb 03 2016 06:02:18,  806425 sec) CtdPower()           [ 1013.46,  6.5580, 34.9327]
(Feb 03 2016 06:02:18,  806425 sec) CtdPower()           CTD Power consumption [184VCnt 11ACnt]: 14.263Volts * 0.044Amps = 0.63Watts.
(Feb 03 2016 06:02:19,  806426 sec) ParkTerminate()      Piston Position:53 Vacuum:79 Vq:196 Aq:6 Vsbe:184 Asbe:11
(Feb 03 2016 06:02:46,  806453 sec) ParkTerminate()      PTS: 1013.3dbars 6.5578C 34.9329PSU
(Feb 03 2016 06:02:47,  806454 sec) GoDeepInit()         Moving piston.
(Feb 03 2016 06:02:47,  806454 sec) PistonMoveAbsWTO()    053->014 052 051 050 049 048 047 046 045 044 043 042 041 040 039 038 037 036 035 034 033 032 031 030 029 028 027 026 025 024 023 022 021 020 019 018 017 016 015 014 [191sec, 14.3Volts, 0.093Amps, CPT:1382sec]
(Feb 03 2016 09:41:57,  819604 sec) GoDeep()             Sequence point detected at 2001.7dbar.
(Feb 03 2016 09:41:59,  819606 sec) ProfileInit()        PrfId:045  Pressure:2001.8dbar  pTable[0]:2000dbar
(Feb 03 2016 09:42:10,  819617 sec) PistonMoveAbsWTO()    014->036 015 016 017 018 019 [30sec, 12.9Volts, 0.774Amps, CPT:1412sec]
(Feb 03 2016 09:42:50,  819657 sec) PistonMoveAbsWTO()    019->036 020 021 022 023 [30sec, 12.7Volts, 0.778Amps, CPT:1442sec]
(Feb 03 2016 09:43:30,  819697 sec) PistonMoveAbsWTO()    023->036 024 025 026 027 028 [30sec, 12.6Volts, 0.782Amps, CPT:1472sec]
(Feb 03 2016 09:44:37,  819764 sec) Profile()            Sample 0 initiated at 1998.6dbars for bin 0 [2000dbars].  PTS: 1996.5dbars 2.7690C 34.7818PSU
(Feb 03 2016 09:44:38,  819765 sec) PistonMoveAbsWTO()    028->036 029 030 031 032 [30sec, 12.6Volts, 0.766Amps, CPT:1502sec]
(Feb 03 2016 09:45:18,  819805 sec) PistonMoveAbsWTO()    032->036 033 034 035 036 [26sec, 12.4Volts, 0.802Amps, CPT:1528sec]
(Feb 03 2016 10:00:24,  820711 sec) Profile()            Sample 1 initiated at 1900.9dbars for bin 1 [1900dbars].  PTS: 1898.4dbars 2.9739C 34.7901PSU
(Feb 03 2016 10:17:50,  821757 sec) Profile()            Sample 2 initiated at 1800.1dbars for bin 2 [1800dbars].  PTS: 1797.8dbars 3.2734C 34.8032PSU
(Feb 03 2016 10:32:17,  822624 sec) AscentControlAgent() Bouyancy nudge to 46 (v=0.078dbar/sec).
(Feb 03 2016 10:32:18,  822625 sec) PistonMoveAbsWTO()    036->046 037 038 039 040 [30sec, 13.1Volts, 0.697Amps, CPT:1558sec]
(Feb 03 2016 10:32:58,  822665 sec) PistonMoveAbsWTO()    040->046 041 042 043 044 045 [30sec, 12.9Volts, 0.717Amps, CPT:1588sec]
(Feb 03 2016 10:33:38,  822705 sec) PistonMoveAbsWTO()    045->046 046 [7sec, 12.9Volts, 0.697Amps, CPT:1595sec]
(Feb 03 2016 10:36:52,  822899 sec) Profile()            Sample 3 initiated at 1700.4dbars for bin 3 [1700dbars].  PTS: 1697.7dbars 3.6071C 34.8180PSU
(Feb 03 2016 10:53:18,  823885 sec) Profile()            Sample 4 initiated at 1600.0dbars for bin 4 [1600dbars].  PTS: 1597.5dbars 4.0771C 34.8365PSU
(Feb 03 2016 11:10:52,  824939 sec) Profile()            Sample 5 initiated at 1500.5dbars for bin 5 [1500dbars].  PTS: 1498.5dbars 4.4283C 34.8500PSU
(Feb 03 2016 11:17:37,  825344 sec) AscentControlAgent() Bouyancy nudge to 56 (v=0.071dbar/sec).
(Feb 03 2016 11:17:38,  825345 sec) PistonMoveAbsWTO()    046->056 047 048 049 050 [30sec, 13.3Volts, 0.625Amps, CPT:1625sec]
(Feb 03 2016 11:18:18,  825385 sec) PistonMoveAbsWTO()    050->056 051 052 053 054 055 [30sec, 13.1Volts, 0.600Amps, CPT:1655sec]
(Feb 03 2016 11:18:58,  825425 sec) PistonMoveAbsWTO()    055->056 056 [1sec, 13.6Volts, 0.604Amps, CPT:1656sec]
(Feb 03 2016 11:30:10,  826097 sec) Profile()            Sample 6 initiated at 1400.4dbars for bin 6 [1400dbars].  PTS: 1398.0dbars 4.8768C 34.8685PSU
(Feb 03 2016 11:39:02,  826629 sec) Profile()            Sample 7 initiated at 1350.4dbars for bin 7 [1350dbars].  PTS: 1348.0dbars 5.0266C 34.8737PSU
(Feb 03 2016 11:47:42,  827149 sec) Profile()            Sample 8 initiated at 1300.6dbars for bin 8 [1300dbars].  PTS: 1298.2dbars 5.2246C 34.8805PSU
(Feb 03 2016 11:56:34,  827681 sec) Profile()            Sample 9 initiated at 1250.1dbars for bin 9 [1250dbars].  PTS: 1247.9dbars 5.3676C 34.8863PSU
(Feb 03 2016 12:06:26,  828273 sec) Profile()            Sample 10 initiated at 1200.4dbars for bin 10 [1200dbars].  PTS: 1198.5dbars 5.5068C 34.8907PSU
(Feb 03 2016 12:07:49,  828356 sec) AscentControlAgent() Bouyancy nudge to 66 (v=0.077dbar/sec).
(Feb 03 2016 12:07:50,  828357 sec) PistonMoveAbsWTO()    056->066 057 058 059 060 [30sec, 13.5Volts, 0.532Amps, CPT:1686sec]
(Feb 03 2016 12:08:30,  828397 sec) PistonMoveAbsWTO()    060->066 061 062 063 064 065 [30sec, 13.3Volts, 0.520Amps, CPT:1716sec]
(Feb 03 2016 12:09:10,  828437 sec) PistonMoveAbsWTO()    065->066 066 [2sec, 13.4Volts, 0.528Amps, CPT:1718sec]
(Feb 03 2016 12:15:01,  828788 sec) Profile()            Sample 11 initiated at 1150.6dbars for bin 11 [1150dbars].  PTS: 1148.0dbars 5.7824C 34.9019PSU
(Feb 03 2016 12:23:11,  829278 sec) Profile()            Sample 12 initiated at 1100.7dbars for bin 12 [1100dbars].  PTS: 1098.3dbars 6.0150C 34.9102PSU
(Feb 03 2016 12:31:53,  829800 sec) Profile()            Sample 13 initiated at 1050.8dbars for bin 13 [1050dbars].  PTS: 1048.5dbars 6.2653C 34.9209PSU
(Feb 03 2016 12:41:05,  830352 sec) Profile()            Sample 14 initiated at 1000.5dbars for bin 14 [1000dbars].  PTS: 998.2dbars 6.4890C 34.9299PSU
(Feb 03 2016 12:50:17,  830904 sec) Profile()            Sample 15 initiated at 950.7dbars for bin 15 [950dbars].  PTS: 948.5dbars 6.7511C 34.9393PSU
(Feb 03 2016 12:59:49,  831476 sec) Profile()            Sample 16 initiated at 901.0dbars for bin 16 [900dbars].  PTS: 899.0dbars 7.0088C 34.9483PSU
(Feb 03 2016 13:03:22,  831689 sec) AscentControlAgent() Bouyancy nudge to 76 (v=0.077dbar/sec).
(Feb 03 2016 13:03:23,  831690 sec) PistonMoveAbsWTO()    066->076 067 068 069 070 071 [30sec, 13.6Volts, 0.435Amps, CPT:1748sec]
(Feb 03 2016 13:04:03,  831730 sec) PistonMoveAbsWTO()    071->076 072 073 074 075 076 [28sec, 13.5Volts, 0.435Amps, CPT:1776sec]
(Feb 03 2016 13:09:20,  832047 sec) Profile()            Sample 17 initiated at 850.0dbars for bin 17 [850dbars].  PTS: 847.5dbars 7.3352C 34.9603PSU
(Feb 03 2016 13:18:00,  832567 sec) Profile()            Sample 18 initiated at 800.3dbars for bin 18 [800dbars].  PTS: 798.1dbars 7.7005C 34.9735PSU
(Feb 03 2016 13:27:02,  833109 sec) Profile()            Sample 19 initiated at 751.0dbars for bin 19 [750dbars].  PTS: 748.6dbars 7.9845C 34.9827PSU
(Feb 03 2016 13:35:54,  833641 sec) Profile()            Sample 20 initiated at 700.3dbars for bin 20 [700dbars].  PTS: 697.8dbars 8.4052C 35.0010PSU
(Feb 03 2016 13:43:54,  834121 sec) Profile()            Sample 21 initiated at 650.9dbars for bin 21 [650dbars].  PTS: 648.4dbars 8.7287C 35.0035PSU
(Feb 03 2016 13:52:36,  834643 sec) Profile()            Sample 22 initiated at 600.9dbars for bin 22 [600dbars].  PTS: 598.6dbars 9.1862C 35.0183PSU
(Feb 03 2016 14:01:38,  835185 sec) Profile()            Sample 23 initiated at 550.9dbars for bin 23 [550dbars].  PTS: 548.6dbars 9.6737C 35.0314PSU
(Feb 03 2016 14:10:10,  835697 sec) Profile()            Sample 24 initiated at 500.5dbars for bin 24 [500dbars].  PTS: 498.1dbars 10.0336C 35.0383PSU
(Feb 03 2016 14:11:48,  835795 sec) Sbe41cpStartCP()     Continuous profile started.
(Feb 03 2016 15:02:48,  838855 sec) AscentControlAgent() Bouyancy nudge to 86 (v=0.073dbar/sec).
(Feb 03 2016 15:02:48,  838855 sec) PistonMoveAbsWTO()    076->086 077 078 079 080 081 [30sec, 14.0Volts, 0.226Amps, CPT:1806sec]
(Feb 03 2016 15:03:28,  838895 sec) PistonMoveAbsWTO()    081->086 082 083 084 085 086 [24sec, 14.0Volts, 0.218Amps, CPT:1830sec]
(Feb 03 2016 15:08:58,  839225 sec) AscentControlAgent() Bouyancy nudge to 96 (v=0.065dbar/sec).
(Feb 03 2016 15:08:58,  839225 sec) PistonMoveAbsWTO()    086->096 087 088 089 090 091 [30sec, 14.0Volts, 0.218Amps, CPT:1860sec]
(Feb 03 2016 15:09:38,  839265 sec) PistonMoveAbsWTO()    091->096 092 093 094 095 096 [25sec, 14.0Volts, 0.218Amps, CPT:1885sec]
(Feb 03 2016 15:15:09,  839596 sec) AscentControlAgent() Bouyancy nudge to 106 (v=0.052dbar/sec).
(Feb 03 2016 15:15:09,  839596 sec) PistonMoveAbsWTO()    096->106 097 098 099 100 101 [30sec, 14.0Volts, 0.210Amps, CPT:1915sec]
(Feb 03 2016 15:15:49,  839636 sec) PistonMoveAbsWTO()    101->106 102 103 104 105 106 [24sec, 14.0Volts, 0.201Amps, CPT:1939sec]
(Feb 03 2016 15:21:19,  839966 sec) AscentControlAgent() Bouyancy nudge to 116 (v=0.040dbar/sec).
(Feb 03 2016 15:21:19,  839966 sec) PistonMoveAbsWTO()    106->116 107 108 109 110 111 [30sec, 14.0Volts, 0.205Amps, CPT:1969sec]
(Feb 03 2016 15:21:59,  840006 sec) PistonMoveAbsWTO()    111->116 112 113 114 115 116 [23sec, 14.0Volts, 0.205Amps, CPT:1992sec]
(Feb 03 2016 15:27:29,  840336 sec) AscentControlAgent() Bouyancy nudge to 126 (v=0.031dbar/sec).
(Feb 03 2016 15:27:29,  840336 sec) PistonMoveAbsWTO()    116->126 117 118 119 120 121 [30sec, 14.0Volts, 0.201Amps, CPT:2022sec]
(Feb 03 2016 15:28:09,  840376 sec) PistonMoveAbsWTO()    121->126 122 123 124 125 126 [24sec, 14.0Volts, 0.201Amps, CPT:2046sec]
(Feb 03 2016 15:33:39,  840706 sec) AscentControlAgent() Bouyancy nudge to 136 (v=0.029dbar/sec).
(Feb 03 2016 15:33:39,  840706 sec) PistonMoveAbsWTO()    126->136 127 128 129 130 131 [30sec, 14.0Volts, 0.197Amps, CPT:2076sec]
(Feb 03 2016 15:34:19,  840746 sec) PistonMoveAbsWTO()    131->136 132 133 134 135 136 [24sec, 14.0Volts, 0.193Amps, CPT:2100sec]
(Feb 03 2016 15:39:49,  841076 sec) AscentControlAgent() Bouyancy nudge to 146 (v=0.039dbar/sec).
(Feb 03 2016 15:39:49,  841076 sec) PistonMoveAbsWTO()    136->146 137 138 139 140 141 [30sec, 14.1Volts, 0.197Amps, CPT:2130sec]
(Feb 03 2016 15:40:29,  841116 sec) PistonMoveAbsWTO()    141->146 142 143 144 145 146 [23sec, 14.0Volts, 0.193Amps, CPT:2153sec]
(Feb 03 2016 15:45:59,  841446 sec) AscentControlAgent() Bouyancy nudge to 156 (v=0.051dbar/sec).
(Feb 03 2016 15:45:59,  841446 sec) PistonMoveAbsWTO()    146->156 147 148 149 150 151 [30sec, 14.1Volts, 0.189Amps, CPT:2183sec]
(Feb 03 2016 15:46:39,  841486 sec) PistonMoveAbsWTO()    151->156 152 153 154 155 156 [23sec, 14.1Volts, 0.189Amps, CPT:2206sec]
(Feb 03 2016 15:53:47,  841914 sec) SurfaceDetect()      SurfacePressure:-0.2dbars Pressure:3.2dbars PistonPosition:156
(Feb 03 2016 15:53:48,  841915 sec) Sbe41cpStopCP()      Continuous profile stopped.
(Feb 03 2016 15:53:54,  841921 sec) PistonMoveAbsWTO()    156->178 157 158 159 160 161 162 163 164 165 166 167 168 169 170 171 172 173 174 175 176 177 178 [114sec, 14.1Volts, 0.165Amps, CPT:2320sec]
(Feb 03 2016 15:56:01,  842047 sec) sbe41cp.c:chat()     Expected string [S>] not received.
(Feb 03 2016 15:57:46,  842153 sec) Sbe41cpBinAverage()  Finished averaging 6151 samples in 101 seconds.
(Feb 03 2016 15:57:51,  842158 sec) Sbe41cpUploadCP()    Sbe41cpSerNo[5994] NSample[6151] NBin[247]
(Feb 03 2016 15:58:31,  842198 sec) Sbe41cpUploadCP()    Continuous profile uploaded [247 lines].

<EOT>
