(May 18 2015 04:29:08,  840933 sec) TelemetryInit()      Profile 6. (Apf9i FwRev: 092813)
(May 18 2015 04:37:04,  841409 sec) AirSystem()          Battery [183cnt, 14.2V]  Current [88cnt, 354.6mA]  Barometer [127cnt, 6.8"Hg]  Run-Time [73s]
(May 18 2015 04:37:41,  841446 sec) GetSurfaceObs()      P/O2,T2,TPhase,RPhase,RawTemp/FSig,BbSig,TSig: -0.4dbars / 398.9uM 0.685C 35.322 7.921 658.443 / 189,162,577
(May 18 2015 04:37:48,  841453 sec) GpsServices()        GPS almanac is current.
(May 18 2015 04:37:48,  841453 sec) GpsServices()        Initiating GPS fix acquisition.
(May 18 2015 04:38:07,  841472 sec) gga()                $GPGGA,043730,5400.0736,S,02105.5103,E,0,00,,,M,,M,,*41
(May 18 2015 04:38:18,  841483 sec) gga()                $GPGGA,043740,5400.0736,S,02105.5103,E,0,00,,,M,,M,,*46
(May 18 2015 04:38:28,  841494 sec) gga()                $GPGGA,043750,5400.0736,S,02105.5103,E,0,00,,,M,,M,,*47
(May 18 2015 04:38:39,  841505 sec) gga()                $GPGGA,043800,5400.0736,S,02105.5103,E,0,00,,,M,,M,,*4D
(May 18 2015 04:38:50,  841516 sec) gga()                $GPGGA,043810,5400.0736,S,02105.5103,E,0,00,,,M,,M,,*4C
(May 18 2015 04:39:01,  841526 sec) gga()                $GPGGA,043820,5400.0736,S,02105.5103,E,0,00,,,M,,M,,*4F
(May 18 2015 04:39:12,  841537 sec) gga()                $GPGGA,043830,5400.0736,S,02105.5103,E,0,00,,,M,,M,,*4E
(May 18 2015 04:39:23,  841548 sec) gga()                $GPGGA,043840,5400.0736,S,02105.5103,E,0,00,,,M,,M,,*49
(May 18 2015 04:39:33,  841559 sec) gga()                $GPGGA,043850,5400.0736,S,02105.5103,E,0,00,,,M,,M,,*48
(May 18 2015 04:39:44,  841570 sec) gga()                $GPGGA,043900,5400.0736,S,02105.5103,E,0,00,,,M,,M,,*4C
(May 18 2015 04:40:36,  841621 sec) gga()                $GPGGA,043930,5413.2174,S,02115.9154,E,1,06,1.2,-1.4,M,31.3,M,,*73
(May 18 2015 04:40:36,  841621 sec) GpsServices()        Profile 6 GPS fix obtained in 168 seconds.
(May 18 2015 04:40:36,  841622 sec) GpsServices()                  lon     lat mm/dd/yyyy hhmmss nsat
(May 18 2015 04:40:36,  841622 sec) GpsServices()        Fix:   21.265 -54.220 05/18/2015 043930    6
(May 18 2015 04:41:26,  841671 sec) gga()                $GPGGA,044020,5413.2179,S,02115.9218,E,1,11,1.0,2.7,M,31.3,M,,*53
(May 18 2015 04:41:34,  841679 sec) gga()                $GPGGA,044110,5413.2199,S,02115.9370,E,1,10,1.0,9.1,M,31.3,M,,*5C
(May 18 2015 04:41:34,  841679 sec) GpsServices()        APF9 RTC skew (24s) OK.
(May 18 2015 04:41:34,  841680 sec) GpsServices()        GPS services complete.
(May 18 2015 04:42:08,  841714 sec) CLogin()             Connecting to primary host.
(May 18 2015 04:42:24,  841730 sec) CLogin()             Connection 1 established in 16 seconds.
(May 18 2015 04:42:41,  841746 sec) login()              Login successful.
(May 18 2015 04:42:44,  841750 sec) CLogin()             Logged in to host.  [Login required 20 seconds]
(May 18 2015 04:42:57,  841762 sec) RxConfig()           Downloading "mission.cfg" from host.
(May 18 2015 04:42:59,  841765 sec) Rx()                 Initiating transfer. [0x43]
(May 18 2015 04:43:08,  841773 sec) Rx()                 Pad character [0x1a] found in ascii mode - truncating packet.
(May 18 2015 04:43:12,  841777 sec) Rx()                 Received EOT - transfer complete. [1 packets, 1024 bytes, 13 sec, 78.8 bps]
(May 18 2015 04:43:12,  841777 sec) RxConfig()           Download successful.
(May 18 2015 04:43:35,  841800 sec) WriteVitals()        Writing vitals to "9331.006.msg".
(May 18 2015 04:43:48,  841814 sec) UpLoadFile()         Uploading "9331.006.msg" to host as "9331.006.msg".
(May 18 2015 04:43:51,  841817 sec) Tx()                 CRC negotiation successful. [16-bit CRC]
(May 18 2015 04:44:14,  841839 sec) TxPacket()           NAK received - resending packet. [PktNum=0x03]
(May 18 2015 04:44:14,  841839 sec) TxPacket()           Packet xmit history: [11000001] (0:ok, 1:fail).
(May 18 2015 04:45:05,  841890 sec) TxPacket()           NAK received - resending packet. [PktNum=0x0a]
(May 18 2015 04:45:05,  841890 sec) TxPacket()           Packet xmit history: [00000001] (0:ok, 1:fail).
(May 18 2015 04:45:39,  841924 sec) TxPacket()           NAK received - resending packet. [PktNum=0x0e]
(May 18 2015 04:45:39,  841924 sec) TxPacket()           Packet xmit history: [00100001] (0:ok, 1:fail).
(May 18 2015 04:45:46,  841931 sec) TxPacket()           NAK received - resending packet. [PktNum=0x0e]
(May 18 2015 04:45:46,  841931 sec) TxPacket()           Packet xmit history: [01000011] (0:ok, 1:fail).
(May 18 2015 04:46:01,  841946 sec) TxPacket()           NAK received - resending packet. [PktNum=0x0f]
(May 18 2015 04:46:01,  841946 sec) TxPacket()           Packet xmit history: [00001101] (0:ok, 1:fail).
(May 18 2015 04:46:26,  841971 sec) TxPacket()           NAK received - resending packet. [PktNum=0x12]
(May 18 2015 04:46:26,  841971 sec) TxPacket()           Packet xmit history: [11010001] (0:ok, 1:fail).
(May 18 2015 04:46:32,  841977 sec) TxPacket()           NAK received - resending packet. [PktNum=0x12]
(May 18 2015 04:46:32,  841977 sec) TxPacket()           Packet xmit history: [10100011] (0:ok, 1:fail).
(May 18 2015 04:46:50,  841995 sec) TxPacket()           NAK received - resending packet. [PktNum=0x14]
(May 18 2015 04:46:50,  841995 sec) TxPacket()           Packet xmit history: [00011001] (0:ok, 1:fail).
(May 18 2015 04:47:17,  842022 sec) TxPacket()           NAK received - resending packet. [PktNum=0x17]
(May 18 2015 04:47:17,  842022 sec) TxPacket()           Packet xmit history: [10010001] (0:ok, 1:fail).
(May 18 2015 04:47:39,  842044 sec) TxPacket()           NAK received - resending packet. [PktNum=0x19]
(May 18 2015 04:47:39,  842044 sec) TxPacket()           Packet xmit history: [10001001] (0:ok, 1:fail).
(May 18 2015 04:47:50,  842055 sec) Tx()                 Transmission completed successfully [25 packets, 25305 bytes, 237 sec, 108.0 bps]
(May 18 2015 04:47:50,  842055 sec) UpLoadFile()         Upload successful.
(May 18 2015 04:48:03,  842068 sec) UpLoadFile()         Uploading "9331.006.log" to host as "9331.006.log".
(May 18 2015 04:48:06,  842071 sec) Tx()                 CRC negotiation successful. [16-bit CRC]
(May 18 2015 04:49:26,  842151 sec) TxPacket()           NAK received - resending packet. [PktNum=0x0b]
(May 18 2015 04:49:26,  842151 sec) TxPacket()           Packet xmit history: [00000001] (0:ok, 1:fail).
(May 18 2015 04:49:59,  842184 sec) TxPacket()           NAK received - resending packet. [PktNum=0x0e]
(May 18 2015 04:49:59,  842184 sec) TxPacket()           Packet xmit history: [00010001] (0:ok, 1:fail).
(May 18 2015 04:50:06,  842192 sec) TxPacket()           NAK received - resending packet. [PktNum=0x0e]
(May 18 2015 04:50:06,  842192 sec) TxPacket()           Packet xmit history: [00100011] (0:ok, 1:fail).
(May 18 2015 04:50:42,  842227 sec) TxPacket()           NAK received - resending packet. [PktNum=0x12]
(May 18 2015 04:50:42,  842227 sec) TxPacket()           Packet xmit history: [01100001] (0:ok, 1:fail).
(May 18 2015 04:50:56,  842241 sec) TxPacket()           NAK received - resending packet. [PktNum=0x13]
(May 18 2015 04:50:56,  842241 sec) TxPacket()           Packet xmit history: [10000101] (0:ok, 1:fail).
(May 18 2015 04:51:11,  842256 sec) TxPacket()           NAK received - resending packet. [PktNum=0x14]
(May 18 2015 04:51:11,  842256 sec) TxPacket()           Packet xmit history: [00010101] (0:ok, 1:fail).
(May 18 2015 04:51:20,  842265 sec) TxPacket()           NAK received - resending packet. [PktNum=0x15]
(May 18 2015 04:51:20,  842266 sec) TxPacket()           Packet xmit history: [01010101] (0:ok, 1:fail).
(May 18 2015 04:51:25,  842270 sec) TxPacket()           NAK received - resending packet. [PktNum=0x16]
(May 18 2015 04:51:25,  842270 sec) TxPacket()           Packet xmit history: [01010101] (0:ok, 1:fail).
(May 18 2015 04:51:53,  842299 sec) TxPacket()           NAK received - resending packet. [PktNum=0x19]
(May 18 2015 04:51:53,  842299 sec) TxPacket()           Packet xmit history: [01010001] (0:ok, 1:fail).
(May 18 2015 04:51:58,  842303 sec) TxPacket()           NAK received - resending packet. [PktNum=0x19]
(May 18 2015 04:51:58,  842303 sec) TxPacket()           Packet xmit history: [10100011] (0:ok, 1:fail).
(May 18 2015 04:52:05,  842310 sec) TxPacket()           NAK received - resending packet. [PktNum=0x19]
(May 18 2015 04:52:05,  842310 sec) TxPacket()           Packet xmit history: [01000111] (0:ok, 1:fail).
(May 18 2015 04:52:14,  842319 sec) TxPacket()           Packet xmit history: [10001110] (0:ok, 1:fail).
(May 18 2015 04:52:20,  842326 sec) TxPacket()           Invalid response [0x63] - resending packet. [PktNum=0x19]
(May 18 2015 04:52:20,  842326 sec) TxPacket()           Packet xmit history: [00011101] (0:ok, 1:fail).
(May 18 2015 04:52:22,  842328 sec) TxPacket()           Invalid response [0x5e] - resending packet. [PktNum=0x19]
(May 18 2015 04:52:23,  842328 sec) TxPacket()           Packet xmit history: [00111011] (0:ok, 1:fail).
(May 18 2015 04:52:24,  842329 sec) TxPacket()           Invalid response [0x20] - resending packet. [PktNum=0x19]
(May 18 2015 04:52:24,  842329 sec) TxPacket()           Packet xmit history: [01110111] (0:ok, 1:fail).
(May 18 2015 04:52:25,  842331 sec) TxPacket()           Invalid response [0x2e] - resending packet. [PktNum=0x19]
(May 18 2015 04:52:26,  842331 sec) TxPacket()           Packet xmit history: [11101111] (0:ok, 1:fail).
(May 18 2015 04:52:27,  842332 sec) TxPacket()           Invalid response [0x35] - resending packet. [PktNum=0x19]
(May 18 2015 04:52:27,  842332 sec) TxPacket()           Packet xmit history: [11011111] (0:ok, 1:fail).
(May 18 2015 04:52:28,  842334 sec) TxPacket()           Invalid response [0x31] - resending packet. [PktNum=0x19]
(May 18 2015 04:52:28,  842334 sec) TxPacket()           Packet xmit history: [10111111] (0:ok, 1:fail).
(May 18 2015 04:52:29,  842334 sec) TxPacket()           Exit status: -5
(May 18 2015 04:52:29,  842334 sec) Tx()                 Packet transmission failed - aborting transfer.
(May 18 2015 04:52:41,  842347 sec) UpLoadFile()         Upload failed.
(May 18 2015 04:53:02,  842368 sec) UpLoadFile()         Uploading "9331.006.log" to host as "9331.006.log".
(May 18 2015 04:54:02,  842427 sec) Tx()                 CRC negotiation failed - aborting transfer.
(May 18 2015 04:54:13,  842438 sec) UpLoadFile()         Upload failed.
(May 18 2015 04:54:13,  842438 sec) UpLoad()             Files successfully uploaded: 1
(May 18 2015 04:54:13,  842439 sec) UpLoad()             Aborting upload: Retry limit [2] exceeded. Upload incomplete.
(May 18 2015 04:54:18,  842443 sec) logout()             Log-out successful.
(May 18 2015 04:54:19,  842444 sec) Telemetry()          Telemetry cycle complete: PrfId=6 ConnectionAttempts=1  Connections=1
(May 18 2015 05:09:43,  843369 sec) AirSystem()          Battery [188cnt, 14.6V]  Current [102cnt, 411.0mA]  Barometer [127cnt, 6.8"Hg]  Run-Time [4s]
(May 18 2015 05:10:21,  843406 sec) GetSurfaceObs()      P/O2,T2,TPhase,RPhase,RawTemp/FSig,BbSig,TSig: -0.3dbars / 397.7uM 0.840C 35.257 7.921 653.753 / 101,156,577
(May 18 2015 05:10:22,  843407 sec) GpsServices()        GPS almanac is current.
(May 18 2015 05:10:22,  843407 sec) GpsServices()        Initiating GPS fix acquisition.
(May 18 2015 05:11:16,  843461 sec) gga()                $GPGGA,051010,5413.2758,S,02116.1394,E,1,09,1.0,-2.1,M,31.3,M,,*7D
(May 18 2015 05:11:16,  843461 sec) GpsServices()        Profile 6 GPS fix obtained in 54 seconds.
(May 18 2015 05:11:16,  843462 sec) GpsServices()                  lon     lat mm/dd/yyyy hhmmss nsat
(May 18 2015 05:11:16,  843462 sec) GpsServices()        Fix:   21.269 -54.221 05/18/2015 051010    9
(May 18 2015 05:12:05,  843511 sec) gga()                $GPGGA,051100,5413.2744,S,02116.1457,E,1,05,1.1,2.6,M,31.3,M,,*5F
(May 18 2015 05:12:14,  843519 sec) gga()                $GPGGA,051150,5413.2762,S,02116.1517,E,1,10,1.6,-7.6,M,31.3,M,,*70
(May 18 2015 05:12:14,  843519 sec) GpsServices()        APF9 RTC skew (24s) OK.
(May 18 2015 05:12:14,  843520 sec) GpsServices()        GPS services complete.
(May 18 2015 05:12:40,  843546 sec) CLogin()             Connecting to primary host.
(May 18 2015 05:12:53,  843558 sec) CLogin()             Connection 2 established in 13 seconds.
(May 18 2015 05:13:04,  843569 sec) login()              Login successful.
(May 18 2015 05:13:07,  843573 sec) CLogin()             Logged in to host.  [Login required 14 seconds]
(May 18 2015 05:13:20,  843585 sec) RxConfig()           Downloading "mission.cfg" from host.
(May 18 2015 05:13:23,  843588 sec) Rx()                 Initiating transfer. [0x43]
(May 18 2015 05:13:29,  843594 sec) Rx()                 Pad character [0x1a] found in ascii mode - truncating packet.
(May 18 2015 05:13:34,  843599 sec) Rx()                 Received EOT - transfer complete. [1 packets, 1024 bytes, 12 sec, 85.3 bps]
(May 18 2015 05:13:34,  843599 sec) RxConfig()           Download successful.
(May 18 2015 05:14:07,  843632 sec) UpLoadFile()         Uploading "9331.006.log" to host as "9331.006.log".
(May 18 2015 05:14:14,  843639 sec) Tx()                 CRC negotiation successful. [16-bit CRC]
(May 18 2015 05:14:28,  843653 sec) TxPacket()           NAK received - resending packet. [PktNum=0x02]
(May 18 2015 05:14:28,  843653 sec) TxPacket()           Packet xmit history: [11100001] (0:ok, 1:fail).
(May 18 2015 05:14:47,  843672 sec) TxPacket()           NAK received - resending packet. [PktNum=0x04]
(May 18 2015 05:14:47,  843672 sec) TxPacket()           Packet xmit history: [00001001] (0:ok, 1:fail).
(May 18 2015 05:15:15,  843700 sec) TxPacket()           NAK received - resending packet. [PktNum=0x07]
(May 18 2015 05:15:15,  843700 sec) TxPacket()           Packet xmit history: [10010001] (0:ok, 1:fail).
(May 18 2015 05:15:24,  843710 sec) TxPacket()           NAK received - resending packet. [PktNum=0x07]
(May 18 2015 05:15:25,  843710 sec) TxPacket()           Packet xmit history: [00100011] (0:ok, 1:fail).
(May 18 2015 05:15:39,  843725 sec) TxPacket()           NAK received - resending packet. [PktNum=0x08]
(May 18 2015 05:15:39,  843725 sec) TxPacket()           Packet xmit history: [10001101] (0:ok, 1:fail).
(May 18 2015 05:15:56,  843741 sec) TxPacket()           NAK received - resending packet. [PktNum=0x09]
(May 18 2015 05:15:56,  843742 sec) TxPacket()           Packet xmit history: [00110101] (0:ok, 1:fail).
(May 18 2015 05:16:25,  843770 sec) TxPacket()           NAK received - resending packet. [PktNum=0x0d]
(May 18 2015 05:16:25,  843770 sec) TxPacket()           Packet xmit history: [10100001] (0:ok, 1:fail).
(May 18 2015 05:16:29,  843775 sec) TxPacket()           NAK received - resending packet. [PktNum=0x0d]
(May 18 2015 05:16:30,  843775 sec) TxPacket()           Packet xmit history: [01000011] (0:ok, 1:fail).
(May 18 2015 05:16:59,  843804 sec) TxPacket()           NAK received - resending packet. [PktNum=0x10]
(May 18 2015 05:16:59,  843804 sec) TxPacket()           Packet xmit history: [00110001] (0:ok, 1:fail).
(May 18 2015 05:17:05,  843811 sec) TxPacket()           NAK received - resending packet. [PktNum=0x10]
(May 18 2015 05:17:06,  843811 sec) TxPacket()           Packet xmit history: [01100011] (0:ok, 1:fail).
(May 18 2015 05:17:14,  843819 sec) TxPacket()           NAK received - resending packet. [PktNum=0x10]
(May 18 2015 05:17:14,  843820 sec) TxPacket()           Packet xmit history: [11000111] (0:ok, 1:fail).
(May 18 2015 05:17:21,  843826 sec) TxPacket()           NAK received - resending packet. [PktNum=0x10]
(May 18 2015 05:17:21,  843827 sec) TxPacket()           Packet xmit history: [10001111] (0:ok, 1:fail).
(May 18 2015 05:17:29,  843834 sec) TxPacket()           NAK received - resending packet. [PktNum=0x10]
(May 18 2015 05:17:29,  843835 sec) TxPacket()           Packet xmit history: [00011111] (0:ok, 1:fail).
(May 18 2015 05:17:39,  843845 sec) TxPacket()           NAK received - resending packet. [PktNum=0x10]
(May 18 2015 05:17:40,  843845 sec) TxPacket()           Packet xmit history: [00111111] (0:ok, 1:fail).
(May 18 2015 05:17:42,  843848 sec) TxPacket()           No carrier detected.
(May 18 2015 05:17:43,  843848 sec) TxPacket()           Exit status: -5
(May 18 2015 05:17:43,  843848 sec) Tx()                 Packet transmission failed - aborting transfer.
(May 18 2015 05:17:54,  843859 sec) UpLoadFile()         Upload failed.
(May 18 2015 05:18:05,  843870 sec) CLogin()             Connecting to primary host.
(May 18 2015 05:18:21,  843886 sec) CLogin()             Connection 3 established in 17 seconds.
(May 18 2015 05:18:30,  843896 sec) login()              Login successful.
(May 18 2015 05:18:34,  843900 sec) CLogin()             Logged in to host.  [Login required 13 seconds]
(May 18 2015 05:18:44,  843909 sec) UpLoadFile()         Uploading "9331.006.log" to host as "9331.006.log".
(May 18 2015 05:18:47,  843913 sec) Tx()                 CRC negotiation successful. [16-bit CRC]
(May 18 2015 05:18:50,  843916 sec) TxPacket()           Invalid response [0x30] - resending packet. [PktNum=0x01]
(May 18 2015 05:18:51,  843916 sec) TxPacket()           Packet xmit history: [01111111] (0:ok, 1:fail).
(May 18 2015 05:19:19,  843944 sec) TxPacket()           NAK received - resending packet. [PktNum=0x06]
(May 18 2015 05:19:19,  843944 sec) TxPacket()           Packet xmit history: [11000001] (0:ok, 1:fail).
(May 18 2015 05:19:38,  843963 sec) TxPacket()           NAK received - resending packet. [PktNum=0x08]
(May 18 2015 05:19:38,  843964 sec) TxPacket()           Packet xmit history: [00001001] (0:ok, 1:fail).
(May 18 2015 05:20:32,  844018 sec) TxPacket()           NAK received - resending packet. [PktNum=0x0f]
(May 18 2015 05:20:33,  844018 sec) TxPacket()           Packet xmit history: [00000001] (0:ok, 1:fail).
(May 18 2015 05:21:12,  844058 sec) TxPacket()           NAK received - resending packet. [PktNum=0x13]
(May 18 2015 05:21:13,  844058 sec) TxPacket()           Packet xmit history: [00100001] (0:ok, 1:fail).
(May 18 2015 05:21:30,  844076 sec) TxPacket()           NAK received - resending packet. [PktNum=0x15]
(May 18 2015 05:21:31,  844076 sec) TxPacket()           Packet xmit history: [00001001] (0:ok, 1:fail).
(May 18 2015 05:22:04,  844110 sec) TxPacket()           NAK received - resending packet. [PktNum=0x1a]
(May 18 2015 05:22:05,  844110 sec) TxPacket()           Packet xmit history: [01000001] (0:ok, 1:fail).
(May 18 2015 05:22:13,  844119 sec) TxPacket()           NAK received - resending packet. [PktNum=0x1a]
(May 18 2015 05:22:14,  844119 sec) TxPacket()           Packet xmit history: [10000011] (0:ok, 1:fail).
(May 18 2015 05:22:18,  844124 sec) TxPacket()           NAK received - resending packet. [PktNum=0x1a]
(May 18 2015 05:22:19,  844124 sec) TxPacket()           Packet xmit history: [00000111] (0:ok, 1:fail).
(May 18 2015 05:22:47,  844153 sec) TxPacket()           NAK received - resending packet. [PktNum=0x1e]
(May 18 2015 05:22:48,  844153 sec) TxPacket()           Packet xmit history: [11100001] (0:ok, 1:fail).
(May 18 2015 05:23:31,  844196 sec) TxPacket()           NAK received - resending packet. [PktNum=0x23]
(May 18 2015 05:23:31,  844197 sec) TxPacket()           Packet xmit history: [01000001] (0:ok, 1:fail).
(May 18 2015 05:23:45,  844210 sec) TxPacket()           NAK received - resending packet. [PktNum=0x24]
(May 18 2015 05:23:45,  844210 sec) TxPacket()           Packet xmit history: [00000101] (0:ok, 1:fail).
(May 18 2015 05:23:59,  844225 sec) Tx()                 Transmission completed successfully [37 packets, 32395 bytes, 310 sec, 107.8 bps]
(May 18 2015 05:24:00,  844225 sec) UpLoadFile()         Upload successful.
(May 18 2015 05:24:10,  844235 sec) UpLoad()             Files successfully uploaded: 1
(May 18 2015 05:24:10,  844236 sec) UpLoad()             Upload complete.
(May 18 2015 05:24:16,  844241 sec) logout()             Log-out successful.
(May 18 2015 05:24:17,  844243 sec) Telemetry()          Telemetry cycle complete: PrfId=6 ConnectionAttempts=3  Connections=3
(May 18 2015 05:24:18,  844243 sec) TelemetryTerminate(  Parsing new mission configuration.
(May 18 2015 05:24:20,  844245 sec) configure()          Parsing configurators in "mission.cfg".
(May 18 2015 05:24:26,  844252 sec) configure()             TelemetryRetry(15)      [0x7BBC] [TelemetryRetry(15)].
(May 18 2015 05:24:27,  844252 sec) configure()          Configuration CRCs and syntax OK.
(May 18 2015 05:24:27,  844252 sec) ConfigSupervisor()   Sanity check violated: cfg->PressureCP >= 750
(May 18 2015 05:24:27,  844253 sec) ConfigSupervisor()   Configuration accepted.
(May 18 2015 05:24:27,  844253 sec) TelemetryTerminate(  Reconditioning the file system.
(May 18 2015 05:24:47,      11 sec) DescentInit()        Deep profile 7 initiated at mission-time 844261sec.
(May 18 2015 05:24:49,      13 sec) DescentInit()        Surface pressure: -0.4dbars.
(May 18 2015 05:24:54,      18 sec) PistonMoveAbsWTO()    168->074 167 166 165 164 163 162 161 160 159 158 157 156 155 154 153 152 151 150 149 148 147 146 145 144 143 142 141 140 139 138 137 136 135 134 133 132 131 130 129 128 127 126 125 124 123 122 121 120 119 118 117 116 115 114 113 112 111 110 109 108 107 106 105 104 103 102 101 100 099 098 097 096 095 094 093 092 091 090 089 088 087 086 085 084 083 082 081 080 079 078 077 076 075 074 [500sec, 14.0Volts, 0.145Amps, CPT:500sec]
(May 18 2015 05:33:24,     528 sec) Descent()            Pressure: 39.5
(May 18 2015 06:24:40,    3604 sec) Descent()            Pressure: 450.5
(May 18 2015 07:24:40,    7204 sec) Descent()            Pressure: 782.2
(May 18 2015 08:24:40,   10804 sec) Descent()            Pressure: 950.4
(May 18 2015 09:24:40,   14404 sec) Descent()            Pressure: 982.1
(May 18 2015 10:24:40,   18004 sec) Descent()            Pressure: 981.8
(May 18 2015 10:24:40,   18004 sec) ParkInit()           
(May 18 2015 12:24:46,   25211 sec) Park()               ParkPOutOfBand[-3, 982.4 dbars]: retract piston.
(May 18 2015 12:24:47,   25211 sec) PistonMoveAbsWTO()    074->073 073 [6sec, 15.0Volts, 0.105Amps, CPT:506sec]
(May 19 2015 22:24:47,  147611 sec) Park()               ParkPOutOfBand[3, 1010.4 dbars]: extend piston.
(May 19 2015 22:24:47,  147611 sec) PistonMoveAbsWTO()    073->074 074 [3sec, 14.7Volts, 0.504Amps, CPT:509sec]
(May 26 2015 05:24:50,  691214 sec) Park()               ParkPOutOfBand[3, 1011.3 dbars]: extend piston.
(May 26 2015 05:24:50,  691214 sec) PistonMoveAbsWTO()    074->075 075 [6sec, 14.7Volts, 0.508Amps, CPT:515sec]
(May 27 2015 13:25:01,  806425 sec) CtdPower()           [  988.18,  0.5223, 34.6787]
(May 27 2015 13:25:01,  806426 sec) CtdPower()           CTD Power consumption [195VCnt 9ACnt]: 15.116Volts * 0.036Amps = 0.55Watts.
(May 27 2015 13:25:02,  806427 sec) ParkTerminate()      Piston Position:75 Vacuum:77 Vq:197 Aq:5 Vsbe:195 Asbe:9 Vflbb:194 Aflbb:12
(May 27 2015 13:25:40,  806464 sec) ParkTerminate()      PTS/O2,T2,TPhase,RawTemp: 988.2dbars 0.5214C 34.6799PSU / 228.9uM 0.504C 42.492 7.865 663.912
(May 27 2015 13:25:40,  806464 sec) ParkTerminate()      FLBB FSig, BbSig, TSig: 52, 112, 577
(May 27 2015 13:25:41,  806465 sec) GoDeepInit()         Moving piston.
(May 27 2015 13:25:41,  806465 sec) PistonMoveAbsWTO()    075->022 074 073 072 071 070 069 068 067 066 065 064 063 062 061 060 059 058 057 056 055 054 053 052 051 050 049 048 047 046 045 044 043 042 041 040 039 038 037 036 035 034 033 032 031 030 029 028 027 026 025 024 023 022 [258sec, 14.8Volts, 0.068Amps, CPT:773sec]
(May 27 2015 16:49:40,  818704 sec) GoDeep()             Sequence point detected at 2003.4dbar.
(May 27 2015 16:49:43,  818707 sec) ProfileInit()        PrfId:007  Pressure:2003.5dbar  pTable[0]:2000dbar
(May 27 2015 16:49:53,  818717 sec) PistonMoveAbsWTO()    022->044 023 024 025 026 027 [30sec, 14.2Volts, 0.770Amps, CPT:803sec]
(May 27 2015 16:50:33,  818757 sec) PistonMoveAbsWTO()    027->044 028 029 030 031 032 [30sec, 14.0Volts, 0.774Amps, CPT:833sec]
(May 27 2015 16:51:13,  818797 sec) PistonMoveAbsWTO()    032->044 033 034 035 036 [30sec, 13.7Volts, 0.762Amps, CPT:863sec]
(May 27 2015 16:52:30,  818874 sec) Profile()            Sample 0 initiated at 2000.1dbars for bin 0 [2000dbars].  PTS/O2,T2,TPhase,RPhase,RawTemp/FSig,BbSig,TSig: 1998.1dbars 0.1156C 34.6665PSU / 239.5uM 0.097C 42.215 7.878 676.160 /   50  106  578
(May 27 2015 16:52:31,  818875 sec) PistonMoveAbsWTO()    037->044 038 039 040 041 [30sec, 13.6Volts, 0.770Amps, CPT:893sec]
(May 27 2015 16:53:11,  818915 sec) PistonMoveAbsWTO()    041->044 042 043 044 [16sec, 13.6Volts, 0.774Amps, CPT:909sec]
(May 27 2015 17:09:56,  819920 sec) Profile()            Sample 1 initiated at 1901.7dbars for bin 1 [1900dbars].  PTS/O2,T2,TPhase,RPhase,RawTemp/FSig,BbSig,TSig: 1899.4dbars 0.1455C 34.6674PSU / 239.4uM 0.127C 42.201 7.885 675.274 /   51  110  578
(May 27 2015 17:29:52,  821116 sec) Profile()            Sample 2 initiated at 1801.7dbars for bin 2 [1800dbars].  PTS/O2,T2,TPhase,RPhase,RawTemp/FSig,BbSig,TSig: 1799.8dbars 0.1729C 34.6690PSU / 238.5uM 0.154C 42.224 7.877 674.445 /   51  109  578
(May 27 2015 17:30:05,  821129 sec) AscentControlAgent(  Bouyancy nudge to 54 (v=0.079dbar/sec).
(May 27 2015 17:30:06,  821130 sec) PistonMoveAbsWTO()    044->054 045 046 047 048 049 [30sec, 14.0Volts, 0.717Amps, CPT:939sec]
(May 27 2015 17:30:46,  821170 sec) PistonMoveAbsWTO()    049->054 050 051 052 053 [30sec, 13.8Volts, 0.705Amps, CPT:969sec]
(May 27 2015 17:31:26,  821210 sec) PistonMoveAbsWTO()    053->054 054 [2sec, 13.8Volts, 0.741Amps, CPT:971sec]
(May 27 2015 17:48:01,  822205 sec) Profile()            Sample 3 initiated at 1701.6dbars for bin 3 [1700dbars].  PTS/O2,T2,TPhase,RPhase,RawTemp/FSig,BbSig,TSig: 1699.5dbars 0.2166C 34.6704PSU / 237.2uM 0.198C 42.262 7.880 673.137 /   50  107  578
(May 27 2015 17:55:16,  822640 sec) AscentControlAgent(  Bouyancy nudge to 64 (v=0.075dbar/sec).
(May 27 2015 17:55:17,  822641 sec) PistonMoveAbsWTO()    054->064 055 056 057 058 059 [30sec, 14.0Volts, 0.677Amps, CPT:1001sec]
(May 27 2015 17:55:57,  822681 sec) PistonMoveAbsWTO()    059->064 060 061 062 063 [30sec, 13.8Volts, 0.677Amps, CPT:1031sec]
(May 27 2015 18:06:48,  823332 sec) Profile()            Sample 4 initiated at 1601.3dbars for bin 4 [1600dbars].  PTS/O2,T2,TPhase,RPhase,RawTemp/FSig,BbSig,TSig: 1598.8dbars 0.2603C 34.6724PSU / 236.2uM 0.241C 42.289 7.880 671.826 /   51  111  578
(May 27 2015 18:25:12,  824436 sec) Profile()            Sample 5 initiated at 1501.4dbars for bin 5 [1500dbars].  PTS/O2,T2,TPhase,RPhase,RawTemp/FSig,BbSig,TSig: 1499.2dbars 0.3075C 34.6735PSU / 234.0uM 0.290C 42.368 7.885 670.352 /   51  110  578
(May 27 2015 18:40:31,  825355 sec) AscentControlAgent(  Bouyancy nudge to 74 (v=0.078dbar/sec).
(May 27 2015 18:40:32,  825356 sec) PistonMoveAbsWTO()    064->074 065 066 067 068 069 [30sec, 14.1Volts, 0.592Amps, CPT:1061sec]
(May 27 2015 18:41:12,  825396 sec) PistonMoveAbsWTO()    069->074 070 071 072 073 074 [29sec, 14.0Volts, 0.580Amps, CPT:1090sec]
(May 27 2015 18:44:49,  825613 sec) Profile()            Sample 6 initiated at 1401.4dbars for bin 6 [1400dbars].  PTS/O2,T2,TPhase,RPhase,RawTemp/FSig,BbSig,TSig: 1398.8dbars 0.3435C 34.6753PSU / 232.7uM 0.324C 42.416 7.900 669.346 /   50  110  578
(May 27 2015 18:53:11,  826115 sec) Profile()            Sample 7 initiated at 1351.1dbars for bin 7 [1350dbars].  PTS/O2,T2,TPhase,RPhase,RawTemp/FSig,BbSig,TSig: 1348.8dbars 0.3647C 34.6755PSU / 232.2uM 0.344C 42.427 7.892 668.732 /   50  111  578
(May 27 2015 19:02:13,  826657 sec) Profile()            Sample 8 initiated at 1301.5dbars for bin 8 [1300dbars].  PTS/O2,T2,TPhase,RPhase,RawTemp/FSig,BbSig,TSig: 1299.3dbars 0.3927C 34.6764PSU / 231.3uM 0.372C 42.454 7.907 667.881 /   51  111  578
(May 27 2015 19:12:05,  827249 sec) Profile()            Sample 9 initiated at 1251.8dbars for bin 9 [1250dbars].  PTS/O2,T2,TPhase,RPhase,RawTemp/FSig,BbSig,TSig: 1249.9dbars 0.4211C 34.6776PSU / 230.8uM 0.399C 42.461 7.888 667.059 /   50  116  578
(May 27 2015 19:15:38,  827462 sec) AscentControlAgent(  Bouyancy nudge to 84 (v=0.077dbar/sec).
(May 27 2015 19:15:39,  827463 sec) PistonMoveAbsWTO()    074->084 075 076 077 078 079 [30sec, 14.2Volts, 0.528Amps, CPT:1120sec]
(May 27 2015 19:16:19,  827503 sec) PistonMoveAbsWTO()    079->084 080 081 082 083 084 [28sec, 14.0Volts, 0.544Amps, CPT:1148sec]
(May 27 2015 19:21:14,  827798 sec) Profile()            Sample 10 initiated at 1201.6dbars for bin 10 [1200dbars].  PTS/O2,T2,TPhase,RPhase,RawTemp/FSig,BbSig,TSig: 1198.9dbars 0.4381C 34.6773PSU / 230.5uM 0.417C 42.464 7.894 666.525 /   50  114  578
(May 27 2015 19:29:26,  828290 sec) Profile()            Sample 11 initiated at 1151.5dbars for bin 11 [1150dbars].  PTS/O2,T2,TPhase,RPhase,RawTemp/FSig,BbSig,TSig: 1149.1dbars 0.4533C 34.6785PSU / 230.4uM 0.433C 42.460 7.893 666.037 /   50  110  578
(May 27 2015 19:38:18,  828822 sec) Profile()            Sample 12 initiated at 1102.0dbars for bin 12 [1100dbars].  PTS/O2,T2,TPhase,RPhase,RawTemp/FSig,BbSig,TSig: 1099.7dbars 0.4725C 34.6786PSU / 230.0uM 0.452C 42.470 7.890 665.464 /   51  114  578
(May 27 2015 19:48:00,  829404 sec) Profile()            Sample 13 initiated at 1051.5dbars for bin 13 [1050dbars].  PTS/O2,T2,TPhase,RPhase,RawTemp/FSig,BbSig,TSig: 1049.5dbars 0.4931C 34.6790PSU / 230.1uM 0.473C 42.450 7.909 664.852 /   51  115  578
(May 27 2015 19:56:25,  829909 sec) AscentControlAgent(  Bouyancy nudge to 94 (v=0.075dbar/sec).
(May 27 2015 19:56:26,  829910 sec) PistonMoveAbsWTO()    084->094 085 086 087 088 089 [30sec, 14.3Volts, 0.459Amps, CPT:1178sec]
(May 27 2015 19:57:06,  829950 sec) PistonMoveAbsWTO()    089->094 090 091 092 093 094 [27sec, 14.1Volts, 0.479Amps, CPT:1205sec]
(May 27 2015 19:58:31,  830035 sec) Profile()            Sample 14 initiated at 1002.0dbars for bin 14 [1000dbars].  PTS/O2,T2,TPhase,RPhase,RawTemp/FSig,BbSig,TSig: 999.5dbars 0.5219C 34.6795PSU / 231.3uM 0.502C 42.364 7.901 663.970 /   51  113  578
(May 27 2015 20:16:33,  831117 sec) Profile()            Sample 16 initiated at 901.5dbars for bin 16 [900dbars].  PTS/O2,T2,TPhase,RPhase,RawTemp/FSig,BbSig,TSig: 899.4dbars 0.5808C 34.6800PSU / 231.0uM 0.560C 42.340 7.901 662.227 /   50  112  578
(May 27 2015 20:32:20,  832064 sec) AscentControlAgent(  Bouyancy nudge to 104 (v=0.077dbar/sec).
(May 27 2015 20:32:21,  832065 sec) PistonMoveAbsWTO()    094->104 095 096 097 098 099 [30sec, 14.3Volts, 0.403Amps, CPT:1235sec]
(May 27 2015 20:33:02,  832106 sec) PistonMoveAbsWTO()    099->104 100 101 102 103 104 [26sec, 14.2Volts, 0.403Amps, CPT:1261sec]
(May 27 2015 20:53:49,  833353 sec) Profile()            Sample 20 initiated at 701.2dbars for bin 20 [700dbars].  PTS/O2,T2,TPhase,RPhase,RawTemp/FSig,BbSig,TSig: 699.0dbars 0.7730C 34.6857PSU / 231.7uM 0.751C 42.173 7.902 656.447 /   53  112  577
(May 27 2015 21:07:34,  834178 sec) AscentControlAgent(  Bouyancy nudge to 114 (v=0.078dbar/sec).
(May 27 2015 21:07:35,  834179 sec) PistonMoveAbsWTO()    104->114 105 106 107 108 109 [30sec, 14.3Volts, 0.342Amps, CPT:1291sec]
(May 27 2015 21:08:16,  834220 sec) PistonMoveAbsWTO()    109->114 110 111 112 113 114 [24sec, 14.3Volts, 0.351Amps, CPT:1315sec]
(May 27 2015 21:31:01,  835585 sec) Profile()            Sample 24 initiated at 501.3dbars for bin 24 [500dbars].  PTS/O2,T2,TPhase,RPhase,RawTemp/FSig,BbSig,TSig: 499.1dbars 0.8941C 34.6706PSU / 229.9uM 0.874C 42.185 7.912 652.734 /   51  117  577
(May 27 2015 21:32:39,  835683 sec) Sbe41cpStartCP()     Continuous profile started.
(May 27 2015 21:38:23,  836027 sec) AscentControlAgent(  Bouyancy nudge to 124 (v=0.080dbar/sec).
(May 27 2015 21:38:24,  836028 sec) PistonMoveAbsWTO()    114->124 115 116 117 118 119 [30sec, 14.3Volts, 0.298Amps, CPT:1345sec]
(May 27 2015 21:39:06,  836070 sec) PistonMoveAbsWTO()    119->124 120 121 122 123 124 [24sec, 14.2Volts, 0.314Amps, CPT:1369sec]
(May 27 2015 22:01:55,  837439 sec) Profile()            Sample 28 initiated at 332.0dbars for bin 28 [330dbars].  PTS/O2,T2,TPhase,RPhase,RawTemp/FSig,BbSig,TSig: 331.8dbars 1.1006C 34.6460PSU / 228.1uM 1.079C 42.141 7.924 646.515 /   53  122  577
(May 27 2015 22:03:57,  837561 sec) AscentControlAgent(  Bouyancy nudge to 134 (v=0.074dbar/sec).
(May 27 2015 22:03:58,  837562 sec) PistonMoveAbsWTO()    124->134 125 126 127 128 129 [30sec, 14.3Volts, 0.266Amps, CPT:1399sec]
(May 27 2015 22:04:40,  837604 sec) PistonMoveAbsWTO()    129->134 130 131 132 133 134 [24sec, 14.2Volts, 0.246Amps, CPT:1423sec]
(May 27 2015 22:18:36,  838440 sec) Profile()            Sample 32 initiated at 241.4dbars for bin 32 [240dbars].  PTS/O2,T2,TPhase,RPhase,RawTemp/FSig,BbSig,TSig: 241.1dbars 0.9858C 34.5645PSU / 234.2uM 0.968C 41.890 7.934 649.858 /   52  129  576
(May 27 2015 22:29:48,  839112 sec) Profile()            Sample 36 initiated at 181.7dbars for bin 36 [180dbars].  PTS/O2,T2,TPhase,RPhase,RawTemp/FSig,BbSig,TSig: 181.5dbars 0.2429C 34.4277PSU / 285.9uM 0.233C 39.880 7.894 672.060 /   53  131  577
(May 27 2015 22:34:29,  839393 sec) AscentControlAgent(  Bouyancy nudge to 144 (v=0.059dbar/sec).
(May 27 2015 22:34:30,  839394 sec) PistonMoveAbsWTO()    134->144 135 136 137 138 139 [30sec, 14.3Volts, 0.205Amps, CPT:1453sec]
(May 27 2015 22:35:27,  839451 sec) PistonMoveAbsWTO()    139->144 140 141 142 143 144 [22sec, 14.3Volts, 0.210Amps, CPT:1475sec]
(May 27 2015 22:39:35,  839699 sec) AscentControlAgent(  Bouyancy nudge to 154 (v=0.069dbar/sec).
(May 27 2015 22:39:36,  839700 sec) PistonMoveAbsWTO()    144->154 145 146 147 148 149 [30sec, 14.3Volts, 0.197Amps, CPT:1505sec]
(May 27 2015 22:40:33,  839757 sec) Profile()            Sample 40 initiated at 139.9dbars for bin 40 [140dbars].  PTS/O2,T2,TPhase,RPhase,RawTemp/FSig,BbSig,TSig: 139.7dbars 0.7242C 34.1777PSU / 366.6uM 0.702C 36.379 7.896 657.933 /   88  143  577
(May 27 2015 22:40:33,  839758 sec) PistonMoveAbsWTO()    149->154 150 151 152 153 154 [23sec, 14.2Volts, 0.205Amps, CPT:1528sec]
(May 27 2015 22:46:46,  840130 sec) Profile()            Sample 44 initiated at 101.9dbars for bin 44 [100dbars].  PTS/O2,T2,TPhase,RPhase,RawTemp/FSig,BbSig,TSig: 101.6dbars 0.7177C 34.1636PSU / 386.7uM 0.697C 35.704 7.899 658.071 /  102  143  577
(May 27 2015 22:53:19,  840523 sec) Profile()            Sample 48 initiated at 61.1dbars for bin 48 [60dbars].  PTS/O2,T2,TPhase,RPhase,RawTemp/FSig,BbSig,TSig: 60.8dbars 0.7136C 34.1583PSU / 389.6uM 0.693C 35.612 7.900 658.195 /  101  196  577
(May 27 2015 22:58:46,  840850 sec) Profile()            Sample 52 initiated at 36.1dbars for bin 52 [35dbars].  PTS/O2,T2,TPhase,RPhase,RawTemp/FSig,BbSig,TSig: 35.9dbars 0.7122C 34.1583PSU / 390.7uM 0.692C 35.580 7.898 658.222 /  110  147  576
(May 27 2015 23:03:19,  841123 sec) Profile()            Sample 56 initiated at 16.6dbars for bin 56 [15dbars].  PTS/O2,T2,TPhase,RPhase,RawTemp/FSig,BbSig,TSig: 16.3dbars 0.7131C 34.1580PSU / 391.1uM 0.693C 35.565 7.894 658.195 /  103  149  576
(May 27 2015 23:04:08,  841172 sec) Profile()            Sample 57 initiated at 11.7dbars for bin 57 [10dbars].  PTS/O2,T2,TPhase,RPhase,RawTemp/FSig,BbSig,TSig: 11.4dbars 0.7122C 34.1586PSU / 391.3uM 0.693C 35.560 7.895 658.208 /  116  147  576
(May 27 2015 23:05:08,  841232 sec) Profile()            Sample 58 initiated at 5.7dbars for bin 58 [4dbars].  PTS/O2,T2,TPhase,RPhase,RawTemp/FSig,BbSig,TSig: 5.4dbars 0.7117C 34.1584PSU / 391.5uM 0.692C 35.553 7.898 658.238 /  106  141  576
(May 27 2015 23:05:24,  841249 sec) SurfaceDetect()      SurfacePressure:-0.4dbars Pressure:3.3dbars PistonPosition:154
(May 27 2015 23:05:30,  841254 sec) sbe41cp.c:chat()     Expected string [profile stopped] not received.
(May 27 2015 23:05:31,  841255 sec) Sbe41cpStopCP()      Continuous profile stopped.
(May 27 2015 23:05:37,  841262 sec) PistonMoveAbsWTO()    154->176 155 156 157 158 159 160 161 162 163 164 165 166 167 168 169 170 171 172 173 174 175 176 [116sec, 14.3Volts, 0.153Amps, CPT:1644sec]
(May 27 2015 23:07:50,  841394 sec) sbe41cp.c:chat()     Expected string [S>] not received.
(May 27 2015 23:09:29,  841493 sec) Sbe41cpBinAverage()  Finished averaging 5603 samples in 95 seconds.
(May 27 2015 23:09:34,  841498 sec) Sbe41cpUploadCP()    Sbe41cpSerNo[5691] NSample[5603] NBin[247]
(May 27 2015 23:10:14,  841538 sec) Sbe41cpUploadCP()    Continuous profile uploaded [247 lines].

<EOT>

<EOT>
