(Jan 03 2020 22:04:16,  859179 sec) TelemetryInit()      Profile 157. (Apf9i FwRev: 061016)
(Jan 03 2020 22:11:18,  859601 sec) AirSystem()          Battery [188cnt, 14.6V]  Current [73cnt, 294.1mA]  Barometer [127cnt, 6.8"Hg]  Run-Time [50s]
(Jan 03 2020 22:11:55,  859638 sec) GetSurfaceObs()      P/O2,T2,TPhase,RPhase,RawTemp/FSig,BbSig,TSig: -0.5dbars / 242.2uM 24.442C 29.992 8.951 129.807 / 122,166,536
(Jan 03 2020 22:12:03,  859646 sec) GpsServices()        GPS almanac is current.
(Jan 03 2020 22:12:03,  859646 sec) GpsServices()        Initiating GPS fix acquisition.
(Jan 03 2020 22:12:18,  859661 sec) gga()                $GPGGA,221130,1755.7806,N,06709.2582,E,0,00,,,M,,M,,*54
(Jan 03 2020 22:12:29,  859671 sec) gga()                $GPGGA,221140,1755.7806,N,06709.2582,E,0,00,,,M,,M,,*53
(Jan 03 2020 22:12:40,  859682 sec) gga()                $GPGGA,221150,1755.7806,N,06709.2582,E,0,00,,,M,,M,,*52
(Jan 03 2020 22:12:51,  859694 sec) gga()                $GPGGA,221200,1755.7806,N,06709.2582,E,0,00,,,M,,M,,*54
(Jan 03 2020 22:13:02,  859704 sec) gga()                $GPGGA,221210,1755.7806,N,06709.2582,E,0,00,,,M,,M,,*55
(Jan 03 2020 22:13:13,  859715 sec) gga()                $GPGGA,221220,1755.7806,N,06709.2582,E,0,00,,,M,,M,,*56
(Jan 03 2020 22:13:56,  859758 sec) gga()                $GPGGA,221230,1746.0587,N,06658.1365,E,1,09,0.9,-10.2,M,-63.7,M,,*71
(Jan 03 2020 22:13:56,  859759 sec) GpsServices()        Profile 157 GPS fix obtained in 112 seconds.
(Jan 03 2020 22:13:56,  859759 sec) GpsServices()                  lon     lat mm/dd/yyyy hhmmss nsat
(Jan 03 2020 22:13:56,  859759 sec) GpsServices()        Fix:   66.969  17.768 01/03/2020 221230    9
(Jan 03 2020 22:14:42,  859805 sec) gga()                $GPGGA,221330,1746.0646,N,06658.1244,E,1,10,0.8,-8.0,M,-63.7,M,,*4E
(Jan 03 2020 22:14:50,  859813 sec) gga()                $GPGGA,221420,1746.0674,N,06658.1138,E,1,10,0.8,-6.9,M,-63.7,M,,*46
(Jan 03 2020 22:14:50,  859813 sec) GpsServices()        APF9 RTC skew (30s) OK.
(Jan 03 2020 22:14:51,  859813 sec) GpsServices()        GPS services complete.
(Jan 03 2020 22:15:16,  859839 sec) CLogin()             Connecting to primary host.
(Jan 03 2020 22:15:27,  859849 sec) CLogin()             Connection 1 established in 11 seconds.
(Jan 03 2020 22:15:35,  859858 sec) login()              Login successful.
(Jan 03 2020 22:15:40,  859863 sec) CLogin()             Logged in to host.  [Login required 13 seconds]
(Jan 03 2020 22:15:52,  859875 sec) RxConfig()           Downloading "mission.cfg" from host.
(Jan 03 2020 22:15:55,  859878 sec) Rx()                 Initiating transfer. [0x43]
(Jan 03 2020 22:16:01,  859883 sec) Rx()                 Truncated packet received - retrying.
(Jan 03 2020 22:16:06,  859889 sec) RxStartByte()        Sync errors encountered: 780
(Jan 03 2020 22:16:09,  859892 sec) Rx()                 Pad character [0x1a] found in ascii mode - truncating packet.
(Jan 03 2020 22:16:16,  859898 sec) Rx()                 Received EOT - transfer complete. [1 packets, 1024 bytes, 21 sec, 48.8 bps]
(Jan 03 2020 22:16:16,  859899 sec) RxConfig()           Download successful.
(Jan 03 2020 22:16:39,  859922 sec) WriteVitals()        Writing vitals to "7827.157.msg".
(Jan 03 2020 22:16:55,  859938 sec) UpLoadFile()         Uploading "7827.157.msg" to host as "7827.157.msg".
(Jan 03 2020 22:16:58,  859941 sec) Tx()                 CRC negotiation successful. [16-bit CRC]
(Jan 03 2020 22:17:35,  859978 sec) TxPacket()           NAK received - resending packet. [PktNum=0x06]
(Jan 03 2020 22:17:35,  859978 sec) TxPacket()           Packet xmit history: [00000001] (0:ok, 1:fail).
(Jan 03 2020 22:18:44,  860047 sec) TxPacket()           NAK received - resending packet. [PktNum=0x10]
(Jan 03 2020 22:18:44,  860047 sec) TxPacket()           Packet xmit history: [00000001] (0:ok, 1:fail).
(Jan 03 2020 22:18:57,  860060 sec) TxPacket()           NAK received - resending packet. [PktNum=0x11]
(Jan 03 2020 22:18:57,  860060 sec) TxPacket()           Packet xmit history: [00000101] (0:ok, 1:fail).
(Jan 03 2020 22:19:25,  860088 sec) TxPacket()           NAK received - resending packet. [PktNum=0x14]
(Jan 03 2020 22:19:25,  860088 sec) TxPacket()           Packet xmit history: [01010001] (0:ok, 1:fail).
(Jan 03 2020 22:19:33,  860096 sec) TxPacket()           NAK received - resending packet. [PktNum=0x14]
(Jan 03 2020 22:19:34,  860096 sec) TxPacket()           Packet xmit history: [10100011] (0:ok, 1:fail).
(Jan 03 2020 22:19:40,  860103 sec) TxPacket()           NAK received - resending packet. [PktNum=0x14]
(Jan 03 2020 22:19:40,  860103 sec) TxPacket()           Packet xmit history: [01000111] (0:ok, 1:fail).
(Jan 03 2020 22:20:04,  860127 sec) TxPacket()           NAK received - resending packet. [PktNum=0x17]
(Jan 03 2020 22:20:04,  860127 sec) TxPacket()           Packet xmit history: [01110001] (0:ok, 1:fail).
(Jan 03 2020 22:20:48,  860171 sec) TxPacket()           NAK received - resending packet. [PktNum=0x1e]
(Jan 03 2020 22:20:48,  860171 sec) TxPacket()           Packet xmit history: [00000001] (0:ok, 1:fail).
(Jan 03 2020 22:20:53,  860176 sec) TxPacket()           NAK received - resending packet. [PktNum=0x1e]
(Jan 03 2020 22:20:53,  860176 sec) TxPacket()           Packet xmit history: [00000011] (0:ok, 1:fail).
(Jan 03 2020 22:20:58,  860181 sec) TxPacket()           Invalid response [0x39] - resending packet. [PktNum=0x1f]
(Jan 03 2020 22:20:59,  860181 sec) TxPacket()           Packet xmit history: [00001101] (0:ok, 1:fail).
(Jan 03 2020 22:21:00,  860183 sec) TxPacket()           Invalid response [0x3a] - resending packet. [PktNum=0x1f]
(Jan 03 2020 22:21:00,  860183 sec) TxPacket()           Packet xmit history: [00011011] (0:ok, 1:fail).
(Jan 03 2020 22:21:01,  860184 sec) TxPacket()           Invalid response [0x20] - resending packet. [PktNum=0x1f]
(Jan 03 2020 22:21:02,  860184 sec) TxPacket()           Packet xmit history: [00110111] (0:ok, 1:fail).
(Jan 03 2020 22:21:03,  860186 sec) TxPacket()           Invalid response [0x45] - resending packet. [PktNum=0x1f]
(Jan 03 2020 22:21:03,  860186 sec) TxPacket()           Packet xmit history: [01101111] (0:ok, 1:fail).
(Jan 03 2020 22:21:05,  860188 sec) TxPacket()           Invalid response [0x31] - resending packet. [PktNum=0x1f]
(Jan 03 2020 22:21:05,  860188 sec) TxPacket()           Packet xmit history: [11011111] (0:ok, 1:fail).
(Jan 03 2020 22:21:07,  860189 sec) TxPacket()           Invalid response [0x6f] - resending packet. [PktNum=0x1f]
(Jan 03 2020 22:21:07,  860190 sec) TxPacket()           Packet xmit history: [10111111] (0:ok, 1:fail).
(Jan 03 2020 22:21:08,  860191 sec) TxPacket()           Invalid response [0x43] - resending packet. [PktNum=0x1f]
(Jan 03 2020 22:21:08,  860191 sec) TxPacket()           Packet xmit history: [01111111] (0:ok, 1:fail).
(Jan 03 2020 22:21:10,  860192 sec) TxPacket()           Invalid response [0x41] - resending packet. [PktNum=0x1f]
(Jan 03 2020 22:21:10,  860193 sec) TxPacket()           Packet xmit history: [11111111] (0:ok, 1:fail).
(Jan 03 2020 22:21:11,  860194 sec) TxPacket()           Invalid response [0x41] - resending packet. [PktNum=0x1f]
(Jan 03 2020 22:21:11,  860194 sec) TxPacket()           Packet xmit history: [11111111] (0:ok, 1:fail).
(Jan 03 2020 22:21:13,  860195 sec) TxPacket()           Invalid response [0x38] - resending packet. [PktNum=0x1f]
(Jan 03 2020 22:21:13,  860196 sec) TxPacket()           Packet xmit history: [11111111] (0:ok, 1:fail).
(Jan 03 2020 22:21:13,  860196 sec) TxPacket()           Exit status: -5
(Jan 03 2020 22:21:14,  860196 sec) Tx()                 Packet transmission failed - aborting transfer.
(Jan 03 2020 22:21:27,  860209 sec) UpLoadFile()         Upload failed.
(Jan 03 2020 22:22:05,  860247 sec) chat()               Expected string [rx -c  7827.157.log] not received.
(Jan 03 2020 22:22:05,  860248 sec) UpLoadFile()         Failed attempt to execute "rx -c  7827.157.log" on the host.
(Jan 03 2020 22:22:05,  860248 sec) UpLoad()             Files successfully uploaded: 0
(Jan 03 2020 22:22:05,  860248 sec) UpLoad()             Aborting upload: Retry limit [2] exceeded. Upload incomplete.
(Jan 03 2020 22:22:15,  860257 sec) chat()               Expected string [logout] not received.
(Jan 03 2020 22:22:15,  860257 sec) logout()             Attempt to log-out failed.
(Jan 03 2020 22:22:15,  860258 sec) logout()             No carrier detected.
(Jan 03 2020 22:22:15,  860258 sec) Telemetry()          Telemetry cycle complete: PrfId=157 ConnectionAttempts=1  Connections=1
(Jan 03 2020 22:37:30,  861172 sec) AirSystem()          Air-bladder inflation by-passed. Barometer: [126cnt, 6.5"Hg].
(Jan 03 2020 22:38:07,  861210 sec) GetSurfaceObs()      P/O2,T2,TPhase,RPhase,RawTemp/FSig,BbSig,TSig: -0.5dbars / 241.5uM 24.490C 30.006 8.914 128.233 / 130,166,536
(Jan 03 2020 22:38:15,  861218 sec) GpsServices()        GPS almanac is current.
(Jan 03 2020 22:38:15,  861218 sec) GpsServices()        Initiating GPS fix acquisition.
(Jan 03 2020 22:39:03,  861266 sec) gga()                $GPGGA,223750,1746.2144,N,06657.8393,E,6,09,0.9,-4.4,M,-63.7,M,,*42
(Jan 03 2020 22:39:46,  861309 sec) gga()                $GPGGA,223800,1746.2150,N,06657.8383,E,6,09,0.9,-6.1,M,-63.7,M,,*4B
(Jan 03 2020 22:41:12,  861395 sec) gga()                $GPGGA,224000,1746.2305,N,06657.8149,E,1,10,0.8,-4.3,M,-63.7,M,,*4C
(Jan 03 2020 22:41:13,  861396 sec) GpsServices()        Profile 157 GPS fix obtained in 177 seconds.
(Jan 03 2020 22:41:13,  861396 sec) GpsServices()                  lon     lat mm/dd/yyyy hhmmss nsat
(Jan 03 2020 22:41:13,  861396 sec) GpsServices()        Fix:   66.964  17.771 01/03/2020 224000   10
(Jan 03 2020 22:42:02,  861445 sec) gga()                $GPGGA,224050,1746.2375,N,06657.8055,E,1,10,0.8,-5.7,M,-63.7,M,,*47
(Jan 03 2020 22:42:10,  861453 sec) gga()                $GPGGA,224140,1746.2438,N,06657.7952,E,1,10,0.8,-6.0,M,-63.7,M,,*4C
(Jan 03 2020 22:42:10,  861453 sec) GpsServices()        APF9 RTC skew (30s) OK.
(Jan 03 2020 22:42:11,  861453 sec) GpsServices()        GPS services complete.
(Jan 03 2020 22:42:36,  861479 sec) CLogin()             Connecting to primary host.
(Jan 03 2020 22:42:46,  861488 sec) CLogin()             Connection 2 established in 10 seconds.
(Jan 03 2020 22:42:56,  861499 sec) login()              Login successful.
(Jan 03 2020 22:43:00,  861502 sec) CLogin()             Logged in to host.  [Login required 14 seconds]
(Jan 03 2020 22:43:12,  861514 sec) RxConfig()           Downloading "mission.cfg" from host.
(Jan 03 2020 22:43:14,  861517 sec) Rx()                 Initiating transfer. [0x43]
(Jan 03 2020 22:43:17,  861520 sec) RxStartByte()        Sync errors encountered: 81
(Jan 03 2020 22:43:20,  861523 sec) Rx()                 Pad character [0x1a] found in ascii mode - truncating packet.
(Jan 03 2020 22:43:25,  861527 sec) Rx()                 Received EOT - transfer complete. [1 packets, 1024 bytes, 11 sec, 93.1 bps]
(Jan 03 2020 22:43:25,  861528 sec) RxConfig()           Download successful.
(Jan 03 2020 22:43:48,  861551 sec) WriteVitals()        Writing vitals to "7827.157.msg".
(Jan 03 2020 22:44:04,  861567 sec) UpLoadFile()         Uploading "7827.157.msg" to host as "7827.157.msg".
(Jan 03 2020 22:44:07,  861570 sec) Tx()                 CRC negotiation successful. [16-bit CRC]
(Jan 03 2020 22:44:34,  861597 sec) TxPacket()           NAK received - resending packet. [PktNum=0x04]
(Jan 03 2020 22:44:35,  861597 sec) TxPacket()           Packet xmit history: [10000001] (0:ok, 1:fail).
(Jan 03 2020 22:45:01,  861624 sec) TxPacket()           NAK received - resending packet. [PktNum=0x07]
(Jan 03 2020 22:45:01,  861624 sec) TxPacket()           Packet xmit history: [00010001] (0:ok, 1:fail).
(Jan 03 2020 22:45:08,  861631 sec) TxPacket()           NAK received - resending packet. [PktNum=0x07]
(Jan 03 2020 22:45:08,  861631 sec) TxPacket()           Packet xmit history: [00100011] (0:ok, 1:fail).
(Jan 03 2020 22:45:13,  861636 sec) TxPacket()           NAK received - resending packet. [PktNum=0x07]
(Jan 03 2020 22:45:13,  861636 sec) TxPacket()           Packet xmit history: [01000111] (0:ok, 1:fail).
(Jan 03 2020 22:45:20,  861643 sec) TxPacket()           NAK received - resending packet. [PktNum=0x07]
(Jan 03 2020 22:45:20,  861643 sec) TxPacket()           Packet xmit history: [10001111] (0:ok, 1:fail).
(Jan 03 2020 22:46:28,  861710 sec) TxPacket()           NAK received - resending packet. [PktNum=0x13]
(Jan 03 2020 22:46:28,  861711 sec) TxPacket()           Packet xmit history: [00000001] (0:ok, 1:fail).
(Jan 03 2020 22:47:01,  861743 sec) TxPacket()           NAK received - resending packet. [PktNum=0x16]
(Jan 03 2020 22:47:01,  861743 sec) TxPacket()           Packet xmit history: [00010001] (0:ok, 1:fail).
(Jan 03 2020 22:47:26,  861769 sec) TxPacket()           NAK received - resending packet. [PktNum=0x18]
(Jan 03 2020 22:47:26,  861769 sec) TxPacket()           Packet xmit history: [10001001] (0:ok, 1:fail).
(Jan 03 2020 22:47:38,  861781 sec) TxPacket()           NAK received - resending packet. [PktNum=0x19]
(Jan 03 2020 22:47:38,  861781 sec) TxPacket()           Packet xmit history: [00100101] (0:ok, 1:fail).
(Jan 03 2020 22:47:51,  861794 sec) TxPacket()           NAK received - resending packet. [PktNum=0x1a]
(Jan 03 2020 22:47:51,  861794 sec) TxPacket()           Packet xmit history: [10010101] (0:ok, 1:fail).
(Jan 03 2020 22:47:59,  861802 sec) TxPacket()           NAK received - resending packet. [PktNum=0x1a]
(Jan 03 2020 22:47:59,  861802 sec) TxPacket()           Packet xmit history: [00101011] (0:ok, 1:fail).
(Jan 03 2020 22:48:17,  861820 sec) TxPacket()           NAK received - resending packet. [PktNum=0x1a]
(Jan 03 2020 22:48:17,  861820 sec) TxPacket()           Packet xmit history: [01010111] (0:ok, 1:fail).
(Jan 03 2020 22:48:25,  861828 sec) TxPacket()           NAK received - resending packet. [PktNum=0x1a]
(Jan 03 2020 22:48:26,  861828 sec) TxPacket()           Packet xmit history: [10101111] (0:ok, 1:fail).
(Jan 03 2020 22:48:34,  861837 sec) TxPacket()           NAK received - resending packet. [PktNum=0x1a]
(Jan 03 2020 22:48:35,  861837 sec) TxPacket()           Packet xmit history: [01011111] (0:ok, 1:fail).
(Jan 03 2020 22:48:49,  861852 sec) TxPacket()           NAK received - resending packet. [PktNum=0x1e]
(Jan 03 2020 22:48:49,  861852 sec) TxPacket()           Packet xmit history: [11100001] (0:ok, 1:fail).
(Jan 03 2020 22:49:48,  861911 sec) TxPacket()           NAK received - resending packet. [PktNum=0x27]
(Jan 03 2020 22:49:48,  861911 sec) TxPacket()           Packet xmit history: [00000001] (0:ok, 1:fail).
(Jan 03 2020 22:50:24,  861947 sec) TxPacket()           NAK received - resending packet. [PktNum=0x2c]
(Jan 03 2020 22:50:24,  861947 sec) TxPacket()           Packet xmit history: [01000001] (0:ok, 1:fail).
(Jan 03 2020 22:50:38,  861961 sec) Tx()                 Transmission completed successfully [45 packets, 37905 bytes, 390 sec, 99.8 bps]
(Jan 03 2020 22:50:38,  861961 sec) UpLoadFile()         Upload successful.
(Jan 03 2020 22:50:47,  861969 sec) UpLoadFile()         Uploading "7827.157.log" to host as "7827.157.log".
(Jan 03 2020 22:50:50,  861973 sec) Tx()                 CRC negotiation successful. [16-bit CRC]
(Jan 03 2020 22:51:00,  861983 sec) TxPacket()           NAK received - resending packet. [PktNum=0x01]
(Jan 03 2020 22:51:00,  861983 sec) TxPacket()           Packet xmit history: [00001001] (0:ok, 1:fail).
(Jan 03 2020 22:51:11,  861994 sec) TxPacket()           NAK received - resending packet. [PktNum=0x02]
(Jan 03 2020 22:51:11,  861994 sec) TxPacket()           Packet xmit history: [00100101] (0:ok, 1:fail).
(Jan 03 2020 22:51:31,  862014 sec) TxPacket()           NAK received - resending packet. [PktNum=0x04]
(Jan 03 2020 22:51:32,  862014 sec) TxPacket()           Packet xmit history: [00101001] (0:ok, 1:fail).
(Jan 03 2020 22:52:10,  862053 sec) TxPacket()           NAK received - resending packet. [PktNum=0x09]
(Jan 03 2020 22:52:11,  862053 sec) TxPacket()           Packet xmit history: [01000001] (0:ok, 1:fail).
(Jan 03 2020 22:53:16,  862119 sec) TxPacket()           NAK received - resending packet. [PktNum=0x11]
(Jan 03 2020 22:53:17,  862119 sec) TxPacket()           Packet xmit history: [00000001] (0:ok, 1:fail).
(Jan 03 2020 22:53:23,  862126 sec) TxPacket()           NAK received - resending packet. [PktNum=0x11]
(Jan 03 2020 22:53:24,  862126 sec) TxPacket()           Packet xmit history: [00000011] (0:ok, 1:fail).
(Jan 03 2020 22:53:41,  862144 sec) TxPacket()           NAK received - resending packet. [PktNum=0x13]
(Jan 03 2020 22:53:41,  862144 sec) TxPacket()           Packet xmit history: [00011001] (0:ok, 1:fail).
(Jan 03 2020 22:54:44,  862207 sec) Tx()                 Transmission completed successfully [27 packets, 27483 bytes, 233 sec, 118.7 bps]
(Jan 03 2020 22:54:45,  862208 sec) UpLoadFile()         Upload successful.
(Jan 03 2020 22:54:55,  862218 sec) UpLoad()             Files successfully uploaded: 2
(Jan 03 2020 22:54:55,  862218 sec) UpLoad()             Upload complete.
(Jan 03 2020 22:54:59,  862222 sec) logout()             Log-out successful.
(Jan 03 2020 22:55:00,  862223 sec) Telemetry()          Telemetry cycle complete: PrfId=157 ConnectionAttempts=2  Connections=2
(Jan 03 2020 22:55:01,  862224 sec) TelemetryTerminate(  Parsing new mission configuration.
(Jan 03 2020 22:55:03,  862226 sec) configure()          Parsing configurators in "mission.cfg".
(Jan 03 2020 22:55:11,  862234 sec) configure()             TelemetryRetry(15)          [0x7BBC] [TelemetryRetry(15)].
(Jan 03 2020 22:55:11,  862234 sec) configure()          Configuration CRCs and syntax OK.
(Jan 03 2020 22:55:12,  862234 sec) ConfigSupervisor()   Configuration accepted.
(Jan 03 2020 22:55:12,  862235 sec) TelemetryTerminate(  Reconditioning the file system.
(Jan 03 2020 22:55:31,      12 sec) DescentInit()        Deep profile 158 initiated at mission-time 862242sec.
(Jan 03 2020 22:55:33,      14 sec) DescentInit()        Surface pressure: -0.4dbars.
(Jan 03 2020 22:55:38,      19 sec) PistonMoveAbsWTO()    196->075 195 194 193 192 191 190 189 188 187 186 185 184 183 182 181 180 179 178 177 176 175 174 173 172 171 170 169 168 167 166 165 164 163 162 161 160 159 158 157 156 155 154 153 152 151 150 149 148 147 146 145 144 143 142 141 140 139 138 137 136 135 134 133 132 131 130 129 128 127 126 125 124 123 122 121 120 119 118 117 116 115 114 113 112 111 110 109 108 107 106 105 104 103 102 101 100 099 098 097 096 095 094 093 092 091 090 089 088 087 086 085 084 083 082 081 080 079 078 077 076 075 [613sec, 14.3Volts, 0.153Amps, CPT:613sec]
(Jan 03 2020 23:06:01,     642 sec) Descent()            Pressure: 51.9
(Jan 03 2020 23:55:23,    3604 sec) Descent()            Pressure: 451.2
(Jan 04 2020 00:55:23,    7204 sec) Descent()            Pressure: 765.9
(Jan 04 2020 01:55:23,   10804 sec) Descent()            Pressure: 949.4
(Jan 04 2020 02:55:23,   14404 sec) Descent()            Pressure: 991.5
(Jan 04 2020 03:55:23,   18004 sec) Descent()            Pressure: 997.7
(Jan 04 2020 03:55:23,   18004 sec) ParkInit()           
(Jan 13 2020 11:30:18,  822899 sec) CtdPower()           [ 1007.85,  8.6971, 35.4372]
(Jan 13 2020 11:30:18,  822899 sec) CtdPower()           CTD Power consumption [179VCnt 9ACnt]: 13.876Volts * 0.036Amps = 0.50Watts.
(Jan 13 2020 11:30:19,  822900 sec) ParkTerminate()      Piston Position:75 Vacuum:79 Vq:193 Aq:6 Vsbe:179 Asbe:9 Vflbb:173 Aflbb:12
(Jan 13 2020 11:30:56,  822937 sec) ParkTerminate()      PTS/O2,T2,TPhase,RawTemp: 1007.9dbars 8.7020C 35.4373PSU / 7.1uM 8.715C 60.749 8.238 633.331
(Jan 13 2020 11:30:56,  822937 sec) ParkTerminate()      FLBB FSig, BbSig, TSig: 59, 121, 564
(Jan 13 2020 11:30:56,  822938 sec) GoDeepInit()         Moving piston.
(Jan 13 2020 11:30:57,  822938 sec) PistonMoveAbsWTO()    075->028 074 073 072 071 070 069 068 067 066 065 064 063 062 061 060 059 058 057 056 055 054 053 052 051 050 049 048 047 046 045 044 043 042 041 040 039 038 037 036 035 034 033 032 031 030 029 028 [245sec, 13.9Volts, 0.105Amps, CPT:858sec]
(Jan 13 2020 16:29:58,  840879 sec) ProfileInit()        PrfId:158  Pressure:1988.2dbar  pTable[1]:1900dbar
(Jan 13 2020 16:31:24,  840965 sec) Sbe41cpStartCP()     Continuous profile started.
(Jan 13 2020 16:31:24,  840966 sec) PistonMoveAbsWTO()    028->050 029 030 031 032 [30sec, 12.6Volts, 0.798Amps, CPT:888sec]
(Jan 13 2020 16:32:06,  841007 sec) PistonMoveAbsWTO()    032->050 033 034 035 036 037 [30sec, 12.6Volts, 0.774Amps, CPT:918sec]
(Jan 13 2020 16:32:47,  841048 sec) PistonMoveAbsWTO()    037->050 038 039 040 041 [30sec, 12.4Volts, 0.798Amps, CPT:948sec]
(Jan 13 2020 16:33:28,  841089 sec) PistonMoveAbsWTO()    041->050 042 043 044 045 [30sec, 12.3Volts, 0.806Amps, CPT:978sec]
(Jan 13 2020 16:34:09,  841130 sec) PistonMoveAbsWTO()    045->050 046 047 048 049 [30sec, 12.2Volts, 0.782Amps, CPT:1008sec]
(Jan 13 2020 16:34:50,  841171 sec) PistonMoveAbsWTO()    049->050 050 [1sec, 12.2Volts, 0.794Amps, CPT:1009sec]
(Jan 13 2020 16:46:58,  841899 sec) Profile()            Sample 0 initiated at 1901.4dbars for bin 1 [1900dbars].  PTS/O2,T2,TPhase,RPhase,RawTemp/FSig,BbSig,TSig: 1901.0dbars 3.5142C 34.9344PSU / 90.5uM 3.526C 50.960 8.303 786.447 /   57  110  573
(Jan 13 2020 17:04:14,  842935 sec) Profile()            Sample 1 initiated at 1801.9dbars for bin 2 [1800dbars].  PTS/O2,T2,TPhase,RPhase,RawTemp/FSig,BbSig,TSig: 1801.6dbars 3.9530C 34.9723PSU / 79.1uM 3.965C 51.944 8.312 773.872 /   58  139  572
(Jan 13 2020 17:15:31,  843612 sec) AscentControlAgent(  Bouyancy nudge to 60 (v=0.074dbar/sec).
(Jan 13 2020 17:15:32,  843613 sec) PistonMoveAbsWTO()    050->060 051 052 053 054 [30sec, 13.1Volts, 0.733Amps, CPT:1039sec]
(Jan 13 2020 17:16:13,  843654 sec) PistonMoveAbsWTO()    054->060 055 056 057 058 059 [30sec, 12.8Volts, 0.701Amps, CPT:1069sec]
(Jan 13 2020 17:16:53,  843695 sec) PistonMoveAbsWTO()    059->060 060 [4sec, 12.8Volts, 0.725Amps, CPT:1073sec]
(Jan 13 2020 17:23:46,  844107 sec) Profile()            Sample 2 initiated at 1701.2dbars for bin 3 [1700dbars].  PTS/O2,T2,TPhase,RPhase,RawTemp/FSig,BbSig,TSig: 1700.9dbars 4.4979C 35.0212PSU / 64.7uM 4.509C 53.324 8.320 758.195 /   58  115  571
(Jan 13 2020 17:42:40,  845241 sec) Profile()            Sample 3 initiated at 1601.6dbars for bin 4 [1600dbars].  PTS/O2,T2,TPhase,RPhase,RawTemp/FSig,BbSig,TSig: 1601.4dbars 5.0627C 35.0719PSU / 52.7uM 5.073C 54.574 8.328 741.819 /   58  117  571
(Jan 13 2020 17:56:06,  846047 sec) AscentControlAgent(  Bouyancy nudge to 70 (v=0.076dbar/sec).
(Jan 13 2020 17:56:06,  846048 sec) PistonMoveAbsWTO()    060->070 061 062 063 064 [30sec, 13.2Volts, 0.629Amps, CPT:1103sec]
(Jan 13 2020 17:56:47,  846089 sec) PistonMoveAbsWTO()    064->070 065 066 067 068 069 [30sec, 13.0Volts, 0.653Amps, CPT:1133sec]
(Jan 13 2020 17:57:28,  846130 sec) PistonMoveAbsWTO()    069->070 070 [4sec, 13.0Volts, 0.653Amps, CPT:1137sec]
(Jan 13 2020 18:02:00,  846402 sec) Profile()            Sample 4 initiated at 1501.1dbars for bin 5 [1500dbars].  PTS/O2,T2,TPhase,RPhase,RawTemp/FSig,BbSig,TSig: 1500.8dbars 5.5384C 35.1153PSU / 43.4uM 5.552C 55.628 8.334 727.828 /   59  213  570
(Jan 13 2020 18:19:02,  847424 sec) Profile()            Sample 5 initiated at 1401.5dbars for bin 6 [1400dbars].  PTS/O2,T2,TPhase,RPhase,RawTemp/FSig,BbSig,TSig: 1401.3dbars 6.1495C 35.1739PSU / 33.9uM 6.162C 56.780 8.341 709.865 /   56  124  569
(Jan 13 2020 18:26:37,  847878 sec) AscentControlAgent(  Bouyancy nudge to 80 (v=0.076dbar/sec).
(Jan 13 2020 18:26:37,  847879 sec) PistonMoveAbsWTO()    070->080 071 072 073 074 [30sec, 13.3Volts, 0.608Amps, CPT:1167sec]
(Jan 13 2020 18:27:18,  847919 sec) PistonMoveAbsWTO()    074->080 075 076 077 078 079 [30sec, 13.2Volts, 0.588Amps, CPT:1197sec]
(Jan 13 2020 18:27:58,  847959 sec) PistonMoveAbsWTO()    079->080 080 [3sec, 13.1Volts, 0.576Amps, CPT:1200sec]
(Jan 13 2020 18:29:16,  848038 sec) Profile()            Sample 6 initiated at 1351.6dbars for bin 7 [1350dbars].  PTS/O2,T2,TPhase,RPhase,RawTemp/FSig,BbSig,TSig: 1351.3dbars 6.5330C 35.2121PSU / 28.5uM 6.547C 57.498 8.344 698.485 /   58  121  568
(Jan 13 2020 18:37:56,  848558 sec) Profile()            Sample 7 initiated at 1301.5dbars for bin 8 [1300dbars].  PTS/O2,T2,TPhase,RPhase,RawTemp/FSig,BbSig,TSig: 1301.2dbars 6.8419C 35.2414PSU / 23.8uM 6.857C 58.149 8.346 689.268 /   59  116  568
(Jan 13 2020 18:47:04,  849106 sec) Profile()            Sample 8 initiated at 1251.2dbars for bin 9 [1250dbars].  PTS/O2,T2,TPhase,RPhase,RawTemp/FSig,BbSig,TSig: 1250.9dbars 7.1770C 35.2739PSU / 19.9uM 7.190C 58.718 8.345 679.323 /   58  117  567
(Jan 13 2020 18:55:54,  849635 sec) Profile()            Sample 9 initiated at 1201.9dbars for bin 10 [1200dbars].  PTS/O2,T2,TPhase,RPhase,RawTemp/FSig,BbSig,TSig: 1201.6dbars 7.4188C 35.2983PSU / 17.4uM 7.436C 59.088 8.344 671.945 /   58  122  567
(Jan 13 2020 19:05:14,  850195 sec) Profile()            Sample 10 initiated at 1151.7dbars for bin 11 [1150dbars].  PTS/O2,T2,TPhase,RPhase,RawTemp/FSig,BbSig,TSig: 1151.4dbars 7.6789C 35.3244PSU / 15.0uM 7.696C 59.465 8.343 664.144 /   59  116  566
(Jan 13 2020 19:12:29,  850630 sec) AscentControlAgent(  Bouyancy nudge to 90 (v=0.071dbar/sec).
(Jan 13 2020 19:12:29,  850630 sec) PistonMoveAbsWTO()    080->090 081 082 083 084 [30sec, 13.4Volts, 0.520Amps, CPT:1230sec]
(Jan 13 2020 19:13:09,  850670 sec) PistonMoveAbsWTO()    085->090 086 087 088 089 [30sec, 13.3Volts, 0.496Amps, CPT:1260sec]
(Jan 13 2020 19:13:49,  850710 sec) PistonMoveAbsWTO()    089->090 090 [2sec, 13.3Volts, 0.520Amps, CPT:1262sec]
(Jan 13 2020 19:15:56,  850837 sec) Profile()            Sample 11 initiated at 1101.1dbars for bin 12 [1100dbars].  PTS/O2,T2,TPhase,RPhase,RawTemp/FSig,BbSig,TSig: 1100.9dbars 8.0981C 35.3704PSU / 11.7uM 8.117C 59.972 8.342 651.462 /   59  118  566
(Jan 13 2020 19:25:26,  851407 sec) Profile()            Sample 12 initiated at 1051.4dbars for bin 13 [1050dbars].  PTS/O2,T2,TPhase,RPhase,RawTemp/FSig,BbSig,TSig: 1051.1dbars 8.5282C 35.4172PSU / 8.7uM 8.549C 60.480 8.345 638.398 /   59  117  565
(Jan 13 2020 19:35:26,  852007 sec) Profile()            Sample 13 initiated at 1001.8dbars for bin 14 [1000dbars].  PTS/O2,T2,TPhase,RPhase,RawTemp/FSig,BbSig,TSig: 1001.6dbars 8.9327C 35.4617PSU / 6.3uM 8.957C 60.877 8.347 625.967 /   59  115  564
(Jan 13 2020 19:54:16,  853137 sec) Profile()            Sample 15 initiated at 901.8dbars for bin 16 [900dbars].  PTS/O2,T2,TPhase,RPhase,RawTemp/FSig,BbSig,TSig: 901.5dbars 9.6031C 35.5302PSU / 3.2uM 9.628C 61.430 8.359 605.451 /   58  113  563
(Jan 13 2020 19:58:09,  853370 sec) AscentControlAgent(  Bouyancy nudge to 100 (v=0.074dbar/sec).
(Jan 13 2020 19:58:09,  853370 sec) PistonMoveAbsWTO()    090->100 091 092 093 094 095 [30sec, 13.6Volts, 0.431Amps, CPT:1292sec]
(Jan 13 2020 19:58:49,  853410 sec) PistonMoveAbsWTO()    095->100 096 097 098 099 100 [29sec, 13.5Volts, 0.431Amps, CPT:1321sec]
(Jan 13 2020 20:18:28,  854589 sec) AscentControlAgent(  Bouyancy nudge to 110 (v=0.079dbar/sec).
(Jan 13 2020 20:18:28,  854589 sec) PistonMoveAbsWTO()    100->110 101 102 103 104 105 [30sec, 13.6Volts, 0.407Amps, CPT:1351sec]
(Jan 13 2020 20:19:08,  854629 sec) PistonMoveAbsWTO()    105->110 106 107 108 109 110 [29sec, 13.6Volts, 0.391Amps, CPT:1380sec]
(Jan 13 2020 20:31:31,  855372 sec) Profile()            Sample 19 initiated at 701.9dbars for bin 20 [700dbars].  PTS/O2,T2,TPhase,RPhase,RawTemp/FSig,BbSig,TSig: 701.6dbars 11.0586C 35.6449PSU / 1.6uM 11.086C 61.646 8.424 560.370 /   56  111  561
(Jan 13 2020 21:04:11,  857332 sec) AscentControlAgent(  Bouyancy nudge to 120 (v=0.065dbar/sec).
(Jan 13 2020 21:04:11,  857332 sec) PistonMoveAbsWTO()    110->120 111 112 113 114 115 [30sec, 13.8Volts, 0.326Amps, CPT:1410sec]
(Jan 13 2020 21:04:51,  857372 sec) PistonMoveAbsWTO()    115->120 116 117 118 119 120 [27sec, 13.7Volts, 0.322Amps, CPT:1437sec]
(Jan 13 2020 21:09:13,  857634 sec) Profile()            Sample 23 initiated at 501.5dbars for bin 24 [500dbars].  PTS/O2,T2,TPhase,RPhase,RawTemp/FSig,BbSig,TSig: 501.3dbars 12.3103C 35.7250PSU / 1.1uM 12.348C 61.664 8.494 520.896 /   58  115  559
(Jan 13 2020 21:09:16,  857637 sec) AscentControlAgent(  Bouyancy nudge to 130 (v=0.080dbar/sec).
(Jan 13 2020 21:09:16,  857637 sec) PistonMoveAbsWTO()    120->130 121 122 123 124 125 [30sec, 13.7Volts, 0.310Amps, CPT:1467sec]
(Jan 13 2020 21:09:56,  857677 sec) PistonMoveAbsWTO()    125->130 126 127 128 129 130 [26sec, 13.7Volts, 0.306Amps, CPT:1493sec]
(Jan 13 2020 21:37:13,  859314 sec) Profile()            Sample 27 initiated at 331.4dbars for bin 28 [330dbars].  PTS/O2,T2,TPhase,RPhase,RawTemp/FSig,BbSig,TSig: 331.1dbars 13.5569C 35.6813PSU / 1.0uM 13.593C 61.593 8.509 481.515 /   58  135  557
(Jan 13 2020 21:50:10,  860091 sec) AscentControlAgent(  Bouyancy nudge to 140 (v=0.066dbar/sec).
(Jan 13 2020 21:50:10,  860091 sec) PistonMoveAbsWTO()    130->140 131 132 133 134 135 [30sec, 13.9Volts, 0.242Amps, CPT:1523sec]
(Jan 13 2020 21:50:50,  860131 sec) PistonMoveAbsWTO()    135->140 136 137 138 139 140 [25sec, 13.9Volts, 0.250Amps, CPT:1548sec]
(Jan 13 2020 21:55:25,  860406 sec) Profile()            Sample 31 initiated at 241.7dbars for bin 32 [240dbars].  PTS/O2,T2,TPhase,RPhase,RawTemp/FSig,BbSig,TSig: 241.4dbars 15.3489C 35.7809PSU / 0.9uM 15.371C 61.480 8.588 424.699 /   57  160  555
(Jan 13 2020 22:07:42,  861143 sec) Profile()            Sample 35 initiated at 181.7dbars for bin 36 [180dbars].  PTS/O2,T2,TPhase,RPhase,RawTemp/FSig,BbSig,TSig: 181.5dbars 17.7465C 35.9100PSU / 0.8uM 17.765C 61.324 8.751 347.344 /   58  145  552
(Jan 13 2020 22:10:45,  861326 sec) AscentControlAgent(  Bouyancy nudge to 150 (v=0.049dbar/sec).
(Jan 13 2020 22:10:45,  861326 sec) PistonMoveAbsWTO()    140->150 141 142 143 144 145 [30sec, 14.0Volts, 0.218Amps, CPT:1578sec]
(Jan 13 2020 22:11:40,  861381 sec) PistonMoveAbsWTO()    145->150 146 147 148 149 150 [25sec, 14.0Volts, 0.214Amps, CPT:1603sec]
(Jan 13 2020 22:17:22,  861723 sec) Profile()            Sample 39 initiated at 141.7dbars for bin 40 [140dbars].  PTS/O2,T2,TPhase,RPhase,RawTemp/FSig,BbSig,TSig: 141.5dbars 19.9614C 36.0423PSU / 2.1uM 19.976C 60.770 8.829 275.357 /   55  106  549
(Jan 13 2020 22:20:50,  861931 sec) AscentControlAgent(  Bouyancy nudge to 160 (v=0.064dbar/sec).
(Jan 13 2020 22:20:50,  861931 sec) PistonMoveAbsWTO()    150->160 151 152 153 154 155 [30sec, 14.0Volts, 0.197Amps, CPT:1633sec]
(Jan 13 2020 22:21:30,  861971 sec) PistonMoveAbsWTO()    155->160 156 157 158 159 160 [24sec, 14.0Volts, 0.201Amps, CPT:1657sec]
(Jan 13 2020 22:27:31,  862332 sec) Profile()            Sample 43 initiated at 101.6dbars for bin 44 [100dbars].  PTS/O2,T2,TPhase,RPhase,RawTemp/FSig,BbSig,TSig: 101.5dbars 22.5608C 36.0981PSU / 44.2uM 22.559C 49.924 8.904 191.055 /   55  110  545
(Jan 13 2020 22:36:19,  862861 sec) AscentControlAgent(  Bouyancy nudge to 165 (v=0.039dbar/sec).
(Jan 13 2020 22:36:20,  862861 sec) PistonMoveAbsWTO()    160->165 161 162 163 164 165 [26sec, 14.0Volts, 0.193Amps, CPT:1683sec]
(Jan 13 2020 22:41:23,  863165 sec) AscentControlAgent(  Bouyancy nudge to 170 (v=0.016dbar/sec).
(Jan 13 2020 22:41:24,  863165 sec) PistonMoveAbsWTO()    165->170 166 167 168 169 170 [26sec, 14.0Volts, 0.189Amps, CPT:1709sec]
(Jan 13 2020 22:46:58,  863499 sec) Profile()            Sample 47 initiated at 61.7dbars for bin 48 [60dbars].  PTS/O2,T2,TPhase,RPhase,RawTemp/FSig,BbSig,TSig: 61.5dbars 26.2694C 36.3925PSU / 207.5uM 26.279C 31.031 8.986 70.433 /  215  474  539
(Jan 13 2020 22:54:04,  863925 sec) Profile()            Sample 51 initiated at 36.8dbars for bin 52 [35dbars].  PTS/O2,T2,TPhase,RPhase,RawTemp/FSig,BbSig,TSig: 36.7dbars 26.3127C 36.3988PSU / 220.8uM 26.330C 30.301 8.975 68.799 /  204  190  537
(Jan 13 2020 22:59:31,  864252 sec) Profile()            Sample 55 initiated at 16.9dbars for bin 56 [15dbars].  PTS/O2,T2,TPhase,RPhase,RawTemp/FSig,BbSig,TSig: 16.7dbars 26.3072C 36.4034PSU / 222.2uM 26.322C 30.231 8.967 69.029 /  228  253  536
(Jan 13 2020 23:00:52,  864333 sec) Profile()            Sample 56 initiated at 11.8dbars for bin 57 [10dbars].  PTS/O2,T2,TPhase,RPhase,RawTemp/FSig,BbSig,TSig: 11.6dbars 26.3038C 36.4030PSU / 222.2uM 26.319C 30.230 8.966 69.125 /  262  286  536
(Jan 13 2020 23:02:38,  864439 sec) Profile()            Sample 57 initiated at 5.9dbars for bin 58 [4dbars].  PTS/O2,T2,TPhase,RPhase,RawTemp/FSig,BbSig,TSig: 5.8dbars 26.3045C 36.4041PSU / 223.0uM 26.321C 30.190 8.962 69.080 /  274  242  536
(Jan 13 2020 23:03:05,  864466 sec) Profile()            Sample 58 initiated at 4.6dbars for bin 58 [4dbars].  PTS/O2,T2,TPhase,RPhase,RawTemp/FSig,BbSig,TSig: 4.4dbars 26.3037C 36.4041PSU / 222.7uM 26.321C 30.204 8.963 69.077 /  250  322  536
(Jan 13 2020 23:03:20,  864481 sec) SurfaceDetect()      SurfacePressure:-0.4dbars Pressure:3.1dbars PistonPosition:170
(Jan 13 2020 23:03:20,  864482 sec) Sbe41cpStopCP()      Continuous profile stopped.
(Jan 13 2020 23:03:28,  864489 sec) PistonMoveAbsWTO()    170->192 171 172 173 174 175 176 177 178 179 180 181 182 183 184 185 186 187 188 189 190 191 192 [115sec, 14.2Volts, 0.149Amps, CPT:1824sec]
(Jan 13 2020 23:05:41,  864622 sec) sbe41cp.c:chat()     Expected string [S>] not received.
(Jan 13 2020 23:09:00,  864821 sec) Sbe41cpBinAverage()  Finished averaging 23545 samples in 194 seconds.
(Jan 13 2020 23:09:05,  864826 sec) Sbe41cpUploadCP()    Sbe41cpSerNo[08355] NSample[23545] NBin[995]
(Jan 13 2020 23:11:04,  864945 sec) Sbe41cpUploadCP()    Continuous profile uploaded [995 lines].

<EOT>

<EOT>
