(Jul 16 2017 09:40:56,  848972 sec) TelemetryInit()      Profile 30. (Apf9i FwRev: 061016)
(Jul 16 2017 09:47:55,  849391 sec) AirSystem()          Battery [188cnt, 14.6V]  Current [78cnt, 314.3mA]  Barometer [127cnt, 6.8"Hg]  Run-Time [49s]
(Jul 16 2017 09:48:33,  849429 sec) GetSurfaceObs()      P/O2,T2,TPhase,RPhase,RawTemp/FSig,BbSig,TSig: -0.4dbars / 227.8uM 28.046C 29.292 9.004 13.832 / 109,283,533
(Jul 16 2017 09:48:40,  849436 sec) GpsServices()        GPS almanac is current.
(Jul 16 2017 09:48:40,  849436 sec) GpsServices()        Initiating GPS fix acquisition.
(Jul 16 2017 09:48:55,  849451 sec) gga()                $GPGGA,094820,1625.6042,N,06551.9822,E,0,00,,,M,,M,,*5C
(Jul 16 2017 09:49:06,  849462 sec) gga()                $GPGGA,094820,1625.6042,N,06551.9822,E,0,00,,,M,,M,,*5C
(Jul 16 2017 09:49:17,  849473 sec) gga()                $GPGGA,094830,1625.6042,N,06551.9822,E,0,00,,,M,,M,,*5D
(Jul 16 2017 09:49:28,  849484 sec) gga()                $GPGGA,094850,1625.6042,N,06551.9822,E,0,00,,,M,,M,,*5B
(Jul 16 2017 09:49:39,  849495 sec) gga()                $GPGGA,094900,1625.6042,N,06551.9822,E,0,00,,,M,,M,,*5F
(Jul 16 2017 09:49:50,  849506 sec) gga()                $GPGGA,094910,1625.6042,N,06551.9822,E,0,00,,,M,,M,,*5E
(Jul 16 2017 09:50:01,  849517 sec) gga()                $GPGGA,094920,1625.6042,N,06551.9822,E,0,00,,,M,,M,,*5D
(Jul 16 2017 09:50:12,  849528 sec) gga()                $GPGGA,094930,1625.6042,N,06551.9822,E,0,00,,,M,,M,,*5C
(Jul 16 2017 09:50:18,  849534 sec) gga()                $GPGGA,094940,1625.6042,N,06551.9822,E,0,00,,,M,,M,,*5B
(Jul 16 2017 09:50:21,  849537 sec) gga()                $GPGGA,094950,1625.6042,N,06551.9822,E,0,00,,,M,,M,,*5A
(Jul 16 2017 09:50:32,  849548 sec) gga()                $GPGGA,095000,1625.6042,N,06551.9822,E,0,00,,,M,,M,,*57
(Jul 16 2017 09:51:59,  849635 sec) gga()                $GPGGA,095100,1632.1803,N,06546.5243,E,1,10,0.8,8.2,M,-64.1,M,,*6F
(Jul 16 2017 09:51:59,  849635 sec) GpsServices()        Profile 30 GPS fix obtained in 199 seconds.
(Jul 16 2017 09:52:00,  849636 sec) GpsServices()                  lon     lat mm/dd/yyyy hhmmss nsat
(Jul 16 2017 09:52:00,  849636 sec) GpsServices()        Fix:   65.775  16.536 07/16/2017 095100   10
(Jul 16 2017 09:52:49,  849685 sec) gga()                $GPGGA,095150,1632.1816,N,06546.5261,E,1,10,0.8,8.9,M,-64.1,M,,*65
(Jul 16 2017 09:52:57,  849693 sec) gga()                $GPGGA,095240,1632.1811,N,06546.5257,E,1,10,0.8,11.5,M,-64.1,M,,*51
(Jul 16 2017 09:52:57,  849693 sec) GpsServices()        APF9 RTC skew (17s) OK.
(Jul 16 2017 09:53:07,  849702 sec) LogNmeaSentences()   $GPRMC,095250,A,1632.1827,N,06546.5263,E,001.3,026.4,160717,000.6,W*64
(Jul 16 2017 09:53:07,  849703 sec) LogNmeaSentences()   $GPGGA,095250,1632.1827,N,06546.5263,E,1,10,0.8,9.1,M,-64.1,M,,*6F
(Jul 16 2017 09:53:08,  849704 sec) LogNmeaSentences()   $GPGSA,A,3,02,05,12,13,15,19,20,,24,25,29,,1.1,0.8,0.7*3F
(Jul 16 2017 09:53:09,  849704 sec) LogNmeaSentences()   $GPGSV,3,1,12,02,39,020,48,05,65,099,49,12,86,024,50,13,07,148,36*76
(Jul 16 2017 09:53:09,  849705 sec) LogNmeaSentences()   $GPGSV,3,2,12,15,08,183,32,19,05,089,40,20,47,193,45,21,08,247,28*7F
(Jul 16 2017 09:53:10,  849706 sec) LogNmeaSentences()   $GPGSV,3,3,12,24,25,211,38,25,47,324,50,29,19,316,47,06,01,045,00*74
(Jul 16 2017 09:53:16,  849712 sec) LogNmeaSentences()   $GPRMC,095300,A,1632.1816,N,06546.5255,E,000.0,266.3,160717,000.6,W*64
(Jul 16 2017 09:53:17,  849713 sec) LogNmeaSentences()   $GPGGA,095300,1632.1816,N,06546.5255,E,1,09,0.9,5.7,M,-64.1,M,,*6F
(Jul 16 2017 09:53:18,  849714 sec) LogNmeaSentences()   $GPGSA,A,3,02,05,12,,15,19,20,,24,25,29,,1.2,0.9,0.7*3F
(Jul 16 2017 09:53:18,  849714 sec) LogNmeaSentences()   $GPGSV,3,1,12,02,39,020,45,05,65,099,48,12,87,026,50,13,07,148,25*7B
(Jul 16 2017 09:53:19,  849715 sec) LogNmeaSentences()   $GPGSV,3,2,12,15,08,182,36,19,05,089,19,20,47,193,45,21,08,247,34*7B
(Jul 16 2017 09:53:20,  849716 sec) LogNmeaSentences()   $GPGSV,3,3,12,24,25,211,41,25,47,324,45,29,19,316,38,06,01,045,00*76
(Jul 16 2017 09:53:20,  849716 sec) LogNmeaSentences()   $PGRMT,GPS 15x-L software ver. 4.00,,,,,,,,*73
(Jul 16 2017 09:53:26,  849722 sec) LogNmeaSentences()   $GPRMC,095310,A,1632.1815,N,06546.5271,E,000.0,046.5,160717,000.6,W*66
(Jul 16 2017 09:53:27,  849723 sec) LogNmeaSentences()   $GPGGA,095310,1632.1815,N,06546.5271,E,1,10,0.9,5.9,M,-64.1,M,,*6D
(Jul 16 2017 09:53:28,  849724 sec) GpsServices()        GPS services complete.
(Jul 16 2017 09:54:01,  849757 sec) CLogin()             Connecting to primary host.
(Jul 16 2017 09:54:33,  849789 sec) CLogin()             Connection 1 established in 32 seconds.
(Jul 16 2017 09:55:03,  849818 sec) expect()             Attempt to read prompt string [login:] failed.
(Jul 16 2017 09:55:03,  849819 sec) login()              Login prompt not received.
(Jul 16 2017 09:55:29,  849844 sec) login()              Login successful.
(Jul 16 2017 09:55:34,  849850 sec) CLogin()             Logged in to host.  [Login required 61 seconds]
(Jul 16 2017 09:55:51,  849867 sec) RxConfig()           Downloading "mission.cfg" from host.
(Jul 16 2017 09:55:54,  849870 sec) Rx()                 Initiating transfer. [0x43]
(Jul 16 2017 09:56:03,  849878 sec) Rx()                 Truncated packet received - retrying.
(Jul 16 2017 09:56:16,  849891 sec) RxStartByte()        Sync errors encountered: 279
(Jul 16 2017 09:56:16,  849892 sec) Rx()                 Re-initiating transfer. [0x43]
(Jul 16 2017 09:56:19,  849895 sec) RxStartByte()        Sync errors encountered: 502
(Jul 16 2017 09:56:21,  849897 sec) Rx()                 Pad character [0x1a] found in ascii mode - truncating packet.
(Jul 16 2017 09:56:24,  849899 sec) Rx()                 Truncated packet received - retrying.
(Jul 16 2017 09:56:27,  849903 sec) RxStartByte()        Sync errors encountered: 831
(Jul 16 2017 09:56:30,  849905 sec) Rx()                 False EOT packet detected - ignoring.
(Jul 16 2017 09:56:37,  849912 sec) Rx()                 Received EOT - transfer complete. [1 packets, 1024 bytes, 21 sec, 48.8 bps]
(Jul 16 2017 09:56:37,  849913 sec) RxConfig()           Download successful.
(Jul 16 2017 09:57:00,  849936 sec) WriteVitals()        Writing vitals to "7827.030.msg".
(Jul 16 2017 09:57:13,  849949 sec) UpLoadFile()         Uploading "7827.030.msg" to host as "7827.030.msg".
(Jul 16 2017 09:57:16,  849952 sec) Tx()                 CRC negotiation successful. [16-bit CRC]
(Jul 16 2017 09:57:46,  849982 sec) TxPacket()           NAK received - resending packet. [PktNum=0x04]
(Jul 16 2017 09:57:46,  849982 sec) TxPacket()           Packet xmit history: [10000001] (0:ok, 1:fail).
(Jul 16 2017 09:58:01,  849997 sec) TxPacket()           NAK received - resending packet. [PktNum=0x04]
(Jul 16 2017 09:58:02,  849998 sec) TxPacket()           Packet xmit history: [00000011] (0:ok, 1:fail).
(Jul 16 2017 09:58:42,  850038 sec) TxPacket()           NAK received - resending packet. [PktNum=0x09]
(Jul 16 2017 09:58:42,  850038 sec) TxPacket()           Packet xmit history: [11000001] (0:ok, 1:fail).
(Jul 16 2017 09:59:19,  850075 sec) TxPacket()           NAK received - resending packet. [PktNum=0x0d]
(Jul 16 2017 09:59:19,  850075 sec) TxPacket()           Packet xmit history: [00100001] (0:ok, 1:fail).
(Jul 16 2017 09:59:51,  850107 sec) TxPacket()           NAK received - resending packet. [PktNum=0x10]
(Jul 16 2017 09:59:51,  850107 sec) TxPacket()           Packet xmit history: [00010001] (0:ok, 1:fail).
(Jul 16 2017 09:59:57,  850113 sec) TxPacket()           NAK received - resending packet. [PktNum=0x10]
(Jul 16 2017 09:59:57,  850113 sec) TxPacket()           Packet xmit history: [00100011] (0:ok, 1:fail).
(Jul 16 2017 10:00:30,  850146 sec) TxPacket()           NAK received - resending packet. [PktNum=0x14]
(Jul 16 2017 10:00:30,  850146 sec) TxPacket()           Packet xmit history: [01100001] (0:ok, 1:fail).
(Jul 16 2017 10:00:51,  850167 sec) TxPacket()           NAK received - resending packet. [PktNum=0x16]
(Jul 16 2017 10:00:51,  850167 sec) TxPacket()           Packet xmit history: [00001001] (0:ok, 1:fail).
(Jul 16 2017 10:00:57,  850173 sec) TxPacket()           NAK received - resending packet. [PktNum=0x16]
(Jul 16 2017 10:00:57,  850173 sec) TxPacket()           Packet xmit history: [00010011] (0:ok, 1:fail).
(Jul 16 2017 10:01:25,  850201 sec) Tx()                 Transmission completed successfully [25 packets, 25313 bytes, 248 sec, 103.2 bps]
(Jul 16 2017 10:01:25,  850201 sec) UpLoadFile()         Upload successful.
(Jul 16 2017 10:01:34,  850210 sec) UpLoadFile()         Uploading "7827.030.log" to host as "7827.030.log".
(Jul 16 2017 10:01:37,  850213 sec) Tx()                 CRC negotiation successful. [16-bit CRC]
(Jul 16 2017 10:01:40,  850216 sec) TxPacket()           Invalid response [0x75] - resending packet. [PktNum=0x01]
(Jul 16 2017 10:01:40,  850216 sec) TxPacket()           Packet xmit history: [01100001] (0:ok, 1:fail).
(Jul 16 2017 10:01:41,  850217 sec) TxPacket()           Invalid response [0x20] - resending packet. [PktNum=0x01]
(Jul 16 2017 10:01:42,  850217 sec) TxPacket()           Packet xmit history: [11000011] (0:ok, 1:fail).
(Jul 16 2017 10:01:48,  850224 sec) TxPacket()           NAK received - resending packet. [PktNum=0x02]
(Jul 16 2017 10:01:48,  850224 sec) TxPacket()           Packet xmit history: [00001101] (0:ok, 1:fail).
(Jul 16 2017 10:02:41,  850277 sec) TxPacket()           NAK received - resending packet. [PktNum=0x02]
(Jul 16 2017 10:02:41,  850277 sec) TxPacket()           Packet xmit history: [00011011] (0:ok, 1:fail).
(Jul 16 2017 10:02:48,  850284 sec) TxPacket()           NAK received - resending packet. [PktNum=0x02]
(Jul 16 2017 10:02:48,  850284 sec) TxPacket()           Packet xmit history: [00110111] (0:ok, 1:fail).
(Jul 16 2017 10:03:03,  850299 sec) TxPacket()           NAK received - resending packet. [PktNum=0x05]
(Jul 16 2017 10:03:03,  850299 sec) TxPacket()           Packet xmit history: [01110001] (0:ok, 1:fail).
(Jul 16 2017 10:03:13,  850309 sec) TxPacket()           NAK received - resending packet. [PktNum=0x06]
(Jul 16 2017 10:03:13,  850309 sec) TxPacket()           Packet xmit history: [11000101] (0:ok, 1:fail).
(Jul 16 2017 10:04:01,  850357 sec) TxPacket()           NAK received - resending packet. [PktNum=0x0c]
(Jul 16 2017 10:04:01,  850357 sec) TxPacket()           Packet xmit history: [10000001] (0:ok, 1:fail).
(Jul 16 2017 10:04:17,  850373 sec) TxPacket()           NAK received - resending packet. [PktNum=0x0d]
(Jul 16 2017 10:04:17,  850373 sec) TxPacket()           Packet xmit history: [00000101] (0:ok, 1:fail).
(Jul 16 2017 10:04:41,  850397 sec) TxPacket()           NAK received - resending packet. [PktNum=0x10]
(Jul 16 2017 10:04:41,  850397 sec) TxPacket()           Packet xmit history: [01010001] (0:ok, 1:fail).
(Jul 16 2017 10:04:57,  850413 sec) TxPacket()           NAK received - resending packet. [PktNum=0x12]
(Jul 16 2017 10:04:57,  850413 sec) TxPacket()           Packet xmit history: [10001001] (0:ok, 1:fail).
(Jul 16 2017 10:05:22,  850438 sec) TxPacket()           NAK received - resending packet. [PktNum=0x15]
(Jul 16 2017 10:05:22,  850438 sec) TxPacket()           Packet xmit history: [10010001] (0:ok, 1:fail).
(Jul 16 2017 10:05:27,  850443 sec) TxPacket()           NAK received - resending packet. [PktNum=0x15]
(Jul 16 2017 10:05:27,  850443 sec) TxPacket()           Packet xmit history: [00100011] (0:ok, 1:fail).
(Jul 16 2017 10:05:35,  850451 sec) TxPacket()           NAK received - resending packet. [PktNum=0x15]
(Jul 16 2017 10:05:35,  850451 sec) TxPacket()           Packet xmit history: [01000111] (0:ok, 1:fail).
(Jul 16 2017 10:06:01,  850477 sec) TxPacket()           NAK received - resending packet. [PktNum=0x18]
(Jul 16 2017 10:06:01,  850477 sec) TxPacket()           Packet xmit history: [01110001] (0:ok, 1:fail).
(Jul 16 2017 10:06:07,  850483 sec) TxPacket()           NAK received - resending packet. [PktNum=0x18]
(Jul 16 2017 10:06:07,  850483 sec) TxPacket()           Packet xmit history: [11100011] (0:ok, 1:fail).
(Jul 16 2017 10:06:38,  850514 sec) TxPacket()           NAK received - resending packet. [PktNum=0x1c]
(Jul 16 2017 10:06:38,  850514 sec) TxPacket()           Packet xmit history: [01100001] (0:ok, 1:fail).
(Jul 16 2017 10:07:10,  850546 sec) Tx()                 Transmission completed successfully [31 packets, 26042 bytes, 332 sec, 79.4 bps]
(Jul 16 2017 10:07:10,  850546 sec) UpLoadFile()         Upload successful.
(Jul 16 2017 10:07:20,  850556 sec) UpLoad()             Files successfully uploaded: 2
(Jul 16 2017 10:07:20,  850556 sec) UpLoad()             Upload complete.
(Jul 16 2017 10:07:24,  850560 sec) logout()             Log-out successful.
(Jul 16 2017 10:07:25,  850561 sec) Telemetry()          Telemetry cycle complete: PrfId=30 ConnectionAttempts=1  Connections=1
(Jul 16 2017 10:07:26,  850562 sec) TelemetryTerminate(  Parsing new mission configuration.
(Jul 16 2017 10:07:28,  850564 sec) configure()          Parsing configurators in "mission.cfg".
(Jul 16 2017 10:07:35,  850571 sec) configure()             TelemetryRetry(15)      [0x7BBC] [TelemetryRetry(15)].
(Jul 16 2017 10:07:35,  850571 sec) configure()          Configuration CRCs and syntax OK.
(Jul 16 2017 10:07:35,  850571 sec) ConfigSupervisor()   Sanity check violated: cfg->PressureCP >= 750
(Jul 16 2017 10:07:36,  850572 sec) ConfigSupervisor()   Configuration accepted.
(Jul 16 2017 10:07:36,  850572 sec) TelemetryTerminate(  Reconditioning the file system.
(Jul 16 2017 10:07:53,      12 sec) DescentInit()        Deep profile 31 initiated at mission-time 850577sec.
(Jul 16 2017 10:07:55,      14 sec) DescentInit()        Surface pressure: -0.4dbars.
(Jul 16 2017 10:08:00,      19 sec) PistonMoveAbsWTO()    196->074 195 194 193 192 191 190 189 188 187 186 185 184 183 182 181 180 179 178 177 176 175 174 173 172 171 170 169 168 167 166 165 164 163 162 161 160 159 158 157 156 155 154 153 152 151 150 149 148 147 146 145 144 143 142 141 140 139 138 137 136 135 134 133 132 131 130 129 128 127 126 125 124 123 122 121 120 119 118 117 116 115 114 113 112 111 110 109 108 107 106 105 104 103 102 101 100 099 098 097 096 095 094 093 092 091 090 089 088 087 086 085 084 083 082 081 080 079 078 077 076 075 074 [609sec, 14.5Volts, 0.149Amps, CPT:609sec]
(Jul 16 2017 10:18:19,     638 sec) Descent()            Pressure: 53.3
(Jul 16 2017 11:07:45,    3604 sec) Descent()            Pressure: 427.2
(Jul 16 2017 12:07:45,    7204 sec) Descent()            Pressure: 741.1
(Jul 16 2017 13:07:45,   10804 sec) Descent()            Pressure: 922.0
(Jul 16 2017 14:07:45,   14404 sec) Descent()            Pressure: 979.6
(Jul 16 2017 15:07:45,   18004 sec) Descent()            Pressure: 987.1
(Jul 16 2017 15:07:45,   18004 sec) ParkInit()           
(Jul 25 2017 18:08:05,  806424 sec) CtdPower()           [  994.50,  8.8774, 35.3923]
(Jul 25 2017 18:08:05,  806424 sec) CtdPower()           CTD Power consumption [189VCnt 10ACnt]: 14.651Volts * 0.040Amps = 0.59Watts.
(Jul 25 2017 18:08:06,  806425 sec) ParkTerminate()      Piston Position:74 Vacuum:80 Vq:195 Aq:6 Vsbe:189 Asbe:10 Vflbb:185 Aflbb:12
(Jul 25 2017 18:08:43,  806462 sec) ParkTerminate()      PTS/O2,T2,TPhase,RawTemp: 994.5dbars 8.8770C 35.3928PSU / 8.7uM 8.901C 60.433 8.285 627.683
(Jul 25 2017 18:08:43,  806462 sec) ParkTerminate()      FLBB FSig, BbSig, TSig: 59, 112, 564
(Jul 25 2017 18:08:43,  806463 sec) GoDeepInit()         Moving piston.
(Jul 25 2017 18:08:44,  806463 sec) PistonMoveAbsWTO()    074->026 073 072 071 070 069 068 067 066 065 064 063 062 061 060 059 058 057 056 055 054 053 052 051 050 049 048 047 046 045 044 043 042 041 040 039 038 037 036 035 034 033 032 031 030 029 028 027 026 [241sec, 14.4Volts, 0.097Amps, CPT:850sec]
(Jul 25 2017 22:07:45,  820804 sec) GoDeep()             Sequence point detected at 2000.4dbar.
(Jul 25 2017 22:07:47,  820807 sec) ProfileInit()        PrfId:031  Pressure:2000.4dbar  pTable[0]:2000dbar
(Jul 25 2017 22:08:34,  820853 sec) Profile()            Sample 0 initiated at 2000.5dbars for bin 0 [2000dbars].  PTS/O2,T2,TPhase,RPhase,RawTemp/FSig,BbSig,TSig: 2000.8dbars 3.0432C 34.8307PSU / 102.2uM 3.058C 50.050 8.356 799.781 /   57  107  573
(Jul 25 2017 22:08:35,  820854 sec) PistonMoveAbsWTO()    026->048 027 028 029 030 031 [30sec, 13.5Volts, 0.806Amps, CPT:880sec]
(Jul 25 2017 22:09:15,  820894 sec) PistonMoveAbsWTO()    031->048 032 033 034 035 [30sec, 13.3Volts, 0.790Amps, CPT:910sec]
(Jul 25 2017 22:09:55,  820934 sec) PistonMoveAbsWTO()    035->048 036 037 038 039 040 [30sec, 13.3Volts, 0.802Amps, CPT:940sec]
(Jul 25 2017 22:10:35,  820974 sec) PistonMoveAbsWTO()    040->048 041 042 043 044 [30sec, 13.2Volts, 0.770Amps, CPT:970sec]
(Jul 25 2017 22:11:15,  821014 sec) PistonMoveAbsWTO()    044->048 045 046 047 048 [23sec, 13.2Volts, 0.786Amps, CPT:993sec]
(Jul 25 2017 22:27:56,  822015 sec) Profile()            Sample 1 initiated at 1901.3dbars for bin 1 [1900dbars].  PTS/O2,T2,TPhase,RPhase,RawTemp/FSig,BbSig,TSig: 1899.3dbars 3.3040C 34.8475PSU / 99.0uM 3.316C 50.236 8.367 792.456 /   56  112  573
(Jul 25 2017 22:45:51,  823090 sec) Profile()            Sample 2 initiated at 1801.6dbars for bin 2 [1800dbars].  PTS/O2,T2,TPhase,RPhase,RawTemp/FSig,BbSig,TSig: 1799.6dbars 3.6482C 34.8753PSU / 90.1uM 3.659C 50.947 8.365 782.650 /   59  111  573
(Jul 25 2017 22:58:18,  823837 sec) AscentControlAgent(  Bouyancy nudge to 58 (v=0.076dbar/sec).
(Jul 25 2017 22:58:18,  823838 sec) PistonMoveAbsWTO()    048->058 049 050 051 052 053 [30sec, 13.8Volts, 0.717Amps, CPT:1023sec]
(Jul 25 2017 22:58:59,  823878 sec) PistonMoveAbsWTO()    053->058 054 055 056 057 [30sec, 13.5Volts, 0.701Amps, CPT:1053sec]
(Jul 25 2017 22:59:39,  823918 sec) PistonMoveAbsWTO()    057->058 058 [2sec, 13.6Volts, 0.701Amps, CPT:1055sec]
(Jul 25 2017 23:05:09,  824248 sec) Profile()            Sample 3 initiated at 1701.5dbars for bin 3 [1700dbars].  PTS/O2,T2,TPhase,RPhase,RawTemp/FSig,BbSig,TSig: 1699.5dbars 3.9885C 34.9050PSU / 80.6uM 4.000C 51.768 8.365 772.863 /   57  114  572
(Jul 25 2017 23:18:36,  825055 sec) AscentControlAgent(  Bouyancy nudge to 68 (v=0.079dbar/sec).
(Jul 25 2017 23:18:36,  825056 sec) PistonMoveAbsWTO()    058->068 059 060 061 062 [30sec, 13.8Volts, 0.665Amps, CPT:1085sec]
(Jul 25 2017 23:19:17,  825096 sec) PistonMoveAbsWTO()    063->068 064 065 066 067 [30sec, 13.6Volts, 0.665Amps, CPT:1115sec]
(Jul 25 2017 23:19:57,  825136 sec) PistonMoveAbsWTO()    067->068 068 [2sec, 13.6Volts, 0.645Amps, CPT:1117sec]
(Jul 25 2017 23:23:55,  825374 sec) Profile()            Sample 4 initiated at 1601.9dbars for bin 4 [1600dbars].  PTS/O2,T2,TPhase,RPhase,RawTemp/FSig,BbSig,TSig: 1599.7dbars 4.5725C 34.9576PSU / 65.5uM 4.580C 53.202 8.371 756.151 /   59  112  571
(Jul 25 2017 23:41:40,  826439 sec) Profile()            Sample 5 initiated at 1501.6dbars for bin 5 [1500dbars].  PTS/O2,T2,TPhase,RPhase,RawTemp/FSig,BbSig,TSig: 1499.6dbars 5.2500C 35.0220PSU / 50.7uM 5.262C 54.765 8.381 736.301 /   58  113  570
(Jul 26 2017 00:00:35,  827574 sec) Profile()            Sample 6 initiated at 1401.6dbars for bin 6 [1400dbars].  PTS/O2,T2,TPhase,RPhase,RawTemp/FSig,BbSig,TSig: 1399.7dbars 5.8790C 35.0807PSU / 39.4uM 5.892C 56.080 8.386 717.844 /   57  110  569
(Jul 26 2017 00:09:30,  828109 sec) AscentControlAgent(  Bouyancy nudge to 78 (v=0.077dbar/sec).
(Jul 26 2017 00:09:30,  828110 sec) PistonMoveAbsWTO()    068->078 069 070 071 072 073 [30sec, 14.0Volts, 0.580Amps, CPT:1147sec]
(Jul 26 2017 00:10:11,  828150 sec) PistonMoveAbsWTO()    073->078 074 075 076 077 078 [29sec, 13.7Volts, 0.560Amps, CPT:1176sec]
(Jul 26 2017 00:11:27,  828226 sec) Profile()            Sample 7 initiated at 1348.9dbars for bin 7 [1350dbars].  PTS/O2,T2,TPhase,RPhase,RawTemp/FSig,BbSig,TSig: 1346.5dbars 6.2183C 35.1136PSU / 34.8uM 6.231C 56.641 8.391 707.824 /   58  116  568
(Jul 26 2017 00:19:16,  828695 sec) Profile()            Sample 8 initiated at 1301.6dbars for bin 8 [1300dbars].  PTS/O2,T2,TPhase,RPhase,RawTemp/FSig,BbSig,TSig: 1299.5dbars 6.5289C 35.1439PSU / 30.2uM 6.542C 57.234 8.395 698.620 /   58  112  568
(Jul 26 2017 00:28:37,  829256 sec) Profile()            Sample 9 initiated at 1251.7dbars for bin 9 [1250dbars].  PTS/O2,T2,TPhase,RPhase,RawTemp/FSig,BbSig,TSig: 1249.8dbars 6.8903C 35.1799PSU / 26.4uM 6.905C 57.741 8.394 687.833 /   60  112  567
(Jul 26 2017 00:34:52,  829631 sec) AscentControlAgent(  Bouyancy nudge to 88 (v=0.079dbar/sec).
(Jul 26 2017 00:34:52,  829632 sec) PistonMoveAbsWTO()    078->088 079 080 081 082 083 [30sec, 14.0Volts, 0.544Amps, CPT:1206sec]
(Jul 26 2017 00:35:33,  829672 sec) PistonMoveAbsWTO()    083->088 084 085 086 087 088 [29sec, 13.8Volts, 0.524Amps, CPT:1235sec]
(Jul 26 2017 00:38:28,  829847 sec) Profile()            Sample 10 initiated at 1201.2dbars for bin 10 [1200dbars].  PTS/O2,T2,TPhase,RPhase,RawTemp/FSig,BbSig,TSig: 1198.9dbars 7.2389C 35.2156PSU / 22.2uM 7.254C 58.334 8.395 677.422 /   59  112  567
(Jul 26 2017 00:46:19,  830318 sec) Profile()            Sample 11 initiated at 1151.8dbars for bin 11 [1150dbars].  PTS/O2,T2,TPhase,RPhase,RawTemp/FSig,BbSig,TSig: 1149.4dbars 7.5863C 35.2559PSU / 18.5uM 7.606C 58.876 8.398 666.873 /   59  109  567
(Jul 26 2017 00:54:18,  830797 sec) Profile()            Sample 12 initiated at 1101.4dbars for bin 12 [1100dbars].  PTS/O2,T2,TPhase,RPhase,RawTemp/FSig,BbSig,TSig: 1099.0dbars 7.9634C 35.3016PSU / 15.5uM 7.995C 59.318 8.400 655.154 /   57  111  566
(Jul 26 2017 01:02:49,  831308 sec) Profile()            Sample 13 initiated at 1051.2dbars for bin 13 [1050dbars].  PTS/O2,T2,TPhase,RPhase,RawTemp/FSig,BbSig,TSig: 1049.2dbars 8.3118C 35.3352PSU / 12.8uM 8.334C 59.744 8.400 644.918 /   58  112  565
(Jul 26 2017 01:12:30,  831889 sec) Profile()            Sample 14 initiated at 1001.4dbars for bin 14 [1000dbars].  PTS/O2,T2,TPhase,RPhase,RawTemp/FSig,BbSig,TSig: 999.7dbars 8.6647C 35.3755PSU / 10.6uM 8.691C 60.103 8.402 634.063 /   60  114  565
(Jul 26 2017 01:15:43,  832082 sec) AscentControlAgent(  Bouyancy nudge to 98 (v=0.076dbar/sec).
(Jul 26 2017 01:15:44,  832083 sec) PistonMoveAbsWTO()    088->098 089 090 091 092 093 [30sec, 14.1Volts, 0.471Amps, CPT:1265sec]
(Jul 26 2017 01:16:24,  832123 sec) PistonMoveAbsWTO()    093->098 094 095 096 097 098 [27sec, 14.0Volts, 0.471Amps, CPT:1292sec]
(Jul 26 2017 01:30:07,  832946 sec) Profile()            Sample 16 initiated at 901.8dbars for bin 16 [900dbars].  PTS/O2,T2,TPhase,RPhase,RawTemp/FSig,BbSig,TSig: 899.5dbars 9.4471C 35.4544PSU / 6.7uM 9.474C 60.749 8.413 610.185 /   60  115  564
(Jul 26 2017 01:51:20,  834219 sec) AscentControlAgent(  Bouyancy nudge to 108 (v=0.074dbar/sec).
(Jul 26 2017 01:51:21,  834220 sec) PistonMoveAbsWTO()    098->108 099 100 101 102 103 [30sec, 14.2Volts, 0.407Amps, CPT:1322sec]
(Jul 26 2017 01:52:01,  834260 sec) PistonMoveAbsWTO()    103->108 104 105 106 107 108 [26sec, 14.1Volts, 0.395Amps, CPT:1348sec]
(Jul 26 2017 02:06:33,  835132 sec) Profile()            Sample 20 initiated at 701.5dbars for bin 20 [700dbars].  PTS/O2,T2,TPhase,RPhase,RawTemp/FSig,BbSig,TSig: 699.3dbars 10.8839C 35.5620PSU / 3.2uM 10.916C 61.315 8.470 565.671 /   59  123  561
(Jul 26 2017 02:27:06,  836365 sec) AscentControlAgent(  Bouyancy nudge to 118 (v=0.079dbar/sec).
(Jul 26 2017 02:27:07,  836366 sec) PistonMoveAbsWTO()    108->118 109 110 111 112 113 [30sec, 14.3Volts, 0.334Amps, CPT:1378sec]
(Jul 26 2017 02:27:47,  836406 sec) PistonMoveAbsWTO()    113->118 114 115 116 117 118 [24sec, 14.2Volts, 0.326Amps, CPT:1402sec]
(Jul 26 2017 02:42:07,  837266 sec) Profile()            Sample 24 initiated at 501.3dbars for bin 24 [500dbars].  PTS/O2,T2,TPhase,RPhase,RawTemp/FSig,BbSig,TSig: 499.0dbars 12.4082C 35.6791PSU / 1.7uM 12.437C 61.513 8.548 518.084 /   59  110  559
(Jul 26 2017 02:43:41,  837360 sec) Sbe41cpStartCP()     Continuous profile started.
(Jul 26 2017 03:04:09,  838588 sec) AscentControlAgent(  Bouyancy nudge to 128 (v=0.076dbar/sec).
(Jul 26 2017 03:04:10,  838589 sec) PistonMoveAbsWTO()    118->128 119 120 121 122 123 [30sec, 14.3Volts, 0.286Amps, CPT:1432sec]
(Jul 26 2017 03:04:52,  838631 sec) PistonMoveAbsWTO()    123->128 124 125 126 127 128 [23sec, 14.2Volts, 0.286Amps, CPT:1455sec]
(Jul 26 2017 03:14:03,  839182 sec) Profile()            Sample 28 initiated at 331.5dbars for bin 28 [330dbars].  PTS/O2,T2,TPhase,RPhase,RawTemp/FSig,BbSig,TSig: 331.2dbars 14.2323C 35.8502PSU / 1.1uM 14.263C 61.506 8.582 460.191 /   59  149  557
(Jul 26 2017 03:32:57,  840316 sec) Profile()            Sample 32 initiated at 241.6dbars for bin 32 [240dbars].  PTS/O2,T2,TPhase,RPhase,RawTemp/FSig,BbSig,TSig: 241.4dbars 16.3950C 35.9910PSU / 1.1uM 16.419C 61.361 8.731 390.953 /   60  152  554
(Jul 26 2017 03:34:38,  840417 sec) AscentControlAgent(  Bouyancy nudge to 138 (v=0.061dbar/sec).
(Jul 26 2017 03:34:39,  840418 sec) PistonMoveAbsWTO()    128->138 129 130 131 132 133 [30sec, 14.3Volts, 0.242Amps, CPT:1485sec]
(Jul 26 2017 03:35:20,  840459 sec) PistonMoveAbsWTO()    133->138 134 135 136 137 138 [23sec, 14.3Volts, 0.238Amps, CPT:1508sec]
(Jul 26 2017 03:39:39,  840718 sec) AscentControlAgent(  Bouyancy nudge to 148 (v=0.078dbar/sec).
(Jul 26 2017 03:39:40,  840719 sec) PistonMoveAbsWTO()    138->148 139 140 141 142 143 [30sec, 14.3Volts, 0.234Amps, CPT:1538sec]
(Jul 26 2017 03:40:21,  840760 sec) PistonMoveAbsWTO()    143->148 144 145 146 147 148 [22sec, 14.3Volts, 0.218Amps, CPT:1560sec]
(Jul 26 2017 03:45:09,  841048 sec) Profile()            Sample 36 initiated at 181.5dbars for bin 36 [180dbars].  PTS/O2,T2,TPhase,RPhase,RawTemp/FSig,BbSig,TSig: 181.3dbars 18.6919C 35.8745PSU / 1.0uM 18.711C 61.208 8.817 316.602 /   57  130  551
(Jul 26 2017 03:49:43,  841322 sec) AscentControlAgent(  Bouyancy nudge to 158 (v=0.074dbar/sec).
(Jul 26 2017 03:49:44,  841323 sec) PistonMoveAbsWTO()    148->158 149 150 151 152 153 [30sec, 14.3Volts, 0.214Amps, CPT:1590sec]
(Jul 26 2017 03:50:25,  841364 sec) PistonMoveAbsWTO()    154->158 155 156 157 158 [22sec, 14.3Volts, 0.210Amps, CPT:1612sec]
(Jul 26 2017 03:53:18,  841537 sec) Profile()            Sample 40 initiated at 141.8dbars for bin 40 [140dbars].  PTS/O2,T2,TPhase,RPhase,RawTemp/FSig,BbSig,TSig: 141.6dbars 21.1632C 35.9871PSU / 12.1uM 21.156C 57.769 8.830 236.827 /   53  117  548
(Jul 26 2017 04:03:41,  842160 sec) Profile()            Sample 44 initiated at 101.6dbars for bin 44 [100dbars].  PTS/O2,T2,TPhase,RPhase,RawTemp/FSig,BbSig,TSig: 101.4dbars 24.5303C 36.3886PSU / 111.6uM 24.519C 39.247 8.919 127.317 /   65  128  543
(Jul 26 2017 04:10:01,  842540 sec) AscentControlAgent(  Bouyancy nudge to 163 (v=0.037dbar/sec).
(Jul 26 2017 04:10:02,  842541 sec) PistonMoveAbsWTO()    158->163 159 160 161 162 163 [25sec, 14.4Volts, 0.189Amps, CPT:1637sec]
(Jul 26 2017 04:15:04,  842843 sec) AscentControlAgent(  Bouyancy nudge to 168 (v=0.012dbar/sec).
(Jul 26 2017 04:15:05,  842844 sec) PistonMoveAbsWTO()    163->168 164 165 166 167 168 [25sec, 14.4Volts, 0.197Amps, CPT:1662sec]
(Jul 26 2017 04:20:11,  843150 sec) AscentControlAgent(  Bouyancy nudge to 173 (v=0.031dbar/sec).
(Jul 26 2017 04:20:12,  843151 sec) PistonMoveAbsWTO()    168->173 169 170 171 172 173 [25sec, 14.4Volts, 0.189Amps, CPT:1687sec]
(Jul 26 2017 04:23:31,  843350 sec) Profile()            Sample 48 initiated at 61.2dbars for bin 48 [60dbars].  PTS/O2,T2,TPhase,RPhase,RawTemp/FSig,BbSig,TSig: 61.0dbars 27.7663C 36.7436PSU / 225.5uM 27.784C 29.505 9.036 22.205 /  131  188  535
(Jul 26 2017 04:29:25,  843704 sec) Profile()            Sample 52 initiated at 37.0dbars for bin 52 [35dbars].  PTS/O2,T2,TPhase,RPhase,RawTemp/FSig,BbSig,TSig: 36.8dbars 27.7613C 36.7434PSU / 228.0uM 27.780C 29.384 9.026 22.326 /  131  206  534
(Jul 26 2017 04:34:55,  844034 sec) Profile()            Sample 56 initiated at 16.8dbars for bin 56 [15dbars].  PTS/O2,T2,TPhase,RPhase,RawTemp/FSig,BbSig,TSig: 16.6dbars 27.7619C 36.7429PSU / 229.2uM 27.786C 29.323 9.019 22.116 /  145  206  534
(Jul 26 2017 04:36:13,  844112 sec) Profile()            Sample 57 initiated at 11.6dbars for bin 57 [10dbars].  PTS/O2,T2,TPhase,RPhase,RawTemp/FSig,BbSig,TSig: 11.4dbars 27.7610C 36.7436PSU / 229.2uM 27.789C 29.320 9.019 22.044 /  146  213  533
(Jul 26 2017 04:38:06,  844225 sec) Profile()            Sample 58 initiated at 5.8dbars for bin 58 [4dbars].  PTS/O2,T2,TPhase,RPhase,RawTemp/FSig,BbSig,TSig: 5.6dbars 27.7600C 36.7444PSU / 229.7uM 27.794C 29.295 9.018 21.872 /  113  200  533
(Jul 26 2017 04:38:32,  844251 sec) Profile()            Sample 59 initiated at 4.9dbars for bin 58 [4dbars].  PTS/O2,T2,TPhase,RPhase,RawTemp/FSig,BbSig,TSig: 4.8dbars 27.7641C 36.7437PSU / 229.8uM 27.794C 29.291 9.020 21.874 /  121  210  533
(Jul 26 2017 04:38:58,  844277 sec) Profile()            Sample 59 initiated at 4.3dbars for bin 58 [4dbars].  PTS/O2,T2,TPhase,RPhase,RawTemp/FSig,BbSig,TSig: 4.3dbars 27.7654C 36.7435PSU / 229.8uM 27.789C 29.293 9.018 22.022 /  112  198  533
(Jul 26 2017 04:39:24,  844303 sec) Profile()            Sample 59 initiated at 4.1dbars for bin 58 [4dbars].  PTS/O2,T2,TPhase,RPhase,RawTemp/FSig,BbSig,TSig: 3.9dbars 27.7649C 36.7432PSU / 229.8uM 27.793C 29.291 9.017 21.901 /  118  194  533
(Jul 26 2017 04:39:37,  844316 sec) SurfaceDetect()      SurfacePressure:-0.4dbars Pressure:3.8dbars PistonPosition:173
(Jul 26 2017 04:39:38,  844317 sec) Sbe41cpStopCP()      Continuous profile stopped.
(Jul 26 2017 04:39:45,  844324 sec) PistonMoveAbsWTO()    173->195 174 175 176 177 178 179 180 181 182 183 184 185 186 187 188 189 190 191 192 193 194 195 [112sec, 14.5Volts, 0.149Amps, CPT:1799sec]
(Jul 26 2017 04:41:53,  844452 sec) sbe41cp.c:chat()     Expected string [S>] not received.
(Jul 26 2017 04:43:20,  844539 sec) Sbe41cpBinAverage()  Finished averaging 6985 samples in 82 seconds.
(Jul 26 2017 04:43:25,  844544 sec) Sbe41cpUploadCP()    Sbe41cpSerNo[08355] NSample[6985] NBin[249]
(Jul 26 2017 04:44:09,  844588 sec) Sbe41cpUploadCP()    Continuous profile uploaded [249 lines].

<EOT>

<EOT>
