(Jun 26 2021 21:34:51,  854152 sec) TelemetryInit()      Profile 211. (Apf9i FwRev: 061016)
(Jun 26 2021 21:41:47,  854569 sec) AirSystem()          Battery [188cnt, 14.6V]  Current [74cnt, 298.2mA]  Barometer [126cnt, 6.5"Hg]  Run-Time [48s]
(Jun 26 2021 21:43:13,  854654 sec) GetSurfaceObs()      P/O2,T2,TPhase,RPhase,RawTemp/FSig,BbSig,TSig: -0.6dbars / 227.7uM 28.363C 29.178 8.928 3.747 / 66,145,532
(Jun 26 2021 21:43:21,  854663 sec) GpsServices()        GPS almanac is current.
(Jun 26 2021 21:43:21,  854663 sec) GpsServices()        Initiating GPS fix acquisition.
(Jun 26 2021 21:43:41,  854683 sec) gga()                $GPGGA,214300,1709.3642,N,06358.0350,E,0,00,,,M,,M,,*5B
(Jun 26 2021 21:43:54,  854695 sec) gga()                $GPGGA,214320,1709.3642,N,06358.0350,E,0,00,,,M,,M,,*59
(Jun 26 2021 21:44:05,  854706 sec) gga()                $GPGGA,214330,1709.3642,N,06358.0350,E,0,00,,,M,,M,,*58
(Jun 26 2021 21:44:15,  854717 sec) gga()                $GPGGA,214330,1709.3642,N,06358.0350,E,0,00,,,M,,M,,*58
(Jun 26 2021 21:44:26,  854728 sec) gga()                $GPGGA,214340,1709.3642,N,06358.0350,E,0,00,,,M,,M,,*5F
(Jun 26 2021 21:44:37,  854739 sec) gga()                $GPGGA,214350,1709.3642,N,06358.0350,E,0,00,,,M,,M,,*5E
(Jun 26 2021 21:45:20,  854782 sec) gga()                $GPGGA,214400,1714.8491,N,06414.3348,E,1,07,1.2,-1.7,M,-59.0,M,,*43
(Jun 26 2021 21:45:20,  854782 sec) GpsServices()        Profile 211 GPS fix obtained in 119 seconds.
(Jun 26 2021 21:45:21,  854782 sec) GpsServices()                  lon     lat mm/dd/yyyy hhmmss nsat
(Jun 26 2021 21:45:21,  854782 sec) GpsServices()        Fix:   64.239  17.247 06/26/2021 214400    7
(Jun 26 2021 21:46:06,  854827 sec) gga()                $GPGGA,214500,1714.8452,N,06414.3411,E,1,08,1.0,-4.9,M,-59.0,M,,*40
(Jun 26 2021 21:46:13,  854835 sec) gga()                $GPGGA,214550,1714.8426,N,06414.3459,E,1,09,0.8,-2.7,M,-59.0,M,,*4A
(Jun 26 2021 21:46:14,  854835 sec) GpsServices()        APF9 RTC skew (24s) OK.
(Jun 26 2021 21:46:14,  854836 sec) GpsServices()        GPS services complete.
(Jun 26 2021 21:47:19,  854901 sec) CLogin()             Connecting to primary host.
(Jun 26 2021 21:47:38,  854919 sec) CLogin()             Connection 1 established in 19 seconds.
(Jun 26 2021 21:48:09,  854950 sec) expect()             Attempt to read prompt string [Last login:] failed.
(Jun 26 2021 21:48:09,  854950 sec) login()              Login failed.
(Jun 26 2021 21:48:39,  854980 sec) expect()             Attempt to read prompt string [login:] failed.
(Jun 26 2021 21:48:39,  854980 sec) login()              Login prompt not received.
(Jun 26 2021 21:49:06,  855007 sec) CLogin()             Connection 2 established in 107 seconds.
(Jun 26 2021 21:49:41,  855042 sec) expect()             Attempt to read prompt string [Last login:] failed.
(Jun 26 2021 21:49:41,  855042 sec) login()              Login failed.
(Jun 26 2021 21:50:11,  855072 sec) expect()             Attempt to read prompt string [login:] failed.
(Jun 26 2021 21:50:11,  855072 sec) login()              Login prompt not received.
(Jun 26 2021 21:50:11,  855072 sec) CLogin()             Attempt to connect to primary host failed after 2 tries.  Connecting to alternate host.
(Jun 26 2021 21:50:56,  855117 sec) CLogin()             Connection 3 established in 217 seconds.
(Jun 26 2021 21:51:26,  855147 sec) expect()             Attempt to read prompt string [login:] failed.
(Jun 26 2021 21:51:26,  855147 sec) login()              Login prompt not received.
(Jun 26 2021 21:51:56,  855177 sec) expect()             Attempt to read prompt string [login:] failed.
(Jun 26 2021 21:51:56,  855177 sec) login()              Login prompt not received.
(Jun 26 2021 21:52:15,  855197 sec) CLogin()             Connection 4 established in 296 seconds.
(Jun 26 2021 21:52:46,  855227 sec) expect()             Attempt to read prompt string [login:] failed.
(Jun 26 2021 21:52:46,  855227 sec) login()              Login prompt not received.
(Jun 26 2021 21:53:16,  855257 sec) expect()             Attempt to read prompt string [login:] failed.
(Jun 26 2021 21:53:16,  855257 sec) login()              Login prompt not received.
(Jun 26 2021 21:53:16,  855257 sec) CLogin()             Attempt to connect to primary and alternate hosts failed - aborting.
(Jun 26 2021 21:53:16,  855258 sec) DownLoadMissionCfg(  Connect/login failed.  Mission configuration not downloaded from remote host.
(Jun 26 2021 21:53:23,  855264 sec) CLogin()             Connecting to primary host.
(Jun 26 2021 21:53:38,  855280 sec) CLogin()             Connection 5 established in 16 seconds.
(Jun 26 2021 21:54:11,  855312 sec) expect()             Attempt to read prompt string [Last login:] failed.
(Jun 26 2021 21:54:11,  855312 sec) login()              Login failed.
(Jun 26 2021 21:55:10,  855371 sec) expect()             Attempt to read prompt string [Password:] failed.
(Jun 26 2021 21:55:10,  855371 sec) login()              Password prompt not received.
(Jun 26 2021 21:55:24,  855385 sec) CLogin()             Connection 6 established in 122 seconds.
(Jun 26 2021 21:56:02,  855423 sec) expect()             Attempt to read prompt string [Last login:] failed.
(Jun 26 2021 21:56:02,  855423 sec) login()              Login failed.
(Jun 26 2021 21:56:55,  855476 sec) expect()             Attempt to read prompt string [Password:] failed.
(Jun 26 2021 21:56:55,  855476 sec) login()              Password prompt not received.
(Jun 26 2021 21:56:55,  855476 sec) CLogin()             Attempt to connect to primary host failed after 2 tries.  Connecting to alternate host.
(Jun 26 2021 21:57:24,  855506 sec) CLogin()             Connection 7 established in 242 seconds.
(Jun 26 2021 21:57:55,  855536 sec) expect()             Attempt to read prompt string [login:] failed.
(Jun 26 2021 21:57:55,  855536 sec) login()              Login prompt not received.
(Jun 26 2021 21:58:25,  855566 sec) expect()             Attempt to read prompt string [login:] failed.
(Jun 26 2021 21:58:25,  855566 sec) login()              Login prompt not received.
(Jun 26 2021 21:59:26,  855627 sec) chat()               Expected string [CONNECT] not received.
(Jun 26 2021 21:59:26,  855627 sec) modem_connect()      Modem command [ATDT0013014291790] failed.
(Jun 26 2021 21:59:26,  855627 sec) connect()            Connection attempt failed.
(Jun 26 2021 21:59:26,  855628 sec) CLogin()             Attempt to connect to primary and alternate hosts failed - aborting.
(Jun 26 2021 21:59:27,  855628 sec) DownLoadMissionCfg(  Connect/login failed.  Mission configuration not downloaded from remote host.
(Jun 26 2021 21:59:27,  855628 sec) DownLoadMissionCfg(  Aborting download: Retry limit [2] exceeded.
(Jun 26 2021 21:59:27,  855629 sec) WriteVitals()        Writing vitals to "7827.211.msg".
(Jun 26 2021 21:59:34,  855636 sec) CLogin()             Connecting to primary host.
(Jun 26 2021 22:00:35,  855696 sec) chat()               Expected string [CONNECT] not received.
(Jun 26 2021 22:00:35,  855696 sec) modem_connect()      Modem command [AT+CBST=71,0,1;DT0088160000573] failed.
(Jun 26 2021 22:00:35,  855696 sec) connect()            Connection attempt failed.
(Jun 26 2021 22:00:47,  855709 sec) CLogin()             Connection 8 established in 73 seconds.
(Jun 26 2021 22:01:24,  855745 sec) expect()             Attempt to read prompt string [Last login:] failed.
(Jun 26 2021 22:01:24,  855745 sec) login()              Login failed.
(Jun 26 2021 22:01:54,  855775 sec) expect()             Attempt to read prompt string [login:] failed.
(Jun 26 2021 22:01:54,  855775 sec) login()              Login prompt not received.
(Jun 26 2021 22:01:54,  855775 sec) CLogin()             Attempt to connect to primary host failed after 2 tries.  Connecting to alternate host.
(Jun 26 2021 22:02:15,  855797 sec) CLogin()             Connection 9 established in 161 seconds.
(Jun 26 2021 22:02:45,  855826 sec) expect()             Attempt to read prompt string [login:] failed.
(Jun 26 2021 22:02:45,  855826 sec) login()              Login prompt not received.
(Jun 26 2021 22:03:15,  855856 sec) expect()             Attempt to read prompt string [login:] failed.
(Jun 26 2021 22:03:15,  855856 sec) login()              Login prompt not received.
(Jun 26 2021 22:03:40,  855881 sec) CLogin()             Connection 10 established in 246 seconds.
(Jun 26 2021 22:04:10,  855911 sec) expect()             Attempt to read prompt string [login:] failed.
(Jun 26 2021 22:04:10,  855911 sec) login()              Login prompt not received.
(Jun 26 2021 22:04:40,  855941 sec) expect()             Attempt to read prompt string [login:] failed.
(Jun 26 2021 22:04:40,  855941 sec) login()              Login prompt not received.
(Jun 26 2021 22:04:40,  855941 sec) CLogin()             Attempt to connect to primary and alternate hosts failed - aborting.
(Jun 26 2021 22:04:41,  855943 sec) CLogin()             Connecting to primary host.
(Jun 26 2021 22:04:56,  855958 sec) CLogin()             Connection 11 established in 15 seconds.
(Jun 26 2021 22:05:30,  855991 sec) expect()             Attempt to read prompt string [Last login:] failed.
(Jun 26 2021 22:05:30,  855991 sec) login()              Login failed.
(Jun 26 2021 22:06:00,  856021 sec) expect()             Attempt to read prompt string [login:] failed.
(Jun 26 2021 22:06:00,  856021 sec) login()              Login prompt not received.
(Jun 26 2021 22:06:13,  856034 sec) CLogin()             Connection 12 established in 92 seconds.
(Jun 26 2021 22:06:45,  856066 sec) expect()             Attempt to read prompt string [Last login:] failed.
(Jun 26 2021 22:06:45,  856066 sec) login()              Login failed.
(Jun 26 2021 22:07:43,  856124 sec) expect()             Attempt to read prompt string [Password:] failed.
(Jun 26 2021 22:07:43,  856124 sec) login()              Password prompt not received.
(Jun 26 2021 22:07:43,  856124 sec) CLogin()             Attempt to connect to primary host failed after 2 tries.  Connecting to alternate host.
(Jun 26 2021 22:08:06,  856148 sec) CLogin()             Connection 13 established in 205 seconds.
(Jun 26 2021 22:08:37,  856178 sec) expect()             Attempt to read prompt string [login:] failed.
(Jun 26 2021 22:08:37,  856178 sec) login()              Login prompt not received.
(Jun 26 2021 22:08:52,  856193 sec) login()              Login successful.
(Jun 26 2021 22:08:57,  856198 sec) chat()               Expected string [cmd>] not received.
(Jun 26 2021 22:08:57,  856198 sec) login()              Attempt to set the command prompt failed.
(Jun 26 2021 22:09:00,  856202 sec) CLogin()             Logged in to host.  [Login required 54 seconds]
(Jun 26 2021 22:09:15,  856217 sec) UpLoadFile()         Uploading "7827.211.log" to host as "7827.211.log".
(Jun 26 2021 22:09:19,  856221 sec) Tx()                 CRC negotiation successful. [16-bit CRC]
(Jun 26 2021 22:09:41,  856243 sec) TxPacket()           NAK received - resending packet. [PktNum=0x02]
(Jun 26 2021 22:09:41,  856243 sec) TxPacket()           Packet xmit history: [11100001] (0:ok, 1:fail).
(Jun 26 2021 22:13:02,  856443 sec) Tx()                 Transmission completed successfully [39 packets, 39838 bytes, 221 sec, 180.7 bps]
(Jun 26 2021 22:13:02,  856444 sec) UpLoadFile()         Upload successful.
(Jun 26 2021 22:13:22,  856464 sec) UpLoadFile()         Uploading "7827.211.msg" to host as "7827.211.msg".
(Jun 26 2021 22:13:25,  856467 sec) Tx()                 CRC negotiation successful. [16-bit CRC]
(Jun 26 2021 22:17:54,  856735 sec) TxPacket()           NAK received - resending packet. [PktNum=0x1f]
(Jun 26 2021 22:17:54,  856735 sec) TxPacket()           Packet xmit history: [00000001] (0:ok, 1:fail).
(Jun 26 2021 22:18:33,  856775 sec) Tx()                 Transmission completed successfully [36 packets, 36831 bytes, 306 sec, 120.5 bps]
(Jun 26 2021 22:18:34,  856775 sec) UpLoadFile()         Upload successful.
(Jun 26 2021 22:18:44,  856785 sec) UpLoad()             Files successfully uploaded: 2
(Jun 26 2021 22:18:44,  856786 sec) UpLoad()             Upload complete.
(Jun 26 2021 22:18:49,  856790 sec) chat()               Expected string [cmd>] not received.
(Jun 26 2021 22:18:49,  856790 sec) logout()             Can't get command prompt.
(Jun 26 2021 22:18:54,  856795 sec) chat()               Expected string [logout] not received.
(Jun 26 2021 22:18:54,  856795 sec) logout()             Attempt to log-out failed.
(Jun 26 2021 22:18:59,  856800 sec) chat()               Expected string [cmd>] not received.
(Jun 26 2021 22:18:59,  856800 sec) logout()             Can't get command prompt.
(Jun 26 2021 22:19:04,  856805 sec) chat()               Expected string [logout] not received.
(Jun 26 2021 22:19:04,  856805 sec) logout()             Attempt to log-out failed.
(Jun 26 2021 22:19:04,  856805 sec) logout()             No carrier detected.
(Jun 26 2021 22:19:04,  856806 sec) Telemetry()          Telemetry cycle complete: PrfId=211 ConnectionAttempts=15  Connections=13
(Jun 26 2021 22:19:05,  856806 sec) TelemetryTerminate(  By-passing mission configuration.
(Jun 26 2021 22:19:05,  856806 sec) TelemetryTerminate(  Reconditioning the file system.
(Jun 26 2021 22:19:22,      11 sec) DescentInit()        Deep profile 212 initiated at mission-time 856812sec.
(Jun 26 2021 22:19:24,      13 sec) DescentInit()        Surface pressure: -0.6dbars.
(Jun 26 2021 22:19:29,      18 sec) PistonMoveAbsWTO()    211->076 210 209 208 207 206 205 204 203 202 201 200 199 198 197 196 195 194 193 192 191 190 189 188 187 186 185 184 183 182 181 180 179 178 177 176 175 174 173 172 171 170 169 168 167 166 165 164 163 162 161 160 159 158 157 156 155 154 153 152 151 150 149 148 147 146 145 144 143 142 141 140 139 138 137 136 135 134 133 132 131 130 129 128 127 126 125 124 123 122 121 120 119 118 117 116 115 114 113 112 111 110 109 108 107 106 105 104 103 102 101 100 099 098 097 096 095 094 093 092 091 090 089 088 087 086 085 084 083 082 081 080 079 078 077 076 [684sec, 14.2Volts, 0.157Amps, CPT:684sec]
(Jun 26 2021 22:31:03,     712 sec) Descent()            Pressure: 55.9
(Jun 26 2021 23:19:15,    3604 sec) Descent()            Pressure: 430.8
(Jun 27 2021 00:19:15,    7204 sec) Descent()            Pressure: 755.7
(Jun 27 2021 01:19:15,   10804 sec) Descent()            Pressure: 941.3
(Jun 27 2021 02:19:15,   14404 sec) Descent()            Pressure: 993.7
(Jun 27 2021 03:19:15,   18004 sec) Descent()            Pressure: 998.0
(Jun 27 2021 03:19:15,   18004 sec) ParkInit()           
(Jul 01 2021 08:19:24,  381613 sec) Park()               ParkPOutOfBand[3, 1010.4 dbars]: extend piston.
(Jul 01 2021 08:19:24,  381613 sec) PistonMoveAbsWTO()    076->077 077 [3sec, 12.3Volts, 0.463Amps, CPT:687sec]
(Jul 06 2021 11:30:19,  825068 sec) CtdPower()           [ 1001.74,  8.5799, 35.8458]
(Jul 06 2021 11:30:19,  825068 sec) CtdPower()           CTD Power consumption [174VCnt 9ACnt]: 13.488Volts * 0.036Amps = 0.49Watts.
(Jul 06 2021 11:30:20,  825069 sec) ParkTerminate()      Piston Position:77 Vacuum:79 Vq:192 Aq:5 Vsbe:174 Asbe:9 Vflbb:176 Aflbb:12
(Jul 06 2021 11:30:56,  825106 sec) ParkTerminate()      PTS/O2,T2,TPhase,RawTemp: 1001.6dbars 8.5793C 35.8456PSU / 7.0uM 8.600C 60.792 8.230 636.841
(Jul 06 2021 11:30:57,  825106 sec) ParkTerminate()      FLBB FSig, BbSig, TSig: 59, 114, 565
(Jul 06 2021 11:30:57,  825107 sec) GoDeepInit()         Moving piston.
(Jul 06 2021 11:30:57,  825107 sec) PistonMoveAbsWTO()    077->028 076 075 074 073 072 071 070 069 068 067 066 065 064 063 062 061 060 059 058 057 056 055 054 053 052 051 050 049 048 047 046 045 044 043 042 041 040 039 038 037 036 035 034 033 032 031 030 029 028 [251sec, 14.0Volts, 0.101Amps, CPT:938sec]
(Jul 06 2021 14:54:15,  837304 sec) GoDeep()             Sequence point detected at 2001.6dbar.
(Jul 06 2021 14:54:17,  837307 sec) ProfileInit()        PrfId:212  Pressure:2001.7dbar  pTable[0]:2000dbar
(Jul 06 2021 14:55:04,  837353 sec) Profile()            Sample 0 initiated at 2001.8dbars for bin 0 [2000dbars].  PTS/O2,T2,TPhase,RPhase,RawTemp/FSig,BbSig,TSig: 2002.1dbars 3.3855C 35.3516PSU / 87.7uM 3.403C 51.294 8.314 789.975 /   58  112  573
(Jul 06 2021 14:55:05,  837354 sec) PistonMoveAbsWTO()    028->050 029 030 031 032 [30sec, 12.2Volts, 0.758Amps, CPT:968sec]
(Jul 06 2021 14:55:46,  837395 sec) PistonMoveAbsWTO()    032->050 033 034 035 036 [30sec, 12.4Volts, 0.762Amps, CPT:998sec]
(Jul 06 2021 14:56:26,  837435 sec) PistonMoveAbsWTO()    036->050 037 038 039 040 [30sec, 12.3Volts, 0.794Amps, CPT:1028sec]
(Jul 06 2021 14:58:29,  837558 sec) Sbe41cpStartCP()     Continuous profile started.
(Jul 06 2021 14:58:29,  837559 sec) PistonMoveAbsWTO()    041->050 042 043 044 045 [30sec, 12.6Volts, 0.810Amps, CPT:1058sec]
(Jul 06 2021 14:59:10,  837599 sec) PistonMoveAbsWTO()    045->050 046 047 048 049 [30sec, 12.5Volts, 0.790Amps, CPT:1088sec]
(Jul 06 2021 14:59:50,  837639 sec) PistonMoveAbsWTO()    049->050 050 [5sec, 12.4Volts, 0.782Amps, CPT:1093sec]
(Jul 06 2021 15:13:32,  838461 sec) Profile()            Sample 1 initiated at 1901.5dbars for bin 1 [1900dbars].  PTS/O2,T2,TPhase,RPhase,RawTemp/FSig,BbSig,TSig: 1901.2dbars 3.6416C 35.3726PSU / 83.2uM 3.652C 51.640 8.320 782.850 /   59  110  572
(Jul 06 2021 15:32:06,  839575 sec) Profile()            Sample 2 initiated at 1802.0dbars for bin 2 [1800dbars].  PTS/O2,T2,TPhase,RPhase,RawTemp/FSig,BbSig,TSig: 1801.7dbars 3.9065C 35.3973PSU / 75.8uM 3.917C 52.305 8.320 775.250 /   59  113  572
(Jul 06 2021 15:39:50,  840040 sec) AscentControlAgent(  Bouyancy nudge to 60 (v=0.075dbar/sec).
(Jul 06 2021 15:39:51,  840040 sec) PistonMoveAbsWTO()    050->060 051 052 053 054 [30sec, 13.3Volts, 0.725Amps, CPT:1123sec]
(Jul 06 2021 15:40:31,  840080 sec) PistonMoveAbsWTO()    054->060 055 056 057 058 059 [30sec, 13.1Volts, 0.741Amps, CPT:1153sec]
(Jul 06 2021 15:41:11,  840120 sec) PistonMoveAbsWTO()    059->060 060 [5sec, 12.9Volts, 0.705Amps, CPT:1158sec]
(Jul 06 2021 15:51:16,  840725 sec) Profile()            Sample 3 initiated at 1701.2dbars for bin 3 [1700dbars].  PTS/O2,T2,TPhase,RPhase,RawTemp/FSig,BbSig,TSig: 1700.9dbars 4.2625C 35.4287PSU / 67.3uM 4.274C 53.114 8.317 765.000 /   59  113  572
(Jul 06 2021 16:10:28,  841877 sec) Profile()            Sample 4 initiated at 1601.6dbars for bin 4 [1600dbars].  PTS/O2,T2,TPhase,RPhase,RawTemp/FSig,BbSig,TSig: 1601.3dbars 4.9101C 35.4839PSU / 58.7uM 4.921C 53.882 8.325 746.241 /   58  110  571
(Jul 06 2021 16:15:32,  842182 sec) AscentControlAgent(  Bouyancy nudge to 70 (v=0.078dbar/sec).
(Jul 06 2021 16:15:33,  842182 sec) PistonMoveAbsWTO()    060->070 061 062 063 064 [30sec, 13.4Volts, 0.661Amps, CPT:1188sec]
(Jul 06 2021 16:16:13,  842222 sec) PistonMoveAbsWTO()    064->070 065 066 067 068 069 [30sec, 13.2Volts, 0.669Amps, CPT:1218sec]
(Jul 06 2021 16:16:53,  842262 sec) PistonMoveAbsWTO()    069->070 070 [3sec, 13.1Volts, 0.649Amps, CPT:1221sec]
(Jul 06 2021 16:28:05,  842934 sec) Profile()            Sample 5 initiated at 1501.5dbars for bin 5 [1500dbars].  PTS/O2,T2,TPhase,RPhase,RawTemp/FSig,BbSig,TSig: 1501.1dbars 5.3950C 35.5261PSU / 53.3uM 5.407C 54.382 8.327 732.078 /   59  113  570
(Jul 06 2021 16:46:19,  844028 sec) Profile()            Sample 6 initiated at 1401.9dbars for bin 6 [1400dbars].  PTS/O2,T2,TPhase,RPhase,RawTemp/FSig,BbSig,TSig: 1401.7dbars 5.9278C 35.5786PSU / 42.6uM 5.941C 55.612 8.327 716.374 /   59  108  569
(Jul 06 2021 16:51:01,  844311 sec) AscentControlAgent(  Bouyancy nudge to 80 (v=0.079dbar/sec).
(Jul 06 2021 16:51:02,  844311 sec) PistonMoveAbsWTO()    070->080 071 072 073 074 [30sec, 13.5Volts, 0.596Amps, CPT:1251sec]
(Jul 06 2021 16:51:42,  844351 sec) PistonMoveAbsWTO()    074->080 075 076 077 078 079 [30sec, 13.3Volts, 0.608Amps, CPT:1281sec]
(Jul 06 2021 16:52:22,  844391 sec) PistonMoveAbsWTO()    079->080 080 [2sec, 13.2Volts, 0.596Amps, CPT:1283sec]
(Jul 06 2021 16:55:40,  844589 sec) Profile()            Sample 7 initiated at 1351.9dbars for bin 7 [1350dbars].  PTS/O2,T2,TPhase,RPhase,RawTemp/FSig,BbSig,TSig: 1351.6dbars 6.2746C 35.6129PSU / 36.6uM 6.294C 56.359 8.330 705.974 /   59  108  569
(Jul 06 2021 17:04:00,  845089 sec) Profile()            Sample 8 initiated at 1301.6dbars for bin 8 [1300dbars].  PTS/O2,T2,TPhase,RPhase,RawTemp/FSig,BbSig,TSig: 1301.4dbars 6.5928C 35.6461PSU / 32.2uM 6.607C 56.919 8.327 696.702 /   58  110  568
(Jul 06 2021 17:12:50,  845619 sec) Profile()            Sample 9 initiated at 1251.7dbars for bin 9 [1250dbars].  PTS/O2,T2,TPhase,RPhase,RawTemp/FSig,BbSig,TSig: 1251.4dbars 6.8855C 35.6801PSU / 24.5uM 6.902C 58.033 8.332 687.921 /   60  114  567
(Jul 06 2021 17:22:30,  846199 sec) Profile()            Sample 10 initiated at 1202.0dbars for bin 10 [1200dbars].  PTS/O2,T2,TPhase,RPhase,RawTemp/FSig,BbSig,TSig: 1201.7dbars 7.2290C 35.7165PSU / 21.0uM 7.246C 58.535 8.328 677.652 /   57  112  567
(Jul 06 2021 17:26:26,  846436 sec) AscentControlAgent(  Bouyancy nudge to 90 (v=0.079dbar/sec).
(Jul 06 2021 17:26:27,  846436 sec) PistonMoveAbsWTO()    080->090 081 082 083 084 085 [30sec, 13.6Volts, 0.548Amps, CPT:1313sec]
(Jul 06 2021 17:27:08,  846477 sec) PistonMoveAbsWTO()    085->090 086 087 088 089 [30sec, 13.4Volts, 0.524Amps, CPT:1343sec]
(Jul 06 2021 17:31:53,  846762 sec) Profile()            Sample 11 initiated at 1151.1dbars for bin 11 [1150dbars].  PTS/O2,T2,TPhase,RPhase,RawTemp/FSig,BbSig,TSig: 1150.8dbars 7.5548C 35.7497PSU / 17.8uM 7.573C 58.991 8.327 667.846 /   59  111  567
(Jul 06 2021 17:40:15,  847264 sec) Profile()            Sample 12 initiated at 1101.5dbars for bin 12 [1100dbars].  PTS/O2,T2,TPhase,RPhase,RawTemp/FSig,BbSig,TSig: 1101.3dbars 7.9076C 35.7872PSU / 13.1uM 7.929C 59.762 8.327 657.144 /   58  112  566
(Jul 06 2021 17:49:00,  847789 sec) Profile()            Sample 13 initiated at 1051.7dbars for bin 13 [1050dbars].  PTS/O2,T2,TPhase,RPhase,RawTemp/FSig,BbSig,TSig: 1051.4dbars 8.1873C 35.8060PSU / 10.2uM 8.206C 60.245 8.326 648.788 /   59  116  566
(Jul 06 2021 17:58:40,  848369 sec) Profile()            Sample 14 initiated at 1001.7dbars for bin 14 [1000dbars].  PTS/O2,T2,TPhase,RPhase,RawTemp/FSig,BbSig,TSig: 1001.4dbars 8.5136C 35.8437PSU / 7.7uM 8.535C 60.657 8.324 638.820 /   58  122  565
(Jul 06 2021 18:02:00,  848570 sec) AscentControlAgent(  Bouyancy nudge to 100 (v=0.079dbar/sec).
(Jul 06 2021 18:02:01,  848570 sec) PistonMoveAbsWTO()    090->100 091 092 093 094 095 [30sec, 13.6Volts, 0.451Amps, CPT:1373sec]
(Jul 06 2021 18:02:42,  848611 sec) PistonMoveAbsWTO()    095->100 096 097 098 099 100 [29sec, 13.5Volts, 0.475Amps, CPT:1402sec]
(Jul 06 2021 18:16:13,  849422 sec) Profile()            Sample 16 initiated at 901.8dbars for bin 16 [900dbars].  PTS/O2,T2,TPhase,RPhase,RawTemp/FSig,BbSig,TSig: 901.5dbars 9.3442C 35.9360PSU / 4.1uM 9.371C 61.276 8.339 613.343 /   59  113  564
(Jul 06 2021 18:42:46,  851015 sec) AscentControlAgent(  Bouyancy nudge to 110 (v=0.079dbar/sec).
(Jul 06 2021 18:42:47,  851016 sec) PistonMoveAbsWTO()    100->110 101 102 103 104 105 [30sec, 13.7Volts, 0.407Amps, CPT:1432sec]
(Jul 06 2021 18:43:28,  851058 sec) PistonMoveAbsWTO()    105->110 106 107 108 109 110 [28sec, 13.6Volts, 0.399Amps, CPT:1460sec]
(Jul 06 2021 18:52:55,  851624 sec) Profile()            Sample 20 initiated at 701.6dbars for bin 20 [700dbars].  PTS/O2,T2,TPhase,RPhase,RawTemp/FSig,BbSig,TSig: 701.3dbars 10.8266C 36.0610PSU / 1.7uM 10.854C 61.640 8.406 567.609 /   57  112  562
(Jul 06 2021 19:18:18,  853147 sec) AscentControlAgent(  Bouyancy nudge to 120 (v=0.076dbar/sec).
(Jul 06 2021 19:18:18,  853148 sec) PistonMoveAbsWTO()    110->120 111 112 113 114 115 [30sec, 13.8Volts, 0.338Amps, CPT:1490sec]
(Jul 06 2021 19:18:59,  853189 sec) PistonMoveAbsWTO()    115->120 116 117 118 119 120 [25sec, 13.7Volts, 0.326Amps, CPT:1515sec]
(Jul 06 2021 19:29:18,  853808 sec) Profile()            Sample 24 initiated at 501.7dbars for bin 24 [500dbars].  PTS/O2,T2,TPhase,RPhase,RawTemp/FSig,BbSig,TSig: 501.5dbars 12.5942C 36.2669PSU / 1.1uM 12.627C 61.645 8.510 512.088 /   58  117  559
(Jul 06 2021 19:48:46,  854975 sec) AscentControlAgent(  Bouyancy nudge to 130 (v=0.080dbar/sec).
(Jul 06 2021 19:48:46,  854976 sec) PistonMoveAbsWTO()    120->130 121 122 123 124 125 [30sec, 13.9Volts, 0.278Amps, CPT:1545sec]
(Jul 06 2021 19:49:27,  855017 sec) PistonMoveAbsWTO()    125->130 126 127 128 129 130 [25sec, 13.8Volts, 0.278Amps, CPT:1570sec]
(Jul 06 2021 19:59:34,  855624 sec) Profile()            Sample 28 initiated at 331.3dbars for bin 28 [330dbars].  PTS/O2,T2,TPhase,RPhase,RawTemp/FSig,BbSig,TSig: 331.0dbars 14.4765C 36.4200PSU / 0.9uM 14.509C 61.538 8.549 452.329 /   58  134  556
(Jul 06 2021 20:09:07,  856196 sec) AscentControlAgent(  Bouyancy nudge to 140 (v=0.080dbar/sec).
(Jul 06 2021 20:09:07,  856197 sec) PistonMoveAbsWTO()    130->140 131 132 133 134 135 [30sec, 14.0Volts, 0.246Amps, CPT:1600sec]
(Jul 06 2021 20:09:48,  856238 sec) PistonMoveAbsWTO()    135->140 136 137 138 139 140 [24sec, 13.9Volts, 0.242Amps, CPT:1624sec]
(Jul 06 2021 20:16:26,  856636 sec) Profile()            Sample 32 initiated at 242.0dbars for bin 32 [240dbars].  PTS/O2,T2,TPhase,RPhase,RawTemp/FSig,BbSig,TSig: 241.7dbars 16.1454C 36.3997PSU / 0.8uM 16.139C 61.440 8.668 399.990 /   57  138  554
(Jul 06 2021 20:29:05,  857395 sec) Profile()            Sample 36 initiated at 181.7dbars for bin 36 [180dbars].  PTS/O2,T2,TPhase,RPhase,RawTemp/FSig,BbSig,TSig: 181.6dbars 18.1977C 36.3411PSU / 0.8uM 18.191C 61.300 8.757 333.495 /   55  132  551
(Jul 06 2021 20:29:28,  857417 sec) AscentControlAgent(  Bouyancy nudge to 150 (v=0.063dbar/sec).
(Jul 06 2021 20:29:28,  857418 sec) PistonMoveAbsWTO()    140->150 141 142 143 144 145 [30sec, 14.0Volts, 0.214Amps, CPT:1654sec]
(Jul 06 2021 20:30:09,  857459 sec) PistonMoveAbsWTO()    145->150 146 147 148 149 150 [23sec, 13.9Volts, 0.214Amps, CPT:1677sec]
(Jul 06 2021 20:34:37,  857726 sec) AscentControlAgent(  Bouyancy nudge to 160 (v=0.074dbar/sec).
(Jul 06 2021 20:34:37,  857727 sec) PistonMoveAbsWTO()    150->160 151 152 153 154 155 [30sec, 14.0Volts, 0.214Amps, CPT:1707sec]
(Jul 06 2021 20:35:18,  857768 sec) PistonMoveAbsWTO()    155->160 156 157 158 159 160 [23sec, 13.9Volts, 0.205Amps, CPT:1730sec]
(Jul 06 2021 20:37:43,  857913 sec) Profile()            Sample 40 initiated at 141.7dbars for bin 40 [140dbars].  PTS/O2,T2,TPhase,RPhase,RawTemp/FSig,BbSig,TSig: 141.4dbars 21.5773C 36.7555PSU / 26.1uM 21.565C 54.114 8.799 223.505 /   52  106  548
(Jul 06 2021 20:45:41,  858391 sec) Profile()            Sample 44 initiated at 101.5dbars for bin 44 [100dbars].  PTS/O2,T2,TPhase,RPhase,RawTemp/FSig,BbSig,TSig: 101.3dbars 23.3856C 36.8298PSU / 131.2uM 23.401C 37.771 8.922 163.630 /   72  121  544
(Jul 06 2021 20:54:58,  858947 sec) AscentControlAgent(  Bouyancy nudge to 165 (v=0.033dbar/sec).
(Jul 06 2021 20:54:58,  858948 sec) PistonMoveAbsWTO()    160->165 161 162 163 164 165 [26sec, 14.1Volts, 0.181Amps, CPT:1756sec]
(Jul 06 2021 21:00:03,  859252 sec) AscentControlAgent(  Bouyancy nudge to 170 (v=0.035dbar/sec).
(Jul 06 2021 21:00:03,  859253 sec) PistonMoveAbsWTO()    165->170 166 167 168 169 170 [25sec, 14.0Volts, 0.185Amps, CPT:1781sec]
(Jul 06 2021 21:05:11,  859560 sec) AscentControlAgent(  Bouyancy nudge to 175 (v=0.006dbar/sec).
(Jul 06 2021 21:05:11,  859561 sec) PistonMoveAbsWTO()    170->175 171 172 173 174 175 [27sec, 14.1Volts, 0.181Amps, CPT:1808sec]
(Jul 06 2021 21:10:11,  859860 sec) AscentControlAgent(  Bouyancy nudge to 180 (v=0.006dbar/sec).
(Jul 06 2021 21:10:11,  859861 sec) PistonMoveAbsWTO()    175->180 176 177 178 179 180 [26sec, 14.1Volts, 0.177Amps, CPT:1834sec]
(Jul 06 2021 21:11:43,  859953 sec) Profile()            Sample 48 initiated at 61.7dbars for bin 48 [60dbars].  PTS/O2,T2,TPhase,RPhase,RawTemp/FSig,BbSig,TSig: 61.6dbars 29.0861C 37.1607PSU / 217.4uM 29.105C 29.421 9.038 -19.757 /   87  148  536
(Jul 06 2021 21:18:29,  860359 sec) Profile()            Sample 52 initiated at 36.4dbars for bin 52 [35dbars].  PTS/O2,T2,TPhase,RPhase,RawTemp/FSig,BbSig,TSig: 36.2dbars 29.1039C 37.1454PSU / 219.7uM 29.126C 29.292 9.025 -20.427 /   66  139  533
(Jul 06 2021 21:26:17,  860827 sec) Profile()            Sample 56 initiated at 16.7dbars for bin 56 [15dbars].  PTS/O2,T2,TPhase,RPhase,RawTemp/FSig,BbSig,TSig: 16.6dbars 29.1027C 37.1429PSU / 220.8uM 29.124C 29.239 9.013 -20.364 /   65  143  532
(Jul 06 2021 21:28:13,  860943 sec) Profile()            Sample 57 initiated at 11.6dbars for bin 57 [10dbars].  PTS/O2,T2,TPhase,RPhase,RawTemp/FSig,BbSig,TSig: 11.5dbars 29.1027C 37.1395PSU / 221.2uM 29.124C 29.218 9.009 -20.352 /   64  141  532
(Jul 06 2021 21:30:29,  861079 sec) Profile()            Sample 58 initiated at 5.5dbars for bin 58 [4dbars].  PTS/O2,T2,TPhase,RPhase,RawTemp/FSig,BbSig,TSig: 5.4dbars 29.0975C 37.1425PSU / 221.4uM 29.119C 29.210 9.008 -20.202 /   64  136  532
(Jul 06 2021 21:30:57,  861107 sec) Profile()            Sample 59 initiated at 4.2dbars for bin 58 [4dbars].  PTS/O2,T2,TPhase,RPhase,RawTemp/FSig,BbSig,TSig: 4.1dbars 29.0966C 37.1417PSU / 221.5uM 29.119C 29.205 9.008 -20.198 /   66  142  532
(Jul 06 2021 21:31:11,  861120 sec) SurfaceDetect()      SurfacePressure:-0.6dbars Pressure:2.8dbars PistonPosition:180
(Jul 06 2021 21:31:12,  861121 sec) Sbe41cpStopCP()      Continuous profile stopped.
(Jul 06 2021 21:31:19,  861128 sec) PistonMoveAbsWTO()    180->202 181 182 183 184 185 186 187 188 189 190 191 192 193 194 195 196 197 198 199 200 201 202 [113sec, 14.2Volts, 0.145Amps, CPT:1947sec]
(Jul 06 2021 21:33:30,  861259 sec) sbe41cp.c:chat()     Expected string [S>] not received.
(Jul 06 2021 21:36:49,  861458 sec) Sbe41cpBinAverage()  Finished averaging 23591 samples in 194 seconds.
(Jul 06 2021 21:36:54,  861463 sec) Sbe41cpUploadCP()    Sbe41cpSerNo[08355] NSample[23591] NBin[1000]
(Jul 06 2021 21:38:53,  861583 sec) Sbe41cpUploadCP()    Continuous profile uploaded [1000 lines].

<EOT>

<EOT>
