(Apr 22 2020 23:11:05,  868598 sec) TelemetryInit()      Profile 168. (Apf9i FwRev: 061016)
(Apr 22 2020 23:18:02,  869015 sec) AirSystem()          Battery [189cnt, 14.7V]  Current [73cnt, 294.1mA]  Barometer [126cnt, 6.5"Hg]  Run-Time [48s]
(Apr 22 2020 23:18:39,  869052 sec) GetSurfaceObs()      P/O2,T2,TPhase,RPhase,RawTemp/FSig,BbSig,TSig: -0.6dbars / 228.9uM 27.748C 29.348 9.002 23.335 / 69,196,532
(Apr 22 2020 23:18:47,  869060 sec) GpsServices()        GPS almanac is current.
(Apr 22 2020 23:18:47,  869060 sec) GpsServices()        Initiating GPS fix acquisition.
(Apr 22 2020 23:19:03,  869076 sec) gga()                $GPGGA,231830,1814.6136,N,06724.4365,E,0,00,,,M,,M,,*5B
(Apr 22 2020 23:19:17,  869089 sec) gga()                $GPGGA,231850,1814.6136,N,06724.4365,E,0,00,,,M,,M,,*5D
(Apr 22 2020 23:19:28,  869100 sec) gga()                $GPGGA,231900,1814.6136,N,06724.4365,E,0,00,,,M,,M,,*59
(Apr 22 2020 23:20:10,  869143 sec) gga()                $GPGGA,231910,1819.7328,N,06724.3643,E,1,10,0.8,-0.3,M,-63.1,M,,*4E
(Apr 22 2020 23:20:11,  869144 sec) GpsServices()        Profile 168 GPS fix obtained in 84 seconds.
(Apr 22 2020 23:20:11,  869144 sec) GpsServices()                  lon     lat mm/dd/yyyy hhmmss nsat
(Apr 22 2020 23:20:11,  869144 sec) GpsServices()        Fix:   67.406  18.329 04/22/2020 231910   10
(Apr 22 2020 23:20:59,  869191 sec) gga()                $GPGGA,232000,1819.7435,N,06724.3715,E,1,10,0.8,0.5,M,-63.1,M,,*67
(Apr 22 2020 23:21:06,  869199 sec) gga()                $GPGGA,232050,1819.7539,N,06724.3793,E,1,10,0.8,0.4,M,-63.1,M,,*60
(Apr 22 2020 23:21:07,  869199 sec) GpsServices()        APF9 RTC skew (17s) OK.
(Apr 22 2020 23:21:07,  869200 sec) GpsServices()        GPS services complete.
(Apr 22 2020 23:21:32,  869225 sec) CLogin()             Connecting to primary host.
(Apr 22 2020 23:21:45,  869238 sec) CLogin()             Connection 1 established in 13 seconds.
(Apr 22 2020 23:21:56,  869249 sec) login()              Login successful.
(Apr 22 2020 23:21:59,  869252 sec) CLogin()             Logged in to host.  [Login required 14 seconds]
(Apr 22 2020 23:22:11,  869264 sec) RxConfig()           Downloading "mission.cfg" from host.
(Apr 22 2020 23:22:13,  869266 sec) Rx()                 Initiating transfer. [0x43]
(Apr 22 2020 23:22:16,  869269 sec) RxStartByte()        Sync errors encountered: 666
(Apr 22 2020 23:22:20,  869272 sec) Rx()                 Pad character [0x1a] found in ascii mode - truncating packet.
(Apr 22 2020 23:22:24,  869276 sec) Rx()                 Received EOT - transfer complete. [1 packets, 1024 bytes, 11 sec, 93.1 bps]
(Apr 22 2020 23:22:24,  869277 sec) RxConfig()           Download successful.
(Apr 22 2020 23:22:47,  869300 sec) WriteVitals()        Writing vitals to "7827.168.msg".
(Apr 22 2020 23:23:03,  869316 sec) UpLoadFile()         Uploading "7827.168.msg" to host as "7827.168.msg".
(Apr 22 2020 23:23:06,  869319 sec) Tx()                 CRC negotiation successful. [16-bit CRC]
(Apr 22 2020 23:24:45,  869418 sec) TxPacket()           NAK received - resending packet. [PktNum=0x11]
(Apr 22 2020 23:24:45,  869418 sec) TxPacket()           Packet xmit history: [00000001] (0:ok, 1:fail).
(Apr 22 2020 23:26:48,  869541 sec) Tx()                 Transmission completed successfully [37 packets, 36947 bytes, 221 sec, 171.4 bps]
(Apr 22 2020 23:26:48,  869541 sec) UpLoadFile()         Upload successful.
(Apr 22 2020 23:26:55,  869548 sec) UpLoadFile()         Uploading "7827.168.log" to host as "7827.168.log".
(Apr 22 2020 23:26:58,  869551 sec) Tx()                 CRC negotiation successful. [16-bit CRC]
(Apr 22 2020 23:27:05,  869558 sec) TxPacket()           NAK received - resending packet. [PktNum=0x01]
(Apr 22 2020 23:27:05,  869558 sec) TxPacket()           Packet xmit history: [00000001] (0:ok, 1:fail).
(Apr 22 2020 23:27:47,  869600 sec) TxPacket()           NAK received - resending packet. [PktNum=0x07]
(Apr 22 2020 23:27:47,  869600 sec) TxPacket()           Packet xmit history: [10000001] (0:ok, 1:fail).
(Apr 22 2020 23:29:28,  869701 sec) Tx()                 Transmission completed successfully [23 packets, 23285 bytes, 148 sec, 159.1 bps]
(Apr 22 2020 23:29:28,  869701 sec) UpLoadFile()         Upload successful.
(Apr 22 2020 23:29:39,  869712 sec) UpLoad()             Files successfully uploaded: 2
(Apr 22 2020 23:29:39,  869712 sec) UpLoad()             Upload complete.
(Apr 22 2020 23:29:43,  869716 sec) logout()             Log-out successful.
(Apr 22 2020 23:29:44,  869717 sec) Telemetry()          Telemetry cycle complete: PrfId=168 ConnectionAttempts=1  Connections=1
(Apr 22 2020 23:29:44,  869717 sec) TelemetryTerminate(  Parsing new mission configuration.
(Apr 22 2020 23:29:47,  869720 sec) configure()          Parsing configurators in "mission.cfg".
(Apr 22 2020 23:29:55,  869728 sec) configure()             TelemetryRetry(15)          [0x7BBC] [TelemetryRetry(15)].
(Apr 22 2020 23:29:55,  869728 sec) configure()          Configuration CRCs and syntax OK.
(Apr 22 2020 23:29:55,  869728 sec) ConfigSupervisor()   Configuration accepted.
(Apr 22 2020 23:29:56,  869729 sec) TelemetryTerminate(  Reconditioning the file system.
(Apr 22 2020 23:30:10,      12 sec) DescentInit()        Deep profile 169 initiated at mission-time 869731sec.
(Apr 22 2020 23:30:12,      14 sec) DescentInit()        Surface pressure: -0.6dbars.
(Apr 22 2020 23:30:17,      19 sec) PistonMoveAbsWTO()    212->076 211 210 209 208 207 206 205 204 203 202 201 200 199 198 197 196 195 194 193 192 191 190 189 188 187 186 185 184 183 182 181 180 179 178 177 176 175 174 173 172 171 170 169 168 167 166 165 164 163 162 161 160 159 158 157 156 155 154 153 152 151 150 149 148 147 146 145 144 143 142 141 140 139 138 137 136 135 134 133 132 131 130 129 128 127 126 125 124 123 122 121 120 119 118 117 116 115 114 113 112 111 110 109 108 107 106 105 104 103 102 101 100 099 098 097 096 095 094 093 092 091 090 089 088 087 086 085 084 083 082 081 080 079 078 077 076 [687sec, 14.2Volts, 0.161Amps, CPT:687sec]
(Apr 22 2020 23:41:55,     717 sec) Descent()            Pressure: 66.9
(Apr 23 2020 00:30:02,    3604 sec) Descent()            Pressure: 435.5
(Apr 23 2020 01:30:02,    7204 sec) Descent()            Pressure: 760.3
(Apr 23 2020 02:30:02,   10804 sec) Descent()            Pressure: 929.2
(Apr 23 2020 03:30:02,   14404 sec) Descent()            Pressure: 971.5
(Apr 23 2020 04:30:02,   18004 sec) Descent()            Pressure: 975.9
(Apr 23 2020 04:30:02,   18004 sec) ParkInit()           
(Apr 23 2020 06:30:08,   25210 sec) Park()               ParkPOutOfBand[-3, 977.0 dbars]: retract piston.
(Apr 23 2020 06:30:09,   25211 sec) PistonMoveAbsWTO()    076->075 075 [5sec, 13.2Volts, 0.097Amps, CPT:692sec]
(May 02 2020 11:30:18,  820820 sec) CtdPower()           [ 1002.64,  8.8730, 35.5485]
(May 02 2020 11:30:18,  820820 sec) CtdPower()           CTD Power consumption [179VCnt 9ACnt]: 13.876Volts * 0.036Amps = 0.50Watts.
(May 02 2020 11:30:19,  820821 sec) ParkTerminate()      Piston Position:75 Vacuum:79 Vq:193 Aq:6 Vsbe:179 Asbe:9 Vflbb:173 Aflbb:12
(May 02 2020 11:30:56,  820858 sec) ParkTerminate()      PTS/O2,T2,TPhase,RawTemp: 1002.8dbars 8.8727C 35.5484PSU / 5.5uM 8.901C 61.048 8.240 627.669
(May 02 2020 11:30:56,  820858 sec) ParkTerminate()      FLBB FSig, BbSig, TSig: 57, 110, 564
(May 02 2020 11:30:57,  820859 sec) GoDeepInit()         Moving piston.
(May 02 2020 11:30:57,  820859 sec) PistonMoveAbsWTO()    075->027 074 073 072 071 070 069 068 067 066 065 064 063 062 061 060 059 058 057 056 055 054 053 052 051 050 049 048 047 046 045 044 043 042 041 040 039 038 037 036 035 034 033 032 031 030 029 028 027 [250sec, 13.8Volts, 0.117Amps, CPT:942sec]
(May 02 2020 15:10:02,  834004 sec) GoDeep()             Sequence point detected at 2004.4dbar.
(May 02 2020 15:10:05,  834007 sec) ProfileInit()        PrfId:169  Pressure:2004.5dbar  pTable[0]:2000dbar
(May 02 2020 15:10:15,  834017 sec) PistonMoveAbsWTO()    027->049 028 029 030 031 [30sec, 12.7Volts, 0.790Amps, CPT:972sec]
(May 02 2020 15:10:55,  834057 sec) PistonMoveAbsWTO()    031->049 032 033 034 035 036 [30sec, 12.8Volts, 0.786Amps, CPT:1002sec]
(May 02 2020 15:11:35,  834097 sec) PistonMoveAbsWTO()    036->049 037 038 039 040 [30sec, 12.7Volts, 0.778Amps, CPT:1032sec]
(May 02 2020 15:12:51,  834173 sec) Profile()            Sample 0 initiated at 2001.5dbars for bin 0 [2000dbars].  PTS/O2,T2,TPhase,RPhase,RawTemp/FSig,BbSig,TSig: 2000.1dbars 3.2941C 35.0061PSU / 93.5uM 3.307C 50.760 8.325 792.717 /   58  113  573
(May 02 2020 15:12:52,  834174 sec) PistonMoveAbsWTO()    040->049 041 042 043 044 [30sec, 12.6Volts, 0.770Amps, CPT:1062sec]
(May 02 2020 15:14:56,  834298 sec) Sbe41cpStartCP()     Continuous profile started.
(May 02 2020 15:14:57,  834299 sec) PistonMoveAbsWTO()    044->049 045 046 047 048 049 [30sec, 12.7Volts, 0.786Amps, CPT:1092sec]
(May 02 2020 15:25:09,  834911 sec) AscentControlAgent(  Bouyancy nudge to 59 (v=0.077dbar/sec).
(May 02 2020 15:25:09,  834911 sec) PistonMoveAbsWTO()    049->059 050 051 052 053 [30sec, 12.9Volts, 0.790Amps, CPT:1122sec]
(May 02 2020 15:25:49,  834951 sec) PistonMoveAbsWTO()    053->059 054 055 056 057 [30sec, 12.7Volts, 0.798Amps, CPT:1152sec]
(May 02 2020 15:26:29,  834991 sec) PistonMoveAbsWTO()    057->059 058 059 [8sec, 12.7Volts, 0.774Amps, CPT:1160sec]
(May 02 2020 15:30:34,  835236 sec) Profile()            Sample 1 initiated at 1901.5dbars for bin 1 [1900dbars].  PTS/O2,T2,TPhase,RPhase,RawTemp/FSig,BbSig,TSig: 1901.1dbars 3.6436C 35.0344PSU / 85.7uM 3.655C 51.387 8.329 782.762 /   56  114  572
(May 02 2020 15:44:54,  836096 sec) Profile()            Sample 2 initiated at 1801.5dbars for bin 2 [1800dbars].  PTS/O2,T2,TPhase,RPhase,RawTemp/FSig,BbSig,TSig: 1801.2dbars 4.0699C 35.0727PSU / 74.0uM 4.082C 52.436 8.331 770.527 /   59  112  572
(May 02 2020 15:59:56,  836998 sec) Profile()            Sample 3 initiated at 1701.0dbars for bin 3 [1700dbars].  PTS/O2,T2,TPhase,RPhase,RawTemp/FSig,BbSig,TSig: 1700.7dbars 4.4742C 35.1067PSU / 66.1uM 4.493C 53.162 8.331 758.646 /   58  115  571
(May 02 2020 16:18:40,  838122 sec) Profile()            Sample 4 initiated at 1601.4dbars for bin 4 [1600dbars].  PTS/O2,T2,TPhase,RPhase,RawTemp/FSig,BbSig,TSig: 1601.1dbars 5.0908C 35.1636PSU / 52.2uM 5.103C 54.617 8.336 740.952 /   59  112  570
(May 02 2020 16:20:54,  838256 sec) AscentControlAgent(  Bouyancy nudge to 69 (v=0.079dbar/sec).
(May 02 2020 16:20:54,  838256 sec) PistonMoveAbsWTO()    059->069 060 061 062 063 [30sec, 13.2Volts, 0.649Amps, CPT:1190sec]
(May 02 2020 16:21:35,  838297 sec) PistonMoveAbsWTO()    063->069 064 065 066 067 068 [30sec, 13.0Volts, 0.677Amps, CPT:1220sec]
(May 02 2020 16:22:17,  838339 sec) PistonMoveAbsWTO()    068->069 069 [4sec, 12.9Volts, 0.665Amps, CPT:1224sec]
(May 02 2020 16:36:22,  839184 sec) Profile()            Sample 5 initiated at 1501.0dbars for bin 5 [1500dbars].  PTS/O2,T2,TPhase,RPhase,RawTemp/FSig,BbSig,TSig: 1500.8dbars 5.7447C 35.2262PSU / 38.8uM 5.760C 56.194 8.340 721.724 /   58  119  570
(May 02 2020 16:55:39,  840341 sec) Profile()            Sample 6 initiated at 1401.4dbars for bin 6 [1400dbars].  PTS/O2,T2,TPhase,RPhase,RawTemp/FSig,BbSig,TSig: 1401.2dbars 6.3331C 35.2818PSU / 29.7uM 6.347C 57.352 8.343 704.402 /   58  112  568
(May 02 2020 17:02:09,  840731 sec) AscentControlAgent(  Bouyancy nudge to 79 (v=0.078dbar/sec).
(May 02 2020 17:02:09,  840731 sec) PistonMoveAbsWTO()    069->079 070 071 072 073 [30sec, 13.3Volts, 0.600Amps, CPT:1254sec]
(May 02 2020 17:02:51,  840773 sec) PistonMoveAbsWTO()    073->079 074 075 076 077 078 [30sec, 13.1Volts, 0.588Amps, CPT:1284sec]
(May 02 2020 17:03:33,  840815 sec) PistonMoveAbsWTO()    078->079 079 [2sec, 13.1Volts, 0.576Amps, CPT:1286sec]
(May 02 2020 17:05:30,  840932 sec) Profile()            Sample 7 initiated at 1351.2dbars for bin 7 [1350dbars].  PTS/O2,T2,TPhase,RPhase,RawTemp/FSig,BbSig,TSig: 1350.9dbars 6.6094C 35.3101PSU / 25.9uM 6.627C 57.879 8.341 696.086 /   59  115  568
(May 02 2020 17:13:43,  841425 sec) Profile()            Sample 8 initiated at 1301.5dbars for bin 8 [1300dbars].  PTS/O2,T2,TPhase,RPhase,RawTemp/FSig,BbSig,TSig: 1301.2dbars 6.8875C 35.3366PSU / 22.5uM 6.902C 58.357 8.343 687.905 /   58  118  568
(May 02 2020 17:23:02,  841984 sec) Profile()            Sample 9 initiated at 1252.0dbars for bin 9 [1250dbars].  PTS/O2,T2,TPhase,RPhase,RawTemp/FSig,BbSig,TSig: 1251.7dbars 7.2258C 35.3714PSU / 18.7uM 7.242C 58.903 8.341 677.774 /   60  118  567
(May 02 2020 17:33:27,  842609 sec) Profile()            Sample 10 initiated at 1201.7dbars for bin 10 [1200dbars].  PTS/O2,T2,TPhase,RPhase,RawTemp/FSig,BbSig,TSig: 1201.5dbars 7.5491C 35.4062PSU / 15.3uM 7.569C 59.434 8.343 667.971 /   60  117  567
(May 02 2020 17:37:53,  842875 sec) AscentControlAgent(  Bouyancy nudge to 89 (v=0.080dbar/sec).
(May 02 2020 17:37:54,  842876 sec) PistonMoveAbsWTO()    079->089 080 081 082 083 084 [30sec, 13.4Volts, 0.552Amps, CPT:1316sec]
(May 02 2020 17:38:36,  842918 sec) PistonMoveAbsWTO()    084->089 085 086 087 088 089 [30sec, 13.3Volts, 0.528Amps, CPT:1346sec]
(May 02 2020 17:42:40,  843162 sec) Profile()            Sample 11 initiated at 1151.0dbars for bin 11 [1150dbars].  PTS/O2,T2,TPhase,RPhase,RawTemp/FSig,BbSig,TSig: 1150.7dbars 8.0005C 35.4537PSU / 11.4uM 8.022C 60.047 8.340 654.335 /   60  117  566
(May 02 2020 17:50:31,  843633 sec) Profile()            Sample 12 initiated at 1101.2dbars for bin 12 [1100dbars].  PTS/O2,T2,TPhase,RPhase,RawTemp/FSig,BbSig,TSig: 1100.8dbars 8.2861C 35.4831PSU / 9.7uM 8.305C 60.313 8.338 645.770 /   58  125  565
(May 02 2020 17:59:06,  844148 sec) Profile()            Sample 13 initiated at 1051.6dbars for bin 13 [1050dbars].  PTS/O2,T2,TPhase,RPhase,RawTemp/FSig,BbSig,TSig: 1051.4dbars 8.6604C 35.5235PSU / 7.5uM 8.682C 60.680 8.338 634.347 /   57  115  565
(May 02 2020 18:09:09,  844751 sec) Profile()            Sample 14 initiated at 1001.7dbars for bin 14 [1000dbars].  PTS/O2,T2,TPhase,RPhase,RawTemp/FSig,BbSig,TSig: 1001.5dbars 9.1179C 35.5743PSU / 5.0uM 9.141C 61.117 8.340 620.374 /   59  116  564
(May 02 2020 18:23:47,  845629 sec) AscentControlAgent(  Bouyancy nudge to 99 (v=0.075dbar/sec).
(May 02 2020 18:23:48,  845630 sec) PistonMoveAbsWTO()    089->099 090 091 092 093 094 [30sec, 13.5Volts, 0.471Amps, CPT:1376sec]
(May 02 2020 18:24:29,  845671 sec) PistonMoveAbsWTO()    094->099 095 096 097 098 099 [28sec, 13.4Volts, 0.459Amps, CPT:1404sec]
(May 02 2020 18:29:15,  845957 sec) Profile()            Sample 16 initiated at 901.5dbars for bin 16 [900dbars].  PTS/O2,T2,TPhase,RPhase,RawTemp/FSig,BbSig,TSig: 901.2dbars 9.7629C 35.6344PSU / 2.5uM 9.788C 61.567 8.353 600.535 /   59  113  563
(May 02 2020 19:09:24,  848366 sec) Profile()            Sample 20 initiated at 701.7dbars for bin 20 [700dbars].  PTS/O2,T2,TPhase,RPhase,RawTemp/FSig,BbSig,TSig: 701.5dbars 11.2361C 35.7870PSU / 1.2uM 11.268C 61.715 8.425 554.708 /   57  105  561
(May 02 2020 19:09:26,  848368 sec) AscentControlAgent(  Bouyancy nudge to 109 (v=0.075dbar/sec).
(May 02 2020 19:09:27,  848369 sec) PistonMoveAbsWTO()    099->109 100 101 102 103 104 [30sec, 13.6Volts, 0.375Amps, CPT:1434sec]
(May 02 2020 19:10:08,  848410 sec) PistonMoveAbsWTO()    104->109 105 106 107 108 109 [27sec, 13.6Volts, 0.375Amps, CPT:1461sec]
(May 02 2020 19:19:36,  848978 sec) AscentControlAgent(  Bouyancy nudge to 119 (v=0.076dbar/sec).
(May 02 2020 19:19:37,  848979 sec) PistonMoveAbsWTO()    109->119 110 111 112 113 114 [30sec, 13.6Volts, 0.359Amps, CPT:1491sec]
(May 02 2020 19:20:18,  849020 sec) PistonMoveAbsWTO()    114->119 115 116 117 118 119 [27sec, 13.6Volts, 0.367Amps, CPT:1518sec]
(May 02 2020 19:45:01,  850503 sec) Profile()            Sample 24 initiated at 501.0dbars for bin 24 [500dbars].  PTS/O2,T2,TPhase,RPhase,RawTemp/FSig,BbSig,TSig: 500.7dbars 12.8193C 35.9014PSU / 1.1uM 12.853C 61.631 8.461 504.976 /   59  124  558
(May 02 2020 20:00:15,  851417 sec) AscentControlAgent(  Bouyancy nudge to 129 (v=0.070dbar/sec).
(May 02 2020 20:00:16,  851418 sec) PistonMoveAbsWTO()    119->129 120 121 122 123 124 [30sec, 13.8Volts, 0.294Amps, CPT:1548sec]
(May 02 2020 20:00:57,  851459 sec) PistonMoveAbsWTO()    124->129 125 126 127 128 129 [25sec, 13.8Volts, 0.290Amps, CPT:1573sec]
(May 02 2020 20:16:06,  852368 sec) Profile()            Sample 28 initiated at 331.5dbars for bin 28 [330dbars].  PTS/O2,T2,TPhase,RPhase,RawTemp/FSig,BbSig,TSig: 331.3dbars 14.3358C 35.9686PSU / 1.0uM 14.390C 61.542 8.540 456.117 /   60  141  556
(May 02 2020 20:25:46,  852948 sec) AscentControlAgent(  Bouyancy nudge to 139 (v=0.073dbar/sec).
(May 02 2020 20:25:47,  852949 sec) PistonMoveAbsWTO()    129->139 130 131 132 133 134 [30sec, 13.9Volts, 0.242Amps, CPT:1603sec]
(May 02 2020 20:26:27,  852989 sec) PistonMoveAbsWTO()    134->139 135 136 137 138 139 [25sec, 13.9Volts, 0.246Amps, CPT:1628sec]
(May 02 2020 20:34:32,  853474 sec) Profile()            Sample 32 initiated at 242.0dbars for bin 32 [240dbars].  PTS/O2,T2,TPhase,RPhase,RawTemp/FSig,BbSig,TSig: 241.7dbars 16.4642C 35.9537PSU / 0.9uM 16.495C 61.404 8.697 388.488 /   59  162  553
(May 02 2020 20:46:16,  854178 sec) AscentControlAgent(  Bouyancy nudge to 149 (v=0.056dbar/sec).
(May 02 2020 20:46:17,  854178 sec) PistonMoveAbsWTO()    139->149 140 141 142 143 144 [30sec, 14.0Volts, 0.218Amps, CPT:1658sec]
(May 02 2020 20:46:56,  854218 sec) PistonMoveAbsWTO()    144->149 145 146 147 148 149 [25sec, 14.0Volts, 0.214Amps, CPT:1683sec]
(May 02 2020 20:48:47,  854329 sec) Profile()            Sample 36 initiated at 181.8dbars for bin 36 [180dbars].  PTS/O2,T2,TPhase,RPhase,RawTemp/FSig,BbSig,TSig: 181.6dbars 18.9018C 35.9940PSU / 0.8uM 18.934C 61.239 8.795 309.311 /   55  114  550
(May 02 2020 20:51:25,  854487 sec) AscentControlAgent(  Bouyancy nudge to 159 (v=0.066dbar/sec).
(May 02 2020 20:51:25,  854487 sec) PistonMoveAbsWTO()    149->159 150 151 152 153 154 [30sec, 14.0Volts, 0.214Amps, CPT:1713sec]
(May 02 2020 20:52:05,  854527 sec) PistonMoveAbsWTO()    154->159 155 156 157 158 159 [25sec, 14.0Volts, 0.201Amps, CPT:1738sec]
(May 02 2020 20:56:34,  854796 sec) AscentControlAgent(  Bouyancy nudge to 169 (v=0.080dbar/sec).
(May 02 2020 20:56:34,  854796 sec) PistonMoveAbsWTO()    159->169 160 161 162 163 164 [30sec, 14.0Volts, 0.201Amps, CPT:1768sec]
(May 02 2020 20:57:30,  854851 sec) Profile()            Sample 40 initiated at 142.0dbars for bin 40 [140dbars].  PTS/O2,T2,TPhase,RPhase,RawTemp/FSig,BbSig,TSig: 141.7dbars 21.8202C 36.2523PSU / 17.5uM 21.826C 56.191 8.825 214.963 /   54  113  547
(May 02 2020 20:57:30,  854852 sec) PistonMoveAbsWTO()    164->169 165 166 167 168 169 [24sec, 14.0Volts, 0.197Amps, CPT:1792sec]
(May 02 2020 21:05:19,  855321 sec) Profile()            Sample 44 initiated at 102.0dbars for bin 44 [100dbars].  PTS/O2,T2,TPhase,RPhase,RawTemp/FSig,BbSig,TSig: 101.8dbars 24.8963C 36.4907PSU / 130.2uM 24.917C 37.198 8.903 114.409 /   76  124  543
(May 02 2020 21:17:40,  856062 sec) Profile()            Sample 48 initiated at 61.8dbars for bin 48 [60dbars].  PTS/O2,T2,TPhase,RPhase,RawTemp/FSig,BbSig,TSig: 61.7dbars 26.8820C 36.6085PSU / 202.0uM 26.879C 31.104 8.993 51.154 /  188  153  538
(May 02 2020 21:22:02,  856324 sec) AscentControlAgent(  Bouyancy nudge to 174 (v=0.023dbar/sec).
(May 02 2020 21:22:02,  856324 sec) PistonMoveAbsWTO()    169->174 170 171 172 173 174 [27sec, 14.1Volts, 0.177Amps, CPT:1819sec]
(May 02 2020 21:27:03,  856625 sec) AscentControlAgent(  Bouyancy nudge to 179 (v=0.035dbar/sec).
(May 02 2020 21:27:03,  856625 sec) PistonMoveAbsWTO()    174->179 175 176 177 178 179 [27sec, 14.1Volts, 0.181Amps, CPT:1846sec]
(May 02 2020 21:30:11,  856813 sec) Profile()            Sample 52 initiated at 36.9dbars for bin 52 [35dbars].  PTS/O2,T2,TPhase,RPhase,RawTemp/FSig,BbSig,TSig: 36.8dbars 28.4459C 36.5414PSU / 228.7uM 28.441C 29.105 9.017 1.284 /   83  149  535
(May 02 2020 21:37:08,  857230 sec) AscentControlAgent(  Bouyancy nudge to 184 (v=0.028dbar/sec).
(May 02 2020 21:37:08,  857230 sec) PistonMoveAbsWTO()    179->184 180 181 182 183 184 [27sec, 14.1Volts, 0.169Amps, CPT:1873sec]
(May 02 2020 21:42:13,  857535 sec) AscentControlAgent(  Bouyancy nudge to 189 (v=0.019dbar/sec).
(May 02 2020 21:42:13,  857535 sec) PistonMoveAbsWTO()    184->189 185 186 [15sec, 14.1Volts, 0.173Amps, CPT:1888sec]
(May 02 2020 21:42:38,  857560 sec) PistonMoveAbsWTO()    186->189 187 188 189 [12sec, 14.1Volts, 0.173Amps, CPT:1900sec]
(May 02 2020 21:43:36,  857618 sec) Profile()            Sample 56 initiated at 16.9dbars for bin 56 [15dbars].  PTS/O2,T2,TPhase,RPhase,RawTemp/FSig,BbSig,TSig: 16.8dbars 29.6088C 36.4529PSU / 229.6uM 29.626C 28.627 9.039 -36.183 /   66  159  532
(May 02 2020 21:46:22,  857784 sec) Profile()            Sample 57 initiated at 11.7dbars for bin 57 [10dbars].  PTS/O2,T2,TPhase,RPhase,RawTemp/FSig,BbSig,TSig: 11.6dbars 29.8892C 36.4705PSU / 225.8uM 29.911C 28.710 9.045 -45.151 /   63  155  532
(May 02 2020 21:47:15,  857837 sec) AscentControlAgent(  Bouyancy nudge to 194 (v=0.028dbar/sec).
(May 02 2020 21:47:15,  857837 sec) PistonMoveAbsWTO()    189->194 190 191 [15sec, 14.1Volts, 0.177Amps, CPT:1915sec]
(May 02 2020 21:47:40,  857862 sec) PistonMoveAbsWTO()    192->194 193 194 [12sec, 14.1Volts, 0.169Amps, CPT:1927sec]
(May 02 2020 21:48:37,  857919 sec) Profile()            Sample 58 initiated at 5.4dbars for bin 58 [4dbars].  PTS/O2,T2,TPhase,RPhase,RawTemp/FSig,BbSig,TSig: 5.2dbars 29.8891C 36.4719PSU / 225.5uM 29.914C 28.722 9.043 -45.245 /   64  159  532
(May 02 2020 21:48:51,  857933 sec) SurfaceDetect()      SurfacePressure:-0.6dbars Pressure:3.5dbars PistonPosition:194
(May 02 2020 21:48:52,  857934 sec) Sbe41cpStopCP()      Continuous profile stopped.
(May 02 2020 21:48:59,  857941 sec) PistonMoveAbsWTO()    194->216 195 196 197 198 199 200 201 202 203 204 205 206 207 208 209 210 211 212 213 214 215 216 [113sec, 14.2Volts, 0.153Amps, CPT:2040sec]
(May 02 2020 21:51:09,  858070 sec) sbe41cp.c:chat()     Expected string [S>] not received.
(May 02 2020 21:54:28,  858270 sec) Sbe41cpBinAverage()  Finished averaging 23664 samples in 194 seconds.
(May 02 2020 21:54:33,  858275 sec) Sbe41cpUploadCP()    Sbe41cpSerNo[08355] NSample[23664] NBin[999]
(May 02 2020 21:56:32,  858394 sec) Sbe41cpUploadCP()    Continuous profile uploaded [999 lines].

<EOT>

<EOT>
