(May 28 2019 21:55:19,  858002 sec) TelemetryInit()      Profile 135. (Apf9i FwRev: 061016)
(May 28 2019 22:02:16,  858419 sec) AirSystem()          Battery [188cnt, 14.6V]  Current [74cnt, 298.2mA]  Barometer [127cnt, 6.8"Hg]  Run-Time [48s]
(May 28 2019 22:02:53,  858456 sec) GetSurfaceObs()      P/O2,T2,TPhase,RPhase,RawTemp/FSig,BbSig,TSig: -0.6dbars / 223.8uM 29.009C 29.135 9.037 -16.717 / 75,152,530
(May 28 2019 22:03:01,  858464 sec) GpsServices()        GPS almanac is current.
(May 28 2019 22:03:01,  858464 sec) GpsServices()        Initiating GPS fix acquisition.
(May 28 2019 22:03:24,  858487 sec) gga()                $GPGGA,220240,1653.4955,N,06543.8118,E,0,00,,,M,,M,,*53
(May 28 2019 22:03:35,  858498 sec) gga()                $GPGGA,220250,1653.4955,N,06543.8118,E,0,00,,,M,,M,,*52
(May 28 2019 22:04:19,  858542 sec) gga()                $GPGGA,220300,1633.4251,N,06532.3709,E,1,09,0.8,-12.1,M,-63.5,M,,*78
(May 28 2019 22:04:19,  858542 sec) GpsServices()        Profile 135 GPS fix obtained in 78 seconds.
(May 28 2019 22:04:19,  858542 sec) GpsServices()                  lon     lat mm/dd/yyyy hhmmss nsat
(May 28 2019 22:04:19,  858542 sec) GpsServices()        Fix:   65.540  16.557 05/28/2019 220300    9
(May 28 2019 22:05:09,  858592 sec) gga()                $GPGGA,220400,1633.4207,N,06532.3560,E,1,10,0.7,-5.5,M,-63.5,M,,*44
(May 28 2019 22:05:17,  858600 sec) gga()                $GPGGA,220450,1633.4173,N,06532.3432,E,1,10,0.7,-4.5,M,-63.5,M,,*46
(May 28 2019 22:05:17,  858600 sec) GpsServices()        APF9 RTC skew (27s) OK.
(May 28 2019 22:05:17,  858600 sec) GpsServices()        GPS services complete.
(May 28 2019 22:05:43,  858626 sec) CLogin()             Connecting to primary host.
(May 28 2019 22:06:00,  858643 sec) CLogin()             Connection 1 established in 17 seconds.
(May 28 2019 22:06:09,  858652 sec) login()              Login successful.
(May 28 2019 22:06:15,  858658 sec) CLogin()             Logged in to host.  [Login required 15 seconds]
(May 28 2019 22:06:26,  858669 sec) RxConfig()           Downloading "mission.cfg" from host.
(May 28 2019 22:06:29,  858672 sec) Rx()                 Initiating transfer. [0x43]
(May 28 2019 22:06:35,  858678 sec) Rx()                 Pad character [0x1a] found in ascii mode - truncating packet.
(May 28 2019 22:06:40,  858682 sec) Rx()                 Received EOT - transfer complete. [1 packets, 1024 bytes, 11 sec, 93.1 bps]
(May 28 2019 22:06:40,  858683 sec) RxConfig()           Download successful.
(May 28 2019 22:07:03,  858706 sec) WriteVitals()        Writing vitals to "7827.135.msg".
(May 28 2019 22:07:19,  858722 sec) UpLoadFile()         Uploading "7827.135.msg" to host as "7827.135.msg".
(May 28 2019 22:07:22,  858725 sec) Tx()                 CRC negotiation successful. [16-bit CRC]
(May 28 2019 22:10:52,  858935 sec) Tx()                 Transmission completed successfully [36 packets, 36815 bytes, 209 sec, 176.4 bps]
(May 28 2019 22:10:52,  858935 sec) UpLoadFile()         Upload successful.
(May 28 2019 22:10:59,  858942 sec) UpLoadFile()         Uploading "7827.135.log" to host as "7827.135.log".
(May 28 2019 22:11:02,  858945 sec) Tx()                 CRC negotiation successful. [16-bit CRC]
(May 28 2019 22:13:12,  859075 sec) Tx()                 Transmission completed successfully [22 packets, 22082 bytes, 128 sec, 176.0 bps]
(May 28 2019 22:13:12,  859075 sec) UpLoadFile()         Upload successful.
(May 28 2019 22:13:22,  859085 sec) UpLoad()             Files successfully uploaded: 2
(May 28 2019 22:13:22,  859085 sec) UpLoad()             Upload complete.
(May 28 2019 22:13:26,  859089 sec) logout()             Log-out successful.
(May 28 2019 22:13:28,  859090 sec) Telemetry()          Telemetry cycle complete: PrfId=135 ConnectionAttempts=1  Connections=1
(May 28 2019 22:13:28,  859091 sec) TelemetryTerminate(  Parsing new mission configuration.
(May 28 2019 22:13:30,  859093 sec) configure()          Parsing configurators in "mission.cfg".
(May 28 2019 22:13:38,  859101 sec) configure()             TelemetryRetry(15)          [0x7BBC] [TelemetryRetry(15)].
(May 28 2019 22:13:38,  859101 sec) configure()          Configuration CRCs and syntax OK.
(May 28 2019 22:13:39,  859102 sec) ConfigSupervisor()   Configuration accepted.
(May 28 2019 22:13:39,  859102 sec) TelemetryTerminate(  Reconditioning the file system.
(May 28 2019 22:13:53,      11 sec) DescentInit()        Deep profile 136 initiated at mission-time 859105sec.
(May 28 2019 22:13:55,      13 sec) DescentInit()        Surface pressure: -0.6dbars.
(May 28 2019 22:14:00,      18 sec) PistonMoveAbsWTO()    206->076 205 204 203 202 201 200 199 198 197 196 195 194 193 192 191 190 189 188 187 186 185 184 183 182 181 180 179 178 177 176 175 174 173 172 171 170 169 168 167 166 165 164 163 162 161 160 159 158 157 156 155 154 153 152 151 150 149 148 147 146 145 144 143 142 141 140 139 138 137 136 135 134 133 132 131 130 129 128 127 126 125 124 123 122 121 120 119 118 117 116 115 114 113 112 111 110 109 108 107 106 105 104 103 102 101 100 099 098 097 096 095 094 093 092 091 090 089 088 087 086 085 084 083 082 081 080 079 078 077 076 [656sec, 14.3Volts, 0.157Amps, CPT:656sec]
(May 28 2019 22:25:06,     684 sec) Descent()            Pressure: 58.9
(May 28 2019 23:13:46,    3604 sec) Descent()            Pressure: 440.1
(May 29 2019 00:13:46,    7204 sec) Descent()            Pressure: 771.6
(May 29 2019 01:13:46,   10804 sec) Descent()            Pressure: 926.3
(May 29 2019 02:13:46,   14404 sec) Descent()            Pressure: 978.3
(May 29 2019 03:13:46,   18004 sec) Descent()            Pressure: 984.4
(May 29 2019 03:13:46,   18004 sec) ParkInit()           
(May 29 2019 05:13:52,   25210 sec) Park()               ParkPOutOfBand[-3, 977.8 dbars]: retract piston.
(May 29 2019 05:13:53,   25211 sec) PistonMoveAbsWTO()    076->075 075 [5sec, 13.3Volts, 0.105Amps, CPT:661sec]
(Jun 02 2019 07:13:55,  378013 sec) Park()               ParkPOutOfBand[3, 1010.0 dbars]: extend piston.
(Jun 02 2019 07:13:55,  378013 sec) PistonMoveAbsWTO()    075->076 076 [3sec, 13.0Volts, 0.479Amps, CPT:664sec]
(Jun 07 2019 11:30:19,  825397 sec) CtdPower()           [  996.42,  8.5518, 35.4163]
(Jun 07 2019 11:30:20,  825397 sec) CtdPower()           CTD Power consumption [181VCnt 9ACnt]: 14.031Volts * 0.036Amps = 0.51Watts.
(Jun 07 2019 11:30:21,  825398 sec) ParkTerminate()      Piston Position:76 Vacuum:79 Vq:194 Aq:6 Vsbe:181 Asbe:9 Vflbb:174 Aflbb:12
(Jun 07 2019 11:30:57,  825435 sec) ParkTerminate()      PTS/O2,T2,TPhase,RawTemp: 996.4dbars 8.5511C 35.4160PSU / 7.8uM 8.580C 60.641 8.241 637.455
(Jun 07 2019 11:30:57,  825435 sec) ParkTerminate()      FLBB FSig, BbSig, TSig: 57, 113, 564
(Jun 07 2019 11:30:58,  825436 sec) GoDeepInit()         Moving piston.
(Jun 07 2019 11:30:58,  825436 sec) PistonMoveAbsWTO()    076->028 075 074 073 072 071 070 069 068 067 066 065 064 063 062 061 060 059 058 057 056 055 054 053 052 051 050 049 048 047 046 045 044 043 042 041 040 039 038 037 036 035 034 033 032 031 030 029 028 [247sec, 13.9Volts, 0.105Amps, CPT:911sec]
(Jun 07 2019 16:29:59,  843377 sec) ProfileInit()        PrfId:136  Pressure:1993.8dbar  pTable[1]:1900dbar
(Jun 07 2019 16:31:25,  843463 sec) Sbe41cpStartCP()     Continuous profile started.
(Jun 07 2019 16:31:26,  843464 sec) PistonMoveAbsWTO()    028->050 029 030 031 032 [30sec, 12.4Volts, 0.790Amps, CPT:941sec]
(Jun 07 2019 16:32:05,  843503 sec) PistonMoveAbsWTO()    032->050 033 034 035 036 [30sec, 12.2Volts, 0.802Amps, CPT:971sec]
(Jun 07 2019 16:32:45,  843543 sec) PistonMoveAbsWTO()    036->050 037 038 039 040 [30sec, 12.2Volts, 0.814Amps, CPT:1001sec]
(Jun 07 2019 16:33:25,  843583 sec) PistonMoveAbsWTO()    041->050 042 043 044 045 [30sec, 12.1Volts, 0.802Amps, CPT:1031sec]
(Jun 07 2019 16:34:05,  843623 sec) PistonMoveAbsWTO()    045->050 046 047 048 049 [30sec, 12.0Volts, 0.798Amps, CPT:1061sec]
(Jun 07 2019 16:34:45,  843663 sec) PistonMoveAbsWTO()    049->050 050 [8sec, 12.0Volts, 0.798Amps, CPT:1069sec]
(Jun 07 2019 16:48:30,  844488 sec) Profile()            Sample 0 initiated at 1901.6dbars for bin 1 [1900dbars].  PTS/O2,T2,TPhase,RPhase,RawTemp/FSig,BbSig,TSig: 1901.3dbars 3.4762C 34.9341PSU / 93.2uM 3.486C 50.720 8.305 787.606 /   57  110  573
(Jun 07 2019 17:05:12,  845490 sec) Profile()            Sample 1 initiated at 1801.2dbars for bin 2 [1800dbars].  PTS/O2,T2,TPhase,RPhase,RawTemp/FSig,BbSig,TSig: 1800.9dbars 3.7882C 34.9604PSU / 83.9uM 3.798C 51.506 8.315 778.672 /   57  110  572
(Jun 07 2019 17:20:31,  846409 sec) AscentControlAgent(  Bouyancy nudge to 60 (v=0.079dbar/sec).
(Jun 07 2019 17:20:31,  846409 sec) PistonMoveAbsWTO()    050->060 051 052 053 054 [30sec, 13.0Volts, 0.729Amps, CPT:1099sec]
(Jun 07 2019 17:21:11,  846449 sec) PistonMoveAbsWTO()    054->060 055 056 057 058 059 [30sec, 12.9Volts, 0.701Amps, CPT:1129sec]
(Jun 07 2019 17:21:51,  846489 sec) PistonMoveAbsWTO()    059->060 060 [7sec, 12.9Volts, 0.705Amps, CPT:1136sec]
(Jun 07 2019 17:24:03,  846621 sec) Profile()            Sample 2 initiated at 1701.8dbars for bin 3 [1700dbars].  PTS/O2,T2,TPhase,RPhase,RawTemp/FSig,BbSig,TSig: 1701.5dbars 4.1411C 34.9875PSU / 76.2uM 4.150C 52.174 8.321 768.555 /   58  117  572
(Jun 07 2019 17:40:42,  847620 sec) AscentControlAgent(  Bouyancy nudge to 70 (v=0.080dbar/sec).
(Jun 07 2019 17:40:42,  847620 sec) PistonMoveAbsWTO()    060->070 061 062 063 064 [30sec, 13.2Volts, 0.681Amps, CPT:1166sec]
(Jun 07 2019 17:41:22,  847660 sec) PistonMoveAbsWTO()    064->070 065 066 067 068 069 [30sec, 13.0Volts, 0.669Amps, CPT:1196sec]
(Jun 07 2019 17:42:02,  847700 sec) PistonMoveAbsWTO()    069->070 070 [5sec, 12.9Volts, 0.673Amps, CPT:1201sec]
(Jun 07 2019 17:42:52,  847750 sec) Profile()            Sample 3 initiated at 1601.7dbars for bin 4 [1600dbars].  PTS/O2,T2,TPhase,RPhase,RawTemp/FSig,BbSig,TSig: 1601.4dbars 4.6320C 35.0333PSU / 62.8uM 4.643C 53.487 8.329 754.319 /   58  114  571
(Jun 07 2019 17:59:04,  848722 sec) Profile()            Sample 4 initiated at 1501.9dbars for bin 5 [1500dbars].  PTS/O2,T2,TPhase,RPhase,RawTemp/FSig,BbSig,TSig: 1501.6dbars 5.2427C 35.0908PSU / 50.0uM 5.254C 54.850 8.337 736.542 /   58  111  570
(Jun 07 2019 18:16:38,  849776 sec) Profile()            Sample 5 initiated at 1401.3dbars for bin 6 [1400dbars].  PTS/O2,T2,TPhase,RPhase,RawTemp/FSig,BbSig,TSig: 1401.0dbars 5.8486C 35.1459PSU / 39.2uM 5.863C 56.114 8.347 718.692 /   59  110  569
(Jun 07 2019 18:26:13,  850351 sec) AscentControlAgent(  Bouyancy nudge to 80 (v=0.076dbar/sec).
(Jun 07 2019 18:26:13,  850351 sec) PistonMoveAbsWTO()    070->080 071 072 073 074 [30sec, 13.3Volts, 0.596Amps, CPT:1231sec]
(Jun 07 2019 18:26:53,  850391 sec) PistonMoveAbsWTO()    074->080 075 076 077 078 079 [30sec, 13.2Volts, 0.600Amps, CPT:1261sec]
(Jun 07 2019 18:27:48,  850446 sec) Profile()            Sample 6 initiated at 1348.3dbars for bin 7 [1350dbars].  PTS/O2,T2,TPhase,RPhase,RawTemp/FSig,BbSig,TSig: 1348.0dbars 6.1893C 35.1798PSU / 33.9uM 6.205C 56.776 8.349 708.602 /   58  117  569
(Jun 07 2019 18:27:49,  850447 sec) PistonMoveAbsWTO()    079->080 080 [3sec, 13.1Volts, 0.600Amps, CPT:1264sec]
(Jun 07 2019 18:35:29,  850907 sec) Profile()            Sample 7 initiated at 1301.3dbars for bin 8 [1300dbars].  PTS/O2,T2,TPhase,RPhase,RawTemp/FSig,BbSig,TSig: 1301.0dbars 6.5607C 35.2184PSU / 28.8uM 6.573C 57.444 8.351 697.716 /   56  114  568
(Jun 07 2019 18:44:20,  851438 sec) Profile()            Sample 8 initiated at 1251.3dbars for bin 9 [1250dbars].  PTS/O2,T2,TPhase,RPhase,RawTemp/FSig,BbSig,TSig: 1251.0dbars 6.8699C 35.2472PSU / 23.6uM 6.883C 58.186 8.353 688.475 /   58  112  568
(Jun 07 2019 18:54:15,  852033 sec) Profile()            Sample 9 initiated at 1201.5dbars for bin 10 [1200dbars].  PTS/O2,T2,TPhase,RPhase,RawTemp/FSig,BbSig,TSig: 1201.3dbars 7.2519C 35.2854PSU / 19.8uM 7.267C 58.717 8.355 677.028 /   58  113  567
(Jun 07 2019 18:56:41,  852179 sec) AscentControlAgent(  Bouyancy nudge to 90 (v=0.077dbar/sec).
(Jun 07 2019 18:56:41,  852179 sec) PistonMoveAbsWTO()    080->090 081 082 083 084 [30sec, 13.4Volts, 0.548Amps, CPT:1294sec]
(Jun 07 2019 18:57:22,  852220 sec) PistonMoveAbsWTO()    085->090 086 087 088 089 [30sec, 13.3Volts, 0.536Amps, CPT:1324sec]
(Jun 07 2019 18:58:04,  852262 sec) PistonMoveAbsWTO()    089->090 090 [1sec, 13.3Volts, 0.532Amps, CPT:1325sec]
(Jun 07 2019 19:03:19,  852577 sec) Profile()            Sample 10 initiated at 1151.3dbars for bin 11 [1150dbars].  PTS/O2,T2,TPhase,RPhase,RawTemp/FSig,BbSig,TSig: 1151.0dbars 7.5475C 35.3141PSU / 16.4uM 7.567C 59.235 8.352 668.020 /   60  115  567
(Jun 07 2019 19:11:18,  853056 sec) Profile()            Sample 11 initiated at 1101.0dbars for bin 12 [1100dbars].  PTS/O2,T2,TPhase,RPhase,RawTemp/FSig,BbSig,TSig: 1100.7dbars 7.9071C 35.3553PSU / 13.6uM 7.928C 59.673 8.351 657.177 /   58  113  566
(Jun 07 2019 19:19:09,  853527 sec) Profile()            Sample 12 initiated at 1051.3dbars for bin 13 [1050dbars].  PTS/O2,T2,TPhase,RPhase,RawTemp/FSig,BbSig,TSig: 1051.0dbars 8.2613C 35.3934PSU / 11.1uM 8.281C 60.066 8.353 646.511 /   57  114  565
(Jun 07 2019 19:27:44,  854042 sec) Profile()            Sample 13 initiated at 1001.1dbars for bin 14 [1000dbars].  PTS/O2,T2,TPhase,RPhase,RawTemp/FSig,BbSig,TSig: 1000.8dbars 8.5706C 35.4221PSU / 8.3uM 8.591C 60.548 8.352 637.104 /   60  116  565
(Jun 07 2019 19:37:37,  854635 sec) AscentControlAgent(  Bouyancy nudge to 100 (v=0.080dbar/sec).
(Jun 07 2019 19:37:37,  854635 sec) PistonMoveAbsWTO()    090->100 091 092 093 094 095 [30sec, 13.6Volts, 0.451Amps, CPT:1355sec]
(Jun 07 2019 19:38:19,  854677 sec) PistonMoveAbsWTO()    095->100 096 097 098 099 100 [29sec, 13.4Volts, 0.451Amps, CPT:1384sec]
(Jun 07 2019 19:46:14,  855152 sec) Profile()            Sample 15 initiated at 901.2dbars for bin 16 [900dbars].  PTS/O2,T2,TPhase,RPhase,RawTemp/FSig,BbSig,TSig: 900.9dbars 9.3684C 35.5029PSU / 4.3uM 9.391C 61.233 8.365 612.728 /   58  113  564
(Jun 07 2019 20:08:11,  856468 sec) AscentControlAgent(  Bouyancy nudge to 110 (v=0.075dbar/sec).
(Jun 07 2019 20:08:11,  856469 sec) PistonMoveAbsWTO()    100->110 101 102 103 104 105 [30sec, 13.6Volts, 0.411Amps, CPT:1414sec]
(Jun 07 2019 20:08:53,  856511 sec) PistonMoveAbsWTO()    105->110 106 107 108 109 110 [28sec, 13.6Volts, 0.399Amps, CPT:1442sec]
(Jun 07 2019 20:22:10,  857308 sec) Profile()            Sample 19 initiated at 701.4dbars for bin 20 [700dbars].  PTS/O2,T2,TPhase,RPhase,RawTemp/FSig,BbSig,TSig: 701.1dbars 11.1201C 35.6808PSU / 1.9uM 11.150C 61.573 8.440 558.376 /   57  108  561
(Jun 07 2019 20:38:38,  858296 sec) AscentControlAgent(  Bouyancy nudge to 120 (v=0.078dbar/sec).
(Jun 07 2019 20:38:39,  858297 sec) PistonMoveAbsWTO()    110->120 111 112 113 114 115 [30sec, 13.7Volts, 0.347Amps, CPT:1472sec]
(Jun 07 2019 20:39:20,  858338 sec) PistonMoveAbsWTO()    115->120 116 117 118 119 120 [27sec, 13.6Volts, 0.338Amps, CPT:1499sec]
(Jun 07 2019 20:58:55,  859513 sec) Profile()            Sample 23 initiated at 501.2dbars for bin 24 [500dbars].  PTS/O2,T2,TPhase,RPhase,RawTemp/FSig,BbSig,TSig: 501.0dbars 12.7647C 35.8078PSU / 1.1uM 12.796C 61.624 8.471 506.758 /   58  113  558
(Jun 07 2019 21:14:17,  860435 sec) AscentControlAgent(  Bouyancy nudge to 130 (v=0.076dbar/sec).
(Jun 07 2019 21:14:18,  860436 sec) PistonMoveAbsWTO()    120->130 121 122 123 124 125 [30sec, 13.9Volts, 0.294Amps, CPT:1529sec]
(Jun 07 2019 21:14:59,  860477 sec) PistonMoveAbsWTO()    125->130 126 127 128 129 130 [25sec, 13.8Volts, 0.286Amps, CPT:1554sec]
(Jun 07 2019 21:29:35,  861353 sec) Profile()            Sample 27 initiated at 331.9dbars for bin 28 [330dbars].  PTS/O2,T2,TPhase,RPhase,RawTemp/FSig,BbSig,TSig: 331.7dbars 14.2526C 35.7701PSU / 1.0uM 14.298C 61.538 8.552 459.065 /   60  142  556
(Jun 07 2019 21:44:51,  862269 sec) AscentControlAgent(  Bouyancy nudge to 140 (v=0.069dbar/sec).
(Jun 07 2019 21:44:52,  862270 sec) PistonMoveAbsWTO()    130->140 131 132 133 134 135 [30sec, 14.0Volts, 0.238Amps, CPT:1584sec]
(Jun 07 2019 21:45:33,  862311 sec) PistonMoveAbsWTO()    135->140 136 137 138 139 140 [24sec, 14.0Volts, 0.238Amps, CPT:1608sec]
(Jun 07 2019 21:48:03,  862461 sec) Profile()            Sample 31 initiated at 241.2dbars for bin 32 [240dbars].  PTS/O2,T2,TPhase,RPhase,RawTemp/FSig,BbSig,TSig: 240.9dbars 16.5007C 35.9151PSU / 0.9uM 16.523C 61.396 8.702 387.588 /   58  162  554
(Jun 07 2019 21:55:03,  862881 sec) AscentControlAgent(  Bouyancy nudge to 150 (v=0.069dbar/sec).
(Jun 07 2019 21:55:04,  862882 sec) PistonMoveAbsWTO()    140->150 141 142 143 144 145 [30sec, 14.0Volts, 0.226Amps, CPT:1638sec]
(Jun 07 2019 21:55:45,  862923 sec) PistonMoveAbsWTO()    145->150 146 147 148 149 150 [23sec, 14.0Volts, 0.218Amps, CPT:1661sec]
(Jun 07 2019 22:00:12,  863190 sec) AscentControlAgent(  Bouyancy nudge to 160 (v=0.075dbar/sec).
(Jun 07 2019 22:00:13,  863191 sec) PistonMoveAbsWTO()    150->160 151 152 153 154 155 [30sec, 14.0Volts, 0.214Amps, CPT:1691sec]
(Jun 07 2019 22:01:09,  863247 sec) Profile()            Sample 35 initiated at 180.4dbars for bin 36 [180dbars].  PTS/O2,T2,TPhase,RPhase,RawTemp/FSig,BbSig,TSig: 180.1dbars 19.5307C 35.9469PSU / 0.9uM 19.553C 61.173 8.821 289.147 /   54  117  549
(Jun 07 2019 22:01:10,  863248 sec) PistonMoveAbsWTO()    155->160 156 157 158 159 160 [23sec, 14.0Volts, 0.210Amps, CPT:1714sec]
(Jun 07 2019 22:07:59,  863657 sec) Profile()            Sample 39 initiated at 141.4dbars for bin 40 [140dbars].  PTS/O2,T2,TPhase,RPhase,RawTemp/FSig,BbSig,TSig: 141.2dbars 22.2014C 36.2961PSU / 55.7uM 22.212C 47.922 8.903 202.373 /   54  110  546
(Jun 07 2019 22:17:17,  864215 sec) Profile()            Sample 43 initiated at 101.8dbars for bin 44 [100dbars].  PTS/O2,T2,TPhase,RPhase,RawTemp/FSig,BbSig,TSig: 101.6dbars 23.9469C 36.5008PSU / 126.0uM 23.953C 38.022 8.935 145.671 /   60  126  542
(Jun 07 2019 22:30:51,  865029 sec) AscentControlAgent(  Bouyancy nudge to 165 (v=0.016dbar/sec).
(Jun 07 2019 22:30:52,  865030 sec) PistonMoveAbsWTO()    160->165 161 162 163 164 165 [26sec, 14.1Volts, 0.189Amps, CPT:1740sec]
(Jun 07 2019 22:32:54,  865152 sec) Profile()            Sample 47 initiated at 61.9dbars for bin 48 [60dbars].  PTS/O2,T2,TPhase,RPhase,RawTemp/FSig,BbSig,TSig: 61.7dbars 26.1924C 36.6274PSU / 241.1uM 26.206C 29.355 8.976 72.787 /  167  162  539
(Jun 07 2019 22:40:58,  865636 sec) AscentControlAgent(  Bouyancy nudge to 170 (v=-0.011dbar/sec).
(Jun 07 2019 22:40:59,  865637 sec) PistonMoveAbsWTO()    165->170 166 167 168 169 170 [25sec, 14.1Volts, 0.185Amps, CPT:1765sec]
(Jun 07 2019 22:51:00,  866238 sec) AscentControlAgent(  Bouyancy nudge to 175 (v=-0.020dbar/sec).
(Jun 07 2019 22:51:01,  866239 sec) PistonMoveAbsWTO()    170->175 171 172 173 174 175 [27sec, 14.2Volts, 0.185Amps, CPT:1792sec]
(Jun 07 2019 22:56:00,  866538 sec) AscentControlAgent(  Bouyancy nudge to 180 (v=0.026dbar/sec).
(Jun 07 2019 22:56:01,  866539 sec) PistonMoveAbsWTO()    175->180 176 177 178 179 180 [26sec, 14.2Volts, 0.181Amps, CPT:1818sec]
(Jun 07 2019 22:59:38,  866756 sec) Profile()            Sample 51 initiated at 36.8dbars for bin 52 [35dbars].  PTS/O2,T2,TPhase,RPhase,RawTemp/FSig,BbSig,TSig: 36.7dbars 30.1472C 36.9462PSU / 226.3uM 30.153C 28.598 8.999 -52.745 /   69  156  532
(Jun 07 2019 23:01:00,  866838 sec) AscentControlAgent(  Bouyancy nudge to 185 (v=0.033dbar/sec).
(Jun 07 2019 23:01:01,  866838 sec) PistonMoveAbsWTO()    180->185 181 182 183 184 185 [27sec, 14.2Volts, 0.181Amps, CPT:1845sec]
(Jun 07 2019 23:06:11,  867149 sec) Profile()            Sample 55 initiated at 16.7dbars for bin 56 [15dbars].  PTS/O2,T2,TPhase,RPhase,RawTemp/FSig,BbSig,TSig: 16.6dbars 30.7318C 37.0155PSU / 220.7uM 30.764C 28.654 9.066 -71.829 /   60  153  531
(Jun 07 2019 23:07:59,  867257 sec) Profile()            Sample 56 initiated at 11.7dbars for bin 57 [10dbars].  PTS/O2,T2,TPhase,RPhase,RawTemp/FSig,BbSig,TSig: 11.6dbars 30.9357C 36.9997PSU / 219.7uM 30.959C 28.634 9.065 -77.892 /   59  148  530
(Jun 07 2019 23:10:35,  867413 sec) Profile()            Sample 57 initiated at 5.7dbars for bin 58 [4dbars].  PTS/O2,T2,TPhase,RPhase,RawTemp/FSig,BbSig,TSig: 5.6dbars 30.9874C 36.9015PSU / 218.7uM 31.019C 28.665 9.069 -79.757 /   61  146  530
(Jun 07 2019 23:11:01,  867439 sec) Profile()            Sample 58 initiated at 4.8dbars for bin 58 [4dbars].  PTS/O2,T2,TPhase,RPhase,RawTemp/FSig,BbSig,TSig: 4.6dbars 30.9752C 36.9017PSU / 218.5uM 31.009C 28.674 9.071 -79.455 /   61  150  529
(Jun 07 2019 23:11:14,  867452 sec) SurfaceDetect()      SurfacePressure:-0.6dbars Pressure:3.5dbars PistonPosition:185
(Jun 07 2019 23:11:15,  867453 sec) Sbe41cpStopCP()      Continuous profile stopped.
(Jun 07 2019 23:11:22,  867460 sec) PistonMoveAbsWTO()    185->207 186 187 188 189 190 191 192 193 194 195 196 197 198 199 200 201 202 203 204 205 206 207 [113sec, 14.3Volts, 0.149Amps, CPT:1958sec]
(Jun 07 2019 23:13:33,  867590 sec) sbe41cp.c:chat()     Expected string [S>] not received.
(Jun 07 2019 23:16:54,  867792 sec) Sbe41cpBinAverage()  Finished averaging 24018 samples in 196 seconds.
(Jun 07 2019 23:16:59,  867797 sec) Sbe41cpUploadCP()    Sbe41cpSerNo[08355] NSample[24018] NBin[998]
(Jun 07 2019 23:18:58,  867916 sec) Sbe41cpUploadCP()    Continuous profile uploaded [998 lines].

<EOT>

<EOT>
