(Feb 18 2018 18:23:10,   86040 sec) TelemetryInit()      Profile 78. (Apf9i FwRev: 061016)
(Feb 18 2018 18:30:07,   86457 sec) AirSystem()          Battery [187cnt, 14.5V]  Current [76cnt, 306.2mA]  Barometer [125cnt, 6.2"Hg]  Run-Time [48s]
(Feb 18 2018 18:30:45,   86494 sec) GetSurfaceObs()      P/O2,T2,TPhase,RPhase,RawTemp/FSig,BbSig,TSig: -0.5dbars / 246.8uM 24.249C 29.856 8.942 136.080 / 236,162,538
(Feb 18 2018 18:30:49,   86498 sec) GpsServices()        GPS almanac is current.
(Feb 18 2018 18:30:49,   86498 sec) GpsServices()        Initiating GPS fix acquisition.
(Feb 18 2018 18:31:09,   86519 sec) gga()                $GPGGA,183040,1546.4036,N,06446.9217,E,0,00,,,M,,M,,*59
(Feb 18 2018 18:31:21,   86530 sec) gga()                $GPGGA,183050,1546.4036,N,06446.9217,E,0,00,,,M,,M,,*58
(Feb 18 2018 18:31:32,   86541 sec) gga()                $GPGGA,183100,1546.4036,N,06446.9217,E,0,00,,,M,,M,,*5C
(Feb 18 2018 18:32:14,   86584 sec) gga()                $GPGGA,183100,1549.2351,N,06447.5825,E,1,08,0.8,1.3,M,-63.4,M,,*60
(Feb 18 2018 18:32:15,   86584 sec) GpsServices()        Profile 78 GPS fix obtained in 86 seconds.
(Feb 18 2018 18:32:15,   86585 sec) GpsServices()                  lon     lat mm/dd/yyyy hhmmss nsat
(Feb 18 2018 18:32:15,   86585 sec) GpsServices()        Fix:   64.793  15.821 02/18/2018 183100    8
(Feb 18 2018 18:33:01,   86630 sec) gga()                $GPGGA,183200,1549.2355,N,06447.5856,E,1,11,0.7,0.2,M,-63.4,M,,*64
(Feb 18 2018 18:33:08,   86638 sec) gga()                $GPGGA,183250,1549.2352,N,06447.5903,E,1,11,0.7,0.9,M,-63.4,M,,*6C
(Feb 18 2018 18:33:09,   86638 sec) GpsServices()        APF9 RTC skew (19s) OK.
(Feb 18 2018 18:33:09,   86639 sec) GpsServices()        GPS services complete.
(Feb 18 2018 18:33:35,   86665 sec) CLogin()             Connecting to primary host.
(Feb 18 2018 18:33:53,   86683 sec) CLogin()             Connection 1 established in 18 seconds.
(Feb 18 2018 18:34:04,   86693 sec) login()              Login successful.
(Feb 18 2018 18:34:07,   86697 sec) CLogin()             Logged in to host.  [Login required 14 seconds]
(Feb 18 2018 18:34:19,   86709 sec) RxConfig()           Downloading "mission.cfg" from host.
(Feb 18 2018 18:34:22,   86711 sec) Rx()                 Initiating transfer. [0x43]
(Feb 18 2018 18:34:25,   86714 sec) RxStartByte()        Sync errors encountered: 516
(Feb 18 2018 18:34:28,   86718 sec) Rx()                 Pad character [0x1a] found in ascii mode - truncating packet.
(Feb 18 2018 18:34:33,   86722 sec) Rx()                 Received EOT - transfer complete. [1 packets, 1024 bytes, 11 sec, 93.1 bps]
(Feb 18 2018 18:34:33,   86722 sec) RxConfig()           Download successful.
(Feb 18 2018 18:34:56,   86746 sec) WriteVitals()        Writing vitals to "7827.078.msg".
(Feb 18 2018 18:35:06,   86756 sec) UpLoadFile()         Uploading "7827.078.msg" to host as "7827.078.msg".
(Feb 18 2018 18:35:09,   86758 sec) Tx()                 CRC negotiation successful. [16-bit CRC]
(Feb 18 2018 18:35:16,   86765 sec) TxPacket()           NAK received - resending packet. [PktNum=0x01]
(Feb 18 2018 18:35:16,   86765 sec) TxPacket()           Packet xmit history: [01110001] (0:ok, 1:fail).
(Feb 18 2018 18:35:37,   86786 sec) TxPacket()           NAK received - resending packet. [PktNum=0x04]
(Feb 18 2018 18:35:37,   86786 sec) TxPacket()           Packet xmit history: [00010001] (0:ok, 1:fail).
(Feb 18 2018 18:35:44,   86793 sec) TxPacket()           NAK received - resending packet. [PktNum=0x04]
(Feb 18 2018 18:35:44,   86793 sec) TxPacket()           Packet xmit history: [00100011] (0:ok, 1:fail).
(Feb 18 2018 18:36:14,   86823 sec) TxPacket()           NAK received - resending packet. [PktNum=0x08]
(Feb 18 2018 18:36:14,   86823 sec) TxPacket()           Packet xmit history: [01100001] (0:ok, 1:fail).
(Feb 18 2018 18:36:40,   86849 sec) Tx()                 Transmission completed successfully [11 packets, 10145 bytes, 90 sec, 115.2 bps]
(Feb 18 2018 18:36:40,   86849 sec) UpLoadFile()         Upload successful.
(Feb 18 2018 18:36:48,   86857 sec) UpLoadFile()         Uploading "7827.078.log" to host as "7827.078.log".
(Feb 18 2018 18:36:51,   86860 sec) Tx()                 CRC negotiation successful. [16-bit CRC]
(Feb 18 2018 18:37:07,   86876 sec) TxPacket()           NAK received - resending packet. [PktNum=0x02]
(Feb 18 2018 18:37:07,   86877 sec) TxPacket()           Packet xmit history: [01000001] (0:ok, 1:fail).
(Feb 18 2018 18:37:24,   86893 sec) TxPacket()           NAK received - resending packet. [PktNum=0x03]
(Feb 18 2018 18:37:24,   86893 sec) TxPacket()           Packet xmit history: [00000101] (0:ok, 1:fail).
(Feb 18 2018 18:37:33,   86903 sec) TxPacket()           NAK received - resending packet. [PktNum=0x04]
(Feb 18 2018 18:37:33,   86903 sec) TxPacket()           Packet xmit history: [00010101] (0:ok, 1:fail).
(Feb 18 2018 18:37:51,   86920 sec) TxPacket()           NAK received - resending packet. [PktNum=0x09]
(Feb 18 2018 18:37:51,   86920 sec) TxPacket()           Packet xmit history: [01000001] (0:ok, 1:fail).
(Feb 18 2018 18:37:57,   86926 sec) TxPacket()           Packet xmit history: [10000010] (0:ok, 1:fail).
(Feb 18 2018 18:38:04,   86933 sec) TxPacket()           Invalid response [0x63] - resending packet. [PktNum=0x09]
(Feb 18 2018 18:38:04,   86933 sec) TxPacket()           Packet xmit history: [00000101] (0:ok, 1:fail).
(Feb 18 2018 18:38:06,   86935 sec) TxPacket()           Invalid response [0x5e] - resending packet. [PktNum=0x09]
(Feb 18 2018 18:38:06,   86936 sec) TxPacket()           Packet xmit history: [00001011] (0:ok, 1:fail).
(Feb 18 2018 18:38:09,   86939 sec) TxPacket()           Invalid response [0x57] - resending packet. [PktNum=0x09]
(Feb 18 2018 18:38:10,   86939 sec) TxPacket()           Packet xmit history: [00010111] (0:ok, 1:fail).
(Feb 18 2018 18:38:11,   86940 sec) TxPacket()           Invalid response [0x29] - resending packet. [PktNum=0x09]
(Feb 18 2018 18:38:11,   86941 sec) TxPacket()           Packet xmit history: [00101111] (0:ok, 1:fail).
(Feb 18 2018 18:38:12,   86942 sec) TxPacket()           Invalid response [0x28] - resending packet. [PktNum=0x09]
(Feb 18 2018 18:38:12,   86942 sec) TxPacket()           Packet xmit history: [01011111] (0:ok, 1:fail).
(Feb 18 2018 18:38:14,   86944 sec) TxPacket()           Invalid response [0x2f] - resending packet. [PktNum=0x09]
(Feb 18 2018 18:38:15,   86944 sec) TxPacket()           Packet xmit history: [10111111] (0:ok, 1:fail).
(Feb 18 2018 18:38:18,   86947 sec) TxPacket()           Invalid response [0x20] - resending packet. [PktNum=0x09]
(Feb 18 2018 18:38:19,   86948 sec) TxPacket()           Packet xmit history: [01111111] (0:ok, 1:fail).
(Feb 18 2018 18:38:22,   86951 sec) TxPacket()           Invalid response [0x20] - resending packet. [PktNum=0x09]
(Feb 18 2018 18:38:22,   86952 sec) TxPacket()           Packet xmit history: [11111111] (0:ok, 1:fail).
(Feb 18 2018 18:38:22,   86952 sec) TxPacket()           Exit status: -5
(Feb 18 2018 18:38:23,   86952 sec) Tx()                 Packet transmission failed - aborting transfer.
(Feb 18 2018 18:38:35,   86965 sec) UpLoadFile()         Upload failed.
(Feb 18 2018 18:38:51,   86981 sec) UpLoadFile()         Uploading "7827.078.log" to host as "7827.078.log".
(Feb 18 2018 18:39:51,   87040 sec) Tx()                 CRC negotiation failed - aborting transfer.
(Feb 18 2018 18:40:02,   87051 sec) UpLoadFile()         Upload failed.
(Feb 18 2018 18:40:02,   87052 sec) UpLoad()             Files successfully uploaded: 1
(Feb 18 2018 18:40:02,   87052 sec) UpLoad()             Aborting upload: Retry limit [2] exceeded. Upload incomplete.
(Feb 18 2018 18:40:08,   87058 sec) logout()             Log-out successful.
(Feb 18 2018 18:40:09,   87059 sec) Telemetry()          Telemetry cycle complete: PrfId=78 ConnectionAttempts=1  Connections=1
(Feb 18 2018 18:55:25,   87974 sec) AirSystem()          Air-bladder inflation by-passed. Barometer: [126cnt, 6.5"Hg].
(Feb 18 2018 18:56:02,   88011 sec) GetSurfaceObs()      P/O2,T2,TPhase,RPhase,RawTemp/FSig,BbSig,TSig: -0.4dbars / 246.6uM 24.949C 29.592 8.862 113.363 / 222,177,537
(Feb 18 2018 18:56:03,   88012 sec) GpsServices()        GPS almanac is current.
(Feb 18 2018 18:56:03,   88012 sec) GpsServices()        Initiating GPS fix acquisition.
(Feb 18 2018 18:56:19,   88029 sec) gga()                $GPGGA,185550,1549.2351,N,06447.5825,E,0,00,,,M,,M,,*56
(Feb 18 2018 18:56:23,   88033 sec) gga()                $GPGGA,185600,1549.2191,N,06447.6988,E,1,11,0.7,-0.9,M,-63.4,M,,*4B
(Feb 18 2018 18:57:07,   88077 sec) GpsServices()        Profile 78 GPS fix obtained in 64 seconds.
(Feb 18 2018 18:57:08,   88077 sec) GpsServices()                  lon     lat mm/dd/yyyy hhmmss nsat
(Feb 18 2018 18:57:08,   88077 sec) GpsServices()        Fix:   64.795  15.820 02/18/2018 185610   11
(Feb 18 2018 18:57:51,   88121 sec) gga()                $GPGGA,185650,1549.2192,N,06447.6983,E,1,11,0.7,-1.3,M,-63.4,M,,*4D
(Feb 18 2018 18:57:58,   88128 sec) gga()                $GPGGA,185740,1549.2183,N,06447.7014,E,1,11,0.8,-1.8,M,-63.4,M,,*4F
(Feb 18 2018 18:57:59,   88128 sec) GpsServices()        APF9 RTC skew (19s) OK.
(Feb 18 2018 18:57:59,   88129 sec) GpsServices()        GPS services complete.
(Feb 18 2018 18:58:25,   88155 sec) CLogin()             Connecting to primary host.
(Feb 18 2018 18:58:36,   88166 sec) CLogin()             Connection 2 established in 11 seconds.
(Feb 18 2018 18:58:50,   88179 sec) login()              Login successful.
(Feb 18 2018 18:58:54,   88183 sec) CLogin()             Logged in to host.  [Login required 18 seconds]
(Feb 18 2018 18:59:06,   88195 sec) RxConfig()           Downloading "mission.cfg" from host.
(Feb 18 2018 18:59:08,   88198 sec) Rx()                 Initiating transfer. [0x43]
(Feb 18 2018 18:59:11,   88201 sec) RxStartByte()        Sync errors encountered: 237
(Feb 18 2018 18:59:16,   88206 sec) Rx()                 Pad character [0x1a] found in ascii mode - truncating packet.
(Feb 18 2018 18:59:21,   88210 sec) Rx()                 Received EOT - transfer complete. [1 packets, 1024 bytes, 13 sec, 78.8 bps]
(Feb 18 2018 18:59:21,   88210 sec) RxConfig()           Download successful.
(Feb 18 2018 18:59:56,   88246 sec) UpLoadFile()         Uploading "7827.078.log" to host as "7827.078.log".
(Feb 18 2018 19:00:01,   88250 sec) Tx()                 CRC negotiation successful. [16-bit CRC]
(Feb 18 2018 19:00:57,   88306 sec) TxPacket()           NAK received - resending packet. [PktNum=0x09]
(Feb 18 2018 19:00:57,   88306 sec) TxPacket()           Packet xmit history: [00000001] (0:ok, 1:fail).
(Feb 18 2018 19:01:13,   88323 sec) TxPacket()           NAK received - resending packet. [PktNum=0x0b]
(Feb 18 2018 19:01:14,   88323 sec) TxPacket()           Packet xmit history: [00001001] (0:ok, 1:fail).
(Feb 18 2018 19:01:39,   88349 sec) Tx()                 Transmission completed successfully [14 packets, 14086 bytes, 97 sec, 147.8 bps]
(Feb 18 2018 19:01:40,   88349 sec) UpLoadFile()         Upload successful.
(Feb 18 2018 19:01:50,   88359 sec) UpLoad()             Files successfully uploaded: 1
(Feb 18 2018 19:01:50,   88360 sec) UpLoad()             Upload complete.
(Feb 18 2018 19:01:55,   88364 sec) chat()               Expected string [cmd>] not received.
(Feb 18 2018 19:01:55,   88364 sec) logout()             Can't get command prompt.
(Feb 18 2018 19:01:57,   88366 sec) logout()             Log-out successful.
(Feb 18 2018 19:01:58,   88367 sec) Telemetry()          Telemetry cycle complete: PrfId=78 ConnectionAttempts=2  Connections=2
(Feb 18 2018 19:01:58,   88368 sec) TelemetryTerminate(  Parsing new mission configuration.
(Feb 18 2018 19:02:00,   88370 sec) configure()          Parsing configurators in "mission.cfg".
(Feb 18 2018 19:02:09,   88379 sec) configure()             TelemetryRetry(15)            [0x7BBC] [TelemetryRetry(15)].
(Feb 18 2018 19:02:09,   88379 sec) configure()          Configuration CRCs and syntax OK.
(Feb 18 2018 19:02:09,   88379 sec) ConfigSupervisor()   Configuration accepted.
(Feb 18 2018 19:02:10,   88379 sec) TelemetryTerminate(  Reconditioning the file system.
(Feb 18 2018 19:02:26,      11 sec) DescentInit()        Deep profile 79 initiated at mission-time 88385sec.
(Feb 18 2018 19:02:29,      13 sec) DescentInit()        Surface pressure: -0.3dbars.
(Feb 18 2018 19:02:34,      18 sec) PistonMoveAbsWTO()    188->107 187 186 185 184 183 182 181 180 179 178 177 176 175 174 173 172 171 170 169 168 167 166 165 164 163 162 161 160 159 158 157 156 155 154 153 152 151 150 149 148 147 146 145 144 143 142 141 140 139 138 137 136 135 134 133 132 131 130 129 128 127 126 125 124 123 122 121 120 119 118 117 116 115 114 113 112 111 110 109 108 107 [410sec, 14.3Volts, 0.165Amps, CPT:410sec]
(Feb 18 2018 19:09:33,     438 sec) Descent()            Pressure: 20.8
(Feb 18 2018 20:02:19,    3604 sec) Descent()            Pressure: 267.3
(Feb 18 2018 20:42:25,    6010 sec) Descent()            Pressure: 346.9
(Feb 18 2018 20:42:26,    6010 sec) ParkInit()           
(Feb 18 2018 22:02:26,   10810 sec) Park()               ParkPOutOfBand[-3, 386.4 dbars]: retract piston.
(Feb 18 2018 22:02:26,   10811 sec) PistonMoveAbsWTO()    107->106 106 [5sec, 14.0Volts, 0.145Amps, CPT:415sec]
(Feb 19 2018 02:02:26,   25210 sec) Park()               ParkPOutOfBand[3, 418.4 dbars]: extend piston.
(Feb 19 2018 02:02:26,   25211 sec) PistonMoveAbsWTO()    106->107 107 [2sec, 13.7Volts, 0.270Amps, CPT:417sec]
(Feb 19 2018 05:02:26,   36010 sec) Park()               ParkPOutOfBand[3, 413.8 dbars]: extend piston.
(Feb 19 2018 05:02:26,   36011 sec) PistonMoveAbsWTO()    107->108 108 [6sec, 13.6Volts, 0.282Amps, CPT:423sec]
(Feb 19 2018 15:45:19,   74583 sec) CtdPower()           [  396.76, 12.4236, 35.5649]
(Feb 19 2018 15:45:19,   74583 sec) CtdPower()           CTD Power consumption [189VCnt 10ACnt]: 14.651Volts * 0.040Amps = 0.59Watts.
(Feb 19 2018 15:45:20,   74584 sec) ParkTerminate()      Piston Position:108 Vacuum:81 Vq:194 Aq:6 Vsbe:189 Asbe:10 Vflbb:185 Aflbb:12
(Feb 19 2018 15:45:56,   74621 sec) ParkTerminate()      PTS/O2,T2,TPhase,RawTemp: 396.8dbars 12.4244C 35.5642PSU / 1.2uM 12.457C 61.629 8.446 517.462
(Feb 19 2018 15:45:57,   74621 sec) ParkTerminate()      FLBB FSig, BbSig, TSig: 59, 114, 558
(Feb 19 2018 15:45:57,   74622 sec) GoDeepInit()         Moving piston.
(Feb 19 2018 15:45:57,   74622 sec) PistonMoveAbsWTO()    108->100 107 106 105 104 103 102 101 100 [38sec, 14.3Volts, 0.133Amps, CPT:461sec]
(Feb 19 2018 16:29:59,   77263 sec) ProfileInit()        PrfId:079  Pressure:491.9dbar  pTable[25]:450dbar
(Feb 19 2018 16:31:25,   77349 sec) Sbe41cpStartCP()     Continuous profile started.
(Feb 19 2018 16:31:25,   77350 sec) PistonMoveAbsWTO()    100->122 101 102 103 104 105 106 [30sec, 14.0Volts, 0.306Amps, CPT:491sec]
(Feb 19 2018 16:32:06,   77390 sec) PistonMoveAbsWTO()    106->122 107 108 109 110 111 [30sec, 14.0Volts, 0.310Amps, CPT:521sec]
(Feb 19 2018 16:32:46,   77430 sec) PistonMoveAbsWTO()    111->122 112 113 114 115 116 [30sec, 14.0Volts, 0.318Amps, CPT:551sec]
(Feb 19 2018 16:33:26,   77470 sec) PistonMoveAbsWTO()    116->122 117 118 119 120 121 122 [29sec, 13.9Volts, 0.314Amps, CPT:580sec]
(Feb 19 2018 16:45:03,   78167 sec) AscentControlAgent(  Bouyancy nudge to 132 (v=0.073dbar/sec).
(Feb 19 2018 16:45:03,   78168 sec) PistonMoveAbsWTO()    122->132 123 124 125 126 127 [30sec, 14.0Volts, 0.286Amps, CPT:610sec]
(Feb 19 2018 16:45:44,   78208 sec) PistonMoveAbsWTO()    127->132 128 129 130 131 132 [25sec, 14.0Volts, 0.294Amps, CPT:635sec]
(Feb 19 2018 17:00:21,   79086 sec) Profile()            Sample 3 initiated at 331.9dbars for bin 28 [330dbars].  PTS/O2,T2,TPhase,RPhase,RawTemp/FSig,BbSig,TSig: 331.5dbars 13.5018C 35.7065PSU / 1.1uM 13.533C 61.572 8.430 483.436 /   56  141  558
(Feb 19 2018 17:15:31,   79996 sec) Profile()            Sample 7 initiated at 241.5dbars for bin 32 [240dbars].  PTS/O2,T2,TPhase,RPhase,RawTemp/FSig,BbSig,TSig: 241.2dbars 14.8928C 35.8086PSU / 1.0uM 14.917C 61.484 8.502 439.266 /   60  150  556
(Feb 19 2018 17:26:10,   80634 sec) AscentControlAgent(  Bouyancy nudge to 142 (v=0.064dbar/sec).
(Feb 19 2018 17:26:10,   80634 sec) PistonMoveAbsWTO()    132->142 133 134 135 136 137 [30sec, 14.2Volts, 0.218Amps, CPT:665sec]
(Feb 19 2018 17:27:05,   80690 sec) PistonMoveAbsWTO()    137->142 138 139 140 141 142 [23sec, 14.2Volts, 0.222Amps, CPT:688sec]
(Feb 19 2018 17:29:04,   80808 sec) Profile()            Sample 11 initiated at 181.9dbars for bin 36 [180dbars].  PTS/O2,T2,TPhase,RPhase,RawTemp/FSig,BbSig,TSig: 181.6dbars 17.2464C 36.0000PSU / 0.9uM 17.265C 61.327 8.705 363.563 /   59  150  553
(Feb 19 2018 17:31:12,   80937 sec) AscentControlAgent(  Bouyancy nudge to 152 (v=0.078dbar/sec).
(Feb 19 2018 17:31:13,   80937 sec) PistonMoveAbsWTO()    142->152 143 144 145 146 147 [30sec, 14.1Volts, 0.210Amps, CPT:718sec]
(Feb 19 2018 17:31:53,   80977 sec) PistonMoveAbsWTO()    147->152 148 149 150 151 152 [24sec, 14.1Volts, 0.214Amps, CPT:742sec]
(Feb 19 2018 17:35:44,   81208 sec) Profile()            Sample 15 initiated at 141.6dbars for bin 40 [140dbars].  PTS/O2,T2,TPhase,RPhase,RawTemp/FSig,BbSig,TSig: 141.2dbars 18.4522C 35.9381PSU / 0.9uM 18.469C 61.251 8.760 324.453 /   56  129  551
(Feb 19 2018 17:43:12,   81656 sec) Profile()            Sample 19 initiated at 101.9dbars for bin 44 [100dbars].  PTS/O2,T2,TPhase,RPhase,RawTemp/FSig,BbSig,TSig: 101.7dbars 21.3357C 36.2075PSU / 15.9uM 21.343C 56.714 8.812 230.750 /   55  115  548
(Feb 19 2018 17:56:30,   82455 sec) AscentControlAgent(  Bouyancy nudge to 157 (v=0.020dbar/sec).
(Feb 19 2018 17:56:31,   82455 sec) PistonMoveAbsWTO()    152->157 153 154 155 156 157 [27sec, 14.3Volts, 0.185Amps, CPT:769sec]
(Feb 19 2018 18:01:35,   82760 sec) AscentControlAgent(  Bouyancy nudge to 162 (v=0.029dbar/sec).
(Feb 19 2018 18:01:36,   82760 sec) PistonMoveAbsWTO()    157->162 158 159 160 161 162 [26sec, 14.3Volts, 0.181Amps, CPT:795sec]
(Feb 19 2018 18:02:47,   82832 sec) Profile()            Sample 23 initiated at 61.7dbars for bin 48 [60dbars].  PTS/O2,T2,TPhase,RPhase,RawTemp/FSig,BbSig,TSig: 61.5dbars 24.8668C 36.5501PSU / 205.2uM 24.881C 31.726 8.904 115.582 /  113  135  541
(Feb 19 2018 18:10:03,   83267 sec) Profile()            Sample 27 initiated at 36.6dbars for bin 52 [35dbars].  PTS/O2,T2,TPhase,RPhase,RawTemp/FSig,BbSig,TSig: 36.4dbars 25.3289C 36.5445PSU / 241.5uM 25.343C 29.669 8.964 100.618 /  219  157  539
(Feb 19 2018 18:16:09,   83633 sec) Profile()            Sample 31 initiated at 16.8dbars for bin 56 [15dbars].  PTS/O2,T2,TPhase,RPhase,RawTemp/FSig,BbSig,TSig: 16.6dbars 25.6294C 36.5733PSU / 246.8uM 25.641C 29.311 8.965 90.979 /  177  157  538
(Feb 19 2018 18:17:47,   83731 sec) Profile()            Sample 32 initiated at 11.9dbars for bin 57 [10dbars].  PTS/O2,T2,TPhase,RPhase,RawTemp/FSig,BbSig,TSig: 11.7dbars 25.6540C 36.5763PSU / 247.5uM 25.667C 29.273 8.963 90.153 /  157  154  538
(Feb 19 2018 18:19:53,   83857 sec) Profile()            Sample 33 initiated at 5.7dbars for bin 58 [4dbars].  PTS/O2,T2,TPhase,RPhase,RawTemp/FSig,BbSig,TSig: 5.6dbars 25.7271C 36.5794PSU / 248.2uM 25.741C 29.214 8.962 87.759 /  145  181  537
(Feb 19 2018 18:20:19,   83883 sec) Profile()            Sample 34 initiated at 4.6dbars for bin 58 [4dbars].  PTS/O2,T2,TPhase,RPhase,RawTemp/FSig,BbSig,TSig: 4.4dbars 25.7775C 36.5758PSU / 247.6uM 25.811C 29.212 8.964 85.494 /  228  272  537
(Feb 19 2018 18:20:33,   83897 sec) SurfaceDetect()      SurfacePressure:-0.3dbars Pressure:3.3dbars PistonPosition:162
(Feb 19 2018 18:20:33,   83898 sec) Sbe41cpStopCP()      Continuous profile stopped.
(Feb 19 2018 18:20:41,   83905 sec) PistonMoveAbsWTO()    162->184 163 164 165 166 167 168 169 170 171 172 173 174 175 176 177 178 179 180 181 182 183 184 [113sec, 14.3Volts, 0.145Amps, CPT:908sec]
(Feb 19 2018 18:22:46,   84030 sec) sbe41cp.c:chat()     Expected string [S>] not received.
(Feb 19 2018 18:24:11,   84116 sec) Sbe41cpBinAverage()  Finished averaging 6577 samples in 80 seconds.
(Feb 19 2018 18:24:16,   84121 sec) Sbe41cpUploadCP()    Sbe41cpSerNo[08355] NSample[6577] NBin[248]
(Feb 19 2018 18:24:57,   84161 sec) Sbe41cpUploadCP()    Continuous profile uploaded [248 lines].

<EOT>

<EOT>
