(Jul 21 2020 21:46:11,  849408 sec) TelemetryInit()      Profile 177. (Apf9i FwRev: 061016)
(Jul 21 2020 21:53:12,  849830 sec) AirSystem()          Battery [188cnt, 14.6V]  Current [73cnt, 294.1mA]  Barometer [126cnt, 6.5"Hg]  Run-Time [50s]
(Jul 21 2020 21:54:06,  849883 sec) GetSurfaceObs()      P/O2,T2,TPhase,RPhase,RawTemp/FSig,BbSig,TSig: -0.6dbars / 224.5uM 28.205C 29.395 8.998 8.782 / 70,164,532
(Jul 21 2020 21:54:14,  849892 sec) GpsServices()        GPS almanac is current.
(Jul 21 2020 21:54:14,  849892 sec) GpsServices()        Initiating GPS fix acquisition.
(Jul 21 2020 21:54:29,  849906 sec) gga()                $GPGGA,215340,1838.0641,N,06852.1523,E,0,00,,,M,,M,,*51
(Jul 21 2020 21:54:40,  849917 sec) gga()                $GPGGA,215350,1838.0641,N,06852.1523,E,0,00,,,M,,M,,*50
(Jul 21 2020 21:54:51,  849928 sec) gga()                $GPGGA,215400,1838.0641,N,06852.1523,E,0,00,,,M,,M,,*52
(Jul 21 2020 21:55:02,  849939 sec) gga()                $GPGGA,215410,1838.0641,N,06852.1523,E,0,00,,,M,,M,,*53
(Jul 21 2020 21:55:13,  849950 sec) gga()                $GPGGA,215420,1838.0641,N,06852.1523,E,0,00,,,M,,M,,*50
(Jul 21 2020 21:55:24,  849961 sec) gga()                $GPGGA,215430,1838.0641,N,06852.1523,E,0,00,,,M,,M,,*51
(Jul 21 2020 21:56:08,  850006 sec) gga()                $GPGGA,215440,1825.7672,N,06849.2931,E,1,09,0.9,-4.9,M,-65.7,M,,*4D
(Jul 21 2020 21:56:09,  850006 sec) GpsServices()        Profile 177 GPS fix obtained in 114 seconds.
(Jul 21 2020 21:56:09,  850006 sec) GpsServices()                  lon     lat mm/dd/yyyy hhmmss nsat
(Jul 21 2020 21:56:09,  850007 sec) GpsServices()        Fix:   68.822  18.429 07/21/2020 215440    9
(Jul 21 2020 21:56:53,  850051 sec) gga()                $GPGGA,215540,1825.7651,N,06849.2881,E,1,09,0.9,-5.2,M,-65.7,M,,*4D
(Jul 21 2020 21:57:01,  850058 sec) gga()                $GPGGA,215630,1825.7648,N,06849.2844,E,1,09,0.9,0.2,M,-65.7,M,,*60
(Jul 21 2020 21:57:01,  850059 sec) GpsServices()        Excessive RTC skew (31s) detected.  Resetting Apf9's RTC to Tue Jul 21 21:56:30 2020
(Jul 21 2020 21:56:30,  850059 sec) GpsServices()        Apf9's RTC now reads Tue Jul 21 21:56:30 2020
(Jul 21 2020 21:56:30,  850059 sec) GpsServices()        GPS services complete.
(Jul 21 2020 21:57:03,  850093 sec) CLogin()             Connecting to primary host.
(Jul 21 2020 21:58:04,  850153 sec) chat()               Expected string [CONNECT] not received.
(Jul 21 2020 21:58:04,  850153 sec) modem_connect()      Modem command [AT+CBST=71,0,1;DT0088160000573] failed.
(Jul 21 2020 21:58:04,  850153 sec) connect()            Connection attempt failed.
(Jul 21 2020 21:58:18,  850168 sec) CLogin()             Connection 1 established in 75 seconds.
(Jul 21 2020 21:58:32,  850181 sec) login()              Login successful.
(Jul 21 2020 21:58:35,  850185 sec) CLogin()             Logged in to host.  [Login required 17 seconds]
(Jul 21 2020 21:58:47,  850197 sec) RxConfig()           Downloading "mission.cfg" from host.
(Jul 21 2020 21:58:50,  850199 sec) Rx()                 Initiating transfer. [0x43]
(Jul 21 2020 21:58:52,  850202 sec) RxStartByte()        Sync errors encountered: 378
(Jul 21 2020 21:58:56,  850205 sec) Rx()                 Truncated packet received - retrying.
(Jul 21 2020 21:58:59,  850209 sec) RxStartByte()        Sync errors encountered: 626
(Jul 21 2020 21:59:03,  850213 sec) Rx()                 Pad character [0x1a] found in ascii mode - truncating packet.
(Jul 21 2020 21:59:08,  850217 sec) Rx()                 Received EOT - transfer complete. [1 packets, 1024 bytes, 18 sec, 56.9 bps]
(Jul 21 2020 21:59:08,  850217 sec) RxConfig()           Download successful.
(Jul 21 2020 21:59:31,  850240 sec) WriteVitals()        Writing vitals to "7827.177.msg".
(Jul 21 2020 21:59:48,  850258 sec) UpLoadFile()         Uploading "7827.177.log" to host as "7827.177.log".
(Jul 21 2020 22:00:03,  850273 sec) Tx()                 CRC negotiation successful. [16-bit CRC]
(Jul 21 2020 22:00:41,  850310 sec) TxPacket()           NAK received - resending packet. [PktNum=0x05]
(Jul 21 2020 22:00:41,  850310 sec) TxPacket()           Packet xmit history: [00000001] (0:ok, 1:fail).
(Jul 21 2020 22:01:04,  850333 sec) TxPacket()           NAK received - resending packet. [PktNum=0x07]
(Jul 21 2020 22:01:04,  850333 sec) TxPacket()           Packet xmit history: [00001001] (0:ok, 1:fail).
(Jul 21 2020 22:01:11,  850340 sec) TxPacket()           NAK received - resending packet. [PktNum=0x07]
(Jul 21 2020 22:01:11,  850341 sec) TxPacket()           Packet xmit history: [00010011] (0:ok, 1:fail).
(Jul 21 2020 22:01:28,  850358 sec) TxPacket()           NAK received - resending packet. [PktNum=0x08]
(Jul 21 2020 22:01:28,  850358 sec) TxPacket()           Packet xmit history: [01001101] (0:ok, 1:fail).
(Jul 21 2020 22:01:54,  850383 sec) TxPacket()           NAK received - resending packet. [PktNum=0x0b]
(Jul 21 2020 22:01:54,  850384 sec) TxPacket()           Packet xmit history: [11010001] (0:ok, 1:fail).
(Jul 21 2020 22:02:10,  850399 sec) TxPacket()           NAK received - resending packet. [PktNum=0x0d]
(Jul 21 2020 22:02:10,  850399 sec) TxPacket()           Packet xmit history: [10001001] (0:ok, 1:fail).
(Jul 21 2020 22:03:09,  850458 sec) TxPacket()           NAK received - resending packet. [PktNum=0x16]
(Jul 21 2020 22:03:09,  850458 sec) TxPacket()           Packet xmit history: [00000001] (0:ok, 1:fail).
(Jul 21 2020 22:05:08,  850577 sec) TxPacket()           NAK received - resending packet. [PktNum=0x28]
(Jul 21 2020 22:05:08,  850577 sec) TxPacket()           Packet xmit history: [00000001] (0:ok, 1:fail).
(Jul 21 2020 22:05:19,  850588 sec) TxPacket()           NAK received - resending packet. [PktNum=0x29]
(Jul 21 2020 22:05:19,  850588 sec) TxPacket()           Packet xmit history: [00000101] (0:ok, 1:fail).
(Jul 21 2020 22:05:28,  850597 sec) Tx()                 Transmission completed successfully [41 packets, 40746 bytes, 323 sec, 127.2 bps]
(Jul 21 2020 22:05:28,  850598 sec) UpLoadFile()         Upload successful.
(Jul 21 2020 22:05:38,  850608 sec) UpLoadFile()         Uploading "7827.177.msg" to host as "7827.177.msg".
(Jul 21 2020 22:05:41,  850611 sec) Tx()                 CRC negotiation successful. [16-bit CRC]
(Jul 21 2020 22:05:51,  850620 sec) TxPacket()           NAK received - resending packet. [PktNum=0x01]
(Jul 21 2020 22:05:51,  850621 sec) TxPacket()           Packet xmit history: [00010101] (0:ok, 1:fail).
(Jul 21 2020 22:05:58,  850627 sec) TxPacket()           NAK received - resending packet. [PktNum=0x01]
(Jul 21 2020 22:05:58,  850628 sec) TxPacket()           Packet xmit history: [00101011] (0:ok, 1:fail).
(Jul 21 2020 22:06:20,  850649 sec) TxPacket()           NAK received - resending packet. [PktNum=0x05]
(Jul 21 2020 22:06:20,  850649 sec) TxPacket()           Packet xmit history: [01100001] (0:ok, 1:fail).
(Jul 21 2020 22:06:32,  850661 sec) TxPacket()           NAK received - resending packet. [PktNum=0x06]
(Jul 21 2020 22:06:32,  850661 sec) TxPacket()           Packet xmit history: [10000101] (0:ok, 1:fail).
(Jul 21 2020 22:07:14,  850704 sec) TxPacket()           NAK received - resending packet. [PktNum=0x0c]
(Jul 21 2020 22:07:14,  850704 sec) TxPacket()           Packet xmit history: [10000001] (0:ok, 1:fail).
(Jul 21 2020 22:08:01,  850750 sec) TxPacket()           NAK received - resending packet. [PktNum=0x13]
(Jul 21 2020 22:08:01,  850750 sec) TxPacket()           Packet xmit history: [00000001] (0:ok, 1:fail).
(Jul 21 2020 22:08:10,  850760 sec) TxPacket()           NAK received - resending packet. [PktNum=0x13]
(Jul 21 2020 22:08:11,  850760 sec) TxPacket()           Packet xmit history: [00000011] (0:ok, 1:fail).
(Jul 21 2020 22:08:23,  850772 sec) TxPacket()           NAK received - resending packet. [PktNum=0x14]
(Jul 21 2020 22:08:23,  850773 sec) TxPacket()           Packet xmit history: [00001101] (0:ok, 1:fail).
(Jul 21 2020 22:08:28,  850777 sec) TxPacket()           NAK received - resending packet. [PktNum=0x14]
(Jul 21 2020 22:08:28,  850778 sec) TxPacket()           Packet xmit history: [00011011] (0:ok, 1:fail).
(Jul 21 2020 22:08:38,  850787 sec) TxPacket()           NAK received - resending packet. [PktNum=0x15]
(Jul 21 2020 22:08:38,  850788 sec) TxPacket()           Packet xmit history: [01101101] (0:ok, 1:fail).
(Jul 21 2020 22:09:01,  850810 sec) TxPacket()           NAK received - resending packet. [PktNum=0x19]
(Jul 21 2020 22:09:01,  850811 sec) TxPacket()           Packet xmit history: [10100001] (0:ok, 1:fail).
(Jul 21 2020 22:09:06,  850815 sec) TxPacket()           NAK received - resending packet. [PktNum=0x19]
(Jul 21 2020 22:09:06,  850816 sec) TxPacket()           Packet xmit history: [01000011] (0:ok, 1:fail).
(Jul 21 2020 22:09:19,  850828 sec) TxPacket()           NAK received - resending packet. [PktNum=0x1a]
(Jul 21 2020 22:09:19,  850829 sec) TxPacket()           Packet xmit history: [00001101] (0:ok, 1:fail).
(Jul 21 2020 22:09:25,  850834 sec) TxPacket()           NAK received - resending packet. [PktNum=0x1a]
(Jul 21 2020 22:09:25,  850835 sec) TxPacket()           Packet xmit history: [00011011] (0:ok, 1:fail).
(Jul 21 2020 22:09:33,  850843 sec) TxPacket()           NAK received - resending packet. [PktNum=0x1a]
(Jul 21 2020 22:09:33,  850843 sec) TxPacket()           Packet xmit history: [00110111] (0:ok, 1:fail).
(Jul 21 2020 22:09:40,  850849 sec) TxPacket()           NAK received - resending packet. [PktNum=0x1a]
(Jul 21 2020 22:09:40,  850850 sec) TxPacket()           Packet xmit history: [01101111] (0:ok, 1:fail).
(Jul 21 2020 22:09:46,  850855 sec) TxPacket()           NAK received - resending packet. [PktNum=0x1a]
(Jul 21 2020 22:09:46,  850855 sec) TxPacket()           Packet xmit history: [11011111] (0:ok, 1:fail).
(Jul 21 2020 22:09:54,  850864 sec) TxPacket()           NAK received - resending packet. [PktNum=0x1a]
(Jul 21 2020 22:09:54,  850864 sec) TxPacket()           Packet xmit history: [10111111] (0:ok, 1:fail).
(Jul 21 2020 22:09:59,  850868 sec) TxPacket()           NAK received - resending packet. [PktNum=0x1a]
(Jul 21 2020 22:09:59,  850868 sec) TxPacket()           Packet xmit history: [01111111] (0:ok, 1:fail).
(Jul 21 2020 22:10:13,  850883 sec) TxPacket()           NAK received - resending packet. [PktNum=0x1a]
(Jul 21 2020 22:10:14,  850883 sec) TxPacket()           Packet xmit history: [11111111] (0:ok, 1:fail).
(Jul 21 2020 22:11:51,  850981 sec) TxPacket()           NAK received - resending packet. [PktNum=0x2b]
(Jul 21 2020 22:11:51,  850981 sec) TxPacket()           Packet xmit history: [00000001] (0:ok, 1:fail).
(Jul 21 2020 22:12:06,  850995 sec) Tx()                 Transmission completed successfully [44 packets, 36710 bytes, 383 sec, 96.6 bps]
(Jul 21 2020 22:12:06,  850996 sec) UpLoadFile()         Upload successful.
(Jul 21 2020 22:12:16,  851006 sec) UpLoad()             Files successfully uploaded: 2
(Jul 21 2020 22:12:16,  851006 sec) UpLoad()             Upload complete.
(Jul 21 2020 22:12:20,  851010 sec) logout()             Log-out successful.
(Jul 21 2020 22:12:21,  851011 sec) Telemetry()          Telemetry cycle complete: PrfId=177 ConnectionAttempts=2  Connections=1
(Jul 21 2020 22:12:22,  851011 sec) TelemetryTerminate(  Parsing new mission configuration.
(Jul 21 2020 22:12:24,  851014 sec) configure()          Parsing configurators in "mission.cfg".
(Jul 21 2020 22:12:32,  851022 sec) configure()             TelemetryRetry(15)          [0x7BBC] [TelemetryRetry(15)].
(Jul 21 2020 22:12:33,  851022 sec) configure()          Configuration CRCs and syntax OK.
(Jul 21 2020 22:12:33,  851022 sec) ConfigSupervisor()   Configuration accepted.
(Jul 21 2020 22:12:33,  851023 sec) TelemetryTerminate(  Reconditioning the file system.
(Jul 21 2020 22:12:50,      11 sec) DescentInit()        Deep profile 178 initiated at mission-time 851028sec.
(Jul 21 2020 22:12:52,      13 sec) DescentInit()        Surface pressure: -0.6dbars.
(Jul 21 2020 22:12:57,      18 sec) PistonMoveAbsWTO()    208->076 207 206 205 204 203 202 201 200 199 198 197 196 195 194 193 192 191 190 189 188 187 186 185 184 183 182 181 180 179 178 177 176 175 174 173 172 171 170 169 168 167 166 165 164 163 162 161 160 159 158 157 156 155 154 153 152 151 150 149 148 147 146 145 144 143 142 141 140 139 138 137 136 135 134 133 132 131 130 129 128 127 126 125 124 123 122 121 120 119 118 117 116 115 114 113 112 111 110 109 108 107 106 105 104 103 102 101 100 099 098 097 096 095 094 093 092 091 090 089 088 087 086 085 084 083 082 081 080 079 078 077 076 [668sec, 14.2Volts, 0.153Amps, CPT:668sec]
(Jul 21 2020 22:24:15,     696 sec) Descent()            Pressure: 50.5
(Jul 21 2020 23:12:43,    3604 sec) Descent()            Pressure: 432.4
(Jul 22 2020 00:12:43,    7204 sec) Descent()            Pressure: 753.5
(Jul 22 2020 01:12:43,   10804 sec) Descent()            Pressure: 939.0
(Jul 22 2020 02:12:43,   14404 sec) Descent()            Pressure: 981.4
(Jul 22 2020 03:12:43,   18004 sec) Descent()            Pressure: 987.0
(Jul 22 2020 03:12:43,   18004 sec) ParkInit()           
(Jul 31 2020 11:30:19,  825460 sec) CtdPower()           [  992.71,  8.8862, 35.5476]
(Jul 31 2020 11:30:19,  825460 sec) CtdPower()           CTD Power consumption [179VCnt 9ACnt]: 13.876Volts * 0.036Amps = 0.50Watts.
(Jul 31 2020 11:30:20,  825461 sec) ParkTerminate()      Piston Position:76 Vacuum:79 Vq:193 Aq:6 Vsbe:179 Asbe:9 Vflbb:174 Aflbb:12
(Jul 31 2020 11:30:57,  825498 sec) ParkTerminate()      PTS/O2,T2,TPhase,RawTemp: 992.7dbars 8.8845C 35.5486PSU / 6.2uM 8.908C 60.917 8.245 627.462
(Jul 31 2020 11:30:57,  825498 sec) ParkTerminate()      FLBB FSig, BbSig, TSig: 59, 109, 564
(Jul 31 2020 11:30:57,  825499 sec) GoDeepInit()         Moving piston.
(Jul 31 2020 11:30:58,  825499 sec) PistonMoveAbsWTO()    076->028 075 074 073 072 071 070 069 068 067 066 065 064 063 062 061 060 059 058 057 056 055 054 053 052 051 050 049 048 047 046 045 044 043 042 041 040 039 038 037 036 035 034 033 032 031 030 029 028 [249sec, 13.8Volts, 0.105Amps, CPT:917sec]
(Jul 31 2020 16:29:59,  843440 sec) ProfileInit()        PrfId:178  Pressure:1993.1dbar  pTable[1]:1900dbar
(Jul 31 2020 16:31:25,  843526 sec) Sbe41cpStartCP()     Continuous profile started.
(Jul 31 2020 16:31:25,  843527 sec) PistonMoveAbsWTO()    028->050 029 030 031 032 [30sec, 12.4Volts, 0.794Amps, CPT:947sec]
(Jul 31 2020 16:32:06,  843567 sec) PistonMoveAbsWTO()    032->050 033 034 035 036 037 [30sec, 12.7Volts, 0.806Amps, CPT:977sec]
(Jul 31 2020 16:32:46,  843607 sec) PistonMoveAbsWTO()    037->050 038 039 040 041 [30sec, 12.6Volts, 0.818Amps, CPT:1007sec]
(Jul 31 2020 16:33:26,  843647 sec) PistonMoveAbsWTO()    041->050 042 043 044 045 [30sec, 12.5Volts, 0.810Amps, CPT:1037sec]
(Jul 31 2020 16:34:06,  843687 sec) PistonMoveAbsWTO()    045->050 046 047 048 049 [30sec, 12.4Volts, 0.802Amps, CPT:1067sec]
(Jul 31 2020 16:34:46,  843727 sec) PistonMoveAbsWTO()    049->050 050 [3sec, 12.2Volts, 0.790Amps, CPT:1070sec]
(Jul 31 2020 16:47:46,  844508 sec) Profile()            Sample 0 initiated at 1901.3dbars for bin 1 [1900dbars].  PTS/O2,T2,TPhase,RPhase,RawTemp/FSig,BbSig,TSig: 1901.0dbars 3.5560C 35.0294PSU / 89.7uM 3.567C 51.020 8.304 785.301 /   57  111  573
(Jul 31 2020 17:06:30,  845632 sec) Profile()            Sample 1 initiated at 1801.7dbars for bin 2 [1800dbars].  PTS/O2,T2,TPhase,RPhase,RawTemp/FSig,BbSig,TSig: 1801.5dbars 3.9179C 35.0613PSU / 79.7uM 3.927C 51.889 8.314 774.974 /   58  112  572
(Jul 31 2020 17:20:27,  846468 sec) AscentControlAgent(  Bouyancy nudge to 60 (v=0.077dbar/sec).
(Jul 31 2020 17:20:27,  846468 sec) PistonMoveAbsWTO()    050->060 051 052 053 054 [30sec, 13.1Volts, 0.737Amps, CPT:1100sec]
(Jul 31 2020 17:21:07,  846508 sec) PistonMoveAbsWTO()    054->060 055 056 057 058 059 [30sec, 12.9Volts, 0.717Amps, CPT:1130sec]
(Jul 31 2020 17:21:47,  846548 sec) PistonMoveAbsWTO()    059->060 060 [6sec, 12.9Volts, 0.717Amps, CPT:1136sec]
(Jul 31 2020 17:26:10,  846811 sec) Profile()            Sample 2 initiated at 1701.9dbars for bin 3 [1700dbars].  PTS/O2,T2,TPhase,RPhase,RawTemp/FSig,BbSig,TSig: 1701.6dbars 4.3337C 35.0993PSU / 68.8uM 4.340C 52.912 8.321 763.076 /   59  114  572
(Jul 31 2020 17:45:32,  847973 sec) Profile()            Sample 3 initiated at 1601.8dbars for bin 4 [1600dbars].  PTS/O2,T2,TPhase,RPhase,RawTemp/FSig,BbSig,TSig: 1601.6dbars 4.9672C 35.1567PSU / 53.7uM 4.976C 54.473 8.329 744.640 /   58  114  571
(Jul 31 2020 17:45:55,  847996 sec) AscentControlAgent(  Bouyancy nudge to 70 (v=0.078dbar/sec).
(Jul 31 2020 17:45:55,  847996 sec) PistonMoveAbsWTO()    060->070 061 062 063 064 [30sec, 13.2Volts, 0.653Amps, CPT:1166sec]
(Jul 31 2020 17:46:35,  848036 sec) PistonMoveAbsWTO()    064->070 065 066 067 068 069 [30sec, 13.0Volts, 0.661Amps, CPT:1196sec]
(Jul 31 2020 17:47:15,  848076 sec) PistonMoveAbsWTO()    069->070 070 [5sec, 12.9Volts, 0.653Amps, CPT:1201sec]
(Jul 31 2020 18:02:31,  848992 sec) Profile()            Sample 4 initiated at 1501.1dbars for bin 5 [1500dbars].  PTS/O2,T2,TPhase,RPhase,RawTemp/FSig,BbSig,TSig: 1500.8dbars 5.6194C 35.2191PSU / 40.7uM 5.627C 55.977 8.341 725.611 /   58  114  570
(Jul 31 2020 18:21:03,  850104 sec) Profile()            Sample 5 initiated at 1402.0dbars for bin 6 [1400dbars].  PTS/O2,T2,TPhase,RPhase,RawTemp/FSig,BbSig,TSig: 1401.7dbars 6.1854C 35.2725PSU / 30.8uM 6.198C 57.229 8.344 708.805 /   57  114  569
(Jul 31 2020 18:26:28,  850429 sec) AscentControlAgent(  Bouyancy nudge to 80 (v=0.079dbar/sec).
(Jul 31 2020 18:26:28,  850429 sec) PistonMoveAbsWTO()    070->080 071 072 073 074 [30sec, 13.3Volts, 0.588Amps, CPT:1231sec]
(Jul 31 2020 18:27:08,  850469 sec) PistonMoveAbsWTO()    074->080 075 076 077 078 079 [30sec, 13.1Volts, 0.588Amps, CPT:1261sec]
(Jul 31 2020 18:27:48,  850509 sec) PistonMoveAbsWTO()    079->080 080 [4sec, 13.1Volts, 0.592Amps, CPT:1265sec]
(Jul 31 2020 18:30:37,  850678 sec) Profile()            Sample 6 initiated at 1351.8dbars for bin 7 [1350dbars].  PTS/O2,T2,TPhase,RPhase,RawTemp/FSig,BbSig,TSig: 1351.4dbars 6.5150C 35.3055PSU / 26.0uM 6.528C 57.876 8.348 699.035 /   58  116  568
(Jul 31 2020 18:38:57,  851178 sec) Profile()            Sample 7 initiated at 1301.4dbars for bin 8 [1300dbars].  PTS/O2,T2,TPhase,RPhase,RawTemp/FSig,BbSig,TSig: 1301.1dbars 6.8254C 35.3364PSU / 22.4uM 6.843C 58.383 8.348 689.673 /   59  116  568
(Jul 31 2020 18:48:07,  851728 sec) Profile()            Sample 8 initiated at 1251.3dbars for bin 9 [1250dbars].  PTS/O2,T2,TPhase,RPhase,RawTemp/FSig,BbSig,TSig: 1251.0dbars 7.1986C 35.3724PSU / 18.2uM 7.215C 58.991 8.349 678.569 /   58  118  567
(Jul 31 2020 18:57:47,  852308 sec) Profile()            Sample 9 initiated at 1201.5dbars for bin 10 [1200dbars].  PTS/O2,T2,TPhase,RPhase,RawTemp/FSig,BbSig,TSig: 1201.3dbars 7.4737C 35.4026PSU / 15.1uM 7.491C 59.470 8.350 670.302 /   59  115  567
(Jul 31 2020 19:07:02,  852863 sec) AscentControlAgent(  Bouyancy nudge to 90 (v=0.079dbar/sec).
(Jul 31 2020 19:07:02,  852863 sec) PistonMoveAbsWTO()    080->090 081 082 083 084 085 [30sec, 13.4Volts, 0.528Amps, CPT:1295sec]
(Jul 31 2020 19:07:42,  852903 sec) PistonMoveAbsWTO()    085->090 086 087 088 089 [30sec, 13.3Volts, 0.520Amps, CPT:1325sec]
(Jul 31 2020 19:08:37,  852958 sec) Profile()            Sample 10 initiated at 1148.7dbars for bin 11 [1150dbars].  PTS/O2,T2,TPhase,RPhase,RawTemp/FSig,BbSig,TSig: 1148.4dbars 7.7807C 35.4369PSU / 12.5uM 7.798C 59.893 8.352 661.088 /   60  115  566
(Jul 31 2020 19:08:38,  852959 sec) PistonMoveAbsWTO()    089->090 090 [2sec, 13.3Volts, 0.512Amps, CPT:1327sec]
(Jul 31 2020 19:16:07,  853408 sec) Profile()            Sample 11 initiated at 1101.2dbars for bin 12 [1100dbars].  PTS/O2,T2,TPhase,RPhase,RawTemp/FSig,BbSig,TSig: 1100.9dbars 8.0917C 35.4670PSU / 10.5uM 8.113C 60.206 8.349 651.591 /   57  115  566
(Jul 31 2020 19:24:47,  853928 sec) Profile()            Sample 12 initiated at 1051.1dbars for bin 13 [1050dbars].  PTS/O2,T2,TPhase,RPhase,RawTemp/FSig,BbSig,TSig: 1050.8dbars 8.5050C 35.5119PSU / 8.2uM 8.521C 60.564 8.349 639.224 /   59  118  565
(Jul 31 2020 19:34:27,  854508 sec) Profile()            Sample 13 initiated at 1001.6dbars for bin 14 [1000dbars].  PTS/O2,T2,TPhase,RPhase,RawTemp/FSig,BbSig,TSig: 1001.3dbars 8.8244C 35.5409PSU / 7.1uM 8.843C 60.737 8.351 629.459 /   58  117  565
(Jul 31 2020 19:47:39,  855300 sec) AscentControlAgent(  Bouyancy nudge to 100 (v=0.078dbar/sec).
(Jul 31 2020 19:47:39,  855300 sec) PistonMoveAbsWTO()    090->100 091 092 093 094 095 [30sec, 13.5Volts, 0.455Amps, CPT:1357sec]
(Jul 31 2020 19:48:19,  855340 sec) PistonMoveAbsWTO()    095->100 096 097 098 099 100 [29sec, 13.4Volts, 0.447Amps, CPT:1386sec]
(Jul 31 2020 19:53:55,  855676 sec) Profile()            Sample 15 initiated at 901.5dbars for bin 16 [900dbars].  PTS/O2,T2,TPhase,RPhase,RawTemp/FSig,BbSig,TSig: 901.2dbars 9.5010C 35.6059PSU / 4.1uM 9.530C 61.268 8.360 608.450 /   57  114  563
(Jul 31 2020 20:13:10,  856831 sec) AscentControlAgent(  Bouyancy nudge to 110 (v=0.078dbar/sec).
(Jul 31 2020 20:13:10,  856831 sec) PistonMoveAbsWTO()    100->110 101 102 103 104 105 [30sec, 13.6Volts, 0.427Amps, CPT:1416sec]
(Jul 31 2020 20:14:05,  856886 sec) PistonMoveAbsWTO()    105->110 106 107 108 109 110 [29sec, 13.5Volts, 0.419Amps, CPT:1445sec]
(Jul 31 2020 20:30:50,  857891 sec) Profile()            Sample 19 initiated at 701.5dbars for bin 20 [700dbars].  PTS/O2,T2,TPhase,RPhase,RawTemp/FSig,BbSig,TSig: 701.2dbars 10.9615C 35.6959PSU / 1.3uM 10.991C 61.713 8.421 563.324 /   57  107  561
(Jul 31 2020 20:58:53,  859574 sec) AscentControlAgent(  Bouyancy nudge to 120 (v=0.078dbar/sec).
(Jul 31 2020 20:58:53,  859574 sec) PistonMoveAbsWTO()    110->120 111 112 113 114 115 [30sec, 13.7Volts, 0.342Amps, CPT:1475sec]
(Jul 31 2020 20:59:33,  859614 sec) PistonMoveAbsWTO()    115->120 116 117 118 119 120 [28sec, 13.6Volts, 0.326Amps, CPT:1503sec]
(Jul 31 2020 21:08:53,  860174 sec) Profile()            Sample 23 initiated at 501.4dbars for bin 24 [500dbars].  PTS/O2,T2,TPhase,RPhase,RawTemp/FSig,BbSig,TSig: 501.1dbars 12.2661C 35.7870PSU / 1.1uM 12.300C 61.669 8.493 522.394 /   58  113  559
(Jul 31 2020 21:24:14,  861096 sec) AscentControlAgent(  Bouyancy nudge to 130 (v=0.079dbar/sec).
(Jul 31 2020 21:24:15,  861096 sec) PistonMoveAbsWTO()    120->130 121 122 123 124 125 [30sec, 13.8Volts, 0.286Amps, CPT:1533sec]
(Jul 31 2020 21:24:56,  861137 sec) PistonMoveAbsWTO()    125->130 126 127 128 129 130 [26sec, 13.7Volts, 0.286Amps, CPT:1559sec]
(Jul 31 2020 21:39:24,  862005 sec) Profile()            Sample 27 initiated at 331.9dbars for bin 28 [330dbars].  PTS/O2,T2,TPhase,RPhase,RawTemp/FSig,BbSig,TSig: 331.6dbars 13.5319C 35.8271PSU / 1.0uM 13.562C 61.598 8.505 482.510 /   57  130  557
(Jul 31 2020 21:49:43,  862625 sec) AscentControlAgent(  Bouyancy nudge to 140 (v=0.079dbar/sec).
(Jul 31 2020 21:49:44,  862625 sec) PistonMoveAbsWTO()    130->140 131 132 133 134 135 [30sec, 13.9Volts, 0.250Amps, CPT:1589sec]
(Jul 31 2020 21:50:25,  862666 sec) PistonMoveAbsWTO()    135->140 136 137 138 139 140 [25sec, 13.9Volts, 0.242Amps, CPT:1614sec]
(Jul 31 2020 21:56:08,  863009 sec) Profile()            Sample 31 initiated at 241.8dbars for bin 32 [240dbars].  PTS/O2,T2,TPhase,RPhase,RawTemp/FSig,BbSig,TSig: 241.5dbars 15.0701C 35.9120PSU / 0.9uM 15.087C 61.507 8.567 433.809 /   60  150  556
(Jul 31 2020 22:07:51,  863712 sec) Profile()            Sample 35 initiated at 181.4dbars for bin 36 [180dbars].  PTS/O2,T2,TPhase,RPhase,RawTemp/FSig,BbSig,TSig: 181.2dbars 16.4537C 35.8147PSU / 0.8uM 16.443C 61.418 8.694 390.160 /   58  178  553
(Jul 31 2020 22:10:05,  863846 sec) AscentControlAgent(  Bouyancy nudge to 150 (v=0.065dbar/sec).
(Jul 31 2020 22:10:06,  863847 sec) PistonMoveAbsWTO()    140->150 141 142 143 144 145 [30sec, 14.0Volts, 0.214Amps, CPT:1644sec]
(Jul 31 2020 22:11:03,  863904 sec) PistonMoveAbsWTO()    145->150 146 147 148 149 150 [24sec, 13.9Volts, 0.210Amps, CPT:1668sec]
(Jul 31 2020 22:16:49,  864250 sec) Profile()            Sample 39 initiated at 141.6dbars for bin 40 [140dbars].  PTS/O2,T2,TPhase,RPhase,RawTemp/FSig,BbSig,TSig: 141.4dbars 19.2362C 36.0633PSU / 0.8uM 19.234C 61.209 8.801 299.543 /   54  121  550
(Jul 31 2020 22:20:13,  864454 sec) AscentControlAgent(  Bouyancy nudge to 160 (v=0.065dbar/sec).
(Jul 31 2020 22:20:14,  864455 sec) PistonMoveAbsWTO()    150->160 151 152 153 154 155 [30sec, 14.0Volts, 0.197Amps, CPT:1698sec]
(Jul 31 2020 22:20:56,  864497 sec) PistonMoveAbsWTO()    155->160 156 157 158 159 160 [23sec, 14.0Volts, 0.197Amps, CPT:1721sec]
(Jul 31 2020 22:26:08,  864809 sec) Profile()            Sample 43 initiated at 101.8dbars for bin 44 [100dbars].  PTS/O2,T2,TPhase,RPhase,RawTemp/FSig,BbSig,TSig: 101.6dbars 22.4583C 36.3058PSU / 42.4uM 22.455C 50.315 8.905 194.465 /   58  119  546
(Jul 31 2020 22:35:30,  865371 sec) AscentControlAgent(  Bouyancy nudge to 165 (v=0.034dbar/sec).
(Jul 31 2020 22:35:31,  865372 sec) PistonMoveAbsWTO()    160->165 161 162 163 164 165 [27sec, 14.0Volts, 0.185Amps, CPT:1748sec]
(Jul 31 2020 22:40:19,  865660 sec) Profile()            Sample 47 initiated at 61.8dbars for bin 48 [60dbars].  PTS/O2,T2,TPhase,RPhase,RawTemp/FSig,BbSig,TSig: 61.7dbars 25.0604C 36.4086PSU / 153.2uM 25.065C 35.155 8.898 109.626 /  141  142  541
(Jul 31 2020 22:45:58,  865999 sec) AscentControlAgent(  Bouyancy nudge to 170 (v=0.028dbar/sec).
(Jul 31 2020 22:45:59,  866000 sec) PistonMoveAbsWTO()    165->170 166 167 168 169 170 [26sec, 14.0Volts, 0.177Amps, CPT:1774sec]
(Jul 31 2020 22:51:05,  866306 sec) AscentControlAgent(  Bouyancy nudge to 175 (v=0.030dbar/sec).
(Jul 31 2020 22:51:06,  866307 sec) PistonMoveAbsWTO()    170->175 171 172 173 174 175 [27sec, 14.0Volts, 0.173Amps, CPT:1801sec]
(Jul 31 2020 22:56:13,  866614 sec) AscentControlAgent(  Bouyancy nudge to 180 (v=0.015dbar/sec).
(Jul 31 2020 22:56:14,  866615 sec) PistonMoveAbsWTO()    175->180 176 177 178 179 180 [26sec, 14.1Volts, 0.177Amps, CPT:1827sec]
(Jul 31 2020 22:57:39,  866700 sec) Profile()            Sample 51 initiated at 36.8dbars for bin 52 [35dbars].  PTS/O2,T2,TPhase,RPhase,RawTemp/FSig,BbSig,TSig: 36.7dbars 28.5503C 36.4942PSU / 213.1uM 28.486C 29.872 9.020 -0.138 /  109  159  536
(Jul 31 2020 23:01:21,  866922 sec) AscentControlAgent(  Bouyancy nudge to 185 (v=0.016dbar/sec).
(Jul 31 2020 23:01:22,  866923 sec) PistonMoveAbsWTO()    180->185 181 182 183 184 185 [26sec, 14.1Volts, 0.177Amps, CPT:1853sec]
(Jul 31 2020 23:08:41,  867362 sec) Profile()            Sample 55 initiated at 16.9dbars for bin 56 [15dbars].  PTS/O2,T2,TPhase,RPhase,RawTemp/FSig,BbSig,TSig: 16.8dbars 29.0290C 36.3279PSU / 220.7uM 29.052C 29.271 9.023 -18.073 /   61  151  533
(Jul 31 2020 23:11:30,  867531 sec) Profile()            Sample 56 initiated at 11.7dbars for bin 57 [10dbars].  PTS/O2,T2,TPhase,RPhase,RawTemp/FSig,BbSig,TSig: 11.6dbars 28.9957C 36.2952PSU / 221.1uM 29.017C 29.267 9.018 -16.980 /   60  149  533
(Jul 31 2020 23:11:32,  867533 sec) AscentControlAgent(  Bouyancy nudge to 190 (v=0.029dbar/sec).
(Jul 31 2020 23:11:33,  867534 sec) PistonMoveAbsWTO()    185->190 186 187 [15sec, 14.1Volts, 0.173Amps, CPT:1868sec]
(Jul 31 2020 23:11:59,  867560 sec) PistonMoveAbsWTO()    188->190 189 190 [11sec, 14.1Volts, 0.169Amps, CPT:1879sec]
(Jul 31 2020 23:13:42,  867663 sec) Profile()            Sample 57 initiated at 5.5dbars for bin 58 [4dbars].  PTS/O2,T2,TPhase,RPhase,RawTemp/FSig,BbSig,TSig: 5.4dbars 28.9965C 36.3021PSU / 221.8uM 29.017C 29.231 9.016 -16.973 /   60  144  532
(Jul 31 2020 23:14:08,  867689 sec) Profile()            Sample 58 initiated at 4.4dbars for bin 58 [4dbars].  PTS/O2,T2,TPhase,RPhase,RawTemp/FSig,BbSig,TSig: 4.4dbars 28.9942C 36.2954PSU / 221.8uM 29.015C 29.231 9.015 -16.909 /   58  146  532
(Jul 31 2020 23:14:21,  867702 sec) SurfaceDetect()      SurfacePressure:-0.6dbars Pressure:3.3dbars PistonPosition:190
(Jul 31 2020 23:14:22,  867703 sec) Sbe41cpStopCP()      Continuous profile stopped.
(Jul 31 2020 23:14:29,  867710 sec) PistonMoveAbsWTO()    190->212 191 192 193 194 195 196 197 198 199 200 201 202 203 204 205 206 207 208 209 210 211 212 [114sec, 14.2Volts, 0.149Amps, CPT:1993sec]
(Jul 31 2020 23:16:40,  867841 sec) sbe41cp.c:chat()     Expected string [S>] not received.
(Jul 31 2020 23:20:02,  868043 sec) Sbe41cpBinAverage()  Finished averaging 24206 samples in 197 seconds.
(Jul 31 2020 23:20:07,  868048 sec) Sbe41cpUploadCP()    Sbe41cpSerNo[08355] NSample[24206] NBin[998]
(Jul 31 2020 23:22:06,  868167 sec) Sbe41cpUploadCP()    Continuous profile uploaded [998 lines].

<EOT>

<EOT>
