(Apr 12 2018 20:56:18,  841891 sec) TelemetryInit()      Profile 94. (Apf9i FwRev: 061016)
(Apr 12 2018 21:03:17,  842310 sec) AirSystem()          Battery [188cnt, 14.6V]  Current [75cnt, 302.2mA]  Barometer [126cnt, 6.5"Hg]  Run-Time [49s]
(Apr 12 2018 21:04:02,  842355 sec) GetSurfaceObs()      P/O2,T2,TPhase,RPhase,RawTemp/FSig,BbSig,TSig: -0.5dbars / 230.9uM 27.766C 29.246 9.016 22.782 / 61,167,533
(Apr 12 2018 21:04:10,  842363 sec) GpsServices()        GPS almanac is current.
(Apr 12 2018 21:04:10,  842364 sec) GpsServices()        Initiating GPS fix acquisition.
(Apr 12 2018 21:04:24,  842378 sec) gga()                $GPGGA,210340,1622.4976,N,06411.5379,E,0,00,,,M,,M,,*58
(Apr 12 2018 21:04:38,  842391 sec) gga()                $GPGGA,210400,1622.4976,N,06411.5379,E,0,00,,,M,,M,,*5B
(Apr 12 2018 21:04:49,  842402 sec) gga()                $GPGGA,210400,1622.4976,N,06411.5379,E,0,00,,,M,,M,,*5B
(Apr 12 2018 21:05:00,  842413 sec) gga()                $GPGGA,210410,1622.4976,N,06411.5379,E,0,00,,,M,,M,,*5A
(Apr 12 2018 21:05:03,  842416 sec) gga()                $GPGGA,210420,1622.4976,N,06411.5379,E,0,00,,,M,,M,,*59
(Apr 12 2018 21:05:46,  842459 sec) gga()                $GPGGA,210430,1623.6266,N,06414.7764,E,1,11,0.8,-4.1,M,-60.8,M,,*42
(Apr 12 2018 21:05:46,  842459 sec) GpsServices()        Profile 94 GPS fix obtained in 96 seconds.
(Apr 12 2018 21:05:46,  842460 sec) GpsServices()                  lon     lat mm/dd/yyyy hhmmss nsat
(Apr 12 2018 21:05:46,  842460 sec) GpsServices()        Fix:   64.246  16.394 04/12/2018 210430   11
(Apr 12 2018 21:06:30,  842503 sec) gga()                $GPGGA,210520,1623.6234,N,06414.7716,E,1,11,0.8,-3.9,M,-60.8,M,,*4F
(Apr 12 2018 21:06:37,  842510 sec) gga()                $GPGGA,210610,1623.6193,N,06414.7670,E,1,11,0.8,-3.8,M,-60.8,M,,*41
(Apr 12 2018 21:06:37,  842511 sec) GpsServices()        APF9 RTC skew (27s) OK.
(Apr 12 2018 21:06:38,  842511 sec) GpsServices()        GPS services complete.
(Apr 12 2018 21:07:03,  842537 sec) CLogin()             Connecting to primary host.
(Apr 12 2018 21:07:17,  842550 sec) CLogin()             Connection 1 established in 14 seconds.
(Apr 12 2018 21:07:47,  842580 sec) expect()             Attempt to read prompt string [login:] failed.
(Apr 12 2018 21:07:47,  842580 sec) login()              Login prompt not received.
(Apr 12 2018 21:08:17,  842610 sec) expect()             Attempt to read prompt string [login:] failed.
(Apr 12 2018 21:08:17,  842610 sec) login()              Login prompt not received.
(Apr 12 2018 21:08:34,  842628 sec) CLogin()             Connection 2 established in 91 seconds.
(Apr 12 2018 21:09:04,  842657 sec) expect()             Attempt to read prompt string [login:] failed.
(Apr 12 2018 21:09:04,  842657 sec) login()              Login prompt not received.
(Apr 12 2018 21:09:34,  842687 sec) expect()             Attempt to read prompt string [login:] failed.
(Apr 12 2018 21:09:34,  842687 sec) login()              Login prompt not received.
(Apr 12 2018 21:09:34,  842687 sec) CLogin()             Attempt to connect to primary host failed after 2 tries.  Connecting to alternate host.
(Apr 12 2018 21:09:53,  842706 sec) CLogin()             Connection 3 established in 170 seconds.
(Apr 12 2018 21:10:23,  842736 sec) expect()             Attempt to read prompt string [login:] failed.
(Apr 12 2018 21:10:23,  842736 sec) login()              Login prompt not received.
(Apr 12 2018 21:10:53,  842766 sec) expect()             Attempt to read prompt string [login:] failed.
(Apr 12 2018 21:10:53,  842766 sec) login()              Login prompt not received.
(Apr 12 2018 21:11:16,  842789 sec) CLogin()             Connection 4 established in 253 seconds.
(Apr 12 2018 21:11:36,  842810 sec) login()              Login successful.
(Apr 12 2018 21:11:42,  842815 sec) chat()               Expected string [cmd>] not received.
(Apr 12 2018 21:11:42,  842815 sec) login()              Attempt to set the command prompt failed.
(Apr 12 2018 21:11:47,  842820 sec) chat()               Expected string [cmd>] not received.
(Apr 12 2018 21:11:47,  842820 sec) login()              Attempt to set the command prompt failed.
(Apr 12 2018 21:11:52,  842825 sec) chat()               Expected string [cmd>] not received.
(Apr 12 2018 21:11:52,  842825 sec) login()              Attempt to set the command prompt failed.
(Apr 12 2018 21:11:52,  842825 sec) CLogin()             Logged in to host.  [Login required 36 seconds]
(Apr 12 2018 21:12:32,  842865 sec) chat()               Expected string [sx -a  mission.cfg] not received.
(Apr 12 2018 21:12:32,  842865 sec) RxConfig()           Failed attempt to execute "sx -a  mission.cfg" on the host.
(Apr 12 2018 21:12:33,  842866 sec) RxConfig()           No carrier detected.
(Apr 12 2018 21:12:33,  842866 sec) DownLoadMissionCfg(  Keeping previous version of "mission.cfg".
(Apr 12 2018 21:12:33,  842867 sec) CLogin()             Connecting to primary host.
(Apr 12 2018 21:12:43,  842876 sec) CLogin()             Connection 5 established in 10 seconds.
(Apr 12 2018 21:13:13,  842906 sec) expect()             Attempt to read prompt string [login:] failed.
(Apr 12 2018 21:13:13,  842906 sec) login()              Login prompt not received.
(Apr 12 2018 21:13:43,  842936 sec) expect()             Attempt to read prompt string [login:] failed.
(Apr 12 2018 21:13:43,  842936 sec) login()              Login prompt not received.
(Apr 12 2018 21:13:51,  842945 sec) CLogin()             Connection 6 established in 78 seconds.
(Apr 12 2018 21:14:21,  842974 sec) expect()             Attempt to read prompt string [login:] failed.
(Apr 12 2018 21:14:21,  842974 sec) login()              Login prompt not received.
(Apr 12 2018 21:14:51,  843004 sec) expect()             Attempt to read prompt string [login:] failed.
(Apr 12 2018 21:14:51,  843004 sec) login()              Login prompt not received.
(Apr 12 2018 21:14:51,  843004 sec) CLogin()             Attempt to connect to primary host failed after 2 tries.  Connecting to alternate host.
(Apr 12 2018 21:15:12,  843026 sec) CLogin()             Connection 7 established in 159 seconds.
(Apr 12 2018 21:15:42,  843055 sec) expect()             Attempt to read prompt string [login:] failed.
(Apr 12 2018 21:15:42,  843055 sec) login()              Login prompt not received.
(Apr 12 2018 21:16:12,  843085 sec) expect()             Attempt to read prompt string [login:] failed.
(Apr 12 2018 21:16:12,  843085 sec) login()              Login prompt not received.
(Apr 12 2018 21:16:45,  843118 sec) CLogin()             Connection 8 established in 252 seconds.
(Apr 12 2018 21:17:15,  843148 sec) expect()             Attempt to read prompt string [login:] failed.
(Apr 12 2018 21:17:15,  843148 sec) login()              Login prompt not received.
(Apr 12 2018 21:17:45,  843178 sec) expect()             Attempt to read prompt string [login:] failed.
(Apr 12 2018 21:17:45,  843178 sec) login()              Login prompt not received.
(Apr 12 2018 21:17:45,  843178 sec) CLogin()             Attempt to connect to primary and alternate hosts failed - aborting.
(Apr 12 2018 21:17:45,  843179 sec) DownLoadMissionCfg(  Connect/login failed.  Mission configuration not downloaded from remote host.
(Apr 12 2018 21:17:46,  843179 sec) DownLoadMissionCfg(  Aborting download: Retry limit [2] exceeded.
(Apr 12 2018 21:17:46,  843179 sec) WriteVitals()        Writing vitals to "7827.094.msg".
(Apr 12 2018 21:17:53,  843186 sec) CLogin()             Connecting to primary host.
(Apr 12 2018 21:18:04,  843198 sec) CLogin()             Connection 9 established in 12 seconds.
(Apr 12 2018 21:18:35,  843228 sec) expect()             Attempt to read prompt string [login:] failed.
(Apr 12 2018 21:18:35,  843228 sec) login()              Login prompt not received.
(Apr 12 2018 21:19:05,  843258 sec) expect()             Attempt to read prompt string [login:] failed.
(Apr 12 2018 21:19:05,  843258 sec) login()              Login prompt not received.
(Apr 12 2018 21:19:19,  843273 sec) CLogin()             Connection 10 established in 87 seconds.
(Apr 12 2018 21:19:50,  843303 sec) expect()             Attempt to read prompt string [login:] failed.
(Apr 12 2018 21:19:50,  843303 sec) login()              Login prompt not received.
(Apr 12 2018 21:20:20,  843333 sec) expect()             Attempt to read prompt string [login:] failed.
(Apr 12 2018 21:20:20,  843333 sec) login()              Login prompt not received.
(Apr 12 2018 21:20:20,  843333 sec) CLogin()             Attempt to connect to primary host failed after 2 tries.  Connecting to alternate host.
(Apr 12 2018 21:21:00,  843374 sec) CLogin()             Connection 11 established in 188 seconds.
(Apr 12 2018 21:21:31,  843404 sec) expect()             Attempt to read prompt string [login:] failed.
(Apr 12 2018 21:21:31,  843404 sec) login()              Login prompt not received.
(Apr 12 2018 21:22:01,  843434 sec) expect()             Attempt to read prompt string [login:] failed.
(Apr 12 2018 21:22:01,  843434 sec) login()              Login prompt not received.
(Apr 12 2018 21:22:06,  843439 sec) chat()               Expected string [OK] not received.
(Apr 12 2018 21:22:06,  843439 sec) modem_restore_facto  Modem command [AT&F0] failed.
(Apr 12 2018 21:22:06,  843439 sec) modem_initialize()   Unable to restore modem's factory defaults.
(Apr 12 2018 21:22:06,  843439 sec) modem_connect()      Modem configuration failed.
(Apr 12 2018 21:22:06,  843440 sec) connect()            Connection attempt failed.
(Apr 12 2018 21:22:06,  843440 sec) CLogin()             Attempt to connect to primary and alternate hosts failed - aborting.
(Apr 12 2018 21:22:08,  843441 sec) CLogin()             Connecting to primary host.
(Apr 12 2018 21:22:34,  843467 sec) CLogin()             Connection 12 established in 27 seconds.
(Apr 12 2018 21:23:04,  843497 sec) expect()             Attempt to read prompt string [login:] failed.
(Apr 12 2018 21:23:04,  843497 sec) login()              Login prompt not received.
(Apr 12 2018 21:23:34,  843527 sec) expect()             Attempt to read prompt string [login:] failed.
(Apr 12 2018 21:23:34,  843527 sec) login()              Login prompt not received.
(Apr 12 2018 21:23:49,  843542 sec) CLogin()             Connection 13 established in 102 seconds.
(Apr 12 2018 21:24:19,  843572 sec) expect()             Attempt to read prompt string [login:] failed.
(Apr 12 2018 21:24:19,  843572 sec) login()              Login prompt not received.
(Apr 12 2018 21:24:19,  843572 sec) login()              No carrier detected.
(Apr 12 2018 21:24:19,  843572 sec) CLogin()             Attempt to connect to primary host failed after 2 tries.  Connecting to alternate host.
(Apr 12 2018 21:25:20,  843633 sec) chat()               Expected string [CONNECT] not received.
(Apr 12 2018 21:25:20,  843633 sec) modem_connect()      Modem command [ATDT0013014291790] failed.
(Apr 12 2018 21:25:20,  843633 sec) connect()            Connection attempt failed.
(Apr 12 2018 21:25:26,  843639 sec) chat()               Expected string [OK] not received.
(Apr 12 2018 21:25:26,  843639 sec) modem_restore_facto  Modem command [AT&F0] failed.
(Apr 12 2018 21:25:26,  843639 sec) modem_initialize()   Unable to restore modem's factory defaults.
(Apr 12 2018 21:25:26,  843639 sec) modem_connect()      Modem configuration failed.
(Apr 12 2018 21:25:26,  843640 sec) connect()            Connection attempt failed.
(Apr 12 2018 21:25:26,  843640 sec) CLogin()             Attempt to connect to primary and alternate hosts failed - aborting.
(Apr 12 2018 21:25:27,  843640 sec) UpLoad()             Files successfully uploaded: 0
(Apr 12 2018 21:25:27,  843641 sec) UpLoad()             Aborting upload: Retry limit [2] exceeded. Upload incomplete.
(Apr 12 2018 21:25:27,  843641 sec) logout()             No carrier detected.
(Apr 12 2018 21:25:28,  843641 sec) Telemetry()          Telemetry cycle complete: PrfId=94 ConnectionAttempts=16  Connections=13
(Apr 12 2018 21:40:42,  844555 sec) AirSystem()          Air-bladder inflation by-passed. Barometer: [127cnt, 6.8"Hg].
(Apr 12 2018 21:41:19,  844592 sec) GetSurfaceObs()      P/O2,T2,TPhase,RPhase,RawTemp/FSig,BbSig,TSig: -0.4dbars / 231.3uM 27.508C 29.325 8.919 31.010 / 62,164,532
(Apr 12 2018 21:41:27,  844600 sec) GpsServices()        GPS almanac is current.
(Apr 12 2018 21:41:27,  844601 sec) GpsServices()        Initiating GPS fix acquisition.
(Apr 12 2018 21:42:20,  844653 sec) gga()                $GPGGA,214110,1623.5544,N,06414.6001,E,6,10,0.9,-4.6,M,-60.8,M,,*40
(Apr 12 2018 21:43:03,  844696 sec) gga()                $GPGGA,214120,1623.5527,N,06414.5987,E,1,10,0.9,-5.2,M,-60.8,M,,*40
(Apr 12 2018 21:43:03,  844697 sec) GpsServices()        Profile 94 GPS fix obtained in 96 seconds.
(Apr 12 2018 21:43:04,  844697 sec) GpsServices()                  lon     lat mm/dd/yyyy hhmmss nsat
(Apr 12 2018 21:43:04,  844697 sec) GpsServices()        Fix:   64.243  16.393 04/12/2018 214120   10
(Apr 12 2018 21:43:50,  844743 sec) gga()                $GPGGA,214240,1623.5507,N,06414.5929,E,1,11,0.8,-3.1,M,-60.8,M,,*46
(Apr 12 2018 21:43:57,  844750 sec) gga()                $GPGGA,214330,1623.5499,N,06414.5898,E,1,11,0.8,-3.3,M,-60.8,M,,*4F
(Apr 12 2018 21:43:57,  844751 sec) GpsServices()        APF9 RTC skew (27s) OK.
(Apr 12 2018 21:43:58,  844751 sec) GpsServices()        GPS services complete.
(Apr 12 2018 21:44:23,  844777 sec) CLogin()             Connecting to primary host.
(Apr 12 2018 21:44:33,  844787 sec) CLogin()             Connection 14 established in 10 seconds.
(Apr 12 2018 21:45:04,  844817 sec) expect()             Attempt to read prompt string [login:] failed.
(Apr 12 2018 21:45:04,  844817 sec) login()              Login prompt not received.
(Apr 12 2018 21:45:34,  844847 sec) expect()             Attempt to read prompt string [login:] failed.
(Apr 12 2018 21:45:34,  844847 sec) login()              Login prompt not received.
(Apr 12 2018 21:45:44,  844857 sec) CLogin()             Connection 15 established in 81 seconds.
(Apr 12 2018 21:46:14,  844887 sec) expect()             Attempt to read prompt string [login:] failed.
(Apr 12 2018 21:46:14,  844887 sec) login()              Login prompt not received.
(Apr 12 2018 21:46:44,  844917 sec) expect()             Attempt to read prompt string [login:] failed.
(Apr 12 2018 21:46:44,  844917 sec) login()              Login prompt not received.
(Apr 12 2018 21:46:44,  844917 sec) CLogin()             Attempt to connect to primary host failed after 2 tries.  Connecting to alternate host.
(Apr 12 2018 21:47:45,  844978 sec) chat()               Expected string [CONNECT] not received.
(Apr 12 2018 21:47:45,  844978 sec) modem_connect()      Modem command [ATDT0013014291790] failed.
(Apr 12 2018 21:47:45,  844978 sec) connect()            Connection attempt failed.
(Apr 12 2018 21:48:46,  845039 sec) chat()               Expected string [CONNECT] not received.
(Apr 12 2018 21:48:46,  845039 sec) modem_connect()      Modem command [ATDT0013014291790] failed.
(Apr 12 2018 21:48:46,  845039 sec) connect()            Connection attempt failed.
(Apr 12 2018 21:48:46,  845039 sec) CLogin()             Attempt to connect to primary and alternate hosts failed - aborting.
(Apr 12 2018 21:48:47,  845040 sec) DownLoadMissionCfg(  Connect/login failed.  Mission configuration not downloaded from remote host.
(Apr 12 2018 21:48:53,  845046 sec) CLogin()             Connecting to primary host.
(Apr 12 2018 21:49:09,  845063 sec) CLogin()             Connection 16 established in 17 seconds.
(Apr 12 2018 21:49:40,  845093 sec) expect()             Attempt to read prompt string [login:] failed.
(Apr 12 2018 21:49:40,  845093 sec) login()              Login prompt not received.
(Apr 12 2018 21:50:10,  845123 sec) expect()             Attempt to read prompt string [login:] failed.
(Apr 12 2018 21:50:10,  845123 sec) login()              Login prompt not received.
(Apr 12 2018 21:50:19,  845133 sec) CLogin()             Connection 17 established in 87 seconds.
(Apr 12 2018 21:50:50,  845163 sec) expect()             Attempt to read prompt string [login:] failed.
(Apr 12 2018 21:50:50,  845163 sec) login()              Login prompt not received.
(Apr 12 2018 21:51:20,  845193 sec) expect()             Attempt to read prompt string [login:] failed.
(Apr 12 2018 21:51:20,  845193 sec) login()              Login prompt not received.
(Apr 12 2018 21:51:20,  845193 sec) CLogin()             Attempt to connect to primary host failed after 2 tries.  Connecting to alternate host.
(Apr 12 2018 21:51:41,  845214 sec) CLogin()             Connection 18 established in 169 seconds.
(Apr 12 2018 21:52:04,  845237 sec) login()              Login successful.
(Apr 12 2018 21:52:07,  845240 sec) CLogin()             Logged in to host.  [Login required 26 seconds]
(Apr 12 2018 21:52:19,  845253 sec) RxConfig()           Downloading "mission.cfg" from host.
(Apr 12 2018 21:52:22,  845255 sec) Rx()                 Initiating transfer. [0x43]
(Apr 12 2018 21:52:26,  845259 sec) RxStartByte()        Sync errors encountered: 300
(Apr 12 2018 21:52:30,  845264 sec) Rx()                 Pad character [0x1a] found in ascii mode - truncating packet.
(Apr 12 2018 21:52:35,  845268 sec) Rx()                 Received EOT - transfer complete. [1 packets, 1024 bytes, 13 sec, 78.8 bps]
(Apr 12 2018 21:52:35,  845268 sec) RxConfig()           Download successful.
(Apr 12 2018 21:52:58,  845291 sec) WriteVitals()        Writing vitals to "7827.094.msg".
(Apr 12 2018 21:53:14,  845308 sec) UpLoadFile()         Uploading "7827.094.msg" to host as "7827.094.msg".
(Apr 12 2018 21:53:17,  845311 sec) Tx()                 CRC negotiation successful. [16-bit CRC]
(Apr 12 2018 21:56:26,  845499 sec) TxPacket()           NAK received - resending packet. [PktNum=0x19]
(Apr 12 2018 21:56:26,  845500 sec) TxPacket()           Packet xmit history: [00000001] (0:ok, 1:fail).
(Apr 12 2018 21:58:08,  845602 sec) Tx()                 Transmission completed successfully [37 packets, 37580 bytes, 289 sec, 131.1 bps]
(Apr 12 2018 21:58:09,  845602 sec) UpLoadFile()         Upload successful.
(Apr 12 2018 21:58:23,  845616 sec) UpLoadFile()         Uploading "7827.094.log" to host as "7827.094.log".
(Apr 12 2018 21:58:25,  845619 sec) Tx()                 CRC negotiation successful. [16-bit CRC]
(Apr 12 2018 21:59:17,  845671 sec) TxPacket()           NAK received - resending packet. [PktNum=0x06]
(Apr 12 2018 21:59:18,  845671 sec) TxPacket()           Packet xmit history: [00000001] (0:ok, 1:fail).
(Apr 12 2018 22:00:47,  845760 sec) TxPacket()           NAK received - resending packet. [PktNum=0x17]
(Apr 12 2018 22:00:47,  845761 sec) TxPacket()           Packet xmit history: [00000001] (0:ok, 1:fail).
(Apr 12 2018 22:02:50,  845884 sec) TxPacket()           NAK received - resending packet. [PktNum=0x26]
(Apr 12 2018 22:02:50,  845884 sec) TxPacket()           Packet xmit history: [00000001] (0:ok, 1:fail).
(Apr 12 2018 22:03:04,  845897 sec) Tx()                 Transmission completed successfully [40 packets, 40756 bytes, 277 sec, 147.9 bps]
(Apr 12 2018 22:03:04,  845897 sec) UpLoadFile()         Upload successful.
(Apr 12 2018 22:03:14,  845908 sec) UpLoad()             Files successfully uploaded: 2
(Apr 12 2018 22:03:14,  845908 sec) UpLoad()             Upload complete.
(Apr 12 2018 22:03:24,  845917 sec) chat()               Expected string [logout] not received.
(Apr 12 2018 22:03:24,  845917 sec) logout()             Attempt to log-out failed.
(Apr 12 2018 22:03:29,  845922 sec) chat()               Expected string [cmd>] not received.
(Apr 12 2018 22:03:29,  845922 sec) logout()             Can't get command prompt.
(Apr 12 2018 22:03:34,  845927 sec) chat()               Expected string [logout] not received.
(Apr 12 2018 22:03:34,  845927 sec) logout()             Attempt to log-out failed.
(Apr 12 2018 22:03:34,  845927 sec) logout()             No carrier detected.
(Apr 12 2018 22:03:34,  845927 sec) Telemetry()          Telemetry cycle complete: PrfId=94 ConnectionAttempts=23  Connections=18
(Apr 12 2018 22:03:35,  845928 sec) TelemetryTerminate(  Parsing new mission configuration.
(Apr 12 2018 22:03:37,  845930 sec) configure()          Parsing configurators in "mission.cfg".
(Apr 12 2018 22:03:37,  845931 sec) configure()          Configuration CRCs and syntax OK.
(Apr 12 2018 22:03:37,  845931 sec) ConfigSupervisor()   Configuration accepted.
(Apr 12 2018 22:03:38,  845931 sec) TelemetryTerminate(  Reconditioning the file system.
(Apr 12 2018 22:03:57,      12 sec) DescentInit()        Deep profile 95 initiated at mission-time 845939sec.
(Apr 12 2018 22:04:00,      14 sec) DescentInit()        Surface pressure: -0.4dbars.
(Apr 12 2018 22:04:04,      19 sec) PistonMoveAbsWTO()    201->074 200 199 198 197 196 195 194 193 192 191 190 189 188 187 186 185 184 183 182 181 180 179 178 177 176 175 174 173 172 171 170 169 168 167 166 165 164 163 162 161 160 159 158 157 156 155 154 153 152 151 150 149 148 147 146 145 144 143 142 141 140 139 138 137 136 135 134 133 132 131 130 129 128 127 126 125 124 123 122 121 120 119 118 117 116 115 114 113 112 111 110 109 108 107 106 105 104 103 102 101 100 099 098 097 096 095 094 093 092 091 090 089 088 087 086 085 084 083 082 081 080 079 078 077 076 075 074 [634sec, 14.3Volts, 0.161Amps, CPT:634sec]
(Apr 12 2018 22:14:48,     663 sec) Descent()            Pressure: 53.7
(Apr 12 2018 23:03:49,    3604 sec) Descent()            Pressure: 443.9
(Apr 13 2018 00:03:49,    7204 sec) Descent()            Pressure: 774.0
(Apr 13 2018 01:03:49,   10804 sec) Descent()            Pressure: 951.7
(Apr 13 2018 02:03:49,   14404 sec) Descent()            Pressure: 994.6
(Apr 13 2018 03:03:49,   18004 sec) Descent()            Pressure: 1003.0
(Apr 13 2018 03:03:49,   18004 sec) ParkInit()           
(Apr 13 2018 13:03:56,   54010 sec) Park()               ParkPOutOfBand[3, 1017.2 dbars]: extend piston.
(Apr 13 2018 13:03:56,   54011 sec) PistonMoveAbsWTO()    074->075 075 [2sec, 13.6Volts, 0.471Amps, CPT:636sec]
(Apr 16 2018 19:03:56,  334811 sec) Park()               ParkPOutOfBand[3, 1012.0 dbars]: extend piston.
(Apr 16 2018 19:03:57,  334812 sec) PistonMoveAbsWTO()    075->076 076 [7sec, 12.6Volts, 0.475Amps, CPT:643sec]
(Apr 17 2018 04:03:56,  367211 sec) Park()               ParkPOutOfBand[-3, 986.5 dbars]: retract piston.
(Apr 17 2018 04:03:57,  367212 sec) PistonMoveAbsWTO()    076->075 075 [1sec, 13.8Volts, 0.093Amps, CPT:644sec]
(Apr 18 2018 17:03:58,  500413 sec) Park()               ParkPOutOfBand[-3, 988.4 dbars]: retract piston.
(Apr 18 2018 17:03:59,  500413 sec) PistonMoveAbsWTO()    075->074 074 [6sec, 13.3Volts, 0.101Amps, CPT:650sec]
(Apr 19 2018 02:03:58,  532813 sec) Park()               ParkPOutOfBand[3, 1012.0 dbars]: extend piston.
(Apr 19 2018 02:03:59,  532814 sec) PistonMoveAbsWTO()    074->075 075 [2sec, 13.4Volts, 0.467Amps, CPT:652sec]
(Apr 22 2018 11:30:18,  825993 sec) CtdPower()           [ 1006.36,  8.8657, 35.3882]
(Apr 22 2018 11:30:19,  825993 sec) CtdPower()           CTD Power consumption [186VCnt 9ACnt]: 14.418Volts * 0.036Amps = 0.52Watts.
(Apr 22 2018 11:30:20,  825994 sec) ParkTerminate()      Piston Position:75 Vacuum:80 Vq:194 Aq:6 Vsbe:186 Asbe:9 Vflbb:181 Aflbb:12
(Apr 22 2018 11:30:56,  826031 sec) ParkTerminate()      PTS/O2,T2,TPhase,RawTemp: 1006.4dbars 8.8675C 35.3883PSU / 8.3uM 8.888C 60.500 8.279 628.091
(Apr 22 2018 11:30:56,  826031 sec) ParkTerminate()      FLBB FSig, BbSig, TSig: 57, 113, 564
(Apr 22 2018 11:30:57,  826032 sec) GoDeepInit()         Moving piston.
(Apr 22 2018 11:30:57,  826032 sec) PistonMoveAbsWTO()    075->018 074 073 072 071 070 069 068 067 066 065 064 063 062 061 060 059 058 057 056 055 054 053 052 051 050 049 048 047 046 045 044 043 042 041 040 039 038 037 036 035 034 033 032 031 030 029 028 027 026 025 024 023 022 021 020 019 018 [289sec, 14.0Volts, 0.097Amps, CPT:941sec]
(Apr 22 2018 14:03:49,  835204 sec) GoDeep()             Sequence point detected at 2001.4dbar.
(Apr 22 2018 14:03:52,  835207 sec) ProfileInit()        PrfId:095  Pressure:2001.6dbar  pTable[0]:2000dbar
(Apr 22 2018 14:04:03,  835217 sec) PistonMoveAbsWTO()    018->040 019 020 021 022 [30sec, 12.0Volts, 0.774Amps, CPT:971sec]
(Apr 22 2018 14:04:43,  835257 sec) PistonMoveAbsWTO()    022->040 023 024 025 026 [30sec, 12.1Volts, 0.790Amps, CPT:1001sec]
(Apr 22 2018 14:05:23,  835297 sec) PistonMoveAbsWTO()    026->040 027 028 029 030 [30sec, 12.2Volts, 0.782Amps, CPT:1031sec]
(Apr 22 2018 14:06:03,  835337 sec) PistonMoveAbsWTO()    030->040 031 032 033 034 [30sec, 12.2Volts, 0.770Amps, CPT:1061sec]
(Apr 22 2018 14:06:43,  835377 sec) PistonMoveAbsWTO()    034->040 035 036 037 038 [30sec, 12.2Volts, 0.770Amps, CPT:1091sec]
(Apr 22 2018 14:07:23,  835417 sec) PistonMoveAbsWTO()    039->040 040 [8sec, 12.4Volts, 0.786Amps, CPT:1099sec]
(Apr 22 2018 14:08:16,  835471 sec) Profile()            Sample 0 initiated at 2001.5dbars for bin 0 [2000dbars].  PTS/O2,T2,TPhase,RPhase,RawTemp/FSig,BbSig,TSig: 1999.8dbars 3.2401C 34.8486PSU / 96.6uM 3.252C 50.486 8.371 794.263 /   55  110  573
(Apr 22 2018 14:09:51,  835565 sec) Sbe41cpStartCP()     Continuous profile started.
(Apr 22 2018 14:19:03,  836118 sec) AscentControlAgent(  Bouyancy nudge to 50 (v=0.059dbar/sec).
(Apr 22 2018 14:19:04,  836119 sec) PistonMoveAbsWTO()    040->050 041 042 043 044 [30sec, 13.0Volts, 0.774Amps, CPT:1129sec]
(Apr 22 2018 14:19:45,  836159 sec) PistonMoveAbsWTO()    044->050 045 046 047 048 [30sec, 12.9Volts, 0.794Amps, CPT:1159sec]
(Apr 22 2018 14:20:25,  836199 sec) PistonMoveAbsWTO()    049->050 050 [8sec, 12.9Volts, 0.782Amps, CPT:1167sec]
(Apr 22 2018 14:27:31,  836626 sec) Profile()            Sample 1 initiated at 1901.5dbars for bin 1 [1900dbars].  PTS/O2,T2,TPhase,RPhase,RawTemp/FSig,BbSig,TSig: 1901.2dbars 3.5909C 34.8761PSU / 88.9uM 3.600C 51.093 8.373 784.343 /   56  111  572
(Apr 22 2018 14:46:05,  837740 sec) Profile()            Sample 2 initiated at 1801.6dbars for bin 2 [1800dbars].  PTS/O2,T2,TPhase,RPhase,RawTemp/FSig,BbSig,TSig: 1801.3dbars 4.0044C 34.9133PSU / 79.0uM 4.016C 51.929 8.371 772.423 /   57  110  572
(Apr 22 2018 15:04:59,  838873 sec) Profile()            Sample 3 initiated at 1702.0dbars for bin 3 [1700dbars].  PTS/O2,T2,TPhase,RPhase,RawTemp/FSig,BbSig,TSig: 1701.7dbars 4.4347C 34.9504PSU / 67.7uM 4.443C 53.003 8.369 760.107 /   58  122  571
(Apr 22 2018 15:09:41,  839156 sec) AscentControlAgent(  Bouyancy nudge to 60 (v=0.076dbar/sec).
(Apr 22 2018 15:09:42,  839156 sec) PistonMoveAbsWTO()    050->060 051 052 053 054 [30sec, 13.3Volts, 0.717Amps, CPT:1197sec]
(Apr 22 2018 15:10:22,  839196 sec) PistonMoveAbsWTO()    054->060 055 056 057 058 059 [30sec, 13.2Volts, 0.697Amps, CPT:1227sec]
(Apr 22 2018 15:11:02,  839236 sec) PistonMoveAbsWTO()    059->060 060 [5sec, 13.2Volts, 0.685Amps, CPT:1232sec]
(Apr 22 2018 15:24:36,  840050 sec) Profile()            Sample 4 initiated at 1601.8dbars for bin 4 [1600dbars].  PTS/O2,T2,TPhase,RPhase,RawTemp/FSig,BbSig,TSig: 1601.6dbars 4.9889C 35.0011PSU / 55.9uM 4.999C 54.195 8.369 743.976 /   58  119  570
(Apr 22 2018 15:24:58,  840073 sec) AscentControlAgent(  Bouyancy nudge to 70 (v=0.080dbar/sec).
(Apr 22 2018 15:24:59,  840073 sec) PistonMoveAbsWTO()    060->070 061 062 063 064 [30sec, 13.4Volts, 0.689Amps, CPT:1262sec]
(Apr 22 2018 15:25:39,  840113 sec) PistonMoveAbsWTO()    064->070 065 066 067 068 069 [30sec, 13.3Volts, 0.669Amps, CPT:1292sec]
(Apr 22 2018 15:26:19,  840153 sec) PistonMoveAbsWTO()    069->070 070 [4sec, 13.3Volts, 0.653Amps, CPT:1296sec]
(Apr 22 2018 15:41:14,  841048 sec) Profile()            Sample 5 initiated at 1501.6dbars for bin 5 [1500dbars].  PTS/O2,T2,TPhase,RPhase,RawTemp/FSig,BbSig,TSig: 1501.3dbars 5.6506C 35.0623PSU / 43.9uM 5.660C 55.532 8.375 724.654 /   58  112  569
(Apr 22 2018 15:57:36,  842030 sec) Profile()            Sample 6 initiated at 1401.2dbars for bin 6 [1400dbars].  PTS/O2,T2,TPhase,RPhase,RawTemp/FSig,BbSig,TSig: 1400.9dbars 6.1845C 35.1164PSU / 35.9uM 6.198C 56.492 8.377 708.794 /   59  114  569
(Apr 22 2018 16:07:46,  842640 sec) Profile()            Sample 7 initiated at 1351.5dbars for bin 7 [1350dbars].  PTS/O2,T2,TPhase,RPhase,RawTemp/FSig,BbSig,TSig: 1351.3dbars 6.5109C 35.1443PSU / 30.5uM 6.525C 57.191 8.378 699.132 /   57  111  568
(Apr 22 2018 16:10:38,  842813 sec) AscentControlAgent(  Bouyancy nudge to 80 (v=0.068dbar/sec).
(Apr 22 2018 16:10:39,  842813 sec) PistonMoveAbsWTO()    070->080 071 072 073 074 [30sec, 13.6Volts, 0.580Amps, CPT:1326sec]
(Apr 22 2018 16:11:19,  842853 sec) PistonMoveAbsWTO()    074->080 075 076 077 078 079 [30sec, 13.4Volts, 0.572Amps, CPT:1356sec]
(Apr 22 2018 16:11:59,  842893 sec) PistonMoveAbsWTO()    079->080 080 [3sec, 13.4Volts, 0.572Amps, CPT:1359sec]
(Apr 22 2018 16:17:59,  843253 sec) Profile()            Sample 8 initiated at 1301.8dbars for bin 8 [1300dbars].  PTS/O2,T2,TPhase,RPhase,RawTemp/FSig,BbSig,TSig: 1301.5dbars 6.8231C 35.1737PSU / 25.8uM 6.839C 57.841 8.378 689.796 /   59  116  568
(Apr 22 2018 16:27:19,  843813 sec) Profile()            Sample 9 initiated at 1251.7dbars for bin 9 [1250dbars].  PTS/O2,T2,TPhase,RPhase,RawTemp/FSig,BbSig,TSig: 1251.5dbars 7.1991C 35.2128PSU / 21.7uM 7.215C 58.418 8.376 678.587 /   59  113  567
(Apr 22 2018 16:36:39,  844373 sec) Profile()            Sample 10 initiated at 1201.2dbars for bin 10 [1200dbars].  PTS/O2,T2,TPhase,RPhase,RawTemp/FSig,BbSig,TSig: 1200.9dbars 7.5326C 35.2475PSU / 19.0uM 7.549C 58.806 8.376 668.584 /   58  113  566
(Apr 22 2018 16:46:17,  844951 sec) Profile()            Sample 11 initiated at 1151.9dbars for bin 11 [1150dbars].  PTS/O2,T2,TPhase,RPhase,RawTemp/FSig,BbSig,TSig: 1151.7dbars 7.8105C 35.2765PSU / 16.0uM 7.828C 59.270 8.379 660.181 /   59  113  566
(Apr 22 2018 16:51:21,  845256 sec) AscentControlAgent(  Bouyancy nudge to 90 (v=0.076dbar/sec).
(Apr 22 2018 16:51:22,  845256 sec) PistonMoveAbsWTO()    080->090 081 082 083 084 085 [30sec, 13.7Volts, 0.520Amps, CPT:1389sec]
(Apr 22 2018 16:52:01,  845296 sec) PistonMoveAbsWTO()    085->090 086 087 088 089 090 [30sec, 13.6Volts, 0.532Amps, CPT:1419sec]
(Apr 22 2018 16:56:17,  845551 sec) Profile()            Sample 12 initiated at 1101.3dbars for bin 12 [1100dbars].  PTS/O2,T2,TPhase,RPhase,RawTemp/FSig,BbSig,TSig: 1101.0dbars 8.1032C 35.3053PSU / 13.6uM 8.119C 59.632 8.376 651.394 /   57  116  566
(Apr 22 2018 17:05:27,  846101 sec) Profile()            Sample 13 initiated at 1051.5dbars for bin 13 [1050dbars].  PTS/O2,T2,TPhase,RPhase,RawTemp/FSig,BbSig,TSig: 1051.2dbars 8.4725C 35.3448PSU / 10.8uM 8.488C 60.099 8.377 640.246 /   59  115  565
(Apr 22 2018 17:15:27,  846701 sec) Profile()            Sample 14 initiated at 1001.3dbars for bin 14 [1000dbars].  PTS/O2,T2,TPhase,RPhase,RawTemp/FSig,BbSig,TSig: 1001.1dbars 8.7094C 35.3517PSU / 8.4uM 8.729C 60.499 8.378 632.926 /   58  116  565
(Apr 22 2018 17:21:51,  847086 sec) AscentControlAgent(  Bouyancy nudge to 100 (v=0.078dbar/sec).
(Apr 22 2018 17:21:52,  847086 sec) PistonMoveAbsWTO()    090->100 091 092 093 094 095 [30sec, 13.7Volts, 0.455Amps, CPT:1449sec]
(Apr 22 2018 17:22:31,  847126 sec) PistonMoveAbsWTO()    095->100 096 097 098 099 100 [29sec, 13.6Volts, 0.471Amps, CPT:1478sec]
(Apr 22 2018 17:33:24,  847779 sec) Profile()            Sample 16 initiated at 901.6dbars for bin 16 [900dbars].  PTS/O2,T2,TPhase,RPhase,RawTemp/FSig,BbSig,TSig: 901.3dbars 9.4899C 35.4300PSU / 4.8uM 9.509C 61.124 8.390 609.097 /   58  121  564
(Apr 22 2018 18:02:32,  849527 sec) AscentControlAgent(  Bouyancy nudge to 110 (v=0.079dbar/sec).
(Apr 22 2018 18:02:32,  849527 sec) PistonMoveAbsWTO()    100->110 101 102 103 104 105 [30sec, 13.9Volts, 0.411Amps, CPT:1508sec]
(Apr 22 2018 18:03:12,  849567 sec) PistonMoveAbsWTO()    105->110 106 107 108 109 110 [28sec, 13.8Volts, 0.395Amps, CPT:1536sec]
(Apr 22 2018 18:09:27,  849942 sec) Profile()            Sample 20 initiated at 701.8dbars for bin 20 [700dbars].  PTS/O2,T2,TPhase,RPhase,RawTemp/FSig,BbSig,TSig: 701.5dbars 10.9584C 35.5707PSU / 1.9uM 10.990C 61.594 8.455 563.378 /   59  108  561
(Apr 22 2018 18:32:58,  851353 sec) AscentControlAgent(  Bouyancy nudge to 120 (v=0.077dbar/sec).
(Apr 22 2018 18:32:58,  851353 sec) PistonMoveAbsWTO()    110->120 111 112 113 114 115 [30sec, 14.0Volts, 0.334Amps, CPT:1566sec]
(Apr 22 2018 18:33:38,  851393 sec) PistonMoveAbsWTO()    115->120 116 117 118 119 120 [26sec, 13.9Volts, 0.330Amps, CPT:1592sec]
(Apr 22 2018 18:43:49,  852004 sec) Profile()            Sample 24 initiated at 501.7dbars for bin 24 [500dbars].  PTS/O2,T2,TPhase,RPhase,RawTemp/FSig,BbSig,TSig: 501.4dbars 12.1534C 35.6267PSU / 1.9uM 12.184C 61.491 8.516 526.029 /   59  110  559
(Apr 22 2018 18:58:21,  852876 sec) AscentControlAgent(  Bouyancy nudge to 130 (v=0.077dbar/sec).
(Apr 22 2018 18:58:21,  852876 sec) PistonMoveAbsWTO()    120->130 121 122 123 124 125 [30sec, 14.0Volts, 0.298Amps, CPT:1622sec]
(Apr 22 2018 18:59:01,  852916 sec) PistonMoveAbsWTO()    125->130 126 127 128 129 130 [25sec, 14.0Volts, 0.294Amps, CPT:1647sec]
(Apr 22 2018 19:14:16,  853831 sec) Profile()            Sample 28 initiated at 331.6dbars for bin 28 [330dbars].  PTS/O2,T2,TPhase,RPhase,RawTemp/FSig,BbSig,TSig: 331.3dbars 13.8224C 35.7489PSU / 1.0uM 13.854C 61.561 8.542 473.232 /   58  142  557
(Apr 22 2018 19:28:53,  854708 sec) AscentControlAgent(  Bouyancy nudge to 140 (v=0.079dbar/sec).
(Apr 22 2018 19:28:53,  854708 sec) PistonMoveAbsWTO()    130->140 131 132 133 134 135 [30sec, 14.1Volts, 0.234Amps, CPT:1677sec]
(Apr 22 2018 19:29:34,  854749 sec) PistonMoveAbsWTO()    135->140 136 137 138 139 140 [24sec, 14.0Volts, 0.238Amps, CPT:1701sec]
(Apr 22 2018 19:31:08,  854843 sec) Profile()            Sample 32 initiated at 242.0dbars for bin 32 [240dbars].  PTS/O2,T2,TPhase,RPhase,RawTemp/FSig,BbSig,TSig: 241.7dbars 15.2011C 35.8356PSU / 1.0uM 15.233C 61.476 8.607 429.125 /   60  146  555
(Apr 22 2018 19:43:13,  855568 sec) Profile()            Sample 36 initiated at 181.3dbars for bin 36 [180dbars].  PTS/O2,T2,TPhase,RPhase,RawTemp/FSig,BbSig,TSig: 181.1dbars 17.2061C 35.8086PSU / 0.9uM 17.223C 61.344 8.746 364.924 /   58  140  553
(Apr 22 2018 19:44:11,  855625 sec) AscentControlAgent(  Bouyancy nudge to 150 (v=0.075dbar/sec).
(Apr 22 2018 19:44:11,  855626 sec) PistonMoveAbsWTO()    140->150 141 142 143 144 145 [30sec, 14.1Volts, 0.222Amps, CPT:1731sec]
(Apr 22 2018 19:45:08,  855683 sec) PistonMoveAbsWTO()    145->150 146 147 148 149 150 [23sec, 14.1Volts, 0.214Amps, CPT:1754sec]
(Apr 22 2018 19:50:09,  855984 sec) Profile()            Sample 40 initiated at 141.3dbars for bin 40 [140dbars].  PTS/O2,T2,TPhase,RPhase,RawTemp/FSig,BbSig,TSig: 141.1dbars 18.7322C 35.7610PSU / 0.8uM 18.734C 61.241 8.793 315.840 /   57  129  551
(Apr 22 2018 19:54:29,  856243 sec) AscentControlAgent(  Bouyancy nudge to 160 (v=0.061dbar/sec).
(Apr 22 2018 19:54:29,  856244 sec) PistonMoveAbsWTO()    150->160 151 152 153 154 155 [30sec, 14.1Volts, 0.201Amps, CPT:1784sec]
(Apr 22 2018 19:55:11,  856286 sec) PistonMoveAbsWTO()    155->160 156 157 158 159 160 [23sec, 14.1Volts, 0.205Amps, CPT:1807sec]
(Apr 22 2018 20:00:34,  856609 sec) Profile()            Sample 44 initiated at 101.9dbars for bin 44 [100dbars].  PTS/O2,T2,TPhase,RPhase,RawTemp/FSig,BbSig,TSig: 101.7dbars 22.1401C 36.1084PSU / 33.9uM 22.156C 52.180 8.908 204.196 /   55  117  547
(Apr 22 2018 20:12:40,  857335 sec) Profile()            Sample 48 initiated at 61.9dbars for bin 48 [60dbars].  PTS/O2,T2,TPhase,RPhase,RawTemp/FSig,BbSig,TSig: 61.8dbars 24.6864C 36.4773PSU / 168.8uM 24.689C 34.138 8.903 121.796 /  136  171  541
(Apr 22 2018 20:20:02,  857776 sec) AscentControlAgent(  Bouyancy nudge to 165 (v=0.032dbar/sec).
(Apr 22 2018 20:20:02,  857777 sec) PistonMoveAbsWTO()    160->165 161 162 163 164 165 [26sec, 14.3Volts, 0.177Amps, CPT:1833sec]
(Apr 22 2018 20:22:59,  857954 sec) Profile()            Sample 52 initiated at 36.9dbars for bin 52 [35dbars].  PTS/O2,T2,TPhase,RPhase,RawTemp/FSig,BbSig,TSig: 36.7dbars 25.8019C 36.3991PSU / 217.1uM 25.780C 30.707 8.974 86.494 /  250  164  539
(Apr 22 2018 20:25:03,  858077 sec) AscentControlAgent(  Bouyancy nudge to 170 (v=0.040dbar/sec).
(Apr 22 2018 20:25:03,  858078 sec) PistonMoveAbsWTO()    165->170 166 167 168 169 170 [26sec, 14.3Volts, 0.177Amps, CPT:1859sec]
(Apr 22 2018 20:30:03,  858377 sec) AscentControlAgent(  Bouyancy nudge to 175 (v=0.033dbar/sec).
(Apr 22 2018 20:30:03,  858378 sec) PistonMoveAbsWTO()    170->175 171 172 173 174 175 [26sec, 14.3Volts, 0.173Amps, CPT:1885sec]
(Apr 22 2018 20:33:55,  858610 sec) Profile()            Sample 56 initiated at 17.0dbars for bin 56 [15dbars].  PTS/O2,T2,TPhase,RPhase,RawTemp/FSig,BbSig,TSig: 16.9dbars 28.7920C 36.6999PSU / 240.3uM 28.790C 28.435 9.043 -9.775 /   64  146  535
(Apr 22 2018 20:35:04,  858678 sec) AscentControlAgent(  Bouyancy nudge to 180 (v=0.028dbar/sec).
(Apr 22 2018 20:35:04,  858679 sec) PistonMoveAbsWTO()    175->180 176 177 [15sec, 14.3Volts, 0.169Amps, CPT:1900sec]
(Apr 22 2018 20:35:30,  858705 sec) PistonMoveAbsWTO()    178->180 179 180 [11sec, 14.3Volts, 0.173Amps, CPT:1911sec]
(Apr 22 2018 20:37:24,  858819 sec) Profile()            Sample 57 initiated at 11.7dbars for bin 57 [10dbars].  PTS/O2,T2,TPhase,RPhase,RawTemp/FSig,BbSig,TSig: 11.5dbars 29.3795C 36.6818PSU / 229.1uM 29.397C 28.734 9.003 -28.976 /   62  146  534
(Apr 22 2018 20:39:41,  858956 sec) Profile()            Sample 58 initiated at 5.5dbars for bin 58 [4dbars].  PTS/O2,T2,TPhase,RPhase,RawTemp/FSig,BbSig,TSig: 5.5dbars 29.5113C 36.7085PSU / 227.8uM 29.539C 28.744 9.059 -33.433 /   62  158  533
(Apr 22 2018 20:40:08,  858983 sec) Profile()            Sample 59 initiated at 4.5dbars for bin 58 [4dbars].  PTS/O2,T2,TPhase,RPhase,RawTemp/FSig,BbSig,TSig: 4.3dbars 29.5287C 36.7042PSU / 227.6uM 29.545C 28.755 9.060 -33.642 /   61  155  533
(Apr 22 2018 20:40:11,  858985 sec) AscentControlAgent(  Bouyancy nudge to 185 (v=0.037dbar/sec).
(Apr 22 2018 20:40:11,  858986 sec) PistonMoveAbsWTO()    180->185 181 182 183 [15sec, 14.3Volts, 0.169Amps, CPT:1926sec]
(Apr 22 2018 20:40:41,  859016 sec) SurfaceDetect()      SurfacePressure:-0.4dbars Pressure:3.4dbars PistonPosition:183
(Apr 22 2018 20:40:42,  859016 sec) Sbe41cpStopCP()      Continuous profile stopped.
(Apr 22 2018 20:40:49,  859024 sec) PistonMoveAbsWTO()    183->205 184 185 186 187 188 189 190 191 192 193 194 195 196 197 198 199 200 201 202 203 204 205 [114sec, 14.3Volts, 0.153Amps, CPT:2040sec]
(Apr 22 2018 20:43:00,  859154 sec) sbe41cp.c:chat()     Expected string [S>] not received.
(Apr 22 2018 20:46:18,  859352 sec) Sbe41cpBinAverage()  Finished averaging 23479 samples in 193 seconds.
(Apr 22 2018 20:46:23,  859358 sec) Sbe41cpUploadCP()    Sbe41cpSerNo[08355] NSample[23479] NBin[1000]


(Apr 22 2018 20:48:22) LogSize()            Log file is 38949 bytes.  Limit is 40960 bytes.

(Apr 22 2018 20:48:22,  859477 sec) Sbe41cpUploadCP()    Continuous profile uploaded [1000 lines].

<EOT>

<EOT>
