(Jan 09 2018 03:09:09,  847428 sec) TelemetryInit()      Profile 48. (Apf9i FwRev: 061016)
(Jan 09 2018 03:16:06,  847845 sec) AirSystem()          Battery [187cnt, 14.5V]  Current [78cnt, 314.3mA]  Barometer [125cnt, 6.2"Hg]  Run-Time [48s]
(Jan 09 2018 03:16:44,  847882 sec) GetSurfaceObs()      P/O2,T2,TPhase,RPhase,RawTemp/FSig,BbSig,TSig: -0.5dbars / 254.1uM 22.839C 30.095 8.955 181.934 / 130,163,537
(Jan 09 2018 03:16:51,  847889 sec) GpsServices()        GPS almanac is current.
(Jan 09 2018 03:16:51,  847890 sec) GpsServices()        Initiating GPS fix acquisition.
(Jan 09 2018 03:17:09,  847908 sec) gga()                $GPGGA,031640,1541.1332,N,06429.0833,E,0,00,,,M,,M,,*5E
(Jan 09 2018 03:17:20,  847919 sec) gga()                $GPGGA,031650,1541.1332,N,06429.0833,E,0,00,,,M,,M,,*5F
(Jan 09 2018 03:17:32,  847931 sec) gga()                $GPGGA,031710,1541.1332,N,06429.0833,E,0,00,,,M,,M,,*5A
(Jan 09 2018 03:17:43,  847941 sec) gga()                $GPGGA,031720,1541.1332,N,06429.0833,E,0,00,,,M,,M,,*59
(Jan 09 2018 03:17:54,  847952 sec) gga()                $GPGGA,031730,1541.1332,N,06429.0833,E,0,00,,,M,,M,,*58
(Jan 09 2018 03:18:04,  847963 sec) gga()                $GPGGA,031740,1541.1332,N,06429.0833,E,0,00,,,M,,M,,*5F
(Jan 09 2018 03:18:16,  847974 sec) gga()                $GPGGA,031750,1541.1332,N,06429.0833,E,0,00,,,M,,M,,*5E
(Jan 09 2018 03:18:26,  847985 sec) gga()                $GPGGA,031800,1541.1332,N,06429.0833,E,0,00,,,M,,M,,*54
(Jan 09 2018 03:18:37,  847996 sec) gga()                $GPGGA,031800,1541.1332,N,06429.0833,E,0,00,,,M,,M,,*54
(Jan 09 2018 03:18:40,  847999 sec) gga()                $GPGGA,031810,1541.1332,N,06429.0833,E,0,00,,,M,,M,,*55
(Jan 09 2018 03:18:52,  848010 sec) gga()                $GPGGA,031820,1541.1332,N,06429.0833,E,0,00,,,M,,M,,*56
(Jan 09 2018 03:19:44,  848062 sec) gga()                $GPGGA,031850,1541.2734,N,06431.0275,E,1,08,1.0,5.2,M,-63.0,M,,*68
(Jan 09 2018 03:19:44,  848063 sec) GpsServices()        Profile 48 GPS fix obtained in 173 seconds.
(Jan 09 2018 03:19:44,  848063 sec) GpsServices()                  lon     lat mm/dd/yyyy hhmmss nsat
(Jan 09 2018 03:19:44,  848063 sec) GpsServices()        Fix:   64.517  15.688 01/09/2018 031850    8
(Jan 09 2018 03:20:34,  848113 sec) gga()                $GPGGA,031940,1541.2744,N,06431.0208,E,1,09,0.8,6.4,M,-63.0,M,,*68
(Jan 09 2018 03:20:41,  848120 sec) gga()                $GPGGA,032030,1541.2742,N,06431.0128,E,1,09,0.8,6.2,M,-63.0,M,,*64
(Jan 09 2018 03:20:42,  848120 sec) GpsServices()        APF9 RTC skew (12s) OK.
(Jan 09 2018 03:20:42,  848121 sec) GpsServices()        GPS services complete.
(Jan 09 2018 03:21:07,  848146 sec) CLogin()             Connecting to primary host.
(Jan 09 2018 03:22:08,  848206 sec) chat()               Expected string [CONNECT] not received.
(Jan 09 2018 03:22:08,  848206 sec) modem_connect()      Modem command [AT+CBST=71,0,1;DT0088160000573] failed.
(Jan 09 2018 03:22:08,  848207 sec) connect()            Connection attempt failed.
(Jan 09 2018 03:22:21,  848220 sec) CLogin()             Connection 1 established in 74 seconds.
(Jan 09 2018 03:22:30,  848228 sec) login()              Login successful.
(Jan 09 2018 03:22:33,  848232 sec) CLogin()             Logged in to host.  [Login required 12 seconds]
(Jan 09 2018 03:22:45,  848244 sec) RxConfig()           Downloading "mission.cfg" from host.
(Jan 09 2018 03:22:48,  848246 sec) Rx()                 Initiating transfer. [0x43]
(Jan 09 2018 03:22:57,  848255 sec) Rx()                 Truncated packet received - retrying.
(Jan 09 2018 03:22:59,  848257 sec) RxStartByte()        Sync errors encountered: 516
(Jan 09 2018 03:23:04,  848263 sec) Rx()                 Pad character [0x1a] found in ascii mode - truncating packet.
(Jan 09 2018 03:23:09,  848267 sec) Rx()                 Received EOT - transfer complete. [1 packets, 1024 bytes, 21 sec, 48.8 bps]
(Jan 09 2018 03:23:09,  848268 sec) RxConfig()           Download successful.
(Jan 09 2018 03:23:32,  848291 sec) WriteVitals()        Writing vitals to "7827.048.msg".
(Jan 09 2018 03:23:45,  848303 sec) UpLoadFile()         Uploading "7827.048.msg" to host as "7827.048.msg".
(Jan 09 2018 03:23:51,  848309 sec) Tx()                 CRC negotiation successful. [16-bit CRC]
(Jan 09 2018 03:23:57,  848316 sec) TxPacket()           NAK received - resending packet. [PktNum=0x01]
(Jan 09 2018 03:23:58,  848316 sec) TxPacket()           Packet xmit history: [01110001] (0:ok, 1:fail).
(Jan 09 2018 03:24:34,  848353 sec) TxPacket()           NAK received - resending packet. [PktNum=0x06]
(Jan 09 2018 03:24:35,  848353 sec) TxPacket()           Packet xmit history: [01000001] (0:ok, 1:fail).
(Jan 09 2018 03:25:04,  848383 sec) TxPacket()           NAK received - resending packet. [PktNum=0x0a]
(Jan 09 2018 03:25:05,  848383 sec) TxPacket()           Packet xmit history: [00100001] (0:ok, 1:fail).
(Jan 09 2018 03:25:14,  848393 sec) TxPacket()           NAK received - resending packet. [PktNum=0x0b]
(Jan 09 2018 03:25:15,  848393 sec) TxPacket()           Packet xmit history: [10000101] (0:ok, 1:fail).
(Jan 09 2018 03:27:03,  848502 sec) Tx()                 Transmission completed successfully [26 packets, 25236 bytes, 191 sec, 134.7 bps]
(Jan 09 2018 03:27:04,  848502 sec) UpLoadFile()         Upload successful.
(Jan 09 2018 03:27:11,  848510 sec) UpLoadFile()         Uploading "7827.048.log" to host as "7827.048.log".
(Jan 09 2018 03:27:14,  848513 sec) Tx()                 CRC negotiation successful. [16-bit CRC]
(Jan 09 2018 03:28:25,  848584 sec) TxPacket()           NAK received - resending packet. [PktNum=0x0b]
(Jan 09 2018 03:28:25,  848584 sec) TxPacket()           Packet xmit history: [00000001] (0:ok, 1:fail).
(Jan 09 2018 03:29:13,  848631 sec) TxPacket()           NAK received - resending packet. [PktNum=0x11]
(Jan 09 2018 03:29:13,  848632 sec) TxPacket()           Packet xmit history: [10000001] (0:ok, 1:fail).
(Jan 09 2018 03:29:40,  848659 sec) TxPacket()           NAK received - resending packet. [PktNum=0x15]
(Jan 09 2018 03:29:41,  848659 sec) TxPacket()           Packet xmit history: [00100001] (0:ok, 1:fail).
(Jan 09 2018 03:29:56,  848675 sec) Tx()                 Transmission completed successfully [22 packets, 21632 bytes, 161 sec, 139.9 bps]
(Jan 09 2018 03:29:57,  848675 sec) UpLoadFile()         Upload successful.
(Jan 09 2018 03:30:07,  848685 sec) UpLoad()             Files successfully uploaded: 2
(Jan 09 2018 03:30:07,  848686 sec) UpLoad()             Upload complete.
(Jan 09 2018 03:30:11,  848689 sec) logout()             Log-out successful.
(Jan 09 2018 03:30:12,  848691 sec) Telemetry()          Telemetry cycle complete: PrfId=48 ConnectionAttempts=2  Connections=1
(Jan 09 2018 03:30:13,  848691 sec) TelemetryTerminate(  Parsing new mission configuration.
(Jan 09 2018 03:30:15,  848693 sec) configure()          Parsing configurators in "mission.cfg".
(Jan 09 2018 03:30:23,  848702 sec) configure()             TelemetryRetry(15)            [0x7BBC] [TelemetryRetry(15)].
(Jan 09 2018 03:30:34,  848712 sec) configure()             DownTime(1200)                [0x71FA] [DownTime(1200)].
(Jan 09 2018 03:30:41,  848720 sec) configure()             DeepProfilePressure(500)      [0x749B] [ProfilePressure(500)].
(Jan 09 2018 03:30:48,  848727 sec) configure()             DeepProfileDescentTime(45)    [0x5516] [DeepProfileDescentTime(45)].
(Jan 09 2018 03:30:55,  848734 sec) configure()             DeepProfilePistonPos(84)      [0xDEA4] [DeepProfilePistonPos(84)].
(Jan 09 2018 03:31:04,  848742 sec) configure()             ParkDescentTime(100)          [0x55E8] [ParkDescentTime(100)].
(Jan 09 2018 03:31:13,  848752 sec) configure()             ParkPressure(400)             [0x0B17] [ParkPressure(400)].
(Jan 09 2018 03:31:22,  848761 sec) configure()             ParkPistonPos(88)             [0x92F1] [ParkPistonPos(88)].
(Jan 09 2018 03:31:23,  848762 sec) configure()          Syntax error: TimeOfDay(990)[0x09]      [0x09]      [0xC57D]
(Jan 09 2018 03:31:32,  848771 sec) configure()             CpActivationP(985)            [0x31B4] [CpActivationP(985)].
(Jan 09 2018 03:31:32,  848771 sec) configure()          Configuration file invalid.(Jan 09 2018 03:31:32,  848771 sec) TelemetryTerminate(  Reconditioning the file system.
(Jan 09 2018 03:31:48,      11 sec) DescentInit()        Deep profile 49 initiated at mission-time 848776sec.
(Jan 09 2018 03:31:51,      13 sec) DescentInit()        Surface pressure: -0.3dbars.
(Jan 09 2018 03:31:56,      18 sec) PistonMoveAbsWTO()    191->074 190 189 188 187 186 185 184 183 182 181 180 179 178 177 176 175 174 173 172 171 170 169 168 167 166 165 164 163 162 161 160 159 158 157 156 155 154 153 152 151 150 149 148 147 146 145 144 143 142 141 140 139 138 137 136 135 134 133 132 131 130 129 128 127 126 125 124 123 122 121 120 119 118 117 116 115 114 113 112 111 110 109 108 107 106 105 104 103 102 101 100 099 098 097 096 095 094 093 092 091 090 089 088 087 086 085 084 083 082 081 080 079 078 077 076 075 074 [593sec, 14.3Volts, 0.157Amps, CPT:593sec]
(Jan 09 2018 03:41:59,     621 sec) Descent()            Pressure: 46.5
(Jan 09 2018 04:31:42,    3604 sec) Descent()            Pressure: 443.0
(Jan 09 2018 05:31:42,    7204 sec) Descent()            Pressure: 764.8
(Jan 09 2018 06:31:42,   10804 sec) Descent()            Pressure: 939.5
(Jan 09 2018 07:31:42,   14404 sec) Descent()            Pressure: 986.7
(Jan 09 2018 08:31:42,   18004 sec) Descent()            Pressure: 995.5
(Jan 09 2018 08:31:42,   18004 sec) ParkInit()           
(Jan 18 2018 11:32:02,  806424 sec) CtdPower()           [  998.28,  8.4621, 35.3517]
(Jan 18 2018 11:32:02,  806424 sec) CtdPower()           CTD Power consumption [187VCnt 10ACnt]: 14.496Volts * 0.040Amps = 0.58Watts.
(Jan 18 2018 11:32:03,  806425 sec) ParkTerminate()      Piston Position:74 Vacuum:79 Vq:194 Aq:6 Vsbe:187 Asbe:10 Vflbb:183 Aflbb:12
(Jan 18 2018 11:32:39,  806462 sec) ParkTerminate()      PTS/O2,T2,TPhase,RawTemp: 998.2dbars 8.4626C 35.3509PSU / 11.1uM 8.485C 60.031 8.256 640.335
(Jan 18 2018 11:32:40,  806462 sec) ParkTerminate()      FLBB FSig, BbSig, TSig: 58, 117, 565
(Jan 18 2018 11:32:40,  806463 sec) GoDeepInit()         Moving piston.
(Jan 18 2018 11:32:40,  806463 sec) PistonMoveAbsWTO()    074->026 073 072 071 070 069 068 067 066 065 064 063 062 061 060 059 058 057 056 055 054 053 052 051 050 049 048 047 046 045 044 043 042 041 040 039 038 037 036 035 034 033 032 031 030 029 028 027 026 [244sec, 14.2Volts, 0.093Amps, CPT:837sec]
(Jan 18 2018 15:26:42,  820504 sec) GoDeep()             Sequence point detected at 2000.4dbar.
(Jan 18 2018 15:26:44,  820507 sec) ProfileInit()        PrfId:049  Pressure:2000.4dbar  pTable[0]:2000dbar
(Jan 18 2018 15:27:31,  820553 sec) Profile()            Sample 0 initiated at 2000.5dbars for bin 0 [2000dbars].  PTS/O2,T2,TPhase,RPhase,RawTemp/FSig,BbSig,TSig: 2000.8dbars 2.9808C 34.8300PSU / 104.3uM 2.995C 49.889 8.337 801.571 /   56  107  573
(Jan 18 2018 15:27:32,  820554 sec) PistonMoveAbsWTO()    026->048 027 028 029 030 [30sec, 12.6Volts, 0.782Amps, CPT:867sec]
(Jan 18 2018 15:28:12,  820594 sec) PistonMoveAbsWTO()    030->048 031 032 033 034 035 [30sec, 12.8Volts, 0.786Amps, CPT:897sec]
(Jan 18 2018 15:28:52,  820634 sec) PistonMoveAbsWTO()    035->048 036 037 038 039 [30sec, 12.8Volts, 0.790Amps, CPT:927sec]
(Jan 18 2018 15:29:32,  820674 sec) PistonMoveAbsWTO()    039->048 040 041 042 043 [30sec, 12.9Volts, 0.782Amps, CPT:957sec]
(Jan 18 2018 15:30:12,  820714 sec) PistonMoveAbsWTO()    043->048 044 045 046 047 [30sec, 12.9Volts, 0.778Amps, CPT:987sec]
(Jan 18 2018 15:46:20,  821682 sec) Profile()            Sample 1 initiated at 1901.7dbars for bin 1 [1900dbars].  PTS/O2,T2,TPhase,RPhase,RawTemp/FSig,BbSig,TSig: 1899.6dbars 3.2060C 34.8458PSU / 102.1uM 3.218C 49.991 8.342 795.246 /   56  111  573
(Jan 18 2018 16:06:15,  822877 sec) Profile()            Sample 2 initiated at 1801.3dbars for bin 2 [1800dbars].  PTS/O2,T2,TPhase,RPhase,RawTemp/FSig,BbSig,TSig: 1799.6dbars 3.5492C 34.8748PSU / 92.7uM 3.560C 50.728 8.341 785.489 /   57  111  573
(Jan 18 2018 16:07:18,  822940 sec) AscentControlAgent(  Bouyancy nudge to 58 (v=0.078dbar/sec).
(Jan 18 2018 16:07:18,  822941 sec) PistonMoveAbsWTO()    048->058 049 050 051 052 [30sec, 13.6Volts, 0.758Amps, CPT:1017sec]
(Jan 18 2018 16:07:59,  822981 sec) PistonMoveAbsWTO()    052->058 053 054 055 056 057 [30sec, 13.3Volts, 0.701Amps, CPT:1047sec]
(Jan 18 2018 16:08:39,  823021 sec) PistonMoveAbsWTO()    057->058 058 [4sec, 13.3Volts, 0.721Amps, CPT:1051sec]
(Jan 18 2018 16:23:03,  823885 sec) Profile()            Sample 3 initiated at 1701.5dbars for bin 3 [1700dbars].  PTS/O2,T2,TPhase,RPhase,RawTemp/FSig,BbSig,TSig: 1699.4dbars 3.9320C 34.9062PSU / 82.2uM 3.942C 51.622 8.343 774.533 /   57  109  572
(Jan 18 2018 16:38:12,  824794 sec) AscentControlAgent(  Bouyancy nudge to 68 (v=0.078dbar/sec).
(Jan 18 2018 16:38:12,  824795 sec) PistonMoveAbsWTO()    058->068 059 060 061 062 [30sec, 13.7Volts, 0.665Amps, CPT:1081sec]
(Jan 18 2018 16:38:53,  824835 sec) PistonMoveAbsWTO()    062->068 063 064 065 066 067 [30sec, 13.5Volts, 0.665Amps, CPT:1111sec]
(Jan 18 2018 16:39:33,  824875 sec) PistonMoveAbsWTO()    067->068 068 [3sec, 13.5Volts, 0.657Amps, CPT:1114sec]
(Jan 18 2018 16:42:12,  825034 sec) Profile()            Sample 4 initiated at 1601.2dbars for bin 4 [1600dbars].  PTS/O2,T2,TPhase,RPhase,RawTemp/FSig,BbSig,TSig: 1599.0dbars 4.5004C 34.9555PSU / 68.2uM 4.511C 52.915 8.347 758.139 /   56  113  571
(Jan 18 2018 16:58:55,  826037 sec) Profile()            Sample 5 initiated at 1501.8dbars for bin 5 [1500dbars].  PTS/O2,T2,TPhase,RPhase,RawTemp/FSig,BbSig,TSig: 1499.6dbars 5.1016C 35.0107PSU / 56.0uM 5.113C 54.145 8.354 740.654 /   59  114  570
(Jan 18 2018 17:17:40,  827162 sec) Profile()            Sample 6 initiated at 1401.7dbars for bin 6 [1400dbars].  PTS/O2,T2,TPhase,RPhase,RawTemp/FSig,BbSig,TSig: 1400.0dbars 5.7905C 35.0774PSU / 42.9uM 5.809C 55.620 8.362 720.260 /   57  110  569
(Jan 18 2018 17:19:13,  827255 sec) AscentControlAgent(  Bouyancy nudge to 78 (v=0.076dbar/sec).
(Jan 18 2018 17:19:13,  827256 sec) PistonMoveAbsWTO()    068->078 069 070 071 072 073 [30sec, 13.8Volts, 0.612Amps, CPT:1144sec]
(Jan 18 2018 17:19:54,  827296 sec) PistonMoveAbsWTO()    073->078 074 075 076 077 078 [30sec, 13.6Volts, 0.576Amps, CPT:1174sec]
(Jan 18 2018 17:26:52,  827714 sec) Profile()            Sample 7 initiated at 1351.4dbars for bin 7 [1350dbars].  PTS/O2,T2,TPhase,RPhase,RawTemp/FSig,BbSig,TSig: 1349.3dbars 6.2311C 35.1198PSU / 36.6uM 6.245C 56.374 8.363 707.408 /   57  110  569
(Jan 18 2018 17:35:53,  828255 sec) Profile()            Sample 8 initiated at 1301.5dbars for bin 8 [1300dbars].  PTS/O2,T2,TPhase,RPhase,RawTemp/FSig,BbSig,TSig: 1299.5dbars 6.5388C 35.1502PSU / 29.9uM 6.556C 57.280 8.366 698.219 /   58  114  568
(Jan 18 2018 17:45:44,  828846 sec) Profile()            Sample 9 initiated at 1251.8dbars for bin 9 [1250dbars].  PTS/O2,T2,TPhase,RPhase,RawTemp/FSig,BbSig,TSig: 1250.1dbars 6.8952C 35.1833PSU / 25.0uM 6.911C 57.959 8.368 687.665 /   58  116  568
(Jan 18 2018 17:49:47,  829089 sec) AscentControlAgent(  Bouyancy nudge to 88 (v=0.075dbar/sec).
(Jan 18 2018 17:49:47,  829090 sec) PistonMoveAbsWTO()    078->088 079 080 081 082 083 [30sec, 13.9Volts, 0.524Amps, CPT:1204sec]
(Jan 18 2018 17:50:28,  829130 sec) PistonMoveAbsWTO()    083->088 084 085 086 087 088 [29sec, 13.7Volts, 0.536Amps, CPT:1233sec]
(Jan 18 2018 17:55:36,  829438 sec) Profile()            Sample 10 initiated at 1201.1dbars for bin 10 [1200dbars].  PTS/O2,T2,TPhase,RPhase,RawTemp/FSig,BbSig,TSig: 1198.9dbars 7.2924C 35.2231PSU / 20.6uM 7.310C 58.578 8.366 675.744 /   58  117  567
(Jan 18 2018 18:03:55,  829937 sec) Profile()            Sample 11 initiated at 1151.6dbars for bin 11 [1150dbars].  PTS/O2,T2,TPhase,RPhase,RawTemp/FSig,BbSig,TSig: 1149.3dbars 7.6973C 35.2686PSU / 17.3uM 7.716C 59.060 8.366 663.544 /   59  117  566
(Jan 18 2018 18:11:56,  830418 sec) Profile()            Sample 12 initiated at 1101.8dbars for bin 12 [1100dbars].  PTS/O2,T2,TPhase,RPhase,RawTemp/FSig,BbSig,TSig: 1099.5dbars 8.0033C 35.3045PSU / 14.8uM 8.026C 59.447 8.367 654.219 /   58  113  566
(Jan 18 2018 18:20:15,  830917 sec) Profile()            Sample 13 initiated at 1051.7dbars for bin 13 [1050dbars].  PTS/O2,T2,TPhase,RPhase,RawTemp/FSig,BbSig,TSig: 1049.6dbars 8.3875C 35.3423PSU / 12.2uM 8.408C 59.836 8.366 642.657 /   58  113  565
(Jan 18 2018 18:29:56,  831498 sec) Profile()            Sample 14 initiated at 1001.6dbars for bin 14 [1000dbars].  PTS/O2,T2,TPhase,RPhase,RawTemp/FSig,BbSig,TSig: 999.9dbars 8.7030C 35.3730PSU / 10.1uM 8.724C 60.179 8.367 633.080 /   58  117  565
(Jan 18 2018 18:30:39,  831541 sec) AscentControlAgent(  Bouyancy nudge to 98 (v=0.079dbar/sec).
(Jan 18 2018 18:30:39,  831542 sec) PistonMoveAbsWTO()    088->098 089 090 091 092 093 [30sec, 14.0Volts, 0.467Amps, CPT:1263sec]
(Jan 18 2018 18:31:20,  831582 sec) PistonMoveAbsWTO()    093->098 094 095 096 097 098 [27sec, 13.9Volts, 0.471Amps, CPT:1290sec]
(Jan 18 2018 18:47:46,  832568 sec) Profile()            Sample 16 initiated at 901.6dbars for bin 16 [900dbars].  PTS/O2,T2,TPhase,RPhase,RawTemp/FSig,BbSig,TSig: 899.4dbars 9.4994C 35.4535PSU / 5.5uM 9.526C 60.970 8.386 608.593 /   58  119  563
(Jan 18 2018 19:16:27,  834289 sec) AscentControlAgent(  Bouyancy nudge to 108 (v=0.076dbar/sec).
(Jan 18 2018 19:16:27,  834290 sec) PistonMoveAbsWTO()    098->108 099 100 101 102 103 [30sec, 14.1Volts, 0.383Amps, CPT:1320sec]
(Jan 18 2018 19:17:08,  834330 sec) PistonMoveAbsWTO()    103->108 104 105 106 107 108 [26sec, 14.0Volts, 0.383Amps, CPT:1346sec]
(Jan 18 2018 19:23:32,  834714 sec) Profile()            Sample 20 initiated at 701.5dbars for bin 20 [700dbars].  PTS/O2,T2,TPhase,RPhase,RawTemp/FSig,BbSig,TSig: 699.3dbars 10.5720C 35.5169PSU / 1.7uM 10.600C 61.675 8.432 575.463 /   55  107  562
(Jan 18 2018 19:41:57,  835819 sec) AscentControlAgent(  Bouyancy nudge to 118 (v=0.077dbar/sec).
(Jan 18 2018 19:41:57,  835820 sec) PistonMoveAbsWTO()    108->118 109 110 111 112 113 [30sec, 14.2Volts, 0.334Amps, CPT:1376sec]
(Jan 18 2018 19:43:14,  835896 sec) PistonMoveAbsWTO()    113->118 114 115 116 117 118 [25sec, 14.1Volts, 0.342Amps, CPT:1401sec]
(Jan 18 2018 20:00:27,  836929 sec) Profile()            Sample 24 initiated at 501.1dbars for bin 24 [500dbars].  PTS/O2,T2,TPhase,RPhase,RawTemp/FSig,BbSig,TSig: 498.9dbars 12.0360C 35.6223PSU / 1.6uM 12.065C 61.563 8.510 529.787 /   57  114  559
(Jan 18 2018 20:02:01,  837023 sec) Sbe41cpStartCP()     Continuous profile started.
(Jan 18 2018 20:12:24,  837646 sec) AscentControlAgent(  Bouyancy nudge to 128 (v=0.075dbar/sec).
(Jan 18 2018 20:12:24,  837646 sec) PistonMoveAbsWTO()    118->128 119 120 121 122 123 [30sec, 14.1Volts, 0.302Amps, CPT:1431sec]
(Jan 18 2018 20:13:04,  837686 sec) PistonMoveAbsWTO()    123->128 124 125 126 127 128 [25sec, 14.0Volts, 0.306Amps, CPT:1456sec]
(Jan 18 2018 20:30:23,  838725 sec) Profile()            Sample 28 initiated at 331.7dbars for bin 28 [330dbars].  PTS/O2,T2,TPhase,RPhase,RawTemp/FSig,BbSig,TSig: 331.4dbars 13.1133C 35.5891PSU / 1.1uM 13.147C 61.595 8.513 495.656 /   58  127  557
(Jan 18 2018 20:43:12,  839494 sec) AscentControlAgent(  Bouyancy nudge to 138 (v=0.066dbar/sec).
(Jan 18 2018 20:43:12,  839494 sec) PistonMoveAbsWTO()    128->138 129 130 131 132 133 [30sec, 14.2Volts, 0.250Amps, CPT:1486sec]
(Jan 18 2018 20:43:52,  839534 sec) PistonMoveAbsWTO()    133->138 134 135 136 137 138 [25sec, 14.2Volts, 0.246Amps, CPT:1511sec]
(Jan 18 2018 20:48:08,  839790 sec) Profile()            Sample 32 initiated at 241.0dbars for bin 32 [240dbars].  PTS/O2,T2,TPhase,RPhase,RawTemp/FSig,BbSig,TSig: 240.6dbars 15.4526C 35.9167PSU / 1.0uM 15.478C 61.443 8.609 421.279 /   59  151  556
(Jan 18 2018 20:58:33,  840415 sec) AscentControlAgent(  Bouyancy nudge to 148 (v=0.075dbar/sec).
(Jan 18 2018 20:58:33,  840415 sec) PistonMoveAbsWTO()    138->148 139 140 141 142 143 [30sec, 14.2Volts, 0.218Amps, CPT:1541sec]
(Jan 18 2018 20:59:13,  840455 sec) PistonMoveAbsWTO()    143->148 144 145 146 147 148 [24sec, 14.2Volts, 0.222Amps, CPT:1565sec]
(Jan 18 2018 21:00:02,  840504 sec) Profile()            Sample 36 initiated at 180.1dbars for bin 36 [180dbars].  PTS/O2,T2,TPhase,RPhase,RawTemp/FSig,BbSig,TSig: 179.8dbars 17.7935C 35.9781PSU / 0.9uM 17.833C 61.286 8.778 345.140 /   59  152  552
(Jan 18 2018 21:08:48,  841030 sec) Profile()            Sample 40 initiated at 141.4dbars for bin 40 [140dbars].  PTS/O2,T2,TPhase,RPhase,RawTemp/FSig,BbSig,TSig: 141.2dbars 20.3160C 36.0603PSU / 1.2uM 20.311C 61.028 8.856 264.417 /   56  108  549
(Jan 18 2018 21:08:51,  841033 sec) AscentControlAgent(  Bouyancy nudge to 158 (v=0.060dbar/sec).
(Jan 18 2018 21:08:51,  841033 sec) PistonMoveAbsWTO()    148->158 149 150 151 152 153 [30sec, 14.2Volts, 0.205Amps, CPT:1595sec]
(Jan 18 2018 21:09:31,  841073 sec) PistonMoveAbsWTO()    153->158 154 155 156 157 158 [23sec, 14.2Volts, 0.205Amps, CPT:1618sec]
(Jan 18 2018 21:15:57,  841459 sec) Profile()            Sample 44 initiated at 101.8dbars for bin 44 [100dbars].  PTS/O2,T2,TPhase,RPhase,RawTemp/FSig,BbSig,TSig: 101.6dbars 22.5256C 36.2116PSU / 56.7uM 22.525C 47.622 8.933 192.166 /   82  112  545
(Jan 18 2018 21:24:12,  841954 sec) AscentControlAgent(  Bouyancy nudge to 163 (v=0.031dbar/sec).
(Jan 18 2018 21:24:12,  841954 sec) PistonMoveAbsWTO()    158->163 159 160 161 162 163 [27sec, 14.3Volts, 0.193Amps, CPT:1645sec]
(Jan 18 2018 21:30:32,  842334 sec) Profile()            Sample 48 initiated at 61.6dbars for bin 48 [60dbars].  PTS/O2,T2,TPhase,RPhase,RawTemp/FSig,BbSig,TSig: 61.4dbars 25.0664C 36.4489PSU / 216.0uM 25.080C 31.046 8.914 109.146 /  320  313  540
(Jan 18 2018 21:37:28,  842750 sec) Profile()            Sample 52 initiated at 36.7dbars for bin 52 [35dbars].  PTS/O2,T2,TPhase,RPhase,RawTemp/FSig,BbSig,TSig: 36.6dbars 25.5312C 36.4154PSU / 232.7uM 25.536C 30.015 8.966 94.401 /  183  180  538
(Jan 18 2018 21:44:50,  843193 sec) AscentControlAgent(  Bouyancy nudge to 168 (v=0.036dbar/sec).
(Jan 18 2018 21:44:51,  843193 sec) PistonMoveAbsWTO()    163->168 164 165 166 167 168 [26sec, 14.3Volts, 0.173Amps, CPT:1671sec]
(Jan 18 2018 21:46:12,  843274 sec) Profile()            Sample 56 initiated at 16.7dbars for bin 56 [15dbars].  PTS/O2,T2,TPhase,RPhase,RawTemp/FSig,BbSig,TSig: 16.4dbars 25.7384C 36.3931PSU / 239.8uM 25.755C 29.592 8.970 87.307 /  163  212  537
(Jan 18 2018 21:47:48,  843370 sec) Profile()            Sample 57 initiated at 11.8dbars for bin 57 [10dbars].  PTS/O2,T2,TPhase,RPhase,RawTemp/FSig,BbSig,TSig: 11.6dbars 25.7413C 36.3923PSU / 240.1uM 25.758C 29.576 8.968 87.205 /  160  161  537
(Jan 18 2018 21:49:24,  843466 sec) Profile()            Sample 58 initiated at 5.9dbars for bin 58 [4dbars].  PTS/O2,T2,TPhase,RPhase,RawTemp/FSig,BbSig,TSig: 5.8dbars 25.7426C 36.3907PSU / 240.0uM 25.758C 29.579 8.967 87.218 /  139  148  537
(Jan 18 2018 21:49:50,  843492 sec) Profile()            Sample 59 initiated at 4.4dbars for bin 58 [4dbars].  PTS/O2,T2,TPhase,RPhase,RawTemp/FSig,BbSig,TSig: 4.3dbars 25.7375C 36.3915PSU / 240.1uM 25.754C 29.575 8.968 87.353 /  137  151  537
(Jan 18 2018 21:50:06,  843508 sec) SurfaceDetect()      SurfacePressure:-0.3dbars Pressure:2.9dbars PistonPosition:168
(Jan 18 2018 21:50:07,  843509 sec) Sbe41cpStopCP()      Continuous profile stopped.
(Jan 18 2018 21:50:14,  843516 sec) PistonMoveAbsWTO()    168->190 169 170 171 172 173 174 175 176 177 178 179 180 181 182 183 184 185 186 187 188 189 190 [113sec, 14.3Volts, 0.149Amps, CPT:1784sec]
(Jan 18 2018 21:52:23,  843645 sec) sbe41cp.c:chat()     Expected string [S>] not received.
(Jan 18 2018 21:53:48,  843730 sec) Sbe41cpBinAverage()  Finished averaging 6513 samples in 80 seconds.
(Jan 18 2018 21:53:53,  843735 sec) Sbe41cpUploadCP()    Sbe41cpSerNo[08355] NSample[6513] NBin[249]
(Jan 18 2018 21:54:36,  843778 sec) Sbe41cpUploadCP()    Continuous profile uploaded [249 lines].

<EOT>

<EOT>
