(Jan 20 2018 17:59:30,  157263 sec) TelemetryInit()      Profile 50. (Apf9i FwRev: 061016)
(Jan 20 2018 18:06:32,  157685 sec) AirSystem()          Battery [188cnt, 14.6V]  Current [76cnt, 306.2mA]  Barometer [126cnt, 6.5"Hg]  Run-Time [50s]
(Jan 20 2018 18:07:17,  157730 sec) GetSurfaceObs()      P/O2,T2,TPhase,RPhase,RawTemp/FSig,BbSig,TSig: -0.4dbars / 249.8uM 24.637C 29.570 8.884 123.470 / 192,170,537
(Jan 20 2018 18:07:21,  157734 sec) GpsServices()        GPS almanac is current.
(Jan 20 2018 18:07:21,  157734 sec) GpsServices()        Initiating GPS fix acquisition.
(Jan 20 2018 18:07:36,  157749 sec) gga()                $GPGGA,180710,1547.8265,N,06428.6162,E,0,00,,,M,,M,,*57
(Jan 20 2018 18:07:46,  157759 sec) gga()                $GPGGA,180720,1547.8265,N,06428.6162,E,0,00,,,M,,M,,*54
(Jan 20 2018 18:07:57,  157770 sec) gga()                $GPGGA,180730,1547.8265,N,06428.6162,E,0,00,,,M,,M,,*55
(Jan 20 2018 18:08:08,  157781 sec) gga()                $GPGGA,180740,1547.8265,N,06428.6162,E,0,00,,,M,,M,,*52
(Jan 20 2018 18:08:19,  157792 sec) gga()                $GPGGA,180750,1547.8265,N,06428.6162,E,0,00,,,M,,M,,*53
(Jan 20 2018 18:08:30,  157803 sec) gga()                $GPGGA,180800,1547.8265,N,06428.6162,E,0,00,,,M,,M,,*59
(Jan 20 2018 18:08:41,  157814 sec) gga()                $GPGGA,180800,1547.8265,N,06428.6162,E,0,00,,,M,,M,,*59
(Jan 20 2018 18:08:44,  157817 sec) gga()                $GPGGA,180810,1547.8265,N,06428.6162,E,0,00,,,M,,M,,*58
(Jan 20 2018 18:08:55,  157828 sec) gga()                $GPGGA,180820,1547.8265,N,06428.6162,E,0,00,,,M,,M,,*5B
(Jan 20 2018 18:10:26,  157918 sec) gga()                $GPGGA,180930,1546.8531,N,06428.4542,E,1,10,0.8,-0.7,M,-62.7,M,,*4A
(Jan 20 2018 18:10:26,  157919 sec) GpsServices()        Profile 50 GPS fix obtained in 185 seconds.
(Jan 20 2018 18:10:26,  157919 sec) GpsServices()                  lon     lat mm/dd/yyyy hhmmss nsat
(Jan 20 2018 18:10:26,  157919 sec) GpsServices()        Fix:   64.474  15.781 01/20/2018 180930   10
(Jan 20 2018 18:11:16,  157968 sec) gga()                $GPGGA,181020,1546.8453,N,06428.4548,E,1,10,0.8,-0.8,M,-62.7,M,,*43
(Jan 20 2018 18:11:23,  157976 sec) gga()                $GPGGA,181110,1546.8374,N,06428.4563,E,1,09,0.9,-3.1,M,-62.7,M,,*49
(Jan 20 2018 18:11:23,  157976 sec) GpsServices()        APF9 RTC skew (13s) OK.
(Jan 20 2018 18:11:33,  157986 sec) LogNmeaSentences()   $GPRMC,181120,A,1546.8356,N,06428.4568,E,000.0,120.0,200118,000.6,W*69
(Jan 20 2018 18:11:34,  157987 sec) LogNmeaSentences()   $GPGGA,181120,1546.8356,N,06428.4568,E,1,09,0.9,-2.9,M,-62.7,M,,*48
(Jan 20 2018 18:11:34,  157987 sec) LogNmeaSentences()   $GPGSA,A,3,02,06,12,13,15,17,19,24,28,,,,1.2,0.9,0.8*33
(Jan 20 2018 18:11:35,  157988 sec) LogNmeaSentences()   $GPGSV,3,1,10,02,72,207,48,06,69,050,50,12,13,320,45,13,19,209,42*7B
(Jan 20 2018 18:11:36,  157988 sec) LogNmeaSentences()   $GPGSV,3,2,10,15,12,240,46,17,21,036,45,19,34,019,44,24,39,308,49*76
(Jan 20 2018 18:11:36,  157989 sec) LogNmeaSentences()   $GPGSV,3,3,10,28,21,095,40,30,04,149,36*77
(Jan 20 2018 18:11:43,  157996 sec) LogNmeaSentences()   $GPRMC,181130,A,1546.8336,N,06428.4574,E,001.6,172.2,200118,000.6,W*61
(Jan 20 2018 18:11:44,  157997 sec) LogNmeaSentences()   $GPGGA,181130,1546.8336,N,06428.4574,E,1,09,0.9,-2.6,M,-62.7,M,,*4D
(Jan 20 2018 18:11:44,  157997 sec) LogNmeaSentences()   $GPGSA,A,3,02,06,12,13,15,17,19,24,28,,,,1.2,0.9,0.8*33
(Jan 20 2018 18:11:45,  157998 sec) LogNmeaSentences()   $GPGSV,3,1,10,02,72,207,48,06,69,050,51,12,13,320,44,13,19,209,42*7B
(Jan 20 2018 18:11:46,  157998 sec) LogNmeaSentences()   $GPGSV,3,2,10,15,12,240,44,17,21,036,46,19,34,019,47,24,39,308,47*7A
(Jan 20 2018 18:11:46,  157999 sec) LogNmeaSentences()   $GPGSV,3,3,10,28,21,095,41,30,04,149,38*78
(Jan 20 2018 18:11:53,  158006 sec) LogNmeaSentences()   $GPRMC,181140,A,1546.8321,N,06428.4582,E,000.0,084.6,200118,000.6,W*62
(Jan 20 2018 18:11:54,  158007 sec) LogNmeaSentences()   $GPGGA,181140,1546.8321,N,06428.4582,E,1,09,0.9,-2.7,M,-62.7,M,,*44
(Jan 20 2018 18:11:54,  158007 sec) LogNmeaSentences()   $GPGSA,A,3,02,06,12,13,15,17,19,24,28,,,,1.2,0.9,0.8*33
(Jan 20 2018 18:11:55,  158008 sec) LogNmeaSentences()   $GPGSV,3,1,10,02,72,207,17,06,69,050,18,12,13,320,17,13,19,209,17*7A
(Jan 20 2018 18:11:55,  158008 sec) LogNmeaSentences()   $GPGSV,3,2,10,15,12,240,17,17,21,036,17,19,34,019,17,24,39,307,17*77
(Jan 20 2018 18:11:56,  158009 sec) LogNmeaSentences()   $GPGSV,3,3,10,28,20,095,17,30,04,149,17*77
(Jan 20 2018 18:12:03,  158016 sec) LogNmeaSentences()   $GPRMC,181150,A,1546.8305,N,06428.4582,E,000.6,169.0,200118,000.6,W*67
(Jan 20 2018 18:12:04,  158017 sec) LogNmeaSentences()   $GPGGA,181150,1546.8305,N,06428.4582,E,1,09,0.9,-2.5,M,-62.7,M,,*41
(Jan 20 2018 18:12:04,  158017 sec) LogNmeaSentences()   $GPGSA,A,3,02,06,12,13,15,17,19,24,28,,,,1.2,0.9,0.8*33
(Jan 20 2018 18:12:05,  158018 sec) LogNmeaSentences()   $GPGSV,3,1,10,02,72,207,47,06,69,050,51,12,13,320,40,13,19,209,42*70
(Jan 20 2018 18:12:06,  158018 sec) LogNmeaSentences()   $GPGSV,3,2,10,15,12,240,43,17,21,036,46,19,34,019,44,24,39,307,44*72
(Jan 20 2018 18:12:06,  158019 sec) LogNmeaSentences()   $GPGSV,3,3,10,28,20,095,42,30,04,149,38*7A
(Jan 20 2018 18:12:13,  158026 sec) LogNmeaSentences()   $GPRMC,181200,A,1546.8292,N,06428.4584,E,000.0,233.9,200118,000.6,W*6B
(Jan 20 2018 18:12:14,  158027 sec) LogNmeaSentences()   $GPGGA,181200,1546.8292,N,06428.4584,E,1,09,0.9,-2.6,M,-62.7,M,,*4D
(Jan 20 2018 18:12:14,  158027 sec) LogNmeaSentences()   $GPGSA,A,3,02,06,12,13,15,17,19,24,28,,,,1.2,0.9,0.8*33
(Jan 20 2018 18:12:15,  158028 sec) LogNmeaSentences()   $GPGSV,3,1,10,02,72,207,26,06,69,049,27,12,13,320,24,13,19,209,23*7B
(Jan 20 2018 18:12:16,  158029 sec) LogNmeaSentences()   $GPGSV,3,2,10,15,12,240,24,17,21,036,23,19,34,019,24,24,39,307,25*71
(Jan 20 2018 18:12:16,  158029 sec) LogNmeaSentences()   $GPGSV,3,3,10,28,20,095,23,30,04,149,21*75
(Jan 20 2018 18:12:17,  158030 sec) LogNmeaSentences()   $PGRMT,GPS 15x-L software ver. 4.00,,,,,,,,*73
(Jan 20 2018 18:12:17,  158030 sec) GpsServices()        GPS services complete.
(Jan 20 2018 18:12:42,  158055 sec) CLogin()             Connecting to primary host.
(Jan 20 2018 18:12:58,  158071 sec) CLogin()             Connection 1 established in 16 seconds.
(Jan 20 2018 18:13:08,  158080 sec) login()              Login successful.
(Jan 20 2018 18:13:13,  158085 sec) chat()               Expected string [cmd>] not received.
(Jan 20 2018 18:13:13,  158086 sec) login()              Attempt to set the command prompt failed.
(Jan 20 2018 18:13:16,  158089 sec) CLogin()             Logged in to host.  [Login required 18 seconds]
(Jan 20 2018 18:13:28,  158101 sec) RxConfig()           Downloading "mission.cfg" from host.
(Jan 20 2018 18:13:30,  158103 sec) Rx()                 Initiating transfer. [0x43]
(Jan 20 2018 18:13:37,  158110 sec) RxStartByte()        Sync errors encountered: 144
(Jan 20 2018 18:13:41,  158113 sec) Rx()                 Truncated packet received - retrying.
(Jan 20 2018 18:13:43,  158116 sec) RxStartByte()        Sync errors encountered: 378
(Jan 20 2018 18:13:48,  158120 sec) Rx()                 Truncated packet received - retrying.
(Jan 20 2018 18:13:55,  158128 sec) RxStartByte()        Sync errors encountered: 967
(Jan 20 2018 18:13:58,  158130 sec) Rx()                 Pad character [0x1a] found in ascii mode - truncating packet.
(Jan 20 2018 18:14:10,  158142 sec) Rx()                 Received EOT - transfer complete. [1 packets, 1024 bytes, 40 sec, 25.6 bps]
(Jan 20 2018 18:14:10,  158143 sec) RxConfig()           Download successful.
(Jan 20 2018 18:14:33,  158166 sec) WriteVitals()        Writing vitals to "7827.050.msg".
(Jan 20 2018 18:14:43,  158176 sec) UpLoadFile()         Uploading "7827.050.msg" to host as "7827.050.msg".
(Jan 20 2018 18:14:46,  158179 sec) Tx()                 CRC negotiation successful. [16-bit CRC]
(Jan 20 2018 18:14:52,  158185 sec) TxPacket()           Invalid response [0x20] - resending packet. [PktNum=0x01]
(Jan 20 2018 18:14:52,  158185 sec) TxPacket()           Packet xmit history: [01110001] (0:ok, 1:fail).
(Jan 20 2018 18:14:54,  158187 sec) TxPacket()           Invalid response [0x43] - resending packet. [PktNum=0x01]
(Jan 20 2018 18:14:55,  158187 sec) TxPacket()           Packet xmit history: [11100011] (0:ok, 1:fail).
(Jan 20 2018 18:15:27,  158220 sec) TxPacket()           NAK received - resending packet. [PktNum=0x07]
(Jan 20 2018 18:15:27,  158220 sec) TxPacket()           Packet xmit history: [10000001] (0:ok, 1:fail).
(Jan 20 2018 18:15:45,  158238 sec) TxPacket()           NAK received - resending packet. [PktNum=0x09]
(Jan 20 2018 18:15:45,  158238 sec) TxPacket()           Packet xmit history: [00001001] (0:ok, 1:fail).
(Jan 20 2018 18:16:09,  158262 sec) TxPacket()           NAK received - resending packet. [PktNum=0x0b]
(Jan 20 2018 18:16:09,  158262 sec) TxPacket()           Packet xmit history: [01001001] (0:ok, 1:fail).
(Jan 20 2018 18:16:36,  158289 sec) Tx()                 Transmission completed successfully [13 packets, 11612 bytes, 109 sec, 113.9 bps]
(Jan 20 2018 18:16:36,  158289 sec) UpLoadFile()         Upload successful.
(Jan 20 2018 18:16:50,  158303 sec) UpLoadFile()         Uploading "7827.050.log" to host as "7827.050.log".
(Jan 20 2018 18:16:53,  158306 sec) Tx()                 CRC negotiation successful. [16-bit CRC]
(Jan 20 2018 18:17:05,  158318 sec) TxPacket()           NAK received - resending packet. [PktNum=0x02]
(Jan 20 2018 18:17:05,  158318 sec) TxPacket()           Packet xmit history: [00100001] (0:ok, 1:fail).
(Jan 20 2018 18:17:30,  158343 sec) TxPacket()           NAK received - resending packet. [PktNum=0x05]
(Jan 20 2018 18:17:30,  158343 sec) TxPacket()           Packet xmit history: [00010001] (0:ok, 1:fail).
(Jan 20 2018 18:18:23,  158396 sec) TxPacket()           NAK received - resending packet. [PktNum=0x0c]
(Jan 20 2018 18:18:23,  158396 sec) TxPacket()           Packet xmit history: [00000001] (0:ok, 1:fail).
(Jan 20 2018 18:18:28,  158401 sec) TxPacket()           NAK received - resending packet. [PktNum=0x0c]
(Jan 20 2018 18:18:28,  158401 sec) TxPacket()           Packet xmit history: [00000011] (0:ok, 1:fail).
(Jan 20 2018 18:18:33,  158406 sec) TxPacket()           NAK received - resending packet. [PktNum=0x0c]
(Jan 20 2018 18:18:33,  158406 sec) TxPacket()           Packet xmit history: [00000111] (0:ok, 1:fail).
(Jan 20 2018 18:18:38,  158411 sec) TxPacket()           NAK received - resending packet. [PktNum=0x0c]
(Jan 20 2018 18:18:38,  158411 sec) TxPacket()           Packet xmit history: [00001111] (0:ok, 1:fail).
(Jan 20 2018 18:18:42,  158415 sec) TxPacket()           NAK received - resending packet. [PktNum=0x0c]
(Jan 20 2018 18:18:43,  158416 sec) TxPacket()           Packet xmit history: [00011111] (0:ok, 1:fail).
(Jan 20 2018 18:18:47,  158420 sec) TxPacket()           NAK received - resending packet. [PktNum=0x0c]
(Jan 20 2018 18:18:47,  158420 sec) TxPacket()           Packet xmit history: [00111111] (0:ok, 1:fail).
(Jan 20 2018 18:18:52,  158425 sec) TxPacket()           NAK received - resending packet. [PktNum=0x0c]
(Jan 20 2018 18:18:52,  158425 sec) TxPacket()           Packet xmit history: [01111111] (0:ok, 1:fail).
(Jan 20 2018 18:18:55,  158428 sec) TxPacket()           NAK received - resending packet. [PktNum=0x0c]
(Jan 20 2018 18:18:55,  158428 sec) TxPacket()           Packet xmit history: [11111111] (0:ok, 1:fail).
(Jan 20 2018 18:19:03,  158436 sec) TxPacket()           NAK received - resending packet. [PktNum=0x0d]
(Jan 20 2018 18:19:04,  158437 sec) TxPacket()           Packet xmit history: [11111101] (0:ok, 1:fail).
(Jan 20 2018 18:19:09,  158442 sec) TxPacket()           NAK received - resending packet. [PktNum=0x0d]
(Jan 20 2018 18:19:09,  158442 sec) TxPacket()           Packet xmit history: [11111011] (0:ok, 1:fail).
(Jan 20 2018 18:19:19,  158452 sec) TxPacket()           NAK received - resending packet. [PktNum=0x0e]
(Jan 20 2018 18:19:19,  158452 sec) TxPacket()           Packet xmit history: [11101101] (0:ok, 1:fail).
(Jan 20 2018 18:20:45,  158538 sec) TxPacket()           NAK received - resending packet. [PktNum=0x1c]
(Jan 20 2018 18:20:45,  158538 sec) TxPacket()           Packet xmit history: [00000001] (0:ok, 1:fail).
(Jan 20 2018 18:20:54,  158547 sec) Tx()                 Transmission completed successfully [28 packets, 24910 bytes, 240 sec, 104.5 bps]
(Jan 20 2018 18:20:54,  158547 sec) UpLoadFile()         Upload successful.
(Jan 20 2018 18:21:05,  158558 sec) UpLoad()             Files successfully uploaded: 2
(Jan 20 2018 18:21:05,  158558 sec) UpLoad()             Upload complete.
(Jan 20 2018 18:21:10,  158562 sec) chat()               Expected string [cmd>] not received.
(Jan 20 2018 18:21:10,  158563 sec) logout()             Can't get command prompt.
(Jan 20 2018 18:21:12,  158564 sec) logout()             Log-out successful.
(Jan 20 2018 18:21:13,  158566 sec) Telemetry()          Telemetry cycle complete: PrfId=50 ConnectionAttempts=1  Connections=1
(Jan 20 2018 18:21:13,  158566 sec) TelemetryTerminate(  Parsing new mission configuration.
(Jan 20 2018 18:21:16,  158568 sec) configure()          Parsing configurators in "mission.cfg".
(Jan 20 2018 18:21:24,  158577 sec) configure()             TelemetryRetry(15)            [0x7BBC] [TelemetryRetry(15)].
(Jan 20 2018 18:21:34,  158587 sec) configure()             DownTime(1200)                [0x71FA] [DownTime(1200)].
(Jan 20 2018 18:21:42,  158595 sec) configure()             DeepProfilePressure(500)      [0x749B] [ProfilePressure(500)].
(Jan 20 2018 18:21:49,  158602 sec) configure()             DeepProfileDescentTime(45)    [0x5516] [DeepProfileDescentTime(45)].
(Jan 20 2018 18:21:56,  158609 sec) configure()             DeepProfilePistonPos(84)      [0xDEA4] [DeepProfilePistonPos(84)].
(Jan 20 2018 18:22:04,  158617 sec) configure()             ParkDescentTime(100)          [0x55E8] [ParkDescentTime(100)].
(Jan 20 2018 18:22:14,  158627 sec) configure()             ParkPressure(400)             [0x0B17] [ParkPressure(400)].
(Jan 20 2018 18:22:23,  158636 sec) configure()             ParkPistonPos(88)             [0x92F1] [ParkPistonPos(88)].
(Jan 20 2018 18:22:33,  158646 sec) configure()             TimeOfDay(990)                [0xC57D] [TimeOfDay(990)].
(Jan 20 2018 18:22:42,  158654 sec) configure()             CpActivationP(985)            [0x31B4] [CpActivationP(985)].
(Jan 20 2018 18:22:42,  158655 sec) configure()          Configuration CRCs and syntax OK.
(Jan 20 2018 18:22:42,  158655 sec) ConfigSupervisor()   Configuration accepted.
(Jan 20 2018 18:22:53,  158666 sec) LogConfiguration()   Mission configuration for Apf9i FwRev 061016:
(Jan 20 2018 18:22:54,  158667 sec) LogConfiguration()      AscentTimeOut(540) [min]
(Jan 20 2018 18:22:54,  158667 sec) LogConfiguration()      AtDialCmd(AT+CBST=71,0,1;DT0088160000573) [primary]
(Jan 20 2018 18:22:54,  158667 sec) LogConfiguration()      AltDialCmd(ATDT0013014291790) [alternate]
(Jan 20 2018 18:22:54,  158667 sec) LogConfiguration()      BuoyancyNudge(10) [count]
(Jan 20 2018 18:22:54,  158667 sec) LogConfiguration()      BuoyancyNudgeInitial(22) [count]
(Jan 20 2018 18:22:55,  158668 sec) LogConfiguration()      ConnectTimeOut(60) [sec]
(Jan 20 2018 18:22:55,  158668 sec) LogConfiguration()      CpActivationP(985) [dbar]
(Jan 20 2018 18:22:55,  158668 sec) LogConfiguration()      DeepProfileDescentTime(45) [min]
(Jan 20 2018 18:22:55,  158668 sec) LogConfiguration()      DeepProfilePistonPos(84) [count]
(Jan 20 2018 18:22:55,  158668 sec) LogConfiguration()      DeepProfilePressure(500) [dbar]
(Jan 20 2018 18:22:56,  158668 sec) LogConfiguration()      CompensatorHyperRetraction(0) [count]
(Jan 20 2018 18:22:56,  158669 sec) LogConfiguration()      DownTime(1200) [min]
(Jan 20 2018 18:22:56,  158669 sec) LogConfiguration()      FlbbMode(1)
(Jan 20 2018 18:22:56,  158669 sec) LogConfiguration()      FloatId(7827)
(Jan 20 2018 18:22:56,  158669 sec) LogConfiguration()      FullExtension(226) [count]
(Jan 20 2018 18:22:56,  158669 sec) LogConfiguration()      FullRetraction(9) [count]
(Jan 20 2018 18:22:57,  158670 sec) LogConfiguration()      MaxAirBladder(124) [count]
(Jan 20 2018 18:22:57,  158670 sec) LogConfiguration()      MaxLogKb(40) [KByte]
(Jan 20 2018 18:22:57,  158670 sec) LogConfiguration()      MissionPrelude(360) [min]
(Jan 20 2018 18:22:57,  158670 sec) LogConfiguration()      OkVacuum(96) [count]
(Jan 20 2018 18:22:57,  158670 sec) LogConfiguration()      PActivationPistonPosition(16) [count]
(Jan 20 2018 18:22:57,  158670 sec) LogConfiguration()      ParkDescentTime(100) [min]
(Jan 20 2018 18:22:58,  158671 sec) LogConfiguration()      ParkPistonPos(88) [count]
(Jan 20 2018 18:22:58,  158671 sec) LogConfiguration()      ParkPressure(400) [dbar]
(Jan 20 2018 18:22:58,  158671 sec) LogConfiguration()      PnPCycleLen(1)
(Jan 20 2018 18:22:58,  158671 sec) LogConfiguration()      Pwd(0x3c35)
(Jan 20 2018 18:22:58,  158671 sec) LogConfiguration()      TelemetryRetry(15) [min]
(Jan 20 2018 18:22:59,  158671 sec) LogConfiguration()      TimeOfDay(990) [min]
(Jan 20 2018 18:22:59,  158672 sec) LogConfiguration()      UpTime(660) [min]
(Jan 20 2018 18:22:59,  158672 sec) LogConfiguration()      User(f7827)
(Jan 20 2018 18:22:59,  158672 sec) LogConfiguration()      Verbosity(2)
(Jan 20 2018 18:22:59,  158672 sec) LogConfiguration()      DebugBits(0x0002)
(Jan 20 2018 18:22:59,  158672 sec) TelemetryTerminate(  Reconditioning the file system.
(Jan 20 2018 18:23:18,      11 sec) DescentInit()        Deep profile 51 initiated at mission-time 158680sec.
(Jan 20 2018 18:23:21,      13 sec) DescentInit()        Surface pressure: -0.4dbars.
(Jan 20 2018 18:23:26,      18 sec) PistonMoveAbsWTO()    188->088 187 186 185 184 183 182 181 180 179 178 177 176 175 174 173 172 171 170 169 168 167 166 165 164 163 162 161 160 159 158 157 156 155 154 153 152 151 150 149 148 147 146 145 144 143 142 141 140 139 138 137 136 135 134 133 132 131 130 129 128 127 126 125 124 123 122 121 120 119 118 117 116 115 114 113 112 111 110 109 108 107 106 105 104 103 102 101 100 099 098 097 096 095 094 093 092 091 090 089 088 [505sec, 14.3Volts, 0.153Amps, CPT:505sec]
(Jan 20 2018 18:32:00,     533 sec) Descent()            Pressure: 32.2
(Jan 20 2018 19:23:11,    3604 sec) Descent()            Pressure: 363.6
(Jan 20 2018 20:03:17,    6010 sec) Descent()            Pressure: 546.9
(Jan 20 2018 20:03:18,    6010 sec) ParkInit()           
(Jan 20 2018 21:23:18,   10810 sec) Park()               ParkPOutOfBand[3, 701.4 dbars]: extend piston.
(Jan 20 2018 21:23:18,   10811 sec) PistonMoveAbsWTO()    088->089 089 [2sec, 13.8Volts, 0.371Amps, CPT:507sec]
(Jan 21 2018 00:23:18,   21610 sec) Park()               ParkPOutOfBand[3, 717.3 dbars]: extend piston.
(Jan 21 2018 00:23:18,   21611 sec) PistonMoveAbsWTO()    089->090 090 [6sec, 14.0Volts, 0.375Amps, CPT:513sec]
(Jan 21 2018 03:23:18,   32410 sec) Park()               ParkPOutOfBand[3, 698.0 dbars]: extend piston.
(Jan 21 2018 03:23:18,   32411 sec) PistonMoveAbsWTO()    090->091 091 [6sec, 14.1Volts, 0.383Amps, CPT:519sec]
(Jan 21 2018 06:23:18,   43210 sec) Park()               ParkPOutOfBand[3, 677.4 dbars]: extend piston.
(Jan 21 2018 06:23:18,   43211 sec) PistonMoveAbsWTO()    091->092 092 [6sec, 14.1Volts, 0.367Amps, CPT:525sec]
(Jan 21 2018 09:23:18,   54010 sec) Park()               ParkPOutOfBand[3, 666.0 dbars]: extend piston.
(Jan 21 2018 09:23:18,   54011 sec) PistonMoveAbsWTO()    092->093 093 [6sec, 14.1Volts, 0.359Amps, CPT:531sec]
(Jan 21 2018 12:23:18,   64810 sec) Park()               ParkPOutOfBand[3, 644.8 dbars]: extend piston.
(Jan 21 2018 12:23:18,   64811 sec) PistonMoveAbsWTO()    093->094 094 [6sec, 14.1Volts, 0.359Amps, CPT:537sec]
(Jan 21 2018 15:23:18,   75610 sec) Park()               ParkPOutOfBand[3, 625.0 dbars]: extend piston.
(Jan 21 2018 15:23:18,   75611 sec) PistonMoveAbsWTO()    094->095 095 [6sec, 14.1Volts, 0.334Amps, CPT:543sec]
(Jan 21 2018 15:45:20,   76932 sec) CtdPower()           [  613.37, 11.1333, 35.5417]
(Jan 21 2018 15:45:20,   76932 sec) CtdPower()           CTD Power consumption [191VCnt 10ACnt]: 14.806Volts * 0.040Amps = 0.60Watts.
(Jan 21 2018 15:45:21,   76933 sec) ParkTerminate()      Piston Position:95 Vacuum:80 Vq:194 Aq:6 Vsbe:191 Asbe:10 Vflbb:188 Aflbb:12
(Jan 21 2018 15:45:57,   76970 sec) ParkTerminate()      PTS/O2,T2,TPhase,RawTemp: 613.2dbars 11.1333C 35.5421PSU / 2.6uM 11.165C 61.417 8.402 557.933
(Jan 21 2018 15:45:57,   76970 sec) ParkTerminate()      FLBB FSig, BbSig, TSig: 57, 113, 561
(Jan 21 2018 15:45:58,   76970 sec) GoDeepInit()         Moving piston.
(Jan 21 2018 15:45:58,   76971 sec) PistonMoveAbsWTO()    095->084 094 093 092 091 090 089 088 087 086 085 084 [52sec, 14.6Volts, 0.117Amps, CPT:595sec]
(Jan 21 2018 15:46:53,   77025 sec) GoDeep()             Sequence point detected at 613.8dbar.
(Jan 21 2018 15:46:55,   77028 sec) ProfileInit()        PrfId:051  Pressure:613.9dbar  pTable[22]:600dbar
(Jan 21 2018 15:48:29,   77121 sec) Sbe41cpStartCP()     Continuous profile started.
(Jan 21 2018 15:48:29,   77122 sec) PistonMoveAbsWTO()    084->106 085 086 087 088 089 090 [30sec, 14.2Volts, 0.342Amps, CPT:625sec]
(Jan 21 2018 15:49:10,   77162 sec) PistonMoveAbsWTO()    090->106 091 092 093 094 095 [30sec, 14.1Volts, 0.355Amps, CPT:655sec]
(Jan 21 2018 15:49:50,   77202 sec) PistonMoveAbsWTO()    095->106 096 097 098 099 100 101 [30sec, 14.0Volts, 0.351Amps, CPT:685sec]
(Jan 21 2018 15:50:30,   77242 sec) PistonMoveAbsWTO()    101->106 102 103 104 105 106 [29sec, 14.0Volts, 0.355Amps, CPT:714sec]
(Jan 21 2018 16:02:05,   77938 sec) AscentControlAgent(  Bouyancy nudge to 116 (v=0.043dbar/sec).
(Jan 21 2018 16:02:06,   77938 sec) PistonMoveAbsWTO()    106->116 107 108 109 110 111 [30sec, 14.1Volts, 0.338Amps, CPT:744sec]
(Jan 21 2018 16:02:46,   77978 sec) PistonMoveAbsWTO()    111->116 112 113 114 115 116 [25sec, 14.0Volts, 0.347Amps, CPT:769sec]
(Jan 21 2018 16:16:15,   78787 sec) Profile()            Sample 2 initiated at 501.5dbars for bin 24 [500dbars].  PTS/O2,T2,TPhase,RPhase,RawTemp/FSig,BbSig,TSig: 501.3dbars 11.9120C 35.5982PSU / 2.3uM 11.936C 61.429 8.448 533.820 /   55  111  559
(Jan 21 2018 16:32:28,   79761 sec) AscentControlAgent(  Bouyancy nudge to 126 (v=0.077dbar/sec).
(Jan 21 2018 16:32:29,   79761 sec) PistonMoveAbsWTO()    116->126 117 118 119 120 121 [30sec, 14.2Volts, 0.290Amps, CPT:799sec]
(Jan 21 2018 16:33:08,   79801 sec) PistonMoveAbsWTO()    121->126 122 123 124 125 126 [24sec, 14.1Volts, 0.290Amps, CPT:823sec]
(Jan 21 2018 16:48:45,   80737 sec) Profile()            Sample 6 initiated at 331.7dbars for bin 28 [330dbars].  PTS/O2,T2,TPhase,RPhase,RawTemp/FSig,BbSig,TSig: 331.4dbars 13.1108C 35.6013PSU / 1.1uM 13.151C 61.598 8.476 495.531 /   59  130  557
(Jan 21 2018 17:02:57,   81590 sec) AscentControlAgent(  Bouyancy nudge to 136 (v=0.078dbar/sec).
(Jan 21 2018 17:02:57,   81590 sec) PistonMoveAbsWTO()    126->136 127 128 129 130 131 [30sec, 14.2Volts, 0.246Amps, CPT:853sec]
(Jan 21 2018 17:03:37,   81630 sec) PistonMoveAbsWTO()    131->136 132 133 134 135 136 [24sec, 14.2Volts, 0.242Amps, CPT:877sec]
(Jan 21 2018 17:06:38,   81810 sec) Profile()            Sample 10 initiated at 241.2dbars for bin 32 [240dbars].  PTS/O2,T2,TPhase,RPhase,RawTemp/FSig,BbSig,TSig: 240.9dbars 15.2658C 35.9071PSU / 1.0uM 15.308C 61.460 8.583 426.740 /   59  151  556
(Jan 21 2018 17:13:07,   82200 sec) AscentControlAgent(  Bouyancy nudge to 146 (v=0.074dbar/sec).
(Jan 21 2018 17:13:07,   82200 sec) PistonMoveAbsWTO()    136->146 137 138 139 140 141 [30sec, 14.2Volts, 0.226Amps, CPT:907sec]
(Jan 21 2018 17:13:47,   82240 sec) PistonMoveAbsWTO()    141->146 142 143 144 145 146 [23sec, 14.2Volts, 0.230Amps, CPT:930sec]
(Jan 21 2018 17:17:35,   82468 sec) Profile()            Sample 14 initiated at 180.7dbars for bin 36 [180dbars].  PTS/O2,T2,TPhase,RPhase,RawTemp/FSig,BbSig,TSig: 180.4dbars 17.4698C 35.9604PSU / 0.9uM 17.503C 61.310 8.764 355.838 /   57  149  552
(Jan 21 2018 17:25:00,   82913 sec) Profile()            Sample 18 initiated at 141.5dbars for bin 40 [140dbars].  PTS/O2,T2,TPhase,RPhase,RawTemp/FSig,BbSig,TSig: 141.3dbars 19.5632C 36.0327PSU / 0.9uM 19.582C 61.164 8.839 288.194 /   55  112  549
(Jan 21 2018 17:28:18,   83111 sec) AscentControlAgent(  Bouyancy nudge to 156 (v=0.069dbar/sec).
(Jan 21 2018 17:28:18,   83111 sec) PistonMoveAbsWTO()    146->156 147 148 149 150 151 [30sec, 14.3Volts, 0.197Amps, CPT:960sec]
(Jan 21 2018 17:28:58,   83151 sec) PistonMoveAbsWTO()    151->156 152 153 154 155 156 [23sec, 14.3Volts, 0.201Amps, CPT:983sec]
(Jan 21 2018 17:32:56,   83389 sec) Profile()            Sample 22 initiated at 101.7dbars for bin 44 [100dbars].  PTS/O2,T2,TPhase,RPhase,RawTemp/FSig,BbSig,TSig: 101.5dbars 21.8745C 36.2467PSU / 35.4uM 21.894C 51.947 8.847 212.770 /   54  111  547
(Jan 21 2018 17:38:26,   83719 sec) AscentControlAgent(  Bouyancy nudge to 161 (v=0.033dbar/sec).
(Jan 21 2018 17:38:26,   83719 sec) PistonMoveAbsWTO()    156->161 157 158 159 160 161 [26sec, 14.3Volts, 0.185Amps, CPT:1009sec]
(Jan 21 2018 17:48:13,   84305 sec) Profile()            Sample 26 initiated at 61.9dbars for bin 48 [60dbars].  PTS/O2,T2,TPhase,RPhase,RawTemp/FSig,BbSig,TSig: 61.7dbars 25.2420C 36.4920PSU / 221.7uM 25.254C 30.676 8.918 103.512 /  127  154  540
(Jan 21 2018 17:56:35,   84808 sec) Profile()            Sample 30 initiated at 36.6dbars for bin 52 [35dbars].  PTS/O2,T2,TPhase,RPhase,RawTemp/FSig,BbSig,TSig: 36.5dbars 25.2781C 36.4905PSU / 232.1uM 25.294C 30.136 8.963 102.203 /  125  149  538
(Jan 21 2018 18:03:18,   85211 sec) Profile()            Sample 34 initiated at 16.9dbars for bin 56 [15dbars].  PTS/O2,T2,TPhase,RPhase,RawTemp/FSig,BbSig,TSig: 16.8dbars 25.3588C 36.4802PSU / 235.3uM 25.374C 29.954 8.959 99.620 /  164  164  538
(Jan 21 2018 18:05:04,   85317 sec) Profile()            Sample 35 initiated at 11.9dbars for bin 57 [10dbars].  PTS/O2,T2,TPhase,RPhase,RawTemp/FSig,BbSig,TSig: 11.8dbars 25.4893C 36.4407PSU / 242.4uM 25.503C 29.568 8.959 95.457 /  225  175  538
(Jan 21 2018 18:08:27,   85520 sec) Profile()            Sample 36 initiated at 6.0dbars for bin 58 [4dbars].  PTS/O2,T2,TPhase,RPhase,RawTemp/FSig,BbSig,TSig: 5.9dbars 25.4896C 36.4412PSU / 245.5uM 25.507C 29.424 8.958 95.306 /  310  185  538
(Jan 21 2018 18:08:54,   85547 sec) Profile()            Sample 37 initiated at 5.6dbars for bin 58 [4dbars].  PTS/O2,T2,TPhase,RPhase,RawTemp/FSig,BbSig,TSig: 5.5dbars 25.4884C 36.4409PSU / 245.3uM 25.505C 29.434 8.960 95.383 /  221  172  537
(Jan 21 2018 18:08:57,   85550 sec) AscentControlAgent(  Bouyancy nudge to 166 (v=0.031dbar/sec).
(Jan 21 2018 18:08:57,   85550 sec) PistonMoveAbsWTO()    161->166 162 163 164 [15sec, 14.3Volts, 0.165Amps, CPT:1024sec]
(Jan 21 2018 18:09:38,   85591 sec) Profile()            Sample 38 initiated at 4.8dbars for bin 58 [4dbars].  PTS/O2,T2,TPhase,RPhase,RawTemp/FSig,BbSig,TSig: 4.7dbars 25.4849C 36.4259PSU / 245.8uM 25.500C 29.413 8.958 95.538 /  229  172  537
(Jan 21 2018 18:09:39,   85592 sec) PistonMoveAbsWTO()    164->166 165 166 [11sec, 14.3Volts, 0.161Amps, CPT:1035sec]
(Jan 21 2018 18:10:04,   85617 sec) SurfaceDetect()      SurfacePressure:-0.4dbars Pressure:3.6dbars PistonPosition:166
(Jan 21 2018 18:10:05,   85618 sec) Sbe41cpStopCP()      Continuous profile stopped.
(Jan 21 2018 18:10:12,   85625 sec) PistonMoveAbsWTO()    166->188 167 168 169 170 171 172 173 174 175 176 177 178 179 180 181 182 183 184 185 186 187 188 [112sec, 14.3Volts, 0.149Amps, CPT:1147sec]
(Jan 21 2018 18:12:17,   85749 sec) sbe41cp.c:chat()     Expected string [S>] not received.
(Jan 21 2018 18:13:54,   85846 sec) Sbe41cpBinAverage()  Finished averaging 8524 samples in 92 seconds.
(Jan 21 2018 18:13:59,   85852 sec) Sbe41cpUploadCP()    Sbe41cpSerNo[08355] NSample[8524] NBin[313]
(Jan 21 2018 18:14:47,   85899 sec) Sbe41cpUploadCP()    Continuous profile uploaded [313 lines].

<EOT>

<EOT>
