(Mar 08 2021 23:05:45,  868247 sec) TelemetryInit()      Profile 200. (Apf9i FwRev: 061016)
(Mar 08 2021 23:12:46,  868668 sec) AirSystem()          Battery [188cnt, 14.6V]  Current [75cnt, 302.2mA]  Barometer [126cnt, 6.5"Hg]  Run-Time [50s]
(Mar 08 2021 23:13:39,  868720 sec) GetSurfaceObs()      P/O2,T2,TPhase,RPhase,RawTemp/FSig,BbSig,TSig: -0.7dbars / 239.9uM 25.007C 29.879 8.893 111.501 / 71,180,536
(Mar 08 2021 23:13:47,  868729 sec) GpsServices()        GPS almanac is current.
(Mar 08 2021 23:13:47,  868729 sec) GpsServices()        Initiating GPS fix acquisition.
(Mar 08 2021 23:14:02,  868744 sec) gga()                $GPGGA,231340,1743.6388,N,06452.0273,E,0,00,,,M,,M,,*5D
(Mar 08 2021 23:14:15,  868757 sec) gga()                $GPGGA,231400,1743.6388,N,06452.0273,E,0,00,,,M,,M,,*5E
(Mar 08 2021 23:14:26,  868768 sec) gga()                $GPGGA,231410,1743.6388,N,06452.0273,E,0,00,,,M,,M,,*5F
(Mar 08 2021 23:14:37,  868779 sec) gga()                $GPGGA,231420,1743.6388,N,06452.0273,E,0,00,,,M,,M,,*5C
(Mar 08 2021 23:15:20,  868822 sec) gga()                $GPGGA,231430,1741.5226,N,06445.4763,E,1,11,0.7,11.0,M,-59.2,M,,*54
(Mar 08 2021 23:15:20,  868822 sec) GpsServices()        Profile 200 GPS fix obtained in 93 seconds.
(Mar 08 2021 23:15:21,  868822 sec) GpsServices()                  lon     lat mm/dd/yyyy hhmmss nsat
(Mar 08 2021 23:15:21,  868822 sec) GpsServices()        Fix:   64.758  17.692 03/08/2021 231430   11
(Mar 08 2021 23:16:07,  868869 sec) gga()                $GPGGA,231520,1741.5132,N,06445.4757,E,1,10,0.7,7.1,M,-59.2,M,,*62
(Mar 08 2021 23:16:15,  868877 sec) gga()                $GPGGA,231610,1741.5042,N,06445.4740,E,1,11,0.7,7.1,M,-59.2,M,,*63
(Mar 08 2021 23:16:15,  868877 sec) GpsServices()        APF9 RTC skew (5s) OK.
(Mar 08 2021 23:16:16,  868877 sec) GpsServices()        GPS services complete.
(Mar 08 2021 23:16:49,  868911 sec) CLogin()             Connecting to primary host.
(Mar 08 2021 23:17:04,  868925 sec) CLogin()             Connection 1 established in 15 seconds.
(Mar 08 2021 23:17:12,  868934 sec) login()              Login successful.
(Mar 08 2021 23:17:16,  868937 sec) CLogin()             Logged in to host.  [Login required 12 seconds]
(Mar 08 2021 23:17:28,  868949 sec) RxConfig()           Downloading "mission.cfg" from host.
(Mar 08 2021 23:17:30,  868952 sec) Rx()                 Initiating transfer. [0x43]
(Mar 08 2021 23:17:37,  868958 sec) Rx()                 Pad character [0x1a] found in ascii mode - truncating packet.
(Mar 08 2021 23:17:41,  868962 sec) Rx()                 Received EOT - transfer complete. [1 packets, 1024 bytes, 11 sec, 93.1 bps]
(Mar 08 2021 23:17:41,  868962 sec) RxConfig()           Download successful.
(Mar 08 2021 23:18:04,  868986 sec) WriteVitals()        Writing vitals to "7827.200.msg".
(Mar 08 2021 23:18:20,  869001 sec) UpLoadFile()         Uploading "7827.200.msg" to host as "7827.200.msg".
(Mar 08 2021 23:18:23,  869005 sec) Tx()                 CRC negotiation successful. [16-bit CRC]
(Mar 08 2021 23:22:01,  869223 sec) Tx()                 Transmission completed successfully [37 packets, 36868 bytes, 217 sec, 174.6 bps]
(Mar 08 2021 23:22:01,  869223 sec) UpLoadFile()         Upload successful.
(Mar 08 2021 23:22:08,  869230 sec) UpLoadFile()         Uploading "7827.200.log" to host as "7827.200.log".
(Mar 08 2021 23:22:11,  869233 sec) Tx()                 CRC negotiation successful. [16-bit CRC]
(Mar 08 2021 23:24:15,  869357 sec) Tx()                 Transmission completed successfully [21 packets, 21085 bytes, 123 sec, 174.8 bps]
(Mar 08 2021 23:24:15,  869357 sec) UpLoadFile()         Upload successful.
(Mar 08 2021 23:24:25,  869367 sec) UpLoad()             Files successfully uploaded: 2
(Mar 08 2021 23:24:25,  869367 sec) UpLoad()             Upload complete.
(Mar 08 2021 23:24:29,  869371 sec) logout()             Log-out successful.
(Mar 08 2021 23:24:31,  869372 sec) Telemetry()          Telemetry cycle complete: PrfId=200 ConnectionAttempts=1  Connections=1
(Mar 08 2021 23:24:31,  869373 sec) TelemetryTerminate(  Parsing new mission configuration.
(Mar 08 2021 23:24:33,  869375 sec) configure()          Parsing configurators in "mission.cfg".
(Mar 08 2021 23:24:41,  869383 sec) configure()             TelemetryRetry(15)          [0x7BBC] [TelemetryRetry(15)].
(Mar 08 2021 23:24:42,  869383 sec) configure()          Configuration CRCs and syntax OK.
(Mar 08 2021 23:24:42,  869384 sec) ConfigSupervisor()   Configuration accepted.
(Mar 08 2021 23:24:42,  869384 sec) TelemetryTerminate(  Reconditioning the file system.
(Mar 08 2021 23:24:56,      11 sec) DescentInit()        Deep profile 201 initiated at mission-time 869387sec.
(Mar 08 2021 23:24:59,      13 sec) DescentInit()        Surface pressure: -0.6dbars.
(Mar 08 2021 23:25:04,      18 sec) PistonMoveAbsWTO()    197->076 196 195 194 193 192 191 190 189 188 187 186 185 184 183 182 181 180 179 178 177 176 175 174 173 172 171 170 169 168 167 166 165 164 163 162 161 160 159 158 157 156 155 154 153 152 151 150 149 148 147 146 145 144 143 142 141 140 139 138 137 136 135 134 133 132 131 130 129 128 127 126 125 124 123 122 121 120 119 118 117 116 115 114 113 112 111 110 109 108 107 106 105 104 103 102 101 100 099 098 097 096 095 094 093 092 091 090 089 088 087 086 085 084 083 082 081 080 079 078 077 076 [619sec, 14.1Volts, 0.161Amps, CPT:619sec]
(Mar 08 2021 23:35:32,     647 sec) Descent()            Pressure: 51.8
(Mar 09 2021 00:24:49,    3604 sec) Descent()            Pressure: 430.3
(Mar 09 2021 01:24:49,    7204 sec) Descent()            Pressure: 767.4
(Mar 09 2021 02:24:49,   10804 sec) Descent()            Pressure: 937.6
(Mar 09 2021 03:24:49,   14404 sec) Descent()            Pressure: 988.0
(Mar 09 2021 04:24:49,   18004 sec) Descent()            Pressure: 985.4
(Mar 09 2021 04:24:50,   18004 sec) ParkInit()           
(Mar 18 2021 11:30:19,  821133 sec) CtdPower()           [ 1000.25,  9.0403, 35.7201]
(Mar 18 2021 11:30:19,  821133 sec) CtdPower()           CTD Power consumption [176VCnt 9ACnt]: 13.643Volts * 0.036Amps = 0.49Watts.
(Mar 18 2021 11:30:20,  821134 sec) ParkTerminate()      Piston Position:76 Vacuum:79 Vq:193 Aq:5 Vsbe:176 Asbe:9 Vflbb:174 Aflbb:12
(Mar 18 2021 11:30:56,  821171 sec) ParkTerminate()      PTS/O2,T2,TPhase,RawTemp: 1000.1dbars 9.0399C 35.7210PSU / 4.5uM 9.064C 61.228 8.237 622.719
(Mar 18 2021 11:30:57,  821171 sec) ParkTerminate()      FLBB FSig, BbSig, TSig: 59, 112, 564
(Mar 18 2021 11:30:57,  821172 sec) GoDeepInit()         Moving piston.
(Mar 18 2021 11:30:57,  821172 sec) PistonMoveAbsWTO()    076->027 075 074 073 072 071 070 069 068 067 066 065 064 063 062 061 060 059 058 057 056 055 054 053 052 051 050 049 048 047 046 045 044 043 042 041 040 039 038 037 036 035 034 033 032 031 030 029 028 027 [255sec, 13.9Volts, 0.105Amps, CPT:874sec]
(Mar 18 2021 14:54:49,  833404 sec) GoDeep()             Sequence point detected at 2001.0dbar.
(Mar 18 2021 14:54:52,  833407 sec) ProfileInit()        PrfId:201  Pressure:2001.1dbar  pTable[0]:2000dbar
(Mar 18 2021 14:55:39,  833453 sec) Profile()            Sample 0 initiated at 2001.3dbars for bin 0 [2000dbars].  PTS/O2,T2,TPhase,RPhase,RawTemp/FSig,BbSig,TSig: 2001.9dbars 3.2934C 35.1693PSU / 91.8uM 3.312C 50.927 8.321 792.573 /   58  108  573
(Mar 18 2021 14:55:40,  833454 sec) PistonMoveAbsWTO()    027->049 028 029 030 031 [30sec, 12.3Volts, 0.766Amps, CPT:904sec]
(Mar 18 2021 14:56:21,  833495 sec) PistonMoveAbsWTO()    031->049 032 033 034 035 036 [30sec, 12.4Volts, 0.786Amps, CPT:934sec]
(Mar 18 2021 14:57:01,  833535 sec) PistonMoveAbsWTO()    036->049 037 038 039 040 [30sec, 12.4Volts, 0.774Amps, CPT:964sec]
(Mar 18 2021 14:59:04,  833658 sec) Sbe41cpStartCP()     Continuous profile started.
(Mar 18 2021 14:59:04,  833659 sec) PistonMoveAbsWTO()    040->049 041 042 043 044 [30sec, 12.6Volts, 0.818Amps, CPT:994sec]
(Mar 18 2021 14:59:45,  833700 sec) PistonMoveAbsWTO()    044->049 045 046 047 048 [30sec, 12.6Volts, 0.774Amps, CPT:1024sec]
(Mar 18 2021 15:00:26,  833741 sec) PistonMoveAbsWTO()    048->049 049 [1sec, 12.3Volts, 0.790Amps, CPT:1025sec]
(Mar 18 2021 15:10:02,  834316 sec) AscentControlAgent(  Bouyancy nudge to 59 (v=0.078dbar/sec).
(Mar 18 2021 15:10:02,  834317 sec) PistonMoveAbsWTO()    049->059 050 051 052 053 [30sec, 13.1Volts, 0.794Amps, CPT:1055sec]
(Mar 18 2021 15:10:43,  834358 sec) PistonMoveAbsWTO()    053->059 054 055 056 057 058 [30sec, 12.9Volts, 0.786Amps, CPT:1085sec]
(Mar 18 2021 15:11:24,  834399 sec) PistonMoveAbsWTO()    058->059 059 [6sec, 12.7Volts, 0.786Amps, CPT:1091sec]
(Mar 18 2021 15:14:41,  834596 sec) Profile()            Sample 1 initiated at 1900.8dbars for bin 1 [1900dbars].  PTS/O2,T2,TPhase,RPhase,RawTemp/FSig,BbSig,TSig: 1900.4dbars 3.5713C 35.1906PSU / 87.8uM 3.583C 51.208 8.325 784.825 /   58  111  573
(Mar 18 2021 15:29:39,  835494 sec) Profile()            Sample 2 initiated at 1800.9dbars for bin 2 [1800dbars].  PTS/O2,T2,TPhase,RPhase,RawTemp/FSig,BbSig,TSig: 1800.5dbars 3.9258C 35.2193PSU / 79.8uM 3.936C 51.878 8.322 774.703 /   57  112  572
(Mar 18 2021 15:45:54,  836469 sec) Profile()            Sample 3 initiated at 1701.8dbars for bin 3 [1700dbars].  PTS/O2,T2,TPhase,RPhase,RawTemp/FSig,BbSig,TSig: 1701.5dbars 4.3367C 35.2562PSU / 69.5uM 4.347C 52.833 8.322 762.886 /   60  108  571
(Mar 18 2021 16:01:24,  837398 sec) AscentControlAgent(  Bouyancy nudge to 69 (v=0.078dbar/sec).
(Mar 18 2021 16:01:24,  837399 sec) PistonMoveAbsWTO()    059->069 060 061 062 063 [30sec, 13.3Volts, 0.677Amps, CPT:1121sec]
(Mar 18 2021 16:02:05,  837440 sec) PistonMoveAbsWTO()    063->069 064 065 066 067 068 [30sec, 13.1Volts, 0.657Amps, CPT:1151sec]
(Mar 18 2021 16:02:46,  837481 sec) PistonMoveAbsWTO()    068->069 069 [3sec, 12.9Volts, 0.689Amps, CPT:1154sec]
(Mar 18 2021 16:05:16,  837631 sec) Profile()            Sample 4 initiated at 1601.1dbars for bin 4 [1600dbars].  PTS/O2,T2,TPhase,RPhase,RawTemp/FSig,BbSig,TSig: 1600.8dbars 4.8962C 35.3074PSU / 56.0uM 4.907C 54.213 8.327 746.646 /   58  114  571
(Mar 18 2021 16:22:56,  838691 sec) Profile()            Sample 5 initiated at 1501.4dbars for bin 5 [1500dbars].  PTS/O2,T2,TPhase,RPhase,RawTemp/FSig,BbSig,TSig: 1501.1dbars 5.5644C 35.3683PSU / 42.8uM 5.575C 55.705 8.332 727.131 /   59  119  570
(Mar 18 2021 16:41:20,  839795 sec) Profile()            Sample 6 initiated at 1401.7dbars for bin 6 [1400dbars].  PTS/O2,T2,TPhase,RPhase,RawTemp/FSig,BbSig,TSig: 1401.4dbars 6.0999C 35.4185PSU / 33.4uM 6.113C 56.875 8.330 711.324 /   59  115  569
(Mar 18 2021 16:51:40,  840415 sec) Profile()            Sample 7 initiated at 1351.4dbars for bin 7 [1350dbars].  PTS/O2,T2,TPhase,RPhase,RawTemp/FSig,BbSig,TSig: 1351.1dbars 6.4181C 35.4507PSU / 28.4uM 6.435C 57.527 8.331 701.807 /   57  115  568
(Mar 18 2021 16:52:13,  840447 sec) AscentControlAgent(  Bouyancy nudge to 79 (v=0.077dbar/sec).
(Mar 18 2021 16:52:13,  840448 sec) PistonMoveAbsWTO()    069->079 070 071 072 073 074 [30sec, 13.4Volts, 0.584Amps, CPT:1184sec]
(Mar 18 2021 16:52:54,  840489 sec) PistonMoveAbsWTO()    074->079 075 076 077 078 [30sec, 13.3Volts, 0.564Amps, CPT:1214sec]
(Mar 18 2021 16:53:35,  840530 sec) PistonMoveAbsWTO()    078->079 079 [1sec, 13.0Volts, 0.584Amps, CPT:1215sec]
(Mar 18 2021 17:00:24,  840939 sec) Profile()            Sample 8 initiated at 1301.4dbars for bin 8 [1300dbars].  PTS/O2,T2,TPhase,RPhase,RawTemp/FSig,BbSig,TSig: 1301.1dbars 6.6950C 35.4758PSU / 25.0uM 6.710C 58.003 8.329 693.628 /   59  119  568
(Mar 18 2021 17:09:44,  841499 sec) Profile()            Sample 9 initiated at 1252.0dbars for bin 9 [1250dbars].  PTS/O2,T2,TPhase,RPhase,RawTemp/FSig,BbSig,TSig: 1251.7dbars 7.0155C 35.5087PSU / 21.4uM 7.033C 58.497 8.330 684.018 /   59  119  567
(Mar 18 2021 17:17:39,  841973 sec) AscentControlAgent(  Bouyancy nudge to 89 (v=0.080dbar/sec).
(Mar 18 2021 17:17:39,  841974 sec) PistonMoveAbsWTO()    079->089 080 081 082 083 084 [30sec, 13.5Volts, 0.532Amps, CPT:1245sec]
(Mar 18 2021 17:18:20,  842015 sec) PistonMoveAbsWTO()    084->089 085 086 087 088 [30sec, 13.3Volts, 0.524Amps, CPT:1275sec]
(Mar 18 2021 17:19:00,  842055 sec) PistonMoveAbsWTO()    088->089 089 [2sec, 13.2Volts, 0.536Amps, CPT:1277sec]
(Mar 18 2021 17:19:47,  842102 sec) Profile()            Sample 10 initiated at 1201.9dbars for bin 10 [1200dbars].  PTS/O2,T2,TPhase,RPhase,RawTemp/FSig,BbSig,TSig: 1201.5dbars 7.4014C 35.5457PSU / 17.1uM 7.422C 59.140 8.330 672.391 /   59  177  567
(Mar 18 2021 17:27:45,  842580 sec) Profile()            Sample 11 initiated at 1151.9dbars for bin 11 [1150dbars].  PTS/O2,T2,TPhase,RPhase,RawTemp/FSig,BbSig,TSig: 1151.6dbars 7.7338C 35.5825PSU / 13.5uM 7.752C 59.715 8.330 662.455 /   58  116  566
(Mar 18 2021 17:36:15,  843090 sec) Profile()            Sample 12 initiated at 1101.5dbars for bin 12 [1100dbars].  PTS/O2,T2,TPhase,RPhase,RawTemp/FSig,BbSig,TSig: 1101.3dbars 8.0704C 35.6183PSU / 10.9uM 8.089C 60.122 8.325 652.311 /   60  117  566
(Mar 18 2021 17:45:05,  843620 sec) Profile()            Sample 13 initiated at 1051.9dbars for bin 13 [1050dbars].  PTS/O2,T2,TPhase,RPhase,RawTemp/FSig,BbSig,TSig: 1051.6dbars 8.3249C 35.6460PSU / 9.1uM 8.356C 60.429 8.326 644.243 /   58  116  566
(Mar 18 2021 17:54:55,  844210 sec) Profile()            Sample 14 initiated at 1002.0dbars for bin 14 [1000dbars].  PTS/O2,T2,TPhase,RPhase,RawTemp/FSig,BbSig,TSig: 1001.8dbars 8.7181C 35.6849PSU / 7.2uM 8.737C 60.732 8.324 632.669 /   58  119  565
(Mar 18 2021 17:58:18,  844412 sec) AscentControlAgent(  Bouyancy nudge to 99 (v=0.077dbar/sec).
(Mar 18 2021 17:58:18,  844413 sec) PistonMoveAbsWTO()    089->099 090 091 092 093 094 [30sec, 13.6Volts, 0.475Amps, CPT:1307sec]
(Mar 18 2021 17:58:59,  844453 sec) PistonMoveAbsWTO()    094->099 095 096 097 098 099 [30sec, 13.4Volts, 0.479Amps, CPT:1337sec]
(Mar 18 2021 18:12:34,  845268 sec) Profile()            Sample 16 initiated at 901.8dbars for bin 16 [900dbars].  PTS/O2,T2,TPhase,RPhase,RawTemp/FSig,BbSig,TSig: 901.5dbars 9.5606C 35.7729PSU / 2.7uM 9.590C 61.534 8.340 606.625 /   56  117  563
(Mar 18 2021 18:38:58,  846853 sec) AscentControlAgent(  Bouyancy nudge to 109 (v=0.077dbar/sec).
(Mar 18 2021 18:38:59,  846853 sec) PistonMoveAbsWTO()    099->109 100 101 102 103 104 [30sec, 13.6Volts, 0.399Amps, CPT:1367sec]
(Mar 18 2021 18:39:39,  846893 sec) PistonMoveAbsWTO()    104->109 105 106 107 108 109 [29sec, 13.5Volts, 0.387Amps, CPT:1396sec]
(Mar 18 2021 18:49:33,  847487 sec) Profile()            Sample 20 initiated at 701.7dbars for bin 20 [700dbars].  PTS/O2,T2,TPhase,RPhase,RawTemp/FSig,BbSig,TSig: 701.4dbars 11.1573C 35.9164PSU / 1.3uM 11.184C 61.714 8.414 557.342 /   57  108  561
(Mar 18 2021 19:19:41,  849296 sec) AscentControlAgent(  Bouyancy nudge to 119 (v=0.069dbar/sec).
(Mar 18 2021 19:19:42,  849296 sec) PistonMoveAbsWTO()    109->119 110 111 112 113 114 [30sec, 13.7Volts, 0.334Amps, CPT:1426sec]
(Mar 18 2021 19:20:22,  849336 sec) PistonMoveAbsWTO()    114->119 115 116 117 118 119 [27sec, 13.6Volts, 0.334Amps, CPT:1453sec]
(Mar 18 2021 19:29:47,  849901 sec) Profile()            Sample 24 initiated at 501.8dbars for bin 24 [500dbars].  PTS/O2,T2,TPhase,RPhase,RawTemp/FSig,BbSig,TSig: 501.6dbars 12.6757C 36.0628PSU / 1.1uM 12.709C 61.639 8.444 509.512 /   57  119  559
(Mar 18 2021 19:29:49,  849904 sec) AscentControlAgent(  Bouyancy nudge to 129 (v=0.078dbar/sec).
(Mar 18 2021 19:29:50,  849904 sec) PistonMoveAbsWTO()    119->129 120 121 122 123 124 [30sec, 13.7Volts, 0.318Amps, CPT:1483sec]
(Mar 18 2021 19:30:30,  849944 sec) PistonMoveAbsWTO()    124->129 125 126 127 128 129 [27sec, 13.6Volts, 0.310Amps, CPT:1510sec]
(Mar 18 2021 19:57:17,  851551 sec) Profile()            Sample 28 initiated at 331.8dbars for bin 28 [330dbars].  PTS/O2,T2,TPhase,RPhase,RawTemp/FSig,BbSig,TSig: 331.5dbars 14.7183C 36.2503PSU / 0.9uM 14.748C 61.521 8.554 444.685 /   57  161  556
(Mar 18 2021 20:10:59,  852374 sec) AscentControlAgent(  Bouyancy nudge to 139 (v=0.079dbar/sec).
(Mar 18 2021 20:11:00,  852374 sec) PistonMoveAbsWTO()    129->139 130 131 132 133 134 [30sec, 13.9Volts, 0.238Amps, CPT:1540sec]
(Mar 18 2021 20:11:40,  852414 sec) PistonMoveAbsWTO()    134->139 135 136 137 138 139 [25sec, 13.8Volts, 0.238Amps, CPT:1565sec]
(Mar 18 2021 20:15:20,  852634 sec) Profile()            Sample 32 initiated at 241.3dbars for bin 32 [240dbars].  PTS/O2,T2,TPhase,RPhase,RawTemp/FSig,BbSig,TSig: 241.1dbars 16.4701C 36.3584PSU / 0.8uM 16.495C 61.412 8.686 388.482 /   56  147  553
(Mar 18 2021 20:16:02,  852677 sec) AscentControlAgent(  Bouyancy nudge to 149 (v=0.078dbar/sec).
(Mar 18 2021 20:16:03,  852677 sec) PistonMoveAbsWTO()    139->149 140 141 142 143 144 [30sec, 13.9Volts, 0.226Amps, CPT:1595sec]
(Mar 18 2021 20:16:43,  852717 sec) PistonMoveAbsWTO()    144->149 145 146 147 148 149 [25sec, 13.8Volts, 0.230Amps, CPT:1620sec]
(Mar 18 2021 20:24:20,  853174 sec) Profile()            Sample 36 initiated at 181.7dbars for bin 36 [180dbars].  PTS/O2,T2,TPhase,RPhase,RawTemp/FSig,BbSig,TSig: 181.4dbars 18.0323C 36.3409PSU / 1.2uM 18.072C 61.194 8.762 337.383 /   57  137  551
(Mar 18 2021 20:31:09,  853584 sec) AscentControlAgent(  Bouyancy nudge to 159 (v=0.078dbar/sec).
(Mar 18 2021 20:31:10,  853584 sec) PistonMoveAbsWTO()    149->159 150 151 152 153 154 [30sec, 14.0Volts, 0.210Amps, CPT:1650sec]
(Mar 18 2021 20:31:50,  853624 sec) PistonMoveAbsWTO()    154->159 155 156 157 158 159 [24sec, 13.9Volts, 0.205Amps, CPT:1674sec]
(Mar 18 2021 20:32:39,  853673 sec) Profile()            Sample 40 initiated at 139.8dbars for bin 40 [140dbars].  PTS/O2,T2,TPhase,RPhase,RawTemp/FSig,BbSig,TSig: 139.5dbars 20.3621C 36.3898PSU / 1.3uM 20.374C 60.991 8.827 262.367 /   55  108  549
(Mar 18 2021 20:41:23,  854197 sec) Profile()            Sample 44 initiated at 101.8dbars for bin 44 [100dbars].  PTS/O2,T2,TPhase,RPhase,RawTemp/FSig,BbSig,TSig: 101.6dbars 23.1833C 36.6912PSU / 114.4uM 23.180C 39.542 8.917 170.826 /   53  113  545
(Mar 18 2021 20:51:39,  854814 sec) AscentControlAgent(  Bouyancy nudge to 164 (v=0.034dbar/sec).
(Mar 18 2021 20:51:40,  854814 sec) PistonMoveAbsWTO()    159->164 160 161 162 163 164 [27sec, 14.0Volts, 0.185Amps, CPT:1701sec]
(Mar 18 2021 20:55:37,  855051 sec) Profile()            Sample 48 initiated at 61.7dbars for bin 48 [60dbars].  PTS/O2,T2,TPhase,RPhase,RawTemp/FSig,BbSig,TSig: 61.5dbars 24.1110C 36.4800PSU / 148.8uM 24.120C 35.916 8.919 140.266 /  142  161  541
(Mar 18 2021 21:06:48,  855723 sec) AscentControlAgent(  Bouyancy nudge to 169 (v=0.018dbar/sec).
(Mar 18 2021 21:06:49,  855723 sec) PistonMoveAbsWTO()    164->169 165 166 167 168 169 [26sec, 14.0Volts, 0.177Amps, CPT:1727sec]
(Mar 18 2021 21:08:21,  855815 sec) Profile()            Sample 52 initiated at 36.7dbars for bin 52 [35dbars].  PTS/O2,T2,TPhase,RPhase,RawTemp/FSig,BbSig,TSig: 36.6dbars 25.5419C 36.5414PSU / 201.4uM 25.506C 31.689 8.939 95.348 /  217  168  539
(Mar 18 2021 21:11:48,  856023 sec) AscentControlAgent(  Bouyancy nudge to 174 (v=0.030dbar/sec).
(Mar 18 2021 21:11:49,  856023 sec) PistonMoveAbsWTO()    169->174 170 171 172 173 174 [26sec, 14.0Volts, 0.173Amps, CPT:1753sec]
(Mar 18 2021 21:16:57,  856332 sec) AscentControlAgent(  Bouyancy nudge to 179 (v=0.036dbar/sec).
(Mar 18 2021 21:16:58,  856332 sec) PistonMoveAbsWTO()    174->179 175 176 [15sec, 14.0Volts, 0.173Amps, CPT:1768sec]
(Mar 18 2021 21:17:23,  856357 sec) PistonMoveAbsWTO()    176->179 177 178 179 [12sec, 14.0Volts, 0.173Amps, CPT:1780sec]
(Mar 18 2021 21:18:10,  856404 sec) Profile()            Sample 56 initiated at 17.0dbars for bin 56 [15dbars].  PTS/O2,T2,TPhase,RPhase,RawTemp/FSig,BbSig,TSig: 16.9dbars 26.6825C 36.2573PSU / 231.6uM 26.674C 29.624 8.916 57.716 /  127  158  537
(Mar 18 2021 21:20:36,  856550 sec) Profile()            Sample 57 initiated at 11.9dbars for bin 57 [10dbars].  PTS/O2,T2,TPhase,RPhase,RawTemp/FSig,BbSig,TSig: 11.8dbars 27.3450C 36.3865PSU / 231.7uM 27.349C 29.367 8.988 36.092 /   67  157  536
(Mar 18 2021 21:21:58,  856633 sec) AscentControlAgent(  Bouyancy nudge to 184 (v=0.032dbar/sec).
(Mar 18 2021 21:21:59,  856633 sec) PistonMoveAbsWTO()    179->184 180 181 [15sec, 14.0Volts, 0.173Amps, CPT:1795sec]
(Mar 18 2021 21:22:24,  856658 sec) PistonMoveAbsWTO()    181->184 182 183 184 [12sec, 14.0Volts, 0.169Amps, CPT:1807sec]
(Mar 18 2021 21:23:31,  856725 sec) Profile()            Sample 58 initiated at 5.7dbars for bin 58 [4dbars].  PTS/O2,T2,TPhase,RPhase,RawTemp/FSig,BbSig,TSig: 5.5dbars 27.3389C 36.3863PSU / 233.5uM 27.355C 29.279 8.989 35.885 /   66  152  536
(Mar 18 2021 21:23:57,  856751 sec) Profile()            Sample 59 initiated at 4.3dbars for bin 58 [4dbars].  PTS/O2,T2,TPhase,RPhase,RawTemp/FSig,BbSig,TSig: 4.1dbars 27.3337C 36.3857PSU / 233.2uM 27.352C 29.292 8.989 35.988 /   68  155  535
(Mar 18 2021 21:24:10,  856765 sec) SurfaceDetect()      SurfacePressure:-0.6dbars Pressure:2.6dbars PistonPosition:184
(Mar 18 2021 21:24:11,  856766 sec) Sbe41cpStopCP()      Continuous profile stopped.
(Mar 18 2021 21:24:18,  856773 sec) PistonMoveAbsWTO()    184->206 185 186 187 188 189 190 191 192 193 194 195 196 197 198 199 200 201 202 203 204 205 206 [114sec, 14.1Volts, 0.153Amps, CPT:1921sec]
(Mar 18 2021 21:26:30,  856904 sec) sbe41cp.c:chat()     Expected string [S>] not received.
(Mar 18 2021 21:29:47,  857101 sec) Sbe41cpBinAverage()  Finished averaging 23136 samples in 192 seconds.
(Mar 18 2021 21:29:52,  857106 sec) Sbe41cpUploadCP()    Sbe41cpSerNo[08355] NSample[23136] NBin[1001]
(Mar 18 2021 21:31:51,  857226 sec) Sbe41cpUploadCP()    Continuous profile uploaded [1001 lines].

<EOT>

<EOT>
