(Dec 02 2016 19:09:43,  841864 sec) TelemetryInit()      Profile 7. (Apf9i FwRev: 061016)
(Dec 02 2016 19:16:37,  842279 sec) AirSystem()          Battery [189cnt, 14.7V]  Current [78cnt, 314.3mA]  Barometer [126cnt, 6.5"Hg]  Run-Time [47s]
(Dec 02 2016 19:17:31,  842332 sec) GetSurfaceObs()      P/O2,T2,TPhase,RPhase,RawTemp/FSig,BbSig,TSig: -0.2dbars / 234.7uM 26.832C 29.419 8.967 52.665 / 158,183,535
(Dec 02 2016 19:17:38,  842339 sec) GpsServices()        GPS almanac is current.
(Dec 02 2016 19:17:38,  842339 sec) GpsServices()        Initiating GPS fix acquisition.
(Dec 02 2016 19:17:59,  842360 sec) gga()                $GPGGA,191730,1607.0643,N,06421.2401,E,0,00,,,M,,M,,*57
(Dec 02 2016 19:18:12,  842373 sec) gga()                $GPGGA,191750,1607.0643,N,06421.2401,E,0,00,,,M,,M,,*51
(Dec 02 2016 19:18:23,  842384 sec) gga()                $GPGGA,191800,1607.0643,N,06421.2401,E,0,00,,,M,,M,,*5B
(Dec 02 2016 19:18:34,  842395 sec) gga()                $GPGGA,191810,1607.0643,N,06421.2401,E,0,00,,,M,,M,,*5A
(Dec 02 2016 19:18:45,  842406 sec) gga()                $GPGGA,191820,1607.0643,N,06421.2401,E,0,00,,,M,,M,,*59
(Dec 02 2016 19:18:56,  842417 sec) gga()                $GPGGA,191830,1607.0643,N,06421.2401,E,0,00,,,M,,M,,*58
(Dec 02 2016 19:19:07,  842428 sec) gga()                $GPGGA,191840,1607.0643,N,06421.2401,E,0,00,,,M,,M,,*5F
(Dec 02 2016 19:19:18,  842439 sec) gga()                $GPGGA,191850,1607.0643,N,06421.2401,E,0,00,,,M,,M,,*5E
(Dec 02 2016 19:19:28,  842450 sec) gga()                $GPGGA,191900,1607.0643,N,06421.2401,E,0,00,,,M,,M,,*5A
(Dec 02 2016 19:20:54,  842536 sec) gga()                $GPGGA,192000,1625.6669,N,06415.4509,E,1,09,0.9,-1.7,M,-60.8,M,,*41
(Dec 02 2016 19:20:55,  842536 sec) GpsServices()        Profile 7 GPS fix obtained in 197 seconds.
(Dec 02 2016 19:20:55,  842536 sec) GpsServices()                  lon     lat mm/dd/yyyy hhmmss nsat
(Dec 02 2016 19:20:55,  842536 sec) GpsServices()        Fix:   64.258  16.428 12/02/2016 192000    9
(Dec 02 2016 19:21:44,  842586 sec) gga()                $GPGGA,192050,1625.6596,N,06415.4498,E,1,09,0.9,-0.5,M,-60.8,M,,*4D
(Dec 02 2016 19:21:52,  842593 sec) gga()                $GPGGA,192140,1625.6532,N,06415.4485,E,1,09,0.9,-1.0,M,-60.8,M,,*4B
(Dec 02 2016 19:21:52,  842594 sec) GpsServices()        APF9 RTC skew (12s) OK.
(Dec 02 2016 19:22:02,  842603 sec) LogNmeaSentences()   $GPRMC,192150,A,1625.6519,N,06415.4477,E,000.9,258.4,021216,000.5,W*66
(Dec 02 2016 19:22:03,  842604 sec) LogNmeaSentences()   $GPGGA,192150,1625.6519,N,06415.4477,E,1,09,0.9,0.7,M,-60.8,M,,*65
(Dec 02 2016 19:22:03,  842604 sec) LogNmeaSentences()   $GPGSA,A,3,01,,06,07,09,13,,17,19,28,30,,1.2,0.9,0.8*3C
(Dec 02 2016 19:22:04,  842605 sec) LogNmeaSentences()   $GPGSV,3,1,12,01,19,069,39,05,02,247,37,06,14,184,40,07,40,101,47*7C
(Dec 02 2016 19:22:04,  842606 sec) LogNmeaSentences()   $GPGSV,3,2,12,09,15,162,34,13,33,309,45,15,04,317,36,17,74,233,48*76
(Dec 02 2016 19:22:05,  842606 sec) LogNmeaSentences()   $GPGSV,3,3,12,19,52,218,48,28,40,000,46,30,59,053,48,11,53,082,00*77
(Dec 02 2016 19:22:12,  842613 sec) LogNmeaSentences()   $GPRMC,192200,A,1625.6509,N,06415.4474,E,000.0,210.3,021216,000.5,W*60
(Dec 02 2016 19:22:13,  842614 sec) LogNmeaSentences()   $GPGGA,192200,1625.6509,N,06415.4474,E,1,10,0.8,0.6,M,-60.8,M,,*69
(Dec 02 2016 19:22:13,  842615 sec) LogNmeaSentences()   $GPGSA,A,3,01,,06,07,09,13,15,17,19,28,30,,1.1,0.8,0.7*35
(Dec 02 2016 19:22:14,  842615 sec) LogNmeaSentences()   $GPGSV,3,1,12,01,19,069,42,05,02,247,34,06,14,184,41,07,40,101,45*70
(Dec 02 2016 19:22:14,  842616 sec) LogNmeaSentences()   $GPGSV,3,2,12,09,15,162,42,13,33,309,46,15,05,317,36,17,74,233,47*7A
(Dec 02 2016 19:22:15,  842616 sec) LogNmeaSentences()   $GPGSV,3,3,12,19,52,218,46,28,40,000,45,30,59,053,48,11,53,082,00*7A
(Dec 02 2016 19:22:16,  842617 sec) LogNmeaSentences()   $PGRMT,GPS 15x-L software ver. 4.00,,,,,,,,*73
(Dec 02 2016 19:22:22,  842623 sec) LogNmeaSentences()   $GPRMC,192210,A,1625.6497,N,06415.4468,E,000.5,197.2,021216,000.5,W*62
(Dec 02 2016 19:22:23,  842624 sec) GpsServices()        GPS services complete.
(Dec 02 2016 19:22:56,  842657 sec) CLogin()             Connecting to primary host.
(Dec 02 2016 19:23:13,  842674 sec) CLogin()             Connection 1 established in 17 seconds.
(Dec 02 2016 19:23:21,  842683 sec) login()              Login successful.
(Dec 02 2016 19:23:27,  842689 sec) CLogin()             Logged in to host.  [Login required 14 seconds]
(Dec 02 2016 19:23:39,  842701 sec) RxConfig()           Downloading "mission.cfg" from host.
(Dec 02 2016 19:23:42,  842703 sec) Rx()                 Initiating transfer. [0x43]
(Dec 02 2016 19:23:50,  842712 sec) Rx()                 Pad character [0x1a] found in ascii mode - truncating packet.
(Dec 02 2016 19:23:55,  842716 sec) Rx()                 Received EOT - transfer complete. [1 packets, 1024 bytes, 13 sec, 78.8 bps]
(Dec 02 2016 19:23:55,  842716 sec) RxConfig()           Download successful.
(Dec 02 2016 19:24:18,  842739 sec) WriteVitals()        Writing vitals to "7827.007.msg".
(Dec 02 2016 19:24:31,  842752 sec) UpLoadFile()         Uploading "7827.007.msg" to host as "7827.007.msg".
(Dec 02 2016 19:24:34,  842755 sec) Tx()                 CRC negotiation successful. [16-bit CRC]
(Dec 02 2016 19:24:53,  842774 sec) TxPacket()           NAK received - resending packet. [PktNum=0x02]
(Dec 02 2016 19:24:53,  842774 sec) TxPacket()           Packet xmit history: [11100001] (0:ok, 1:fail).
(Dec 02 2016 19:25:20,  842801 sec) TxPacket()           NAK received - resending packet. [PktNum=0x05]
(Dec 02 2016 19:25:20,  842801 sec) TxPacket()           Packet xmit history: [00010001] (0:ok, 1:fail).
(Dec 02 2016 19:25:44,  842825 sec) TxPacket()           NAK received - resending packet. [PktNum=0x08]
(Dec 02 2016 19:25:44,  842825 sec) TxPacket()           Packet xmit history: [00010001] (0:ok, 1:fail).
(Dec 02 2016 19:26:01,  842842 sec) TxPacket()           NAK received - resending packet. [PktNum=0x09]
(Dec 02 2016 19:26:01,  842842 sec) TxPacket()           Packet xmit history: [01000101] (0:ok, 1:fail).
(Dec 02 2016 19:26:31,  842872 sec) TxPacket()           NAK received - resending packet. [PktNum=0x0c]
(Dec 02 2016 19:26:31,  842872 sec) TxPacket()           Packet xmit history: [01010001] (0:ok, 1:fail).
(Dec 02 2016 19:26:55,  842896 sec) TxPacket()           NAK received - resending packet. [PktNum=0x0f]
(Dec 02 2016 19:26:55,  842896 sec) TxPacket()           Packet xmit history: [00010001] (0:ok, 1:fail).
(Dec 02 2016 19:27:39,  842940 sec) TxPacket()           NAK received - resending packet. [PktNum=0x14]
(Dec 02 2016 19:27:39,  842941 sec) TxPacket()           Packet xmit history: [01000001] (0:ok, 1:fail).
(Dec 02 2016 19:28:09,  842970 sec) TxPacket()           NAK received - resending packet. [PktNum=0x18]
(Dec 02 2016 19:28:09,  842970 sec) TxPacket()           Packet xmit history: [00100001] (0:ok, 1:fail).
(Dec 02 2016 19:28:19,  842980 sec) TxPacket()           NAK received - resending packet. [PktNum=0x18]
(Dec 02 2016 19:28:19,  842980 sec) TxPacket()           Packet xmit history: [01000011] (0:ok, 1:fail).
(Dec 02 2016 19:28:41,  843002 sec) Tx()                 Transmission completed successfully [25 packets, 25315 bytes, 246 sec, 104.1 bps]
(Dec 02 2016 19:28:41,  843002 sec) UpLoadFile()         Upload successful.
(Dec 02 2016 19:28:49,  843011 sec) UpLoadFile()         Uploading "7827.007.log" to host as "7827.007.log".
(Dec 02 2016 19:28:54,  843015 sec) Tx()                 CRC negotiation successful. [16-bit CRC]
(Dec 02 2016 19:30:01,  843082 sec) TxPacket()           NAK received - resending packet. [PktNum=0x0b]
(Dec 02 2016 19:30:01,  843082 sec) TxPacket()           Packet xmit history: [00000001] (0:ok, 1:fail).
(Dec 02 2016 19:30:41,  843122 sec) TxPacket()           NAK received - resending packet. [PktNum=0x10]
(Dec 02 2016 19:30:41,  843122 sec) TxPacket()           Packet xmit history: [01000001] (0:ok, 1:fail).
(Dec 02 2016 19:31:09,  843150 sec) TxPacket()           NAK received - resending packet. [PktNum=0x13]
(Dec 02 2016 19:31:09,  843150 sec) TxPacket()           Packet xmit history: [00010001] (0:ok, 1:fail).
(Dec 02 2016 19:31:20,  843161 sec) TxPacket()           NAK received - resending packet. [PktNum=0x14]
(Dec 02 2016 19:31:20,  843161 sec) TxPacket()           Packet xmit history: [01000101] (0:ok, 1:fail).
(Dec 02 2016 19:31:31,  843172 sec) TxPacket()           NAK received - resending packet. [PktNum=0x15]
(Dec 02 2016 19:31:31,  843172 sec) TxPacket()           Packet xmit history: [00010101] (0:ok, 1:fail).
(Dec 02 2016 19:31:37,  843178 sec) TxPacket()           NAK received - resending packet. [PktNum=0x15]
(Dec 02 2016 19:31:37,  843178 sec) TxPacket()           Packet xmit history: [00101011] (0:ok, 1:fail).
(Dec 02 2016 19:31:52,  843193 sec) TxPacket()           NAK received - resending packet. [PktNum=0x18]
(Dec 02 2016 19:31:52,  843193 sec) TxPacket()           Packet xmit history: [10110001] (0:ok, 1:fail).
(Dec 02 2016 19:32:19,  843220 sec) TxPacket()           NAK received - resending packet. [PktNum=0x1b]
(Dec 02 2016 19:32:19,  843220 sec) TxPacket()           Packet xmit history: [00010001] (0:ok, 1:fail).
(Dec 02 2016 19:32:38,  843239 sec) TxPacket()           NAK received - resending packet. [PktNum=0x1d]
(Dec 02 2016 19:32:38,  843239 sec) TxPacket()           Packet xmit history: [10001001] (0:ok, 1:fail).
(Dec 02 2016 19:32:48,  843249 sec) TxPacket()           NAK received - resending packet. [PktNum=0x1e]
(Dec 02 2016 19:32:48,  843249 sec) TxPacket()           Packet xmit history: [00100101] (0:ok, 1:fail).
(Dec 02 2016 19:32:57,  843258 sec) Tx()                 Transmission completed successfully [30 packets, 28417 bytes, 242 sec, 119.5 bps]
(Dec 02 2016 19:32:57,  843258 sec) UpLoadFile()         Upload successful.
(Dec 02 2016 19:33:07,  843269 sec) UpLoad()             Files successfully uploaded: 2
(Dec 02 2016 19:33:08,  843269 sec) UpLoad()             Upload complete.
(Dec 02 2016 19:33:13,  843275 sec) logout()             Log-out successful.
(Dec 02 2016 19:33:15,  843276 sec) Telemetry()          Telemetry cycle complete: PrfId=7 ConnectionAttempts=1  Connections=1
(Dec 02 2016 19:33:15,  843277 sec) TelemetryTerminate(  Parsing new mission configuration.
(Dec 02 2016 19:33:18,  843279 sec) configure()          Parsing configurators in "mission.cfg".
(Dec 02 2016 19:33:24,  843286 sec) configure()             TelemetryRetry(15)      [0x7BBC] [TelemetryRetry(15)].
(Dec 02 2016 19:33:25,  843286 sec) configure()          Configuration CRCs and syntax OK.
(Dec 02 2016 19:33:25,  843286 sec) ConfigSupervisor()   Sanity check violated: cfg->PressureCP >= 750
(Dec 02 2016 19:33:25,  843286 sec) ConfigSupervisor()   Configuration accepted.
(Dec 02 2016 19:33:25,  843286 sec) TelemetryTerminate(  Reconditioning the file system.
(Dec 02 2016 19:33:42,      11 sec) DescentInit()        Deep profile 8 initiated at mission-time 843292sec.
(Dec 02 2016 19:33:44,      13 sec) DescentInit()        Surface pressure: -0.1dbars.
(Dec 02 2016 19:33:49,      18 sec) PistonMoveAbsWTO()    196->073 195 194 193 192 191 190 189 188 187 186 185 184 183 182 181 180 179 178 177 176 175 174 173 172 171 170 169 168 167 166 165 164 163 162 161 160 159 158 157 156 155 154 153 152 151 150 149 148 147 146 145 144 143 142 141 140 139 138 137 136 135 134 133 132 131 130 129 128 127 126 125 124 123 122 121 120 119 118 117 116 115 114 113 112 111 110 109 108 107 106 105 104 103 102 101 100 099 098 097 096 095 094 093 092 091 090 089 088 087 086 085 084 083 082 081 080 079 078 077 076 075 074 073 [614sec, 14.6Volts, 0.141Amps, CPT:614sec]
(Dec 02 2016 19:44:13,     642 sec) Descent()            Pressure: 58.3
(Dec 02 2016 20:33:35,    3604 sec) Descent()            Pressure: 448.5
(Dec 02 2016 21:33:35,    7204 sec) Descent()            Pressure: 773.7
(Dec 02 2016 22:33:35,   10804 sec) Descent()            Pressure: 929.1
(Dec 02 2016 23:33:35,   14404 sec) Descent()            Pressure: 972.3
(Dec 03 2016 00:33:35,   18004 sec) Descent()            Pressure: 980.2
(Dec 03 2016 00:33:35,   18004 sec) ParkInit()           
(Dec 03 2016 02:33:41,   25210 sec) Park()               ParkPOutOfBand[-3, 977.2 dbars]: retract piston.
(Dec 03 2016 02:33:42,   25211 sec) PistonMoveAbsWTO()    073->072 072 [5sec, 15.0Volts, 0.109Amps, CPT:619sec]
(Dec 04 2016 02:33:41,  111611 sec) Park()               ParkPOutOfBand[3, 1011.7 dbars]: extend piston.
(Dec 04 2016 02:33:42,  111611 sec) PistonMoveAbsWTO()    072->073 073 [2sec, 14.6Volts, 0.496Amps, CPT:621sec]
(Dec 12 2016 03:33:55,  806424 sec) CtdPower()           [ 1003.02,  8.9025, 35.4114]
(Dec 12 2016 03:33:55,  806424 sec) CtdPower()           CTD Power consumption [194VCnt 10ACnt]: 15.038Volts * 0.040Amps = 0.61Watts.
(Dec 12 2016 03:33:56,  806425 sec) ParkTerminate()      Piston Position:73 Vacuum:80 Vq:195 Aq:7 Vsbe:194 Asbe:10 Vflbb:191 Aflbb:13
(Dec 12 2016 03:34:33,  806462 sec) ParkTerminate()      PTS/O2,T2,TPhase,RawTemp: 1003.0dbars 8.9020C 35.4119PSU / 10.2uM 8.925C 60.145 8.337 626.962
(Dec 12 2016 03:34:33,  806462 sec) ParkTerminate()      FLBB FSig, BbSig, TSig: 58, 111, 564
(Dec 12 2016 03:34:33,  806463 sec) GoDeepInit()         Moving piston.
(Dec 12 2016 03:34:34,  806463 sec) PistonMoveAbsWTO()    073->023 072 071 070 069 068 067 066 065 064 063 062 061 060 059 058 057 056 055 054 053 052 051 050 049 048 047 046 045 044 043 042 041 040 039 038 037 036 035 034 033 032 031 030 029 028 027 026 025 024 023 [245sec, 14.6Volts, 0.089Amps, CPT:866sec]
(Dec 12 2016 06:43:35,  817804 sec) GoDeep()             Sequence point detected at 2004.5dbar.
(Dec 12 2016 06:43:37,  817807 sec) ProfileInit()        PrfId:008  Pressure:2004.6dbar  pTable[0]:2000dbar
(Dec 12 2016 06:43:48,  817817 sec) PistonMoveAbsWTO()    023->045 024 025 026 027 028 [30sec, 14.0Volts, 0.778Amps, CPT:896sec]
(Dec 12 2016 06:44:28,  817857 sec) PistonMoveAbsWTO()    028->045 029 030 031 032 033 [30sec, 13.7Volts, 0.798Amps, CPT:926sec]
(Dec 12 2016 06:45:08,  817897 sec) PistonMoveAbsWTO()    033->045 034 035 036 037 [30sec, 13.6Volts, 0.806Amps, CPT:956sec]
(Dec 12 2016 06:45:48,  817937 sec) PistonMoveAbsWTO()    037->045 038 039 040 041 042 [30sec, 13.4Volts, 0.786Amps, CPT:986sec]
(Dec 12 2016 06:47:04,  818013 sec) Profile()            Sample 0 initiated at 1999.7dbars for bin 0 [2000dbars].  PTS/O2,T2,TPhase,RPhase,RawTemp/FSig,BbSig,TSig: 1997.8dbars 3.1178C 34.8365PSU / 101.1uM 3.132C 50.122 8.413 797.696 /   57  109  573
(Dec 12 2016 06:47:05,  818014 sec) PistonMoveAbsWTO()    042->045 043 044 045 [17sec, 13.5Volts, 0.802Amps, CPT:1003sec]
(Dec 12 2016 07:04:53,  819082 sec) Profile()            Sample 1 initiated at 1901.4dbars for bin 1 [1900dbars].  PTS/O2,T2,TPhase,RPhase,RawTemp/FSig,BbSig,TSig: 1899.5dbars 3.4492C 34.8629PSU / 93.9uM 3.460C 50.659 8.419 788.340 /   58  110  573
(Dec 12 2016 07:19:00,  819929 sec) AscentControlAgent(  Bouyancy nudge to 55 (v=0.077dbar/sec).
(Dec 12 2016 07:19:01,  819930 sec) PistonMoveAbsWTO()    045->055 046 047 048 049 050 [30sec, 14.0Volts, 0.733Amps, CPT:1033sec]
(Dec 12 2016 07:19:41,  819970 sec) PistonMoveAbsWTO()    050->055 051 052 053 054 [30sec, 13.7Volts, 0.749Amps, CPT:1063sec]
(Dec 12 2016 07:20:21,  820010 sec) PistonMoveAbsWTO()    054->055 055 [2sec, 13.7Volts, 0.774Amps, CPT:1065sec]
(Dec 12 2016 07:24:19,  820248 sec) Profile()            Sample 2 initiated at 1801.8dbars for bin 2 [1800dbars].  PTS/O2,T2,TPhase,RPhase,RawTemp/FSig,BbSig,TSig: 1799.6dbars 3.8130C 34.8921PSU / 84.4uM 3.823C 51.453 8.419 777.955 /   59  120  572
(Dec 12 2016 07:41:24,  821273 sec) Profile()            Sample 3 initiated at 1701.5dbars for bin 3 [1700dbars].  PTS/O2,T2,TPhase,RPhase,RawTemp/FSig,BbSig,TSig: 1699.4dbars 4.2231C 34.9273PSU / 73.6uM 4.234C 52.420 8.420 766.131 /   59  110  571
(Dec 12 2016 07:59:43,  822372 sec) AscentControlAgent(  Bouyancy nudge to 65 (v=0.077dbar/sec).
(Dec 12 2016 07:59:44,  822373 sec) PistonMoveAbsWTO()    055->065 056 057 058 059 060 [30sec, 14.1Volts, 0.653Amps, CPT:1095sec]
(Dec 12 2016 08:01:00,  822449 sec) Profile()            Sample 4 initiated at 1600.8dbars for bin 4 [1600dbars].  PTS/O2,T2,TPhase,RPhase,RawTemp/FSig,BbSig,TSig: 1598.8dbars 4.7467C 34.9748PSU / 61.3uM 4.757C 53.625 8.423 750.999 /   60  115  571
(Dec 12 2016 08:01:01,  822450 sec) PistonMoveAbsWTO()    060->065 061 062 063 064 065 [30sec, 13.8Volts, 0.661Amps, CPT:1125sec]
(Dec 12 2016 08:18:13,  823482 sec) Profile()            Sample 5 initiated at 1501.7dbars for bin 5 [1500dbars].  PTS/O2,T2,TPhase,RPhase,RawTemp/FSig,BbSig,TSig: 1499.7dbars 5.4146C 35.0356PSU / 48.6uM 5.427C 54.983 8.434 731.480 /   59  115  570
(Dec 12 2016 08:35:02,  824491 sec) AscentControlAgent(  Bouyancy nudge to 75 (v=0.077dbar/sec).
(Dec 12 2016 08:35:03,  824492 sec) PistonMoveAbsWTO()    065->075 066 067 068 069 070 [30sec, 14.1Volts, 0.621Amps, CPT:1155sec]
(Dec 12 2016 08:35:43,  824532 sec) PistonMoveAbsWTO()    070->075 071 072 073 074 075 [29sec, 14.0Volts, 0.584Amps, CPT:1184sec]
(Dec 12 2016 08:37:48,  824657 sec) Profile()            Sample 6 initiated at 1401.7dbars for bin 6 [1400dbars].  PTS/O2,T2,TPhase,RPhase,RawTemp/FSig,BbSig,TSig: 1399.4dbars 6.0855C 35.0988PSU / 36.5uM 6.101C 56.421 8.439 711.677 /   58  115  569
(Dec 12 2016 08:46:29,  825178 sec) Profile()            Sample 7 initiated at 1351.5dbars for bin 7 [1350dbars].  PTS/O2,T2,TPhase,RPhase,RawTemp/FSig,BbSig,TSig: 1349.5dbars 6.4319C 35.1360PSU / 30.6uM 6.446C 57.202 8.445 701.467 /   57  114  568
(Dec 12 2016 08:55:58,  825747 sec) Profile()            Sample 8 initiated at 1301.3dbars for bin 8 [1300dbars].  PTS/O2,T2,TPhase,RPhase,RawTemp/FSig,BbSig,TSig: 1299.4dbars 6.7321C 35.1670PSU / 27.5uM 6.750C 57.603 8.448 692.451 /   58  114  568
(Dec 12 2016 09:05:59,  826348 sec) Profile()            Sample 9 initiated at 1251.9dbars for bin 9 [1250dbars].  PTS/O2,T2,TPhase,RPhase,RawTemp/FSig,BbSig,TSig: 1250.1dbars 7.1322C 35.2153PSU / 23.0uM 7.155C 58.212 8.449 680.368 /   60  109  567
(Dec 12 2016 09:11:14,  826663 sec) AscentControlAgent(  Bouyancy nudge to 85 (v=0.077dbar/sec).
(Dec 12 2016 09:11:15,  826664 sec) PistonMoveAbsWTO()    075->085 076 077 078 079 080 [30sec, 14.2Volts, 0.544Amps, CPT:1214sec]
(Dec 12 2016 09:11:55,  826704 sec) PistonMoveAbsWTO()    080->085 081 082 083 084 085 [27sec, 14.0Volts, 0.540Amps, CPT:1241sec]
(Dec 12 2016 09:15:49,  826938 sec) Profile()            Sample 10 initiated at 1201.3dbars for bin 10 [1200dbars].  PTS/O2,T2,TPhase,RPhase,RawTemp/FSig,BbSig,TSig: 1199.0dbars 7.5749C 35.2645PSU / 18.4uM 7.594C 58.895 8.452 667.217 /   59  108  567
(Dec 12 2016 09:24:10,  827439 sec) Profile()            Sample 11 initiated at 1151.7dbars for bin 11 [1150dbars].  PTS/O2,T2,TPhase,RPhase,RawTemp/FSig,BbSig,TSig: 1149.5dbars 7.9498C 35.3063PSU / 16.7uM 7.968C 59.118 8.454 655.970 /   60  111  566
(Dec 12 2016 09:32:51,  827960 sec) Profile()            Sample 12 initiated at 1101.6dbars for bin 12 [1100dbars].  PTS/O2,T2,TPhase,RPhase,RawTemp/FSig,BbSig,TSig: 1099.5dbars 8.2705C 35.3438PSU / 15.2uM 8.293C 59.324 8.455 646.147 /   59  108  565
(Dec 12 2016 09:41:40,  828489 sec) Profile()            Sample 13 initiated at 1051.5dbars for bin 13 [1050dbars].  PTS/O2,T2,TPhase,RPhase,RawTemp/FSig,BbSig,TSig: 1049.4dbars 8.6814C 35.3849PSU / 12.3uM 8.703C 59.786 8.456 633.702 /   59  113  565
(Dec 12 2016 09:50:41,  829030 sec) Profile()            Sample 14 initiated at 1001.7dbars for bin 14 [1000dbars].  PTS/O2,T2,TPhase,RPhase,RawTemp/FSig,BbSig,TSig: 999.7dbars 9.0155C 35.4222PSU / 10.5uM 9.038C 60.062 8.460 623.520 /   59  112  564
(Dec 12 2016 10:02:14,  829723 sec) AscentControlAgent(  Bouyancy nudge to 95 (v=0.075dbar/sec).
(Dec 12 2016 10:02:15,  829724 sec) PistonMoveAbsWTO()    085->095 086 087 088 089 090 [30sec, 14.3Volts, 0.463Amps, CPT:1271sec]
(Dec 12 2016 10:02:55,  829764 sec) PistonMoveAbsWTO()    090->095 091 092 093 094 095 [25sec, 14.2Volts, 0.451Amps, CPT:1296sec]
(Dec 12 2016 10:10:09,  830198 sec) Profile()            Sample 16 initiated at 901.2dbars for bin 16 [900dbars].  PTS/O2,T2,TPhase,RPhase,RawTemp/FSig,BbSig,TSig: 899.2dbars 9.7035C 35.4863PSU / 8.2uM 9.732C 60.408 8.471 602.261 /   57  116  563
(Dec 12 2016 10:27:44,  831253 sec) AscentControlAgent(  Bouyancy nudge to 105 (v=0.079dbar/sec).
(Dec 12 2016 10:27:45,  831254 sec) PistonMoveAbsWTO()    095->105 096 097 098 099 100 [30sec, 14.3Volts, 0.411Amps, CPT:1326sec]
(Dec 12 2016 10:28:25,  831294 sec) PistonMoveAbsWTO()    100->105 101 102 103 104 105 [25sec, 14.2Volts, 0.419Amps, CPT:1351sec]
(Dec 12 2016 10:46:25,  832374 sec) Profile()            Sample 20 initiated at 701.4dbars for bin 20 [700dbars].  PTS/O2,T2,TPhase,RPhase,RawTemp/FSig,BbSig,TSig: 699.3dbars 11.1456C 35.5887PSU / 2.6uM 11.172C 61.419 8.524 557.709 /   58  123  561
(Dec 12 2016 11:03:20,  833389 sec) AscentControlAgent(  Bouyancy nudge to 115 (v=0.078dbar/sec).
(Dec 12 2016 11:03:21,  833390 sec) PistonMoveAbsWTO()    105->115 106 107 108 109 110 [30sec, 14.4Volts, 0.342Amps, CPT:1381sec]
(Dec 12 2016 11:04:01,  833430 sec) PistonMoveAbsWTO()    110->115 111 112 113 114 115 [24sec, 14.3Volts, 0.338Amps, CPT:1405sec]
(Dec 12 2016 11:18:33,  834302 sec) AscentControlAgent(  Bouyancy nudge to 125 (v=0.079dbar/sec).
(Dec 12 2016 11:18:34,  834303 sec) PistonMoveAbsWTO()    115->125 116 117 118 119 120 [30sec, 14.4Volts, 0.318Amps, CPT:1435sec]
(Dec 12 2016 11:19:14,  834343 sec) PistonMoveAbsWTO()    120->125 121 122 123 124 125 [23sec, 14.3Volts, 0.318Amps, CPT:1458sec]
(Dec 12 2016 11:24:03,  834632 sec) Profile()            Sample 24 initiated at 501.6dbars for bin 24 [500dbars].  PTS/O2,T2,TPhase,RPhase,RawTemp/FSig,BbSig,TSig: 499.2dbars 12.4510C 35.6330PSU / 2.0uM 12.487C 61.444 8.591 516.496 /   60  118  559
(Dec 12 2016 11:25:39,  834728 sec) Sbe41cpStartCP()     Continuous profile started.
(Dec 12 2016 11:51:13,  836262 sec) Profile()            Sample 28 initiated at 331.7dbars for bin 28 [330dbars].  PTS/O2,T2,TPhase,RPhase,RawTemp/FSig,BbSig,TSig: 331.4dbars 14.0405C 35.7664PSU / 1.3uM 14.071C 61.482 8.609 466.306 /   59  142  557
(Dec 12 2016 11:59:53,  836782 sec) AscentControlAgent(  Bouyancy nudge to 135 (v=0.071dbar/sec).
(Dec 12 2016 11:59:53,  836782 sec) PistonMoveAbsWTO()    125->135 126 127 128 129 130 [30sec, 14.4Volts, 0.250Amps, CPT:1488sec]
(Dec 12 2016 12:00:33,  836822 sec) PistonMoveAbsWTO()    130->135 131 132 133 134 135 [23sec, 14.3Volts, 0.262Amps, CPT:1511sec]
(Dec 12 2016 12:09:33,  837362 sec) Profile()            Sample 32 initiated at 242.0dbars for bin 32 [240dbars].  PTS/O2,T2,TPhase,RPhase,RawTemp/FSig,BbSig,TSig: 241.7dbars 16.2310C 35.8698PSU / 1.2uM 16.264C 61.335 8.765 395.939 /   59  150  554
(Dec 12 2016 12:15:03,  837692 sec) AscentControlAgent(  Bouyancy nudge to 145 (v=0.074dbar/sec).
(Dec 12 2016 12:15:03,  837692 sec) PistonMoveAbsWTO()    135->145 136 137 138 139 140 [30sec, 14.4Volts, 0.242Amps, CPT:1541sec]
(Dec 12 2016 12:15:43,  837732 sec) PistonMoveAbsWTO()    140->145 141 142 143 144 145 [23sec, 14.4Volts, 0.234Amps, CPT:1564sec]
(Dec 12 2016 12:22:14,  838123 sec) Profile()            Sample 36 initiated at 181.9dbars for bin 36 [180dbars].  PTS/O2,T2,TPhase,RPhase,RawTemp/FSig,BbSig,TSig: 181.7dbars 18.9312C 35.9734PSU / 1.4uM 18.962C 61.076 8.857 308.404 /   56  116  551
(Dec 12 2016 12:30:24,  838613 sec) AscentControlAgent(  Bouyancy nudge to 155 (v=0.067dbar/sec).
(Dec 12 2016 12:30:24,  838613 sec) PistonMoveAbsWTO()    145->155 146 147 148 149 150 [30sec, 14.5Volts, 0.218Amps, CPT:1594sec]
(Dec 12 2016 12:31:04,  838653 sec) PistonMoveAbsWTO()    150->155 151 152 153 154 155 [21sec, 14.4Volts, 0.210Amps, CPT:1615sec]
(Dec 12 2016 12:31:50,  838699 sec) Profile()            Sample 40 initiated at 141.0dbars for bin 40 [140dbars].  PTS/O2,T2,TPhase,RPhase,RawTemp/FSig,BbSig,TSig: 140.8dbars 21.3672C 36.1719PSU / 24.5uM 21.402C 54.550 8.881 228.811 /   54  111  547
(Dec 12 2016 12:35:28,  838917 sec) AscentControlAgent(  Bouyancy nudge to 165 (v=0.067dbar/sec).
(Dec 12 2016 12:35:28,  838917 sec) PistonMoveAbsWTO()    155->165 156 157 158 159 160 [30sec, 14.5Volts, 0.210Amps, CPT:1645sec]
(Dec 12 2016 12:36:23,  838973 sec) PistonMoveAbsWTO()    160->165 161 162 163 164 165 [22sec, 14.4Volts, 0.210Amps, CPT:1667sec]
(Dec 12 2016 12:39:36,  839165 sec) Profile()            Sample 44 initiated at 101.6dbars for bin 44 [100dbars].  PTS/O2,T2,TPhase,RPhase,RawTemp/FSig,BbSig,TSig: 101.3dbars 24.0965C 36.4470PSU / 86.0uM 24.095C 42.517 8.998 141.058 /   60  116  544
(Dec 12 2016 12:50:38,  839827 sec) AscentControlAgent(  Bouyancy nudge to 170 (v=0.034dbar/sec).
(Dec 12 2016 12:50:38,  839827 sec) PistonMoveAbsWTO()    165->170 166 167 168 169 170 [25sec, 14.6Volts, 0.189Amps, CPT:1692sec]
(Dec 12 2016 12:52:28,  839937 sec) Profile()            Sample 48 initiated at 61.6dbars for bin 48 [60dbars].  PTS/O2,T2,TPhase,RPhase,RawTemp/FSig,BbSig,TSig: 61.4dbars 27.0619C 36.6689PSU / 224.5uM 27.079C 29.819 9.059 44.720 /  110  147  537
(Dec 12 2016 12:58:41,  840310 sec) Profile()            Sample 52 initiated at 36.5dbars for bin 52 [35dbars].  PTS/O2,T2,TPhase,RPhase,RawTemp/FSig,BbSig,TSig: 36.2dbars 27.0661C 36.6703PSU / 228.6uM 27.084C 29.615 9.049 44.569 /  124  154  535
(Dec 12 2016 13:03:35,  840604 sec) Profile()            Sample 56 initiated at 16.4dbars for bin 56 [15dbars].  PTS/O2,T2,TPhase,RPhase,RawTemp/FSig,BbSig,TSig: 16.2dbars 27.0731C 36.6691PSU / 230.8uM 27.092C 29.505 9.042 44.329 /  156  181  535
(Dec 12 2016 13:04:51,  840680 sec) Profile()            Sample 57 initiated at 11.4dbars for bin 57 [10dbars].  PTS/O2,T2,TPhase,RPhase,RawTemp/FSig,BbSig,TSig: 11.2dbars 27.0913C 36.6680PSU / 232.1uM 27.107C 29.438 9.039 43.833 /  146  171  535
(Dec 12 2016 13:06:39,  840788 sec) Profile()            Sample 58 initiated at 5.7dbars for bin 58 [4dbars].  PTS/O2,T2,TPhase,RPhase,RawTemp/FSig,BbSig,TSig: 5.5dbars 27.1875C 36.6745PSU / 233.4uM 27.201C 29.342 9.041 40.815 /  130  162  535
(Dec 12 2016 13:07:05,  840814 sec) Profile()            Sample 59 initiated at 4.4dbars for bin 58 [4dbars].  PTS/O2,T2,TPhase,RPhase,RawTemp/FSig,BbSig,TSig: 4.3dbars 27.1769C 36.6735PSU / 233.4uM 27.197C 29.342 9.040 40.967 /  131  160  535
(Dec 12 2016 13:07:19,  840828 sec) SurfaceDetect()      SurfacePressure:-0.1dbars Pressure:3.1dbars PistonPosition:170
(Dec 12 2016 13:07:20,  840829 sec) Sbe41cpStopCP()      Continuous profile stopped.
(Dec 12 2016 13:07:27,  840836 sec) PistonMoveAbsWTO()    170->192 171 172 173 174 175 176 177 178 179 180 181 182 183 184 185 186 187 188 189 190 191 192 [110sec, 14.6Volts, 0.153Amps, CPT:1802sec]
(Dec 12 2016 13:09:33,  840962 sec) sbe41cp.c:chat()     Expected string [S>] not received.
(Dec 12 2016 13:10:56,  841045 sec) Sbe41cpBinAverage()  Finished averaging 6128 samples in 78 seconds.
(Dec 12 2016 13:11:01,  841050 sec) Sbe41cpUploadCP()    Sbe41cpSerNo[08355] NSample[6128] NBin[249]
(Dec 12 2016 13:11:44,  841093 sec) Sbe41cpUploadCP()    Continuous profile uploaded [249 lines].

<EOT>

<EOT>
