(Nov 08 2022 22:59:01,  865595 sec) TelemetryInit()      Profile 261. (Apf9i FwRev: 061016)
(Nov 08 2022 23:06:49,  866063 sec) AirSystem()          Battery [141cnt, 10.9V]  Current [70cnt, 282.1mA]  Barometer [126cnt, 6.5"Hg]  Run-Time [70s]
(Nov 08 2022 23:07:51,  866124 sec) GetSurfaceObs()      P/O2,T2,TPhase,RPhase,RawTemp/FSig,BbSig,TSig: -0.6dbars / 235.8uM 26.063C 29.660 8.973 77.373 / 103,210,533
(Nov 08 2022 23:07:59,  866133 sec) GpsServices()        GPS almanac is current.
(Nov 08 2022 23:07:59,  866133 sec) GpsServices()        Initiating GPS fix acquisition.
(Nov 08 2022 23:08:17,  866151 sec) gga()                $GPGGA,230750,2107.7963,N,06118.5769,E,0,00,,,M,,M,,*52
(Nov 08 2022 23:08:30,  866164 sec) gga()                $GPGGA,230810,2107.7963,N,06118.5769,E,0,00,,,M,,M,,*59
(Nov 08 2022 23:08:41,  866175 sec) gga()                $GPGGA,230820,2107.7963,N,06118.5769,E,0,00,,,M,,M,,*5A
(Nov 08 2022 23:08:52,  866186 sec) gga()                $GPGGA,230830,2107.7963,N,06118.5769,E,0,00,,,M,,M,,*5B
(Nov 08 2022 23:09:35,  866229 sec) gga()                $GPGGA,230830,2112.3150,N,06127.1754,E,6,10,0.8,-4.9,M,-44.2,M,,*4B
(Nov 08 2022 23:11:02,  866316 sec) gga()                $GPGGA,231010,2112.3433,N,06127.1937,E,1,12,0.7,4.7,M,-44.2,M,,*62
(Nov 08 2022 23:11:03,  866316 sec) GpsServices()        Profile 261 GPS fix obtained in 182 seconds.
(Nov 08 2022 23:11:03,  866316 sec) GpsServices()                  lon     lat mm/dd/yyyy hhmmss nsat
(Nov 08 2022 23:11:03,  866317 sec) GpsServices()        Fix:   61.453  21.206 11/08/2022 231010   12
(Nov 08 2022 23:11:52,  866366 sec) gga()                $GPGGA,231100,2112.3576,N,06127.2023,E,1,12,0.7,4.5,M,-44.2,M,,*6F
(Nov 08 2022 23:12:00,  866373 sec) gga()                $GPGGA,231150,2112.3719,N,06127.2117,E,1,12,0.7,4.5,M,-44.2,M,,*67
(Nov 08 2022 23:12:00,  866374 sec) GpsServices()        APF9 RTC skew (10s) OK.
(Nov 08 2022 23:12:10,  866383 sec) LogNmeaSentences()   $GPRMC,231200,A,2112.3749,N,06127.2134,E,001.0,020.3,081122,000.6,E*75
(Nov 08 2022 23:12:11,  866384 sec) LogNmeaSentences()   $GPGGA,231200,2112.3749,N,06127.2134,E,1,12,0.7,4.3,M,-44.2,M,,*63
(Nov 08 2022 23:12:11,  866385 sec) LogNmeaSentences()   $GPGSA,A,3,02,05,10,12,13,15,18,20,23,25,26,29,1.0,0.7,0.8*3D
(Nov 08 2022 23:12:12,  866385 sec) LogNmeaSentences()   $GPGSV,3,1,12,02,46,004,45,05,40,037,46,10,10,217,43,12,27,168,43*77
(Nov 08 2022 23:12:12,  866386 sec) LogNmeaSentences()   $GPGSV,3,2,12,13,19,092,39,15,37,124,46,18,39,304,44,20,05,040,35*74
(Nov 08 2022 23:12:13,  866387 sec) LogNmeaSentences()   $GPGSV,3,3,12,23,39,219,46,25,50,200,45,26,11,315,39,29,58,012,46*76
(Nov 08 2022 23:12:14,  866387 sec) LogNmeaSentences()   $PGRMT,GPS 15x-L software ver. 4.00,,,,,,,,*73
(Nov 08 2022 23:12:20,  866393 sec) LogNmeaSentences()   $GPRMC,231210,A,2112.3779,N,06127.2152,E,001.1,053.0,081122,000.6,E*71
(Nov 08 2022 23:12:21,  866394 sec) LogNmeaSentences()   $GPGGA,231210,2112.3779,N,06127.2152,E,1,12,0.7,4.5,M,-44.2,M,,*67
(Nov 08 2022 23:12:21,  866395 sec) LogNmeaSentences()   $GPGSA,A,3,02,05,10,12,13,15,18,20,23,25,26,29,1.0,0.7,0.8*3D
(Nov 08 2022 23:12:22,  866395 sec) LogNmeaSentences()   $GPGSV,3,1,12,02,46,004,43,05,40,037,45,10,10,217,43,12,27,168,43*72
(Nov 08 2022 23:12:22,  866396 sec) LogNmeaSentences()   $GPGSV,3,2,12,13,19,092,39,15,37,124,46,18,39,304,44,20,05,040,36*77
(Nov 08 2022 23:12:23,  866397 sec) LogNmeaSentences()   $GPGSV,3,3,12,23,39,219,46,25,50,200,45,26,11,315,37,29,58,012,46*78
(Nov 08 2022 23:12:30,  866403 sec) LogNmeaSentences()   $GPRMC,231220,A,2112.3809,N,06127.2169,E,000.8,017.5,081122,000.6,E*7F
(Nov 08 2022 23:12:31,  866404 sec) LogNmeaSentences()   $GPGGA,231220,2112.3809,N,06127.2169,E,1,12,0.7,4.3,M,-44.2,M,,*62
(Nov 08 2022 23:12:31,  866405 sec) GpsServices()        GPS services complete.
(Nov 08 2022 23:13:21,  866455 sec) CLogin()             Connecting to primary host.
(Nov 08 2022 23:13:33,  866466 sec) CLogin()             Connection 1 established in 12 seconds.
(Nov 08 2022 23:14:04,  866497 sec) expect()             Attempt to read prompt string [Last login:] failed.
(Nov 08 2022 23:14:04,  866497 sec) login()              Login failed.
(Nov 08 2022 23:14:34,  866527 sec) expect()             Attempt to read prompt string [login:] failed.
(Nov 08 2022 23:14:34,  866527 sec) login()              Login prompt not received.
(Nov 08 2022 23:14:47,  866541 sec) CLogin()             Connection 2 established in 86 seconds.
(Nov 08 2022 23:15:19,  866572 sec) expect()             Attempt to read prompt string [Last login:] failed.
(Nov 08 2022 23:15:19,  866572 sec) login()              Login failed.
(Nov 08 2022 23:15:49,  866602 sec) expect()             Attempt to read prompt string [login:] failed.
(Nov 08 2022 23:15:49,  866602 sec) login()              Login prompt not received.
(Nov 08 2022 23:15:49,  866603 sec) CLogin()             Attempt to connect to primary host failed after 2 tries.  Connecting to alternate host.
(Nov 08 2022 23:16:50,  866663 sec) chat()               Expected string [CONNECT] not received.
(Nov 08 2022 23:16:50,  866663 sec) modem_connect()      Modem command [ATDT0013014291790] failed.
(Nov 08 2022 23:16:50,  866664 sec) connect()            Connection attempt failed.
(Nov 08 2022 23:17:51,  866724 sec) chat()               Expected string [CONNECT] not received.
(Nov 08 2022 23:17:51,  866724 sec) modem_connect()      Modem command [ATDT0013014291790] failed.
(Nov 08 2022 23:17:51,  866725 sec) connect()            Connection attempt failed.
(Nov 08 2022 23:17:51,  866725 sec) CLogin()             Attempt to connect to primary and alternate hosts failed - aborting.
(Nov 08 2022 23:17:52,  866725 sec) DownLoadMissionCfg(  Connect/login failed.  Mission configuration not downloaded from remote host.
(Nov 08 2022 23:17:58,  866732 sec) CLogin()             Connecting to primary host.
(Nov 08 2022 23:18:21,  866755 sec) CLogin()             Connection 3 established in 24 seconds.
(Nov 08 2022 23:18:53,  866786 sec) expect()             Attempt to read prompt string [Last login:] failed.
(Nov 08 2022 23:18:53,  866786 sec) login()              Login failed.
(Nov 08 2022 23:19:23,  866816 sec) expect()             Attempt to read prompt string [login:] failed.
(Nov 08 2022 23:19:23,  866816 sec) login()              Login prompt not received.
(Nov 08 2022 23:19:36,  866830 sec) CLogin()             Connection 4 established in 99 seconds.
(Nov 08 2022 23:19:45,  866838 sec) login()              Login successful.
(Nov 08 2022 23:19:48,  866841 sec) CLogin()             Logged in to host.  [Login required 12 seconds]
(Nov 08 2022 23:20:00,  866853 sec) RxConfig()           Downloading "mission.cfg" from host.
(Nov 08 2022 23:20:02,  866856 sec) Rx()                 Initiating transfer. [0x43]
(Nov 08 2022 23:20:04,  866858 sec) RxStartByte()        Sync errors encountered: 698
(Nov 08 2022 23:20:12,  866865 sec) Rx()                 Truncated packet received - retrying.
(Nov 08 2022 23:20:13,  866866 sec) RxStartByte()        Sync errors encountered: 182
(Nov 08 2022 23:20:16,  866869 sec) Rx()                 Truncated packet received - retrying.
(Nov 08 2022 23:20:19,  866872 sec) RxStartByte()        Sync errors encountered: 911
(Nov 08 2022 23:20:26,  866880 sec) Rx()                 Pad character [0x1a] found in ascii mode - truncating packet.
(Nov 08 2022 23:20:33,  866886 sec) Rx()                 Received EOT - transfer complete. [1 packets, 1024 bytes, 31 sec, 33.0 bps]
(Nov 08 2022 23:20:33,  866886 sec) RxConfig()           Download successful.
(Nov 08 2022 23:20:56,  866910 sec) WriteVitals()        Writing vitals to "7827.261.msg".
(Nov 08 2022 23:21:12,  866925 sec) UpLoadFile()         Uploading "7827.261.msg" to host as "7827.261.msg".
(Nov 08 2022 23:21:15,  866929 sec) Tx()                 CRC negotiation successful. [16-bit CRC]
(Nov 08 2022 23:24:46,  867140 sec) Tx()                 Transmission completed successfully [36 packets, 35936 bytes, 210 sec, 175.5 bps]
(Nov 08 2022 23:24:46,  867140 sec) UpLoadFile()         Upload successful.
(Nov 08 2022 23:24:55,  867148 sec) UpLoadFile()         Uploading "7827.261.log" to host as "7827.261.log".
(Nov 08 2022 23:24:58,  867152 sec) Tx()                 CRC negotiation successful. [16-bit CRC]
(Nov 08 2022 23:27:24,  867297 sec) Tx()                 Transmission completed successfully [25 packets, 24763 bytes, 145 sec, 176.6 bps]
(Nov 08 2022 23:27:24,  867298 sec) UpLoadFile()         Upload successful.
(Nov 08 2022 23:27:34,  867308 sec) UpLoad()             Files successfully uploaded: 2
(Nov 08 2022 23:27:34,  867308 sec) UpLoad()             Upload complete.
(Nov 08 2022 23:27:41,  867314 sec) chat()               Expected string [logout] not received.
(Nov 08 2022 23:27:41,  867314 sec) logout()             Attempt to log-out failed.
(Nov 08 2022 23:27:41,  867315 sec) logout()             No carrier detected.
(Nov 08 2022 23:27:41,  867315 sec) Telemetry()          Telemetry cycle complete: PrfId=261 ConnectionAttempts=6  Connections=4
(Nov 08 2022 23:27:42,  867315 sec) TelemetryTerminate(  Parsing new mission configuration.
(Nov 08 2022 23:27:44,  867317 sec) configure()          Parsing configurators in "mission.cfg".
(Nov 08 2022 23:27:52,  867325 sec) configure()             TelemetryRetry(15)          [0x7BBC] [TelemetryRetry(15)].
(Nov 08 2022 23:27:52,  867326 sec) configure()          Configuration CRCs and syntax OK.
(Nov 08 2022 23:27:52,  867326 sec) ConfigSupervisor()   Configuration accepted.
(Nov 08 2022 23:27:53,  867326 sec) TelemetryTerminate(  Reconditioning the file system.
(Nov 08 2022 23:28:09,      12 sec) DescentInit()        Deep profile 262 initiated at mission-time 867331sec.
(Nov 08 2022 23:28:11,      14 sec) DescentInit()        Surface pressure: -0.6dbars.
(Nov 08 2022 23:28:16,      19 sec) PistonMoveAbsWTO()    203->076 202 201 200 199 198 197 196 195 194 193 192 191 190 189 188 187 186 185 184 183 182 181 180 179 178 177 176 175 174 173 172 171 170 169 168 167 166 165 164 163 162 161 160 159 158 157 156 155 154 153 152 151 150 149 148 147 146 145 144 143 142 141 140 139 138 137 136 135 134 133 132 131 130 129 128 127 126 125 124 123 122 121 120 119 118 117 116 115 114 113 112 111 110 109 108 107 106 105 104 103 102 101 100 099 098 097 096 095 094 093 092 091 090 089 088 087 086 085 084 083 082 081 080 079 078 077 076 [875sec, 10.5Volts, 0.157Amps, CPT:875sec]
(Nov 08 2022 23:43:01,     904 sec) Descent()            Pressure: 71.3
(Nov 09 2022 00:28:01,    3604 sec) Descent()            Pressure: 426.5
(Nov 09 2022 01:28:01,    7204 sec) Descent()            Pressure: 758.7
(Nov 09 2022 02:28:01,   10804 sec) Descent()            Pressure: 937.0
(Nov 09 2022 03:28:01,   14404 sec) Descent()            Pressure: 992.4
(Nov 09 2022 04:28:01,   18004 sec) Descent()            Pressure: 1001.3
(Nov 09 2022 04:28:01,   18004 sec) ParkInit()           
(Nov 09 2022 08:28:07,   32410 sec) Park()               ParkPOutOfBand[3, 1010.1 dbars]: extend piston.
(Nov 09 2022 08:28:08,   32411 sec) PistonMoveAbsWTO()    076->077 077 [3sec, 9.8Volts, 0.484Amps, CPT:878sec]
(Nov 18 2022 11:30:18,  820941 sec) CtdPower()           [ 1002.41,  8.8613, 29.7793]
(Nov 18 2022 11:30:18,  820941 sec) CtdPower()           CTD Power consumption [143VCnt 10ACnt]: 11.085Volts * 0.040Amps = 0.45Watts.
(Nov 18 2022 11:30:19,  820942 sec) ParkTerminate()      Piston Position:77 Vacuum:79 Vq:145 Aq:6 Vsbe:143 Asbe:10 Vflbb:142 Aflbb:12
(Nov 18 2022 11:30:56,  820979 sec) ParkTerminate()      PTS/O2,T2,TPhase,RawTemp: 1002.4dbars 8.8597C 29.7797PSU / 5.0uM 8.888C 61.153 8.226 628.086
(Nov 18 2022 11:30:56,  820979 sec) ParkTerminate()      FLBB FSig, BbSig, TSig: 57, 118, 564
(Nov 18 2022 11:30:57,  820980 sec) GoDeepInit()         Moving piston.
(Nov 18 2022 11:30:57,  820980 sec) PistonMoveAbsWTO()    077->028 076 075 074 073 072 071 070 069 068 067 066 065 064 063 062 061 060 059 058 057 056 055 054 053 052 051 050 049 048 047 046 045 044 043 042 041 040 039 038 037 036 035 034 033 032 031 030 029 028 [328sec, 10.6Volts, 0.105Amps, CPT:1206sec]
(Nov 18 2022 14:58:01,  833404 sec) GoDeep()             Sequence point detected at 2000.9dbar.
(Nov 18 2022 14:58:04,  833407 sec) ProfileInit()        PrfId:262  Pressure:2001.0dbar  pTable[0]:2000dbar
(Nov 18 2022 14:58:50,  833453 sec) Profile()            Sample 0 initiated at 2001.3dbars for bin 0 [2000dbars].  PTS/O2,T2,TPhase,RPhase,RawTemp/FSig,BbSig,TSig: 2001.9dbars 3.1030C 29.4193PSU / 88.3uM 3.122C 51.345 8.317 797.973 /   58  109  573
(Nov 18 2022 14:58:51,  833454 sec) PistonMoveAbsWTO()    028->050 029 030 031 [30sec, 8.0Volts, 0.818Amps, CPT:1236sec]
(Nov 18 2022 14:59:32,  833495 sec) PistonMoveAbsWTO()    031->050 032 033 [30sec, 8.0Volts, 0.814Amps, CPT:1266sec]
(Nov 18 2022 15:00:12,  833535 sec) PistonMoveAbsWTO()    033->050 034 035 [30sec, 8.0Volts, 0.806Amps, CPT:1296sec]
(Nov 18 2022 15:00:52,  833575 sec) PistonMoveAbsWTO()    035->050 036 037 038 [30sec, 7.8Volts, 0.842Amps, CPT:1326sec]
(Nov 18 2022 15:02:55,  833698 sec) Sbe41cpStartCP()     Continuous profile started.
(Nov 18 2022 15:02:56,  833699 sec) PistonMoveAbsWTO()    038->050 039 040 [30sec, 7.7Volts, 0.854Amps, CPT:1356sec]
(Nov 18 2022 15:03:37,  833740 sec) PistonMoveAbsWTO()    040->050 041 042 [30sec, 7.7Volts, 0.858Amps, CPT:1386sec]
(Nov 18 2022 15:04:18,  833781 sec) PistonMoveAbsWTO()    042->050 043 044 [30sec, 7.7Volts, 0.826Amps, CPT:1416sec]
(Nov 18 2022 15:04:59,  833822 sec) PistonMoveAbsWTO()    044->050 045 046 047 [30sec, 7.6Volts, 0.850Amps, CPT:1446sec]
(Nov 18 2022 15:05:40,  833863 sec) PistonMoveAbsWTO()    047->050 048 049 [30sec, 7.6Volts, 0.854Amps, CPT:1476sec]
(Nov 18 2022 15:06:21,  833904 sec) PistonMoveAbsWTO()    049->050 050 [9sec, 7.5Volts, 0.850Amps, CPT:1485sec]
(Nov 18 2022 15:13:13,  834316 sec) AscentControlAgent(  Bouyancy nudge to 60 (v=0.071dbar/sec).
(Nov 18 2022 15:13:14,  834317 sec) PistonMoveAbsWTO()    050->060 051 052 [30sec, 7.4Volts, 0.878Amps, CPT:1515sec]
(Nov 18 2022 15:13:55,  834358 sec) PistonMoveAbsWTO()    052->060 053 054 [30sec, 7.4Volts, 0.878Amps, CPT:1545sec]
(Nov 18 2022 15:14:36,  834399 sec) PistonMoveAbsWTO()    054->060 055 056 [30sec, 7.5Volts, 0.886Amps, CPT:1575sec]
(Nov 18 2022 15:15:17,  834440 sec) PistonMoveAbsWTO()    056->060 057 058 059 [30sec, 7.5Volts, 0.842Amps, CPT:1605sec]
(Nov 18 2022 15:15:58,  834481 sec) PistonMoveAbsWTO()    059->060 060 [14sec, 7.4Volts, 0.826Amps, CPT:1619sec]
(Nov 18 2022 15:18:40,  834643 sec) Profile()            Sample 1 initiated at 1901.1dbars for bin 1 [1900dbars].  PTS/O2,T2,TPhase,RPhase,RawTemp/FSig,BbSig,TSig: 1900.7dbars 3.4445C 29.4310PSU / 82.9uM 3.457C 51.752 8.321 788.426 /   59  111  573
(Nov 18 2022 15:32:50,  835493 sec) Profile()            Sample 2 initiated at 1801.5dbars for bin 2 [1800dbars].  PTS/O2,T2,TPhase,RPhase,RawTemp/FSig,BbSig,TSig: 1801.2dbars 3.8479C 29.4519PSU / 73.1uM 3.860C 52.618 8.318 776.884 /   58  109  572
(Nov 18 2022 15:49:04,  836467 sec) Profile()            Sample 3 initiated at 1701.2dbars for bin 3 [1700dbars].  PTS/O2,T2,TPhase,RPhase,RawTemp/FSig,BbSig,TSig: 1700.9dbars 4.3118C 29.4745PSU / 62.8uM 4.324C 53.609 8.318 763.543 /   58  110  572
(Nov 18 2022 16:07:46,  837589 sec) Profile()            Sample 4 initiated at 1601.8dbars for bin 4 [1600dbars].  PTS/O2,T2,TPhase,RPhase,RawTemp/FSig,BbSig,TSig: 1601.5dbars 4.7739C 29.4998PSU / 55.2uM 4.784C 54.358 8.321 750.240 /   59  114  571
(Nov 18 2022 16:14:00,  837963 sec) AscentControlAgent(  Bouyancy nudge to 70 (v=0.080dbar/sec).
(Nov 18 2022 16:14:01,  837964 sec) PistonMoveAbsWTO()    060->070 061 062 [30sec, 8.0Volts, 0.721Amps, CPT:1649sec]
(Nov 18 2022 16:14:41,  838004 sec) PistonMoveAbsWTO()    062->070 063 064 065 [30sec, 8.1Volts, 0.701Amps, CPT:1679sec]
(Nov 18 2022 16:15:21,  838044 sec) PistonMoveAbsWTO()    065->070 066 067 [30sec, 8.0Volts, 0.701Amps, CPT:1709sec]
(Nov 18 2022 16:16:01,  838084 sec) PistonMoveAbsWTO()    067->070 068 069 070 [27sec, 7.9Volts, 0.717Amps, CPT:1736sec]
(Nov 18 2022 16:25:38,  838661 sec) Profile()            Sample 5 initiated at 1501.5dbars for bin 5 [1500dbars].  PTS/O2,T2,TPhase,RPhase,RawTemp/FSig,BbSig,TSig: 1501.2dbars 5.2223C 29.5229PSU / 47.4uM 5.232C 55.190 8.324 737.171 /   59  114  570
(Nov 18 2022 16:44:16,  839779 sec) AscentControlAgent(  Bouyancy nudge to 80 (v=0.073dbar/sec).
(Nov 18 2022 16:44:16,  839779 sec) PistonMoveAbsWTO()    070->080 071 072 [30sec, 8.2Volts, 0.637Amps, CPT:1766sec]
(Nov 18 2022 16:44:56,  839819 sec) PistonMoveAbsWTO()    072->080 073 074 075 [30sec, 8.1Volts, 0.653Amps, CPT:1796sec]
(Nov 18 2022 16:45:51,  839874 sec) Profile()            Sample 6 initiated at 1399.2dbars for bin 6 [1400dbars].  PTS/O2,T2,TPhase,RPhase,RawTemp/FSig,BbSig,TSig: 1398.9dbars 5.9421C 29.5620PSU / 36.0uM 5.955C 56.531 8.326 715.988 /   58  113  569
(Nov 18 2022 16:45:52,  839875 sec) PistonMoveAbsWTO()    075->080 076 077 078 [30sec, 8.1Volts, 0.645Amps, CPT:1826sec]
(Nov 18 2022 16:46:32,  839915 sec) PistonMoveAbsWTO()    078->080 079 080 [22sec, 8.1Volts, 0.665Amps, CPT:1848sec]
(Nov 18 2022 16:54:21,  840384 sec) Profile()            Sample 7 initiated at 1351.4dbars for bin 7 [1350dbars].  PTS/O2,T2,TPhase,RPhase,RawTemp/FSig,BbSig,TSig: 1351.1dbars 6.3840C 29.5877PSU / 29.1uM 6.398C 57.433 8.329 702.892 /   58  111  569
(Nov 18 2022 17:03:41,  840944 sec) Profile()            Sample 8 initiated at 1301.2dbars for bin 8 [1300dbars].  PTS/O2,T2,TPhase,RPhase,RawTemp/FSig,BbSig,TSig: 1300.9dbars 6.7259C 29.6075PSU / 22.3uM 6.742C 58.426 8.329 692.689 /   59  115  568
(Nov 18 2022 17:13:11,  841514 sec) Profile()            Sample 9 initiated at 1251.7dbars for bin 9 [1250dbars].  PTS/O2,T2,TPhase,RPhase,RawTemp/FSig,BbSig,TSig: 1251.4dbars 6.9987C 29.6262PSU / 18.2uM 7.014C 59.031 8.328 684.566 /   58  113  568
(Nov 18 2022 17:23:11,  842114 sec) Profile()            Sample 10 initiated at 1201.7dbars for bin 10 [1200dbars].  PTS/O2,T2,TPhase,RPhase,RawTemp/FSig,BbSig,TSig: 1201.5dbars 7.3845C 29.6506PSU / 14.6uM 7.401C 59.587 8.323 672.997 /   56  114  567
(Nov 18 2022 17:29:56,  842519 sec) AscentControlAgent(  Bouyancy nudge to 90 (v=0.079dbar/sec).
(Nov 18 2022 17:29:56,  842519 sec) PistonMoveAbsWTO()    080->090 081 082 083 [30sec, 8.5Volts, 0.568Amps, CPT:1878sec]
(Nov 18 2022 17:30:36,  842559 sec) PistonMoveAbsWTO()    083->090 084 085 [30sec, 8.4Volts, 0.568Amps, CPT:1908sec]
(Nov 18 2022 17:31:16,  842599 sec) PistonMoveAbsWTO()    085->090 086 087 088 [30sec, 8.4Volts, 0.568Amps, CPT:1938sec]
(Nov 18 2022 17:31:56,  842639 sec) PistonMoveAbsWTO()    088->090 089 090 [13sec, 8.4Volts, 0.560Amps, CPT:1951sec]
(Nov 18 2022 17:33:04,  842707 sec) Profile()            Sample 11 initiated at 1151.8dbars for bin 11 [1150dbars].  PTS/O2,T2,TPhase,RPhase,RawTemp/FSig,BbSig,TSig: 1151.5dbars 7.6583C 29.6677PSU / 12.0uM 7.676C 59.997 8.322 664.748 /   56  114  566
(Nov 18 2022 17:41:14,  843197 sec) Profile()            Sample 12 initiated at 1101.1dbars for bin 12 [1100dbars].  PTS/O2,T2,TPhase,RPhase,RawTemp/FSig,BbSig,TSig: 1100.8dbars 8.0240C 29.6932PSU / 9.6uM 8.047C 60.373 8.320 653.587 /   58  117  566
(Nov 18 2022 17:49:42,  843705 sec) Profile()            Sample 13 initiated at 1051.6dbars for bin 13 [1050dbars].  PTS/O2,T2,TPhase,RPhase,RawTemp/FSig,BbSig,TSig: 1051.4dbars 8.3856C 29.7179PSU / 7.5uM 8.405C 60.715 8.320 642.755 /   59  152  565
(Nov 18 2022 17:59:12,  844275 sec) Profile()            Sample 14 initiated at 1001.3dbars for bin 14 [1000dbars].  PTS/O2,T2,TPhase,RPhase,RawTemp/FSig,BbSig,TSig: 1001.1dbars 8.7532C 29.7420PSU / 5.7uM 8.775C 61.025 8.320 631.534 /   59  118  565
(Nov 18 2022 18:05:27,  844650 sec) AscentControlAgent(  Bouyancy nudge to 100 (v=0.077dbar/sec).
(Nov 18 2022 18:05:27,  844650 sec) PistonMoveAbsWTO()    090->100 091 092 093 [30sec, 8.8Volts, 0.496Amps, CPT:1981sec]
(Nov 18 2022 18:06:07,  844690 sec) PistonMoveAbsWTO()    093->100 094 095 096 [30sec, 8.8Volts, 0.508Amps, CPT:2011sec]
(Nov 18 2022 18:06:47,  844730 sec) PistonMoveAbsWTO()    096->100 097 098 099 [30sec, 8.7Volts, 0.516Amps, CPT:2041sec]
(Nov 18 2022 18:07:27,  844770 sec) PistonMoveAbsWTO()    099->100 100 [7sec, 8.8Volts, 0.512Amps, CPT:2048sec]
(Nov 18 2022 18:17:48,  845391 sec) Profile()            Sample 16 initiated at 901.7dbars for bin 16 [900dbars].  PTS/O2,T2,TPhase,RPhase,RawTemp/FSig,BbSig,TSig: 901.4dbars 9.5773C 29.7979PSU / 4.9uM 9.606C 61.089 8.338 606.141 /   57  119  564
(Nov 18 2022 18:40:59,  846782 sec) AscentControlAgent(  Bouyancy nudge to 110 (v=0.076dbar/sec).
(Nov 18 2022 18:40:59,  846782 sec) PistonMoveAbsWTO()    100->110 101 102 103 [30sec, 9.1Volts, 0.447Amps, CPT:2078sec]
(Nov 18 2022 18:41:39,  846822 sec) PistonMoveAbsWTO()    103->110 104 105 106 [30sec, 9.1Volts, 0.439Amps, CPT:2108sec]
(Nov 18 2022 18:42:19,  846862 sec) PistonMoveAbsWTO()    106->110 107 108 109 [30sec, 9.0Volts, 0.435Amps, CPT:2138sec]
(Nov 18 2022 18:42:59,  846902 sec) PistonMoveAbsWTO()    109->110 110 [2sec, 9.1Volts, 0.451Amps, CPT:2140sec]
(Nov 18 2022 18:55:15,  847638 sec) Profile()            Sample 20 initiated at 701.5dbars for bin 20 [700dbars].  PTS/O2,T2,TPhase,RPhase,RawTemp/FSig,BbSig,TSig: 701.2dbars 11.1574C 29.8844PSU / 1.4uM 11.185C 61.683 8.412 557.310 /   58  112  561
(Nov 18 2022 19:11:29,  848612 sec) AscentControlAgent(  Bouyancy nudge to 120 (v=0.080dbar/sec).
(Nov 18 2022 19:11:29,  848612 sec) PistonMoveAbsWTO()    110->120 111 112 113 [30sec, 9.3Volts, 0.383Amps, CPT:2170sec]
(Nov 18 2022 19:12:09,  848652 sec) PistonMoveAbsWTO()    113->120 114 115 116 [30sec, 9.2Volts, 0.395Amps, CPT:2200sec]
(Nov 18 2022 19:12:49,  848692 sec) PistonMoveAbsWTO()    116->120 117 118 119 120 [27sec, 9.2Volts, 0.387Amps, CPT:2227sec]
(Nov 18 2022 19:31:07,  849790 sec) Profile()            Sample 24 initiated at 502.0dbars for bin 24 [500dbars].  PTS/O2,T2,TPhase,RPhase,RawTemp/FSig,BbSig,TSig: 501.7dbars 13.0200C 30.0184PSU / 1.0uM 13.055C 61.623 8.464 498.586 /   57  132  558
(Nov 18 2022 19:52:08,  851051 sec) AscentControlAgent(  Bouyancy nudge to 130 (v=0.073dbar/sec).
(Nov 18 2022 19:52:08,  851051 sec) PistonMoveAbsWTO()    120->130 121 122 123 [30sec, 9.6Volts, 0.330Amps, CPT:2257sec]
(Nov 18 2022 19:52:48,  851091 sec) PistonMoveAbsWTO()    123->130 124 125 126 127 [30sec, 9.6Volts, 0.322Amps, CPT:2287sec]
(Nov 18 2022 19:53:28,  851131 sec) PistonMoveAbsWTO()    127->130 128 129 130 [22sec, 9.6Volts, 0.314Amps, CPT:2309sec]
(Nov 18 2022 20:04:04,  851767 sec) Profile()            Sample 28 initiated at 331.2dbars for bin 28 [330dbars].  PTS/O2,T2,TPhase,RPhase,RawTemp/FSig,BbSig,TSig: 331.0dbars 15.1500C 30.2105PSU / 1.1uM 15.184C 61.455 8.567 430.706 /   58  147  555
(Nov 18 2022 20:17:36,  852579 sec) AscentControlAgent(  Bouyancy nudge to 140 (v=0.080dbar/sec).
(Nov 18 2022 20:17:36,  852579 sec) PistonMoveAbsWTO()    130->140 131 132 133 [30sec, 9.8Volts, 0.266Amps, CPT:2339sec]
(Nov 18 2022 20:18:16,  852619 sec) PistonMoveAbsWTO()    133->140 134 135 136 137 [30sec, 9.8Volts, 0.270Amps, CPT:2369sec]
(Nov 18 2022 20:18:56,  852659 sec) PistonMoveAbsWTO()    137->140 138 139 140 [18sec, 9.8Volts, 0.274Amps, CPT:2387sec]
(Nov 18 2022 20:20:59,  852782 sec) Profile()            Sample 32 initiated at 241.8dbars for bin 32 [240dbars].  PTS/O2,T2,TPhase,RPhase,RawTemp/FSig,BbSig,TSig: 241.5dbars 17.1198C 30.3564PSU / 5.3uM 17.146C 60.181 8.711 367.411 /   57  114  553
(Nov 18 2022 20:31:15,  853398 sec) Profile()            Sample 36 initiated at 181.7dbars for bin 36 [180dbars].  PTS/O2,T2,TPhase,RPhase,RawTemp/FSig,BbSig,TSig: 181.5dbars 19.0621C 30.4366PSU / 11.2uM 19.041C 58.365 8.788 305.850 /   56  110  550
(Nov 18 2022 20:37:56,  853799 sec) AscentControlAgent(  Bouyancy nudge to 150 (v=0.048dbar/sec).
(Nov 18 2022 20:37:56,  853799 sec) PistonMoveAbsWTO()    140->150 141 142 143 [30sec, 10.0Volts, 0.238Amps, CPT:2417sec]
(Nov 18 2022 20:38:37,  853840 sec) PistonMoveAbsWTO()    144->150 145 146 147 148 [30sec, 10.0Volts, 0.234Amps, CPT:2447sec]
(Nov 18 2022 20:39:19,  853882 sec) PistonMoveAbsWTO()    148->150 149 150 [15sec, 10.1Volts, 0.234Amps, CPT:2462sec]
(Nov 18 2022 20:41:55,  854038 sec) Profile()            Sample 40 initiated at 141.8dbars for bin 40 [140dbars].  PTS/O2,T2,TPhase,RPhase,RawTemp/FSig,BbSig,TSig: 141.6dbars 19.3782C 30.1100PSU / 11.1uM 19.404C 58.332 8.793 293.999 /   55  110  548
(Nov 18 2022 20:43:04,  854107 sec) AscentControlAgent(  Bouyancy nudge to 160 (v=0.079dbar/sec).
(Nov 18 2022 20:43:04,  854107 sec) PistonMoveAbsWTO()    150->160 151 152 153 154 [30sec, 10.1Volts, 0.226Amps, CPT:2492sec]
(Nov 18 2022 20:44:00,  854163 sec) PistonMoveAbsWTO()    154->160 155 156 157 158 [30sec, 10.1Volts, 0.226Amps, CPT:2522sec]
(Nov 18 2022 20:44:41,  854204 sec) PistonMoveAbsWTO()    158->160 159 160 [15sec, 10.1Volts, 0.234Amps, CPT:2537sec]
(Nov 18 2022 20:49:01,  854464 sec) Profile()            Sample 44 initiated at 101.3dbars for bin 44 [100dbars].  PTS/O2,T2,TPhase,RPhase,RawTemp/FSig,BbSig,TSig: 101.0dbars 21.0063C 30.1813PSU / 13.0uM 21.001C 57.559 8.787 241.903 /   54  116  547
(Nov 18 2022 21:01:06,  855189 sec) Profile()            Sample 48 initiated at 61.8dbars for bin 48 [60dbars].  PTS/O2,T2,TPhase,RPhase,RawTemp/FSig,BbSig,TSig: 61.7dbars 23.8035C 30.1102PSU / 122.2uM 23.813C 38.456 8.917 150.220 /  125  148  543
(Nov 18 2022 21:03:21,  855324 sec) AscentControlAgent(  Bouyancy nudge to 165 (v=0.023dbar/sec).
(Nov 18 2022 21:03:21,  855324 sec) PistonMoveAbsWTO()    160->165 161 162 163 164 [30sec, 10.2Volts, 0.214Amps, CPT:2567sec]
(Nov 18 2022 21:04:03,  855366 sec) PistonMoveAbsWTO()    164->165 165 [6sec, 10.2Volts, 0.205Amps, CPT:2573sec]
(Nov 18 2022 21:08:27,  855631 sec) AscentControlAgent(  Bouyancy nudge to 170 (v=0.027dbar/sec).
(Nov 18 2022 21:08:28,  855631 sec) PistonMoveAbsWTO()    165->170 166 167 168 169 [30sec, 10.2Volts, 0.210Amps, CPT:2603sec]
(Nov 18 2022 21:09:10,  855673 sec) PistonMoveAbsWTO()    169->170 170 [6sec, 10.2Volts, 0.205Amps, CPT:2609sec]
(Nov 18 2022 21:13:28,  855932 sec) AscentControlAgent(  Bouyancy nudge to 175 (v=0.033dbar/sec).
(Nov 18 2022 21:13:29,  855932 sec) PistonMoveAbsWTO()    170->175 171 172 173 174 [30sec, 10.2Volts, 0.210Amps, CPT:2639sec]
(Nov 18 2022 21:14:11,  855974 sec) PistonMoveAbsWTO()    174->175 175 [6sec, 10.2Volts, 0.205Amps, CPT:2645sec]
(Nov 18 2022 21:15:39,  856062 sec) Profile()            Sample 52 initiated at 36.8dbars for bin 52 [35dbars].  PTS/O2,T2,TPhase,RPhase,RawTemp/FSig,BbSig,TSig: 36.7dbars 26.1902C 30.0768PSU / 183.6uM 26.134C 32.526 8.953 75.097 /  237  178  539
(Nov 18 2022 21:18:37,  856240 sec) AscentControlAgent(  Bouyancy nudge to 180 (v=0.026dbar/sec).
(Nov 18 2022 21:18:38,  856241 sec) PistonMoveAbsWTO()    175->180 176 177 178 179 [30sec, 10.2Volts, 0.210Amps, CPT:2675sec]
(Nov 18 2022 21:19:20,  856283 sec) PistonMoveAbsWTO()    179->180 180 [6sec, 10.2Volts, 0.205Amps, CPT:2681sec]
(Nov 18 2022 21:23:38,  856541 sec) AscentControlAgent(  Bouyancy nudge to 185 (v=0.020dbar/sec).
(Nov 18 2022 21:23:39,  856542 sec) PistonMoveAbsWTO()    180->185 181 182 183 184 [30sec, 10.2Volts, 0.197Amps, CPT:2711sec]
(Nov 18 2022 21:24:21,  856584 sec) PistonMoveAbsWTO()    184->185 185 [6sec, 10.2Volts, 0.201Amps, CPT:2717sec]
(Nov 18 2022 21:26:47,  856730 sec) Profile()            Sample 56 initiated at 16.5dbars for bin 56 [15dbars].  PTS/O2,T2,TPhase,RPhase,RawTemp/FSig,BbSig,TSig: 16.3dbars 27.9076C 30.2111PSU / 236.0uM 27.927C 28.948 9.003 17.636 /  171  184  535
(Nov 18 2022 21:27:58,  856801 sec) Profile()            Sample 57 initiated at 11.6dbars for bin 57 [10dbars].  PTS/O2,T2,TPhase,RPhase,RawTemp/FSig,BbSig,TSig: 11.4dbars 27.9044C 30.2100PSU / 236.6uM 27.924C 28.922 8.998 17.743 /  169  180  535
(Nov 18 2022 21:29:33,  856896 sec) Profile()            Sample 58 initiated at 5.4dbars for bin 58 [4dbars].  PTS/O2,T2,TPhase,RPhase,RawTemp/FSig,BbSig,TSig: 5.2dbars 27.9011C 30.2083PSU / 237.3uM 27.920C 28.889 8.995 17.871 /  164  182  535
(Nov 18 2022 21:29:48,  856911 sec) SurfaceDetect()      SurfacePressure:-0.6dbars Pressure:3.6dbars PistonPosition:185
(Nov 18 2022 21:29:48,  856911 sec) Sbe41cpStopCP()      Continuous profile stopped.
(Nov 18 2022 21:29:56,  856919 sec) PistonMoveAbsWTO()    185->207 186 187 188 189 190 191 192 193 194 195 196 197 198 199 200 201 202 203 204 205 206 207 [156sec, 10.4Volts, 0.177Amps, CPT:2873sec]
(Nov 18 2022 21:32:50,  857093 sec) sbe41cp.c:chat()     Expected string [S>] not received.
(Nov 18 2022 21:36:07,  857290 sec) Sbe41cpBinAverage()  Finished averaging 23242 samples in 192 seconds.
(Nov 18 2022 21:36:12,  857295 sec) Sbe41cpUploadCP()    Sbe41cpSerNo[08355] NSample[23242] NBin[1000]
(Nov 18 2022 21:38:11,  857414 sec) Sbe41cpUploadCP()    Continuous profile uploaded [1000 lines].

<EOT>

<EOT>
