(Feb 20 2018 18:11:53,   83271 sec) TelemetryInit()      Profile 80. (Apf9i FwRev: 061016)
(Feb 20 2018 18:18:54,   83692 sec) AirSystem()          Battery [187cnt, 14.5V]  Current [76cnt, 306.2mA]  Barometer [127cnt, 6.8"Hg]  Run-Time [50s]
(Feb 20 2018 18:19:32,   83729 sec) GetSurfaceObs()      P/O2,T2,TPhase,RPhase,RawTemp/FSig,BbSig,TSig: -0.5dbars / 248.6uM 24.275C 29.766 8.942 135.226 / 244,213,537
(Feb 20 2018 18:19:36,   83733 sec) GpsServices()        GPS almanac is current.
(Feb 20 2018 18:19:36,   83733 sec) GpsServices()        Initiating GPS fix acquisition.
(Feb 20 2018 18:19:50,   83747 sec) gga()                $GPGGA,181920,1552.0803,N,06447.3118,E,0,00,,,M,,M,,*5C
(Feb 20 2018 18:20:09,   83767 sec) gga()                $GPGGA,181940,1552.0803,N,06447.3118,E,0,00,,,M,,M,,*5A
(Feb 20 2018 18:20:20,   83778 sec) gga()                $GPGGA,181950,1552.0803,N,06447.3118,E,0,00,,,M,,M,,*5B
(Feb 20 2018 18:21:03,   83821 sec) gga()                $GPGGA,182000,1554.2598,N,06447.9109,E,1,11,0.7,0.6,M,-63.2,M,,*61
(Feb 20 2018 18:21:04,   83821 sec) GpsServices()        Profile 80 GPS fix obtained in 87 seconds.
(Feb 20 2018 18:21:04,   83821 sec) GpsServices()                  lon     lat mm/dd/yyyy hhmmss nsat
(Feb 20 2018 18:21:04,   83821 sec) GpsServices()        Fix:   64.799  15.904 02/20/2018 182000   11
(Feb 20 2018 18:21:51,   83869 sec) gga()                $GPGGA,182050,1554.2624,N,06447.9128,E,1,11,0.7,-1.4,M,-63.2,M,,*4D
(Feb 20 2018 18:21:59,   83876 sec) gga()                $GPGGA,182140,1554.2645,N,06447.9157,E,1,11,0.7,-1.4,M,-63.2,M,,*42
(Feb 20 2018 18:21:59,   83877 sec) GpsServices()        APF9 RTC skew (19s) OK.
(Feb 20 2018 18:21:59,   83877 sec) GpsServices()        GPS services complete.
(Feb 20 2018 18:22:25,   83903 sec) CLogin()             Connecting to primary host.
(Feb 20 2018 18:22:42,   83919 sec) CLogin()             Connection 1 established in 17 seconds.
(Feb 20 2018 18:22:51,   83928 sec) login()              Login successful.
(Feb 20 2018 18:22:55,   83932 sec) CLogin()             Logged in to host.  [Login required 13 seconds]
(Feb 20 2018 18:23:07,   83944 sec) RxConfig()           Downloading "mission.cfg" from host.
(Feb 20 2018 18:23:09,   83947 sec) Rx()                 Initiating transfer. [0x43]
(Feb 20 2018 18:23:18,   83955 sec) Rx()                 Truncated packet received - retrying.
(Feb 20 2018 18:23:22,   83960 sec) RxStartByte()        Sync errors encountered: 688
(Feb 20 2018 18:23:25,   83962 sec) Rx()                 Pad character [0x1a] found in ascii mode - truncating packet.
(Feb 20 2018 18:23:30,   83967 sec) Rx()                 Received EOT - transfer complete. [1 packets, 1024 bytes, 21 sec, 48.8 bps]
(Feb 20 2018 18:23:30,   83967 sec) RxConfig()           Download successful.
(Feb 20 2018 18:23:53,   83990 sec) WriteVitals()        Writing vitals to "7827.080.msg".
(Feb 20 2018 18:24:00,   83998 sec) UpLoadFile()         Uploading "7827.080.msg" to host as "7827.080.msg".
(Feb 20 2018 18:24:04,   84001 sec) Tx()                 CRC negotiation successful. [16-bit CRC]
(Feb 20 2018 18:24:07,   84004 sec) TxPacket()           Invalid response [0x43] - resending packet. [PktNum=0x01]
(Feb 20 2018 18:24:07,   84005 sec) TxPacket()           Packet xmit history: [01110001] (0:ok, 1:fail).
(Feb 20 2018 18:25:05,   84063 sec) TxPacket()           NAK received - resending packet. [PktNum=0x09]
(Feb 20 2018 18:25:05,   84063 sec) TxPacket()           Packet xmit history: [00000001] (0:ok, 1:fail).
(Feb 20 2018 18:25:16,   84073 sec) TxPacket()           NAK received - resending packet. [PktNum=0x0b]
(Feb 20 2018 18:25:16,   84074 sec) TxPacket()           Packet xmit history: [00001001] (0:ok, 1:fail).
(Feb 20 2018 18:25:21,   84078 sec) TxPacket()           Packet xmit history: [00010010] (0:ok, 1:fail).
(Feb 20 2018 18:25:28,   84085 sec) TxPacket()           Invalid response [0x63] - resending packet. [PktNum=0x0b]
(Feb 20 2018 18:25:28,   84085 sec) TxPacket()           Packet xmit history: [00100101] (0:ok, 1:fail).
(Feb 20 2018 18:25:30,   84087 sec) TxPacket()           Invalid response [0x5e] - resending packet. [PktNum=0x0b]
(Feb 20 2018 18:25:30,   84088 sec) TxPacket()           Packet xmit history: [01001011] (0:ok, 1:fail).
(Feb 20 2018 18:25:31,   84089 sec) TxPacket()           Invalid response [0x73] - resending packet. [PktNum=0x0b]
(Feb 20 2018 18:25:31,   84089 sec) TxPacket()           Packet xmit history: [10010111] (0:ok, 1:fail).
(Feb 20 2018 18:25:33,   84091 sec) TxPacket()           Invalid response [0x6c] - resending packet. [PktNum=0x0b]
(Feb 20 2018 18:25:34,   84091 sec) TxPacket()           Packet xmit history: [00101111] (0:ok, 1:fail).
(Feb 20 2018 18:25:37,   84094 sec) TxPacket()           Invalid response [0x6d] - resending packet. [PktNum=0x0b]
(Feb 20 2018 18:25:37,   84094 sec) TxPacket()           Packet xmit history: [01011111] (0:ok, 1:fail).
(Feb 20 2018 18:25:40,   84098 sec) TxPacket()           Invalid response [0x72] - resending packet. [PktNum=0x0b]
(Feb 20 2018 18:25:40,   84098 sec) TxPacket()           Packet xmit history: [10111111] (0:ok, 1:fail).
(Feb 20 2018 18:25:43,   84101 sec) TxPacket()           Invalid response [0x68] - resending packet. [PktNum=0x0b]
(Feb 20 2018 18:25:44,   84101 sec) TxPacket()           Packet xmit history: [01111111] (0:ok, 1:fail).
(Feb 20 2018 18:25:45,   84102 sec) TxPacket()           Invalid response [0x6c] - resending packet. [PktNum=0x0b]
(Feb 20 2018 18:25:45,   84103 sec) TxPacket()           Packet xmit history: [11111111] (0:ok, 1:fail).
(Feb 20 2018 18:25:45,   84103 sec) TxPacket()           Exit status: -5
(Feb 20 2018 18:25:46,   84103 sec) Tx()                 Packet transmission failed - aborting transfer.
(Feb 20 2018 18:25:58,   84116 sec) UpLoadFile()         Upload failed.
(Feb 20 2018 18:26:11,   84129 sec) UpLoadFile()         Uploading "7827.080.log" to host as "7827.080.log".
(Feb 20 2018 18:27:11,   84188 sec) Tx()                 CRC negotiation failed - aborting transfer.
(Feb 20 2018 18:27:22,   84199 sec) UpLoadFile()         Upload failed.
(Feb 20 2018 18:27:22,   84199 sec) UpLoad()             Files successfully uploaded: 0
(Feb 20 2018 18:27:22,   84200 sec) UpLoad()             Aborting upload: Retry limit [2] exceeded. Upload incomplete.
(Feb 20 2018 18:27:30,   84207 sec) chat()               Expected string [logout] not received.
(Feb 20 2018 18:27:30,   84207 sec) logout()             Attempt to log-out failed.
(Feb 20 2018 18:27:37,   84214 sec) chat()               Expected string [logout] not received.
(Feb 20 2018 18:27:37,   84214 sec) logout()             Attempt to log-out failed.
(Feb 20 2018 18:27:44,   84221 sec) chat()               Expected string [logout] not received.
(Feb 20 2018 18:27:44,   84221 sec) logout()             Attempt to log-out failed.
(Feb 20 2018 18:27:44,   84221 sec) Telemetry()          Telemetry cycle complete: PrfId=80 ConnectionAttempts=1  Connections=1
(Feb 20 2018 18:42:59,   85136 sec) AirSystem()          Air-bladder inflation by-passed. Barometer: [126cnt, 6.5"Hg].
(Feb 20 2018 18:43:44,   85181 sec) GetSurfaceObs()      P/O2,T2,TPhase,RPhase,RawTemp/FSig,BbSig,TSig: -0.3dbars / 245.3uM 24.548C 29.808 8.865 126.363 / 264,233,537
(Feb 20 2018 18:43:48,   85185 sec) GpsServices()        GPS almanac is current.
(Feb 20 2018 18:43:48,   85185 sec) GpsServices()        Initiating GPS fix acquisition.
(Feb 20 2018 18:44:42,   85239 sec) gga()                $GPGGA,184340,1554.3322,N,06447.9747,E,1,11,0.7,-1.9,M,-63.2,M,,*49
(Feb 20 2018 18:44:42,   85239 sec) GpsServices()        Profile 80 GPS fix obtained in 54 seconds.
(Feb 20 2018 18:44:42,   85240 sec) GpsServices()                  lon     lat mm/dd/yyyy hhmmss nsat
(Feb 20 2018 18:44:42,   85240 sec) GpsServices()        Fix:   64.800  15.906 02/20/2018 184340   11
(Feb 20 2018 18:45:31,   85289 sec) gga()                $GPGGA,184430,1554.3343,N,06447.9758,E,1,11,0.7,-3.3,M,-63.2,M,,*48
(Feb 20 2018 18:45:39,   85296 sec) gga()                $GPGGA,184520,1554.3357,N,06447.9778,E,1,11,0.7,-3.4,M,-63.2,M,,*48
(Feb 20 2018 18:45:39,   85297 sec) GpsServices()        APF9 RTC skew (19s) OK.
(Feb 20 2018 18:45:39,   85297 sec) GpsServices()        GPS services complete.
(Feb 20 2018 18:46:05,   85323 sec) CLogin()             Connecting to primary host.
(Feb 20 2018 18:46:16,   85334 sec) CLogin()             Connection 2 established in 11 seconds.
(Feb 20 2018 18:46:36,   85354 sec) login()              Login successful.
(Feb 20 2018 18:46:41,   85358 sec) chat()               Expected string [cmd>] not received.
(Feb 20 2018 18:46:41,   85358 sec) login()              Attempt to set the command prompt failed.
(Feb 20 2018 18:46:44,   85361 sec) CLogin()             Logged in to host.  [Login required 28 seconds]
(Feb 20 2018 18:46:56,   85373 sec) RxConfig()           Downloading "mission.cfg" from host.
(Feb 20 2018 18:46:58,   85376 sec) Rx()                 Initiating transfer. [0x43]
(Feb 20 2018 18:47:02,   85380 sec) RxStartByte()        Sync errors encountered: 671
(Feb 20 2018 18:47:06,   85384 sec) Rx()                 Pad character [0x1a] found in ascii mode - truncating packet.
(Feb 20 2018 18:47:13,   85390 sec) Rx()                 Received EOT - transfer complete. [1 packets, 1024 bytes, 15 sec, 68.3 bps]
(Feb 20 2018 18:47:13,   85390 sec) RxConfig()           Download successful.
(Feb 20 2018 18:47:36,   85413 sec) WriteVitals()        Writing vitals to "7827.080.msg".
(Feb 20 2018 18:47:44,   85421 sec) UpLoadFile()         Uploading "7827.080.msg" to host as "7827.080.msg".
(Feb 20 2018 18:47:47,   85424 sec) Tx()                 CRC negotiation successful. [16-bit CRC]
(Feb 20 2018 18:47:54,   85431 sec) TxPacket()           NAK received - resending packet. [PktNum=0x01]
(Feb 20 2018 18:47:54,   85431 sec) TxPacket()           Packet xmit history: [01110001] (0:ok, 1:fail).
(Feb 20 2018 18:48:30,   85467 sec) TxPacket()           NAK received - resending packet. [PktNum=0x06]
(Feb 20 2018 18:48:30,   85467 sec) TxPacket()           Packet xmit history: [01000001] (0:ok, 1:fail).
(Feb 20 2018 18:48:36,   85473 sec) TxPacket()           NAK received - resending packet. [PktNum=0x06]
(Feb 20 2018 18:48:36,   85474 sec) TxPacket()           Packet xmit history: [10000011] (0:ok, 1:fail).
(Feb 20 2018 18:48:51,   85488 sec) TxPacket()           NAK received - resending packet. [PktNum=0x06]
(Feb 20 2018 18:48:51,   85488 sec) TxPacket()           Packet xmit history: [00000111] (0:ok, 1:fail).
(Feb 20 2018 18:49:00,   85497 sec) TxPacket()           NAK received - resending packet. [PktNum=0x06]
(Feb 20 2018 18:49:00,   85497 sec) TxPacket()           Packet xmit history: [00001111] (0:ok, 1:fail).
(Feb 20 2018 18:49:18,   85515 sec) TxPacket()           NAK received - resending packet. [PktNum=0x09]
(Feb 20 2018 18:49:18,   85516 sec) TxPacket()           Packet xmit history: [11110001] (0:ok, 1:fail).
(Feb 20 2018 18:49:56,   85553 sec) TxPacket()           NAK received - resending packet. [PktNum=0x0f]
(Feb 20 2018 18:49:56,   85553 sec) TxPacket()           Packet xmit history: [10000001] (0:ok, 1:fail).
(Feb 20 2018 18:50:05,   85562 sec) Tx()                 Transmission completed successfully [15 packets, 10870 bytes, 137 sec, 79.4 bps]
(Feb 20 2018 18:50:05,   85563 sec) UpLoadFile()         Upload successful.
(Feb 20 2018 18:50:13,   85570 sec) UpLoadFile()         Uploading "7827.080.log" to host as "7827.080.log".
(Feb 20 2018 18:50:15,   85572 sec) Tx()                 CRC negotiation successful. [16-bit CRC]
(Feb 20 2018 18:50:23,   85580 sec) TxPacket()           NAK received - resending packet. [PktNum=0x01]
(Feb 20 2018 18:50:23,   85580 sec) TxPacket()           Packet xmit history: [00000101] (0:ok, 1:fail).
(Feb 20 2018 18:50:58,   85615 sec) TxPacket()           NAK received - resending packet. [PktNum=0x06]
(Feb 20 2018 18:50:58,   85616 sec) TxPacket()           Packet xmit history: [01000001] (0:ok, 1:fail).
(Feb 20 2018 18:51:03,   85620 sec) TxPacket()           NAK received - resending packet. [PktNum=0x06]
(Feb 20 2018 18:51:03,   85620 sec) TxPacket()           Packet xmit history: [10000011] (0:ok, 1:fail).
(Feb 20 2018 18:51:18,   85635 sec) TxPacket()           NAK received - resending packet. [PktNum=0x07]
(Feb 20 2018 18:51:18,   85635 sec) TxPacket()           Packet xmit history: [00001101] (0:ok, 1:fail).
(Feb 20 2018 18:52:38,   85715 sec) Tx()                 Transmission completed successfully [19 packets, 19243 bytes, 142 sec, 137.0 bps]
(Feb 20 2018 18:52:38,   85716 sec) UpLoadFile()         Upload successful.
(Feb 20 2018 18:52:48,   85726 sec) UpLoad()             Files successfully uploaded: 2
(Feb 20 2018 18:52:48,   85726 sec) UpLoad()             Upload complete.
(Feb 20 2018 18:52:56,   85733 sec) chat()               Expected string [logout] not received.
(Feb 20 2018 18:52:56,   85733 sec) logout()             Attempt to log-out failed.
(Feb 20 2018 18:52:56,   85733 sec) logout()             No carrier detected.
(Feb 20 2018 18:52:56,   85733 sec) Telemetry()          Telemetry cycle complete: PrfId=80 ConnectionAttempts=2  Connections=2
(Feb 20 2018 18:52:57,   85734 sec) TelemetryTerminate(  Parsing new mission configuration.
(Feb 20 2018 18:52:59,   85736 sec) configure()          Parsing configurators in "mission.cfg".
(Feb 20 2018 18:53:07,   85745 sec) configure()             TelemetryRetry(15)            [0x7BBC] [TelemetryRetry(15)].
(Feb 20 2018 18:53:07,   85745 sec) configure()          Configuration CRCs and syntax OK.
(Feb 20 2018 18:53:08,   85745 sec) ConfigSupervisor()   Configuration accepted.
(Feb 20 2018 18:53:08,   85745 sec) TelemetryTerminate(  Reconditioning the file system.
(Feb 20 2018 18:53:25,      11 sec) DescentInit()        Deep profile 81 initiated at mission-time 85751sec.
(Feb 20 2018 18:53:27,      13 sec) DescentInit()        Surface pressure: -0.2dbars.
(Feb 20 2018 18:53:32,      18 sec) PistonMoveAbsWTO()    188->107 187 186 185 184 183 182 181 180 179 178 177 176 175 174 173 172 171 170 169 168 167 166 165 164 163 162 161 160 159 158 157 156 155 154 153 152 151 150 149 148 147 146 145 144 143 142 141 140 139 138 137 136 135 134 133 132 131 130 129 128 127 126 125 124 123 122 121 120 119 118 117 116 115 114 113 112 111 110 109 108 107 [410sec, 14.3Volts, 0.161Amps, CPT:410sec]
(Feb 20 2018 19:00:32,     438 sec) Descent()            Pressure: 22.2
(Feb 20 2018 19:53:18,    3604 sec) Descent()            Pressure: 273.7
(Feb 20 2018 20:33:24,    6010 sec) Descent()            Pressure: 349.6
(Feb 20 2018 20:33:24,    6010 sec) ParkInit()           
(Feb 20 2018 21:53:24,   10810 sec) Park()               ParkPOutOfBand[-3, 389.9 dbars]: retract piston.
(Feb 20 2018 21:53:25,   10811 sec) PistonMoveAbsWTO()    107->106 106 [4sec, 14.0Volts, 0.145Amps, CPT:414sec]
(Feb 21 2018 00:53:24,   21610 sec) Park()               ParkPOutOfBand[3, 415.7 dbars]: extend piston.
(Feb 21 2018 00:53:25,   21611 sec) PistonMoveAbsWTO()    106->107 107 [2sec, 14.0Volts, 0.270Amps, CPT:416sec]
(Feb 21 2018 03:53:24,   32410 sec) Park()               ParkPOutOfBand[3, 412.6 dbars]: extend piston.
(Feb 21 2018 03:53:25,   32411 sec) PistonMoveAbsWTO()    107->108 108 [6sec, 13.6Volts, 0.282Amps, CPT:422sec]
(Feb 21 2018 15:45:19,   75125 sec) CtdPower()           [  398.59, 12.4421, 35.5668]
(Feb 21 2018 15:45:19,   75125 sec) CtdPower()           CTD Power consumption [189VCnt 10ACnt]: 14.651Volts * 0.040Amps = 0.59Watts.
(Feb 21 2018 15:45:20,   75126 sec) ParkTerminate()      Piston Position:108 Vacuum:81 Vq:194 Aq:6 Vsbe:189 Asbe:10 Vflbb:185 Aflbb:12
(Feb 21 2018 15:45:57,   75163 sec) ParkTerminate()      PTS/O2,T2,TPhase,RawTemp: 398.6dbars 12.4455C 35.5664PSU / 1.2uM 12.473C 61.627 8.447 516.936
(Feb 21 2018 15:45:57,   75163 sec) ParkTerminate()      FLBB FSig, BbSig, TSig: 59, 113, 558
(Feb 21 2018 15:45:58,   75164 sec) GoDeepInit()         Moving piston.
(Feb 21 2018 15:45:58,   75164 sec) PistonMoveAbsWTO()    108->100 107 106 105 104 103 102 101 100 [38sec, 14.3Volts, 0.133Amps, CPT:460sec]
(Feb 21 2018 16:29:59,   77805 sec) ProfileInit()        PrfId:081  Pressure:496.7dbar  pTable[25]:450dbar
(Feb 21 2018 16:31:25,   77891 sec) Sbe41cpStartCP()     Continuous profile started.
(Feb 21 2018 16:31:26,   77892 sec) PistonMoveAbsWTO()    100->122 101 102 103 104 105 106 [30sec, 14.0Volts, 0.310Amps, CPT:490sec]
(Feb 21 2018 16:32:07,   77933 sec) PistonMoveAbsWTO()    106->122 107 108 109 110 111 [30sec, 14.0Volts, 0.314Amps, CPT:520sec]
(Feb 21 2018 16:32:48,   77974 sec) PistonMoveAbsWTO()    111->122 112 113 114 115 116 117 [30sec, 14.0Volts, 0.314Amps, CPT:550sec]
(Feb 21 2018 16:33:29,   78015 sec) PistonMoveAbsWTO()    117->122 118 119 120 121 122 [27sec, 13.9Volts, 0.306Amps, CPT:577sec]
(Feb 21 2018 16:45:04,   78710 sec) AscentControlAgent(  Bouyancy nudge to 132 (v=0.076dbar/sec).
(Feb 21 2018 16:45:05,   78711 sec) PistonMoveAbsWTO()    122->132 123 124 125 126 127 [30sec, 14.0Volts, 0.290Amps, CPT:607sec]
(Feb 21 2018 16:45:46,   78752 sec) PistonMoveAbsWTO()    127->132 128 129 130 131 132 [25sec, 14.0Volts, 0.282Amps, CPT:632sec]
(Feb 21 2018 17:00:23,   79629 sec) Profile()            Sample 3 initiated at 330.9dbars for bin 28 [330dbars].  PTS/O2,T2,TPhase,RPhase,RawTemp/FSig,BbSig,TSig: 330.5dbars 13.3596C 35.7023PSU / 1.1uM 13.394C 61.582 8.425 487.835 /   60  142  558
(Feb 21 2018 17:10:41,   80247 sec) AscentControlAgent(  Bouyancy nudge to 142 (v=0.080dbar/sec).
(Feb 21 2018 17:10:42,   80248 sec) PistonMoveAbsWTO()    132->142 133 134 135 136 137 [30sec, 14.2Volts, 0.246Amps, CPT:662sec]
(Feb 21 2018 17:11:22,   80288 sec) PistonMoveAbsWTO()    137->142 138 139 140 141 142 [24sec, 14.1Volts, 0.246Amps, CPT:686sec]
(Feb 21 2018 17:15:28,   80534 sec) Profile()            Sample 7 initiated at 241.2dbars for bin 32 [240dbars].  PTS/O2,T2,TPhase,RPhase,RawTemp/FSig,BbSig,TSig: 240.9dbars 15.0183C 35.8387PSU / 1.0uM 15.017C 61.481 8.496 436.064 /   58  150  556
(Feb 21 2018 17:24:16,   81062 sec) Profile()            Sample 11 initiated at 181.4dbars for bin 36 [180dbars].  PTS/O2,T2,TPhase,RPhase,RawTemp/FSig,BbSig,TSig: 181.2dbars 17.2086C 35.9664PSU / 0.9uM 17.258C 61.332 8.698 363.805 /   60  146  553
(Feb 21 2018 17:25:58,   81164 sec) AscentControlAgent(  Bouyancy nudge to 152 (v=0.078dbar/sec).
(Feb 21 2018 17:25:58,   81164 sec) PistonMoveAbsWTO()    142->152 143 144 145 146 147 [30sec, 14.2Volts, 0.214Amps, CPT:716sec]
(Feb 21 2018 17:26:54,   81220 sec) PistonMoveAbsWTO()    147->152 148 149 150 151 152 [23sec, 14.2Volts, 0.210Amps, CPT:739sec]
(Feb 21 2018 17:31:57,   81523 sec) Profile()            Sample 15 initiated at 141.9dbars for bin 40 [140dbars].  PTS/O2,T2,TPhase,RPhase,RawTemp/FSig,BbSig,TSig: 141.6dbars 18.8848C 35.9241PSU / 0.9uM 18.931C 61.211 8.782 309.432 /   53  123  551
(Feb 21 2018 17:41:54,   82120 sec) Profile()            Sample 19 initiated at 101.7dbars for bin 44 [100dbars].  PTS/O2,T2,TPhase,RPhase,RawTemp/FSig,BbSig,TSig: 101.6dbars 21.8028C 36.0352PSU / 27.5uM 21.810C 53.723 8.835 215.496 /   55  134  546
(Feb 21 2018 17:51:15,   82681 sec) AscentControlAgent(  Bouyancy nudge to 157 (v=0.026dbar/sec).
(Feb 21 2018 17:51:15,   82681 sec) PistonMoveAbsWTO()    152->157 153 154 155 156 157 [26sec, 14.3Volts, 0.185Amps, CPT:765sec]
(Feb 21 2018 17:56:25,   82991 sec) AscentControlAgent(  Bouyancy nudge to 162 (v=0.036dbar/sec).
(Feb 21 2018 17:56:25,   82991 sec) PistonMoveAbsWTO()    157->162 158 159 160 161 162 [27sec, 14.3Volts, 0.181Amps, CPT:792sec]
(Feb 21 2018 17:59:19,   83165 sec) Profile()            Sample 23 initiated at 61.6dbars for bin 48 [60dbars].  PTS/O2,T2,TPhase,RPhase,RawTemp/FSig,BbSig,TSig: 61.4dbars 24.8612C 36.5922PSU / 187.6uM 24.872C 32.788 8.900 115.853 /  107  129  541
(Feb 21 2018 18:07:07,   83633 sec) Profile()            Sample 27 initiated at 36.8dbars for bin 52 [35dbars].  PTS/O2,T2,TPhase,RPhase,RawTemp/FSig,BbSig,TSig: 36.7dbars 25.2887C 36.4782PSU / 234.4uM 25.299C 30.023 8.957 102.045 /  234  174  539
(Feb 21 2018 18:13:53,   84039 sec) Profile()            Sample 31 initiated at 16.9dbars for bin 56 [15dbars].  PTS/O2,T2,TPhase,RPhase,RawTemp/FSig,BbSig,TSig: 16.8dbars 25.4747C 36.4850PSU / 253.5uM 25.490C 29.074 8.958 95.859 /  319  188  538
(Feb 21 2018 18:16:55,   84221 sec) AscentControlAgent(  Bouyancy nudge to 167 (v=0.028dbar/sec).
(Feb 21 2018 18:16:55,   84221 sec) PistonMoveAbsWTO()    162->167 163 164 [15sec, 14.3Volts, 0.169Amps, CPT:807sec]
(Feb 21 2018 18:17:36,   84262 sec) Profile()            Sample 32 initiated at 11.8dbars for bin 57 [10dbars].  PTS/O2,T2,TPhase,RPhase,RawTemp/FSig,BbSig,TSig: 11.6dbars 25.6487C 36.4922PSU / 254.9uM 25.661C 28.949 8.959 90.358 /  291  188  538
(Feb 21 2018 18:17:36,   84262 sec) PistonMoveAbsWTO()    165->167 166 167 [11sec, 14.3Volts, 0.169Amps, CPT:818sec]
(Feb 21 2018 18:19:23,   84369 sec) Profile()            Sample 33 initiated at 6.0dbars for bin 58 [4dbars].  PTS/O2,T2,TPhase,RPhase,RawTemp/FSig,BbSig,TSig: 5.9dbars 25.6950C 36.4973PSU / 254.3uM 25.707C 28.956 8.961 88.863 /  290  197  538
(Feb 21 2018 18:19:49,   84395 sec) Profile()            Sample 34 initiated at 4.7dbars for bin 58 [4dbars].  PTS/O2,T2,TPhase,RPhase,RawTemp/FSig,BbSig,TSig: 4.5dbars 25.6886C 36.4979PSU / 254.4uM 25.700C 28.956 8.961 89.077 /  269  209  537
(Feb 21 2018 18:20:02,   84408 sec) SurfaceDetect()      SurfacePressure:-0.2dbars Pressure:3.3dbars PistonPosition:167
(Feb 21 2018 18:20:03,   84409 sec) Sbe41cpStopCP()      Continuous profile stopped.
(Feb 21 2018 18:20:10,   84416 sec) PistonMoveAbsWTO()    167->189 168 169 170 171 172 173 174 175 176 177 178 179 180 181 182 183 184 185 186 187 188 189 [114sec, 14.3Volts, 0.149Amps, CPT:932sec]
(Feb 21 2018 18:22:16,   84542 sec) sbe41cp.c:chat()     Expected string [S>] not received.
(Feb 21 2018 18:23:41,   84627 sec) Sbe41cpBinAverage()  Finished averaging 6546 samples in 80 seconds.
(Feb 21 2018 18:23:46,   84632 sec) Sbe41cpUploadCP()    Sbe41cpSerNo[08355] NSample[6546] NBin[250]
(Feb 21 2018 18:24:28,   84674 sec) Sbe41cpUploadCP()    Continuous profile uploaded [250 lines].

<EOT>

<EOT>
