(Apr 27 2021 21:56:06,  857117 sec) TelemetryInit()      Profile 205. (Apf9i FwRev: 061016)
(Apr 27 2021 22:03:03,  857534 sec) AirSystem()          Battery [188cnt, 14.6V]  Current [73cnt, 294.1mA]  Barometer [127cnt, 6.8"Hg]  Run-Time [48s]
(Apr 27 2021 22:04:13,  857603 sec) GetSurfaceObs()      P/O2,T2,TPhase,RPhase,RawTemp/FSig,BbSig,TSig: -0.6dbars / 228.9uM 27.414C 29.477 9.001 34.015 / 58,144,531
(Apr 27 2021 22:04:21,  857612 sec) GpsServices()        GPS almanac is current.
(Apr 27 2021 22:04:21,  857612 sec) GpsServices()        Initiating GPS fix acquisition.
(Apr 27 2021 22:04:40,  857631 sec) gga()                $GPGGA,220410,1741.8409,N,06412.4761,E,0,00,,,M,,M,,*5B
(Apr 27 2021 22:04:54,  857645 sec) gga()                $GPGGA,220430,1741.8409,N,06412.4761,E,0,00,,,M,,M,,*59
(Apr 27 2021 22:05:05,  857655 sec) gga()                $GPGGA,220430,1741.8409,N,06412.4761,E,0,00,,,M,,M,,*59
(Apr 27 2021 22:05:16,  857666 sec) gga()                $GPGGA,220440,1741.8409,N,06412.4761,E,0,00,,,M,,M,,*5E
(Apr 27 2021 22:05:58,  857709 sec) gga()                $GPGGA,220450,1734.4816,N,06406.7343,E,1,07,1.0,-1.3,M,-58.0,M,,*47
(Apr 27 2021 22:05:59,  857710 sec) GpsServices()        Profile 205 GPS fix obtained in 98 seconds.
(Apr 27 2021 22:05:59,  857710 sec) GpsServices()                  lon     lat mm/dd/yyyy hhmmss nsat
(Apr 27 2021 22:05:59,  857710 sec) GpsServices()        Fix:   64.112  17.575 04/27/2021 220450    7
(Apr 27 2021 22:06:46,  857756 sec) gga()                $GPGGA,220550,1734.4684,N,06406.7385,E,1,06,1.2,2.1,M,-58.0,M,,*66
(Apr 27 2021 22:06:53,  857764 sec) gga()                $GPGGA,220640,1734.4590,N,06406.7424,E,1,06,1.2,2.4,M,-58.0,M,,*6B
(Apr 27 2021 22:06:54,  857764 sec) GpsServices()        APF9 RTC skew (14s) OK.
(Apr 27 2021 22:06:54,  857765 sec) GpsServices()        GPS services complete.
(Apr 27 2021 22:07:35,  857806 sec) CLogin()             Connecting to primary host.
(Apr 27 2021 22:07:46,  857816 sec) CLogin()             Connection 1 established in 11 seconds.
(Apr 27 2021 22:07:57,  857828 sec) login()              Login successful.
(Apr 27 2021 22:08:01,  857832 sec) CLogin()             Logged in to host.  [Login required 15 seconds]
(Apr 27 2021 22:08:13,  857844 sec) RxConfig()           Downloading "mission.cfg" from host.
(Apr 27 2021 22:08:15,  857846 sec) Rx()                 Initiating transfer. [0x43]
(Apr 27 2021 22:08:18,  857849 sec) RxStartByte()        Sync errors encountered: 473
(Apr 27 2021 22:08:21,  857851 sec) Rx()                 Truncated packet received - retrying.
(Apr 27 2021 22:08:23,  857853 sec) RxStartByte()        Sync errors encountered: 930
(Apr 27 2021 22:08:26,  857856 sec) Rx()                 Truncated packet received - retrying.
(Apr 27 2021 22:08:27,  857858 sec) RxStartByte()        Sync errors encountered: 764
(Apr 27 2021 22:08:31,  857862 sec) Rx()                 Pad character [0x1a] found in ascii mode - truncating packet.
(Apr 27 2021 22:08:36,  857866 sec) Rx()                 Received EOT - transfer complete. [1 packets, 1024 bytes, 21 sec, 48.8 bps]
(Apr 27 2021 22:08:36,  857867 sec) RxConfig()           Download successful.
(Apr 27 2021 22:08:59,  857890 sec) WriteVitals()        Writing vitals to "7827.205.msg".
(Apr 27 2021 22:09:15,  857906 sec) UpLoadFile()         Uploading "7827.205.msg" to host as "7827.205.msg".
(Apr 27 2021 22:09:19,  857910 sec) Tx()                 CRC negotiation successful. [16-bit CRC]
(Apr 27 2021 22:12:04,  858075 sec) TxPacket()           NAK received - resending packet. [PktNum=0x1c]
(Apr 27 2021 22:12:04,  858075 sec) TxPacket()           Packet xmit history: [00000001] (0:ok, 1:fail).
(Apr 27 2021 22:12:58,  858129 sec) TxPacket()           NAK received - resending packet. [PktNum=0x24]
(Apr 27 2021 22:12:58,  858129 sec) TxPacket()           Packet xmit history: [00000001] (0:ok, 1:fail).
(Apr 27 2021 22:13:07,  858138 sec) Tx()                 Transmission completed successfully [36 packets, 36859 bytes, 226 sec, 163.1 bps]
(Apr 27 2021 22:13:08,  858138 sec) UpLoadFile()         Upload successful.
(Apr 27 2021 22:13:14,  858145 sec) UpLoadFile()         Uploading "7827.205.log" to host as "7827.205.log".
(Apr 27 2021 22:13:18,  858148 sec) Tx()                 CRC negotiation successful. [16-bit CRC]
(Apr 27 2021 22:14:47,  858238 sec) TxPacket()           NAK received - resending packet. [PktNum=0x07]
(Apr 27 2021 22:14:47,  858238 sec) TxPacket()           Packet xmit history: [00000001] (0:ok, 1:fail).
(Apr 27 2021 22:16:24,  858335 sec) Tx()                 Transmission completed successfully [22 packets, 22374 bytes, 185 sec, 121.8 bps]
(Apr 27 2021 22:16:25,  858335 sec) UpLoadFile()         Upload successful.
(Apr 27 2021 22:16:35,  858346 sec) UpLoad()             Files successfully uploaded: 2
(Apr 27 2021 22:16:35,  858346 sec) UpLoad()             Upload complete.
(Apr 27 2021 22:16:39,  858350 sec) logout()             Log-out successful.
(Apr 27 2021 22:16:40,  858351 sec) Telemetry()          Telemetry cycle complete: PrfId=205 ConnectionAttempts=1  Connections=1
(Apr 27 2021 22:16:41,  858352 sec) TelemetryTerminate(  Parsing new mission configuration.
(Apr 27 2021 22:16:43,  858354 sec) configure()          Parsing configurators in "mission.cfg".
(Apr 27 2021 22:16:51,  858362 sec) configure()             TelemetryRetry(15)          [0x7BBC] [TelemetryRetry(15)].
(Apr 27 2021 22:16:51,  858362 sec) configure()          Configuration CRCs and syntax OK.
(Apr 27 2021 22:16:52,  858362 sec) ConfigSupervisor()   Configuration accepted.
(Apr 27 2021 22:16:52,  858363 sec) TelemetryTerminate(  Reconditioning the file system.
(Apr 27 2021 22:17:06,      11 sec) DescentInit()        Deep profile 206 initiated at mission-time 858365sec.
(Apr 27 2021 22:17:08,      13 sec) DescentInit()        Surface pressure: -0.6dbars.
(Apr 27 2021 22:17:13,      18 sec) PistonMoveAbsWTO()    211->076 210 209 208 207 206 205 204 203 202 201 200 199 198 197 196 195 194 193 192 191 190 189 188 187 186 185 184 183 182 181 180 179 178 177 176 175 174 173 172 171 170 169 168 167 166 165 164 163 162 161 160 159 158 157 156 155 154 153 152 151 150 149 148 147 146 145 144 143 142 141 140 139 138 137 136 135 134 133 132 131 130 129 128 127 126 125 124 123 122 121 120 119 118 117 116 115 114 113 112 111 110 109 108 107 106 105 104 103 102 101 100 099 098 097 096 095 094 093 092 091 090 089 088 087 086 085 084 083 082 081 080 079 078 077 076 [686sec, 14.2Volts, 0.161Amps, CPT:686sec]
(Apr 27 2021 22:28:49,     714 sec) Descent()            Pressure: 61.3
(Apr 27 2021 23:16:59,    3604 sec) Descent()            Pressure: 428.2
(Apr 28 2021 00:16:59,    7204 sec) Descent()            Pressure: 747.9
(Apr 28 2021 01:16:59,   10804 sec) Descent()            Pressure: 916.7
(Apr 28 2021 02:16:59,   14404 sec) Descent()            Pressure: 981.2
(Apr 28 2021 03:16:59,   18004 sec) Descent()            Pressure: 987.2
(Apr 28 2021 03:16:59,   18004 sec) ParkInit()           
(May 07 2021 11:30:19,  825204 sec) CtdPower()           [  996.75,  8.9971, 35.7996]
(May 07 2021 11:30:20,  825204 sec) CtdPower()           CTD Power consumption [175VCnt 9ACnt]: 13.566Volts * 0.036Amps = 0.49Watts.
(May 07 2021 11:30:21,  825205 sec) ParkTerminate()      Piston Position:76 Vacuum:79 Vq:193 Aq:5 Vsbe:175 Asbe:9 Vflbb:174 Aflbb:12
(May 07 2021 11:30:57,  825242 sec) ParkTerminate()      PTS/O2,T2,TPhase,RawTemp: 996.5dbars 8.9975C 35.7996PSU / 4.8uM 9.017C 61.179 8.235 624.145
(May 07 2021 11:30:57,  825242 sec) ParkTerminate()      FLBB FSig, BbSig, TSig: 58, 112, 564
(May 07 2021 11:30:58,  825243 sec) GoDeepInit()         Moving piston.
(May 07 2021 11:30:58,  825243 sec) PistonMoveAbsWTO()    076->028 075 074 073 072 071 070 069 068 067 066 065 064 063 062 061 060 059 058 057 056 055 054 053 052 051 050 049 048 047 046 045 044 043 042 041 040 039 038 037 036 035 034 033 032 031 030 029 028 [250sec, 14.0Volts, 0.109Amps, CPT:936sec]
(May 07 2021 16:29:59,  843184 sec) ProfileInit()        PrfId:206  Pressure:1998.4dbar  pTable[1]:1900dbar
(May 07 2021 16:31:25,  843270 sec) Sbe41cpStartCP()     Continuous profile started.
(May 07 2021 16:31:26,  843271 sec) PistonMoveAbsWTO()    028->050 029 030 031 032 [30sec, 12.1Volts, 0.790Amps, CPT:966sec]
(May 07 2021 16:32:07,  843312 sec) PistonMoveAbsWTO()    032->050 033 034 035 036 [30sec, 12.3Volts, 0.802Amps, CPT:996sec]
(May 07 2021 16:32:48,  843353 sec) PistonMoveAbsWTO()    037->050 038 039 040 041 [30sec, 12.2Volts, 0.806Amps, CPT:1026sec]
(May 07 2021 16:33:29,  843394 sec) PistonMoveAbsWTO()    041->050 042 043 044 045 [30sec, 12.2Volts, 0.786Amps, CPT:1056sec]
(May 07 2021 16:34:10,  843435 sec) PistonMoveAbsWTO()    045->050 046 047 048 049 [30sec, 12.1Volts, 0.794Amps, CPT:1086sec]
(May 07 2021 16:34:51,  843476 sec) PistonMoveAbsWTO()    049->050 050 [4sec, 12.1Volts, 0.790Amps, CPT:1090sec]
(May 07 2021 16:49:23,  844348 sec) Profile()            Sample 0 initiated at 1901.5dbars for bin 1 [1900dbars].  PTS/O2,T2,TPhase,RPhase,RawTemp/FSig,BbSig,TSig: 1901.2dbars 3.5562C 35.2795PSU / 88.0uM 3.569C 51.194 8.299 785.239 /   57  109  573
(May 07 2021 17:06:17,  845362 sec) Profile()            Sample 1 initiated at 1801.1dbars for bin 2 [1800dbars].  PTS/O2,T2,TPhase,RPhase,RawTemp/FSig,BbSig,TSig: 1800.9dbars 3.9216C 35.3095PSU / 77.3uM 3.931C 52.139 8.309 774.855 /   58  111  572
(May 07 2021 17:20:33,  846218 sec) AscentControlAgent(  Bouyancy nudge to 60 (v=0.076dbar/sec).
(May 07 2021 17:20:34,  846219 sec) PistonMoveAbsWTO()    050->060 051 052 053 054 [30sec, 13.3Volts, 0.725Amps, CPT:1120sec]
(May 07 2021 17:21:15,  846259 sec) PistonMoveAbsWTO()    054->060 055 056 057 058 059 [30sec, 13.0Volts, 0.705Amps, CPT:1150sec]
(May 07 2021 17:21:55,  846299 sec) PistonMoveAbsWTO()    059->060 060 [5sec, 12.9Volts, 0.721Amps, CPT:1155sec]
(May 07 2021 17:25:35,  846520 sec) Profile()            Sample 2 initiated at 1701.7dbars for bin 3 [1700dbars].  PTS/O2,T2,TPhase,RPhase,RawTemp/FSig,BbSig,TSig: 1701.4dbars 4.4478C 35.3574PSU / 65.0uM 4.458C 53.308 8.317 759.660 /   59  113  571
(May 07 2021 17:43:59,  847624 sec) Profile()            Sample 3 initiated at 1601.2dbars for bin 4 [1600dbars].  PTS/O2,T2,TPhase,RPhase,RawTemp/FSig,BbSig,TSig: 1600.9dbars 4.9804C 35.4051PSU / 52.5uM 4.992C 54.617 8.325 744.189 /   58  113  571
(May 07 2021 18:00:57,  848642 sec) AscentControlAgent(  Bouyancy nudge to 70 (v=0.073dbar/sec).
(May 07 2021 18:00:58,  848642 sec) PistonMoveAbsWTO()    060->070 061 062 063 064 [30sec, 13.4Volts, 0.621Amps, CPT:1185sec]
(May 07 2021 18:01:38,  848682 sec) PistonMoveAbsWTO()    064->070 065 066 067 068 069 [30sec, 13.2Volts, 0.629Amps, CPT:1215sec]
(May 07 2021 18:02:18,  848722 sec) PistonMoveAbsWTO()    069->070 070 [4sec, 13.0Volts, 0.653Amps, CPT:1219sec]
(May 07 2021 18:04:17,  848841 sec) Profile()            Sample 4 initiated at 1502.0dbars for bin 5 [1500dbars].  PTS/O2,T2,TPhase,RPhase,RawTemp/FSig,BbSig,TSig: 1501.6dbars 5.5980C 35.4630PSU / 40.3uM 5.611C 56.030 8.331 726.091 /   59  109  570
(May 07 2021 18:23:11,  849975 sec) Profile()            Sample 5 initiated at 1401.8dbars for bin 6 [1400dbars].  PTS/O2,T2,TPhase,RPhase,RawTemp/FSig,BbSig,TSig: 1401.5dbars 6.2468C 35.5256PSU / 30.0uM 6.263C 57.336 8.338 706.876 /   59  114  569
(May 07 2021 18:31:15,  850460 sec) AscentControlAgent(  Bouyancy nudge to 80 (v=0.078dbar/sec).
(May 07 2021 18:31:16,  850460 sec) PistonMoveAbsWTO()    070->080 071 072 073 074 [30sec, 13.4Volts, 0.604Amps, CPT:1249sec]
(May 07 2021 18:31:56,  850500 sec) PistonMoveAbsWTO()    074->080 075 076 077 078 079 [30sec, 13.3Volts, 0.592Amps, CPT:1279sec]
(May 07 2021 18:32:36,  850540 sec) PistonMoveAbsWTO()    079->080 080 [3sec, 13.1Volts, 0.596Amps, CPT:1282sec]
(May 07 2021 18:33:24,  850588 sec) Profile()            Sample 6 initiated at 1351.8dbars for bin 7 [1350dbars].  PTS/O2,T2,TPhase,RPhase,RawTemp/FSig,BbSig,TSig: 1351.5dbars 6.5587C 35.5554PSU / 26.4uM 6.572C 57.807 8.340 697.717 /   58  111  568
(May 07 2021 18:41:44,  851088 sec) Profile()            Sample 7 initiated at 1301.9dbars for bin 8 [1300dbars].  PTS/O2,T2,TPhase,RPhase,RawTemp/FSig,BbSig,TSig: 1301.6dbars 6.9529C 35.5955PSU / 21.8uM 6.969C 58.458 8.341 685.920 /   58  112  568
(May 07 2021 18:51:12,  851656 sec) Profile()            Sample 8 initiated at 1251.4dbars for bin 9 [1250dbars].  PTS/O2,T2,TPhase,RPhase,RawTemp/FSig,BbSig,TSig: 1251.2dbars 7.2688C 35.6270PSU / 18.0uM 7.285C 59.013 8.340 676.475 /   60  112  567
(May 07 2021 19:01:22,  852266 sec) Profile()            Sample 9 initiated at 1201.8dbars for bin 10 [1200dbars].  PTS/O2,T2,TPhase,RPhase,RawTemp/FSig,BbSig,TSig: 1201.6dbars 7.5806C 35.6607PSU / 16.5uM 7.599C 59.209 8.340 667.065 /   59  108  566
(May 07 2021 19:06:46,  852591 sec) AscentControlAgent(  Bouyancy nudge to 90 (v=0.080dbar/sec).
(May 07 2021 19:06:47,  852591 sec) PistonMoveAbsWTO()    080->090 081 082 083 084 085 [30sec, 13.5Volts, 0.536Amps, CPT:1312sec]
(May 07 2021 19:07:27,  852631 sec) PistonMoveAbsWTO()    085->090 086 087 088 089 [30sec, 13.3Volts, 0.520Amps, CPT:1342sec]
(May 07 2021 19:08:07,  852671 sec) PistonMoveAbsWTO()    089->090 090 [1sec, 13.2Volts, 0.532Amps, CPT:1343sec]
(May 07 2021 19:10:44,  852828 sec) Profile()            Sample 10 initiated at 1151.9dbars for bin 11 [1150dbars].  PTS/O2,T2,TPhase,RPhase,RawTemp/FSig,BbSig,TSig: 1151.6dbars 7.9359C 35.6989PSU / 15.1uM 7.955C 59.391 8.340 656.353 /   58  107  566
(May 07 2021 19:18:44,  853308 sec) Profile()            Sample 11 initiated at 1101.1dbars for bin 12 [1100dbars].  PTS/O2,T2,TPhase,RPhase,RawTemp/FSig,BbSig,TSig: 1100.8dbars 8.1882C 35.7240PSU / 12.3uM 8.208C 59.864 8.338 648.711 /   58  112  565
(May 07 2021 19:27:02,  853806 sec) Profile()            Sample 12 initiated at 1051.2dbars for bin 13 [1050dbars].  PTS/O2,T2,TPhase,RPhase,RawTemp/FSig,BbSig,TSig: 1050.9dbars 8.4584C 35.7444PSU / 8.1uM 8.480C 60.601 8.339 640.481 /   58  133  565
(May 07 2021 19:36:12,  854356 sec) Profile()            Sample 13 initiated at 1001.9dbars for bin 14 [1000dbars].  PTS/O2,T2,TPhase,RPhase,RawTemp/FSig,BbSig,TSig: 1001.6dbars 8.7970C 35.7803PSU / 6.2uM 8.820C 60.928 8.339 630.160 /   58  117  565
(May 07 2021 19:42:16,  854721 sec) AscentControlAgent(  Bouyancy nudge to 100 (v=0.078dbar/sec).
(May 07 2021 19:42:17,  854721 sec) PistonMoveAbsWTO()    090->100 091 092 093 094 095 [30sec, 13.6Volts, 0.451Amps, CPT:1373sec]
(May 07 2021 19:42:56,  854761 sec) PistonMoveAbsWTO()    095->100 096 097 098 099 100 [29sec, 13.4Volts, 0.475Amps, CPT:1402sec]
(May 07 2021 19:54:21,  855445 sec) Profile()            Sample 15 initiated at 901.8dbars for bin 16 [900dbars].  PTS/O2,T2,TPhase,RPhase,RawTemp/FSig,BbSig,TSig: 901.5dbars 9.5629C 35.8556PSU / 2.7uM 9.586C 61.545 8.350 606.740 /   57  117  563
(May 07 2021 20:33:02,  857767 sec) AscentControlAgent(  Bouyancy nudge to 110 (v=0.070dbar/sec).
(May 07 2021 20:33:02,  857767 sec) PistonMoveAbsWTO()    100->110 101 102 103 104 105 [30sec, 13.7Volts, 0.391Amps, CPT:1432sec]
(May 07 2021 20:33:57,  857822 sec) Profile()            Sample 19 initiated at 700.0dbars for bin 20 [700dbars].  PTS/O2,T2,TPhase,RPhase,RawTemp/FSig,BbSig,TSig: 699.8dbars 11.1484C 36.0164PSU / 2.4uM 11.170C 61.467 8.416 557.773 /   57  111  561
(May 07 2021 20:33:58,  857823 sec) PistonMoveAbsWTO()    105->110 106 107 108 109 110 [28sec, 13.6Volts, 0.387Amps, CPT:1460sec]
(May 07 2021 20:58:26,  859291 sec) AscentControlAgent(  Bouyancy nudge to 120 (v=0.072dbar/sec).
(May 07 2021 20:58:26,  859291 sec) PistonMoveAbsWTO()    110->120 111 112 113 114 115 [30sec, 13.7Volts, 0.334Amps, CPT:1490sec]
(May 07 2021 20:59:06,  859331 sec) PistonMoveAbsWTO()    115->120 116 117 118 119 120 [28sec, 13.6Volts, 0.342Amps, CPT:1518sec]
(May 07 2021 21:11:18,  860063 sec) Profile()            Sample 23 initiated at 501.3dbars for bin 24 [500dbars].  PTS/O2,T2,TPhase,RPhase,RawTemp/FSig,BbSig,TSig: 501.0dbars 12.8074C 36.1784PSU / 1.4uM 12.841C 61.558 8.461 505.354 /   58  118  558
(May 07 2021 21:28:52,  861117 sec) AscentControlAgent(  Bouyancy nudge to 130 (v=0.080dbar/sec).
(May 07 2021 21:28:52,  861117 sec) PistonMoveAbsWTO()    120->130 121 122 123 124 125 [30sec, 13.8Volts, 0.286Amps, CPT:1548sec]
(May 07 2021 21:29:48,  861172 sec) PistonMoveAbsWTO()    125->130 126 127 128 129 130 [26sec, 13.7Volts, 0.278Amps, CPT:1574sec]
(May 07 2021 21:42:07,  861912 sec) Profile()            Sample 27 initiated at 331.4dbars for bin 28 [330dbars].  PTS/O2,T2,TPhase,RPhase,RawTemp/FSig,BbSig,TSig: 331.2dbars 14.7546C 36.3741PSU / 0.9uM 14.798C 61.515 8.560 443.078 /   59  138  556
(May 07 2021 21:58:53,  862918 sec) Profile()            Sample 31 initiated at 241.5dbars for bin 32 [240dbars].  PTS/O2,T2,TPhase,RPhase,RawTemp/FSig,BbSig,TSig: 241.2dbars 16.6222C 36.4522PSU / 0.8uM 16.656C 61.399 8.698 383.270 /   59  158  553
(May 07 2021 22:04:31,  863256 sec) AscentControlAgent(  Bouyancy nudge to 140 (v=0.056dbar/sec).
(May 07 2021 22:04:31,  863256 sec) PistonMoveAbsWTO()    130->140 131 132 133 134 135 [30sec, 14.0Volts, 0.230Amps, CPT:1604sec]
(May 07 2021 22:05:12,  863297 sec) PistonMoveAbsWTO()    135->140 136 137 138 139 140 [24sec, 13.8Volts, 0.230Amps, CPT:1628sec]
(May 07 2021 22:09:40,  863565 sec) AscentControlAgent(  Bouyancy nudge to 150 (v=0.058dbar/sec).
(May 07 2021 22:09:40,  863565 sec) PistonMoveAbsWTO()    140->150 141 142 143 144 145 [30sec, 13.9Volts, 0.222Amps, CPT:1658sec]
(May 07 2021 22:10:36,  863621 sec) PistonMoveAbsWTO()    145->150 146 147 148 149 150 [25sec, 13.8Volts, 0.226Amps, CPT:1683sec]
(May 07 2021 22:13:43,  863808 sec) Profile()            Sample 35 initiated at 181.1dbars for bin 36 [180dbars].  PTS/O2,T2,TPhase,RPhase,RawTemp/FSig,BbSig,TSig: 180.8dbars 18.5116C 36.3627PSU / 0.8uM 18.527C 61.273 8.769 322.572 /   57  120  550
(May 07 2021 22:19:48,  864173 sec) AscentControlAgent(  Bouyancy nudge to 160 (v=0.074dbar/sec).
(May 07 2021 22:19:48,  864173 sec) PistonMoveAbsWTO()    150->160 151 152 153 154 155 [30sec, 14.0Volts, 0.205Amps, CPT:1713sec]
(May 07 2021 22:20:44,  864229 sec) PistonMoveAbsWTO()    155->160 156 157 158 159 160 [24sec, 13.9Volts, 0.201Amps, CPT:1737sec]
(May 07 2021 22:21:45,  864290 sec) Profile()            Sample 39 initiated at 140.9dbars for bin 40 [140dbars].  PTS/O2,T2,TPhase,RPhase,RawTemp/FSig,BbSig,TSig: 140.5dbars 19.5129C 36.2046PSU / 1.4uM 19.585C 61.019 8.813 288.124 /   53  109  548
(May 07 2021 22:29:02,  864727 sec) Profile()            Sample 43 initiated at 101.8dbars for bin 44 [100dbars].  PTS/O2,T2,TPhase,RPhase,RawTemp/FSig,BbSig,TSig: 101.6dbars 21.8055C 36.3254PSU / 23.5uM 21.802C 54.684 8.814 215.761 /   77  119  546
(May 07 2021 22:40:06,  865390 sec) AscentControlAgent(  Bouyancy nudge to 165 (v=0.035dbar/sec).
(May 07 2021 22:40:06,  865391 sec) PistonMoveAbsWTO()    160->165 161 162 163 164 165 [26sec, 14.0Volts, 0.181Amps, CPT:1763sec]
(May 07 2021 22:43:15,  865580 sec) Profile()            Sample 47 initiated at 62.0dbars for bin 48 [60dbars].  PTS/O2,T2,TPhase,RPhase,RawTemp/FSig,BbSig,TSig: 61.8dbars 24.1015C 36.4336PSU / 67.7uM 24.086C 45.186 8.925 141.377 /  182  143  542
(May 07 2021 22:50:11,  865995 sec) AscentControlAgent(  Bouyancy nudge to 170 (v=0.015dbar/sec).
(May 07 2021 22:50:11,  865996 sec) PistonMoveAbsWTO()    165->170 166 167 168 169 170 [26sec, 14.0Volts, 0.181Amps, CPT:1789sec]
(May 07 2021 22:55:18,  866302 sec) AscentControlAgent(  Bouyancy nudge to 175 (v=0.028dbar/sec).
(May 07 2021 22:55:18,  866303 sec) PistonMoveAbsWTO()    170->175 171 172 173 174 175 [27sec, 14.0Volts, 0.173Amps, CPT:1816sec]
(May 07 2021 23:00:26,  866610 sec) AscentControlAgent(  Bouyancy nudge to 180 (v=0.019dbar/sec).
(May 07 2021 23:00:26,  866611 sec) PistonMoveAbsWTO()    175->180 176 177 178 179 180 [26sec, 14.1Volts, 0.173Amps, CPT:1842sec]
(May 07 2021 23:01:18,  866663 sec) Profile()            Sample 51 initiated at 36.3dbars for bin 52 [35dbars].  PTS/O2,T2,TPhase,RPhase,RawTemp/FSig,BbSig,TSig: 36.3dbars 27.8762C 36.7222PSU / 239.6uM 27.860C 28.805 9.004 19.753 /   77  166  537
(May 07 2021 23:05:34,  866918 sec) AscentControlAgent(  Bouyancy nudge to 185 (v=0.013dbar/sec).
(May 07 2021 23:05:34,  866919 sec) PistonMoveAbsWTO()    180->185 181 182 183 184 185 [26sec, 14.0Volts, 0.177Amps, CPT:1868sec]
(May 07 2021 23:10:34,  867218 sec) AscentControlAgent(  Bouyancy nudge to 190 (v=0.030dbar/sec).
(May 07 2021 23:10:34,  867219 sec) PistonMoveAbsWTO()    185->190 186 187 188 189 190 [27sec, 14.1Volts, 0.173Amps, CPT:1895sec]
(May 07 2021 23:14:05,  867430 sec) Profile()            Sample 55 initiated at 17.0dbars for bin 56 [15dbars].  PTS/O2,T2,TPhase,RPhase,RawTemp/FSig,BbSig,TSig: 16.8dbars 30.0338C 36.7250PSU / 225.2uM 30.058C 28.686 9.049 -49.752 /   58  150  532
(May 07 2021 23:15:36,  867520 sec) AscentControlAgent(  Bouyancy nudge to 195 (v=0.039dbar/sec).
(May 07 2021 23:15:36,  867521 sec) PistonMoveAbsWTO()    190->195 191 192 193 [15sec, 14.1Volts, 0.177Amps, CPT:1910sec]
(May 07 2021 23:16:18,  867563 sec) Profile()            Sample 56 initiated at 11.2dbars for bin 57 [10dbars].  PTS/O2,T2,TPhase,RPhase,RawTemp/FSig,BbSig,TSig: 11.0dbars 30.1136C 36.7184PSU / 224.1uM 30.138C 28.711 8.992 -52.259 /   59  150  532
(May 07 2021 23:16:19,  867564 sec) PistonMoveAbsWTO()    193->195 194 195 [10sec, 14.0Volts, 0.173Amps, CPT:1920sec]
(May 07 2021 23:17:51,  867656 sec) Profile()            Sample 57 initiated at 5.9dbars for bin 58 [4dbars].  PTS/O2,T2,TPhase,RPhase,RawTemp/FSig,BbSig,TSig: 5.8dbars 30.3687C 36.7627PSU / 222.9uM 30.393C 28.677 8.992 -60.247 /   59  167  532
(May 07 2021 23:18:18,  867683 sec) Profile()            Sample 58 initiated at 4.5dbars for bin 58 [4dbars].  PTS/O2,T2,TPhase,RPhase,RawTemp/FSig,BbSig,TSig: 4.3dbars 30.3782C 36.7636PSU / 222.9uM 30.402C 28.675 8.994 -60.515 /   60  146  531
(May 07 2021 23:18:33,  867698 sec) SurfaceDetect()      SurfacePressure:-0.6dbars Pressure:2.9dbars PistonPosition:195
(May 07 2021 23:18:34,  867698 sec) Sbe41cpStopCP()      Continuous profile stopped.
(May 07 2021 23:18:41,  867706 sec) PistonMoveAbsWTO()    195->217 196 197 198 199 200 201 202 203 204 205 206 207 208 209 210 211 212 213 214 215 216 217 [113sec, 14.1Volts, 0.149Amps, CPT:2033sec]
(May 07 2021 23:20:52,  867836 sec) sbe41cp.c:chat()     Expected string [S>] not received.
(May 07 2021 23:24:15,  868040 sec) Sbe41cpBinAverage()  Finished averaging 24457 samples in 198 seconds.
(May 07 2021 23:24:20,  868045 sec) Sbe41cpUploadCP()    Sbe41cpSerNo[08355] NSample[24457] NBin[1000]
(May 07 2021 23:26:19,  868164 sec) Sbe41cpUploadCP()    Continuous profile uploaded [1000 lines].

<EOT>

<EOT>
