(Oct 05 2016 07:02:29,   51704 sec) TelemetryInit()      Profile 1. (Apf9i FwRev: 061016)
(Oct 05 2016 07:09:24,   52119 sec) AirSystem()          Battery [189cnt, 14.7V]  Current [76cnt, 306.2mA]  Barometer [126cnt, 6.5"Hg]  Run-Time [47s]
(Oct 05 2016 07:10:25,   52179 sec) GetSurfaceObs()      P/O2,T2,TPhase,RPhase,RawTemp/FSig,BbSig,TSig: 0.0dbars / 237.6uM 27.273C 29.113 9.092 38.529 / 106,207,534
(Oct 05 2016 07:10:29,   52184 sec) GpsServices()        GPS almanac is current.
(Oct 05 2016 07:10:29,   52184 sec) GpsServices()        Initiating GPS fix acquisition.
(Oct 05 2016 07:10:44,   52199 sec) gga()                $GPGGA,071030,1603.4130,N,06356.1934,E,0,00,,,M,,M,,*53
(Oct 05 2016 07:10:55,   52210 sec) gga()                $GPGGA,071040,1603.4130,N,06356.1934,E,0,00,,,M,,M,,*54
(Oct 05 2016 07:11:06,   52221 sec) gga()                $GPGGA,071050,1603.4130,N,06356.1934,E,0,00,,,M,,M,,*55
(Oct 05 2016 07:11:17,   52232 sec) gga()                $GPGGA,071100,1603.4130,N,06356.1934,E,0,00,,,M,,M,,*51
(Oct 05 2016 07:11:28,   52243 sec) gga()                $GPGGA,071110,1603.4130,N,06356.1934,E,0,00,,,M,,M,,*50
(Oct 05 2016 07:11:39,   52253 sec) gga()                $GPGGA,071120,1603.4130,N,06356.1934,E,0,00,,,M,,M,,*53
(Oct 05 2016 07:11:50,   52264 sec) gga()                $GPGGA,071130,1603.4130,N,06356.1934,E,0,00,,,M,,M,,*52
(Oct 05 2016 07:12:33,   52307 sec) gga()                $GPGGA,071140,1602.1443,N,06356.6655,E,1,04,2.2,36.9,M,-60.8,M,,*5B
(Oct 05 2016 07:12:33,   52308 sec) GpsServices()        Profile 1 GPS fix obtained in 124 seconds.
(Oct 05 2016 07:12:33,   52308 sec) GpsServices()                  lon     lat mm/dd/yyyy hhmmss nsat
(Oct 05 2016 07:12:34,   52308 sec) GpsServices()        Fix:   63.944  16.036 10/05/2016 071140    4
(Oct 05 2016 07:13:26,   52360 sec) gga()                $GPGGA,071240,1602.1415,N,06356.6535,E,1,09,1.0,-10.2,M,-60.8,M,,*70
(Oct 05 2016 07:13:33,   52368 sec) gga()                $GPGGA,071330,1602.1369,N,06356.6588,E,1,10,1.0,-13.7,M,-60.8,M,,*72
(Oct 05 2016 07:13:34,   52368 sec) GpsServices()        APF9 RTC skew (4s) OK.
(Oct 05 2016 07:13:34,   52369 sec) GpsServices()        GPS services complete.
(Oct 05 2016 07:14:15,   52410 sec) CLogin()             Connecting to primary host.
(Oct 05 2016 07:14:27,   52422 sec) CLogin()             Connection 1 established in 12 seconds.
(Oct 05 2016 07:14:41,   52435 sec) login()              Login successful.
(Oct 05 2016 07:14:44,   52439 sec) CLogin()             Logged in to host.  [Login required 17 seconds]
(Oct 05 2016 07:14:58,   52453 sec) RxConfig()           Downloading "mission.cfg" from host.
(Oct 05 2016 07:15:01,   52456 sec) Rx()                 Initiating transfer. [0x43]
(Oct 05 2016 07:15:09,   52464 sec) Rx()                 Pad character [0x1a] found in ascii mode - truncating packet.
(Oct 05 2016 07:15:17,   52471 sec) Rx()                 Received EOT - transfer complete. [1 packets, 1024 bytes, 16 sec, 64.0 bps]
(Oct 05 2016 07:15:17,   52471 sec) RxConfig()           Download successful.
(Oct 05 2016 07:15:40,   52495 sec) WriteVitals()        Writing vitals to "7827.001.msg".
(Oct 05 2016 07:15:46,   52501 sec) UpLoadFile()         Uploading "7827.1610041609.log" to host as "7827.1610041609.log".
(Oct 05 2016 07:15:50,   52504 sec) Tx()                 CRC negotiation successful. [16-bit CRC]
(Oct 05 2016 07:16:09,   52524 sec) TxPacket()           NAK received - resending packet. [PktNum=0x03]
(Oct 05 2016 07:16:09,   52524 sec) TxPacket()           Packet xmit history: [11000001] (0:ok, 1:fail).
(Oct 05 2016 07:16:21,   52536 sec) TxPacket()           NAK received - resending packet. [PktNum=0x04]
(Oct 05 2016 07:16:21,   52536 sec) TxPacket()           Packet xmit history: [00000101] (0:ok, 1:fail).
(Oct 05 2016 07:16:26,   52541 sec) TxPacket()           NAK received - resending packet. [PktNum=0x04]
(Oct 05 2016 07:16:26,   52541 sec) TxPacket()           Packet xmit history: [00001011] (0:ok, 1:fail).
(Oct 05 2016 07:16:44,   52559 sec) TxPacket()           NAK received - resending packet. [PktNum=0x06]
(Oct 05 2016 07:16:44,   52559 sec) TxPacket()           Packet xmit history: [01011001] (0:ok, 1:fail).
(Oct 05 2016 07:16:51,   52566 sec) TxPacket()           NAK received - resending packet. [PktNum=0x06]
(Oct 05 2016 07:16:51,   52566 sec) TxPacket()           Packet xmit history: [10110011] (0:ok, 1:fail).
(Oct 05 2016 07:17:00,   52575 sec) Tx()                 Transmission completed successfully [6 packets, 5246 bytes, 69 sec, 89.0 bps]
(Oct 05 2016 07:17:00,   52575 sec) UpLoadFile()         Upload successful.
(Oct 05 2016 07:17:07,   52582 sec) UpLoadFile()         Uploading "7827.001.log" to host as "7827.001.log".
(Oct 05 2016 07:17:10,   52585 sec) Tx()                 CRC negotiation successful. [16-bit CRC]
(Oct 05 2016 07:17:55,   52630 sec) TxPacket()           NAK received - resending packet. [PktNum=0x08]
(Oct 05 2016 07:17:55,   52630 sec) TxPacket()           Packet xmit history: [00000001] (0:ok, 1:fail).
(Oct 05 2016 07:18:15,   52649 sec) TxPacket()           NAK received - resending packet. [PktNum=0x0a]
(Oct 05 2016 07:18:15,   52650 sec) TxPacket()           Packet xmit history: [00001001] (0:ok, 1:fail).
(Oct 05 2016 07:18:51,   52685 sec) TxPacket()           NAK received - resending packet. [PktNum=0x0e]
(Oct 05 2016 07:18:51,   52686 sec) TxPacket()           Packet xmit history: [00100001] (0:ok, 1:fail).
(Oct 05 2016 07:18:59,   52693 sec) TxPacket()           NAK received - resending packet. [PktNum=0x0e]
(Oct 05 2016 07:18:59,   52694 sec) TxPacket()           Packet xmit history: [01000011] (0:ok, 1:fail).
(Oct 05 2016 07:19:26,   52721 sec) TxPacket()           NAK received - resending packet. [PktNum=0x10]
(Oct 05 2016 07:19:26,   52721 sec) TxPacket()           Packet xmit history: [00011001] (0:ok, 1:fail).
(Oct 05 2016 07:19:34,   52728 sec) TxPacket()           NAK received - resending packet. [PktNum=0x10]
(Oct 05 2016 07:19:34,   52729 sec) TxPacket()           Packet xmit history: [00110011] (0:ok, 1:fail).
(Oct 05 2016 07:20:36,   52791 sec) TxPacket()           NAK received - resending packet. [PktNum=0x19]
(Oct 05 2016 07:20:36,   52791 sec) TxPacket()           Packet xmit history: [00000001] (0:ok, 1:fail).
(Oct 05 2016 07:20:58,   52812 sec) Tx()                 Transmission completed successfully [26 packets, 22957 bytes, 226 sec, 101.9 bps]
(Oct 05 2016 07:20:58,   52813 sec) UpLoadFile()         Upload successful.
(Oct 05 2016 07:21:04,   52818 sec) UpLoadFile()         Uploading "7827.001.msg" to host as "7827.001.msg".
(Oct 05 2016 07:21:12,   52827 sec) Tx()                 CRC negotiation successful. [16-bit CRC]
(Oct 05 2016 07:21:37,   52852 sec) TxPacket()           NAK received - resending packet. [PktNum=0x03]
(Oct 05 2016 07:21:38,   52852 sec) TxPacket()           Packet xmit history: [00100001] (0:ok, 1:fail).
(Oct 05 2016 07:21:54,   52869 sec) TxPacket()           NAK received - resending packet. [PktNum=0x05]
(Oct 05 2016 07:21:54,   52869 sec) TxPacket()           Packet xmit history: [00001001] (0:ok, 1:fail).
(Oct 05 2016 07:22:05,   52880 sec) TxPacket()           NAK received - resending packet. [PktNum=0x06]
(Oct 05 2016 07:22:05,   52880 sec) TxPacket()           Packet xmit history: [00100101] (0:ok, 1:fail).
(Oct 05 2016 07:22:51,   52926 sec) Tx()                 Transmission completed successfully [11 packets, 10475 bytes, 97 sec, 116.1 bps]
(Oct 05 2016 07:22:52,   52926 sec) UpLoadFile()         Upload successful.
(Oct 05 2016 07:22:56,   52930 sec) UpLoadFile()         Uploading "7827.000.msg" to host as "7827.000.msg".
(Oct 05 2016 07:23:02,   52937 sec) Tx()                 CRC negotiation successful. [16-bit CRC]
(Oct 05 2016 07:23:17,   52952 sec) Tx()                 Transmission completed successfully [1 packets, 803 bytes, 14 sec, 73.1 bps]
(Oct 05 2016 07:23:17,   52952 sec) UpLoadFile()         Upload successful.
(Oct 05 2016 07:23:28,   52962 sec) UpLoad()             Files successfully uploaded: 4
(Oct 05 2016 07:23:28,   52963 sec) UpLoad()             Upload complete.
(Oct 05 2016 07:23:32,   52966 sec) logout()             Log-out successful.
(Oct 05 2016 07:23:33,   52968 sec) Telemetry()          Telemetry cycle complete: PrfId=1 ConnectionAttempts=1  Connections=1
(Oct 05 2016 07:23:33,   52968 sec) TelemetryTerminate(  Parsing new mission configuration.
(Oct 05 2016 07:23:36,   52971 sec) configure()          Parsing configurators in "mission.cfg".
(Oct 05 2016 07:23:43,   52977 sec) configure()             TelemetryRetry(15)      [0x7BBC] [TelemetryRetry(15)].
(Oct 05 2016 07:23:43,   52978 sec) configure()          Configuration CRCs and syntax OK.
(Oct 05 2016 07:23:43,   52978 sec) ConfigSupervisor()   Sanity check violated: cfg->PressureCP >= 750
(Oct 05 2016 07:23:43,   52978 sec) ConfigSupervisor()   Configuration accepted.
(Oct 05 2016 07:23:44,   52978 sec) TelemetryTerminate(  Reconditioning the file system.
(Oct 05 2016 07:24:00,      12 sec) DescentInit()        Deep profile 2 initiated at mission-time 52983sec.
(Oct 05 2016 07:24:02,      14 sec) DescentInit()        Surface pressure: -0.0dbars.
(Oct 05 2016 07:24:07,      19 sec) PistonMoveAbsWTO()    195->066 194 193 192 191 190 189 188 187 186 185 184 183 182 181 180 179 178 177 176 175 174 173 172 171 170 169 168 167 166 165 164 163 162 161 160 159 158 157 156 155 154 153 152 151 150 149 148 147 146 145 144 143 142 141 140 139 138 137 136 135 134 133 132 131 130 129 128 127 126 125 124 123 122 121 120 119 118 117 116 115 114 113 112 111 110 109 108 107 106 105 104 103 102 101 100 099 098 097 096 095 094 093 092 091 090 089 088 087 086 085 084 083 082 081 080 079 078 077 076 075 074 073 072 071 070 069 068 067 066 [646sec, 14.6Volts, 0.141Amps, CPT:646sec]
(Oct 05 2016 07:35:03,     675 sec) Descent()            Pressure: 57.1
(Oct 05 2016 08:23:52,    3604 sec) Descent()            Pressure: 468.7
(Oct 05 2016 09:23:52,    7204 sec) Descent()            Pressure: 814.2
(Oct 05 2016 10:23:52,   10804 sec) Descent()            Pressure: 1031.4
(Oct 05 2016 11:23:52,   14404 sec) Descent()            Pressure: 1097.7
(Oct 05 2016 12:23:52,   18004 sec) Descent()            Pressure: 1103.0
(Oct 05 2016 12:23:52,   18004 sec) ParkInit()           
(Oct 05 2016 14:23:59,   25210 sec) Park()               ParkPOutOfBand[3, 1113.0 dbars]: extend piston.
(Oct 05 2016 14:23:59,   25211 sec) PistonMoveAbsWTO()    066->067 067 [2sec, 14.7Volts, 0.520Amps, CPT:648sec]
(Oct 05 2016 17:23:59,   36010 sec) Park()               ParkPOutOfBand[3, 1104.5 dbars]: extend piston.
(Oct 05 2016 17:23:59,   36011 sec) PistonMoveAbsWTO()    067->068 068 [6sec, 14.7Volts, 0.512Amps, CPT:654sec]
(Oct 05 2016 20:23:59,   46810 sec) Park()               ParkPOutOfBand[3, 1084.9 dbars]: extend piston.
(Oct 05 2016 20:23:59,   46811 sec) PistonMoveAbsWTO()    068->069 069 [5sec, 14.7Volts, 0.516Amps, CPT:659sec]
(Oct 05 2016 23:23:59,   57610 sec) Park()               ParkPOutOfBand[3, 1068.3 dbars]: extend piston.
(Oct 05 2016 23:23:59,   57611 sec) PistonMoveAbsWTO()    069->070 070 [6sec, 14.7Volts, 0.516Amps, CPT:665sec]
(Oct 06 2016 02:23:59,   68410 sec) Park()               ParkPOutOfBand[3, 1042.4 dbars]: extend piston.
(Oct 06 2016 02:23:59,   68411 sec) PistonMoveAbsWTO()    070->071 071 [5sec, 14.7Volts, 0.484Amps, CPT:670sec]
(Oct 06 2016 05:23:59,   79210 sec) Park()               ParkPOutOfBand[3, 1024.9 dbars]: extend piston.
(Oct 06 2016 05:23:59,   79211 sec) PistonMoveAbsWTO()    071->072 072 [6sec, 14.7Volts, 0.496Amps, CPT:676sec]
(Oct 10 2016 17:24:01,  468013 sec) Park()               ParkPOutOfBand[3, 1011.4 dbars]: extend piston.
(Oct 10 2016 17:24:02,  468013 sec) PistonMoveAbsWTO()    072->073 073 [6sec, 14.6Volts, 0.492Amps, CPT:682sec]
(Oct 11 2016 01:24:01,  496813 sec) Park()               ParkPOutOfBand[-3, 988.4 dbars]: retract piston.
(Oct 11 2016 01:24:02,  496813 sec) PistonMoveAbsWTO()    073->072 072 [2sec, 14.9Volts, 0.089Amps, CPT:684sec]
(Oct 14 2016 15:24:12,  806424 sec) CtdPower()           [  997.45,  8.8867, 35.4147]
(Oct 14 2016 15:24:13,  806424 sec) CtdPower()           CTD Power consumption [194VCnt 10ACnt]: 15.038Volts * 0.040Amps = 0.61Watts.
(Oct 14 2016 15:24:14,  806425 sec) ParkTerminate()      Piston Position:72 Vacuum:80 Vq:196 Aq:7 Vsbe:194 Asbe:10 Vflbb:192 Aflbb:13
(Oct 14 2016 15:24:50,  806462 sec) ParkTerminate()      PTS/O2,T2,TPhase,RawTemp: 997.5dbars 8.8870C 35.4139PSU / 12.4uM 8.911C 59.722 8.423 627.381
(Oct 14 2016 15:24:50,  806462 sec) ParkTerminate()      FLBB FSig, BbSig, TSig: 60, 110, 564
(Oct 14 2016 15:24:51,  806463 sec) GoDeepInit()         Moving piston.
(Oct 14 2016 15:24:51,  806463 sec) PistonMoveAbsWTO()    072->017 071 070 069 068 067 066 065 064 063 062 061 060 059 058 057 056 055 054 053 052 051 050 049 048 047 046 045 044 043 042 041 040 039 038 037 036 035 034 033 032 031 030 029 028 027 026 025 024 023 022 021 020 019 018 017 [272sec, 14.7Volts, 0.093Amps, CPT:956sec]
(Oct 14 2016 18:03:52,  816004 sec) GoDeep()             Sequence point detected at 2010.7dbar.
(Oct 14 2016 18:03:55,  816007 sec) ProfileInit()        PrfId:002  Pressure:2010.9dbar  pTable[0]:2000dbar
(Oct 14 2016 18:04:06,  816017 sec) PistonMoveAbsWTO()    017->039 018 019 020 021 022 [30sec, 14.2Volts, 0.790Amps, CPT:986sec]
(Oct 14 2016 18:04:46,  816057 sec) PistonMoveAbsWTO()    022->039 023 024 025 026 027 [30sec, 13.9Volts, 0.766Amps, CPT:1016sec]
(Oct 14 2016 18:05:26,  816097 sec) PistonMoveAbsWTO()    027->039 028 029 030 031 [30sec, 13.6Volts, 0.802Amps, CPT:1046sec]
(Oct 14 2016 18:06:06,  816137 sec) PistonMoveAbsWTO()    031->039 032 033 034 035 036 [30sec, 13.5Volts, 0.778Amps, CPT:1076sec]
(Oct 14 2016 18:06:46,  816177 sec) PistonMoveAbsWTO()    036->039 037 038 039 [17sec, 13.4Volts, 0.774Amps, CPT:1093sec]
(Oct 14 2016 18:09:18,  816330 sec) Profile()            Sample 0 initiated at 2001.4dbars for bin 0 [2000dbars].  PTS/O2,T2,TPhase,RPhase,RawTemp/FSig,BbSig,TSig: 1999.4dbars 3.0761C 34.8345PSU / 102.7uM 3.089C 49.996 8.480 798.923 /   59  109  573
(Oct 14 2016 18:19:01,  816913 sec) AscentControlAgent(  Bouyancy nudge to 49 (v=0.068dbar/sec).
(Oct 14 2016 18:19:02,  816914 sec) PistonMoveAbsWTO()    039->049 040 041 042 043 [30sec, 13.9Volts, 0.790Amps, CPT:1123sec]
(Oct 14 2016 18:19:43,  816954 sec) PistonMoveAbsWTO()    044->049 045 046 047 048 [30sec, 13.6Volts, 0.778Amps, CPT:1153sec]
(Oct 14 2016 18:20:23,  816994 sec) PistonMoveAbsWTO()    048->049 049 [3sec, 13.6Volts, 0.770Amps, CPT:1156sec]
(Oct 14 2016 18:27:24,  817416 sec) Profile()            Sample 1 initiated at 1901.5dbars for bin 1 [1900dbars].  PTS/O2,T2,TPhase,RPhase,RawTemp/FSig,BbSig,TSig: 1899.3dbars 3.3246C 34.8536PSU / 97.5uM 3.336C 50.365 8.486 791.888 /   59  111  573
(Oct 14 2016 18:45:19,  818491 sec) Profile()            Sample 2 initiated at 1801.5dbars for bin 2 [1800dbars].  PTS/O2,T2,TPhase,RPhase,RawTemp/FSig,BbSig,TSig: 1799.7dbars 3.7162C 34.8847PSU / 87.7uM 3.727C 51.156 8.488 780.717 /   58  110  572
(Oct 14 2016 18:54:34,  819046 sec) AscentControlAgent(  Bouyancy nudge to 59 (v=0.079dbar/sec).
(Oct 14 2016 18:54:35,  819047 sec) PistonMoveAbsWTO()    049->059 050 051 052 053 054 [30sec, 14.0Volts, 0.725Amps, CPT:1186sec]
(Oct 14 2016 18:55:16,  819087 sec) PistonMoveAbsWTO()    054->059 055 056 057 058 [30sec, 13.7Volts, 0.717Amps, CPT:1216sec]
(Oct 14 2016 18:55:56,  819127 sec) PistonMoveAbsWTO()    058->059 059 [1sec, 13.8Volts, 0.713Amps, CPT:1217sec]
(Oct 14 2016 19:03:35,  819587 sec) Profile()            Sample 3 initiated at 1701.1dbars for bin 3 [1700dbars].  PTS/O2,T2,TPhase,RPhase,RawTemp/FSig,BbSig,TSig: 1698.7dbars 4.1829C 34.9254PSU / 74.8uM 4.194C 52.304 8.488 767.285 /   58  114  571
(Oct 14 2016 19:19:08,  820520 sec) Profile()            Sample 4 initiated at 1601.1dbars for bin 4 [1600dbars].  PTS/O2,T2,TPhase,RPhase,RawTemp/FSig,BbSig,TSig: 1598.8dbars 4.6139C 34.9630PSU / 64.1uM 4.626C 53.348 8.492 754.820 /   58  114  571
(Oct 14 2016 19:35:07,  821479 sec) AscentControlAgent(  Bouyancy nudge to 69 (v=0.077dbar/sec).
(Oct 14 2016 19:35:08,  821480 sec) PistonMoveAbsWTO()    059->069 060 061 062 063 064 [30sec, 14.1Volts, 0.645Amps, CPT:1247sec]
(Oct 14 2016 19:35:49,  821520 sec) PistonMoveAbsWTO()    064->069 065 066 067 068 069 [29sec, 13.9Volts, 0.608Amps, CPT:1276sec]
(Oct 14 2016 19:37:53,  821645 sec) Profile()            Sample 5 initiated at 1501.3dbars for bin 5 [1500dbars].  PTS/O2,T2,TPhase,RPhase,RawTemp/FSig,BbSig,TSig: 1499.0dbars 5.1905C 35.0180PSU / 50.7uM 5.201C 54.774 8.501 738.087 /   60  112  570
(Oct 14 2016 19:55:26,  822698 sec) Profile()            Sample 6 initiated at 1401.1dbars for bin 6 [1400dbars].  PTS/O2,T2,TPhase,RPhase,RawTemp/FSig,BbSig,TSig: 1399.1dbars 5.9099C 35.0842PSU / 38.5uM 5.923C 56.198 8.516 716.910 /   60  117  569
(Oct 14 2016 20:04:47,  823259 sec) Profile()            Sample 7 initiated at 1351.7dbars for bin 7 [1350dbars].  PTS/O2,T2,TPhase,RPhase,RawTemp/FSig,BbSig,TSig: 1349.8dbars 6.2139C 35.1142PSU / 33.8uM 6.229C 56.787 8.519 707.887 /   59  112  569
(Oct 14 2016 20:10:42,  823614 sec) AscentControlAgent(  Bouyancy nudge to 79 (v=0.079dbar/sec).
(Oct 14 2016 20:10:43,  823615 sec) PistonMoveAbsWTO()    069->079 070 071 072 073 074 [30sec, 14.2Volts, 0.576Amps, CPT:1306sec]
(Oct 14 2016 20:11:24,  823655 sec) PistonMoveAbsWTO()    074->079 075 076 077 078 079 [29sec, 14.0Volts, 0.552Amps, CPT:1335sec]
(Oct 14 2016 20:14:28,  823840 sec) Profile()            Sample 8 initiated at 1301.7dbars for bin 8 [1300dbars].  PTS/O2,T2,TPhase,RPhase,RawTemp/FSig,BbSig,TSig: 1299.4dbars 6.4915C 35.1414PSU / 30.9uM 6.508C 57.136 8.521 699.616 /   58  121  568
(Oct 14 2016 20:23:19,  824371 sec) Profile()            Sample 9 initiated at 1251.6dbars for bin 9 [1250dbars].  PTS/O2,T2,TPhase,RPhase,RawTemp/FSig,BbSig,TSig: 1249.7dbars 6.9030C 35.1852PSU / 25.6uM 6.916C 57.854 8.527 687.504 /   59  111  568
(Oct 14 2016 20:33:00,  824952 sec) Profile()            Sample 10 initiated at 1201.6dbars for bin 10 [1200dbars].  PTS/O2,T2,TPhase,RPhase,RawTemp/FSig,BbSig,TSig: 1199.6dbars 7.2927C 35.2309PSU / 21.8uM 7.311C 58.386 8.534 675.716 /   59  113  567
(Oct 14 2016 20:42:11,  825503 sec) Profile()            Sample 11 initiated at 1151.8dbars for bin 11 [1150dbars].  PTS/O2,T2,TPhase,RPhase,RawTemp/FSig,BbSig,TSig: 1149.8dbars 7.6585C 35.2713PSU / 18.6uM 7.675C 58.840 8.540 664.789 /   58  115  566
(Oct 14 2016 20:51:50,  826082 sec) Profile()            Sample 12 initiated at 1101.7dbars for bin 12 [1100dbars].  PTS/O2,T2,TPhase,RPhase,RawTemp/FSig,BbSig,TSig: 1099.9dbars 8.0406C 35.3165PSU / 16.1uM 8.057C 59.209 8.543 653.266 /   59  113  566
(Oct 14 2016 20:56:55,  826387 sec) AscentControlAgent(  Bouyancy nudge to 89 (v=0.071dbar/sec).
(Oct 14 2016 20:56:56,  826388 sec) PistonMoveAbsWTO()    079->089 080 081 082 083 084 [30sec, 14.3Volts, 0.504Amps, CPT:1365sec]
(Oct 14 2016 20:57:37,  826428 sec) PistonMoveAbsWTO()    084->089 085 086 087 088 089 [26sec, 14.1Volts, 0.492Amps, CPT:1391sec]
(Oct 14 2016 21:02:18,  826710 sec) Profile()            Sample 13 initiated at 1051.7dbars for bin 13 [1050dbars].  PTS/O2,T2,TPhase,RPhase,RawTemp/FSig,BbSig,TSig: 1049.7dbars 8.4653C 35.3642PSU / 13.1uM 8.486C 59.671 8.550 640.286 /   58  112  565
(Oct 14 2016 21:12:19,  827311 sec) Profile()            Sample 14 initiated at 1001.2dbars for bin 14 [1000dbars].  PTS/O2,T2,TPhase,RPhase,RawTemp/FSig,BbSig,TSig: 999.4dbars 8.9145C 35.4119PSU / 10.6uM 8.936C 60.064 8.559 626.607 /   57  115  564
(Oct 14 2016 21:31:40,  828472 sec) Profile()            Sample 16 initiated at 901.7dbars for bin 16 [900dbars].  PTS/O2,T2,TPhase,RPhase,RawTemp/FSig,BbSig,TSig: 899.9dbars 9.5609C 35.4650PSU / 8.7uM 9.587C 60.345 8.571 606.699 /   60  116  563
(Oct 14 2016 21:37:55,  828847 sec) AscentControlAgent(  Bouyancy nudge to 99 (v=0.074dbar/sec).
(Oct 14 2016 21:37:56,  828848 sec) PistonMoveAbsWTO()    089->099 090 091 092 093 094 [30sec, 14.3Volts, 0.439Amps, CPT:1421sec]
(Oct 14 2016 21:38:37,  828888 sec) PistonMoveAbsWTO()    094->099 095 096 097 098 099 [25sec, 14.2Volts, 0.419Amps, CPT:1446sec]
(Oct 14 2016 22:09:58,  830770 sec) Profile()            Sample 20 initiated at 701.2dbars for bin 20 [700dbars].  PTS/O2,T2,TPhase,RPhase,RawTemp/FSig,BbSig,TSig: 699.4dbars 10.9703C 35.5801PSU / 5.2uM 10.998C 60.872 8.614 563.106 /   60  120  561
(Oct 14 2016 22:18:33,  831285 sec) AscentControlAgent(  Bouyancy nudge to 109 (v=0.075dbar/sec).
(Oct 14 2016 22:18:34,  831286 sec) PistonMoveAbsWTO()    099->109 100 101 102 103 104 [30sec, 14.5Volts, 0.347Amps, CPT:1476sec]
(Oct 14 2016 22:19:15,  831326 sec) PistonMoveAbsWTO()    104->109 105 106 107 108 109 [24sec, 14.3Volts, 0.363Amps, CPT:1500sec]
(Oct 14 2016 22:33:46,  832198 sec) AscentControlAgent(  Bouyancy nudge to 119 (v=0.078dbar/sec).
(Oct 14 2016 22:33:47,  832199 sec) PistonMoveAbsWTO()    109->119 110 111 112 113 114 [30sec, 14.4Volts, 0.318Amps, CPT:1530sec]
(Oct 14 2016 22:34:28,  832239 sec) PistonMoveAbsWTO()    114->119 115 116 117 118 119 [24sec, 14.3Volts, 0.322Amps, CPT:1554sec]
(Oct 14 2016 22:47:17,  833009 sec) Profile()            Sample 24 initiated at 501.1dbars for bin 24 [500dbars].  PTS/O2,T2,TPhase,RPhase,RawTemp/FSig,BbSig,TSig: 498.6dbars 12.7491C 35.7407PSU / 2.1uM 12.782C 61.386 8.632 507.200 /   58  117  558
(Oct 14 2016 22:48:52,  833103 sec) Sbe41cpStartCP()     Continuous profile started.
(Oct 14 2016 23:09:43,  834355 sec) AscentControlAgent(  Bouyancy nudge to 129 (v=0.073dbar/sec).
(Oct 14 2016 23:09:43,  834355 sec) PistonMoveAbsWTO()    119->129 120 121 122 123 124 [30sec, 14.4Volts, 0.286Amps, CPT:1584sec]
(Oct 14 2016 23:10:23,  834395 sec) PistonMoveAbsWTO()    124->129 125 126 127 128 129 [23sec, 14.3Volts, 0.290Amps, CPT:1607sec]
(Oct 14 2016 23:17:08,  834800 sec) Profile()            Sample 28 initiated at 332.0dbars for bin 28 [330dbars].  PTS/O2,T2,TPhase,RPhase,RawTemp/FSig,BbSig,TSig: 331.6dbars 14.8758C 35.9317PSU / 1.4uM 14.909C 61.391 8.717 439.541 /   59  165  556
(Oct 14 2016 23:33:06,  835758 sec) Profile()            Sample 32 initiated at 241.7dbars for bin 32 [240dbars].  PTS/O2,T2,TPhase,RPhase,RawTemp/FSig,BbSig,TSig: 241.5dbars 16.8949C 36.0098PSU / 1.3uM 16.916C 61.257 8.844 374.863 /   57  147  553
(Oct 14 2016 23:35:29,  835901 sec) AscentControlAgent(  Bouyancy nudge to 139 (v=0.068dbar/sec).
(Oct 14 2016 23:35:29,  835901 sec) PistonMoveAbsWTO()    129->139 130 131 132 133 134 [30sec, 14.5Volts, 0.246Amps, CPT:1637sec]
(Oct 14 2016 23:36:09,  835941 sec) PistonMoveAbsWTO()    134->139 135 136 137 138 139 [23sec, 14.4Volts, 0.246Amps, CPT:1660sec]
(Oct 14 2016 23:40:29,  836201 sec) AscentControlAgent(  Bouyancy nudge to 149 (v=0.074dbar/sec).
(Oct 14 2016 23:40:29,  836201 sec) PistonMoveAbsWTO()    139->149 140 141 142 143 144 [30sec, 14.4Volts, 0.238Amps, CPT:1690sec]
(Oct 14 2016 23:41:09,  836241 sec) PistonMoveAbsWTO()    144->149 145 146 147 148 149 [22sec, 14.3Volts, 0.234Amps, CPT:1712sec]
(Oct 14 2016 23:45:27,  836499 sec) Profile()            Sample 36 initiated at 181.2dbars for bin 36 [180dbars].  PTS/O2,T2,TPhase,RPhase,RawTemp/FSig,BbSig,TSig: 180.8dbars 19.1119C 35.9240PSU / 1.2uM 19.135C 61.096 8.911 302.766 /   56  116  550
(Oct 14 2016 23:53:03,  836955 sec) Profile()            Sample 40 initiated at 141.9dbars for bin 40 [140dbars].  PTS/O2,T2,TPhase,RPhase,RawTemp/FSig,BbSig,TSig: 141.7dbars 21.0797C 36.0951PSU / 15.5uM 21.095C 56.857 8.909 238.840 /   55  119  547
(Oct 14 2016 23:55:46,  837118 sec) AscentControlAgent(  Bouyancy nudge to 159 (v=0.054dbar/sec).
(Oct 14 2016 23:55:46,  837118 sec) PistonMoveAbsWTO()    149->159 150 151 152 153 154 [30sec, 14.5Volts, 0.210Amps, CPT:1742sec]
(Oct 14 2016 23:56:42,  837173 sec) PistonMoveAbsWTO()    155->159 156 157 158 159 [22sec, 14.5Volts, 0.214Amps, CPT:1764sec]
(Oct 15 2016 00:03:30,  837582 sec) Profile()            Sample 44 initiated at 101.6dbars for bin 44 [100dbars].  PTS/O2,T2,TPhase,RPhase,RawTemp/FSig,BbSig,TSig: 101.4dbars 23.4094C 35.9453PSU / 103.8uM 23.405C 40.609 9.011 163.516 /   57  119  543
(Oct 15 2016 00:11:10,  838042 sec) AscentControlAgent(  Bouyancy nudge to 164 (v=0.039dbar/sec).
(Oct 15 2016 00:11:10,  838042 sec) PistonMoveAbsWTO()    159->164 160 161 162 163 164 [25sec, 14.6Volts, 0.189Amps, CPT:1789sec]
(Oct 15 2016 00:20:23,  838595 sec) Profile()            Sample 48 initiated at 61.7dbars for bin 48 [60dbars].  PTS/O2,T2,TPhase,RPhase,RawTemp/FSig,BbSig,TSig: 61.5dbars 26.3201C 36.4020PSU / 206.5uM 26.335C 31.067 9.074 68.620 /   92  143  538
(Oct 15 2016 00:26:31,  838963 sec) AscentControlAgent(  Bouyancy nudge to 169 (v=0.028dbar/sec).
(Oct 15 2016 00:26:31,  838963 sec) PistonMoveAbsWTO()    164->169 165 166 167 168 169 [25sec, 14.7Volts, 0.185Amps, CPT:1814sec]
(Oct 15 2016 00:30:59,  839231 sec) Profile()            Sample 52 initiated at 36.8dbars for bin 52 [35dbars].  PTS/O2,T2,TPhase,RPhase,RawTemp/FSig,BbSig,TSig: 36.6dbars 26.9078C 36.3012PSU / 219.3uM 26.885C 30.162 9.057 50.955 /  329  257  536
(Oct 15 2016 00:36:38,  839570 sec) AscentControlAgent(  Bouyancy nudge to 174 (v=0.017dbar/sec).
(Oct 15 2016 00:36:38,  839570 sec) PistonMoveAbsWTO()    169->174 170 171 172 173 174 [25sec, 14.7Volts, 0.181Amps, CPT:1839sec]
(Oct 15 2016 00:41:50,  839882 sec) Profile()            Sample 56 initiated at 16.6dbars for bin 56 [15dbars].  PTS/O2,T2,TPhase,RPhase,RawTemp/FSig,BbSig,TSig: 16.5dbars 27.7593C 36.2997PSU / 242.6uM 27.774C 28.702 9.086 22.522 /  128  272  534
(Oct 15 2016 00:43:58,  840010 sec) Profile()            Sample 57 initiated at 11.6dbars for bin 57 [10dbars].  PTS/O2,T2,TPhase,RPhase,RawTemp/FSig,BbSig,TSig: 11.5dbars 27.8183C 36.2873PSU / 243.0uM 27.833C 28.660 9.085 20.637 /  112  253  534
(Oct 15 2016 00:46:59,  840191 sec) Profile()            Sample 58 initiated at 5.8dbars for bin 58 [4dbars].  PTS/O2,T2,TPhase,RPhase,RawTemp/FSig,BbSig,TSig: 5.7dbars 27.8075C 36.2363PSU / 246.1uM 27.825C 28.528 9.083 20.882 /  138  255  534
(Oct 15 2016 00:47:02,  840194 sec) AscentControlAgent(  Bouyancy nudge to 179 (v=0.034dbar/sec).
(Oct 15 2016 00:47:02,  840194 sec) PistonMoveAbsWTO()    174->179 175 176 [15sec, 14.7Volts, 0.177Amps, CPT:1854sec]
(Oct 15 2016 00:47:43,  840235 sec) Profile()            Sample 59 initiated at 4.3dbars for bin 58 [4dbars].  PTS/O2,T2,TPhase,RPhase,RawTemp/FSig,BbSig,TSig: 4.2dbars 27.7999C 36.2355PSU / 246.2uM 27.818C 28.526 9.081 21.117 /  138  267  534
(Oct 15 2016 00:47:44,  840236 sec) PistonMoveAbsWTO()    176->179 177 178 179 [11sec, 14.7Volts, 0.177Amps, CPT:1865sec]
(Oct 15 2016 00:48:09,  840261 sec) SurfaceDetect()      SurfacePressure:-0.0dbars Pressure:2.6dbars PistonPosition:179
(Oct 15 2016 00:48:10,  840262 sec) Sbe41cpStopCP()      Continuous profile stopped.
(Oct 15 2016 00:48:17,  840269 sec) PistonMoveAbsWTO()    179->201 180 181 182 183 184 185 186 187 188 189 190 191 192 193 194 195 196 197 198 199 200 201 [110sec, 14.6Volts, 0.153Amps, CPT:1975sec]
(Oct 15 2016 00:50:24,  840395 sec) sbe41cp.c:chat()     Expected string [S>] not received.
(Oct 15 2016 00:51:52,  840484 sec) Sbe41cpBinAverage()  Finished averaging 7186 samples in 83 seconds.
(Oct 15 2016 00:51:57,  840489 sec) Sbe41cpUploadCP()    Sbe41cpSerNo[08355] NSample[7186] NBin[249]
(Oct 15 2016 00:52:41,  840533 sec) Sbe41cpUploadCP()    Continuous profile uploaded [249 lines].

<EOT>

<EOT>
