(Feb 12 2020 21:52:21,  855200 sec) TelemetryInit()      Profile 161. (Apf9i FwRev: 061016)
(Feb 12 2020 21:59:25,  855624 sec) AirSystem()          Battery [188cnt, 14.6V]  Current [74cnt, 298.2mA]  Barometer [126cnt, 6.5"Hg]  Run-Time [51s]
(Feb 12 2020 22:00:02,  855661 sec) GetSurfaceObs()      P/O2,T2,TPhase,RPhase,RawTemp/FSig,BbSig,TSig: -0.5dbars / 244.5uM 24.252C 29.960 8.921 135.978 / 210,221,538
(Feb 12 2020 22:00:10,  855670 sec) GpsServices()        GPS almanac is current.
(Feb 12 2020 22:00:10,  855670 sec) GpsServices()        Initiating GPS fix acquisition.
(Feb 12 2020 22:00:32,  855692 sec) gga()                $GPGGA,220010,1710.7167,N,06647.8812,E,0,00,,,M,,M,,*5C
(Feb 12 2020 22:00:43,  855703 sec) gga()                $GPGGA,220020,1710.7167,N,06647.8812,E,0,00,,,M,,M,,*5F
(Feb 12 2020 22:01:26,  855746 sec) gga()                $GPGGA,220030,1700.3478,N,06708.1734,E,1,11,0.7,0.7,M,-66.1,M,,*6B
(Feb 12 2020 22:01:27,  855746 sec) GpsServices()        Profile 161 GPS fix obtained in 76 seconds.
(Feb 12 2020 22:01:27,  855747 sec) GpsServices()                  lon     lat mm/dd/yyyy hhmmss nsat
(Feb 12 2020 22:01:27,  855747 sec) GpsServices()        Fix:   67.136  17.006 02/12/2020 220030   11
(Feb 12 2020 22:02:17,  855797 sec) gga()                $GPGGA,220130,1700.3451,N,06708.1722,E,1,11,0.7,-2.9,M,-66.1,M,,*47
(Feb 12 2020 22:02:25,  855804 sec) gga()                $GPGGA,220220,1700.3423,N,06708.1721,E,1,11,0.7,-3.0,M,-66.1,M,,*4B
(Feb 12 2020 22:02:25,  855805 sec) GpsServices()        APF9 RTC skew (5s) OK.
(Feb 12 2020 22:02:25,  855805 sec) GpsServices()        GPS services complete.
(Feb 12 2020 22:02:51,  855831 sec) CLogin()             Connecting to primary host.
(Feb 12 2020 22:03:02,  855841 sec) CLogin()             Connection 1 established in 11 seconds.
(Feb 12 2020 22:03:13,  855853 sec) login()              Login successful.
(Feb 12 2020 22:03:16,  855856 sec) CLogin()             Logged in to host.  [Login required 14 seconds]
(Feb 12 2020 22:03:28,  855868 sec) RxConfig()           Downloading "mission.cfg" from host.
(Feb 12 2020 22:03:31,  855870 sec) Rx()                 Initiating transfer. [0x43]
(Feb 12 2020 22:03:37,  855876 sec) Rx()                 Pad character [0x1a] found in ascii mode - truncating packet.
(Feb 12 2020 22:03:42,  855881 sec) Rx()                 Received EOT - transfer complete. [1 packets, 1024 bytes, 11 sec, 93.1 bps]
(Feb 12 2020 22:03:42,  855881 sec) RxConfig()           Download successful.
(Feb 12 2020 22:04:05,  855905 sec) WriteVitals()        Writing vitals to "7827.161.msg".
(Feb 12 2020 22:04:21,  855920 sec) UpLoadFile()         Uploading "7827.161.msg" to host as "7827.161.msg".
(Feb 12 2020 22:04:24,  855924 sec) Tx()                 CRC negotiation successful. [16-bit CRC]
(Feb 12 2020 22:07:47,  856126 sec) TxPacket()           NAK received - resending packet. [PktNum=0x23]
(Feb 12 2020 22:07:47,  856126 sec) TxPacket()           Packet xmit history: [00000001] (0:ok, 1:fail).
(Feb 12 2020 22:08:01,  856140 sec) Tx()                 Transmission completed successfully [36 packets, 36861 bytes, 216 sec, 170.7 bps]
(Feb 12 2020 22:08:01,  856141 sec) UpLoadFile()         Upload successful.
(Feb 12 2020 22:08:11,  856151 sec) UpLoadFile()         Uploading "7827.161.log" to host as "7827.161.log".
(Feb 12 2020 22:08:14,  856154 sec) Tx()                 CRC negotiation successful. [16-bit CRC]
(Feb 12 2020 22:11:55,  856374 sec) Tx()                 Transmission completed successfully [38 packets, 37945 bytes, 220 sec, 176.9 bps]
(Feb 12 2020 22:11:55,  856375 sec) UpLoadFile()         Upload successful.
(Feb 12 2020 22:12:05,  856385 sec) UpLoad()             Files successfully uploaded: 2
(Feb 12 2020 22:12:05,  856385 sec) UpLoad()             Upload complete.
(Feb 12 2020 22:12:09,  856389 sec) logout()             Log-out successful.
(Feb 12 2020 22:12:10,  856390 sec) Telemetry()          Telemetry cycle complete: PrfId=161 ConnectionAttempts=1  Connections=1
(Feb 12 2020 22:12:11,  856390 sec) TelemetryTerminate(  Parsing new mission configuration.
(Feb 12 2020 22:12:13,  856393 sec) configure()          Parsing configurators in "mission.cfg".
(Feb 12 2020 22:12:21,  856401 sec) configure()             TelemetryRetry(15)          [0x7BBC] [TelemetryRetry(15)].
(Feb 12 2020 22:12:21,  856401 sec) configure()          Configuration CRCs and syntax OK.
(Feb 12 2020 22:12:22,  856401 sec) ConfigSupervisor()   Configuration accepted.
(Feb 12 2020 22:12:22,  856401 sec) TelemetryTerminate(  Reconditioning the file system.
(Feb 12 2020 22:12:36,      12 sec) DescentInit()        Deep profile 162 initiated at mission-time 856404sec.
(Feb 12 2020 22:12:38,      14 sec) DescentInit()        Surface pressure: -0.5dbars.
(Feb 12 2020 22:12:43,      19 sec) PistonMoveAbsWTO()    186->075 185 184 183 182 181 180 179 178 177 176 175 174 173 172 171 170 169 168 167 166 165 164 163 162 161 160 159 158 157 156 155 154 153 152 151 150 149 148 147 146 145 144 143 142 141 140 139 138 137 136 135 134 133 132 131 130 129 128 127 126 125 124 123 122 121 120 119 118 117 116 115 114 113 112 111 110 109 108 107 106 105 104 103 102 101 100 099 098 097 096 095 094 093 092 091 090 089 088 087 086 085 084 083 082 081 080 079 078 077 076 075 [566sec, 14.2Volts, 0.161Amps, CPT:566sec]
(Feb 12 2020 22:22:19,     595 sec) Descent()            Pressure: 46.4
(Feb 12 2020 23:12:28,    3604 sec) Descent()            Pressure: 443.0
(Feb 13 2020 00:12:28,    7204 sec) Descent()            Pressure: 768.3
(Feb 13 2020 01:12:28,   10804 sec) Descent()            Pressure: 947.0
(Feb 13 2020 02:12:28,   14404 sec) Descent()            Pressure: 991.0
(Feb 13 2020 03:12:28,   18004 sec) Descent()            Pressure: 995.5
(Feb 13 2020 03:12:28,   18004 sec) ParkInit()           
(Feb 22 2020 11:30:18,  825474 sec) CtdPower()           [ 1005.74,  8.6120, 35.4868]
(Feb 22 2020 11:30:18,  825474 sec) CtdPower()           CTD Power consumption [179VCnt 9ACnt]: 13.876Volts * 0.036Amps = 0.50Watts.
(Feb 22 2020 11:30:19,  825475 sec) ParkTerminate()      Piston Position:75 Vacuum:79 Vq:193 Aq:6 Vsbe:179 Asbe:9 Vflbb:174 Aflbb:12
(Feb 22 2020 11:30:56,  825512 sec) ParkTerminate()      PTS/O2,T2,TPhase,RawTemp: 1005.5dbars 8.6138C 35.4875PSU / 7.8uM 8.629C 60.642 8.234 635.947
(Feb 22 2020 11:30:56,  825512 sec) ParkTerminate()      FLBB FSig, BbSig, TSig: 58, 113, 564
(Feb 22 2020 11:30:57,  825513 sec) GoDeepInit()         Moving piston.
(Feb 22 2020 11:30:57,  825513 sec) PistonMoveAbsWTO()    075->028 074 073 072 071 070 069 068 067 066 065 064 063 062 061 060 059 058 057 056 055 054 053 052 051 050 049 048 047 046 045 044 043 042 041 040 039 038 037 036 035 034 033 032 031 030 029 028 [245sec, 13.8Volts, 0.101Amps, CPT:811sec]
(Feb 22 2020 16:29:58,  843454 sec) ProfileInit()        PrfId:162  Pressure:1988.4dbar  pTable[1]:1900dbar
(Feb 22 2020 16:31:24,  843540 sec) Sbe41cpStartCP()     Continuous profile started.
(Feb 22 2020 16:31:25,  843541 sec) PistonMoveAbsWTO()    028->050 029 030 031 032 [30sec, 12.5Volts, 0.790Amps, CPT:841sec]
(Feb 22 2020 16:32:05,  843581 sec) PistonMoveAbsWTO()    032->050 033 034 035 036 037 [30sec, 12.6Volts, 0.794Amps, CPT:871sec]
(Feb 22 2020 16:32:46,  843622 sec) PistonMoveAbsWTO()    037->050 038 039 040 041 [30sec, 12.5Volts, 0.806Amps, CPT:901sec]
(Feb 22 2020 16:33:27,  843663 sec) PistonMoveAbsWTO()    041->050 042 043 044 045 [30sec, 12.4Volts, 0.790Amps, CPT:931sec]
(Feb 22 2020 16:34:08,  843704 sec) PistonMoveAbsWTO()    045->050 046 047 048 049 [30sec, 12.2Volts, 0.778Amps, CPT:961sec]
(Feb 22 2020 16:34:49,  843745 sec) PistonMoveAbsWTO()    049->050 050 [2sec, 12.2Volts, 0.782Amps, CPT:963sec]
(Feb 22 2020 16:47:02,  844478 sec) Profile()            Sample 0 initiated at 1901.6dbars for bin 1 [1900dbars].  PTS/O2,T2,TPhase,RPhase,RawTemp/FSig,BbSig,TSig: 1901.3dbars 3.4315C 34.9865PSU / 93.5uM 3.442C 50.709 8.299 788.849 /   57  113  573
(Feb 22 2020 17:05:51,  845607 sec) Profile()            Sample 1 initiated at 1801.8dbars for bin 2 [1800dbars].  PTS/O2,T2,TPhase,RPhase,RawTemp/FSig,BbSig,TSig: 1801.5dbars 3.8479C 35.0244PSU / 80.9uM 3.859C 51.796 8.309 776.924 /   56  113  572
(Feb 22 2020 17:11:02,  845918 sec) AscentControlAgent(  Bouyancy nudge to 60 (v=0.079dbar/sec).
(Feb 22 2020 17:11:03,  845919 sec) PistonMoveAbsWTO()    050->060 051 052 053 054 [30sec, 13.0Volts, 0.733Amps, CPT:993sec]
(Feb 22 2020 17:11:44,  845960 sec) PistonMoveAbsWTO()    054->060 055 056 057 058 059 [30sec, 12.9Volts, 0.741Amps, CPT:1023sec]
(Feb 22 2020 17:12:25,  846001 sec) PistonMoveAbsWTO()    059->060 060 [5sec, 12.8Volts, 0.705Amps, CPT:1028sec]
(Feb 22 2020 17:23:14,  846650 sec) Profile()            Sample 2 initiated at 1701.5dbars for bin 3 [1700dbars].  PTS/O2,T2,TPhase,RPhase,RawTemp/FSig,BbSig,TSig: 1701.2dbars 4.3030C 35.0605PSU / 71.3uM 4.313C 52.649 8.317 763.856 /   58  116  572
(Feb 22 2020 17:39:29,  847625 sec) Profile()            Sample 3 initiated at 1602.0dbars for bin 4 [1600dbars].  PTS/O2,T2,TPhase,RPhase,RawTemp/FSig,BbSig,TSig: 1601.7dbars 4.7787C 35.1045PSU / 59.5uM 4.788C 53.834 8.325 750.119 /   59  117  571
(Feb 22 2020 17:57:02,  848678 sec) AscentControlAgent(  Bouyancy nudge to 70 (v=0.070dbar/sec).
(Feb 22 2020 17:57:03,  848679 sec) PistonMoveAbsWTO()    060->070 061 062 063 064 [30sec, 13.2Volts, 0.641Amps, CPT:1058sec]
(Feb 22 2020 17:57:44,  848720 sec) PistonMoveAbsWTO()    064->070 065 066 067 068 069 [30sec, 13.0Volts, 0.649Amps, CPT:1088sec]
(Feb 22 2020 17:58:25,  848761 sec) PistonMoveAbsWTO()    069->070 070 [2sec, 13.0Volts, 0.629Amps, CPT:1090sec]
(Feb 22 2020 17:59:43,  848839 sec) Profile()            Sample 4 initiated at 1501.8dbars for bin 5 [1500dbars].  PTS/O2,T2,TPhase,RPhase,RawTemp/FSig,BbSig,TSig: 1501.5dbars 5.3999C 35.1623PSU / 46.3uM 5.410C 55.279 8.332 731.985 /   58  114  570
(Feb 22 2020 18:19:09,  850005 sec) Profile()            Sample 5 initiated at 1401.9dbars for bin 6 [1400dbars].  PTS/O2,T2,TPhase,RPhase,RawTemp/FSig,BbSig,TSig: 1401.7dbars 6.0414C 35.2234PSU / 35.4uM 6.056C 56.601 8.339 712.994 /   58  115  569
(Feb 22 2020 18:29:39,  850635 sec) Profile()            Sample 6 initiated at 1351.5dbars for bin 7 [1350dbars].  PTS/O2,T2,TPhase,RPhase,RawTemp/FSig,BbSig,TSig: 1351.3dbars 6.3333C 35.2502PSU / 31.0uM 6.346C 57.166 8.340 704.426 /   59  115  568
(Feb 22 2020 18:32:31,  850807 sec) AscentControlAgent(  Bouyancy nudge to 80 (v=0.072dbar/sec).
(Feb 22 2020 18:32:32,  850808 sec) PistonMoveAbsWTO()    070->080 071 072 073 074 [30sec, 13.3Volts, 0.584Amps, CPT:1120sec]
(Feb 22 2020 18:33:13,  850849 sec) PistonMoveAbsWTO()    074->080 075 076 077 078 079 [30sec, 13.2Volts, 0.572Amps, CPT:1150sec]
(Feb 22 2020 18:33:54,  850890 sec) PistonMoveAbsWTO()    079->080 080 [1sec, 13.1Volts, 0.580Amps, CPT:1151sec]
(Feb 22 2020 18:39:34,  851230 sec) Profile()            Sample 7 initiated at 1301.9dbars for bin 8 [1300dbars].  PTS/O2,T2,TPhase,RPhase,RawTemp/FSig,BbSig,TSig: 1301.6dbars 6.6681C 35.2846PSU / 26.2uM 6.684C 57.815 8.342 694.399 /   59  117  568
(Feb 22 2020 18:49:44,  851840 sec) Profile()            Sample 8 initiated at 1251.3dbars for bin 9 [1250dbars].  PTS/O2,T2,TPhase,RPhase,RawTemp/FSig,BbSig,TSig: 1251.1dbars 7.0340C 35.3218PSU / 22.2uM 7.051C 58.368 8.342 683.490 /   59  119  567
(Feb 22 2020 18:59:44,  852440 sec) Profile()            Sample 9 initiated at 1201.2dbars for bin 10 [1200dbars].  PTS/O2,T2,TPhase,RPhase,RawTemp/FSig,BbSig,TSig: 1201.0dbars 7.3646C 35.3513PSU / 18.8uM 7.381C 58.861 8.341 673.600 /   58  120  566
(Feb 22 2020 19:09:54,  853050 sec) Profile()            Sample 10 initiated at 1151.8dbars for bin 11 [1150dbars].  PTS/O2,T2,TPhase,RPhase,RawTemp/FSig,BbSig,TSig: 1151.6dbars 7.7128C 35.3894PSU / 14.9uM 7.732C 59.480 8.340 663.068 /   57  121  566
(Feb 22 2020 19:13:16,  853252 sec) AscentControlAgent(  Bouyancy nudge to 90 (v=0.078dbar/sec).
(Feb 22 2020 19:13:17,  853253 sec) PistonMoveAbsWTO()    080->090 081 082 083 084 085 [30sec, 13.4Volts, 0.536Amps, CPT:1181sec]
(Feb 22 2020 19:13:57,  853293 sec) PistonMoveAbsWTO()    085->090 086 087 088 089 [30sec, 13.3Volts, 0.520Amps, CPT:1211sec]
(Feb 22 2020 19:14:37,  853333 sec) PistonMoveAbsWTO()    089->090 090 [2sec, 13.3Volts, 0.524Amps, CPT:1213sec]
(Feb 22 2020 19:18:57,  853593 sec) Profile()            Sample 11 initiated at 1101.1dbars for bin 12 [1100dbars].  PTS/O2,T2,TPhase,RPhase,RawTemp/FSig,BbSig,TSig: 1100.8dbars 7.9994C 35.4178PSU / 13.0uM 8.014C 59.756 8.339 654.589 /   59  117  566
(Feb 22 2020 19:26:55,  854071 sec) Profile()            Sample 12 initiated at 1051.6dbars for bin 13 [1050dbars].  PTS/O2,T2,TPhase,RPhase,RawTemp/FSig,BbSig,TSig: 1051.3dbars 8.3436C 35.4573PSU / 10.2uM 8.364C 60.213 8.340 643.988 /   61  119  565
(Feb 22 2020 19:35:55,  854611 sec) Profile()            Sample 13 initiated at 1001.6dbars for bin 14 [1000dbars].  PTS/O2,T2,TPhase,RPhase,RawTemp/FSig,BbSig,TSig: 1001.3dbars 8.7743C 35.5080PSU / 7.4uM 8.795C 60.694 8.343 630.901 /   59  116  564
(Feb 22 2020 19:43:49,  855085 sec) AscentControlAgent(  Bouyancy nudge to 100 (v=0.076dbar/sec).
(Feb 22 2020 19:43:50,  855086 sec) PistonMoveAbsWTO()    090->100 091 092 093 094 095 [30sec, 13.5Volts, 0.447Amps, CPT:1243sec]
(Feb 22 2020 19:44:30,  855126 sec) PistonMoveAbsWTO()    095->100 096 097 098 099 100 [30sec, 13.4Volts, 0.451Amps, CPT:1273sec]
(Feb 22 2020 19:54:26,  855721 sec) Profile()            Sample 15 initiated at 901.5dbars for bin 16 [900dbars].  PTS/O2,T2,TPhase,RPhase,RawTemp/FSig,BbSig,TSig: 901.2dbars 9.6053C 35.5959PSU / 3.2uM 9.632C 61.432 8.359 605.340 /   59  114  564
(Feb 22 2020 20:29:38,  857834 sec) AscentControlAgent(  Bouyancy nudge to 110 (v=0.076dbar/sec).
(Feb 22 2020 20:29:38,  857834 sec) PistonMoveAbsWTO()    100->110 101 102 103 104 105 [30sec, 13.6Volts, 0.387Amps, CPT:1303sec]
(Feb 22 2020 20:30:18,  857874 sec) PistonMoveAbsWTO()    105->110 106 107 108 109 110 [29sec, 13.6Volts, 0.383Amps, CPT:1332sec]
(Feb 22 2020 20:32:02,  857978 sec) Profile()            Sample 19 initiated at 701.8dbars for bin 20 [700dbars].  PTS/O2,T2,TPhase,RPhase,RawTemp/FSig,BbSig,TSig: 701.5dbars 11.0117C 35.7114PSU / 1.3uM 11.041C 61.712 8.422 561.780 /   59  108  561
(Feb 22 2020 21:00:06,  859662 sec) AscentControlAgent(  Bouyancy nudge to 120 (v=0.077dbar/sec).
(Feb 22 2020 21:00:06,  859662 sec) PistonMoveAbsWTO()    110->120 111 112 113 114 115 [30sec, 13.7Volts, 0.347Amps, CPT:1362sec]
(Feb 22 2020 21:01:02,  859718 sec) PistonMoveAbsWTO()    115->120 116 117 118 119 120 [27sec, 13.6Volts, 0.330Amps, CPT:1389sec]
(Feb 22 2020 21:09:16,  860212 sec) Profile()            Sample 23 initiated at 501.2dbars for bin 24 [500dbars].  PTS/O2,T2,TPhase,RPhase,RawTemp/FSig,BbSig,TSig: 500.9dbars 12.3683C 35.7936PSU / 1.2uM 12.398C 61.629 8.500 519.295 /   57  121  559
(Feb 22 2020 21:25:30,  861186 sec) AscentControlAgent(  Bouyancy nudge to 130 (v=0.073dbar/sec).
(Feb 22 2020 21:25:30,  861186 sec) PistonMoveAbsWTO()    120->130 121 122 123 124 125 [30sec, 13.8Volts, 0.286Amps, CPT:1419sec]
(Feb 22 2020 21:26:10,  861226 sec) PistonMoveAbsWTO()    125->130 126 127 128 129 130 [26sec, 13.8Volts, 0.286Amps, CPT:1445sec]
(Feb 22 2020 21:38:55,  861991 sec) Profile()            Sample 27 initiated at 331.6dbars for bin 28 [330dbars].  PTS/O2,T2,TPhase,RPhase,RawTemp/FSig,BbSig,TSig: 331.3dbars 14.0785C 35.8857PSU / 1.0uM 14.119C 61.556 8.532 464.790 /   58  148  556
(Feb 22 2020 21:51:02,  862718 sec) AscentControlAgent(  Bouyancy nudge to 140 (v=0.074dbar/sec).
(Feb 22 2020 21:51:02,  862718 sec) PistonMoveAbsWTO()    130->140 131 132 133 134 135 [30sec, 13.9Volts, 0.250Amps, CPT:1475sec]
(Feb 22 2020 21:51:42,  862758 sec) PistonMoveAbsWTO()    135->140 136 137 138 139 140 [25sec, 13.9Volts, 0.250Amps, CPT:1500sec]
(Feb 22 2020 21:55:47,  863003 sec) Profile()            Sample 31 initiated at 242.0dbars for bin 32 [240dbars].  PTS/O2,T2,TPhase,RPhase,RawTemp/FSig,BbSig,TSig: 241.7dbars 16.5080C 36.0512PSU / 0.9uM 16.523C 61.401 8.696 387.593 /   60  141  554
(Feb 22 2020 22:06:24,  863640 sec) AscentControlAgent(  Bouyancy nudge to 150 (v=0.036dbar/sec).
(Feb 22 2020 22:06:24,  863640 sec) PistonMoveAbsWTO()    140->150 141 142 143 144 145 [30sec, 14.0Volts, 0.222Amps, CPT:1530sec]
(Feb 22 2020 22:07:04,  863680 sec) PistonMoveAbsWTO()    145->150 146 147 148 149 150 [24sec, 14.0Volts, 0.218Amps, CPT:1554sec]
(Feb 22 2020 22:10:09,  863865 sec) Profile()            Sample 35 initiated at 181.6dbars for bin 36 [180dbars].  PTS/O2,T2,TPhase,RPhase,RawTemp/FSig,BbSig,TSig: 181.3dbars 18.2587C 35.8824PSU / 1.6uM 18.283C 61.052 8.773 330.502 /   55  109  551
(Feb 22 2020 22:11:48,  863964 sec) AscentControlAgent(  Bouyancy nudge to 160 (v=0.079dbar/sec).
(Feb 22 2020 22:11:48,  863964 sec) PistonMoveAbsWTO()    150->160 151 152 153 154 155 [30sec, 14.0Volts, 0.205Amps, CPT:1584sec]
(Feb 22 2020 22:12:28,  864004 sec) PistonMoveAbsWTO()    155->160 156 157 158 159 160 [24sec, 14.0Volts, 0.214Amps, CPT:1608sec]
(Feb 22 2020 22:16:28,  864244 sec) Profile()            Sample 39 initiated at 141.4dbars for bin 40 [140dbars].  PTS/O2,T2,TPhase,RPhase,RawTemp/FSig,BbSig,TSig: 141.1dbars 19.9715C 36.0677PSU / 6.8uM 20.013C 59.397 8.822 274.158 /   53  102  549
(Feb 22 2020 22:24:43,  864739 sec) Profile()            Sample 43 initiated at 101.7dbars for bin 44 [100dbars].  PTS/O2,T2,TPhase,RPhase,RawTemp/FSig,BbSig,TSig: 101.5dbars 23.9001C 36.5232PSU / 108.6uM 23.866C 39.867 8.928 148.501 /   54  113  545
(Feb 22 2020 22:32:19,  865195 sec) AscentControlAgent(  Bouyancy nudge to 165 (v=0.039dbar/sec).
(Feb 22 2020 22:32:19,  865195 sec) PistonMoveAbsWTO()    160->165 161 162 163 164 165 [27sec, 14.0Volts, 0.189Amps, CPT:1635sec]
(Feb 22 2020 22:37:16,  865492 sec) Profile()            Sample 47 initiated at 62.0dbars for bin 48 [60dbars].  PTS/O2,T2,TPhase,RPhase,RawTemp/FSig,BbSig,TSig: 61.8dbars 24.9524C 36.5022PSU / 209.2uM 24.966C 31.469 8.890 112.830 /   96  130  540
(Feb 22 2020 22:44:51,  865947 sec) Profile()            Sample 51 initiated at 36.4dbars for bin 52 [35dbars].  PTS/O2,T2,TPhase,RPhase,RawTemp/FSig,BbSig,TSig: 36.2dbars 24.9422C 36.4611PSU / 219.4uM 24.956C 30.919 8.878 113.155 /  151  158  539
(Feb 22 2020 22:50:25,  866281 sec) Profile()            Sample 55 initiated at 16.7dbars for bin 56 [15dbars].  PTS/O2,T2,TPhase,RPhase,RawTemp/FSig,BbSig,TSig: 16.6dbars 25.7203C 36.5395PSU / 247.0uM 25.682C 29.289 8.943 89.673 /  350  241  538
(Feb 22 2020 22:52:41,  866417 sec) Profile()            Sample 56 initiated at 11.8dbars for bin 57 [10dbars].  PTS/O2,T2,TPhase,RPhase,RawTemp/FSig,BbSig,TSig: 11.7dbars 25.8097C 36.5502PSU / 255.0uM 25.824C 28.881 8.953 85.098 /  388  267  538
(Feb 22 2020 22:55:29,  866585 sec) Profile()            Sample 57 initiated at 5.9dbars for bin 58 [4dbars].  PTS/O2,T2,TPhase,RPhase,RawTemp/FSig,BbSig,TSig: 5.8dbars 25.8202C 36.5506PSU / 256.5uM 25.835C 28.816 8.955 84.727 /  390  251  537
(Feb 22 2020 22:55:55,  866611 sec) Profile()            Sample 58 initiated at 5.0dbars for bin 58 [4dbars].  PTS/O2,T2,TPhase,RPhase,RawTemp/FSig,BbSig,TSig: 4.8dbars 25.8199C 36.5518PSU / 256.4uM 25.836C 28.819 8.955 84.688 /  369  253  537
(Feb 22 2020 22:56:09,  866625 sec) SurfaceDetect()      SurfacePressure:-0.5dbars Pressure:3.8dbars PistonPosition:165
(Feb 22 2020 22:56:10,  866626 sec) Sbe41cpStopCP()      Continuous profile stopped.
(Feb 22 2020 22:56:17,  866633 sec) PistonMoveAbsWTO()    165->187 166 167 168 169 170 171 172 173 174 175 176 177 178 179 180 181 182 183 184 185 186 187 [114sec, 14.1Volts, 0.157Amps, CPT:1749sec]
(Feb 22 2020 22:58:29,  866764 sec) sbe41cp.c:chat()     Expected string [S>] not received.
(Feb 22 2020 23:01:46,  866962 sec) Sbe41cpBinAverage()  Finished averaging 23114 samples in 192 seconds.
(Feb 22 2020 23:01:51,  866967 sec) Sbe41cpUploadCP()    Sbe41cpSerNo[08355] NSample[23114] NBin[995]
(Feb 22 2020 23:03:50,  867086 sec) Sbe41cpUploadCP()    Continuous profile uploaded [995 lines].

<EOT>

<EOT>
