
> frontend@1.0.0 test:fleet
> node e2e/fleetStatus.e2e.mjs

PASS  cache endpoint serves the configured fleet  30 floats; sync=ok
PASS  Float Status entry and page preserved
PASS  sync and summary metrics visible
PASS  actual ArcGIS map is ready (not obsolete SVG assertion)
PASS  map basemap layers have loaded before visual evidence
PASS  monitoring source is prof.nc JULD
PASS  all and only positioned floats have actual map markers  30 markers
PASS  WMO 1902844: marker/API coordinates agree
PASS  WMO 2901304: marker/API coordinates agree
PASS  WMO 2901305: marker/API coordinates agree
PASS  WMO 2901328: marker/API coordinates agree
PASS  WMO 2901339: marker/API coordinates agree
PASS  WMO 2901350: marker/API coordinates agree
PASS  WMO 2902086: marker/API coordinates agree
PASS  WMO 2902087: marker/API coordinates agree
PASS  WMO 2902088: marker/API coordinates agree
PASS  WMO 2902089: marker/API coordinates agree
PASS  WMO 2902090: marker/API coordinates agree
PASS  WMO 2902091: marker/API coordinates agree
PASS  WMO 2902092: marker/API coordinates agree
PASS  WMO 2902093: marker/API coordinates agree
PASS  WMO 2902113: marker/API coordinates agree
PASS  WMO 2902114: marker/API coordinates agree
PASS  WMO 2902115: marker/API coordinates agree
PASS  WMO 2902118: marker/API coordinates agree
PASS  WMO 2902120: marker/API coordinates agree
PASS  WMO 2902130: marker/API coordinates agree
PASS  WMO 2902131: marker/API coordinates agree
PASS  WMO 2902201: marker/API coordinates agree
PASS  WMO 2902203: marker/API coordinates agree
PASS  WMO 2902206: marker/API coordinates agree
PASS  WMO 2902222: marker/API coordinates agree
PASS  WMO 2902223: marker/API coordinates agree
PASS  WMO 2902224: marker/API coordinates agree
PASS  WMO 2904082: marker/API coordinates agree
PASS  WMO 6990711: marker/API coordinates agree
PASS  WMO 7902408: marker/API coordinates agree
PASS  WMO 1902844: search selects exactly one row
PASS  WMO 1902844: table fields match API  []
PASS  WMO 1902844: Last Profile Date is UTC
PASS  WMO 1902844: status follows exact 10/60-day policy
PASS  WMO 1902844: Expected Next Profile = Last Profile Date +10 days
PASS  WMO 1902844: unrounded elapsed days and floor(days/10)
PASS  WMO 1902844: estimate tooltip is explicit
PASS  WMO 1902844: drawer status and estimate agree
PASS  WMO 1902844: drawer includes WMO
PASS  WMO 1902844: drawer includes Internal ID
PASS  WMO 1902844: drawer includes Float Type
PASS  WMO 1902844: drawer includes Prof#
PASS  WMO 1902844: drawer includes Latitude
PASS  WMO 1902844: drawer includes Longitude
PASS  WMO 1902844: drawer includes Last Profile Date
PASS  WMO 1902844: drawer includes Expected Next Profile
PASS  WMO 1902844: drawer includes Days Since Last Profile
PASS  WMO 1902844: drawer includes Approx. Profiles Missed
PASS  WMO 1902844: drawer includes Data Status
PASS  WMO 1902844: profile wording only
PASS  WMO 2901304: search selects exactly one row
PASS  WMO 2901304: table fields match API  []
PASS  WMO 2901304: Last Profile Date is UTC
PASS  WMO 2901304: status follows exact 10/60-day policy
PASS  WMO 2901304: Expected Next Profile = Last Profile Date +10 days
PASS  WMO 2901304: unrounded elapsed days and floor(days/10)
PASS  WMO 2901304: estimate tooltip is explicit
PASS  WMO 2901304: drawer status and estimate agree
PASS  WMO 2901304: drawer includes WMO
PASS  WMO 2901304: drawer includes Internal ID
PASS  WMO 2901304: drawer includes Float Type
PASS  WMO 2901304: drawer includes Prof#
PASS  WMO 2901304: drawer includes Latitude
PASS  WMO 2901304: drawer includes Longitude
PASS  WMO 2901304: drawer includes Last Profile Date
PASS  WMO 2901304: drawer includes Expected Next Profile
PASS  WMO 2901304: drawer includes Days Since Last Profile
PASS  WMO 2901304: drawer includes Approx. Profiles Missed
PASS  WMO 2901304: drawer includes Data Status
PASS  WMO 2901304: profile wording only
PASS  WMO 2901305: search selects exactly one row
PASS  WMO 2901305: table fields match API  []
PASS  WMO 2901305: Last Profile Date is UTC
PASS  WMO 2901305: status follows exact 10/60-day policy
PASS  WMO 2901305: Expected Next Profile = Last Profile Date +10 days
PASS  WMO 2901305: unrounded elapsed days and floor(days/10)
PASS  WMO 2901305: estimate tooltip is explicit
PASS  WMO 2901305: drawer status and estimate agree
PASS  WMO 2901305: drawer includes WMO
PASS  WMO 2901305: drawer includes Internal ID
PASS  WMO 2901305: drawer includes Float Type
PASS  WMO 2901305: drawer includes Prof#
PASS  WMO 2901305: drawer includes Latitude
PASS  WMO 2901305: drawer includes Longitude
PASS  WMO 2901305: drawer includes Last Profile Date
PASS  WMO 2901305: drawer includes Expected Next Profile
PASS  WMO 2901305: drawer includes Days Since Last Profile
PASS  WMO 2901305: drawer includes Approx. Profiles Missed
PASS  WMO 2901305: drawer includes Data Status
PASS  WMO 2901305: profile wording only
PASS  WMO 2901328: search selects exactly one row
PASS  WMO 2901328: table fields match API  []
PASS  WMO 2901328: Last Profile Date is UTC
PASS  WMO 2901328: status follows exact 10/60-day policy
PASS  WMO 2901328: Expected Next Profile = Last Profile Date +10 days
PASS  WMO 2901328: unrounded elapsed days and floor(days/10)
PASS  WMO 2901328: estimate tooltip is explicit
PASS  WMO 2901328: drawer status and estimate agree
PASS  WMO 2901328: drawer includes WMO
PASS  WMO 2901328: drawer includes Internal ID
PASS  WMO 2901328: drawer includes Float Type
PASS  WMO 2901328: drawer includes Prof#
PASS  WMO 2901328: drawer includes Latitude
PASS  WMO 2901328: drawer includes Longitude
PASS  WMO 2901328: drawer includes Last Profile Date
PASS  WMO 2901328: drawer includes Expected Next Profile
PASS  WMO 2901328: drawer includes Days Since Last Profile
PASS  WMO 2901328: drawer includes Approx. Profiles Missed
PASS  WMO 2901328: drawer includes Data Status
PASS  WMO 2901328: profile wording only
PASS  WMO 2901339: search selects exactly one row
PASS  WMO 2901339: table fields match API  []
PASS  WMO 2901339: Last Profile Date is UTC
PASS  WMO 2901339: status follows exact 10/60-day policy
PASS  WMO 2901339: Expected Next Profile = Last Profile Date +10 days
PASS  WMO 2901339: unrounded elapsed days and floor(days/10)
PASS  WMO 2901339: estimate tooltip is explicit
PASS  WMO 2901339: drawer status and estimate agree
PASS  WMO 2901339: drawer includes WMO
PASS  WMO 2901339: drawer includes Internal ID
PASS  WMO 2901339: drawer includes Float Type
PASS  WMO 2901339: drawer includes Prof#
PASS  WMO 2901339: drawer includes Latitude
PASS  WMO 2901339: drawer includes Longitude
PASS  WMO 2901339: drawer includes Last Profile Date
PASS  WMO 2901339: drawer includes Expected Next Profile
PASS  WMO 2901339: drawer includes Days Since Last Profile
PASS  WMO 2901339: drawer includes Approx. Profiles Missed
PASS  WMO 2901339: drawer includes Data Status
PASS  WMO 2901339: profile wording only
PASS  WMO 2901350: search selects exactly one row
PASS  WMO 2901350: table fields match API  []
PASS  WMO 2901350: Last Profile Date is UTC
PASS  WMO 2901350: status follows exact 10/60-day policy
PASS  WMO 2901350: Expected Next Profile = Last Profile Date +10 days
PASS  WMO 2901350: unrounded elapsed days and floor(days/10)
PASS  WMO 2901350: estimate tooltip is explicit
PASS  WMO 2901350: drawer status and estimate agree
PASS  WMO 2901350: drawer includes WMO
PASS  WMO 2901350: drawer includes Internal ID
PASS  WMO 2901350: drawer includes Float Type
PASS  WMO 2901350: drawer includes Prof#
PASS  WMO 2901350: drawer includes Latitude
PASS  WMO 2901350: drawer includes Longitude
PASS  WMO 2901350: drawer includes Last Profile Date
PASS  WMO 2901350: drawer includes Expected Next Profile
PASS  WMO 2901350: drawer includes Days Since Last Profile
PASS  WMO 2901350: drawer includes Approx. Profiles Missed
PASS  WMO 2901350: drawer includes Data Status
PASS  WMO 2901350: profile wording only
PASS  WMO 2902086: search selects exactly one row
PASS  WMO 2902086: table fields match API  []
PASS  WMO 2902086: Last Profile Date is UTC
PASS  WMO 2902086: status follows exact 10/60-day policy
PASS  WMO 2902086: Expected Next Profile = Last Profile Date +10 days
PASS  WMO 2902086: unrounded elapsed days and floor(days/10)
PASS  WMO 2902086: estimate tooltip is explicit
PASS  WMO 2902086: drawer status and estimate agree
PASS  WMO 2902086: drawer includes WMO
PASS  WMO 2902086: drawer includes Internal ID
PASS  WMO 2902086: drawer includes Float Type
PASS  WMO 2902086: drawer includes Prof#
PASS  WMO 2902086: drawer includes Latitude
PASS  WMO 2902086: drawer includes Longitude
PASS  WMO 2902086: drawer includes Last Profile Date
PASS  WMO 2902086: drawer includes Expected Next Profile
PASS  WMO 2902086: drawer includes Days Since Last Profile
PASS  WMO 2902086: drawer includes Approx. Profiles Missed
PASS  WMO 2902086: drawer includes Data Status
PASS  WMO 2902086: profile wording only
PASS  WMO 2902087: search selects exactly one row
PASS  WMO 2902087: table fields match API  []
PASS  WMO 2902087: Last Profile Date is UTC
PASS  WMO 2902087: status follows exact 10/60-day policy
PASS  WMO 2902087: Expected Next Profile = Last Profile Date +10 days
PASS  WMO 2902087: unrounded elapsed days and floor(days/10)
PASS  WMO 2902087: estimate tooltip is explicit
PASS  WMO 2902087: drawer status and estimate agree
PASS  WMO 2902087: drawer includes WMO
PASS  WMO 2902087: drawer includes Internal ID
PASS  WMO 2902087: drawer includes Float Type
PASS  WMO 2902087: drawer includes Prof#
PASS  WMO 2902087: drawer includes Latitude
PASS  WMO 2902087: drawer includes Longitude
PASS  WMO 2902087: drawer includes Last Profile Date
PASS  WMO 2902087: drawer includes Expected Next Profile
PASS  WMO 2902087: drawer includes Days Since Last Profile
PASS  WMO 2902087: drawer includes Approx. Profiles Missed
PASS  WMO 2902087: drawer includes Data Status
PASS  WMO 2902087: profile wording only
PASS  WMO 2902088: search selects exactly one row
PASS  WMO 2902088: table fields match API  []
PASS  WMO 2902088: Last Profile Date is UTC
PASS  WMO 2902088: status follows exact 10/60-day policy
PASS  WMO 2902088: Expected Next Profile = Last Profile Date +10 days
PASS  WMO 2902088: unrounded elapsed days and floor(days/10)
PASS  WMO 2902088: estimate tooltip is explicit
PASS  WMO 2902088: drawer status and estimate agree
PASS  WMO 2902088: drawer includes WMO
PASS  WMO 2902088: drawer includes Internal ID
PASS  WMO 2902088: drawer includes Float Type
PASS  WMO 2902088: drawer includes Prof#
PASS  WMO 2902088: drawer includes Latitude
PASS  WMO 2902088: drawer includes Longitude
PASS  WMO 2902088: drawer includes Last Profile Date
PASS  WMO 2902088: drawer includes Expected Next Profile
PASS  WMO 2902088: drawer includes Days Since Last Profile
PASS  WMO 2902088: drawer includes Approx. Profiles Missed
PASS  WMO 2902088: drawer includes Data Status
PASS  WMO 2902088: profile wording only
PASS  WMO 2902089: search selects exactly one row
PASS  WMO 2902089: table fields match API  []
PASS  WMO 2902089: Last Profile Date is UTC
PASS  WMO 2902089: status follows exact 10/60-day policy
PASS  WMO 2902089: Expected Next Profile = Last Profile Date +10 days
PASS  WMO 2902089: unrounded elapsed days and floor(days/10)
PASS  WMO 2902089: estimate tooltip is explicit
PASS  WMO 2902089: drawer status and estimate agree
PASS  WMO 2902089: drawer includes WMO
PASS  WMO 2902089: drawer includes Internal ID
PASS  WMO 2902089: drawer includes Float Type
PASS  WMO 2902089: drawer includes Prof#
PASS  WMO 2902089: drawer includes Latitude
PASS  WMO 2902089: drawer includes Longitude
PASS  WMO 2902089: drawer includes Last Profile Date
PASS  WMO 2902089: drawer includes Expected Next Profile
PASS  WMO 2902089: drawer includes Days Since Last Profile
PASS  WMO 2902089: drawer includes Approx. Profiles Missed
PASS  WMO 2902089: drawer includes Data Status
PASS  WMO 2902089: profile wording only
PASS  WMO 2902090: search selects exactly one row
PASS  WMO 2902090: table fields match API  []
PASS  WMO 2902090: Last Profile Date is UTC
PASS  WMO 2902090: status follows exact 10/60-day policy
PASS  WMO 2902090: Expected Next Profile = Last Profile Date +10 days
PASS  WMO 2902090: unrounded elapsed days and floor(days/10)
PASS  WMO 2902090: estimate tooltip is explicit
PASS  WMO 2902090: drawer status and estimate agree
PASS  WMO 2902090: drawer includes WMO
PASS  WMO 2902090: drawer includes Internal ID
PASS  WMO 2902090: drawer includes Float Type
PASS  WMO 2902090: drawer includes Prof#
PASS  WMO 2902090: drawer includes Latitude
PASS  WMO 2902090: drawer includes Longitude
PASS  WMO 2902090: drawer includes Last Profile Date
PASS  WMO 2902090: drawer includes Expected Next Profile
PASS  WMO 2902090: drawer includes Days Since Last Profile
PASS  WMO 2902090: drawer includes Approx. Profiles Missed
PASS  WMO 2902090: drawer includes Data Status
PASS  WMO 2902090: profile wording only
PASS  WMO 2902091: search selects exactly one row
PASS  WMO 2902091: table fields match API  []
PASS  WMO 2902091: Last Profile Date is UTC
PASS  WMO 2902091: status follows exact 10/60-day policy
PASS  WMO 2902091: Expected Next Profile = Last Profile Date +10 days
PASS  WMO 2902091: unrounded elapsed days and floor(days/10)
PASS  WMO 2902091: estimate tooltip is explicit
PASS  WMO 2902091: drawer status and estimate agree
PASS  WMO 2902091: drawer includes WMO
PASS  WMO 2902091: drawer includes Internal ID
PASS  WMO 2902091: drawer includes Float Type
PASS  WMO 2902091: drawer includes Prof#
PASS  WMO 2902091: drawer includes Latitude
PASS  WMO 2902091: drawer includes Longitude
PASS  WMO 2902091: drawer includes Last Profile Date
PASS  WMO 2902091: drawer includes Expected Next Profile
PASS  WMO 2902091: drawer includes Days Since Last Profile
PASS  WMO 2902091: drawer includes Approx. Profiles Missed
PASS  WMO 2902091: drawer includes Data Status
PASS  WMO 2902091: profile wording only
PASS  WMO 2902092: search selects exactly one row
PASS  WMO 2902092: table fields match API  []
PASS  WMO 2902092: Last Profile Date is UTC
PASS  WMO 2902092: status follows exact 10/60-day policy
PASS  WMO 2902092: Expected Next Profile = Last Profile Date +10 days
PASS  WMO 2902092: unrounded elapsed days and floor(days/10)
PASS  WMO 2902092: estimate tooltip is explicit
PASS  WMO 2902092: drawer status and estimate agree
PASS  WMO 2902092: drawer includes WMO
PASS  WMO 2902092: drawer includes Internal ID
PASS  WMO 2902092: drawer includes Float Type
PASS  WMO 2902092: drawer includes Prof#
PASS  WMO 2902092: drawer includes Latitude
PASS  WMO 2902092: drawer includes Longitude
PASS  WMO 2902092: drawer includes Last Profile Date
PASS  WMO 2902092: drawer includes Expected Next Profile
PASS  WMO 2902092: drawer includes Days Since Last Profile
PASS  WMO 2902092: drawer includes Approx. Profiles Missed
PASS  WMO 2902092: drawer includes Data Status
PASS  WMO 2902092: profile wording only
PASS  WMO 2902093: search selects exactly one row
PASS  WMO 2902093: table fields match API  []
PASS  WMO 2902093: Last Profile Date is UTC
PASS  WMO 2902093: status follows exact 10/60-day policy
PASS  WMO 2902093: Expected Next Profile = Last Profile Date +10 days
PASS  WMO 2902093: unrounded elapsed days and floor(days/10)
PASS  WMO 2902093: estimate tooltip is explicit
PASS  WMO 2902093: drawer status and estimate agree
PASS  WMO 2902093: drawer includes WMO
PASS  WMO 2902093: drawer includes Internal ID
PASS  WMO 2902093: drawer includes Float Type
PASS  WMO 2902093: drawer includes Prof#
PASS  WMO 2902093: drawer includes Latitude
PASS  WMO 2902093: drawer includes Longitude
PASS  WMO 2902093: drawer includes Last Profile Date
PASS  WMO 2902093: drawer includes Expected Next Profile
PASS  WMO 2902093: drawer includes Days Since Last Profile
PASS  WMO 2902093: drawer includes Approx. Profiles Missed
PASS  WMO 2902093: drawer includes Data Status
PASS  WMO 2902093: profile wording only
PASS  WMO 2902113: search selects exactly one row
PASS  WMO 2902113: table fields match API  []
PASS  WMO 2902113: Last Profile Date is UTC
PASS  WMO 2902113: status follows exact 10/60-day policy
PASS  WMO 2902113: Expected Next Profile = Last Profile Date +10 days
PASS  WMO 2902113: unrounded elapsed days and floor(days/10)
PASS  WMO 2902113: estimate tooltip is explicit
PASS  WMO 2902113: drawer status and estimate agree
PASS  WMO 2902113: drawer includes WMO
PASS  WMO 2902113: drawer includes Internal ID
PASS  WMO 2902113: drawer includes Float Type
PASS  WMO 2902113: drawer includes Prof#
PASS  WMO 2902113: drawer includes Latitude
PASS  WMO 2902113: drawer includes Longitude
PASS  WMO 2902113: drawer includes Last Profile Date
PASS  WMO 2902113: drawer includes Expected Next Profile
PASS  WMO 2902113: drawer includes Days Since Last Profile
PASS  WMO 2902113: drawer includes Approx. Profiles Missed
PASS  WMO 2902113: drawer includes Data Status
PASS  WMO 2902113: profile wording only
PASS  WMO 2902114: search selects exactly one row
PASS  WMO 2902114: table fields match API  []
PASS  WMO 2902114: Last Profile Date is UTC
PASS  WMO 2902114: status follows exact 10/60-day policy
PASS  WMO 2902114: Expected Next Profile = Last Profile Date +10 days
PASS  WMO 2902114: unrounded elapsed days and floor(days/10)
PASS  WMO 2902114: estimate tooltip is explicit
PASS  WMO 2902114: drawer status and estimate agree
PASS  WMO 2902114: drawer includes WMO
PASS  WMO 2902114: drawer includes Internal ID
PASS  WMO 2902114: drawer includes Float Type
PASS  WMO 2902114: drawer includes Prof#
PASS  WMO 2902114: drawer includes Latitude
PASS  WMO 2902114: drawer includes Longitude
PASS  WMO 2902114: drawer includes Last Profile Date
PASS  WMO 2902114: drawer includes Expected Next Profile
PASS  WMO 2902114: drawer includes Days Since Last Profile
PASS  WMO 2902114: drawer includes Approx. Profiles Missed
PASS  WMO 2902114: drawer includes Data Status
PASS  WMO 2902114: profile wording only
PASS  WMO 2902115: search selects exactly one row
PASS  WMO 2902115: table fields match API  []
PASS  WMO 2902115: Last Profile Date is UTC
PASS  WMO 2902115: status follows exact 10/60-day policy
PASS  WMO 2902115: Expected Next Profile = Last Profile Date +10 days
PASS  WMO 2902115: unrounded elapsed days and floor(days/10)
PASS  WMO 2902115: estimate tooltip is explicit
PASS  WMO 2902115: drawer status and estimate agree
PASS  WMO 2902115: drawer includes WMO
PASS  WMO 2902115: drawer includes Internal ID
PASS  WMO 2902115: drawer includes Float Type
PASS  WMO 2902115: drawer includes Prof#
PASS  WMO 2902115: drawer includes Latitude
PASS  WMO 2902115: drawer includes Longitude
PASS  WMO 2902115: drawer includes Last Profile Date
PASS  WMO 2902115: drawer includes Expected Next Profile
PASS  WMO 2902115: drawer includes Days Since Last Profile
PASS  WMO 2902115: drawer includes Approx. Profiles Missed
PASS  WMO 2902115: drawer includes Data Status
PASS  WMO 2902115: profile wording only
PASS  WMO 2902118: search selects exactly one row
PASS  WMO 2902118: table fields match API  []
PASS  WMO 2902118: Last Profile Date is UTC
PASS  WMO 2902118: status follows exact 10/60-day policy
PASS  WMO 2902118: Expected Next Profile = Last Profile Date +10 days
PASS  WMO 2902118: unrounded elapsed days and floor(days/10)
PASS  WMO 2902118: estimate tooltip is explicit
PASS  WMO 2902118: drawer status and estimate agree
PASS  WMO 2902118: drawer includes WMO
PASS  WMO 2902118: drawer includes Internal ID
PASS  WMO 2902118: drawer includes Float Type
PASS  WMO 2902118: drawer includes Prof#
PASS  WMO 2902118: drawer includes Latitude
PASS  WMO 2902118: drawer includes Longitude
PASS  WMO 2902118: drawer includes Last Profile Date
PASS  WMO 2902118: drawer includes Expected Next Profile
PASS  WMO 2902118: drawer includes Days Since Last Profile
PASS  WMO 2902118: drawer includes Approx. Profiles Missed
PASS  WMO 2902118: drawer includes Data Status
PASS  WMO 2902118: profile wording only
PASS  WMO 2902120: search selects exactly one row
PASS  WMO 2902120: table fields match API  []
PASS  WMO 2902120: Last Profile Date is UTC
PASS  WMO 2902120: status follows exact 10/60-day policy
PASS  WMO 2902120: Expected Next Profile = Last Profile Date +10 days
PASS  WMO 2902120: unrounded elapsed days and floor(days/10)
PASS  WMO 2902120: estimate tooltip is explicit
PASS  WMO 2902120: drawer status and estimate agree
PASS  WMO 2902120: drawer includes WMO
PASS  WMO 2902120: drawer includes Internal ID
PASS  WMO 2902120: drawer includes Float Type
PASS  WMO 2902120: drawer includes Prof#
PASS  WMO 2902120: drawer includes Latitude
PASS  WMO 2902120: drawer includes Longitude
PASS  WMO 2902120: drawer includes Last Profile Date
PASS  WMO 2902120: drawer includes Expected Next Profile
PASS  WMO 2902120: drawer includes Days Since Last Profile
PASS  WMO 2902120: drawer includes Approx. Profiles Missed
PASS  WMO 2902120: drawer includes Data Status
PASS  WMO 2902120: profile wording only
PASS  WMO 2902130: search selects exactly one row
PASS  WMO 2902130: table fields match API  []
PASS  WMO 2902130: Last Profile Date is UTC
PASS  WMO 2902130: status follows exact 10/60-day policy
PASS  WMO 2902130: Expected Next Profile = Last Profile Date +10 days
PASS  WMO 2902130: unrounded elapsed days and floor(days/10)
PASS  WMO 2902130: estimate tooltip is explicit
PASS  WMO 2902130: drawer status and estimate agree
PASS  WMO 2902130: drawer includes WMO
PASS  WMO 2902130: drawer includes Internal ID
PASS  WMO 2902130: drawer includes Float Type
PASS  WMO 2902130: drawer includes Prof#
PASS  WMO 2902130: drawer includes Latitude
PASS  WMO 2902130: drawer includes Longitude
PASS  WMO 2902130: drawer includes Last Profile Date
PASS  WMO 2902130: drawer includes Expected Next Profile
PASS  WMO 2902130: drawer includes Days Since Last Profile
PASS  WMO 2902130: drawer includes Approx. Profiles Missed
PASS  WMO 2902130: drawer includes Data Status
PASS  WMO 2902130: profile wording only
PASS  WMO 2902131: search selects exactly one row
PASS  WMO 2902131: table fields match API  []
PASS  WMO 2902131: Last Profile Date is UTC
PASS  WMO 2902131: status follows exact 10/60-day policy
PASS  WMO 2902131: Expected Next Profile = Last Profile Date +10 days
PASS  WMO 2902131: unrounded elapsed days and floor(days/10)
PASS  WMO 2902131: estimate tooltip is explicit
PASS  WMO 2902131: drawer status and estimate agree
PASS  WMO 2902131: drawer includes WMO
PASS  WMO 2902131: drawer includes Internal ID
PASS  WMO 2902131: drawer includes Float Type
PASS  WMO 2902131: drawer includes Prof#
PASS  WMO 2902131: drawer includes Latitude
PASS  WMO 2902131: drawer includes Longitude
PASS  WMO 2902131: drawer includes Last Profile Date
PASS  WMO 2902131: drawer includes Expected Next Profile
PASS  WMO 2902131: drawer includes Days Since Last Profile
PASS  WMO 2902131: drawer includes Approx. Profiles Missed
PASS  WMO 2902131: drawer includes Data Status
PASS  WMO 2902131: profile wording only
PASS  WMO 2902201: search selects exactly one row
PASS  WMO 2902201: table fields match API  []
PASS  WMO 2902201: Last Profile Date is UTC
PASS  WMO 2902201: status follows exact 10/60-day policy
PASS  WMO 2902201: Expected Next Profile = Last Profile Date +10 days
PASS  WMO 2902201: unrounded elapsed days and floor(days/10)
PASS  WMO 2902201: estimate tooltip is explicit
PASS  WMO 2902201: drawer status and estimate agree
PASS  WMO 2902201: drawer includes WMO
PASS  WMO 2902201: drawer includes Internal ID
PASS  WMO 2902201: drawer includes Float Type
PASS  WMO 2902201: drawer includes Prof#
PASS  WMO 2902201: drawer includes Latitude
PASS  WMO 2902201: drawer includes Longitude
PASS  WMO 2902201: drawer includes Last Profile Date
PASS  WMO 2902201: drawer includes Expected Next Profile
PASS  WMO 2902201: drawer includes Days Since Last Profile
PASS  WMO 2902201: drawer includes Approx. Profiles Missed
PASS  WMO 2902201: drawer includes Data Status
PASS  WMO 2902201: profile wording only
PASS  WMO 2902203: search selects exactly one row
PASS  WMO 2902203: table fields match API  []
PASS  WMO 2902203: Last Profile Date is UTC
PASS  WMO 2902203: status follows exact 10/60-day policy
PASS  WMO 2902203: Expected Next Profile = Last Profile Date +10 days
PASS  WMO 2902203: unrounded elapsed days and floor(days/10)
PASS  WMO 2902203: estimate tooltip is explicit
PASS  WMO 2902203: drawer status and estimate agree
PASS  WMO 2902203: drawer includes WMO
PASS  WMO 2902203: drawer includes Internal ID
PASS  WMO 2902203: drawer includes Float Type
PASS  WMO 2902203: drawer includes Prof#
PASS  WMO 2902203: drawer includes Latitude
PASS  WMO 2902203: drawer includes Longitude
PASS  WMO 2902203: drawer includes Last Profile Date
PASS  WMO 2902203: drawer includes Expected Next Profile
PASS  WMO 2902203: drawer includes Days Since Last Profile
PASS  WMO 2902203: drawer includes Approx. Profiles Missed
PASS  WMO 2902203: drawer includes Data Status
PASS  WMO 2902203: profile wording only
PASS  WMO 2902206: search selects exactly one row
PASS  WMO 2902206: table fields match API  []
PASS  WMO 2902206: Last Profile Date is UTC
PASS  WMO 2902206: status follows exact 10/60-day policy
PASS  WMO 2902206: Expected Next Profile = Last Profile Date +10 days
PASS  WMO 2902206: unrounded elapsed days and floor(days/10)
PASS  WMO 2902206: estimate tooltip is explicit
PASS  WMO 2902206: drawer status and estimate agree
PASS  WMO 2902206: drawer includes WMO
PASS  WMO 2902206: drawer includes Internal ID
PASS  WMO 2902206: drawer includes Float Type
PASS  WMO 2902206: drawer includes Prof#
PASS  WMO 2902206: drawer includes Latitude
PASS  WMO 2902206: drawer includes Longitude
PASS  WMO 2902206: drawer includes Last Profile Date
PASS  WMO 2902206: drawer includes Expected Next Profile
PASS  WMO 2902206: drawer includes Days Since Last Profile
PASS  WMO 2902206: drawer includes Approx. Profiles Missed
PASS  WMO 2902206: drawer includes Data Status
PASS  WMO 2902206: profile wording only
PASS  WMO 2902222: search selects exactly one row
PASS  WMO 2902222: table fields match API  []
PASS  WMO 2902222: Last Profile Date is UTC
PASS  WMO 2902222: status follows exact 10/60-day policy
PASS  WMO 2902222: Expected Next Profile = Last Profile Date +10 days
PASS  WMO 2902222: unrounded elapsed days and floor(days/10)
PASS  WMO 2902222: estimate tooltip is explicit
PASS  WMO 2902222: drawer status and estimate agree
PASS  WMO 2902222: drawer includes WMO
PASS  WMO 2902222: drawer includes Internal ID
PASS  WMO 2902222: drawer includes Float Type
PASS  WMO 2902222: drawer includes Prof#
PASS  WMO 2902222: drawer includes Latitude
PASS  WMO 2902222: drawer includes Longitude
PASS  WMO 2902222: drawer includes Last Profile Date
PASS  WMO 2902222: drawer includes Expected Next Profile
PASS  WMO 2902222: drawer includes Days Since Last Profile
PASS  WMO 2902222: drawer includes Approx. Profiles Missed
PASS  WMO 2902222: drawer includes Data Status
PASS  WMO 2902222: profile wording only
PASS  WMO 2902223: search selects exactly one row
PASS  WMO 2902223: table fields match API  []
PASS  WMO 2902223: Last Profile Date is UTC
PASS  WMO 2902223: status follows exact 10/60-day policy
PASS  WMO 2902223: Expected Next Profile = Last Profile Date +10 days
PASS  WMO 2902223: unrounded elapsed days and floor(days/10)
PASS  WMO 2902223: estimate tooltip is explicit
PASS  WMO 2902223: drawer status and estimate agree
PASS  WMO 2902223: drawer includes WMO
PASS  WMO 2902223: drawer includes Internal ID
PASS  WMO 2902223: drawer includes Float Type
PASS  WMO 2902223: drawer includes Prof#
PASS  WMO 2902223: drawer includes Latitude
PASS  WMO 2902223: drawer includes Longitude
PASS  WMO 2902223: drawer includes Last Profile Date
PASS  WMO 2902223: drawer includes Expected Next Profile
PASS  WMO 2902223: drawer includes Days Since Last Profile
PASS  WMO 2902223: drawer includes Approx. Profiles Missed
PASS  WMO 2902223: drawer includes Data Status
PASS  WMO 2902223: profile wording only
PASS  WMO 2902224: search selects exactly one row
PASS  WMO 2902224: table fields match API  []
PASS  WMO 2902224: Last Profile Date is UTC
PASS  WMO 2902224: status follows exact 10/60-day policy
PASS  WMO 2902224: Expected Next Profile = Last Profile Date +10 days
PASS  WMO 2902224: unrounded elapsed days and floor(days/10)
PASS  WMO 2902224: estimate tooltip is explicit
PASS  WMO 2902224: drawer status and estimate agree
PASS  WMO 2902224: drawer includes WMO
PASS  WMO 2902224: drawer includes Internal ID
PASS  WMO 2902224: drawer includes Float Type
PASS  WMO 2902224: drawer includes Prof#
PASS  WMO 2902224: drawer includes Latitude
PASS  WMO 2902224: drawer includes Longitude
PASS  WMO 2902224: drawer includes Last Profile Date
PASS  WMO 2902224: drawer includes Expected Next Profile
PASS  WMO 2902224: drawer includes Days Since Last Profile
PASS  WMO 2902224: drawer includes Approx. Profiles Missed
PASS  WMO 2902224: drawer includes Data Status
PASS  WMO 2902224: profile wording only
PASS  WMO 2904082: search selects exactly one row
PASS  WMO 2904082: table fields match API  []
PASS  WMO 2904082: Last Profile Date is UTC
PASS  WMO 2904082: status follows exact 10/60-day policy
PASS  WMO 2904082: Expected Next Profile = Last Profile Date +10 days
PASS  WMO 2904082: unrounded elapsed days and floor(days/10)
PASS  WMO 2904082: estimate tooltip is explicit
PASS  WMO 2904082: drawer status and estimate agree
PASS  WMO 2904082: drawer includes WMO
PASS  WMO 2904082: drawer includes Internal ID
PASS  WMO 2904082: drawer includes Float Type
PASS  WMO 2904082: drawer includes Prof#
PASS  WMO 2904082: drawer includes Latitude
PASS  WMO 2904082: drawer includes Longitude
PASS  WMO 2904082: drawer includes Last Profile Date
PASS  WMO 2904082: drawer includes Expected Next Profile
PASS  WMO 2904082: drawer includes Days Since Last Profile
PASS  WMO 2904082: drawer includes Approx. Profiles Missed
PASS  WMO 2904082: drawer includes Data Status
PASS  WMO 2904082: profile wording only
PASS  WMO 6990711: search selects exactly one row
PASS  WMO 6990711: table fields match API  []
PASS  WMO 6990711: Last Profile Date is UTC
PASS  WMO 6990711: status follows exact 10/60-day policy
PASS  WMO 6990711: Expected Next Profile = Last Profile Date +10 days
PASS  WMO 6990711: unrounded elapsed days and floor(days/10)
PASS  WMO 6990711: estimate tooltip is explicit
PASS  WMO 6990711: drawer status and estimate agree
PASS  WMO 6990711: drawer includes WMO
PASS  WMO 6990711: drawer includes Internal ID
PASS  WMO 6990711: drawer includes Float Type
PASS  WMO 6990711: drawer includes Prof#
PASS  WMO 6990711: drawer includes Latitude
PASS  WMO 6990711: drawer includes Longitude
PASS  WMO 6990711: drawer includes Last Profile Date
PASS  WMO 6990711: drawer includes Expected Next Profile
PASS  WMO 6990711: drawer includes Days Since Last Profile
PASS  WMO 6990711: drawer includes Approx. Profiles Missed
PASS  WMO 6990711: drawer includes Data Status
PASS  WMO 6990711: profile wording only
PASS  WMO 7902408: search selects exactly one row
PASS  WMO 7902408: table fields match API  []
PASS  WMO 7902408: Last Profile Date is UTC
PASS  WMO 7902408: status follows exact 10/60-day policy
PASS  WMO 7902408: Expected Next Profile = Last Profile Date +10 days
PASS  WMO 7902408: unrounded elapsed days and floor(days/10)
PASS  WMO 7902408: estimate tooltip is explicit
PASS  WMO 7902408: drawer status and estimate agree
PASS  WMO 7902408: drawer includes WMO
PASS  WMO 7902408: drawer includes Internal ID
PASS  WMO 7902408: drawer includes Float Type
PASS  WMO 7902408: drawer includes Prof#
PASS  WMO 7902408: drawer includes Latitude
PASS  WMO 7902408: drawer includes Longitude
PASS  WMO 7902408: drawer includes Last Profile Date
PASS  WMO 7902408: drawer includes Expected Next Profile
PASS  WMO 7902408: drawer includes Days Since Last Profile
PASS  WMO 7902408: drawer includes Approx. Profiles Missed
PASS  WMO 7902408: drawer includes Data Status
PASS  WMO 7902408: profile wording only
PASS  clicking the real map marker opens the matching WMO detail
PASS  pagination covers all configured WMOs exactly once
PASS  search by Internal ID works
PASS  float-type filter ARVOR
PASS  float-type filter APEX
PASS  float-type filter PROVOR_III
PASS  data-status filter ACTIVE / RECENT PROFILE
PASS  data-status filter PROFILE OVERDUE
PASS  data-status filter NO RECENT PROFILE DATA 60+ DAYS
PASS  data-status filter NO DATA
PASS  sort WMO ID asc, nulls last, across pages
PASS  sort WMO ID desc, nulls last, across pages
PASS  sort Last Profile Date desc, nulls last, across pages
PASS  sort Last Profile Date asc, nulls last, across pages
PASS  sort Days Since Last Profile desc, nulls last, across pages
PASS  sort Days Since Last Profile asc, nulls last, across pages
PASS  sort Prof# desc, nulls last, across pages
PASS  sort Prof# asc, nulls last, across pages
PASS  sort Approx. Profiles Missed desc, nulls last, across pages
PASS  sort Approx. Profiles Missed asc, nulls last, across pages
PASS  empty search is honest, no fabricated rows
PASS  Back returns to Results without redesigning navigation
PASS  no runtime page errors
PASS  UTC presentation is identical in Kolkata and Los Angeles

661/661 checks passed; 30 floats field-checked
