(Jul 12 2017 10:11:48,  416783 sec) TelemetryInit()      Profile 42. (Apf9i FwRev: 061016)
(Jul 12 2017 10:18:38,  417193 sec) AirSystem()          Battery [189cnt, 14.7V]  Current [66cnt, 265.9mA]  Barometer [127cnt, 6.8"Hg]  Run-Time [45s]
(Jul 12 2017 10:19:24,  417238 sec) GetSurfaceObs()      P/O2,T2,TPhase,RPhase,RawTemp/FSig,BbSig,TSig: -0.2dbars / 228.0uM 27.811C 29.816 8.781 -156.722 / 77,153,528
(Jul 12 2017 10:19:29,  417244 sec) GpsServices()        GPS almanac is current.
(Jul 12 2017 10:19:29,  417244 sec) GpsServices()        Initiating GPS fix acquisition.
(Jul 12 2017 10:19:44,  417259 sec) gga()                $GPGGA,101920,1821.5213,N,09019.9726,E,0,00,,,M,,M,,*52
(Jul 12 2017 10:19:55,  417270 sec) gga()                $GPGGA,101930,1821.5213,N,09019.9726,E,0,00,,,M,,M,,*53
(Jul 12 2017 10:20:06,  417280 sec) gga()                $GPGGA,101940,1821.5213,N,09019.9726,E,0,00,,,M,,M,,*54
(Jul 12 2017 10:20:17,  417291 sec) gga()                $GPGGA,101950,1821.5213,N,09019.9726,E,0,00,,,M,,M,,*55
(Jul 12 2017 10:21:00,  417335 sec) gga()                $GPGGA,102000,1829.9784,N,09031.4611,E,1,11,0.7,12.5,M,-65.7,M,,*50
(Jul 12 2017 10:21:00,  417335 sec) GpsServices()        Profile 42 GPS fix obtained in 91 seconds.
(Jul 12 2017 10:21:01,  417335 sec) GpsServices()                  lon     lat mm/dd/yyyy hhmmss nsat
(Jul 12 2017 10:21:01,  417335 sec) GpsServices()        Fix:   90.524  18.500 07/12/2017 102000   11
(Jul 12 2017 10:21:50,  417385 sec) gga()                $GPGGA,102100,1829.9880,N,09031.4754,E,1,11,0.7,8.5,M,-65.7,M,,*61
(Jul 12 2017 10:21:58,  417392 sec) gga()                $GPGGA,102150,1829.9964,N,09031.4892,E,1,11,0.7,7.6,M,-65.7,M,,*66
(Jul 12 2017 10:21:58,  417393 sec) GpsServices()        APF9 RTC skew (8s) OK.
(Jul 12 2017 10:21:58,  417393 sec) GpsServices()        GPS services complete.
(Jul 12 2017 10:22:40,  417435 sec) CLogin()             Connecting to primary host.
(Jul 12 2017 10:22:58,  417453 sec) CLogin()             Connection 1 established in 18 seconds.
(Jul 12 2017 10:23:12,  417466 sec) login()              Login successful.
(Jul 12 2017 10:23:17,  417471 sec) chat()               Expected string [cmd>] not received.
(Jul 12 2017 10:23:17,  417471 sec) login()              Attempt to set the command prompt failed.
(Jul 12 2017 10:23:23,  417477 sec) CLogin()             Logged in to host.  [Login required 25 seconds]
(Jul 12 2017 10:23:37,  417492 sec) RxConfig()           Downloading "mission.cfg" from host.
(Jul 12 2017 10:23:40,  417494 sec) Rx()                 Initiating transfer. [0x43]
(Jul 12 2017 10:23:47,  417502 sec) Rx()                 Pad character [0x1a] found in ascii mode - truncating packet.
(Jul 12 2017 10:23:53,  417507 sec) Rx()                 Received EOT - transfer complete. [1 packets, 1024 bytes, 13 sec, 78.8 bps]
(Jul 12 2017 10:23:53,  417507 sec) RxConfig()           Download successful.
(Jul 12 2017 10:24:16,  417531 sec) WriteVitals()        Writing vitals to "7825.042.msg".
(Jul 12 2017 10:24:31,  417546 sec) UpLoadFile()         Uploading "7825.042.msg" to host as "7825.042.msg".
(Jul 12 2017 10:24:34,  417549 sec) Tx()                 CRC negotiation successful. [16-bit CRC]
(Jul 12 2017 10:24:41,  417555 sec) TxPacket()           Invalid response [0x43] - resending packet. [PktNum=0x01]
(Jul 12 2017 10:24:41,  417556 sec) TxPacket()           Packet xmit history: [01110001] (0:ok, 1:fail).
(Jul 12 2017 10:24:48,  417562 sec) TxPacket()           NAK received - resending packet. [PktNum=0x02]
(Jul 12 2017 10:24:48,  417563 sec) TxPacket()           Packet xmit history: [11000101] (0:ok, 1:fail).
(Jul 12 2017 10:24:57,  417571 sec) TxPacket()           NAK received - resending packet. [PktNum=0x04]
(Jul 12 2017 10:24:57,  417572 sec) TxPacket()           Packet xmit history: [00101001] (0:ok, 1:fail).
(Jul 12 2017 10:25:01,  417575 sec) TxPacket()           NAK received - resending packet. [PktNum=0x04]
(Jul 12 2017 10:25:01,  417576 sec) TxPacket()           Packet xmit history: [01010011] (0:ok, 1:fail).
(Jul 12 2017 10:25:09,  417583 sec) TxPacket()           Packet xmit history: [10100110] (0:ok, 1:fail).
(Jul 12 2017 10:25:16,  417591 sec) TxPacket()           Invalid response [0x63] - resending packet. [PktNum=0x04]
(Jul 12 2017 10:25:16,  417591 sec) TxPacket()           Packet xmit history: [01001101] (0:ok, 1:fail).
(Jul 12 2017 10:25:18,  417593 sec) TxPacket()           Invalid response [0x5e] - resending packet. [PktNum=0x04]
(Jul 12 2017 10:25:19,  417593 sec) TxPacket()           Packet xmit history: [10011011] (0:ok, 1:fail).
(Jul 12 2017 10:25:20,  417594 sec) TxPacket()           Invalid response [0x50] - resending packet. [PktNum=0x04]
(Jul 12 2017 10:25:20,  417595 sec) TxPacket()           Packet xmit history: [00110111] (0:ok, 1:fail).
(Jul 12 2017 10:25:22,  417597 sec) TxPacket()           Invalid response [0x6d] - resending packet. [PktNum=0x04]
(Jul 12 2017 10:25:22,  417597 sec) TxPacket()           Packet xmit history: [01101111] (0:ok, 1:fail).
(Jul 12 2017 10:25:25,  417600 sec) TxPacket()           Invalid response [0x31] - resending packet. [PktNum=0x04]
(Jul 12 2017 10:25:25,  417600 sec) TxPacket()           Packet xmit history: [11011111] (0:ok, 1:fail).
(Jul 12 2017 10:25:29,  417603 sec) TxPacket()           Invalid response [0x20] - resending packet. [PktNum=0x04]
(Jul 12 2017 10:25:29,  417603 sec) TxPacket()           Packet xmit history: [10111111] (0:ok, 1:fail).
(Jul 12 2017 10:25:32,  417607 sec) TxPacket()           Invalid response [0x36] - resending packet. [PktNum=0x04]
(Jul 12 2017 10:25:32,  417607 sec) TxPacket()           Packet xmit history: [01111111] (0:ok, 1:fail).
(Jul 12 2017 10:25:32,  417607 sec) TxPacket()           Exit status: -5
(Jul 12 2017 10:25:32,  417607 sec) Tx()                 Packet transmission failed - aborting transfer.
(Jul 12 2017 10:25:45,  417620 sec) UpLoadFile()         Upload failed.
(Jul 12 2017 10:25:58,  417633 sec) UpLoadFile()         Uploading "7825.042.log" to host as "7825.042.log".
(Jul 12 2017 10:26:58,  417692 sec) Tx()                 CRC negotiation failed - aborting transfer.
(Jul 12 2017 10:27:09,  417703 sec) UpLoadFile()         Upload failed.
(Jul 12 2017 10:27:09,  417704 sec) UpLoad()             Files successfully uploaded: 0
(Jul 12 2017 10:27:09,  417704 sec) UpLoad()             Aborting upload: Retry limit [2] exceeded. Upload incomplete.
(Jul 12 2017 10:27:17,  417711 sec) chat()               Expected string [logout] not received.
(Jul 12 2017 10:27:17,  417711 sec) logout()             Attempt to log-out failed.
(Jul 12 2017 10:27:17,  417712 sec) logout()             No carrier detected.
(Jul 12 2017 10:27:17,  417712 sec) Telemetry()          Telemetry cycle complete: PrfId=42 ConnectionAttempts=1  Connections=1
(Jul 12 2017 10:42:32,  418626 sec) AirSystem()          Air-bladder inflation by-passed. Barometer: [126cnt, 6.5"Hg].
(Jul 12 2017 10:43:17,  418671 sec) GetSurfaceObs()      P/O2,T2,TPhase,RPhase,RawTemp/FSig,BbSig,TSig: -0.2dbars / 227.3uM 28.222C 29.696 8.758 -169.415 / 76,154,528
(Jul 12 2017 10:43:22,  418677 sec) GpsServices()        GPS almanac is current.
(Jul 12 2017 10:43:22,  418677 sec) GpsServices()        Initiating GPS fix acquisition.
(Jul 12 2017 10:44:10,  418725 sec) gga()                $GPGGA,104320,1830.1902,N,09031.8268,E,6,03,0.8,18.3,M,-65.6,M,,*57
(Jul 12 2017 10:44:53,  418768 sec) gga()                $GPGGA,104330,1830.1906,N,09031.8254,E,6,10,0.8,15.8,M,-65.6,M,,*59
(Jul 12 2017 10:46:20,  418855 sec) gga()                $GPGGA,104530,1830.2089,N,09031.8530,E,1,10,0.8,5.3,M,-65.6,M,,*6A
(Jul 12 2017 10:46:20,  418855 sec) GpsServices()        Profile 42 GPS fix obtained in 178 seconds.
(Jul 12 2017 10:46:21,  418855 sec) GpsServices()                  lon     lat mm/dd/yyyy hhmmss nsat
(Jul 12 2017 10:46:21,  418855 sec) GpsServices()        Fix:   90.531  18.503 07/12/2017 104530   10
(Jul 12 2017 10:47:10,  418905 sec) gga()                $GPGGA,104620,1830.2165,N,09031.8659,E,1,09,0.9,7.6,M,-65.6,M,,*69
(Jul 12 2017 10:47:18,  418912 sec) gga()                $GPGGA,104710,1830.2247,N,09031.8784,E,1,09,0.9,9.5,M,-65.6,M,,*64
(Jul 12 2017 10:47:18,  418913 sec) GpsServices()        APF9 RTC skew (8s) OK.
(Jul 12 2017 10:47:18,  418913 sec) GpsServices()        GPS services complete.
(Jul 12 2017 10:48:08,  418963 sec) CLogin()             Connecting to primary host.
(Jul 12 2017 10:48:19,  418973 sec) CLogin()             Connection 2 established in 11 seconds.
(Jul 12 2017 10:48:30,  418985 sec) login()              Login successful.
(Jul 12 2017 10:48:34,  418988 sec) CLogin()             Logged in to host.  [Login required 15 seconds]
(Jul 12 2017 10:48:46,  419000 sec) RxConfig()           Downloading "mission.cfg" from host.
(Jul 12 2017 10:48:48,  419003 sec) Rx()                 Initiating transfer. [0x43]
(Jul 12 2017 10:48:53,  419008 sec) RxStartByte()        Sync errors encountered: 330
(Jul 12 2017 10:48:58,  419012 sec) Rx()                 Truncated packet received - retrying.
(Jul 12 2017 10:48:59,  419014 sec) RxStartByte()        Sync errors encountered: 316
(Jul 12 2017 10:49:05,  419020 sec) Rx()                 Pad character [0x1a] found in ascii mode - truncating packet.
(Jul 12 2017 10:49:13,  419027 sec) Rx()                 Received EOT - transfer complete. [1 packets, 1024 bytes, 25 sec, 41.0 bps]
(Jul 12 2017 10:49:13,  419027 sec) RxConfig()           Download successful.
(Jul 12 2017 10:49:36,  419051 sec) WriteVitals()        Writing vitals to "7825.042.msg".
(Jul 12 2017 10:49:51,  419066 sec) UpLoadFile()         Uploading "7825.042.msg" to host as "7825.042.msg".
(Jul 12 2017 10:49:57,  419071 sec) Tx()                 CRC negotiation successful. [16-bit CRC]
(Jul 12 2017 10:50:06,  419080 sec) TxPacket()           Invalid response [0x43] - resending packet. [PktNum=0x01]
(Jul 12 2017 10:50:06,  419081 sec) TxPacket()           Packet xmit history: [01110001] (0:ok, 1:fail).
(Jul 12 2017 10:50:33,  419107 sec) TxPacket()           NAK received - resending packet. [PktNum=0x02]
(Jul 12 2017 10:50:33,  419108 sec) TxPacket()           Packet xmit history: [11000101] (0:ok, 1:fail).
(Jul 12 2017 10:50:56,  419131 sec) TxPacket()           NAK received - resending packet. [PktNum=0x04]
(Jul 12 2017 10:50:57,  419131 sec) TxPacket()           Packet xmit history: [00101001] (0:ok, 1:fail).
(Jul 12 2017 10:51:04,  419138 sec) TxPacket()           NAK received - resending packet. [PktNum=0x04]
(Jul 12 2017 10:51:04,  419138 sec) TxPacket()           Packet xmit history: [01010011] (0:ok, 1:fail).
(Jul 12 2017 10:51:15,  419149 sec) TxPacket()           Packet xmit history: [10100110] (0:ok, 1:fail).
(Jul 12 2017 10:51:25,  419159 sec) TxPacket()           Invalid response [0x63] - resending packet. [PktNum=0x04]
(Jul 12 2017 10:51:25,  419159 sec) TxPacket()           Packet xmit history: [01001101] (0:ok, 1:fail).
(Jul 12 2017 10:51:28,  419162 sec) TxPacket()           Invalid response [0x30] - resending packet. [PktNum=0x04]
(Jul 12 2017 10:51:28,  419162 sec) TxPacket()           Packet xmit history: [10011011] (0:ok, 1:fail).
(Jul 12 2017 10:51:30,  419164 sec) TxPacket()           Invalid response [0x42] - resending packet. [PktNum=0x04]
(Jul 12 2017 10:51:30,  419165 sec) TxPacket()           Packet xmit history: [00110111] (0:ok, 1:fail).
(Jul 12 2017 10:51:33,  419168 sec) TxPacket()           Invalid response [0x75] - resending packet. [PktNum=0x04]
(Jul 12 2017 10:51:33,  419168 sec) TxPacket()           Packet xmit history: [01101111] (0:ok, 1:fail).
(Jul 12 2017 10:51:34,  419169 sec) TxPacket()           Invalid response [0x79] - resending packet. [PktNum=0x04]
(Jul 12 2017 10:51:35,  419169 sec) TxPacket()           Packet xmit history: [11011111] (0:ok, 1:fail).
(Jul 12 2017 10:51:38,  419173 sec) TxPacket()           Invalid response [0x39] - resending packet. [PktNum=0x04]
(Jul 12 2017 10:51:38,  419173 sec) TxPacket()           Packet xmit history: [10111111] (0:ok, 1:fail).
(Jul 12 2017 10:51:42,  419177 sec) TxPacket()           Invalid response [0x61] - resending packet. [PktNum=0x04]
(Jul 12 2017 10:51:42,  419177 sec) TxPacket()           Packet xmit history: [01111111] (0:ok, 1:fail).
(Jul 12 2017 10:51:42,  419177 sec) TxPacket()           Exit status: -5
(Jul 12 2017 10:51:43,  419177 sec) Tx()                 Packet transmission failed - aborting transfer.
(Jul 12 2017 10:51:55,  419190 sec) UpLoadFile()         Upload failed.
(Jul 12 2017 10:52:14,  419209 sec) UpLoadFile()         Uploading "7825.042.log" to host as "7825.042.log".
(Jul 12 2017 10:53:14,  419268 sec) Tx()                 CRC negotiation failed - aborting transfer.
(Jul 12 2017 10:53:25,  419279 sec) UpLoadFile()         Upload failed.
(Jul 12 2017 10:53:25,  419280 sec) UpLoad()             Files successfully uploaded: 0
(Jul 12 2017 10:53:25,  419280 sec) UpLoad()             Aborting upload: Retry limit [2] exceeded. Upload incomplete.
(Jul 12 2017 10:53:30,  419284 sec) chat()               Expected string [cmd>] not received.
(Jul 12 2017 10:53:30,  419284 sec) logout()             Can't get command prompt.
(Jul 12 2017 10:53:32,  419287 sec) logout()             Log-out successful.
(Jul 12 2017 10:53:33,  419288 sec) Telemetry()          Telemetry cycle complete: PrfId=42 ConnectionAttempts=2  Connections=2
(Jul 12 2017 11:08:48,  420202 sec) AirSystem()          Air-bladder inflation by-passed. Barometer: [127cnt, 6.8"Hg].
(Jul 12 2017 11:09:57,  420271 sec) GetSurfaceObs()      P/O2,T2,TPhase,RPhase,RawTemp/FSig,BbSig,TSig: -0.2dbars / 224.9uM 28.583C 29.676 8.753 -180.506 / 78,160,528
(Jul 12 2017 11:10:02,  420277 sec) GpsServices()        GPS almanac is current.
(Jul 12 2017 11:10:02,  420277 sec) GpsServices()        Initiating GPS fix acquisition.
(Jul 12 2017 11:10:19,  420293 sec) gga()                $GPGGA,111000,1830.2205,N,09031.8726,E,0,00,,,M,,M,,*53
(Jul 12 2017 11:11:01,  420336 sec) gga()                $GPGGA,111010,1830.4480,N,09032.2047,E,6,09,0.9,7.8,M,-65.6,M,,*69
(Jul 12 2017 11:11:44,  420379 sec) gga()                $GPGGA,111030,1830.4513,N,09032.2078,E,1,09,1.0,8.9,M,-65.6,M,,*6D
(Jul 12 2017 11:11:45,  420379 sec) GpsServices()        Profile 42 GPS fix obtained in 102 seconds.
(Jul 12 2017 11:11:45,  420379 sec) GpsServices()                  lon     lat mm/dd/yyyy hhmmss nsat
(Jul 12 2017 11:11:45,  420380 sec) GpsServices()        Fix:   90.537  18.508 07/12/2017 111030    9
(Jul 12 2017 11:12:30,  420425 sec) gga()                $GPGGA,111140,1830.4627,N,09032.2238,E,1,09,0.9,12.0,M,-65.6,M,,*53
(Jul 12 2017 11:12:38,  420432 sec) gga()                $GPGGA,111230,1830.4705,N,09032.2344,E,1,09,0.9,6.0,M,-65.6,M,,*69
(Jul 12 2017 11:12:38,  420433 sec) GpsServices()        APF9 RTC skew (8s) OK.
(Jul 12 2017 11:12:38,  420433 sec) GpsServices()        GPS services complete.
(Jul 12 2017 11:13:20,  420475 sec) CLogin()             Connecting to primary host.
(Jul 12 2017 11:13:33,  420487 sec) CLogin()             Connection 3 established in 13 seconds.
(Jul 12 2017 11:13:41,  420496 sec) login()              Login successful.
(Jul 12 2017 11:13:46,  420500 sec) chat()               Expected string [cmd>] not received.
(Jul 12 2017 11:13:46,  420500 sec) login()              Attempt to set the command prompt failed.
(Jul 12 2017 11:13:47,  420502 sec) CLogin()             Logged in to host.  [Login required 14 seconds]
(Jul 12 2017 11:14:02,  420516 sec) RxConfig()           Downloading "mission.cfg" from host.
(Jul 12 2017 11:14:04,  420519 sec) Rx()                 Initiating transfer. [0x43]
(Jul 12 2017 11:14:09,  420524 sec) RxStartByte()        Sync errors encountered: 516
(Jul 12 2017 11:14:12,  420527 sec) Rx()                 Pad character [0x1a] found in ascii mode - truncating packet.
(Jul 12 2017 11:14:17,  420531 sec) Rx()                 Received EOT - transfer complete. [1 packets, 1024 bytes, 13 sec, 78.8 bps]
(Jul 12 2017 11:14:17,  420531 sec) RxConfig()           Download successful.
(Jul 12 2017 11:14:40,  420555 sec) WriteVitals()        Writing vitals to "7825.042.msg".
(Jul 12 2017 11:14:50,  420565 sec) UpLoadFile()         Uploading "7825.042.msg" to host as "7825.042.msg".
(Jul 12 2017 11:14:54,  420568 sec) Tx()                 CRC negotiation successful. [16-bit CRC]
(Jul 12 2017 11:15:05,  420580 sec) TxPacket()           NAK received - resending packet. [PktNum=0x01]
(Jul 12 2017 11:15:05,  420580 sec) TxPacket()           Packet xmit history: [01110001] (0:ok, 1:fail).
(Jul 12 2017 11:15:26,  420600 sec) TxPacket()           NAK received - resending packet. [PktNum=0x04]
(Jul 12 2017 11:15:26,  420601 sec) TxPacket()           Packet xmit history: [00010001] (0:ok, 1:fail).
(Jul 12 2017 11:15:58,  420633 sec) TxPacket()           NAK received - resending packet. [PktNum=0x07]
(Jul 12 2017 11:15:58,  420633 sec) TxPacket()           Packet xmit history: [00010001] (0:ok, 1:fail).
(Jul 12 2017 11:16:03,  420637 sec) TxPacket()           NAK received - resending packet. [PktNum=0x07]
(Jul 12 2017 11:16:03,  420637 sec) TxPacket()           Packet xmit history: [00100011] (0:ok, 1:fail).
(Jul 12 2017 11:16:08,  420642 sec) TxPacket()           NAK received - resending packet. [PktNum=0x07]
(Jul 12 2017 11:16:08,  420643 sec) TxPacket()           Packet xmit history: [01000111] (0:ok, 1:fail).
(Jul 12 2017 11:16:12,  420646 sec) TxPacket()           NAK received - resending packet. [PktNum=0x07]
(Jul 12 2017 11:16:12,  420646 sec) TxPacket()           Packet xmit history: [10001111] (0:ok, 1:fail).
(Jul 12 2017 11:16:28,  420663 sec) TxPacket()           NAK received - resending packet. [PktNum=0x07]
(Jul 12 2017 11:16:29,  420663 sec) TxPacket()           Packet xmit history: [00011111] (0:ok, 1:fail).
(Jul 12 2017 11:16:34,  420668 sec) TxPacket()           NAK received - resending packet. [PktNum=0x08]
(Jul 12 2017 11:16:34,  420668 sec) TxPacket()           Packet xmit history: [01111101] (0:ok, 1:fail).
(Jul 12 2017 11:16:51,  420686 sec) TxPacket()           NAK received - resending packet. [PktNum=0x0a]
(Jul 12 2017 11:16:51,  420686 sec) TxPacket()           Packet xmit history: [11101001] (0:ok, 1:fail).
(Jul 12 2017 11:17:01,  420695 sec) TxPacket()           False CAN detected - resending packet. [PktNum=0x0a]
(Jul 12 2017 11:17:01,  420695 sec) TxPacket()           Packet xmit history: [11010011] (0:ok, 1:fail).
(Jul 12 2017 11:17:13,  420708 sec) TxPacket()           Invalid response [0x63] - resending packet. [PktNum=0x0a]
(Jul 12 2017 11:17:13,  420708 sec) TxPacket()           Packet xmit history: [10100111] (0:ok, 1:fail).
(Jul 12 2017 11:17:17,  420712 sec) TxPacket()           Invalid response [0x5e] - resending packet. [PktNum=0x0a]
(Jul 12 2017 11:17:18,  420712 sec) TxPacket()           Packet xmit history: [01001111] (0:ok, 1:fail).
(Jul 12 2017 11:17:18,  420713 sec) TxPacket()           Invalid response [0x36] - resending packet. [PktNum=0x0a]
(Jul 12 2017 11:17:18,  420713 sec) TxPacket()           Packet xmit history: [10011111] (0:ok, 1:fail).
(Jul 12 2017 11:17:21,  420715 sec) TxPacket()           Invalid response [0x31] - resending packet. [PktNum=0x0a]
(Jul 12 2017 11:17:21,  420716 sec) TxPacket()           Packet xmit history: [00111111] (0:ok, 1:fail).
(Jul 12 2017 11:17:23,  420718 sec) TxPacket()           Invalid response [0x0d] - resending packet. [PktNum=0x0a]
(Jul 12 2017 11:17:23,  420718 sec) TxPacket()           Packet xmit history: [01111111] (0:ok, 1:fail).
(Jul 12 2017 11:17:31,  420726 sec) TxPacket()           Invalid response [0x6d] - resending packet. [PktNum=0x0a]
(Jul 12 2017 11:17:32,  420726 sec) TxPacket()           Packet xmit history: [11111111] (0:ok, 1:fail).
(Jul 12 2017 11:17:34,  420729 sec) TxPacket()           Invalid response [0x6f] - resending packet. [PktNum=0x0a]
(Jul 12 2017 11:17:34,  420729 sec) TxPacket()           Packet xmit history: [11111111] (0:ok, 1:fail).
(Jul 12 2017 11:17:35,  420730 sec) TxPacket()           Invalid response [0x36] - resending packet. [PktNum=0x0a]
(Jul 12 2017 11:17:35,  420730 sec) TxPacket()           Packet xmit history: [11111111] (0:ok, 1:fail).
(Jul 12 2017 11:17:35,  420730 sec) TxPacket()           Exit status: -5
(Jul 12 2017 11:17:36,  420730 sec) Tx()                 Packet transmission failed - aborting transfer.
(Jul 12 2017 11:17:47,  420742 sec) UpLoadFile()         Upload failed.
(Jul 12 2017 11:17:58,  420752 sec) UpLoadFile()         Uploading "7825.042.log" to host as "7825.042.log".
(Jul 12 2017 11:18:58,  420812 sec) Tx()                 CRC negotiation failed - aborting transfer.
(Jul 12 2017 11:19:09,  420823 sec) UpLoadFile()         Upload failed.
(Jul 12 2017 11:19:09,  420824 sec) UpLoad()             Files successfully uploaded: 0
(Jul 12 2017 11:19:09,  420824 sec) UpLoad()             Aborting upload: Retry limit [2] exceeded. Upload incomplete.
(Jul 12 2017 11:19:13,  420828 sec) logout()             Log-out successful.
(Jul 12 2017 11:19:14,  420829 sec) Telemetry()          Telemetry cycle complete: PrfId=42 ConnectionAttempts=3  Connections=3
(Jul 12 2017 11:34:34,  421748 sec) AirSystem()          Battery [194cnt, 15.0V]  Current [67cnt, 270.0mA]  Barometer [129cnt, 7.4"Hg]  Run-Time [3s]
(Jul 12 2017 11:35:27,  421801 sec) GetSurfaceObs()      P/O2,T2,TPhase,RPhase,RawTemp/FSig,BbSig,TSig: -0.2dbars / 224.0uM 28.553C 29.732 8.757 -179.589 / 79,160,528
(Jul 12 2017 11:35:32,  421807 sec) GpsServices()        GPS almanac is current.
(Jul 12 2017 11:35:32,  421807 sec) GpsServices()        Initiating GPS fix acquisition.
(Jul 12 2017 11:36:20,  421855 sec) gga()                $GPGGA,113530,1830.6755,N,09032.5581,E,1,04,1.6,-6.9,M,-65.6,M,,*44
(Jul 12 2017 11:36:21,  421855 sec) GpsServices()        Profile 42 GPS fix obtained in 48 seconds.
(Jul 12 2017 11:36:21,  421856 sec) GpsServices()                  lon     lat mm/dd/yyyy hhmmss nsat
(Jul 12 2017 11:36:21,  421856 sec) GpsServices()        Fix:   90.543  18.511 07/12/2017 113530    4
(Jul 12 2017 11:37:10,  421905 sec) gga()                $GPGGA,113620,1830.6803,N,09032.5677,E,1,09,0.9,7.7,M,-65.6,M,,*61
(Jul 12 2017 11:37:18,  421912 sec) gga()                $GPGGA,113710,1830.6856,N,09032.5787,E,1,09,0.9,10.2,M,-65.6,M,,*5E
(Jul 12 2017 11:37:18,  421913 sec) GpsServices()        APF9 RTC skew (8s) OK.
(Jul 12 2017 11:37:18,  421913 sec) GpsServices()        GPS services complete.
(Jul 12 2017 11:37:52,  421947 sec) CLogin()             Connecting to primary host.
(Jul 12 2017 11:38:02,  421956 sec) CLogin()             Connection 4 established in 10 seconds.
(Jul 12 2017 11:38:13,  421967 sec) login()              Login successful.
(Jul 12 2017 11:38:16,  421971 sec) CLogin()             Logged in to host.  [Login required 14 seconds]
(Jul 12 2017 11:38:28,  421983 sec) RxConfig()           Downloading "mission.cfg" from host.
(Jul 12 2017 11:38:31,  421985 sec) Rx()                 Initiating transfer. [0x43]
(Jul 12 2017 11:38:33,  421988 sec) RxStartByte()        Sync errors encountered: 499
(Jul 12 2017 11:38:37,  421991 sec) Rx()                 Pad character [0x1a] found in ascii mode - truncating packet.
(Jul 12 2017 11:38:41,  421995 sec) Rx()                 Received EOT - transfer complete. [1 packets, 1024 bytes, 10 sec, 102.4 bps]
(Jul 12 2017 11:38:41,  421995 sec) RxConfig()           Download successful.
(Jul 12 2017 11:39:04,  422019 sec) WriteVitals()        Writing vitals to "7825.042.msg".
(Jul 12 2017 11:39:15,  422029 sec) UpLoadFile()         Uploading "7825.042.msg" to host as "7825.042.msg".
(Jul 12 2017 11:39:18,  422032 sec) Tx()                 CRC negotiation successful. [16-bit CRC]
(Jul 12 2017 11:39:21,  422036 sec) TxPacket()           Invalid response [0x43] - resending packet. [PktNum=0x01]
(Jul 12 2017 11:39:21,  422036 sec) TxPacket()           Packet xmit history: [01110001] (0:ok, 1:fail).
(Jul 12 2017 11:39:29,  422043 sec) TxPacket()           NAK received - resending packet. [PktNum=0x01]
(Jul 12 2017 11:39:29,  422043 sec) TxPacket()           Packet xmit history: [11100011] (0:ok, 1:fail).
(Jul 12 2017 11:40:01,  422075 sec) TxPacket()           NAK received - resending packet. [PktNum=0x06]
(Jul 12 2017 11:40:01,  422075 sec) TxPacket()           Packet xmit history: [11000001] (0:ok, 1:fail).
(Jul 12 2017 11:40:34,  422108 sec) TxPacket()           NAK received - resending packet. [PktNum=0x0a]
(Jul 12 2017 11:40:34,  422108 sec) TxPacket()           Packet xmit history: [00100001] (0:ok, 1:fail).
(Jul 12 2017 11:40:53,  422127 sec) TxPacket()           NAK received - resending packet. [PktNum=0x0c]
(Jul 12 2017 11:40:53,  422127 sec) TxPacket()           Packet xmit history: [00001001] (0:ok, 1:fail).
(Jul 12 2017 11:41:09,  422143 sec) TxPacket()           NAK received - resending packet. [PktNum=0x0e]
(Jul 12 2017 11:41:09,  422143 sec) TxPacket()           Packet xmit history: [01001001] (0:ok, 1:fail).
(Jul 12 2017 11:41:48,  422183 sec) TxPacket()           NAK received - resending packet. [PktNum=0x12]
(Jul 12 2017 11:41:48,  422183 sec) TxPacket()           Packet xmit history: [00100001] (0:ok, 1:fail).
(Jul 12 2017 11:42:02,  422196 sec) TxPacket()           NAK received - resending packet. [PktNum=0x13]
(Jul 12 2017 11:42:02,  422196 sec) TxPacket()           Packet xmit history: [10000101] (0:ok, 1:fail).
(Jul 12 2017 11:42:11,  422206 sec) TxPacket()           NAK received - resending packet. [PktNum=0x13]
(Jul 12 2017 11:42:11,  422206 sec) TxPacket()           Packet xmit history: [00001011] (0:ok, 1:fail).
(Jul 12 2017 11:42:25,  422219 sec) TxPacket()           NAK received - resending packet. [PktNum=0x14]
(Jul 12 2017 11:42:25,  422219 sec) TxPacket()           Packet xmit history: [00101101] (0:ok, 1:fail).
(Jul 12 2017 11:42:31,  422225 sec) TxPacket()           NAK received - resending packet. [PktNum=0x14]
(Jul 12 2017 11:42:31,  422225 sec) TxPacket()           Packet xmit history: [01011011] (0:ok, 1:fail).
(Jul 12 2017 11:42:39,  422233 sec) TxPacket()           NAK received - resending packet. [PktNum=0x14]
(Jul 12 2017 11:42:39,  422233 sec) TxPacket()           Packet xmit history: [10110111] (0:ok, 1:fail).
(Jul 12 2017 11:42:56,  422250 sec) Tx()                 Transmission completed successfully [23 packets, 19938 bytes, 217 sec, 92.0 bps]
(Jul 12 2017 11:42:56,  422251 sec) UpLoadFile()         Upload successful.
(Jul 12 2017 11:43:04,  422259 sec) UpLoadFile()         Uploading "7825.042.log" to host as "7825.042.log".
(Jul 12 2017 11:43:08,  422262 sec) Tx()                 CRC negotiation successful. [16-bit CRC]
(Jul 12 2017 11:43:11,  422266 sec) TxPacket()           Invalid response [0x43] - resending packet. [PktNum=0x01]
(Jul 12 2017 11:43:11,  422266 sec) TxPacket()           Packet xmit history: [11100001] (0:ok, 1:fail).
(Jul 12 2017 11:43:24,  422278 sec) TxPacket()           NAK received - resending packet. [PktNum=0x04]
(Jul 12 2017 11:43:24,  422279 sec) TxPacket()           Packet xmit history: [00010001] (0:ok, 1:fail).
(Jul 12 2017 11:43:31,  422285 sec) TxPacket()           Packet xmit history: [00100010] (0:ok, 1:fail).
(Jul 12 2017 11:43:38,  422292 sec) TxPacket()           Invalid response [0x63] - resending packet. [PktNum=0x04]
(Jul 12 2017 11:43:38,  422292 sec) TxPacket()           Packet xmit history: [01000101] (0:ok, 1:fail).
(Jul 12 2017 11:43:40,  422294 sec) TxPacket()           Invalid response [0x5e] - resending packet. [PktNum=0x04]
(Jul 12 2017 11:43:40,  422295 sec) TxPacket()           Packet xmit history: [10001011] (0:ok, 1:fail).
(Jul 12 2017 11:43:41,  422296 sec) TxPacket()           Invalid response [0x35] - resending packet. [PktNum=0x04]
(Jul 12 2017 11:43:41,  422296 sec) TxPacket()           Packet xmit history: [00010111] (0:ok, 1:fail).
(Jul 12 2017 11:43:42,  422297 sec) TxPacket()           Invalid response [0x20] - resending packet. [PktNum=0x04]
(Jul 12 2017 11:43:43,  422297 sec) TxPacket()           Packet xmit history: [00101111] (0:ok, 1:fail).
(Jul 12 2017 11:43:45,  422300 sec) TxPacket()           Invalid response [0x20] - resending packet. [PktNum=0x04]
(Jul 12 2017 11:43:45,  422300 sec) TxPacket()           Packet xmit history: [01011111] (0:ok, 1:fail).
(Jul 12 2017 11:43:49,  422304 sec) TxPacket()           Invalid response [0x74] - resending packet. [PktNum=0x04]
(Jul 12 2017 11:43:49,  422304 sec) TxPacket()           Packet xmit history: [10111111] (0:ok, 1:fail).
(Jul 12 2017 11:43:50,  422305 sec) TxPacket()           Invalid response [0x65] - resending packet. [PktNum=0x04]
(Jul 12 2017 11:43:51,  422305 sec) TxPacket()           Packet xmit history: [01111111] (0:ok, 1:fail).
(Jul 12 2017 11:43:52,  422307 sec) TxPacket()           Invalid response [0x73] - resending packet. [PktNum=0x04]
(Jul 12 2017 11:43:53,  422307 sec) TxPacket()           Packet xmit history: [11111111] (0:ok, 1:fail).
(Jul 12 2017 11:43:53,  422308 sec) TxPacket()           Exit status: -5
(Jul 12 2017 11:43:54,  422308 sec) Tx()                 Packet transmission failed - aborting transfer.
(Jul 12 2017 11:44:06,  422320 sec) UpLoadFile()         Upload failed.
(Jul 12 2017 11:44:28,  422342 sec) UpLoadFile()         Uploading "7825.042.log" to host as "7825.042.log".
(Jul 12 2017 11:45:28,  422402 sec) Tx()                 CRC negotiation failed - aborting transfer.
(Jul 12 2017 11:45:39,  422413 sec) UpLoadFile()         Upload failed.
(Jul 12 2017 11:45:39,  422414 sec) UpLoad()             Files successfully uploaded: 1
(Jul 12 2017 11:45:39,  422414 sec) UpLoad()             Aborting upload: Retry limit [2] exceeded. Upload incomplete.
(Jul 12 2017 11:45:46,  422420 sec) chat()               Expected string [logout] not received.
(Jul 12 2017 11:45:46,  422420 sec) logout()             Attempt to log-out failed.
(Jul 12 2017 11:45:46,  422421 sec) logout()             No carrier detected.
(Jul 12 2017 11:45:46,  422421 sec) Telemetry()          Telemetry cycle complete: PrfId=42 ConnectionAttempts=4  Connections=4
(Jul 12 2017 12:01:01,  423335 sec) AirSystem()          Air-bladder inflation by-passed. Barometer: [127cnt, 6.8"Hg].
(Jul 12 2017 12:02:02,  423396 sec) GetSurfaceObs()      P/O2,T2,TPhase,RPhase,RawTemp/FSig,BbSig,TSig: -0.0dbars / 223.8uM 28.831C 29.641 8.755 -188.114 / 77,148,528
(Jul 12 2017 12:02:03,  423397 sec) GpsServices()        GPS almanac is current.
(Jul 12 2017 12:02:03,  423397 sec) GpsServices()        Initiating GPS fix acquisition.
(Jul 12 2017 12:02:51,  423446 sec) gga()                $GPGGA,120200,1830.8656,N,09032.8592,E,6,07,1.3,6.6,M,-65.6,M,,*60
(Jul 12 2017 12:03:34,  423489 sec) gga()                $GPGGA,120210,1830.8415,N,09032.8814,E,6,07,1.1,-16.6,M,-65.6,M,,*79
(Jul 12 2017 12:05:00,  423575 sec) gga()                $GPGGA,120410,1830.8536,N,09032.9024,E,1,09,0.9,1.1,M,-65.6,M,,*69
(Jul 12 2017 12:05:00,  423575 sec) GpsServices()        Profile 42 GPS fix obtained in 177 seconds.
(Jul 12 2017 12:05:00,  423575 sec) GpsServices()                  lon     lat mm/dd/yyyy hhmmss nsat
(Jul 12 2017 12:05:01,  423575 sec) GpsServices()        Fix:   90.548  18.514 07/12/2017 120410    9
(Jul 12 2017 12:05:50,  423625 sec) gga()                $GPGGA,120500,1830.8597,N,09032.9111,E,1,09,0.9,1.8,M,-65.6,M,,*6C
(Jul 12 2017 12:05:58,  423632 sec) gga()                $GPGGA,120550,1830.8646,N,09032.9211,E,1,09,0.9,3.2,M,-65.6,M,,*6D
(Jul 12 2017 12:05:58,  423633 sec) GpsServices()        APF9 RTC skew (8s) OK.
(Jul 12 2017 12:05:58,  423633 sec) GpsServices()        GPS services complete.
(Jul 12 2017 12:06:40,  423675 sec) CLogin()             Connecting to primary host.
(Jul 12 2017 12:07:00,  423694 sec) CLogin()             Connection 5 established in 20 seconds.
(Jul 12 2017 12:07:13,  423707 sec) login()              Login successful.
(Jul 12 2017 12:07:16,  423711 sec) CLogin()             Logged in to host.  [Login required 16 seconds]
(Jul 12 2017 12:07:28,  423723 sec) RxConfig()           Downloading "mission.cfg" from host.
(Jul 12 2017 12:07:30,  423725 sec) Rx()                 Initiating transfer. [0x43]
(Jul 12 2017 12:07:33,  423728 sec) RxStartByte()        Sync errors encountered: 237
(Jul 12 2017 12:07:41,  423735 sec) Rx()                 Truncated packet received - retrying.
(Jul 12 2017 12:07:45,  423739 sec) RxStartByte()        Sync errors encountered: 104
(Jul 12 2017 12:07:48,  423742 sec) Rx()                 Truncated packet received - retrying.
(Jul 12 2017 12:07:54,  423749 sec) RxStartByte()        Sync errors encountered: 967
(Jul 12 2017 12:07:58,  423752 sec) Rx()                 Pad character [0x1a] found in ascii mode - truncating packet.
(Jul 12 2017 12:08:05,  423759 sec) Rx()                 Received EOT - transfer complete. [1 packets, 1024 bytes, 35 sec, 29.3 bps]
(Jul 12 2017 12:08:05,  423759 sec) RxConfig()           Download successful.
(Jul 12 2017 12:08:36,  423791 sec) UpLoadFile()         Uploading "7825.042.log" to host as "7825.042.log".
(Jul 12 2017 12:08:39,  423794 sec) Tx()                 CRC negotiation successful. [16-bit CRC]
(Jul 12 2017 12:08:43,  423798 sec) TxPacket()           Invalid response [0x61] - resending packet. [PktNum=0x01]
(Jul 12 2017 12:08:43,  423798 sec) TxPacket()           Packet xmit history: [01110001] (0:ok, 1:fail).
(Jul 12 2017 12:08:47,  423801 sec) TxPacket()           NAK received - resending packet. [PktNum=0x01]
(Jul 12 2017 12:08:47,  423802 sec) TxPacket()           Packet xmit history: [11100011] (0:ok, 1:fail).
(Jul 12 2017 12:09:06,  423820 sec) TxPacket()           NAK received - resending packet. [PktNum=0x04]
(Jul 12 2017 12:09:06,  423821 sec) TxPacket()           Packet xmit history: [00110001] (0:ok, 1:fail).
(Jul 12 2017 12:09:30,  423844 sec) TxPacket()           NAK received - resending packet. [PktNum=0x04]
(Jul 12 2017 12:09:30,  423845 sec) TxPacket()           Packet xmit history: [01100011] (0:ok, 1:fail).
(Jul 12 2017 12:09:36,  423850 sec) TxPacket()           NAK received - resending packet. [PktNum=0x04]
(Jul 12 2017 12:09:36,  423850 sec) TxPacket()           Packet xmit history: [11000111] (0:ok, 1:fail).
(Jul 12 2017 12:09:45,  423860 sec) TxPacket()           NAK received - resending packet. [PktNum=0x05]
(Jul 12 2017 12:09:46,  423860 sec) TxPacket()           Packet xmit history: [00011101] (0:ok, 1:fail).
(Jul 12 2017 12:10:08,  423883 sec) TxPacket()           NAK received - resending packet. [PktNum=0x08]
(Jul 12 2017 12:10:08,  423883 sec) TxPacket()           Packet xmit history: [11010001] (0:ok, 1:fail).
(Jul 12 2017 12:10:23,  423897 sec) TxPacket()           NAK received - resending packet. [PktNum=0x0a]
(Jul 12 2017 12:10:23,  423898 sec) TxPacket()           Packet xmit history: [10001001] (0:ok, 1:fail).
(Jul 12 2017 12:10:31,  423906 sec) TxPacket()           NAK received - resending packet. [PktNum=0x0a]
(Jul 12 2017 12:10:31,  423906 sec) TxPacket()           Packet xmit history: [00010011] (0:ok, 1:fail).
(Jul 12 2017 12:10:39,  423913 sec) TxPacket()           NAK received - resending packet. [PktNum=0x0a]
(Jul 12 2017 12:10:39,  423914 sec) TxPacket()           Packet xmit history: [00100111] (0:ok, 1:fail).
(Jul 12 2017 12:10:46,  423921 sec) TxPacket()           NAK received - resending packet. [PktNum=0x0a]
(Jul 12 2017 12:10:46,  423921 sec) TxPacket()           Packet xmit history: [01001111] (0:ok, 1:fail).
(Jul 12 2017 12:11:28,  423963 sec) TxPacket()           NAK received - resending packet. [PktNum=0x0d]
(Jul 12 2017 12:11:28,  423963 sec) TxPacket()           Packet xmit history: [11110001] (0:ok, 1:fail).
(Jul 12 2017 12:11:37,  423972 sec) TxPacket()           NAK received - resending packet. [PktNum=0x0d]
(Jul 12 2017 12:11:37,  423972 sec) TxPacket()           Packet xmit history: [11100011] (0:ok, 1:fail).
(Jul 12 2017 12:11:42,  423976 sec) TxPacket()           NAK received - resending packet. [PktNum=0x0d]
(Jul 12 2017 12:11:42,  423977 sec) TxPacket()           Packet xmit history: [11000111] (0:ok, 1:fail).
(Jul 12 2017 12:12:04,  423999 sec) TxPacket()           NAK received - resending packet. [PktNum=0x0e]
(Jul 12 2017 12:12:04,  423999 sec) TxPacket()           Packet xmit history: [00011101] (0:ok, 1:fail).
(Jul 12 2017 12:12:20,  424014 sec) TxPacket()           NAK received - resending packet. [PktNum=0x10]
(Jul 12 2017 12:12:20,  424015 sec) TxPacket()           Packet xmit history: [11101001] (0:ok, 1:fail).
(Jul 12 2017 12:12:42,  424037 sec) TxPacket()           NAK received - resending packet. [PktNum=0x12]
(Jul 12 2017 12:12:42,  424037 sec) TxPacket()           Packet xmit history: [01001001] (0:ok, 1:fail).
(Jul 12 2017 12:13:03,  424057 sec) TxPacket()           NAK received - resending packet. [PktNum=0x14]
(Jul 12 2017 12:13:03,  424058 sec) TxPacket()           Packet xmit history: [01001001] (0:ok, 1:fail).
(Jul 12 2017 12:13:27,  424082 sec) TxPacket()           NAK received - resending packet. [PktNum=0x16]
(Jul 12 2017 12:13:27,  424082 sec) TxPacket()           Packet xmit history: [01001001] (0:ok, 1:fail).
(Jul 12 2017 12:13:37,  424091 sec) TxPacket()           NAK received - resending packet. [PktNum=0x16]
(Jul 12 2017 12:13:37,  424092 sec) TxPacket()           Packet xmit history: [10010011] (0:ok, 1:fail).
(Jul 12 2017 12:13:42,  424096 sec) TxPacket()           NAK received - resending packet. [PktNum=0x16]
(Jul 12 2017 12:13:42,  424097 sec) TxPacket()           Packet xmit history: [00100111] (0:ok, 1:fail).
(Jul 12 2017 12:13:58,  424113 sec) TxPacket()           NAK received - resending packet. [PktNum=0x18]
(Jul 12 2017 12:13:58,  424113 sec) TxPacket()           Packet xmit history: [00111001] (0:ok, 1:fail).
(Jul 12 2017 12:14:10,  424124 sec) TxPacket()           NAK received - resending packet. [PktNum=0x1a]
(Jul 12 2017 12:14:10,  424125 sec) TxPacket()           Packet xmit history: [11001001] (0:ok, 1:fail).
(Jul 12 2017 12:14:28,  424142 sec) TxPacket()           NAK received - resending packet. [PktNum=0x1c]
(Jul 12 2017 12:14:28,  424143 sec) TxPacket()           Packet xmit history: [01001001] (0:ok, 1:fail).
(Jul 12 2017 12:14:35,  424149 sec) TxPacket()           NAK received - resending packet. [PktNum=0x1c]
(Jul 12 2017 12:14:35,  424150 sec) TxPacket()           Packet xmit history: [10010011] (0:ok, 1:fail).
(Jul 12 2017 12:15:06,  424180 sec) TxPacket()           NAK received - resending packet. [PktNum=0x1f]
(Jul 12 2017 12:15:06,  424181 sec) TxPacket()           Packet xmit history: [00110001] (0:ok, 1:fail).
(Jul 12 2017 12:15:11,  424185 sec) TxPacket()           NAK received - resending packet. [PktNum=0x1f]
(Jul 12 2017 12:15:11,  424186 sec) TxPacket()           Packet xmit history: [01100011] (0:ok, 1:fail).
(Jul 12 2017 12:15:17,  424191 sec) TxPacket()           NAK received - resending packet. [PktNum=0x1f]


(Jul 12 2017 12:15:17) LogSize()            Log file is 38985 bytes.  Limit is 40960 bytes.

(Jul 12 2017 12:15:17,  424192 sec) TxPacket()           Packet xmit history: [11000111] (0:ok, 1:fail).
(Jul 12 2017 12:15:27,  424201 sec) TxPacket()           NAK received - resending packet. [PktNum=0x20]
(Jul 12 2017 12:15:27,  424202 sec) TxPacket()           Packet xmit history: [00011101] (0:ok, 1:fail).
(Jul 12 2017 12:15:32,  424207 sec) TxPacket()           NAK received - resending packet. [PktNum=0x20]
(Jul 12 2017 12:15:32,  424207 sec) TxPacket()           Packet xmit history: [00111011] (0:ok, 1:fail).
(Jul 12 2017 12:15:52,  424226 sec) TxPacket()           NAK received - resending packet. [PktNum=0x24]
(Jul 12 2017 12:15:52,  424227 sec) TxPacket()           Packet xmit history: [01100001] (0:ok, 1:fail).
(Jul 12 2017 12:15:54,  424229 sec) TxPacket()           NAK received - resending packet. [PktNum=0x24]
(Jul 12 2017 12:15:55,  424229 sec) TxPacket()           Packet xmit history: [11000011] (0:ok, 1:fail).
(Jul 12 2017 12:15:57,  424232 sec) TxPacket()           NAK received - resending packet. [PktNum=0x24]
(Jul 12 2017 12:15:58,  424232 sec) TxPacket()           Packet xmit history: [10000111] (0:ok, 1:fail).
(Jul 12 2017 12:16:05,  424239 sec) TxPacket()           NAK received - resending packet. [PktNum=0x24]
(Jul 12 2017 12:16:05,  424240 sec) TxPacket()           Packet xmit history: [00001111] (0:ok, 1:fail).
(Jul 12 2017 12:16:12,  424247 sec) TxPacket()           NAK received - resending packet. [PktNum=0x24]
(Jul 12 2017 12:16:12,  424247 sec) TxPacket()           Packet xmit history: [00011111] (0:ok, 1:fail).
(Jul 12 2017 12:16:19,  424254 sec) TxPacket()           NAK received - resending packet. [PktNum=0x24]

<EOT>
