(Jul 22 2017 06:54:08,  419184 sec) TelemetryInit()      Profile 44. (Apf9i FwRev: 061016)
(Jul 22 2017 07:00:55,  419591 sec) AirSystem()          Battery [190cnt, 14.7V]  Current [67cnt, 270.0mA]  Barometer [127cnt, 6.8"Hg]  Run-Time [44s]
(Jul 22 2017 07:02:37,  419692 sec) GetSurfaceObs()      P/O2,T2,TPhase,RPhase,RawTemp/FSig,BbSig,TSig: 0.1dbars / 224.5uM 28.222C 29.832 8.801 -169.417 / 93,173,528
(Jul 22 2017 07:02:42,  419698 sec) GpsServices()        GPS almanac is current.
(Jul 22 2017 07:02:42,  419698 sec) GpsServices()        Initiating GPS fix acquisition.
(Jul 22 2017 07:03:05,  419720 sec) gga()                $GPGGA,070240,1837.6126,N,09043.9121,E,0,00,,,M,,M,,*57
(Jul 22 2017 07:03:16,  419731 sec) gga()                $GPGGA,070250,1837.6126,N,09043.9121,E,0,00,,,M,,M,,*56
(Jul 22 2017 07:03:27,  419742 sec) gga()                $GPGGA,070300,1837.6126,N,09043.9121,E,0,00,,,M,,M,,*52
(Jul 22 2017 07:03:38,  419753 sec) gga()                $GPGGA,070300,1837.6126,N,09043.9121,E,0,00,,,M,,M,,*52
(Jul 22 2017 07:03:41,  419756 sec) gga()                $GPGGA,070310,1837.6126,N,09043.9121,E,0,00,,,M,,M,,*53
(Jul 22 2017 07:03:52,  419767 sec) gga()                $GPGGA,070320,1837.6126,N,09043.9121,E,0,00,,,M,,M,,*50
(Jul 22 2017 07:04:03,  419778 sec) gga()                $GPGGA,070330,1837.6126,N,09043.9121,E,0,00,,,M,,M,,*51
(Jul 22 2017 07:04:46,  419821 sec) gga()                $GPGGA,070340,1840.6734,N,09053.3519,E,1,05,1.4,-18.4,M,-64.6,M,,*71
(Jul 22 2017 07:04:46,  419821 sec) GpsServices()        Profile 44 GPS fix obtained in 123 seconds.
(Jul 22 2017 07:04:46,  419822 sec) GpsServices()                  lon     lat mm/dd/yyyy hhmmss nsat
(Jul 22 2017 07:04:46,  419822 sec) GpsServices()        Fix:   90.889  18.678 07/22/2017 070340    5
(Jul 22 2017 07:05:31,  419867 sec) gga()                $GPGGA,070440,1840.6771,N,09053.3573,E,1,06,1.2,0.1,M,-64.6,M,,*6F
(Jul 22 2017 07:05:39,  419875 sec) gga()                $GPGGA,070530,1840.6813,N,09053.3622,E,1,10,0.8,2.3,M,-64.6,M,,*69
(Jul 22 2017 07:05:40,  419875 sec) GpsServices()        APF9 RTC skew (10s) OK.
(Jul 22 2017 07:05:40,  419875 sec) GpsServices()        GPS services complete.
(Jul 22 2017 07:07:01,  419957 sec) CLogin()             Connecting to primary host.
(Jul 22 2017 07:07:22,  419977 sec) CLogin()             Connection 1 established in 21 seconds.
(Jul 22 2017 07:07:40,  419995 sec) login()              Login successful.
(Jul 22 2017 07:07:43,  419999 sec) CLogin()             Logged in to host.  [Login required 21 seconds]
(Jul 22 2017 07:07:55,  420011 sec) RxConfig()           Downloading "mission.cfg" from host.
(Jul 22 2017 07:07:58,  420013 sec) Rx()                 Initiating transfer. [0x43]
(Jul 22 2017 07:08:06,  420022 sec) RxStartByte()        Sync errors encountered: 680
(Jul 22 2017 07:08:09,  420025 sec) Rx()                 Pad character [0x1a] found in ascii mode - truncating packet.
(Jul 22 2017 07:08:14,  420029 sec) Rx()                 Received EOT - transfer complete. [1 packets, 1024 bytes, 16 sec, 64.0 bps]
(Jul 22 2017 07:08:14,  420029 sec) RxConfig()           Download successful.
(Jul 22 2017 07:08:37,  420052 sec) WriteVitals()        Writing vitals to "7825.044.msg".
(Jul 22 2017 07:08:47,  420062 sec) UpLoadFile()         Uploading "7825.044.msg" to host as "7825.044.msg".
(Jul 22 2017 07:08:50,  420065 sec) Tx()                 CRC negotiation successful. [16-bit CRC]
(Jul 22 2017 07:08:59,  420075 sec) TxPacket()           NAK received - resending packet. [PktNum=0x01]
(Jul 22 2017 07:08:59,  420075 sec) TxPacket()           Packet xmit history: [01110001] (0:ok, 1:fail).
(Jul 22 2017 07:09:08,  420083 sec) TxPacket()           NAK received - resending packet. [PktNum=0x01]
(Jul 22 2017 07:09:08,  420083 sec) TxPacket()           Packet xmit history: [11100011] (0:ok, 1:fail).
(Jul 22 2017 07:09:12,  420088 sec) TxPacket()           NAK received - resending packet. [PktNum=0x01]
(Jul 22 2017 07:09:12,  420088 sec) TxPacket()           Packet xmit history: [11000111] (0:ok, 1:fail).
(Jul 22 2017 07:09:18,  420094 sec) TxPacket()           NAK received - resending packet. [PktNum=0x01]
(Jul 22 2017 07:09:18,  420094 sec) TxPacket()           Packet xmit history: [10001111] (0:ok, 1:fail).
(Jul 22 2017 07:09:28,  420103 sec) TxPacket()           NAK received - resending packet. [PktNum=0x01]
(Jul 22 2017 07:09:28,  420104 sec) TxPacket()           Packet xmit history: [00011111] (0:ok, 1:fail).
(Jul 22 2017 07:09:44,  420120 sec) TxPacket()           NAK received - resending packet. [PktNum=0x03]
(Jul 22 2017 07:09:44,  420120 sec) TxPacket()           Packet xmit history: [11111001] (0:ok, 1:fail).
(Jul 22 2017 07:09:51,  420127 sec) TxPacket()           NAK received - resending packet. [PktNum=0x04]
(Jul 22 2017 07:09:51,  420127 sec) TxPacket()           Packet xmit history: [11100101] (0:ok, 1:fail).
(Jul 22 2017 07:10:13,  420149 sec) TxPacket()           NAK received - resending packet. [PktNum=0x07]
(Jul 22 2017 07:10:13,  420149 sec) TxPacket()           Packet xmit history: [01010001] (0:ok, 1:fail).
(Jul 22 2017 07:10:26,  420161 sec) TxPacket()           NAK received - resending packet. [PktNum=0x08]
(Jul 22 2017 07:10:26,  420161 sec) TxPacket()           Packet xmit history: [01000101] (0:ok, 1:fail).
(Jul 22 2017 07:10:39,  420175 sec) TxPacket()           NAK received - resending packet. [PktNum=0x08]
(Jul 22 2017 07:10:40,  420175 sec) TxPacket()           Packet xmit history: [10001011] (0:ok, 1:fail).
(Jul 22 2017 07:10:47,  420182 sec) TxPacket()           NAK received - resending packet. [PktNum=0x08]
(Jul 22 2017 07:10:47,  420182 sec) TxPacket()           Packet xmit history: [00010111] (0:ok, 1:fail).
(Jul 22 2017 07:11:09,  420205 sec) TxPacket()           NAK received - resending packet. [PktNum=0x0a]
(Jul 22 2017 07:11:09,  420205 sec) TxPacket()           Packet xmit history: [10111001] (0:ok, 1:fail).
(Jul 22 2017 07:12:58,  420314 sec) TxPacket()           NAK received - resending packet. [PktNum=0x17]
(Jul 22 2017 07:12:58,  420314 sec) TxPacket()           Packet xmit history: [00000001] (0:ok, 1:fail).
(Jul 22 2017 07:13:10,  420326 sec) TxPacket()           NAK received - resending packet. [PktNum=0x18]
(Jul 22 2017 07:13:10,  420326 sec) TxPacket()           Packet xmit history: [00000101] (0:ok, 1:fail).
(Jul 22 2017 07:13:21,  420337 sec) Tx()                 Transmission completed successfully [24 packets, 17076 bytes, 270 sec, 64.5 bps]
(Jul 22 2017 07:13:22,  420337 sec) UpLoadFile()         Upload successful.
(Jul 22 2017 07:13:34,  420349 sec) UpLoadFile()         Uploading "7825.044.log" to host as "7825.044.log".
(Jul 22 2017 07:13:37,  420353 sec) Tx()                 CRC negotiation successful. [16-bit CRC]
(Jul 22 2017 07:13:58,  420373 sec) TxPacket()           NAK received - resending packet. [PktNum=0x03]
(Jul 22 2017 07:13:58,  420373 sec) TxPacket()           Packet xmit history: [01010001] (0:ok, 1:fail).
(Jul 22 2017 07:14:15,  420391 sec) TxPacket()           NAK received - resending packet. [PktNum=0x04]
(Jul 22 2017 07:14:15,  420391 sec) TxPacket()           Packet xmit history: [01000101] (0:ok, 1:fail).
(Jul 22 2017 07:15:08,  420444 sec) TxPacket()           NAK received - resending packet. [PktNum=0x0b]
(Jul 22 2017 07:15:08,  420444 sec) TxPacket()           Packet xmit history: [00000001] (0:ok, 1:fail).
(Jul 22 2017 07:15:29,  420464 sec) TxPacket()           NAK received - resending packet. [PktNum=0x0d]
(Jul 22 2017 07:15:29,  420464 sec) TxPacket()           Packet xmit history: [00001001] (0:ok, 1:fail).
(Jul 22 2017 07:15:39,  420475 sec) TxPacket()           NAK received - resending packet. [PktNum=0x0e]
(Jul 22 2017 07:15:39,  420475 sec) TxPacket()           Packet xmit history: [00100101] (0:ok, 1:fail).
(Jul 22 2017 07:15:58,  420493 sec) TxPacket()           NAK received - resending packet. [PktNum=0x0f]
(Jul 22 2017 07:15:58,  420494 sec) TxPacket()           Packet xmit history: [10010101] (0:ok, 1:fail).
(Jul 22 2017 07:16:02,  420498 sec) TxPacket()           NAK received - resending packet. [PktNum=0x0f]
(Jul 22 2017 07:16:02,  420498 sec) TxPacket()           Packet xmit history: [00101011] (0:ok, 1:fail).
(Jul 22 2017 07:16:20,  420516 sec) TxPacket()           NAK received - resending packet. [PktNum=0x10]
(Jul 22 2017 07:16:20,  420516 sec) TxPacket()           Packet xmit history: [10101101] (0:ok, 1:fail).
(Jul 22 2017 07:16:47,  420542 sec) TxPacket()           NAK received - resending packet. [PktNum=0x13]
(Jul 22 2017 07:16:47,  420542 sec) TxPacket()           Packet xmit history: [11010001] (0:ok, 1:fail).
(Jul 22 2017 07:16:54,  420550 sec) TxPacket()           NAK received - resending packet. [PktNum=0x13]
(Jul 22 2017 07:16:54,  420550 sec) TxPacket()           Packet xmit history: [10100011] (0:ok, 1:fail).
(Jul 22 2017 07:17:12,  420567 sec) TxPacket()           No carrier detected.
(Jul 22 2017 07:17:12,  420567 sec) TxPacket()           Exit status: -5
(Jul 22 2017 07:17:12,  420567 sec) Tx()                 Packet transmission failed - aborting transfer.
(Jul 22 2017 07:17:23,  420579 sec) UpLoadFile()         Upload failed.
(Jul 22 2017 07:17:34,  420589 sec) CLogin()             Connecting to primary host.
(Jul 22 2017 07:17:40,  420595 sec) chat()               Expected string [OK] not received.
(Jul 22 2017 07:17:40,  420595 sec) modem_restore_facto  Modem command [AT&F0] failed.
(Jul 22 2017 07:17:40,  420595 sec) modem_initialize()   Unable to restore modem's factory defaults.
(Jul 22 2017 07:17:40,  420595 sec) modem_connect()      Modem configuration failed.
(Jul 22 2017 07:17:40,  420596 sec) connect()            Connection attempt failed.
(Jul 22 2017 07:17:51,  420606 sec) CLogin()             Connection 2 established in 18 seconds.
(Jul 22 2017 07:18:23,  420639 sec) login()              Login successful.
(Jul 22 2017 07:18:28,  420643 sec) chat()               Expected string [cmd>] not received.
(Jul 22 2017 07:18:28,  420643 sec) login()              Attempt to set the command prompt failed.
(Jul 22 2017 07:18:31,  420647 sec) CLogin()             Logged in to host.  [Login required 40 seconds]
(Jul 22 2017 07:18:41,  420656 sec) UpLoadFile()         Uploading "7825.044.log" to host as "7825.044.log".
(Jul 22 2017 07:18:46,  420661 sec) Tx()                 CRC negotiation successful. [16-bit CRC]
(Jul 22 2017 07:19:06,  420682 sec) TxPacket()           NAK received - resending packet. [PktNum=0x03]
(Jul 22 2017 07:19:06,  420682 sec) TxPacket()           Packet xmit history: [00011001] (0:ok, 1:fail).
(Jul 22 2017 07:19:21,  420697 sec) TxPacket()           NAK received - resending packet. [PktNum=0x04]
(Jul 22 2017 07:19:21,  420697 sec) TxPacket()           Packet xmit history: [01100101] (0:ok, 1:fail).
(Jul 22 2017 07:19:39,  420714 sec) TxPacket()           NAK received - resending packet. [PktNum=0x06]
(Jul 22 2017 07:19:39,  420714 sec) TxPacket()           Packet xmit history: [00101001] (0:ok, 1:fail).
(Jul 22 2017 07:19:48,  420723 sec) TxPacket()           NAK received - resending packet. [PktNum=0x06]
(Jul 22 2017 07:19:48,  420723 sec) TxPacket()           Packet xmit history: [01010011] (0:ok, 1:fail).
(Jul 22 2017 07:20:00,  420735 sec) TxPacket()           NAK received - resending packet. [PktNum=0x06]
(Jul 22 2017 07:20:00,  420736 sec) TxPacket()           Packet xmit history: [10100111] (0:ok, 1:fail).
(Jul 22 2017 07:20:05,  420741 sec) TxPacket()           NAK received - resending packet. [PktNum=0x06]
(Jul 22 2017 07:20:05,  420741 sec) TxPacket()           Packet xmit history: [01001111] (0:ok, 1:fail).
(Jul 22 2017 07:20:15,  420751 sec) TxPacket()           NAK received - resending packet. [PktNum=0x06]
(Jul 22 2017 07:20:15,  420751 sec) TxPacket()           Packet xmit history: [10011111] (0:ok, 1:fail).
(Jul 22 2017 07:21:37,  420833 sec) TxPacket()           NAK received - resending packet. [PktNum=0x13]
(Jul 22 2017 07:21:37,  420833 sec) TxPacket()           Packet xmit history: [00000001] (0:ok, 1:fail).
(Jul 22 2017 07:22:20,  420875 sec) TxPacket()           NAK received - resending packet. [PktNum=0x18]
(Jul 22 2017 07:22:20,  420875 sec) TxPacket()           Packet xmit history: [01000001] (0:ok, 1:fail).
(Jul 22 2017 07:23:03,  420919 sec) TxPacket()           NAK received - resending packet. [PktNum=0x1e]
(Jul 22 2017 07:23:03,  420919 sec) TxPacket()           Packet xmit history: [10000001] (0:ok, 1:fail).
(Jul 22 2017 07:23:12,  420928 sec) TxPacket()           NAK received - resending packet. [PktNum=0x1e]
(Jul 22 2017 07:23:12,  420928 sec) TxPacket()           Packet xmit history: [00000011] (0:ok, 1:fail).
(Jul 22 2017 07:23:32,  420947 sec) TxPacket()           NAK received - resending packet. [PktNum=0x20]
(Jul 22 2017 07:23:32,  420947 sec) TxPacket()           Packet xmit history: [00011001] (0:ok, 1:fail).
(Jul 22 2017 07:23:44,  420960 sec) TxPacket()           NAK received - resending packet. [PktNum=0x21]
(Jul 22 2017 07:23:44,  420960 sec) TxPacket()           Packet xmit history: [01100101] (0:ok, 1:fail).
(Jul 22 2017 07:24:07,  420983 sec) TxPacket()           NAK received - resending packet. [PktNum=0x24]
(Jul 22 2017 07:24:07,  420983 sec) TxPacket()           Packet xmit history: [01010001] (0:ok, 1:fail).
(Jul 22 2017 07:24:24,  420999 sec) TxPacket()           NAK received - resending packet. [PktNum=0x25]
(Jul 22 2017 07:24:24,  420999 sec) TxPacket()           Packet xmit history: [01000101] (0:ok, 1:fail).
(Jul 22 2017 07:24:29,  421005 sec) TxPacket()           NAK received - resending packet. [PktNum=0x25]
(Jul 22 2017 07:24:29,  421005 sec) TxPacket()           Packet xmit history: [10001011] (0:ok, 1:fail).
(Jul 22 2017 07:25:00,  421036 sec) TxPacket()           NAK received - resending packet. [PktNum=0x29]
(Jul 22 2017 07:25:00,  421036 sec) TxPacket()           Packet xmit history: [01100001] (0:ok, 1:fail).
(Jul 22 2017 07:25:16,  421051 sec) Tx()                 Transmission completed successfully [41 packets, 35640 bytes, 389 sec, 91.8 bps]
(Jul 22 2017 07:25:16,  421051 sec) UpLoadFile()         Upload successful.
(Jul 22 2017 07:25:26,  421061 sec) UpLoad()             Files successfully uploaded: 2
(Jul 22 2017 07:25:26,  421062 sec) UpLoad()             Upload complete.
(Jul 22 2017 07:25:31,  421066 sec) chat()               Expected string [cmd>] not received.
(Jul 22 2017 07:25:31,  421066 sec) logout()             Can't get command prompt.
(Jul 22 2017 07:25:36,  421071 sec) chat()               Expected string [logout] not received.
(Jul 22 2017 07:25:36,  421071 sec) logout()             Attempt to log-out failed.
(Jul 22 2017 07:25:36,  421071 sec) logout()             No carrier detected.
(Jul 22 2017 07:25:36,  421072 sec) Telemetry()          Telemetry cycle complete: PrfId=44 ConnectionAttempts=3  Connections=2
(Jul 22 2017 07:25:37,  421072 sec) TelemetryTerminate(  Parsing new mission configuration.
(Jul 22 2017 07:25:39,  421074 sec) configure()          Parsing configurators in "mission.cfg".
(Jul 22 2017 07:25:46,  421081 sec) configure()             TelemetryRetry(15)      [0x7BBC] [TelemetryRetry(15)].
(Jul 22 2017 07:25:46,  421081 sec) configure()          Configuration CRCs and syntax OK.
(Jul 22 2017 07:25:46,  421082 sec) ConfigSupervisor()   Sanity check violated: cfg->PressureCP >= 750
(Jul 22 2017 07:25:46,  421082 sec) ConfigSupervisor()   Configuration accepted.
(Jul 22 2017 07:25:47,  421082 sec) TelemetryTerminate(  Reconditioning the file system.
(Jul 22 2017 07:26:04,      12 sec) DescentInit()        Deep profile 45 initiated at mission-time 421088sec.
(Jul 22 2017 07:26:06,      14 sec) DescentInit()        Surface pressure: -0.2dbars.
(Jul 22 2017 07:26:11,      19 sec) PistonMoveAbsWTO()    220->062 219 218 217 216 215 214 213 212 211 210 209 208 207 206 205 204 203 202 201 200 199 198 197 196 195 194 193 192 191 190 189 188 187 186 185 184 183 182 181 180 179 178 177 176 175 174 173 172 171 170 169 168 167 166 165 164 163 162 161 160 159 158 157 156 155 154 153 152 151 150 149 148 147 146 145 144 143 142 141 140 139 138 137 136 135 134 133 132 131 130 129 128 127 126 125 124 123 122 121 120 119 118 117 116 115 114 113 112 111 110 109 108 107 106 105 104 103 102 101 100 099 098 097 096 095 094 093 092 091 090 089 088 087 086 085 084 083 082 081 080 079 078 077 076 075 074 073 072 071 070 069 068 067 066 065 064 063 062 [799sec, 14.4Volts, 0.165Amps, CPT:799sec]
(Jul 22 2017 07:39:30,     818 sec) PistonMoveAbsWTO()    062->000 061 060 059 058 057 056 055 054 053 052 051 050 049 048 047 046 045 044 043 042 041 040 039 038 037 036 035 034 033 032 031 030 029 028 027 026 025 024 023 022 021 020 019 018 017 016 015 014 013 012 011 010 009 [269sec, 14.4Volts, 0.165Amps, CPT:1068sec]
(Jul 22 2017 07:44:10,    1098 sec) Descent()            Pressure: 93.2
(Jul 22 2017 08:25:56,    3604 sec) Descent()            Pressure: 408.4
(Jul 22 2017 09:25:56,    7204 sec) Descent()            Pressure: 924.8
(Jul 22 2017 09:25:56,    7204 sec) PistonMoveAbsWTO()    009->062 010 011 012 013 014 015 016 017 018 019 020 021 022 023 024 025 026 027 028 029 030 031 032 033 034 035 036 037 038 039 040 041 042 043 044 045 046 047 048 049 050 051 052 053 054 055 056 057 058 059 060 061 062 [302sec, 13.7Volts, 0.463Amps, CPT:1370sec]
(Jul 22 2017 10:25:56,   10804 sec) Descent()            Pressure: 839.8
(Jul 22 2017 11:25:56,   14404 sec) Descent()            Pressure: 842.5
(Jul 22 2017 12:25:56,   18004 sec) Descent()            Pressure: 853.4
(Jul 22 2017 12:25:56,   18004 sec) ParkInit()           
(Jul 22 2017 14:26:02,   25210 sec) Park()               ParkPOutOfBand[-3, 887.2 dbars]: retract piston.
(Jul 22 2017 14:26:03,   25211 sec) PistonMoveAbsWTO()    062->061 061 [2sec, 14.0Volts, 0.129Amps, CPT:1372sec]
(Jul 22 2017 17:26:02,   36010 sec) Park()               ParkPOutOfBand[-3, 914.6 dbars]: retract piston.
(Jul 22 2017 17:26:03,   36011 sec) PistonMoveAbsWTO()    061->060 060 [6sec, 14.0Volts, 0.125Amps, CPT:1378sec]
(Jul 22 2017 20:26:02,   46810 sec) Park()               ParkPOutOfBand[-3, 972.8 dbars]: retract piston.
(Jul 22 2017 20:26:03,   46811 sec) PistonMoveAbsWTO()    060->059 059 [5sec, 14.2Volts, 0.113Amps, CPT:1383sec]
(Jul 23 2017 00:26:02,   61210 sec) Park()               ParkPOutOfBand[3, 1026.8 dbars]: extend piston.
(Jul 23 2017 00:26:03,   61211 sec) PistonMoveAbsWTO()    059->060 060 [2sec, 13.8Volts, 0.520Amps, CPT:1385sec]
(Jul 23 2017 03:26:02,   72010 sec) Park()               ParkPOutOfBand[3, 1025.6 dbars]: extend piston.
(Jul 23 2017 03:26:03,   72011 sec) PistonMoveAbsWTO()    060->061 061 [6sec, 13.6Volts, 0.512Amps, CPT:1391sec]
(Jul 23 2017 14:26:03,  111611 sec) Park()               ParkPOutOfBand[3, 1015.1 dbars]: extend piston.
(Jul 23 2017 14:26:03,  111611 sec) PistonMoveAbsWTO()    061->062 062 [7sec, 13.4Volts, 0.512Amps, CPT:1398sec]
(Jul 23 2017 18:26:03,  126011 sec) Park()               ParkPOutOfBand[-3, 983.0 dbars]: retract piston.
(Jul 23 2017 18:26:03,  126011 sec) PistonMoveAbsWTO()    062->061 061 [2sec, 14.0Volts, 0.125Amps, CPT:1400sec]
(Jul 25 2017 03:26:03,  244811 sec) Park()               ParkPOutOfBand[3, 1010.5 dbars]: extend piston.
(Jul 25 2017 03:26:03,  244811 sec) PistonMoveAbsWTO()    061->062 062 [3sec, 13.3Volts, 0.512Amps, CPT:1403sec]
(Jul 26 2017 15:26:16,  374424 sec) CtdPower()           [ 1010.16,  6.8732, 34.9364]
(Jul 26 2017 15:26:16,  374424 sec) CtdPower()           CTD Power consumption [184VCnt 8ACnt]: 14.263Volts * 0.032Amps = 0.46Watts.
(Jul 26 2017 15:26:17,  374425 sec) ParkTerminate()      Piston Position:62 Vacuum:80 Vq:195 Aq:4 Vsbe:184 Asbe:8 Vflbb:182 Aflbb:11
(Jul 26 2017 15:26:54,  374462 sec) ParkTerminate()      PTS/O2,T2,TPhase,RawTemp: 1010.1dbars 6.8731C 34.9367PSU / 38.5uM 6.893C 56.326 7.985 519.272
(Jul 26 2017 15:26:54,  374462 sec) ParkTerminate()      FLBB FSig, BbSig, TSig: 53, 109, 563
(Jul 26 2017 15:26:55,  374463 sec) GoDeepInit()         Moving piston.
(Jul 26 2017 15:26:55,  374463 sec) PistonMoveAbsWTO()    062->020 061 060 059 058 057 056 055 054 053 052 051 050 049 048 047 046 045 044 043 042 041 040 039 038 037 036 035 034 033 032 031 030 029 028 027 026 025 024 023 022 021 020 [216sec, 14.3Volts, 0.093Amps, CPT:1619sec]
(Jul 26 2017 20:25:56,  392404 sec) ProfileInit()        PrfId:045  Pressure:1956.8dbar  pTable[1]:1900dbar
(Jul 26 2017 20:25:59,  392407 sec) PistonMoveAbsWTO()    020->042 021 022 023 024 025 [30sec, 12.9Volts, 0.850Amps, CPT:1649sec]
(Jul 26 2017 20:26:39,  392447 sec) PistonMoveAbsWTO()    025->042 026 027 028 029 [30sec, 12.8Volts, 0.818Amps, CPT:1679sec]
(Jul 26 2017 20:27:19,  392487 sec) PistonMoveAbsWTO()    029->042 030 031 032 033 [30sec, 12.7Volts, 0.826Amps, CPT:1709sec]
(Jul 26 2017 20:27:59,  392527 sec) PistonMoveAbsWTO()    033->042 034 035 036 037 [30sec, 12.7Volts, 0.806Amps, CPT:1739sec]
(Jul 26 2017 20:28:39,  392567 sec) PistonMoveAbsWTO()    037->042 038 039 040 041 [30sec, 12.7Volts, 0.830Amps, CPT:1769sec]
(Jul 26 2017 20:29:19,  392607 sec) PistonMoveAbsWTO()    041->042 042 [1sec, 13.3Volts, 0.822Amps, CPT:1770sec]
(Jul 26 2017 20:38:17,  393145 sec) Profile()            Sample 0 initiated at 1901.5dbars for bin 1 [1900dbars].  PTS/O2,T2,TPhase,RPhase,RawTemp/FSig,BbSig,TSig: 1899.5dbars 3.1164C 34.7868PSU / 117.4uM 3.137C 49.147 8.091 636.849 /   54  116  569
(Jul 26 2017 20:56:06,  394214 sec) AscentControlAgent(  Bouyancy nudge to 52 (v=0.078dbar/sec).
(Jul 26 2017 20:56:07,  394215 sec) PistonMoveAbsWTO()    042->052 043 044 045 046 [30sec, 13.4Volts, 0.745Amps, CPT:1800sec]
(Jul 26 2017 20:56:47,  394255 sec) PistonMoveAbsWTO()    046->052 047 048 049 050 051 [30sec, 13.2Volts, 0.798Amps, CPT:1830sec]
(Jul 26 2017 20:57:27,  394295 sec) PistonMoveAbsWTO()    051->052 052 [7sec, 13.3Volts, 0.770Amps, CPT:1837sec]
(Jul 26 2017 20:58:20,  394348 sec) Profile()            Sample 1 initiated at 1801.2dbars for bin 2 [1800dbars].  PTS/O2,T2,TPhase,RPhase,RawTemp/FSig,BbSig,TSig: 1798.8dbars 3.4994C 34.8034PSU / 107.7uM 3.518C 49.822 8.070 625.093 /   54  179  568
(Jul 26 2017 21:15:03,  395351 sec) Profile()            Sample 2 initiated at 1701.5dbars for bin 3 [1700dbars].  PTS/O2,T2,TPhase,RPhase,RawTemp/FSig,BbSig,TSig: 1699.5dbars 3.8721C 34.8194PSU / 99.5uM 3.889C 50.402 8.070 613.605 /   53  106  568
(Jul 26 2017 21:33:48,  396476 sec) Profile()            Sample 3 initiated at 1601.6dbars for bin 4 [1600dbars].  PTS/O2,T2,TPhase,RPhase,RawTemp/FSig,BbSig,TSig: 1599.7dbars 4.2843C 34.8353PSU / 89.4uM 4.301C 51.198 8.119 600.808 /   54  105  567
(Jul 26 2017 21:41:43,  396951 sec) AscentControlAgent(  Bouyancy nudge to 62 (v=0.079dbar/sec).
(Jul 26 2017 21:41:44,  396952 sec) PistonMoveAbsWTO()    052->062 053 054 055 056 057 [30sec, 13.6Volts, 0.677Amps, CPT:1867sec]
(Jul 26 2017 21:42:24,  396992 sec) PistonMoveAbsWTO()    057->062 058 059 060 061 [30sec, 13.4Volts, 0.685Amps, CPT:1897sec]
(Jul 26 2017 21:43:04,  397032 sec) PistonMoveAbsWTO()    061->062 062 [2sec, 13.4Volts, 0.665Amps, CPT:1899sec]
(Jul 26 2017 21:52:14,  397582 sec) Profile()            Sample 4 initiated at 1501.2dbars for bin 5 [1500dbars].  PTS/O2,T2,TPhase,RPhase,RawTemp/FSig,BbSig,TSig: 1499.1dbars 4.6902C 34.8516PSU / 81.4uM 4.709C 51.850 8.082 588.101 /   53  103  566
(Jul 26 2017 22:11:29,  398737 sec) Profile()            Sample 5 initiated at 1401.6dbars for bin 6 [1400dbars].  PTS/O2,T2,TPhase,RPhase,RawTemp/FSig,BbSig,TSig: 1399.9dbars 5.1529C 34.8698PSU / 72.1uM 5.169C 52.673 8.081 573.677 /   55  109  566
(Jul 26 2017 22:12:32,  398800 sec) AscentControlAgent(  Bouyancy nudge to 72 (v=0.079dbar/sec).
(Jul 26 2017 22:12:33,  398801 sec) PistonMoveAbsWTO()    062->072 063 064 065 066 067 [30sec, 13.7Volts, 0.641Amps, CPT:1929sec]
(Jul 26 2017 22:13:13,  398841 sec) PistonMoveAbsWTO()    067->072 068 069 070 071 [30sec, 13.5Volts, 0.608Amps, CPT:1959sec]
(Jul 26 2017 22:13:53,  398881 sec) PistonMoveAbsWTO()    071->072 072 [1sec, 13.7Volts, 0.649Amps, CPT:1960sec]
(Jul 26 2017 22:20:13,  399261 sec) Profile()            Sample 6 initiated at 1351.7dbars for bin 7 [1350dbars].  PTS/O2,T2,TPhase,RPhase,RawTemp/FSig,BbSig,TSig: 1349.4dbars 5.3421C 34.8773PSU / 68.1uM 5.356C 53.058 8.129 567.819 /   54  103  565
(Jul 26 2017 22:28:44,  399772 sec) Profile()            Sample 7 initiated at 1301.3dbars for bin 8 [1300dbars].  PTS/O2,T2,TPhase,RPhase,RawTemp/FSig,BbSig,TSig: 1299.2dbars 5.4517C 34.8813PSU / 65.6uM 5.474C 53.296 8.093 564.123 /   54  103  565
(Jul 26 2017 22:37:23,  400291 sec) Profile()            Sample 8 initiated at 1251.9dbars for bin 9 [1250dbars].  PTS/O2,T2,TPhase,RPhase,RawTemp/FSig,BbSig,TSig: 1249.9dbars 5.6613C 34.8896PSU / 61.8uM 5.680C 53.674 8.088 557.644 /   54  105  565
(Jul 26 2017 22:46:34,  400842 sec) Profile()            Sample 9 initiated at 1201.2dbars for bin 10 [1200dbars].  PTS/O2,T2,TPhase,RPhase,RawTemp/FSig,BbSig,TSig: 1199.2dbars 5.8255C 34.8953PSU / 58.6uM 5.844C 54.000 8.087 552.478 /   54  104  565
(Jul 26 2017 22:55:55,  401403 sec) Profile()            Sample 10 initiated at 1151.2dbars for bin 11 [1150dbars].  PTS/O2,T2,TPhase,RPhase,RawTemp/FSig,BbSig,TSig: 1149.3dbars 6.0324C 34.9036PSU / 55.1uM 6.051C 54.358 8.088 545.929 /   55  105  564
(Jul 26 2017 23:05:56,  402004 sec) Profile()            Sample 11 initiated at 1101.7dbars for bin 12 [1100dbars].  PTS/O2,T2,TPhase,RPhase,RawTemp/FSig,BbSig,TSig: 1100.0dbars 6.2420C 34.9110PSU / 51.9uM 6.260C 54.696 8.084 539.332 /   54  105  564
(Jul 26 2017 23:08:39,  402167 sec) AscentControlAgent(  Bouyancy nudge to 82 (v=0.076dbar/sec).
(Jul 26 2017 23:08:40,  402168 sec) PistonMoveAbsWTO()    072->082 073 074 075 076 077 [30sec, 13.9Volts, 0.528Amps, CPT:1990sec]
(Jul 26 2017 23:09:20,  402208 sec) PistonMoveAbsWTO()    077->082 078 079 080 081 082 [29sec, 13.6Volts, 0.536Amps, CPT:2019sec]
(Jul 26 2017 23:15:17,  402565 sec) Profile()            Sample 12 initiated at 1051.7dbars for bin 13 [1050dbars].  PTS/O2,T2,TPhase,RPhase,RawTemp/FSig,BbSig,TSig: 1049.5dbars 6.4472C 34.9195PSU / 47.6uM 6.465C 55.189 8.088 532.837 /   54  107  564
(Jul 26 2017 23:24:06,  403094 sec) Profile()            Sample 13 initiated at 1001.5dbars for bin 14 [1000dbars].  PTS/O2,T2,TPhase,RPhase,RawTemp/FSig,BbSig,TSig: 999.4dbars 6.7361C 34.9308PSU / 42.3uM 6.758C 55.830 8.147 523.552 /   54  107  563
(Jul 26 2017 23:41:47,  404155 sec) Profile()            Sample 15 initiated at 901.3dbars for bin 16 [900dbars].  PTS/O2,T2,TPhase,RPhase,RawTemp/FSig,BbSig,TSig: 899.2dbars 7.2579C 34.9494PSU / 33.6uM 7.279C 56.928 8.117 506.980 /   54  107  563
(Jul 27 2017 00:20:36,  406484 sec) Profile()            Sample 19 initiated at 701.3dbars for bin 20 [700dbars].  PTS/O2,T2,TPhase,RPhase,RawTemp/FSig,BbSig,TSig: 699.4dbars 8.4337C 34.9858PSU / 18.8uM 8.452C 59.040 8.104 469.425 /   55  110  561
(Jul 27 2017 00:25:41,  406789 sec) AscentControlAgent(  Bouyancy nudge to 92 (v=0.078dbar/sec).
(Jul 27 2017 00:25:42,  406790 sec) PistonMoveAbsWTO()    082->092 083 084 085 086 087 [30sec, 14.0Volts, 0.403Amps, CPT:2049sec]
(Jul 27 2017 00:26:22,  406830 sec) PistonMoveAbsWTO()    087->092 088 089 090 091 092 [27sec, 14.0Volts, 0.419Amps, CPT:2076sec]
(Jul 27 2017 00:53:23,  408451 sec) Profile()            Sample 23 initiated at 501.2dbars for bin 24 [500dbars].  PTS/O2,T2,TPhase,RPhase,RawTemp/FSig,BbSig,TSig: 498.5dbars 9.6741C 35.0158PSU / 6.7uM 9.699C 61.071 8.166 429.244 /   56  112  559
(Jul 27 2017 00:54:57,  408545 sec) Sbe41cpStartCP()     Continuous profile started.
(Jul 27 2017 01:17:01,  409869 sec) Profile()            Sample 27 initiated at 331.6dbars for bin 28 [330dbars].  PTS/O2,T2,TPhase,RPhase,RawTemp/FSig,BbSig,TSig: 331.2dbars 10.9003C 35.0317PSU / 2.7uM 10.928C 61.751 8.283 389.378 /   55  124  557
(Jul 27 2017 01:28:17,  410545 sec) Profile()            Sample 31 initiated at 240.9dbars for bin 32 [240dbars].  PTS/O2,T2,TPhase,RPhase,RawTemp/FSig,BbSig,TSig: 240.5dbars 12.0483C 35.0185PSU / 1.3uM 12.080C 61.966 8.333 351.808 /   54  125  555
(Jul 27 2017 01:36:10,  411018 sec) Profile()            Sample 35 initiated at 181.3dbars for bin 36 [180dbars].  PTS/O2,T2,TPhase,RPhase,RawTemp/FSig,BbSig,TSig: 180.9dbars 13.4063C 34.9875PSU / 1.8uM 13.432C 61.728 8.393 307.586 /   53  124  554
(Jul 27 2017 01:42:25,  411393 sec) Profile()            Sample 39 initiated at 141.1dbars for bin 40 [140dbars].  PTS/O2,T2,TPhase,RPhase,RawTemp/FSig,BbSig,TSig: 140.7dbars 15.6298C 34.9199PSU / 1.2uM 15.645C 61.672 8.427 234.908 /   52  122  552
(Jul 27 2017 01:53:00,  412028 sec) Profile()            Sample 43 initiated at 101.6dbars for bin 44 [100dbars].  PTS/O2,T2,TPhase,RPhase,RawTemp/FSig,BbSig,TSig: 101.5dbars 19.0509C 34.8623PSU / 3.8uM 18.997C 60.662 8.542 124.952 /   56  116  547
(Jul 27 2017 01:57:23,  412291 sec) AscentControlAgent(  Bouyancy nudge to 97 (v=0.022dbar/sec).
(Jul 27 2017 01:57:23,  412291 sec) PistonMoveAbsWTO()    092->097 093 094 095 096 097 [27sec, 14.2Volts, 0.226Amps, CPT:2103sec]
(Jul 27 2017 02:02:27,  412595 sec) AscentControlAgent(  Bouyancy nudge to 102 (v=0.032dbar/sec).
(Jul 27 2017 02:02:27,  412595 sec) PistonMoveAbsWTO()    097->102 098 099 100 101 102 [27sec, 14.2Volts, 0.226Amps, CPT:2130sec]
(Jul 27 2017 02:07:31,  412899 sec) AscentControlAgent(  Bouyancy nudge to 107 (v=0.040dbar/sec).
(Jul 27 2017 02:07:31,  412899 sec) PistonMoveAbsWTO()    102->107 103 104 105 106 107 [27sec, 14.2Volts, 0.222Amps, CPT:2157sec]
(Jul 27 2017 02:12:36,  413204 sec) AscentControlAgent(  Bouyancy nudge to 112 (v=0.032dbar/sec).
(Jul 27 2017 02:12:36,  413204 sec) PistonMoveAbsWTO()    107->112 108 109 110 111 112 [27sec, 14.2Volts, 0.218Amps, CPT:2184sec]
(Jul 27 2017 02:14:58,  413346 sec) Profile()            Sample 47 initiated at 62.0dbars for bin 48 [60dbars].  PTS/O2,T2,TPhase,RPhase,RawTemp/FSig,BbSig,TSig: 62.0dbars 23.5568C 34.6650PSU / 15.0uM 23.407C 56.826 8.710 -17.950 /   98  114  540
(Jul 27 2017 02:17:41,  413509 sec) AscentControlAgent(  Bouyancy nudge to 117 (v=0.008dbar/sec).
(Jul 27 2017 02:17:41,  413509 sec) PistonMoveAbsWTO()    112->117 113 114 115 116 117 [27sec, 14.2Volts, 0.222Amps, CPT:2211sec]
(Jul 27 2017 02:22:50,  413818 sec) AscentControlAgent(  Bouyancy nudge to 122 (v=0.010dbar/sec).
(Jul 27 2017 02:22:50,  413818 sec) PistonMoveAbsWTO()    117->122 118 119 120 121 122 [27sec, 14.3Volts, 0.218Amps, CPT:2238sec]
(Jul 27 2017 02:27:50,  414118 sec) AscentControlAgent(  Bouyancy nudge to 127 (v=0.014dbar/sec).
(Jul 27 2017 02:27:50,  414118 sec) PistonMoveAbsWTO()    122->127 123 124 125 126 127 [26sec, 14.3Volts, 0.218Amps, CPT:2264sec]
(Jul 27 2017 02:32:53,  414421 sec) AscentControlAgent(  Bouyancy nudge to 132 (v=0.017dbar/sec).
(Jul 27 2017 02:32:53,  414421 sec) PistonMoveAbsWTO()    127->132 128 129 130 131 132 [27sec, 14.3Volts, 0.214Amps, CPT:2291sec]
(Jul 27 2017 02:37:57,  414725 sec) AscentControlAgent(  Bouyancy nudge to 137 (v=0.017dbar/sec).
(Jul 27 2017 02:37:57,  414725 sec) PistonMoveAbsWTO()    132->137 133 134 135 136 137 [26sec, 14.3Volts, 0.214Amps, CPT:2317sec]
(Jul 27 2017 02:43:00,  415028 sec) AscentControlAgent(  Bouyancy nudge to 142 (v=0.008dbar/sec).
(Jul 27 2017 02:43:00,  415028 sec) PistonMoveAbsWTO()    137->142 138 139 140 141 142 [27sec, 14.3Volts, 0.210Amps, CPT:2344sec]
(Jul 27 2017 02:47:02,  415270 sec) Profile()            Sample 51 initiated at 37.0dbars for bin 52 [35dbars].  PTS/O2,T2,TPhase,RPhase,RawTemp/FSig,BbSig,TSig: 37.0dbars 27.7120C 34.1364PSU / 147.6uM 27.695C 34.917 8.792 -153.120 /  174  164  532
(Jul 27 2017 02:48:05,  415333 sec) AscentControlAgent(  Bouyancy nudge to 147 (v=0.021dbar/sec).
(Jul 27 2017 02:48:05,  415333 sec) PistonMoveAbsWTO()    142->147 143 144 145 146 147 [26sec, 14.3Volts, 0.210Amps, CPT:2370sec]
(Jul 27 2017 02:53:08,  415636 sec) AscentControlAgent(  Bouyancy nudge to 152 (v=0.016dbar/sec).
(Jul 27 2017 02:53:08,  415636 sec) PistonMoveAbsWTO()    147->152 148 149 150 151 152 [27sec, 14.3Volts, 0.205Amps, CPT:2397sec]
(Jul 27 2017 02:58:17,  415945 sec) AscentControlAgent(  Bouyancy nudge to 157 (v=0.002dbar/sec).
(Jul 27 2017 02:58:17,  415945 sec) PistonMoveAbsWTO()    152->157 153 154 155 156 157 [27sec, 14.3Volts, 0.205Amps, CPT:2424sec]
(Jul 27 2017 03:03:26,  416254 sec) AscentControlAgent(  Bouyancy nudge to 162 (v=0.001dbar/sec).
(Jul 27 2017 03:03:26,  416254 sec) PistonMoveAbsWTO()    157->162 158 159 160 161 162 [25sec, 14.4Volts, 0.205Amps, CPT:2449sec]
(Jul 27 2017 03:08:33,  416561 sec) AscentControlAgent(  Bouyancy nudge to 167 (v=-0.001dbar/sec).
(Jul 27 2017 03:08:33,  416561 sec) PistonMoveAbsWTO()    162->167 163 164 165 166 167 [27sec, 14.4Volts, 0.201Amps, CPT:2476sec]
(Jul 27 2017 03:13:42,  416870 sec) AscentControlAgent(  Bouyancy nudge to 172 (v=-0.001dbar/sec).
(Jul 27 2017 03:13:42,  416870 sec) PistonMoveAbsWTO()    167->172 168 169 170 171 172 [26sec, 14.4Volts, 0.210Amps, CPT:2502sec]
(Jul 27 2017 03:18:50,  417178 sec) AscentControlAgent(  Bouyancy nudge to 177 (v=-0.003dbar/sec).
(Jul 27 2017 03:18:50,  417178 sec) PistonMoveAbsWTO()    172->177 173 174 175 176 177 [26sec, 14.4Volts, 0.210Amps, CPT:2528sec]
(Jul 27 2017 03:23:58,  417486 sec) AscentControlAgent(  Bouyancy nudge to 182 (v=0.001dbar/sec).
(Jul 27 2017 03:23:58,  417486 sec) PistonMoveAbsWTO()    177->182 178 179 180 181 182 [25sec, 14.4Volts, 0.201Amps, CPT:2553sec]
(Jul 27 2017 03:29:05,  417793 sec) AscentControlAgent(  Bouyancy nudge to 187 (v=0.005dbar/sec).
(Jul 27 2017 03:29:05,  417793 sec) PistonMoveAbsWTO()    182->187 183 184 185 186 187 [26sec, 14.5Volts, 0.205Amps, CPT:2579sec]
(Jul 27 2017 03:34:39,  418127 sec) Profile()            Sample 55 initiated at 16.9dbars for bin 56 [15dbars].  PTS/O2,T2,TPhase,RPhase,RawTemp/FSig,BbSig,TSig: 16.9dbars 28.7739C 32.0319PSU / 222.5uM 28.808C 29.711 8.779 -187.403 /   67  143  528
(Jul 27 2017 03:36:35,  418243 sec) Profile()            Sample 56 initiated at 11.6dbars for bin 57 [10dbars].  PTS/O2,T2,TPhase,RPhase,RawTemp/FSig,BbSig,TSig: 11.5dbars 28.7769C 32.0309PSU / 222.6uM 28.811C 29.704 8.779 -187.498 /   68  140  528
(Jul 27 2017 03:38:51,  418379 sec) Profile()            Sample 57 initiated at 5.9dbars for bin 58 [4dbars].  PTS/O2,T2,TPhase,RPhase,RawTemp/FSig,BbSig,TSig: 5.9dbars 28.7829C 32.0318PSU / 222.9uM 28.819C 29.688 8.776 -187.739 /   63  139  528
(Jul 27 2017 03:39:17,  418405 sec) Profile()            Sample 58 initiated at 5.0dbars for bin 58 [4dbars].  PTS/O2,T2,TPhase,RPhase,RawTemp/FSig,BbSig,TSig: 4.9dbars 28.7867C 32.0317PSU / 222.8uM 28.822C 29.693 8.778 -187.851 /   66  139  527
(Jul 27 2017 03:39:33,  418421 sec) SurfaceDetect()      SurfacePressure:-0.2dbars Pressure:3.8dbars PistonPosition:187
(Jul 27 2017 03:39:34,  418422 sec) Sbe41cpStopCP()      Continuous profile stopped.
(Jul 27 2017 03:39:41,  418429 sec) PistonMoveAbsWTO()    187->209 188 189 190 191 192 193 194 195 196 197 198 199 200 201 202 203 204 205 206 207 208 209 [111sec, 14.4Volts, 0.173Amps, CPT:2690sec]
(Jul 27 2017 03:41:47,  418554 sec) sbe41cp.c:chat()     Expected string [S>] not received.
(Jul 27 2017 03:43:32,  418660 sec) Sbe41cpBinAverage()  Finished averaging 9904 samples in 100 seconds.
(Jul 27 2017 03:43:37,  418665 sec) Sbe41cpUploadCP()    Sbe41cpSerNo[08352] NSample[9904] NBin[248]
(Jul 27 2017 03:44:20,  418708 sec) Sbe41cpUploadCP()    Continuous profile uploaded [248 lines].

<EOT>

<EOT>
