(May 05 2017 05:42:40,  416891 sec) TelemetryInit()      Profile 28. (Apf9i FwRev: 061016)
(May 05 2017 05:49:28,  417299 sec) AirSystem()          Battery [190cnt, 14.7V]  Current [67cnt, 270.0mA]  Barometer [128cnt, 7.1"Hg]  Run-Time [44s]
(May 05 2017 05:50:29,  417360 sec) GetSurfaceObs()      P/O2,T2,TPhase,RPhase,RawTemp/FSig,BbSig,TSig: -0.1dbars / 221.9uM 30.026C 29.299 8.847 -224.480 / 52,127,526
(May 05 2017 05:50:34,  417365 sec) GpsServices()        GPS almanac is current.
(May 05 2017 05:50:35,  417366 sec) GpsServices()        Initiating GPS fix acquisition.
(May 05 2017 05:50:50,  417381 sec) gga()                $GPGGA,055010,1659.5685,N,08846.8330,E,0,00,,,M,,M,,*53
(May 05 2017 05:51:05,  417396 sec) gga()                $GPGGA,055030,1659.5685,N,08846.8330,E,0,00,,,M,,M,,*51
(May 05 2017 05:51:16,  417407 sec) gga()                $GPGGA,055030,1659.5685,N,08846.8330,E,0,00,,,M,,M,,*51
(May 05 2017 05:51:26,  417418 sec) gga()                $GPGGA,055040,1659.5685,N,08846.8330,E,0,00,,,M,,M,,*56
(May 05 2017 05:52:09,  417460 sec) gga()                $GPGGA,055100,1701.0926,N,08858.9700,E,1,10,0.9,2.5,M,-68.8,M,,*6E
(May 05 2017 05:52:10,  417461 sec) GpsServices()        Profile 28 GPS fix obtained in 95 seconds.
(May 05 2017 05:52:10,  417461 sec) GpsServices()                  lon     lat mm/dd/yyyy hhmmss nsat
(May 05 2017 05:52:10,  417461 sec) GpsServices()        Fix:   88.983  17.018 05/05/2017 055100   10
(May 05 2017 05:52:57,  417508 sec) gga()                $GPGGA,055150,1701.0954,N,08858.9737,E,1,12,0.7,1.7,M,-68.8,M,,*67
(May 05 2017 05:53:04,  417516 sec) gga()                $GPGGA,055240,1701.0976,N,08858.9770,E,1,12,0.7,1.9,M,-68.8,M,,*68
(May 05 2017 05:53:05,  417516 sec) GpsServices()        APF9 RTC skew (25s) OK.
(May 05 2017 05:53:05,  417516 sec) GpsServices()        GPS services complete.
(May 05 2017 05:53:47,  417558 sec) CLogin()             Connecting to primary host.
(May 05 2017 05:54:05,  417576 sec) CLogin()             Connection 1 established in 18 seconds.
(May 05 2017 05:54:17,  417588 sec) login()              Login successful.
(May 05 2017 05:54:21,  417592 sec) CLogin()             Logged in to host.  [Login required 16 seconds]
(May 05 2017 05:55:01,  417632 sec) chat()               Expected string [sx -a  mission.cfg] not received.
(May 05 2017 05:55:01,  417632 sec) RxConfig()           Failed attempt to execute "sx -a  mission.cfg" on the host.
(May 05 2017 05:55:42,  417673 sec) chat()               Expected string [sx -a  mission.cfg] not received.
(May 05 2017 05:55:42,  417673 sec) RxConfig()           Failed attempt to execute "sx -a  mission.cfg" on the host.
(May 05 2017 05:55:42,  417674 sec) DownLoadMissionCfg(  Keeping previous version of "mission.cfg".
(May 05 2017 05:56:23,  417714 sec) chat()               Expected string [sx -a  mission.cfg] not received.
(May 05 2017 05:56:23,  417714 sec) RxConfig()           Failed attempt to execute "sx -a  mission.cfg" on the host.
(May 05 2017 05:57:04,  417755 sec) chat()               Expected string [sx -a  mission.cfg] not received.
(May 05 2017 05:57:04,  417755 sec) RxConfig()           Failed attempt to execute "sx -a  mission.cfg" on the host.
(May 05 2017 05:57:04,  417756 sec) DownLoadMissionCfg(  Keeping previous version of "mission.cfg".
(May 05 2017 05:57:05,  417756 sec) DownLoadMissionCfg(  Aborting download: Retry limit [2] exceeded.
(May 05 2017 05:57:05,  417756 sec) WriteVitals()        Writing vitals to "7825.028.msg".
(May 05 2017 05:57:48,  417799 sec) chat()               Expected string [rx -c  7825.028.log] not received.
(May 05 2017 05:57:48,  417799 sec) UpLoadFile()         Failed attempt to execute "rx -c  7825.028.log" on the host.
(May 05 2017 05:58:23,  417834 sec) chat()               Expected string [rx -c  7825.028.msg] not received.
(May 05 2017 05:58:23,  417834 sec) UpLoadFile()         Failed attempt to execute "rx -c  7825.028.msg" on the host.
(May 05 2017 05:58:23,  417834 sec) UpLoad()             Files successfully uploaded: 0
(May 05 2017 05:58:23,  417834 sec) UpLoad()             Aborting upload: Retry limit [2] exceeded. Upload incomplete.
(May 05 2017 05:58:28,  417839 sec) chat()               Expected string [cmd>] not received.
(May 05 2017 05:58:28,  417839 sec) logout()             Can't get command prompt.
(May 05 2017 05:58:33,  417844 sec) chat()               Expected string [logout] not received.
(May 05 2017 05:58:33,  417844 sec) logout()             Attempt to log-out failed.
(May 05 2017 05:58:38,  417849 sec) chat()               Expected string [cmd>] not received.
(May 05 2017 05:58:38,  417849 sec) logout()             Can't get command prompt.
(May 05 2017 05:58:43,  417854 sec) chat()               Expected string [logout] not received.
(May 05 2017 05:58:43,  417854 sec) logout()             Attempt to log-out failed.
(May 05 2017 05:58:48,  417859 sec) chat()               Expected string [cmd>] not received.
(May 05 2017 05:58:48,  417859 sec) logout()             Can't get command prompt.
(May 05 2017 05:58:53,  417864 sec) chat()               Expected string [logout] not received.
(May 05 2017 05:58:53,  417864 sec) logout()             Attempt to log-out failed.
(May 05 2017 05:58:53,  417864 sec) Telemetry()          Telemetry cycle complete: PrfId=28 ConnectionAttempts=1  Connections=1
(May 05 2017 06:14:08,  418779 sec) AirSystem()          Air-bladder inflation by-passed. Barometer: [127cnt, 6.8"Hg].
(May 05 2017 06:14:54,  418825 sec) GetSurfaceObs()      P/O2,T2,TPhase,RPhase,RawTemp/FSig,BbSig,TSig: -0.1dbars / 229.1uM 29.149C 29.269 8.909 -197.826 / 52,128,526
(May 05 2017 06:14:59,  418830 sec) GpsServices()        GPS almanac is current.
(May 05 2017 06:15:00,  418831 sec) GpsServices()        Initiating GPS fix acquisition.
(May 05 2017 06:15:15,  418846 sec) gga()                $GPGGA,061440,1701.0921,N,08858.9689,E,0,00,,,M,,M,,*54
(May 05 2017 06:16:07,  418898 sec) gga()                $GPGGA,061500,1701.1396,N,08859.0692,E,1,10,0.9,2.9,M,-68.8,M,,*63
(May 05 2017 06:16:07,  418898 sec) GpsServices()        Profile 28 GPS fix obtained in 67 seconds.
(May 05 2017 06:16:07,  418899 sec) GpsServices()                  lon     lat mm/dd/yyyy hhmmss nsat
(May 05 2017 06:16:08,  418899 sec) GpsServices()        Fix:   88.984  17.019 05/05/2017 061500   10
(May 05 2017 06:16:57,  418948 sec) gga()                $GPGGA,061550,1701.1410,N,08859.0730,E,1,10,0.9,4.0,M,-68.8,M,,*69
(May 05 2017 06:17:04,  418956 sec) gga()                $GPGGA,061640,1701.1418,N,08859.0761,E,1,10,0.9,3.0,M,-68.8,M,,*60
(May 05 2017 06:17:05,  418956 sec) GpsServices()        APF9 RTC skew (25s) OK.
(May 05 2017 06:17:05,  418956 sec) GpsServices()        GPS services complete.
(May 05 2017 06:17:39,  418990 sec) CLogin()             Connecting to primary host.
(May 05 2017 06:17:56,  419007 sec) CLogin()             Connection 2 established in 17 seconds.
(May 05 2017 06:18:29,  419041 sec) login()              Login successful.
(May 05 2017 06:18:35,  419046 sec) CLogin()             Logged in to host.  [Login required 39 seconds]
(May 05 2017 06:18:52,  419063 sec) RxConfig()           Downloading "mission.cfg" from host.
(May 05 2017 06:18:54,  419066 sec) Rx()                 Initiating transfer. [0x43]
(May 05 2017 06:19:02,  419073 sec) Rx()                 Truncated packet received - retrying.
(May 05 2017 06:19:06,  419077 sec) RxStartByte()        Sync errors encountered: 316
(May 05 2017 06:19:08,  419079 sec) Rx()                 Pad character [0x1a] found in ascii mode - truncating packet.
(May 05 2017 06:19:13,  419084 sec) Rx()                 Received EOT - transfer complete. [1 packets, 1024 bytes, 19 sec, 53.9 bps]
(May 05 2017 06:19:13,  419084 sec) RxConfig()           Download successful.
(May 05 2017 06:19:36,  419107 sec) WriteVitals()        Writing vitals to "7825.028.msg".
(May 05 2017 06:19:51,  419122 sec) UpLoadFile()         Uploading "7825.028.log" to host as "7825.028.log".
(May 05 2017 06:19:54,  419125 sec) Tx()                 CRC negotiation successful. [16-bit CRC]
(May 05 2017 06:21:08,  419199 sec) TxPacket()           NAK received - resending packet. [PktNum=0x0a]
(May 05 2017 06:21:08,  419199 sec) TxPacket()           Packet xmit history: [00000001] (0:ok, 1:fail).
(May 05 2017 06:22:31,  419282 sec) TxPacket()           NAK received - resending packet. [PktNum=0x16]
(May 05 2017 06:22:31,  419282 sec) TxPacket()           Packet xmit history: [00000001] (0:ok, 1:fail).
(May 05 2017 06:22:38,  419289 sec) TxPacket()           NAK received - resending packet. [PktNum=0x16]
(May 05 2017 06:22:38,  419289 sec) TxPacket()           Packet xmit history: [00000011] (0:ok, 1:fail).
(May 05 2017 06:22:40,  419291 sec) TxPacket()           NAK received - resending packet. [PktNum=0x16]
(May 05 2017 06:22:40,  419291 sec) TxPacket()           Packet xmit history: [00000111] (0:ok, 1:fail).
(May 05 2017 06:23:46,  419357 sec) Tx()                 Transmission completed successfully [40 packets, 40745 bytes, 231 sec, 177.3 bps]
(May 05 2017 06:23:46,  419358 sec) UpLoadFile()         Upload successful.
(May 05 2017 06:23:54,  419365 sec) UpLoadFile()         Uploading "7825.028.msg" to host as "7825.028.msg".
(May 05 2017 06:23:57,  419368 sec) Tx()                 CRC negotiation successful. [16-bit CRC]
(May 05 2017 06:24:19,  419390 sec) TxPacket()           NAK received - resending packet. [PktNum=0x03]
(May 05 2017 06:24:19,  419390 sec) TxPacket()           Packet xmit history: [00000001] (0:ok, 1:fail).
(May 05 2017 06:25:09,  419440 sec) TxPacket()           NAK received - resending packet. [PktNum=0x0a]
(May 05 2017 06:25:09,  419440 sec) TxPacket()           Packet xmit history: [00000001] (0:ok, 1:fail).
(May 05 2017 06:25:22,  419453 sec) TxPacket()           NAK received - resending packet. [PktNum=0x0b]
(May 05 2017 06:25:22,  419453 sec) TxPacket()           Packet xmit history: [00000101] (0:ok, 1:fail).
(May 05 2017 06:25:35,  419466 sec) TxPacket()           NAK received - resending packet. [PktNum=0x0c]
(May 05 2017 06:25:35,  419466 sec) TxPacket()           Packet xmit history: [00010101] (0:ok, 1:fail).
(May 05 2017 06:26:33,  419524 sec) Tx()                 Transmission completed successfully [18 packets, 18017 bytes, 155 sec, 118.9 bps]
(May 05 2017 06:26:34,  419525 sec) UpLoadFile()         Upload successful.
(May 05 2017 06:26:44,  419535 sec) UpLoad()             Files successfully uploaded: 2
(May 05 2017 06:26:44,  419535 sec) UpLoad()             Upload complete.
(May 05 2017 06:26:48,  419539 sec) logout()             Log-out successful.
(May 05 2017 06:26:50,  419541 sec) Telemetry()          Telemetry cycle complete: PrfId=28 ConnectionAttempts=2  Connections=2
(May 05 2017 06:26:50,  419541 sec) TelemetryTerminate(  Parsing new mission configuration.
(May 05 2017 06:26:53,  419544 sec) configure()          Parsing configurators in "mission.cfg".
(May 05 2017 06:26:59,  419550 sec) configure()             TelemetryRetry(15)      [0x7BBC] [TelemetryRetry(15)].
(May 05 2017 06:27:00,  419551 sec) configure()          Configuration CRCs and syntax OK.
(May 05 2017 06:27:00,  419551 sec) ConfigSupervisor()   Sanity check violated: cfg->PressureCP >= 750
(May 05 2017 06:27:00,  419551 sec) ConfigSupervisor()   Configuration accepted.
(May 05 2017 06:27:00,  419551 sec) TelemetryTerminate(  Reconditioning the file system.
(May 05 2017 06:27:17,      11 sec) DescentInit()        Deep profile 29 initiated at mission-time 419557sec.
(May 05 2017 06:27:19,      13 sec) DescentInit()        Surface pressure: -0.1dbars.
(May 05 2017 06:27:24,      18 sec) PistonMoveAbsWTO()    197->061 196 195 194 193 192 191 190 189 188 187 186 185 184 183 182 181 180 179 178 177 176 175 174 173 172 171 170 169 168 167 166 165 164 163 162 161 160 159 158 157 156 155 154 153 152 151 150 149 148 147 146 145 144 143 142 141 140 139 138 137 136 135 134 133 132 131 130 129 128 127 126 125 124 123 122 121 120 119 118 117 116 115 114 113 112 111 110 109 108 107 106 105 104 103 102 101 100 099 098 097 096 095 094 093 092 091 090 089 088 087 086 085 084 083 082 081 080 079 078 077 076 075 074 073 072 071 070 069 068 067 066 065 064 063 062 061 [684sec, 14.6Volts, 0.153Amps, CPT:684sec]
(May 05 2017 06:38:48,     702 sec) PistonMoveAbsWTO()    061->000 060 059 058 057 056 055 054 053 052 051 050 049 048 047 046 045 044 043 042 041 040 039 038 037 036 035 034 033 032 031 030 029 028 027 026 025 024 023 022 021 020 019 018 017 016 015 014 013 012 011 010 009 [263sec, 14.6Volts, 0.145Amps, CPT:947sec]
(May 05 2017 06:43:21,     975 sec) Descent()            Pressure: 115.4
(May 05 2017 07:27:10,    3604 sec) Descent()            Pressure: 461.7
(May 05 2017 08:27:10,    7204 sec) Descent()            Pressure: 984.9
(May 05 2017 08:27:10,    7204 sec) PistonMoveAbsWTO()    009->061 010 011 012 013 014 015 016 017 018 019 020 021 022 023 024 025 026 027 028 029 030 031 032 033 034 035 036 037 038 039 040 041 042 043 044 045 046 047 048 049 050 051 052 053 054 055 056 057 058 059 060 061 [295sec, 13.9Volts, 0.484Amps, CPT:1242sec]
(May 05 2017 09:27:10,   10804 sec) Descent()            Pressure: 929.6
(May 05 2017 10:27:10,   14404 sec) Descent()            Pressure: 936.5
(May 05 2017 11:27:10,   18004 sec) Descent()            Pressure: 942.8
(May 05 2017 11:27:10,   18004 sec) ParkInit()           
(May 05 2017 13:27:16,   25210 sec) Park()               ParkPOutOfBand[-3, 953.3 dbars]: retract piston.
(May 05 2017 13:27:17,   25211 sec) PistonMoveAbsWTO()    061->060 060 [2sec, 14.7Volts, 0.109Amps, CPT:1244sec]
(May 05 2017 16:27:16,   36010 sec) Park()               ParkPOutOfBand[-3, 980.0 dbars]: retract piston.
(May 05 2017 16:27:17,   36011 sec) PistonMoveAbsWTO()    060->059 059 [5sec, 14.7Volts, 0.101Amps, CPT:1249sec]
(May 05 2017 20:27:16,   50410 sec) Park()               ParkPOutOfBand[3, 1020.1 dbars]: extend piston.
(May 05 2017 20:27:17,   50411 sec) PistonMoveAbsWTO()    059->060 060 [2sec, 14.3Volts, 0.520Amps, CPT:1251sec]
(May 06 2017 01:27:16,   68410 sec) Park()               ParkPOutOfBand[3, 1014.0 dbars]: extend piston.
(May 06 2017 01:27:17,   68411 sec) PistonMoveAbsWTO()    060->061 061 [6sec, 14.3Volts, 0.532Amps, CPT:1257sec]
(May 08 2017 00:27:17,  237611 sec) Park()               ParkPOutOfBand[3, 1012.7 dbars]: extend piston.
(May 08 2017 00:27:17,  237611 sec) PistonMoveAbsWTO()    061->062 062 [6sec, 14.1Volts, 0.508Amps, CPT:1263sec]
(May 08 2017 03:27:17,  248411 sec) Park()               ParkPOutOfBand[-3, 988.0 dbars]: retract piston.
(May 08 2017 03:27:17,  248411 sec) PistonMoveAbsWTO()    062->061 061 [2sec, 14.6Volts, 0.113Amps, CPT:1265sec]
(May 09 2017 14:27:30,  374424 sec) CtdPower()           [  991.39,  6.4554, 34.9210]
(May 09 2017 14:27:30,  374424 sec) CtdPower()           CTD Power consumption [188VCnt 8ACnt]: 14.573Volts * 0.032Amps = 0.47Watts.
(May 09 2017 14:27:31,  374425 sec) ParkTerminate()      Piston Position:61 Vacuum:79 Vq:195 Aq:4 Vsbe:188 Asbe:8 Vflbb:186 Aflbb:12
(May 09 2017 14:28:08,  374462 sec) ParkTerminate()      PTS/O2,T2,TPhase,RawTemp: 991.5dbars 6.4558C 34.9201PSU / 44.8uM 6.481C 55.569 7.999 532.317
(May 09 2017 14:28:08,  374462 sec) ParkTerminate()      FLBB FSig, BbSig, TSig: 55, 107, 563
(May 09 2017 14:28:09,  374463 sec) GoDeepInit()         Moving piston.
(May 09 2017 14:28:09,  374463 sec) PistonMoveAbsWTO()    061->022 060 059 058 057 056 055 054 053 052 051 050 049 048 047 046 045 044 043 042 041 040 039 038 037 036 035 034 033 032 031 030 029 028 027 026 025 024 023 022 [198sec, 14.5Volts, 0.093Amps, CPT:1463sec]
(May 09 2017 19:27:10,  392404 sec) ProfileInit()        PrfId:029  Pressure:2000.5dbar  pTable[0]:2000dbar
(May 09 2017 19:27:49,  392443 sec) Profile()            Sample 0 initiated at 2000.5dbars for bin 0 [2000dbars].  PTS/O2,T2,TPhase,RPhase,RawTemp/FSig,BbSig,TSig: 2000.5dbars 2.6818C 34.7717PSU / 124.5uM 2.703C 48.763 8.036 650.187 /   54  103  569
(May 09 2017 19:27:50,  392444 sec) PistonMoveAbsWTO()    022->044 023 024 025 026 027 [30sec, 13.7Volts, 0.834Amps, CPT:1493sec]
(May 09 2017 19:28:30,  392484 sec) PistonMoveAbsWTO()    027->044 028 029 030 031 032 [30sec, 13.4Volts, 0.854Amps, CPT:1523sec]
(May 09 2017 19:29:10,  392524 sec) PistonMoveAbsWTO()    032->044 033 034 035 036 [30sec, 13.3Volts, 0.850Amps, CPT:1553sec]
(May 09 2017 19:29:50,  392564 sec) PistonMoveAbsWTO()    036->044 037 038 039 040 [30sec, 13.3Volts, 0.798Amps, CPT:1583sec]
(May 09 2017 19:30:30,  392604 sec) PistonMoveAbsWTO()    041->044 042 043 044 [21sec, 13.2Volts, 0.838Amps, CPT:1604sec]
(May 09 2017 19:46:19,  393553 sec) Profile()            Sample 1 initiated at 1901.9dbars for bin 1 [1900dbars].  PTS/O2,T2,TPhase,RPhase,RawTemp/FSig,BbSig,TSig: 1899.7dbars 2.8809C 34.7786PSU / 123.5uM 2.898C 48.753 8.043 644.203 /   55  102  569
(May 09 2017 20:04:44,  394658 sec) Profile()            Sample 2 initiated at 1801.3dbars for bin 2 [1800dbars].  PTS/O2,T2,TPhase,RPhase,RawTemp/FSig,BbSig,TSig: 1799.3dbars 3.1547C 34.7898PSU / 115.2uM 3.171C 49.326 8.047 635.790 /   53  104  569
(May 09 2017 20:12:39,  395133 sec) AscentControlAgent(  Bouyancy nudge to 54 (v=0.079dbar/sec).
(May 09 2017 20:12:40,  395134 sec) PistonMoveAbsWTO()    044->054 045 046 047 048 [30sec, 13.8Volts, 0.745Amps, CPT:1634sec]
(May 09 2017 20:13:20,  395174 sec) PistonMoveAbsWTO()    048->054 049 050 051 052 053 [30sec, 13.5Volts, 0.733Amps, CPT:1664sec]
(May 09 2017 20:14:00,  395214 sec) PistonMoveAbsWTO()    053->054 054 [3sec, 13.5Volts, 0.749Amps, CPT:1667sec]
(May 09 2017 20:23:12,  395766 sec) Profile()            Sample 3 initiated at 1701.5dbars for bin 3 [1700dbars].  PTS/O2,T2,TPhase,RPhase,RawTemp/FSig,BbSig,TSig: 1699.5dbars 3.4671C 34.8025PSU / 109.0uM 3.483C 49.717 8.046 626.165 /   56  105  568
(May 09 2017 20:38:21,  396675 sec) AscentControlAgent(  Bouyancy nudge to 64 (v=0.078dbar/sec).
(May 09 2017 20:38:22,  396676 sec) PistonMoveAbsWTO()    054->064 055 056 057 058 059 [30sec, 13.8Volts, 0.681Amps, CPT:1697sec]
(May 09 2017 20:39:02,  396716 sec) PistonMoveAbsWTO()    059->064 060 061 062 063 [30sec, 13.6Volts, 0.709Amps, CPT:1727sec]
(May 09 2017 20:39:42,  396756 sec) PistonMoveAbsWTO()    063->064 064 [1sec, 13.7Volts, 0.701Amps, CPT:1728sec]
(May 09 2017 20:42:40,  396934 sec) Profile()            Sample 4 initiated at 1601.2dbars for bin 4 [1600dbars].  PTS/O2,T2,TPhase,RPhase,RawTemp/FSig,BbSig,TSig: 1598.9dbars 3.8636C 34.8190PSU / 99.8uM 3.882C 50.377 8.113 613.819 /   55  104  568
(May 09 2017 20:57:53,  397847 sec) Profile()            Sample 5 initiated at 1501.5dbars for bin 5 [1500dbars].  PTS/O2,T2,TPhase,RPhase,RawTemp/FSig,BbSig,TSig: 1499.0dbars 4.2707C 34.8358PSU / 91.0uM 4.288C 51.045 8.067 601.220 /   53  104  567
(May 09 2017 21:13:26,  398780 sec) Profile()            Sample 6 initiated at 1401.7dbars for bin 6 [1400dbars].  PTS/O2,T2,TPhase,RPhase,RawTemp/FSig,BbSig,TSig: 1399.6dbars 4.6633C 34.8508PSU / 82.7uM 4.679C 51.730 8.128 589.035 /   55  105  567
(May 09 2017 21:22:27,  399321 sec) Profile()            Sample 7 initiated at 1351.9dbars for bin 7 [1350dbars].  PTS/O2,T2,TPhase,RPhase,RawTemp/FSig,BbSig,TSig: 1350.0dbars 4.8821C 34.8599PSU / 78.3uM 4.899C 52.097 8.085 582.154 /   54  117  566
(May 09 2017 21:32:48,  399942 sec) Profile()            Sample 8 initiated at 1301.7dbars for bin 8 [1300dbars].  PTS/O2,T2,TPhase,RPhase,RawTemp/FSig,BbSig,TSig: 1300.0dbars 5.1112C 34.8683PSU / 73.5uM 5.128C 52.527 8.082 574.972 /   55  104  566
(May 09 2017 21:34:11,  400025 sec) AscentControlAgent(  Bouyancy nudge to 74 (v=0.078dbar/sec).
(May 09 2017 21:34:12,  400026 sec) PistonMoveAbsWTO()    064->074 065 066 067 068 069 [30sec, 14.0Volts, 0.568Amps, CPT:1758sec]
(May 09 2017 21:34:52,  400066 sec) PistonMoveAbsWTO()    069->074 070 071 072 073 074 [30sec, 13.7Volts, 0.580Amps, CPT:1788sec]
(May 09 2017 21:41:30,  400464 sec) Profile()            Sample 9 initiated at 1251.8dbars for bin 9 [1250dbars].  PTS/O2,T2,TPhase,RPhase,RawTemp/FSig,BbSig,TSig: 1249.5dbars 5.3269C 34.8770PSU / 69.4uM 5.345C 52.903 8.081 568.160 /   53  104  566
(May 09 2017 21:49:39,  400953 sec) Profile()            Sample 10 initiated at 1201.8dbars for bin 10 [1200dbars].  PTS/O2,T2,TPhase,RPhase,RawTemp/FSig,BbSig,TSig: 1199.6dbars 5.5389C 34.8853PSU / 65.0uM 5.557C 53.337 8.065 561.490 /   54  106  565
(May 09 2017 21:58:20,  401474 sec) Profile()            Sample 11 initiated at 1151.3dbars for bin 11 [1150dbars].  PTS/O2,T2,TPhase,RPhase,RawTemp/FSig,BbSig,TSig: 1149.2dbars 5.7853C 34.8944PSU / 59.0uM 5.803C 53.960 8.136 553.756 /   56  108  565
(May 09 2017 22:07:51,  402045 sec) Profile()            Sample 12 initiated at 1101.5dbars for bin 12 [1100dbars].  PTS/O2,T2,TPhase,RPhase,RawTemp/FSig,BbSig,TSig: 1099.7dbars 6.0326C 34.9048PSU / 54.5uM 6.053C 54.436 8.094 545.875 /   53  109  564
(May 09 2017 22:15:06,  402480 sec) AscentControlAgent(  Bouyancy nudge to 84 (v=0.079dbar/sec).
(May 09 2017 22:15:07,  402481 sec) PistonMoveAbsWTO()    074->084 075 076 077 078 079 [30sec, 14.0Volts, 0.512Amps, CPT:1818sec]
(May 09 2017 22:15:47,  402521 sec) PistonMoveAbsWTO()    079->084 080 081 082 083 084 [27sec, 13.9Volts, 0.516Amps, CPT:1845sec]
(May 09 2017 22:17:51,  402645 sec) Profile()            Sample 13 initiated at 1051.9dbars for bin 13 [1050dbars].  PTS/O2,T2,TPhase,RPhase,RawTemp/FSig,BbSig,TSig: 1049.4dbars 6.3098C 34.9150PSU / 49.2uM 6.336C 55.024 8.124 536.929 /   55  109  564
(May 09 2017 22:25:50,  403124 sec) Profile()            Sample 14 initiated at 1001.6dbars for bin 14 [1000dbars].  PTS/O2,T2,TPhase,RPhase,RawTemp/FSig,BbSig,TSig: 999.3dbars 6.5618C 34.9247PSU / 44.7uM 6.584C 55.554 8.108 529.079 /   55  108  564
(May 09 2017 22:42:21,  404115 sec) Profile()            Sample 16 initiated at 901.8dbars for bin 16 [900dbars].  PTS/O2,T2,TPhase,RPhase,RawTemp/FSig,BbSig,TSig: 899.5dbars 7.1457C 34.9455PSU / 34.9uM 7.167C 56.763 8.121 510.542 /   56  112  563
(May 09 2017 23:19:40,  406354 sec) Profile()            Sample 20 initiated at 701.2dbars for bin 20 [700dbars].  PTS/O2,T2,TPhase,RPhase,RawTemp/FSig,BbSig,TSig: 699.2dbars 8.5161C 34.9887PSU / 16.6uM 8.538C 59.394 8.139 466.666 /   55  114  561
(May 09 2017 23:57:29,  408623 sec) Profile()            Sample 24 initiated at 501.3dbars for bin 24 [500dbars].  PTS/O2,T2,TPhase,RPhase,RawTemp/FSig,BbSig,TSig: 499.3dbars 9.9615C 35.0210PSU / 4.8uM 9.989C 61.413 8.235 419.844 /   56  114  558
(May 09 2017 23:59:05,  408719 sec) Sbe41cpStartCP()     Continuous profile started.
(May 10 2017 00:24:30,  410244 sec) Profile()            Sample 28 initiated at 331.9dbars for bin 28 [330dbars].  PTS/O2,T2,TPhase,RPhase,RawTemp/FSig,BbSig,TSig: 331.5dbars 11.3258C 35.0273PSU / 2.0uM 11.350C 61.859 8.310 375.647 /   56  119  556
(May 10 2017 00:37:08,  411001 sec) Profile()            Sample 32 initiated at 241.7dbars for bin 32 [240dbars].  PTS/O2,T2,TPhase,RPhase,RawTemp/FSig,BbSig,TSig: 241.3dbars 13.1021C 35.0004PSU / 1.3uM 13.142C 61.861 8.390 317.082 /   53  117  555
(May 10 2017 00:48:32,  411686 sec) AscentControlAgent(  Bouyancy nudge to 94 (v=0.057dbar/sec).
(May 10 2017 00:48:32,  411686 sec) PistonMoveAbsWTO()    084->094 085 086 087 088 089 [30sec, 14.2Volts, 0.250Amps, CPT:1875sec]
(May 10 2017 00:49:12,  411726 sec) PistonMoveAbsWTO()    089->094 090 091 092 093 094 [24sec, 14.2Volts, 0.250Amps, CPT:1899sec]
(May 10 2017 00:50:01,  411775 sec) Profile()            Sample 36 initiated at 181.9dbars for bin 36 [180dbars].  PTS/O2,T2,TPhase,RPhase,RawTemp/FSig,BbSig,TSig: 181.6dbars 17.8219C 34.8764PSU / 5.6uM 17.818C 60.317 8.576 163.559 /   54  150  550
(May 10 2017 00:53:40,  411994 sec) AscentControlAgent(  Bouyancy nudge to 104 (v=0.062dbar/sec).
(May 10 2017 00:53:40,  411994 sec) PistonMoveAbsWTO()    094->104 095 096 097 098 099 [30sec, 14.2Volts, 0.250Amps, CPT:1929sec]
(May 10 2017 00:54:20,  412034 sec) PistonMoveAbsWTO()    099->104 100 101 102 103 104 [24sec, 14.1Volts, 0.242Amps, CPT:1953sec]
(May 10 2017 00:58:48,  412302 sec) AscentControlAgent(  Bouyancy nudge to 114 (v=0.062dbar/sec).
(May 10 2017 00:58:48,  412302 sec) PistonMoveAbsWTO()    104->114 105 106 107 108 109 [30sec, 14.2Volts, 0.246Amps, CPT:1983sec]
(May 10 2017 00:59:28,  412342 sec) PistonMoveAbsWTO()    109->114 110 111 112 113 114 [23sec, 14.2Volts, 0.238Amps, CPT:2006sec]
(May 10 2017 01:00:46,  412420 sec) Profile()            Sample 40 initiated at 141.4dbars for bin 40 [140dbars].  PTS/O2,T2,TPhase,RPhase,RawTemp/FSig,BbSig,TSig: 141.3dbars 22.3799C 34.7644PSU / 13.9uM 22.357C 57.348 8.647 15.784 /   64  105  543
(May 10 2017 01:03:49,  412603 sec) AscentControlAgent(  Bouyancy nudge to 124 (v=0.050dbar/sec).
(May 10 2017 01:03:49,  412603 sec) PistonMoveAbsWTO()    114->124 115 116 117 118 119 [30sec, 14.2Volts, 0.238Amps, CPT:2036sec]
(May 10 2017 01:04:45,  412659 sec) PistonMoveAbsWTO()    119->124 120 121 122 123 124 [23sec, 14.2Volts, 0.242Amps, CPT:2059sec]
(May 10 2017 01:08:51,  412905 sec) AscentControlAgent(  Bouyancy nudge to 134 (v=0.034dbar/sec).
(May 10 2017 01:08:51,  412905 sec) PistonMoveAbsWTO()    124->134 125 126 127 128 129 [30sec, 14.2Volts, 0.234Amps, CPT:2089sec]
(May 10 2017 01:09:31,  412945 sec) PistonMoveAbsWTO()    129->134 130 131 132 133 134 [23sec, 14.2Volts, 0.238Amps, CPT:2112sec]
(May 10 2017 01:19:01,  413515 sec) AscentControlAgent(  Bouyancy nudge to 139 (v=0.001dbar/sec).
(May 10 2017 01:19:01,  413515 sec) PistonMoveAbsWTO()    134->139 135 136 137 138 139 [27sec, 14.3Volts, 0.230Amps, CPT:2139sec]
(May 10 2017 01:24:10,  413824 sec) AscentControlAgent(  Bouyancy nudge to 144 (v=0.018dbar/sec).
(May 10 2017 01:24:10,  413824 sec) PistonMoveAbsWTO()    139->144 140 141 142 143 144 [27sec, 14.3Volts, 0.226Amps, CPT:2166sec]
(May 10 2017 01:26:03,  413937 sec) Profile()            Sample 44 initiated at 101.7dbars for bin 44 [100dbars].  PTS/O2,T2,TPhase,RPhase,RawTemp/FSig,BbSig,TSig: 101.5dbars 27.3236C 33.9920PSU / 170.2uM 27.335C 33.367 8.793 -141.979 /  104  128  532
(May 10 2017 01:29:15,  414129 sec) AscentControlAgent(  Bouyancy nudge to 149 (v=0.025dbar/sec).
(May 10 2017 01:29:15,  414129 sec) PistonMoveAbsWTO()    144->149 145 146 147 148 149 [26sec, 14.3Volts, 0.234Amps, CPT:2192sec]
(May 10 2017 01:34:19,  414433 sec) AscentControlAgent(  Bouyancy nudge to 154 (v=0.032dbar/sec).
(May 10 2017 01:34:19,  414433 sec) PistonMoveAbsWTO()    149->154 150 151 152 153 154 [26sec, 14.3Volts, 0.226Amps, CPT:2218sec]
(May 10 2017 01:44:31,  415045 sec) AscentControlAgent(  Bouyancy nudge to 159 (v=0.034dbar/sec).
(May 10 2017 01:44:31,  415045 sec) PistonMoveAbsWTO()    154->159 155 156 157 158 159 [27sec, 14.5Volts, 0.214Amps, CPT:2245sec]
(May 10 2017 01:45:43,  415117 sec) Profile()            Sample 48 initiated at 61.6dbars for bin 48 [60dbars].  PTS/O2,T2,TPhase,RPhase,RawTemp/FSig,BbSig,TSig: 61.3dbars 28.4216C 33.5882PSU / 227.4uM 28.453C 29.604 8.813 -176.505 /   72  127  530
(May 10 2017 01:54:35,  415649 sec) AscentControlAgent(  Bouyancy nudge to 164 (v=0.025dbar/sec).
(May 10 2017 01:54:35,  415649 sec) PistonMoveAbsWTO()    159->164 160 161 162 163 164 [26sec, 14.5Volts, 0.210Amps, CPT:2271sec]
(May 10 2017 01:56:56,  415790 sec) Profile()            Sample 52 initiated at 36.7dbars for bin 52 [35dbars].  PTS/O2,T2,TPhase,RPhase,RawTemp/FSig,BbSig,TSig: 36.4dbars 29.3120C 33.4359PSU / 227.2uM 29.327C 29.293 8.826 -203.280 /   59  132  528
(May 10 2017 01:59:44,  415958 sec) AscentControlAgent(  Bouyancy nudge to 169 (v=0.034dbar/sec).
(May 10 2017 01:59:44,  415958 sec) PistonMoveAbsWTO()    164->169 165 166 167 168 169 [25sec, 14.5Volts, 0.205Amps, CPT:2296sec]
(May 10 2017 02:05:27,  416301 sec) Profile()            Sample 56 initiated at 16.8dbars for bin 56 [15dbars].  PTS/O2,T2,TPhase,RPhase,RawTemp/FSig,BbSig,TSig: 16.5dbars 29.8372C 33.3456PSU / 222.8uM 29.869C 29.310 8.780 -219.721 /   57  127  527
(May 10 2017 02:07:23,  416417 sec) Profile()            Sample 57 initiated at 11.7dbars for bin 57 [10dbars].  PTS/O2,T2,TPhase,RPhase,RawTemp/FSig,BbSig,TSig: 11.6dbars 29.9452C 33.3736PSU / 221.9uM 29.989C 29.312 8.782 -223.379 /   54  133  526
(May 10 2017 02:09:59,  416573 sec) Profile()            Sample 58 initiated at 5.9dbars for bin 58 [4dbars].  PTS/O2,T2,TPhase,RPhase,RawTemp/FSig,BbSig,TSig: 5.8dbars 29.9822C 33.3846PSU / 221.6uM 30.042C 29.308 8.782 -224.964 /   53  126  526
(May 10 2017 02:10:27,  416601 sec) Profile()            Sample 59 initiated at 4.9dbars for bin 58 [4dbars].  PTS/O2,T2,TPhase,RPhase,RawTemp/FSig,BbSig,TSig: 4.7dbars 29.9864C 33.3841PSU / 221.6uM 30.044C 29.308 8.783 -225.020 /   53  127  526
(May 10 2017 02:10:41,  416615 sec) SurfaceDetect()      SurfacePressure:-0.1dbars Pressure:3.7dbars PistonPosition:169
(May 10 2017 02:10:42,  416616 sec) Sbe41cpStopCP()      Continuous profile stopped.
(May 10 2017 02:10:49,  416623 sec) PistonMoveAbsWTO()    169->191 170 171 172 173 174 175 176 177 178 179 180 181 182 183 184 185 186 187 188 189 190 191 [112sec, 14.4Volts, 0.177Amps, CPT:2408sec]
(May 10 2017 02:12:56,  416750 sec) sbe41cp.c:chat()     Expected string [S>] not received.
(May 10 2017 02:14:30,  416844 sec) Sbe41cpBinAverage()  Finished averaging 7924 samples in 89 seconds.
(May 10 2017 02:14:36,  416850 sec) Sbe41cpUploadCP()    Sbe41cpSerNo[08352] NSample[7924] NBin[249]
(May 10 2017 02:15:18,  416892 sec) Sbe41cpUploadCP()    Continuous profile uploaded [249 lines].

<EOT>

<EOT>
