(Sep 04 2017 04:41:00,  414930 sec) TelemetryInit()      Profile 53. (Apf9i FwRev: 061016)
(Sep 04 2017 04:47:50,  415340 sec) AirSystem()          Battery [189cnt, 14.7V]  Current [66cnt, 265.9mA]  Barometer [127cnt, 6.8"Hg]  Run-Time [45s]
(Sep 04 2017 04:48:35,  415385 sec) GetSurfaceObs()      P/O2,T2,TPhase,RPhase,RawTemp/FSig,BbSig,TSig: -0.2dbars / 223.1uM 29.132C 29.565 8.863 -197.307 / 53,142,527
(Sep 04 2017 04:48:40,  415391 sec) GpsServices()        GPS almanac is current.
(Sep 04 2017 04:48:40,  415391 sec) GpsServices()        Initiating GPS fix acquisition.
(Sep 04 2017 04:49:03,  415413 sec) gga()                $GPGGA,044830,1703.5057,N,09059.3938,E,0,00,,,M,,M,,*50
(Sep 04 2017 04:49:13,  415424 sec) gga()                $GPGGA,044840,1703.5057,N,09059.3938,E,0,00,,,M,,M,,*57
(Sep 04 2017 04:49:24,  415435 sec) gga()                $GPGGA,044850,1703.5057,N,09059.3938,E,0,00,,,M,,M,,*56
(Sep 04 2017 04:49:35,  415445 sec) gga()                $GPGGA,044900,1703.5057,N,09059.3938,E,0,00,,,M,,M,,*52
(Sep 04 2017 04:49:46,  415456 sec) gga()                $GPGGA,044910,1703.5057,N,09059.3938,E,0,00,,,M,,M,,*53
(Sep 04 2017 04:50:29,  415499 sec) gga()                $GPGGA,044930,1652.5588,N,09102.5587,E,1,08,0.9,13.1,M,-64.0,M,,*50
(Sep 04 2017 04:50:29,  415500 sec) GpsServices()        Profile 53 GPS fix obtained in 108 seconds.
(Sep 04 2017 04:50:29,  415500 sec) GpsServices()                  lon     lat mm/dd/yyyy hhmmss nsat
(Sep 04 2017 04:50:30,  415500 sec) GpsServices()        Fix:   91.043  16.876 09/04/2017 044930    8
(Sep 04 2017 04:51:19,  415549 sec) gga()                $GPGGA,045020,1652.5613,N,09102.5635,E,1,08,0.9,15.1,M,-64.0,M,,*54
(Sep 04 2017 04:51:27,  415557 sec) gga()                $GPGGA,045110,1652.5635,N,09102.5680,E,1,08,0.9,14.2,M,-64.0,M,,*5E
(Sep 04 2017 04:51:27,  415557 sec) GpsServices()        APF9 RTC skew (17s) OK.
(Sep 04 2017 04:51:27,  415558 sec) GpsServices()        GPS services complete.
(Sep 04 2017 04:52:09,  415600 sec) CLogin()             Connecting to primary host.
(Sep 04 2017 04:52:26,  415616 sec) CLogin()             Connection 1 established in 17 seconds.
(Sep 04 2017 04:52:37,  415627 sec) login()              Login successful.
(Sep 04 2017 04:52:40,  415630 sec) CLogin()             Logged in to host.  [Login required 14 seconds]
(Sep 04 2017 04:52:52,  415642 sec) RxConfig()           Downloading "mission.cfg" from host.
(Sep 04 2017 04:52:55,  415645 sec) Rx()                 Initiating transfer. [0x43]
(Sep 04 2017 04:53:06,  415656 sec) Rx()                 Truncated packet received - retrying.
(Sep 04 2017 04:53:17,  415667 sec) RxStartByte()        Sync errors encountered: 626
(Sep 04 2017 04:53:21,  415671 sec) Rx()                 Truncated packet received - retrying.
(Sep 04 2017 04:53:27,  415678 sec) RxStartByte()        Sync errors encountered: 533
(Sep 04 2017 04:53:33,  415683 sec) Rx()                 Truncated packet received - retrying.
(Sep 04 2017 04:53:34,  415685 sec) RxStartByte()        Sync errors encountered: 68
(Sep 04 2017 04:53:39,  415689 sec) Rx()                 Truncated packet received - retrying.
(Sep 04 2017 04:53:44,  415695 sec) RxStartByte()        Sync errors encountered: 254
(Sep 04 2017 04:53:48,  415698 sec) Rx()                 Truncated packet received - retrying.
(Sep 04 2017 04:53:50,  415700 sec) RxStartByte()        Sync errors encountered: 874
(Sep 04 2017 04:53:55,  415705 sec) Rx()                 Pad character [0x1a] found in ascii mode - truncating packet.
(Sep 04 2017 04:53:59,  415709 sec) Rx()                 Received EOT - transfer complete. [1 packets, 1024 bytes, 64 sec, 16.0 bps]
(Sep 04 2017 04:53:59,  415709 sec) RxConfig()           Download successful.
(Sep 04 2017 04:54:22,  415732 sec) WriteVitals()        Writing vitals to "7825.053.msg".
(Sep 04 2017 04:54:37,  415748 sec) UpLoadFile()         Uploading "7825.053.msg" to host as "7825.053.msg".
(Sep 04 2017 04:54:38,  415749 sec) Tx()                 CRC negotiation successful. [16-bit CRC]
(Sep 04 2017 04:54:47,  415757 sec) TxPacket()           NAK received - resending packet. [PktNum=0x01]
(Sep 04 2017 04:54:47,  415757 sec) TxPacket()           Packet xmit history: [01110001] (0:ok, 1:fail).
(Sep 04 2017 04:55:06,  415776 sec) TxPacket()           NAK received - resending packet. [PktNum=0x04]
(Sep 04 2017 04:55:06,  415776 sec) TxPacket()           Packet xmit history: [00010001] (0:ok, 1:fail).
(Sep 04 2017 04:55:12,  415782 sec) TxPacket()           NAK received - resending packet. [PktNum=0x04]
(Sep 04 2017 04:55:12,  415782 sec) TxPacket()           Packet xmit history: [00100011] (0:ok, 1:fail).
(Sep 04 2017 04:55:59,  415829 sec) TxPacket()           NAK received - resending packet. [PktNum=0x0a]
(Sep 04 2017 04:55:59,  415829 sec) TxPacket()           Packet xmit history: [10000001] (0:ok, 1:fail).
(Sep 04 2017 04:56:11,  415841 sec) TxPacket()           NAK received - resending packet. [PktNum=0x0a]
(Sep 04 2017 04:56:11,  415841 sec) TxPacket()           Packet xmit history: [00000011] (0:ok, 1:fail).
(Sep 04 2017 04:56:17,  415847 sec) TxPacket()           NAK received - resending packet. [PktNum=0x0a]
(Sep 04 2017 04:56:17,  415847 sec) TxPacket()           Packet xmit history: [00000111] (0:ok, 1:fail).
(Sep 04 2017 04:56:29,  415859 sec) TxPacket()           NAK received - resending packet. [PktNum=0x0b]
(Sep 04 2017 04:56:29,  415859 sec) TxPacket()           Packet xmit history: [00011101] (0:ok, 1:fail).
(Sep 04 2017 04:56:34,  415864 sec) TxPacket()           NAK received - resending packet. [PktNum=0x0b]
(Sep 04 2017 04:56:34,  415864 sec) TxPacket()           Packet xmit history: [00111011] (0:ok, 1:fail).
(Sep 04 2017 04:56:51,  415881 sec) TxPacket()           NAK received - resending packet. [PktNum=0x0d]
(Sep 04 2017 04:56:51,  415881 sec) TxPacket()           Packet xmit history: [11011001] (0:ok, 1:fail).
(Sep 04 2017 04:57:39,  415929 sec) TxPacket()           NAK received - resending packet. [PktNum=0x14]
(Sep 04 2017 04:57:39,  415930 sec) TxPacket()           Packet xmit history: [00000001] (0:ok, 1:fail).
(Sep 04 2017 04:57:51,  415941 sec) TxPacket()           NAK received - resending packet. [PktNum=0x15]
(Sep 04 2017 04:57:51,  415941 sec) TxPacket()           Packet xmit history: [00000101] (0:ok, 1:fail).
(Sep 04 2017 04:58:00,  415950 sec) Tx()                 Transmission completed successfully [21 packets, 17154 bytes, 200 sec, 89.6 bps]
(Sep 04 2017 04:58:00,  415950 sec) UpLoadFile()         Upload successful.
(Sep 04 2017 04:58:10,  415960 sec) UpLoadFile()         Uploading "7825.053.log" to host as "7825.053.log".
(Sep 04 2017 04:58:13,  415963 sec) Tx()                 CRC negotiation successful. [16-bit CRC]
(Sep 04 2017 04:58:33,  415983 sec) TxPacket()           NAK received - resending packet. [PktNum=0x03]
(Sep 04 2017 04:58:33,  415983 sec) TxPacket()           Packet xmit history: [01010001] (0:ok, 1:fail).
(Sep 04 2017 04:58:53,  416003 sec) TxPacket()           NAK received - resending packet. [PktNum=0x05]
(Sep 04 2017 04:58:53,  416003 sec) TxPacket()           Packet xmit history: [10001001] (0:ok, 1:fail).
(Sep 04 2017 04:59:00,  416010 sec) TxPacket()           NAK received - resending packet. [PktNum=0x05]
(Sep 04 2017 04:59:00,  416011 sec) TxPacket()           Packet xmit history: [00010011] (0:ok, 1:fail).
(Sep 04 2017 04:59:15,  416025 sec) TxPacket()           NAK received - resending packet. [PktNum=0x06]
(Sep 04 2017 04:59:15,  416026 sec) TxPacket()           Packet xmit history: [01001101] (0:ok, 1:fail).
(Sep 04 2017 04:59:37,  416047 sec) TxPacket()           NAK received - resending packet. [PktNum=0x09]
(Sep 04 2017 04:59:37,  416047 sec) TxPacket()           Packet xmit history: [11010001] (0:ok, 1:fail).
(Sep 04 2017 04:59:50,  416060 sec) TxPacket()           NAK received - resending packet. [PktNum=0x0a]
(Sep 04 2017 04:59:50,  416060 sec) TxPacket()           Packet xmit history: [01000101] (0:ok, 1:fail).
(Sep 04 2017 05:00:50,  416120 sec) TxPacket()           NAK received - resending packet. [PktNum=0x10]
(Sep 04 2017 05:00:50,  416121 sec) TxPacket()           Packet xmit history: [10000001] (0:ok, 1:fail).
(Sep 04 2017 05:00:57,  416127 sec) TxPacket()           NAK received - resending packet. [PktNum=0x10]
(Sep 04 2017 05:00:57,  416127 sec) TxPacket()           Packet xmit history: [00000011] (0:ok, 1:fail).
(Sep 04 2017 05:01:13,  416143 sec) TxPacket()           NAK received - resending packet. [PktNum=0x11]
(Sep 04 2017 05:01:13,  416144 sec) TxPacket()           Packet xmit history: [00001101] (0:ok, 1:fail).
(Sep 04 2017 05:01:49,  416179 sec) TxPacket()           NAK received - resending packet. [PktNum=0x13]
(Sep 04 2017 05:01:49,  416179 sec) TxPacket()           Packet xmit history: [01101001] (0:ok, 1:fail).
(Sep 04 2017 05:01:56,  416186 sec) TxPacket()           NAK received - resending packet. [PktNum=0x13]
(Sep 04 2017 05:01:56,  416186 sec) TxPacket()           Packet xmit history: [11010011] (0:ok, 1:fail).
(Sep 04 2017 05:02:19,  416209 sec) TxPacket()           NAK received - resending packet. [PktNum=0x14]
(Sep 04 2017 05:02:19,  416209 sec) TxPacket()           Packet xmit history: [01001101] (0:ok, 1:fail).
(Sep 04 2017 05:02:30,  416220 sec) TxPacket()           NAK received - resending packet. [PktNum=0x15]
(Sep 04 2017 05:02:30,  416221 sec) TxPacket()           Packet xmit history: [00110101] (0:ok, 1:fail).
(Sep 04 2017 05:02:54,  416244 sec) TxPacket()           NAK received - resending packet. [PktNum=0x19]
(Sep 04 2017 05:02:54,  416244 sec) TxPacket()           Packet xmit history: [10100001] (0:ok, 1:fail).
(Sep 04 2017 05:03:00,  416250 sec) TxPacket()           NAK received - resending packet. [PktNum=0x19]
(Sep 04 2017 05:03:00,  416250 sec) TxPacket()           Packet xmit history: [01000011] (0:ok, 1:fail).
(Sep 04 2017 05:03:46,  416296 sec) TxPacket()           NAK received - resending packet. [PktNum=0x1f]
(Sep 04 2017 05:03:46,  416296 sec) TxPacket()           Packet xmit history: [10000001] (0:ok, 1:fail).
(Sep 04 2017 05:03:56,  416306 sec) TxPacket()           NAK received - resending packet. [PktNum=0x1f]
(Sep 04 2017 05:03:56,  416307 sec) TxPacket()           Packet xmit history: [00000011] (0:ok, 1:fail).
(Sep 04 2017 05:04:03,  416313 sec) TxPacket()           NAK received - resending packet. [PktNum=0x1f]
(Sep 04 2017 05:04:03,  416314 sec) TxPacket()           Packet xmit history: [00000111] (0:ok, 1:fail).
(Sep 04 2017 05:05:20,  416390 sec) Tx()                 Transmission completed successfully [40 packets, 36195 bytes, 426 sec, 85.6 bps]
(Sep 04 2017 05:05:20,  416391 sec) UpLoadFile()         Upload successful.
(Sep 04 2017 05:05:31,  416401 sec) UpLoad()             Files successfully uploaded: 2
(Sep 04 2017 05:05:31,  416401 sec) UpLoad()             Upload complete.
(Sep 04 2017 05:05:35,  416405 sec) logout()             Log-out successful.
(Sep 04 2017 05:05:36,  416406 sec) Telemetry()          Telemetry cycle complete: PrfId=53 ConnectionAttempts=1  Connections=1
(Sep 04 2017 05:05:36,  416407 sec) TelemetryTerminate(  Parsing new mission configuration.
(Sep 04 2017 05:05:39,  416409 sec) configure()          Parsing configurators in "mission.cfg".
(Sep 04 2017 05:05:46,  416416 sec) configure()             TelemetryRetry(15)      [0x7BBC] [TelemetryRetry(15)].
(Sep 04 2017 05:05:46,  416416 sec) configure()          Configuration CRCs and syntax OK.
(Sep 04 2017 05:05:46,  416416 sec) ConfigSupervisor()   Sanity check violated: cfg->PressureCP >= 750
(Sep 04 2017 05:05:46,  416417 sec) ConfigSupervisor()   Configuration accepted.
(Sep 04 2017 05:05:46,  416417 sec) TelemetryTerminate(  Reconditioning the file system.
(Sep 04 2017 05:06:03,      12 sec) DescentInit()        Deep profile 54 initiated at mission-time 416422sec.
(Sep 04 2017 05:06:06,      14 sec) DescentInit()        Surface pressure: -0.2dbars.
(Sep 04 2017 05:06:11,      19 sec) PistonMoveAbsWTO()    211->062 210 209 208 207 206 205 204 203 202 201 200 199 198 197 196 195 194 193 192 191 190 189 188 187 186 185 184 183 182 181 180 179 178 177 176 175 174 173 172 171 170 169 168 167 166 165 164 163 162 161 160 159 158 157 156 155 154 153 152 151 150 149 148 147 146 145 144 143 142 141 140 139 138 137 136 135 134 133 132 131 130 129 128 127 126 125 124 123 122 121 120 119 118 117 116 115 114 113 112 111 110 109 108 107 106 105 104 103 102 101 100 099 098 097 096 095 094 093 092 091 090 089 088 087 086 085 084 083 082 081 080 079 078 077 076 075 074 073 072 071 070 069 068 067 066 065 064 063 062 [759sec, 14.3Volts, 0.169Amps, CPT:759sec]
(Sep 04 2017 05:18:50,     779 sec) PistonMoveAbsWTO()    062->000 061 060 059 058 057 056 055 054 053 052 051 050 049 048 047 046 045 044 043 042 041 040 039 038 037 036 035 034 033 032 031 030 029 028 027 026 025 024 023 022 021 020 019 018 017 016 015 014 013 012 011 010 009 [270sec, 14.4Volts, 0.165Amps, CPT:1029sec]
(Sep 04 2017 05:23:30,    1059 sec) Descent()            Pressure: 111.2
(Sep 04 2017 06:05:55,    3604 sec) Descent()            Pressure: 444.8
(Sep 04 2017 07:05:55,    7204 sec) Descent()            Pressure: 975.9
(Sep 04 2017 07:05:56,    7204 sec) PistonMoveAbsWTO()    009->062 010 011 012 013 014 015 016 017 018 019 020 021 022 023 024 025 026 027 028 029 030 031 032 033 034 035 036 037 038 039 040 041 042 043 044 045 046 047 048 049 050 051 052 053 054 055 056 057 058 059 060 061 062 [306sec, 13.6Volts, 0.471Amps, CPT:1335sec]
(Sep 04 2017 08:05:55,   10804 sec) Descent()            Pressure: 894.4
(Sep 04 2017 09:05:55,   14404 sec) Descent()            Pressure: 876.2
(Sep 04 2017 10:05:55,   18004 sec) Descent()            Pressure: 882.9
(Sep 04 2017 10:05:56,   18004 sec) ParkInit()           
(Sep 04 2017 12:06:02,   25210 sec) Park()               ParkPOutOfBand[-3, 899.5 dbars]: retract piston.
(Sep 04 2017 12:06:02,   25211 sec) PistonMoveAbsWTO()    062->061 061 [2sec, 14.0Volts, 0.125Amps, CPT:1337sec]
(Sep 04 2017 15:06:02,   36010 sec) Park()               ParkPOutOfBand[-3, 925.6 dbars]: retract piston.
(Sep 04 2017 15:06:02,   36011 sec) PistonMoveAbsWTO()    061->060 060 [6sec, 13.8Volts, 0.117Amps, CPT:1343sec]
(Sep 04 2017 18:06:02,   46810 sec) Park()               ParkPOutOfBand[-3, 979.8 dbars]: retract piston.
(Sep 04 2017 18:06:02,   46811 sec) PistonMoveAbsWTO()    060->059 059 [6sec, 13.8Volts, 0.113Amps, CPT:1349sec]
(Sep 04 2017 21:06:02,   57610 sec) Park()               ParkPOutOfBand[3, 1020.1 dbars]: extend piston.
(Sep 04 2017 21:06:02,   57611 sec) PistonMoveAbsWTO()    059->060 060 [2sec, 13.5Volts, 0.512Amps, CPT:1351sec]
(Sep 05 2017 00:06:02,   68410 sec) Park()               ParkPOutOfBand[3, 1019.1 dbars]: extend piston.
(Sep 05 2017 00:06:02,   68411 sec) PistonMoveAbsWTO()    060->061 061 [6sec, 13.2Volts, 0.512Amps, CPT:1357sec]
(Sep 05 2017 17:06:02,  129611 sec) Park()               ParkPOutOfBand[3, 1014.0 dbars]: extend piston.
(Sep 05 2017 17:06:02,  129611 sec) PistonMoveAbsWTO()    061->062 062 [7sec, 12.6Volts, 0.492Amps, CPT:1364sec]
(Sep 05 2017 20:06:02,  140411 sec) Park()               ParkPOutOfBand[-3, 985.2 dbars]: retract piston.
(Sep 05 2017 20:06:02,  140411 sec) PistonMoveAbsWTO()    062->061 061 [2sec, 13.7Volts, 0.117Amps, CPT:1366sec]
(Sep 08 2017 13:06:16,  374424 sec) CtdPower()           [ 1010.68,  6.4793, 34.9212]
(Sep 08 2017 13:06:16,  374424 sec) CtdPower()           CTD Power consumption [184VCnt 8ACnt]: 14.263Volts * 0.032Amps = 0.46Watts.
(Sep 08 2017 13:06:17,  374425 sec) ParkTerminate()      Piston Position:61 Vacuum:79 Vq:195 Aq:4 Vsbe:184 Asbe:8 Vflbb:180 Aflbb:11
(Sep 08 2017 13:06:53,  374462 sec) ParkTerminate()      PTS/O2,T2,TPhase,RawTemp: 1010.7dbars 6.4795C 34.9219PSU / 44.9uM 6.498C 55.549 7.970 531.806
(Sep 08 2017 13:06:54,  374462 sec) ParkTerminate()      FLBB FSig, BbSig, TSig: 54, 106, 564
(Sep 08 2017 13:06:54,  374463 sec) GoDeepInit()         Moving piston.
(Sep 08 2017 13:06:54,  374463 sec) PistonMoveAbsWTO()    061->023 060 059 058 057 056 055 054 053 052 051 050 049 048 047 046 045 044 043 042 041 040 039 038 037 036 035 034 033 032 031 030 029 028 027 026 025 024 023 [201sec, 14.1Volts, 0.105Amps, CPT:1567sec]
(Sep 08 2017 18:05:55,  392404 sec) ProfileInit()        PrfId:054  Pressure:1984.8dbar  pTable[1]:1900dbar
(Sep 08 2017 18:05:58,  392407 sec) PistonMoveAbsWTO()    023->045 024 025 026 027 [30sec, 12.4Volts, 0.846Amps, CPT:1597sec]
(Sep 08 2017 18:06:39,  392447 sec) PistonMoveAbsWTO()    027->045 028 029 030 031 [30sec, 12.3Volts, 0.854Amps, CPT:1627sec]
(Sep 08 2017 18:07:19,  392487 sec) PistonMoveAbsWTO()    031->045 032 033 034 035 [30sec, 12.3Volts, 0.854Amps, CPT:1657sec]
(Sep 08 2017 18:07:59,  392527 sec) PistonMoveAbsWTO()    035->045 036 037 038 039 040 [30sec, 12.4Volts, 0.870Amps, CPT:1687sec]
(Sep 08 2017 18:08:39,  392567 sec) PistonMoveAbsWTO()    040->045 041 042 043 044 [30sec, 12.4Volts, 0.842Amps, CPT:1717sec]
(Sep 08 2017 18:09:19,  392607 sec) PistonMoveAbsWTO()    044->045 045 [7sec, 12.5Volts, 0.818Amps, CPT:1724sec]
(Sep 08 2017 18:22:05,  393373 sec) Profile()            Sample 0 initiated at 1901.2dbars for bin 1 [1900dbars].  PTS/O2,T2,TPhase,RPhase,RawTemp/FSig,BbSig,TSig: 1899.0dbars 2.8311C 34.7766PSU / 126.3uM 2.848C 48.551 8.034 645.712 /   54  107  570
(Sep 08 2017 18:40:18,  394466 sec) Profile()            Sample 1 initiated at 1801.5dbars for bin 2 [1800dbars].  PTS/O2,T2,TPhase,RPhase,RawTemp/FSig,BbSig,TSig: 1799.5dbars 3.1182C 34.7877PSU / 118.6uM 3.137C 49.045 8.043 636.846 /   54  103  569
(Sep 08 2017 18:51:25,  395133 sec) AscentControlAgent(  Bouyancy nudge to 55 (v=0.079dbar/sec).
(Sep 08 2017 18:51:25,  395134 sec) PistonMoveAbsWTO()    045->055 046 047 048 049 [30sec, 13.3Volts, 0.725Amps, CPT:1754sec]
(Sep 08 2017 18:52:06,  395174 sec) PistonMoveAbsWTO()    049->055 050 051 052 053 054 [30sec, 13.2Volts, 0.766Amps, CPT:1784sec]
(Sep 08 2017 18:52:46,  395214 sec) PistonMoveAbsWTO()    054->055 055 [5sec, 13.2Volts, 0.770Amps, CPT:1789sec]
(Sep 08 2017 18:59:10,  395598 sec) Profile()            Sample 2 initiated at 1701.1dbars for bin 3 [1700dbars].  PTS/O2,T2,TPhase,RPhase,RawTemp/FSig,BbSig,TSig: 1699.0dbars 3.4746C 34.8030PSU / 108.6uM 3.489C 49.756 8.044 625.971 /   53  107  568
(Sep 08 2017 19:17:55,  396723 sec) Profile()            Sample 3 initiated at 1601.3dbars for bin 4 [1600dbars].  PTS/O2,T2,TPhase,RPhase,RawTemp/FSig,BbSig,TSig: 1599.4dbars 3.8787C 34.8198PSU / 99.3uM 3.896C 50.424 8.046 613.389 /   54  104  568
(Sep 08 2017 19:27:00,  397268 sec) AscentControlAgent(  Bouyancy nudge to 65 (v=0.079dbar/sec).
(Sep 08 2017 19:27:00,  397269 sec) PistonMoveAbsWTO()    055->065 056 057 058 059 [30sec, 13.5Volts, 0.705Amps, CPT:1819sec]
(Sep 08 2017 19:27:41,  397309 sec) PistonMoveAbsWTO()    060->065 061 062 063 064 [30sec, 13.3Volts, 0.701Amps, CPT:1849sec]
(Sep 08 2017 19:28:21,  397349 sec) PistonMoveAbsWTO()    064->065 065 [3sec, 13.3Volts, 0.697Amps, CPT:1852sec]
(Sep 08 2017 19:36:13,  397821 sec) Profile()            Sample 4 initiated at 1501.1dbars for bin 5 [1500dbars].  PTS/O2,T2,TPhase,RPhase,RawTemp/FSig,BbSig,TSig: 1498.8dbars 4.3935C 34.8403PSU / 87.6uM 4.409C 51.337 8.051 597.441 /   53  102  567
(Sep 08 2017 19:52:46,  398814 sec) Profile()            Sample 5 initiated at 1401.6dbars for bin 6 [1400dbars].  PTS/O2,T2,TPhase,RPhase,RawTemp/FSig,BbSig,TSig: 1399.5dbars 4.9033C 34.8600PSU / 77.7uM 4.919C 52.157 8.056 581.524 /   54  102  566
(Sep 08 2017 20:01:37,  399345 sec) Profile()            Sample 6 initiated at 1351.8dbars for bin 7 [1350dbars].  PTS/O2,T2,TPhase,RPhase,RawTemp/FSig,BbSig,TSig: 1349.8dbars 5.0960C 34.8675PSU / 73.7uM 5.112C 52.516 8.058 575.466 /   55  104  566
(Sep 08 2017 20:11:08,  399916 sec) Profile()            Sample 7 initiated at 1301.5dbars for bin 8 [1300dbars].  PTS/O2,T2,TPhase,RPhase,RawTemp/FSig,BbSig,TSig: 1299.7dbars 5.2773C 34.8753PSU / 69.7uM 5.295C 52.890 8.053 569.723 /   55  104  566
(Sep 08 2017 20:21:19,  400527 sec) Profile()            Sample 8 initiated at 1251.6dbars for bin 9 [1250dbars].  PTS/O2,T2,TPhase,RPhase,RawTemp/FSig,BbSig,TSig: 1249.9dbars 5.5130C 34.8833PSU / 65.1uM 5.530C 53.329 8.058 562.347 /   53  104  565
(Sep 08 2017 20:23:22,  400650 sec) AscentControlAgent(  Bouyancy nudge to 75 (v=0.079dbar/sec).
(Sep 08 2017 20:23:22,  400651 sec) PistonMoveAbsWTO()    065->075 066 067 068 069 070 [30sec, 13.7Volts, 0.560Amps, CPT:1882sec]
(Sep 08 2017 20:24:03,  400691 sec) PistonMoveAbsWTO()    070->075 071 072 073 074 [30sec, 13.5Volts, 0.588Amps, CPT:1912sec]
(Sep 08 2017 20:30:01,  401049 sec) Profile()            Sample 9 initiated at 1201.8dbars for bin 10 [1200dbars].  PTS/O2,T2,TPhase,RPhase,RawTemp/FSig,BbSig,TSig: 1199.4dbars 5.7186C 34.8921PSU / 60.9uM 5.736C 53.758 8.060 555.871 /   54  105  565
(Sep 08 2017 20:38:00,  401528 sec) Profile()            Sample 10 initiated at 1151.6dbars for bin 11 [1150dbars].  PTS/O2,T2,TPhase,RPhase,RawTemp/FSig,BbSig,TSig: 1149.2dbars 5.9061C 34.8994PSU / 57.3uM 5.925C 54.133 8.109 549.908 /   54  113  565
(Sep 08 2017 20:46:11,  402019 sec) Profile()            Sample 11 initiated at 1101.5dbars for bin 12 [1100dbars].  PTS/O2,T2,TPhase,RPhase,RawTemp/FSig,BbSig,TSig: 1099.3dbars 6.1385C 34.9076PSU / 53.7uM 6.157C 54.508 8.073 542.585 /   56  104  564
(Sep 08 2017 20:55:02,  402550 sec) Profile()            Sample 12 initiated at 1051.5dbars for bin 13 [1050dbars].  PTS/O2,T2,TPhase,RPhase,RawTemp/FSig,BbSig,TSig: 1049.6dbars 6.3644C 34.9170PSU / 49.1uM 6.383C 55.021 8.122 535.448 /   55  104  564
(Sep 08 2017 21:04:53,  403141 sec) Profile()            Sample 13 initiated at 1001.4dbars for bin 14 [1000dbars].  PTS/O2,T2,TPhase,RPhase,RawTemp/FSig,BbSig,TSig: 999.6dbars 6.6306C 34.9266PSU / 44.5uM 6.648C 55.555 8.086 527.024 /   55  103  564
(Sep 08 2017 21:09:16,  403404 sec) AscentControlAgent(  Bouyancy nudge to 85 (v=0.079dbar/sec).
(Sep 08 2017 21:09:16,  403405 sec) PistonMoveAbsWTO()    075->085 076 077 078 079 080 [30sec, 13.8Volts, 0.496Amps, CPT:1942sec]
(Sep 08 2017 21:09:57,  403445 sec) PistonMoveAbsWTO()    080->085 081 082 083 084 085 [29sec, 13.6Volts, 0.492Amps, CPT:1971sec]
(Sep 08 2017 21:22:02,  404170 sec) Profile()            Sample 15 initiated at 901.5dbars for bin 16 [900dbars].  PTS/O2,T2,TPhase,RPhase,RawTemp/FSig,BbSig,TSig: 899.2dbars 7.1218C 34.9446PSU / 35.9uM 7.143C 56.625 8.040 511.319 /   54  106  563
(Sep 08 2017 21:56:41,  406249 sec) Profile()            Sample 19 initiated at 701.2dbars for bin 20 [700dbars].  PTS/O2,T2,TPhase,RPhase,RawTemp/FSig,BbSig,TSig: 699.1dbars 8.3138C 34.9825PSU / 18.9uM 8.335C 59.032 8.084 473.192 /   54  108  561
(Sep 08 2017 22:33:40,  408468 sec) Profile()            Sample 23 initiated at 501.1dbars for bin 24 [500dbars].  PTS/O2,T2,TPhase,RPhase,RawTemp/FSig,BbSig,TSig: 498.9dbars 9.7896C 35.0203PSU / 5.3uM 9.812C 61.333 8.157 425.604 /   55  117  559
(Sep 08 2017 22:35:14,  408562 sec) Sbe41cpStartCP()     Continuous profile started.
(Sep 08 2017 23:00:28,  410076 sec) Profile()            Sample 27 initiated at 331.8dbars for bin 28 [330dbars].  PTS/O2,T2,TPhase,RPhase,RawTemp/FSig,BbSig,TSig: 331.5dbars 11.2372C 35.0285PSU / 1.9uM 11.264C 61.899 8.277 378.435 /   54  122  556
(Sep 08 2017 23:12:36,  410804 sec) Profile()            Sample 31 initiated at 241.3dbars for bin 32 [240dbars].  PTS/O2,T2,TPhase,RPhase,RawTemp/FSig,BbSig,TSig: 241.0dbars 12.7012C 35.0059PSU / 1.5uM 12.727C 61.855 8.358 330.649 /   53  118  555
(Sep 08 2017 23:22:54,  411422 sec) Profile()            Sample 35 initiated at 181.3dbars for bin 36 [180dbars].  PTS/O2,T2,TPhase,RPhase,RawTemp/FSig,BbSig,TSig: 181.0dbars 15.2409C 34.9095PSU / 4.5uM 15.252C 60.883 8.408 247.818 /   52  117  552
(Sep 08 2017 23:28:00,  411729 sec) AscentControlAgent(  Bouyancy nudge to 95 (v=0.064dbar/sec).
(Sep 08 2017 23:28:01,  411729 sec) PistonMoveAbsWTO()    085->095 086 087 088 089 090 [30sec, 14.0Volts, 0.254Amps, CPT:2001sec]
(Sep 08 2017 23:28:41,  411769 sec) PistonMoveAbsWTO()    090->095 091 092 093 094 095 [25sec, 14.0Volts, 0.246Amps, CPT:2026sec]
(Sep 08 2017 23:32:47,  412015 sec) Profile()            Sample 39 initiated at 141.3dbars for bin 40 [140dbars].  PTS/O2,T2,TPhase,RPhase,RawTemp/FSig,BbSig,TSig: 141.3dbars 18.4405C 34.8640PSU / 4.9uM 18.447C 60.426 8.582 142.959 /   51  105  548
(Sep 08 2017 23:33:09,  412038 sec) AscentControlAgent(  Bouyancy nudge to 105 (v=0.069dbar/sec).
(Sep 08 2017 23:33:10,  412038 sec) PistonMoveAbsWTO()    095->105 096 097 098 099 100 [30sec, 14.0Volts, 0.242Amps, CPT:2056sec]
(Sep 08 2017 23:33:50,  412078 sec) PistonMoveAbsWTO()    100->105 101 102 103 104 105 [25sec, 14.0Volts, 0.242Amps, CPT:2081sec]
(Sep 08 2017 23:43:25,  412654 sec) AscentControlAgent(  Bouyancy nudge to 110 (v=0.033dbar/sec).
(Sep 08 2017 23:43:26,  412654 sec) PistonMoveAbsWTO()    105->110 106 107 108 109 110 [27sec, 14.1Volts, 0.238Amps, CPT:2108sec]
(Sep 08 2017 23:47:08,  412876 sec) Profile()            Sample 43 initiated at 101.9dbars for bin 44 [100dbars].  PTS/O2,T2,TPhase,RPhase,RawTemp/FSig,BbSig,TSig: 101.9dbars 22.5372C 34.6441PSU / 19.3uM 22.488C 55.892 8.694 11.559 /   88  108  541
(Sep 08 2017 23:48:30,  412959 sec) AscentControlAgent(  Bouyancy nudge to 115 (v=0.022dbar/sec).
(Sep 08 2017 23:48:31,  412959 sec) PistonMoveAbsWTO()    110->115 111 112 113 114 115 [28sec, 14.1Volts, 0.230Amps, CPT:2136sec]
(Sep 08 2017 23:53:35,  413264 sec) AscentControlAgent(  Bouyancy nudge to 120 (v=0.028dbar/sec).
(Sep 08 2017 23:53:36,  413264 sec) PistonMoveAbsWTO()    115->120 116 117 118 119 120 [27sec, 14.1Volts, 0.226Amps, CPT:2163sec]
(Sep 08 2017 23:58:44,  413573 sec) AscentControlAgent(  Bouyancy nudge to 125 (v=0.014dbar/sec).
(Sep 08 2017 23:58:45,  413573 sec) PistonMoveAbsWTO()    120->125 121 122 123 124 125 [27sec, 14.1Volts, 0.226Amps, CPT:2190sec]
(Sep 09 2017 00:03:49,  413878 sec) AscentControlAgent(  Bouyancy nudge to 130 (v=0.022dbar/sec).
(Sep 09 2017 00:03:50,  413878 sec) PistonMoveAbsWTO()    125->130 126 127 128 129 130 [27sec, 14.2Volts, 0.226Amps, CPT:2217sec]
(Sep 09 2017 00:08:49,  414178 sec) AscentControlAgent(  Bouyancy nudge to 135 (v=0.022dbar/sec).
(Sep 09 2017 00:08:50,  414178 sec) PistonMoveAbsWTO()    130->135 131 132 133 134 135 [27sec, 14.2Volts, 0.222Amps, CPT:2244sec]
(Sep 09 2017 00:13:54,  414483 sec) AscentControlAgent(  Bouyancy nudge to 140 (v=0.016dbar/sec).
(Sep 09 2017 00:13:55,  414483 sec) PistonMoveAbsWTO()    135->140 136 137 138 139 140 [27sec, 14.2Volts, 0.218Amps, CPT:2271sec]
(Sep 09 2017 00:19:03,  414792 sec) AscentControlAgent(  Bouyancy nudge to 145 (v=0.008dbar/sec).
(Sep 09 2017 00:19:04,  414792 sec) PistonMoveAbsWTO()    140->145 141 142 143 144 145 [27sec, 14.3Volts, 0.222Amps, CPT:2298sec]
(Sep 09 2017 00:24:12,  415101 sec) AscentControlAgent(  Bouyancy nudge to 150 (v=0.005dbar/sec).
(Sep 09 2017 00:24:13,  415101 sec) PistonMoveAbsWTO()    145->150 146 147 148 149 150 [27sec, 14.3Volts, 0.218Amps, CPT:2325sec]
(Sep 09 2017 00:26:45,  415253 sec) Profile()            Sample 47 initiated at 61.9dbars for bin 48 [60dbars].  PTS/O2,T2,TPhase,RPhase,RawTemp/FSig,BbSig,TSig: 61.9dbars 28.3977C 33.7380PSU / 177.0uM 28.377C 32.483 8.785 -174.189 /  219  151  531
(Sep 09 2017 00:29:17,  415406 sec) AscentControlAgent(  Bouyancy nudge to 155 (v=0.012dbar/sec).
(Sep 09 2017 00:29:18,  415406 sec) PistonMoveAbsWTO()    150->155 151 152 153 154 155 [26sec, 14.3Volts, 0.226Amps, CPT:2351sec]
(Sep 09 2017 00:34:25,  415714 sec) AscentControlAgent(  Bouyancy nudge to 160 (v=0.010dbar/sec).
(Sep 09 2017 00:34:26,  415714 sec) PistonMoveAbsWTO()    155->160 156 157 158 159 160 [27sec, 14.3Volts, 0.222Amps, CPT:2378sec]
(Sep 09 2017 00:39:31,  416020 sec) AscentControlAgent(  Bouyancy nudge to 165 (v=0.024dbar/sec).
(Sep 09 2017 00:39:32,  416020 sec) PistonMoveAbsWTO()    160->165 161 162 163 164 165 [26sec, 14.3Volts, 0.218Amps, CPT:2404sec]
(Sep 09 2017 00:44:39,  416328 sec) AscentControlAgent(  Bouyancy nudge to 170 (v=0.036dbar/sec).
(Sep 09 2017 00:44:40,  416328 sec) PistonMoveAbsWTO()    165->170 166 167 168 169 170 [27sec, 14.3Volts, 0.214Amps, CPT:2431sec]
(Sep 09 2017 00:46:02,  416410 sec) Profile()            Sample 51 initiated at 36.9dbars for bin 52 [35dbars].  PTS/O2,T2,TPhase,RPhase,RawTemp/FSig,BbSig,TSig: 36.8dbars 28.9149C 33.1938PSU / 221.4uM 28.940C 29.718 8.795 -191.462 /   70  142  528
(Sep 09 2017 00:54:46,  416935 sec) AscentControlAgent(  Bouyancy nudge to 175 (v=0.000dbar/sec).
(Sep 09 2017 00:54:47,  416935 sec) PistonMoveAbsWTO()    170->175 171 172 173 174 175 [26sec, 14.3Volts, 0.214Amps, CPT:2457sec]
(Sep 09 2017 00:59:49,  417238 sec) AscentControlAgent(  Bouyancy nudge to 180 (v=0.020dbar/sec).
(Sep 09 2017 00:59:50,  417238 sec) PistonMoveAbsWTO()    175->180 176 177 [15sec, 14.3Volts, 0.210Amps, CPT:2472sec]
(Sep 09 2017 01:00:14,  417263 sec) PistonMoveAbsWTO()    178->180 179 180 [11sec, 14.3Volts, 0.210Amps, CPT:2483sec]
(Sep 09 2017 01:01:31,  417339 sec) Profile()            Sample 55 initiated at 16.8dbars for bin 56 [15dbars].  PTS/O2,T2,TPhase,RPhase,RawTemp/FSig,BbSig,TSig: 16.8dbars 29.1663C 32.1355PSU / 223.4uM 29.214C 29.520 8.795 -199.822 /   58  135  527
(Sep 09 2017 01:04:53,  417542 sec) AscentControlAgent(  Bouyancy nudge to 185 (v=0.008dbar/sec).
(Sep 09 2017 01:04:54,  417542 sec) PistonMoveAbsWTO()    180->185 181 182 [15sec, 14.3Volts, 0.205Amps, CPT:2498sec]
(Sep 09 2017 01:05:18,  417567 sec) PistonMoveAbsWTO()    182->185 183 184 185 [11sec, 14.4Volts, 0.201Amps, CPT:2509sec]
(Sep 09 2017 01:10:02,  417851 sec) AscentControlAgent(  Bouyancy nudge to 190 (v=0.003dbar/sec).
(Sep 09 2017 01:10:03,  417851 sec) PistonMoveAbsWTO()    185->190 186 187 [15sec, 14.4Volts, 0.205Amps, CPT:2524sec]
(Sep 09 2017 01:10:27,  417876 sec) PistonMoveAbsWTO()    187->190 188 189 190 [11sec, 14.4Volts, 0.205Amps, CPT:2535sec]
(Sep 09 2017 01:15:11,  418160 sec) AscentControlAgent(  Bouyancy nudge to 195 (v=0.009dbar/sec).
(Sep 09 2017 01:15:12,  418160 sec) PistonMoveAbsWTO()    190->195 191 192 [15sec, 14.4Volts, 0.205Amps, CPT:2550sec]
(Sep 09 2017 01:15:36,  418185 sec) PistonMoveAbsWTO()    193->195 194 195 [11sec, 14.4Volts, 0.201Amps, CPT:2561sec]
(Sep 09 2017 01:16:34,  418242 sec) Profile()            Sample 56 initiated at 11.9dbars for bin 57 [10dbars].  PTS/O2,T2,TPhase,RPhase,RawTemp/FSig,BbSig,TSig: 11.7dbars 29.1315C 31.6501PSU / 223.6uM 29.162C 29.529 8.779 -198.238 /   57  133  527
(Sep 09 2017 01:20:16,  418465 sec) AscentControlAgent(  Bouyancy nudge to 200 (v=0.020dbar/sec).
(Sep 09 2017 01:20:17,  418465 sec) PistonMoveAbsWTO()    195->200 196 197 [15sec, 14.4Volts, 0.197Amps, CPT:2576sec]
(Sep 09 2017 01:20:42,  418490 sec) PistonMoveAbsWTO()    198->200 199 200 [11sec, 14.4Volts, 0.201Amps, CPT:2587sec]
(Sep 09 2017 01:21:39,  418547 sec) Profile()            Sample 57 initiated at 6.0dbars for bin 58 [4dbars].  PTS/O2,T2,TPhase,RPhase,RawTemp/FSig,BbSig,TSig: 5.9dbars 29.3539C 31.3352PSU / 222.8uM 29.383C 29.486 8.785 -204.966 /   58  131  527
(Sep 09 2017 01:22:05,  418573 sec) Profile()            Sample 58 initiated at 5.5dbars for bin 58 [4dbars].  PTS/O2,T2,TPhase,RPhase,RawTemp/FSig,BbSig,TSig: 5.3dbars 29.4074C 31.3123PSU / 222.5uM 29.433C 29.485 8.730 -206.485 /   57  128  527
(Sep 09 2017 01:22:31,  418599 sec) Profile()            Sample 59 initiated at 5.0dbars for bin 58 [4dbars].  PTS/O2,T2,TPhase,RPhase,RawTemp/FSig,BbSig,TSig: 4.9dbars 29.4141C 31.3104PSU / 222.4uM 29.446C 29.483 8.730 -206.875 /   57  128  527
(Sep 09 2017 01:22:57,  418625 sec) Profile()            Sample 59 initiated at 4.4dbars for bin 58 [4dbars].  PTS/O2,T2,TPhase,RPhase,RawTemp/FSig,BbSig,TSig: 4.5dbars 29.4253C 31.3066PSU / 222.2uM 29.464C 29.484 8.731 -207.440 /   57  127  526
(Sep 09 2017 01:23:10,  418639 sec) SurfaceDetect()      SurfacePressure:-0.2dbars Pressure:4.0dbars PistonPosition:200
(Sep 09 2017 01:23:11,  418640 sec) Sbe41cpStopCP()      Continuous profile stopped.
(Sep 09 2017 01:23:18,  418647 sec) PistonMoveAbsWTO()    200->222 201 202 203 204 205 206 207 208 209 210 211 212 213 214 215 216 217 218 219 220 221 222 [110sec, 14.3Volts, 0.177Amps, CPT:2697sec]
(Sep 09 2017 01:25:23,  418771 sec) sbe41cp.c:chat()     Expected string [S>] not received.
(Sep 09 2017 01:27:09,  418878 sec) Sbe41cpBinAverage()  Finished averaging 10105 samples in 101 seconds.
(Sep 09 2017 01:27:14,  418883 sec) Sbe41cpUploadCP()    Sbe41cpSerNo[08352] NSample[10105] NBin[249]
(Sep 09 2017 01:27:57,  418926 sec) Sbe41cpUploadCP()    Continuous profile uploaded [249 lines].

<EOT>

<EOT>
